D/MFSERIAL(  106): open mux11 device.
D/MFSERIAL(  106): Thread mux_reader_thread start: AT resp reader
D/MFSERIAL(  106): Thread mux_reader_thread start: Unsol resp reader
D/TextLayoutCache(   96): Using debug level: 0 - Debug Enabled: 0
W/Zygote  (   96): Class not found for preloading: android.media.AudioManager$2
V/AudioPolicyManagerBase(   98): initStreamVolume() stream 1, min 0, max 7
V/AudioPolicyManagerBase(   98): setStreamVolumeIndex() stream 1, index 4
V/AudioPolicyManagerALSA(   98): setStreamVolume() for output 1 stream 1, volume 0.251189, delay 0
V/AudioPolicyService(   98): inserting command: 2 at index 0, num commands 0
V/AudioPolicyService(   98): AudioCommandThread() adding set volume stream 1, volume 0.251189, output 1
V/AudioPolicyService(   98): AudioCommandThread() waking up
V/AudioPolicyService(   98): AudioCommandThread() processing set volume stream 1,                             volume 0.251189, output 1
V/AudioPolicyService(   98): AudioCommandThread() going to sleep
V/SamsungPowerSound(  172): power sound system volume index [4]
V/MediaPlayer(  172): constructor
V/AudioFlinger(   98): registerClient() client 0x1a3e470, pid 172
V/AudioFlinger(   98): sendConfigEvent() num events 1 event 0, param 0
V/AudioFlinger(   98): MixerThread 0x1a2c770 TID 218 waking up
W/AudioFlinger(   98): Thread AudioOut_1 cannot connect to the power manager service
V/AudioFlinger(   98): processConfigEvents() remaining events 1
V/AudioFlinger(   98): PlaybackThread::audioConfigChanged_l, thread 0x1a2c770, event 0, param 0
W/AudioHardwareALSA(   98): alsa CTS latency lowered to 9000 from 21768
V/AudioFlinger(   98): acquiring 2 from 172
V/AudioFlinger(   98):  added new entry for 2
E/SamsungPowerSound(  172): -------- SamsungPowerSoundObserver Constuctor ---------
E/SamsungPowerSound(  172): -------- SamsungPowerSoundPlayerListener Constuctor ---------
V/MediaPlayer(  172): setListener
V/SamsungPowerSound(  172): File path : system/media/audio/ui/PowerOn.ogg
V/MediaPlayerService(   98): Client(1) constructor
V/MediaPlayerService(   98): Create new client(1) from pid 172, uid 1013, 
V/MediaPlayerService(   98): player type = 3
V/MediaPlayerService(   98):  create StagefrightPlayer
E/SamsungPowerSound(  172): Enter SamsungPowerSoundObserver Thread
V/AwesomePlayer(   98): setDefault
V/AwesomePlayer(   98): constructor
V/AwesomePlayer(   98): setDefault
I/AwesomePlayer(   98): reset
I/AwesomePlayer(   98): cancel player events
V/AwesomePlayer(   98): mAudioTrackVector clear
I/AwesomePlayer(   98): --mSystemTimeSourceForSync reset ok
V/AwesomePlayer(   98): setListener
V/AwesomePlayer(   98): AwesomePlayer running on behalf of uid 1013
V/AudioSink(   98): AudioOutput(2)
V/StagefrightPlayer(   98): setAudioSink
V/AwesomePlayer(   98): setAudioSink
V/MediaPlayerService(   98):  setDataSource
I/AwesomePlayer(   98): cancel player events
V/AwesomePlayer(   98): mAudioTrackVector clear
I/AwesomePlayer(   98): --mSystemTimeSourceForSync reset ok
V/AwesomePlayer(   98): setDataSource_l(URL suppressed)
V/MediaPlayer(  172): MediaPlayer::setAudioStreamType
V/MediaPlayer(  172): prepare
V/MediaPlayerService(   98): [1] setAudioStreamType(1)
V/MediaPlayerService(   98): [1] prepareAsync
V/StagefrightPlayer(   98): prepareAsync
V/AwesomePlayer(   98): prepareAsync
V/AwesomePlayer(   98): onPrepareAsyncEvent
I/MediaExtractor(   98): Autodetected media content as 'application/ogg' with confidence 0.20
V/AwesomePlayer(   98): track of type 'audio/vorbis' does not publish bitrate
V/AwesomePlayer(   98): mBitrate = -1 bits/sec
V/AwesomePlayer(   98): current audio track (0)
V/AwesomePlayer(   98): current audio track (0) is added to vector[0]
V/AwesomePlayer(   98): setDataSource_l: Audio(1), Video(0)
I/AwesomePlayer(   98): AwesomePlayer::setDataSource_l():: This is not a DRM content
I/AwesomePlayer(   98): initAudioDecoder start
V/AwesomePlayer(   98): notifyListner_l() msg (5-MEDIA_SET_VIDEO_SIZE), ext1 (0), ext2 (0)
V/MediaPlayerService(   98): [1] notify (0x1a432f0, 5, 0, 0)
V/MediaPlayer(  172): message received msg=5, ext1=0, ext2=0
V/MediaPlayer(  172): New video size 0 x 0
V/MediaPlayer(  172): callback application
V/SamsungPowerSound(  172): msg=5, ext1=0, ext2=0
E/SamsungPowerSound(  172): Power sound play exception
V/MediaPlayer(  172): back from callback
V/AwesomePlayer(   98): notifyListner_l() msg (1-MEDIA_PREPARED), ext1 (0), ext2 (0)
V/MediaPlayerService(   98): [1] notify (0x1a432f0, 1, 0, 0)
V/MediaPlayer(  172): message received msg=1, ext1=0, ext2=0
V/MediaPlayer(  172): prepared
V/MediaPlayer(  172): signal application thread
V/MediaPlayer(  172): callback application
V/SamsungPowerSound(  172): msg=1, ext1=0, ext2=0
V/SamsungPowerSound(  172): Power sound playback dummy event
V/MediaPlayer(  172): back from callback
V/MediaPlayer(  172): prepare complete - status=0
V/AudioPolicyManagerBase(   98): getParamFromPolicy  deviceInt = 1, situationInt = 8, situationVolume = 0.500000
E/SamsungPowerSound(  172): getSettingVolume [0.500000]
V/MediaPlayer(  172): MediaPlayer::setVolume(0.500000, 0.500000)
V/MediaPlayerService(   98): [1] setVolume(0.500000, 0.500000)
V/AudioSink(   98): setVolume(0.500000, 0.500000)
V/MediaPlayer(  172): getDuration
V/MediaPlayerService(   98): getDuration
V/StagefrightPlayer(   98): getDuration
V/AwesomePlayer(   98): getDuration (4825396)
V/MediaPlayerService(   98): [1] getDuration = 4825
V/SamsungPowerSound(  172): File duration : 4825
V/MediaPlayerService(   98): [1] setLooping(0)
V/StagefrightPlayer(   98): setLooping (0)
V/AwesomePlayer(   98): setLooping (0)
V/MediaPlayerService(   98): [1] setVolume(0.500000, 0.500000)
V/AudioSink(   98): setVolume(0.500000, 0.500000)
V/MediaPlayerService(   98): [1] setAuxEffectSendLevel(0.000000)
V/AudioSink(   98): setAuxEffectSendLevel(0.000000)
V/MediaPlayerService(   98): [1] start
V/StagefrightPlayer(   98): setLooping (0)
V/AwesomePlayer(   98): setLooping (0)
V/StagefrightPlayer(   98): start
V/AwesomePlayer(   98): play
I/AwesomePlayer(   98): AwesomePlayer::play_l():: this is not widevine!! 
I/AwesomePlayer(   98): AwesomePlayer::play_l():: This is not a DRM content
V/AudioSink(   98): open(44100, 2, 1, 4, 2)
V/AudioPolicyService(   98): getOutput() tid 221
V/audio_policy_sprd(   98): audio_io_handle_t android::ap_get_output(audio_policy*, audio_stream_type_t, uint32_t, uint32_t, uint32_t, audio_policy_output_flags_t): tid 221
V/AudioPolicyManagerBase(   98): getDeviceForStrategy() from cache strategy 0, device 2
V/AudioPolicyManagerBase(   98): getOutput() stream 1, samplingRate 0, format 0, channels 3, flags 0
D/AudioPolicyManagerBase(   98): AudioPolicyManager::getOutput tmsDevice 0 device 2
V/AudioPolicyManagerBase(   98): getOutput() using hw output 1 devices 2
V/AudioSink(   98): Creating AudioTrack for Reverb - 0
V/AudioFlinger(   98): createTrack() sessionId: 2
V/AudioFlinger(   98): createTrack() lSessionId: 2
V/AudioFlinger(   98): Track constructor name 4096, calling thread 172
V/AudioFlinger(   98): acquiring 2 from 172
V/AudioFlinger(   98):  incremented refcount to 2
V/AudioSink(   98): setVolume
V/AudioSink(   98): start
V/AudioFlinger(   98): start(4096), calling thread 172 session 2
V/AudioFlinger(   98): ? => ACTIVE (4096) on thread 0x1a56a50
V/AudioPolicyService(   98): startOutput() tid 221
V/AudioPolicyManagerBase(   98): startOutput() output 1, stream 1, session 2
V/AudioPolicyManagerBase(   98): getDeviceForStrategy() from cache strategy 0, device 2
V/AudioPolicyManagerBase(   98): changeRefCount() stream 1, count 1
V/AudioPolicyManagerBase(   98): getDeviceForStrategy() from cache strategy 0, device 2
V/AudioPolicyManagerBase(   98): getNewDevice() selected device 2
V/AudioPolicyManagerALSA(   98): AudioPolicyManagerBase::setOutputDevice() output 1 device 2 delayMs 0
V/AudioPolicyManagerALSA(   98): setOutputDevice() setting same device 2 or null device for output 1
D/AudioPolicyManagerALSA(   98): startOutput() output=1, stream=1, session=2, phoneState=0
E/AudioFlinger(   98): addTrack_l streamType (4)
E/AudioFlinger(   98): addTrack_l streamType (0, 1) for mStreamTypes[stream].volume[0.251189]
D/AudioHardwareALSA(   98): ALSAStreamOps::setParameters() start_output_streamtype=1;start_output_streamvol=4
E/AudioHardwareALSA(   98): organ_volIndex=4
E/AudioHardwareALSA(   98): organ_streamIndex=1
E/AudioHardwareALSA(   98): setOrgan() 1,OnOff[1],volume[4]
W/ALSAModule(   98): audio_tune_hw4app_register tat=[12] volume_type=[0] volume_level=[4]
W/ALSAModule(   98): audio_tune_hw4app_policy bitmap=0x00001000 is 12
W/ALSAModule(   98): audio_tune_hw4app_write2hardware can't locate the right mFactoryRouteRCVMode [0]
W/ALSAModule(   98): audio_tune_hw4app_write2hardware will apply [12,music] vol_type0, vol_level4, eq_type0, device_mode3 to audio hardware
E/AudioHardwareALSA(   98): setOrgan=1
V/AudioFlinger(   98): mWaitWorkCV.broadcast
I/AudioMixer(   98): setParameter(TRACK, FORMAT, 1)
W/AudioHardwareALSA(   98): alsa-phone ringtone special process, speaker to 1 now [data 3840 bytes]
I/dalvikvm(   96): threadid=6: recursive native library load attempt (/system/lib/libmedia_jni.so)
D/MtpDeviceJNI(   96): register_android_mtp_MtpDevice
I/dalvikvm(   96): threadid=6: recursive native library load attempt (/system/lib/libmedia_jni.so)
I/dalvikvm(   96): threadid=6: recursive native library load attempt (/system/lib/libmedia_jni.so)
W/Zygote  (   96): Class not found for preloading: android.media.IRemoteControlClientDispatcher
W/Zygote  (   96): Class not found for preloading: android.media.IRemoteControlClientDispatcher$Stub
V/BluetoothEventLoop.cpp(   96): classInitNative
V/BluetoothService.cpp(   96): classInitNative
D/dalvikvm(   96): GC_FOR_ALLOC freed 388K, 41% free 1516K/2560K, paused 16ms
W/Zygote  (   96): Class not found for preloading: android.text.TextDirectionHeuristics$CharCount
W/Zygote  (   96): Class not found for preloading: android.text.method.WordIterator$1
E/DataRouter(  109): write [7] bytes of data to USB fd[13]
E/DataRouter(  109): [socket:17]dr_usb_write
I/dalvikvm(   96): threadid=6: recursive native library load attempt (/system/lib/libwebcore.so)
D/dalvikvm(   96): No JNI_OnLoad found in /system/lib/libchromium_net.so 0x0, skipping init
D/dalvikvm(   96): GC_FOR_ALLOC freed 72K, 24% free 1955K/2560K, paused 20ms
W/Zygote  (   96): Class not found for preloading: android.widget.EdgeGlow
I/System  (   96): Loaded time zone names for  in 2793ms (2755ms in ICU)
E/DataRouter(  109): After the usb select 
E/DataRouter(  109): read usb data[len:1]
E/DataRouter(  109): read usb data message:A
E/DataRouter(  109): Before the usb select 
E/SMD     (   90): ***Received data notification[DR->SMD]***
E/SMD     (   90): Message:A
E/SMD     (   90): Sending data to SMD: Len = [1]
E/SMD     (   90):  buffer = [A]
E/SMD     (   90): Wrote 1 chars to SMD PORT fd=11 ch = 41
E/DataRouter(  109): After the usb select 
E/DataRouter(  109): read usb data[len:1]
E/DataRouter(  109): read usb data message:T
E/DataRouter(  109): Before the usb select 
E/SMD     (   90): ***Received data notification[DR->SMD]***
E/SMD     (   90): Message:T
E/SMD     (   90): Sending data to SMD: Len = [1]
E/SMD     (   90):  buffer = [T]
E/SMD     (   90): Wrote 1 chars to SMD PORT fd=11 ch = 54
E/DataRouter(  109): After the usb select 
E/DataRouter(  109): read usb data[len:1]
E/DataRouter(  109): read usb data message:
E/DataRouter(  109): Before the usb select 
E/SMD     (   90): ***Received data notification[DR->SMD]***
E/SMD     (   90): Message:
E/SMD     (   90): Sending data to SMD: Len = [1]
E/SMD     (   90):  buffer = []
E/SMD     (   90): Wrote 1 chars to SMD PORT fd=11 ch = d
E/SMD     (   90): After the Modem Read select 
E/SMD     (   90): Read 7 chars from SMD Modem file fd = 11
E/SMD     (   90):  Message: desterr
E/SMD     (   90): Before the Modem Read select 
E/DataRouter(  109): [socket:17]******* Received data notification *******
E/DataRouter(  109): [socket:17]read socket data[len:7]
E/DataRouter(  109): [socket:17]read socket data[message:desterr
E/DataRouter(  109): write [7] bytes of data to USB fd[13]
E/DataRouter(  109): [socket:17]dr_usb_write
E/PhonePolicy(   96): Could not preload class for phone policy: com.android.internal.policy.impl.PhoneWindow$ContextMenuCallback
I/Zygote  (   96): ...preloaded 1500 classes in 3904ms.
E/SamsungPowerSound(  172): -------- SamsungPowerSoundPlayer Destructor ---------
D/dalvikvm(   96): GC_FOR_ALLOC freed 249K, 14% free 2217K/2560K, paused 43ms
I/System  (   96): Loaded time zone names for en_US in 1518ms (1508ms in ICU)
E/OMXCodec(   98): [OMX.google.vorbis.decoder] err = -1011
V/AwesomePlayer(   98): MEDIA_PLAYBACK_COMPLETE
V/AwesomePlayer(   98): notifyListner_l() msg (2-MEDIA_PLAYBACK_COMPLETE), ext1 (0), ext2 (0)
V/MediaPlayerService(   98): [1] notify (0x1a432f0, 2, 0, 0)
V/MediaPlayer(  172): message received msg=2, ext1=0, ext2=0
V/MediaPlayer(  172): playback complete
V/MediaPlayer(  172): callback application
V/SamsungPowerSound(  172): msg=2, ext1=0, ext2=0
E/SamsungPowerSound(  172): Power sound playback complete
E/SamsungPowerSound(  172): -------- SamsungPowerSoundObserver : requestExit ---------
E/SamsungPowerSound(  172): -------- SamsungPowerSoundObserver Destructor ---------
V/MediaPlayer(  172): disconnect
V/MediaPlayerService(   98): disconnect(1) from pid 172
V/StagefrightPlayer(   98): reset
V/AudioSink(   98): stop
V/AudioFlinger(   98): stop(4096), calling thread 98
V/AudioFlinger(   98): (> STOPPED) => STOPPED (4096) on thread 0x1a2c770
V/AudioPolicyService(   98): stopOutput() tid 228
D/AudioPolicyManagerALSA(   98): stopOutput() output=1, stream=1, sesssion=2
V/AudioPolicyManagerBase(   98): stopOutput() output 1, stream 1, session 2
V/AudioPolicyManagerBase(   98): changeRefCount() stream 1, count 0
V/AudioPolicyManagerBase(   98): getNewDevice() selected device 0
V/AudioPolicyManagerALSA(   98): AudioPolicyManagerBase::setOutputDevice() output 1 device 0 delayMs 18
V/AudioPolicyManagerALSA(   98): setOutputDevice() setting same device 0 or null device for output 1
I/AwesomePlayer(   98): reset
I/AwesomePlayer(   98): cancel player events
V/AwesomePlayer(   98): mAudioTrackVector clear
V/AudioSink(   98): stop
I/AudioSink(   98): +++ close
V/AudioPolicyService(   98): releaseOutput() tid 98
V/AudioPolicyManagerBase(   98): releaseOutput() 1
V/AudioFlinger(   98): releasing 2 from 172
V/AudioFlinger(   98):  decremented refcount to 1
I/AudioSink(   98): --- close
I/OMXCodec(   98): [OMX.google.vorbis.decoder] stop() sendCommand(0x1, OMX_CommandStateSet, OMX_StateIdle)
I/OMXCodec(   98): [OMX.google.vorbis.decoder] stopped in state 1
I/AwesomePlayer(   98): --mSystemTimeSourceForSync reset ok
V/StagefrightPlayer(   98): ~StagefrightPlayer
V/StagefrightPlayer(   98): reset
I/AwesomePlayer(   98): reset
I/AwesomePlayer(   98): cancel player events
V/AwesomePlayer(   98): mAudioTrackVector clear
I/AwesomePlayer(   98): --mSystemTimeSourceForSync reset ok
V/AwesomePlayer(   98): destructor
I/AwesomePlayer(   98): reset
I/AwesomePlayer(   98): cancel player events
V/AwesomePlayer(   98): mAudioTrackVector clear
I/AwesomePlayer(   98): --mSystemTimeSourceForSync reset ok
V/AwesomePlayer(   98): ~AwesomePlayer()
E/SamsungPowerSound(  172): Power sound playback complete, set bootsnd property to 0
V/MediaPlayer(  172): back from callback
V/MediaPlayer(  172): destructor
V/AudioFlinger(   98): releasing 2 from 172
V/AudioFlinger(   98):  decremented refcount to 0
V/AudioFlinger(   98): purging stale effects
V/MediaPlayerService(   98): Client(1) destructor pid = 172
I/AudioSink(   98): +++ close
I/AudioSink(   98): --- close
V/MediaPlayerService(   98): disconnect(1) from pid 172
V/MediaPlayer(  172): disconnect
E/SamsungPowerSound(  172): -------- SamsungPowerSoundPlayerListener Destructor ---------
I/System  (   96): Loaded time zone names for zh_CN in 1144ms (1116ms in ICU)
V/AudioFlinger(   98): remove track (4096) and delete from mixer
V/AudioFlinger(   98): PlaybackThread::Track destructor
V/AudioFlinger(   98): removeClient_l() pid 98, tid 218, calling tid 98
D/dalvikvm(   96): GC_FOR_ALLOC freed 368K, 14% free 2379K/2755K, paused 22ms
I/Zygote  (   96): ...preloaded 2307 classes in 6234ms.
I/Zygote  (   96): !@EndofpreloadClasses()
E/DataRouter(  109): After the usb select 
E/DataRouter(  109): read usb data[len:5]
E/DataRouter(  109): read usb data message:~
E/DataRouter(  109): Before the usb select 
E/SMD     (   90): ***Received data notification[DR->SMD]***
E/SMD     (   90): Path set is DATA_PATH_DR_SMD_MANAGER
D/dalvikvm(   96): GC_EXPLICIT freed 526K, 19% free 2345K/2883K, paused 2ms+2ms
D/dalvikvm(   96): GC_EXPLICIT freed 7K, 19% free 2338K/2883K, paused 2ms+2ms
D/dalvikvm(   96): GC_EXPLICIT freed <1K, 19% free 2338K/2883K, paused 4ms+2ms
I/dalvikvm(   96): System server process 234 has been created
I/Zygote  (   96): Accepting command socket connections
E/BootTime(  234): Exiting Thread
E/BootTime(  234): java.lang.ArrayIndexOutOfBoundsException: length=70; index=78
E/BootTime(  234): 	at com.android.server.pm.PackageManagerService$1.run(PackageManagerService.java:640)
E/BootTime(  234): 	at java.lang.Thread.run(Thread.java:856)
W/PackageParser(  234): No actions in intent filter at /system/app/Contacts.apk Binary XML file line #297
W/PackageParser(  234): No actions in intent filter at /system/app/Contacts.apk Binary XML file line #410
D/dalvikvm(  234): GC_CONCURRENT freed 92K, 20% free 2676K/3335K, paused 8ms+2ms
I/sysproc (  234): !@beginofsystem_init1()
I/sysproc (  234): Entered system_init()
I/sysproc (  234): ServiceManager: 0x68f518
D/SensorService(  234): nuSensorService starting...
I/SensorService(  234): BMA222E / KXTJ2 Acceleration Sensor
I/SensorService(  234): GP2A_PROX
I/RemoteDesktopService(  234): RemoteDesktopService started (pid=234)
I/sysproc (  234): System server: starting Android runtime.
I/sysproc (  234): System server: starting Android services.
I/sysproc (  234): !@endofsystem_init1()
I/SystemServer(  234): Entered the Android system server!
D/SensorService(  234): nuSensorService thread starting...
I/sysproc (  234): System server: entering thread pool.
I/SystemServer(  234): !@SystemServer Thread begins...
I/SystemServer(  234): Entropy Service
I/SystemServer(  234): Power Manager
I/SystemServer(  234): Activity Manager
I/ActivityManager(  234): Memory class: 64
V/AudioFlinger(   98): Audio hardware entering standby, mixer 0x1a2c770, mSuspended 0
D/LVVE_Engine(   98): LVVEFS_Rx_Command LVVEFS_COMMAND_RESET returns success
W/AudioHardwareALSA(   98): AudioStreamOutALSA::standby snd_pcm_drain start ...
W/AudioHardwareALSA(   98): AudioStreamOutALSA::standby snd_pcm_drain finish ...
V/AudioFlinger(   98): MixerThread 0x1a2c770 TID 218 going to sleep
D/PHONESERVER(  146): async_symlink finished /dev/pts/0 /dev/CHNPTY0
D/PHONESERVER(  146): chnmng_find_buffer!
D/PHONESERVER(  146): CHNMNG:to open /dev/ptmx !
D/PHONESERVER(  146): CHNMNG:/dev/ptmx opened!
D/PHONESERVER(  146): CHNMNG:/dev/ptmx opened rett=0 ptn=2!
D/PHONESERVER(  146): CHNMNG get pty OK mpty=39!
D/PHONESERVER(  146): async_symlink /dev/pts/2 /dev/CHNPTY1
I/SystemServer(  234): Telephony Registry
D/TelephonyRegistry(  234): Block apn list: []
I/SystemServer(  234): Package Manager
I/SystemServer(  234): !@beginofPackageManager
D/dalvikvm(  234): GC_CONCURRENT freed 602K, 26% free 3195K/4295K, paused 2ms+2ms
D/dalvikvm(  234): GC_FOR_ALLOC freed 403K, 29% free 3059K/4295K, paused 14ms
D/dalvikvm(  234): GC_CONCURRENT freed 370K, 29% free 3083K/4295K, paused 2ms+4ms
E/DataRouter(  109): After the usb select 
E/DataRouter(  109): read usb data[len:5]
E/DataRouter(  109): read usb data message:~
E/DataRouter(  109): Before the usb select 
E/SMD     (   90): ***Received data notification[DR->SMD]***
E/SMD     (   90): Path set is DATA_PATH_DR_SMD_MANAGER
W/PackageManager(  234): Library not found: /system/framework/com.samsung.ims.jar
W/PackageManager(  234): Library not found: /system/framework/com.samsung.commonimsinterface.jar
I/dalvikvm(  234): Zip is good, but no classes.dex inside, and no .odex file in the same directory
W/PackageManager(  234): Exception reading jar: /system/framework/framework-res-yi.apk
W/PackageManager(  234): java.io.IOException: /system/framework/framework-res-yi.apk
W/PackageManager(  234): 	at dalvik.system.DexFile.isDexOptNeeded(Native Method)
W/PackageManager(  234): 	at com.android.server.pm.PackageManagerService.<init>(PackageManagerService.java:1321)
W/PackageManager(  234): 	at com.android.server.pm.PackageManagerService.main(PackageManagerService.java:1110)
W/PackageManager(  234): 	at com.android.server.ServerThread.run(SystemServer.java:220)
I/dalvikvm(  234): Zip is good, but no classes.dex inside, and no .odex file in the same directory
W/PackageManager(  234): Exception reading jar: /system/framework/twframework-res.apk
W/PackageManager(  234): java.io.IOException: /system/framework/twframework-res.apk
W/PackageManager(  234): 	at dalvik.system.DexFile.isDexOptNeeded(Native Method)
W/PackageManager(  234): 	at com.android.server.pm.PackageManagerService.<init>(PackageManagerService.java:1321)
W/PackageManager(  234): 	at com.android.server.pm.PackageManagerService.main(PackageManagerService.java:1110)
W/PackageManager(  234): 	at com.android.server.ServerThread.run(SystemServer.java:220)
I/PackageManager(  234): |XXXXXX|XXXXXXXXX|XXXXXXXXXXXXXXXXX changed; collecting certs
D/PHONESERVER(  146): async_symlink finished /dev/pts/2 /dev/CHNPTY1
D/PHONESERVER(  146): chnmng_find_buffer!
D/PHONESERVER(  146): CHNMNG:to open /dev/ptmx !
D/PHONESERVER(  146): CHNMNG:/dev/ptmx opened!
D/PHONESERVER(  146): CHNMNG:/dev/ptmx opened rett=0 ptn=3!
D/PHONESERVER(  146): CHNMNG get pty OK mpty=41!
D/PHONESERVER(  146): async_symlink /dev/pts/3 /dev/CHNPTY2
D/dalvikvm(  234): GC_CONCURRENT freed 581K, 24% free 3557K/4679K, paused 2ms+3ms
D/dalvikvm(  234): GC_CONCURRENT freed 135K, 16% free 3934K/4679K, paused 2ms+2ms
D/dalvikvm(  234): GC_CONCURRENT freed 135K, 14% free 4300K/4999K, paused 1ms+18ms
D/dalvikvm(  234): GC_CONCURRENT freed 679K, 21% free 4904K/6151K, paused 2ms+1ms
D/dalvikvm(  234): GC_FOR_ALLOC freed 148K, 19% free 5031K/6151K, paused 73ms
I/dalvikvm-heap(  234): Grow heap (frag case) to 5.689MB for 260112-byte allocation
D/dalvikvm(  234): GC_FOR_ALLOC freed 126K, 20% free 5159K/6407K, paused 30ms
D/dalvikvm(  234): GC_FOR_ALLOC freed 254K, 22% free 5415K/6919K, paused 55ms
D/PHONESERVER(  146): async_symlink finished /dev/pts/3 /dev/CHNPTY2
D/PHONESERVER(  146): chnmng_find_buffer!
D/PHONESERVER(  146): CHNMNG:to open /dev/ptmx !
D/PHONESERVER(  146): CHNMNG:/dev/ptmx opened!
D/PHONESERVER(  146): CHNMNG:/dev/ptmx opened rett=0 ptn=4!
D/PHONESERVER(  146): CHNMNG get pty OK mpty=43!
D/PHONESERVER(  146): async_symlink /dev/pts/4 /dev/CHNPTY3
D/dalvikvm(  234): GC_FOR_ALLOC freed 509K, 26% free 5926K/7943K, paused 56ms
D/dalvikvm(  234): GC_FOR_ALLOC freed 1266K, 31% free 5699K/8199K, paused 38ms
D/dalvikvm(  234): GC_FOR_ALLOC freed 254K, 28% free 5953K/8199K, paused 44ms
I/dalvikvm-heap(  234): Grow heap (frag case) to 7.335MB for 1042468-byte allocation
D/dalvikvm(  234): GC_CONCURRENT freed 508K, 22% free 6463K/8199K, paused 1ms+2ms
D/dalvikvm(  234): GC_FOR_ALLOC freed 1259K, 29% free 6238K/8775K, paused 64ms
D/dalvikvm(  234): GC_FOR_ALLOC freed 254K, 27% free 6492K/8775K, paused 29ms
I/dalvikvm-heap(  234): Grow heap (frag case) to 7.861MB for 1042468-byte allocation
D/dalvikvm(  234): GC_CONCURRENT freed 508K, 29% free 7002K/9799K, paused 2ms+2ms
I/SurfaceFlinger(   95): id=1 Removed <pid_170? idx=0 Map Size=0
I/SurfaceFlinger(   95): id=1 Removed <pid_170? idx=-2 Map Size=0
D/PHONESERVER(  146): async_symlink finished /dev/pts/4 /dev/CHNPTY3
D/PHONESERVER(  146): chnmng_find_buffer!
D/PHONESERVER(  146): CHNMNG:to open /dev/ptmx !
D/PHONESERVER(  146): CHNMNG:/dev/ptmx opened!
D/PHONESERVER(  146): CHNMNG:/dev/ptmx opened rett=0 ptn=5!
D/PHONESERVER(  146): CHNMNG get pty OK mpty=45!
D/PHONESERVER(  146): async_symlink /dev/pts/5 /dev/CHNPTY12
D/dalvikvm(  234): GC_CONCURRENT freed 1339K, 22% free 7710K/9799K, paused 1ms+3ms
D/dalvikvm(  234): GC_CONCURRENT freed 287K, 11% free 8766K/9799K, paused 1ms+5ms
D/dalvikvm(  234): GC_CONCURRENT freed 328K, 9% free 10026K/10951K, paused 2ms+3ms
D/PHONESERVER(  146): async_symlink finished /dev/pts/5 /dev/CHNPTY12
D/PHONESERVER(  146): chnmng_find_buffer!
D/PHONESERVER(  146): CHNMNG:to open /dev/ptmx !
D/PHONESERVER(  146): CHNMNG:/dev/ptmx opened!
D/PHONESERVER(  146): CHNMNG:/dev/ptmx opened rett=0 ptn=6!
D/PHONESERVER(  146): CHNMNG get pty OK mpty=47!
D/PHONESERVER(  146): async_symlink /dev/pts/6 /dev/CHNPTY13
D/dalvikvm(  234): GC_CONCURRENT freed 1438K, 16% free 10636K/12615K, paused 1ms+3ms
D/dalvikvm(  234): GC_CONCURRENT freed 455K, 8% free 12260K/13255K, paused 2ms+3ms
I/BootTime(  234): Fail Safe scanning for:|XXXXXX|XXXXXXXXX|XXXXXXXXXXXXXXXXXXX
W/PackageParser(  234): /system/framework/twframework-res.apk (at Binary XML file line #2): <manifest haha> specifies bad package name "touchwiz": must have at least one '.' separator
I/BootTime(  234): Fail Safe scanning for:|XXXXXX|XXX|XXXXXXXXXXXXXXXXXX
D/PHONESERVER(  146): async_symlink finished /dev/pts/6 /dev/CHNPTY13
D/PHONESERVER(  146): chnmng_find_buffer!
D/PHONESERVER(  146): chnmng_mux thread: policy=0!
D/PHONESERVER(  146): chnmng_mux thread: policy=0!
D/PHONESERVER(  146): chnmng_mux thread: policy=0!
D/PHONESERVER(  146): chnmng_mux thread: policy=0!
D/PHONESERVER(  146): chnmng_mux thread: policy=0!
D/PHONESERVER(  146): chnmng_mux thread: policy=0!
D/PHONESERVER(  146): chnmng_mux thread: policy=0!
D/PHONESERVER(  146): chnmng_mux thread: policy=0!
D/PHONESERVER(  146): chnmng_mux thread: policy=0!
D/PHONESERVER(  146): chnmng_mux thread: policy=0!
D/PHONESERVER(  146): chnmng_pty thread: policy=0!
D/PHONESERVER(  146): chnmng_pty thread: policy=0!
D/PHONESERVER(  146): chnmng_pty thread: policy=0!
D/PHONESERVER(  146): chnmng_pty thread: policy=0!
D/PHONESERVER(  146): chnmng_pty thread: policy=0!
D/PHONESERVER(  146): chnmng_pty thread: policy=0!
D/PHONESERVER(  146): Send thread's TID [298] enter send data thread :pty=/dev/CHNPTY0
D/PHONESERVER(  146): Send thread's TID [299] enter send data thread :pty=/dev/CHNPTY1
D/PHONESERVER(  146): Send thread's TID [300] enter send data thread :pty=/dev/CHNPTY2
D/PHONESERVER(  146): Send thread's TID [301] enter send data thread :pty=/dev/CHNPTY3
D/PHONESERVER(  146): Send thread's TID [302] enter send data thread :pty=/dev/CHNPTY12
D/PHONESERVER(  146): Send thread's TID [303] enter send data thread :pty=/dev/CHNPTY13
D/PHONESERVER(  146): Receive thread's TID [297] CHMNG: enter receive data thread :mux=/dev/ts0710mux10
D/PHONESERVER(  146): Receive thread's TID [297] MUX :/dev/ts0710mux10 Waiting for resp  
D/PHONESERVER(  146): Receive thread's TID [296] CHMNG: enter receive data thread :mux=/dev/ts0710mux9
D/PHONESERVER(  146): Receive thread's TID [296] MUX :/dev/ts0710mux9 Waiting for resp  
D/PHONESERVER(  146): Receive thread's TID [295] CHMNG: enter receive data thread :mux=/dev/ts0710mux8
D/PHONESERVER(  146): Receive thread's TID [295] MUX :/dev/ts0710mux8 Waiting for resp  
D/PHONESERVER(  146): Receive thread's TID [294] CHMNG: enter receive data thread :mux=/dev/ts0710mux7
D/PHONESERVER(  146): Receive thread's TID [294] MUX :/dev/ts0710mux7 Waiting for resp  
D/PHONESERVER(  146): Receive thread's TID [293] CHMNG: enter receive data thread :mux=/dev/ts0710mux6
D/PHONESERVER(  146): Receive thread's TID [293] MUX :/dev/ts0710mux6 Waiting for resp  
D/PHONESERVER(  146): Receive thread's TID [292] CHMNG: enter receive data thread :mux=/dev/ts0710mux5
D/PHONESERVER(  146): Receive thread's TID [292] MUX :/dev/ts0710mux5 Waiting for resp  
D/PHONESERVER(  146): Receive thread's TID [291] CHMNG: enter receive data thread :mux=/dev/ts0710mux4
D/PHONESERVER(  146): Receive thread's TID [291] MUX :/dev/ts0710mux4 Waiting for resp  
D/PHONESERVER(  146): Receive thread's TID [290] CHMNG: enter receive data thread :mux=/dev/ts0710mux3
D/PHONESERVER(  146): Receive thread's TID [290] MUX :/dev/ts0710mux3 Waiting for resp  
D/PHONESERVER(  146): Receive thread's TID [289] CHMNG: enter receive data thread :mux=/dev/ts0710mux2
D/PHONESERVER(  146): Receive thread's TID [289] MUX :/dev/ts0710mux2 Waiting for resp  
D/PHONESERVER(  146): Receive thread's TID [288] CHMNG: enter receive data thread :mux=/dev/ts0710mux1
D/PHONESERVER(  146): Receive thread's TID [288] MUX :/dev/ts0710mux1 Waiting for resp  
I/BootTime(  234): Fail Safe scanning for:|XXXXXX|XXX|XXXXXXXXXXXXXXXXXXXXXX
I/BootTime(  234): Fail Safe scanning for:|XXXXXX|XXX|XXXXXXXXXXXXXXXX
D/SPRDENG (  151): eng_mcinit: open /dev/CHNPTY13 OK
I/BootTime(  234): Fail Safe scanning for:|XXXXXX|XXX|XXXXXXXXXXXXXXX
W/PackageManager(  234): Package com.baidu.camera desires unavailable shared library com.google.android.media.effects; ignoring!
I/BootTime(  234): Fail Safe scanning for:|XXXXXX|XXX|XXXXXXXXXXXXXX
I/BootTime(  234): Fail Safe scanning for:|XXXXXX|XXX|XXXXXXXXXXXXXXXXXXXX
I/BootTime(  234): Fail Safe scanning for:|XXXXXX|XXX|XXXXXXXXXXXXXXXXXXX
I/BootTime(  234): Fail Safe scanning for:|XXXXXX|XXX|XXXXXXXXXXXXXX.XXX
W/PackageManager(  234): Package com.baidu.gallery3d desires unavailable shared library com.google.android.media.effects; ignoring!
I/BootTime(  234): Fail Safe scanning for:|XXXXXX|XXX|XXXXXXXXXXXXXX
I/BootTime(  234): Fail Safe scanning for:|XXXXXX|XXX|XXXXXXXXXXXX
I/BootTime(  234): Fail Safe scanning for:|XXXXXX|XXX|XXXXXXXXXXXXXXXXXXXX
I/BootTime(  234): Fail Safe scanning for:|XXXXXX|XXX|XXXXXXXXXXXXXXXXXXXXXXXX
I/BootTime(  234): Fail Safe scanning for:|XXXXXX|XXX|XXXXXXXXXXXXXXXX
I/BootTime(  234): Fail Safe scanning for:|XXXXXX|XXX|XXXXXXXXXXXXXX
I/BootTime(  234): Fail Safe scanning for:|XXXXXX|XXX|XXXXXXXXXXXXXXXXXXXXXXX
I/BootTime(  234): Fail Safe scanning for:|XXXXXX|XXX|XXXXXXXXXXXXXXXXXXXXXX
I/BootTime(  234): Fail Safe scanning for:|XXXXXX|XXX|XXXXXXXXXXXXX
I/BootTime(  234): Fail Safe scanning for:|XXXXXX|XXX|XXXXXXXXXXXXXXXXXXXXX
I/BootTime(  234): Fail Safe scanning for:|XXXXXX|XXX|XXXXXXXXXXXXXX
I/BootTime(  234): Fail Safe scanning for:|XXXXXX|XXX|XXXXXXXXXXXX
I/BootTime(  234): Fail Safe scanning for:|XXXXXX|XXX|XXXXXXXXXXXXXXX
I/BootTime(  234): Fail Safe scanning for:|XXXXXX|XXX|XXXXXXXXXXXXXXXXXXXXX
I/BootTime(  234): Fail Safe scanning for:|XXXXXX|XXX|XXXXXXXXXXXXXXXXXXXX
I/BootTime(  234): Fail Safe scanning for:|XXXXXX|XXX|XXXXXXXXXXXXXXXXXXXX
I/BootTime(  234): Fail Safe scanning for:|XXXXXX|XXX|XXXXXXXXXXXXXXXXXX
I/BootTime(  234): Fail Safe scanning for:|XXXXXX|XXX|XXXXXXXXXXXXXXXX
I/BootTime(  234): Fail Safe scanning for:|XXXXXX|XXX|XXXXXXXXXXXXXXXXX
I/BootTime(  234): Fail Safe scanning for:|XXXXXX|XXX|XXXXXXXXXXXXXXXXXXX
I/BootTime(  234): Fail Safe scanning for:|XXXXXX|XXX|XXXXXXXXXXXXXX
I/BootTime(  234): Fail Safe scanning for:|XXXXXX|XXX|XXXXXXXXXXXX
I/BootTime(  234): Fail Safe scanning for:|XXXXXX|XXX|XXXXXXXXXXXXXXXXXXXX
I/BootTime(  234): Fail Safe scanning for:|XXXXXX|XXX|XXXXXXXXXXXXXXXXXXXX
I/BootTime(  234): Fail Safe scanning for:|XXXXXX|XXX|XXXXXXXXXXXXXXXXXXXXXXXXXXX
I/BootTime(  234): Fail Safe scanning for:|XXXXXX|XXX|XXXXXXXXXXXXXXXXXXXX
I/BootTime(  234): Fail Safe scanning for:|XXXXXX|XXX|XXXXXXXXXXXXXXXXXXXXXX
I/BootTime(  234): Fail Safe scanning for:|XXXXXX|XXX|XXXXXXXXXXXXXXX
I/BootTime(  234): Fail Safe scanning for:|XXXXXX|XXX|XXXXXXXXXXXXXXXXXXXXXXXXXXXXX
I/BootTime(  234): Fail Safe scanning for:|XXXXXX|XXX|XXXXXXXXX
I/BootTime(  234): Fail Safe scanning for:|XXXXXX|XXX|XXXXXXXXXXXX
I/BootTime(  234): Fail Safe scanning for:|XXXXXX|XXX|XXXXXXXXXXXX
I/BootTime(  234): Fail Safe scanning for:|XXXXXX|XXX|XXXXXXXXXXX
W/PackageParser(  234): Unknown element under <manifest>: user-permission at /system/app/HomePro.apk Binary XML file line #90
I/BootTime(  234): Fail Safe scanning for:|XXXXXX|XXX|XXXXXXXXXXXX
I/BootTime(  234): Fail Safe scanning for:|XXXXXX|XXX|XXXXXXXXXXXXXXXXXXXXXXXX
I/BootTime(  234): Fail Safe scanning for:|XXXXXX|XXX|XXXXXXXXXXXXXXXXX
I/BootTime(  234): Fail Safe scanning for:|XXXXXX|XXX|XXXXXXXXXXXXXXXXXX
I/BootTime(  234): Fail Safe scanning for:|XXXXXX|XXX|XXXXXXXXXXXXXXXXXX
I/BootTime(  234): Fail Safe scanning for:|XXXXXX|XXX|XXXXXXXXXXXXXXXXXXXXXXXX
I/BootTime(  234): Fail Safe scanning for:|XXXXXX|XXX|XXXXXXXXXXXXXXXX
I/BootTime(  234): Fail Safe scanning for:|XXXXXX|XXX|XXXXXXXXXXXXXXXXXXX
I/BootTime(  234): Fail Safe scanning for:|XXXXXX|XXX|XXXXXXXXXXXXXXXXXXXX
I/BootTime(  234): Fail Safe scanning for:|XXXXXX|XXX|XXXXXXXXX
D/dalvikvm(  234): GC_CONCURRENT freed 1992K, 18% free 12238K/14791K, paused 2ms+53ms
I/BootTime(  234): Fail Safe scanning for:|XXXXXX|XXX|XXXXXXXXXXXXXX
I/BootTime(  234): Fail Safe scanning for:|XXXXXX|XXX|XXXXXXXXXXXXXXXXX
I/BootTime(  234): Fail Safe scanning for:|XXXXXX|XXX|XXXXXXXXXXXXX
W/PackageParser(  234): No actions in intent filter at /system/app/SearchBox.apk Binary XML file line #917
W/PackageParser(  234): No actions in intent filter at /system/app/SearchBox.apk Binary XML file line #948
I/BootTime(  234): Fail Safe scanning for:|XXXXXX|XXX|XXXXXXXXXXXXXXXX
I/BootTime(  234): Fail Safe scanning for:|XXXXXX|XXX|XXXXXXXXXXXX
W/PackageParser(  234): Problem in package /system/app/Settings.apk:
W/PackageParser(  234): Unknown element under <activity>: category at /system/app/Settings.apk Binary XML file line #1044
I/BootTime(  234): Fail Safe scanning for:|XXXXXX|XXX|XXXXXXXXXXXXXXXXXXXX
I/BootTime(  234): Fail Safe scanning for:|XXXXXX|XXX|XXXXXXXXXXXXXXXXXXXXXXX
I/BootTime(  234): Fail Safe scanning for:|XXXXXX|XXX|XXXXXXXXXXXX
I/BootTime(  234): Fail Safe scanning for:|XXXXXX|XXX|XXXXXXXXXXXXXXXXXXXXX
I/BootTime(  234): Fail Safe scanning for:|XXXXXX|XXX|XXXXXXXXXXXXXXXXXX
I/BootTime(  234): Fail Safe scanning for:|XXXXXX|XXX|XXXXXXXXXXXXXXXXXXXXXXXXXX
I/BootTime(  234): Fail Safe scanning for:|XXXXXX|XXX|XXXXXXXXXXXXXX
I/BootTime(  234): Fail Safe scanning for:|XXXXXX|XXX|XXXXXXXXXXXXX
D/PackageManager(  234): No files in app dir |XXXXXX|XXX
I/installd(  101): new connection
I/Installer(  234): connecting...
I/BootTime(  234): Fail Safe scanning for:|XXXX|XXX|XXXXXXXXXXXXXXXXXXXXXXX.XXX
W/PackageManager(  234): Package com.tencent.mobileqqi desires unavailable shared library com.google.android.media.effects; ignoring!
W/PackageManager(  234): Package com.tencent.mobileqqi desires unavailable shared library com.motorola.hardware.frontcamera; ignoring!
I/BootTime(  234): Fail Safe scanning for:|XXXX|XXX|XXXXXXXXXXXXXXXX.XXX
W/PackageParser(  234): Problem in package /data/app/com.sina.weibo-1.apk:
W/PackageParser(  234): Unknown element under <activity>: action at /data/app/com.sina.weibo-1.apk Binary XML file line #190
W/PackageParser(  234): Problem in package /data/app/com.sina.weibo-1.apk:
W/PackageParser(  234): Unknown element under <activity>: category at /data/app/com.sina.weibo-1.apk Binary XML file line #191
W/PackageParser(  234): Problem in package /data/app/com.sina.weibo-1.apk:
W/PackageParser(  234): Unknown element under <activity>: category at /data/app/com.sina.weibo-1.apk Binary XML file line #192
W/PackageParser(  234): Problem in package /data/app/com.sina.weibo-1.apk:
W/PackageParser(  234): Unknown element under <activity>: data at /data/app/com.sina.weibo-1.apk Binary XML file line #193
W/PackageParser(  234): Problem in package /data/app/com.sina.weibo-1.apk:
W/PackageParser(  234): Unknown element under <activity>: action at /data/app/com.sina.weibo-1.apk Binary XML file line #1613
W/PackageParser(  234): Problem in package /data/app/com.sina.weibo-1.apk:
W/PackageParser(  234): Unknown element under <activity>: category at /data/app/com.sina.weibo-1.apk Binary XML file line #1614
W/PackageParser(  234): Problem in package /data/app/com.sina.weibo-1.apk:
W/PackageParser(  234): Unknown element under <activity>: category at /data/app/com.sina.weibo-1.apk Binary XML file line #1615
W/PackageParser(  234): Problem in package /data/app/com.sina.weibo-1.apk:
W/PackageParser(  234): Unknown element under <activity>: data at /data/app/com.sina.weibo-1.apk Binary XML file line #1616
W/PackageParser(  234): Problem in package /data/app/com.sina.weibo-1.apk:
W/PackageParser(  234): Unknown element under <activity>: action at /data/app/com.sina.weibo-1.apk Binary XML file line #1634
W/PackageParser(  234): Problem in package /data/app/com.sina.weibo-1.apk:
W/PackageParser(  234): Unknown element under <activity>: category at /data/app/com.sina.weibo-1.apk Binary XML file line #1635
W/PackageParser(  234): Problem in package /data/app/com.sina.weibo-1.apk:
W/PackageParser(  234): Unknown element under <activity>: category at /data/app/com.sina.weibo-1.apk Binary XML file line #1636
W/PackageParser(  234): Problem in package /data/app/com.sina.weibo-1.apk:
W/PackageParser(  234): Unknown element under <activity>: data at /data/app/com.sina.weibo-1.apk Binary XML file line #1637
W/PackageManager(  234): Package com.sina.weibo has activity com.alipay.android.mini.window.sdk.MiniPayActivity with priority > 0, forcing to 0
I/PackageManager(  234): Time to scan packages: 9.27 seconds
W/PackageManager(  234): Removing dangling permission: com.sec.android.app.sysscope.permission.SYSSCOPE_ACCESS_SYSTEM_INFO from package null
W/PackageManager(  234): Unknown permission com.android.launcher.permission.READ_SETTINGS in package com.baiyi_mobile.security
W/PackageManager(  234): Unknown permission android.Manifest.permission.FORCE_STOP_PACKAGES in package com.baiyi_mobile.security
W/PackageManager(  234): Unknown permission com.htc.launcher.permission.WRITE_SETTINGS in package com.baiyi_mobile.security
W/PackageManager(  234): Unknown permission com.htc.launcher.permission.READ_SETTINGS in package com.baiyi_mobile.security
W/PackageManager(  234): Unknown permission android.permission.ADD_SYSTEM_SERVICE in package com.baidu.bsf.system
W/PackageManager(  234): Unknown permission android.permission.WRITE_INTERNAL_STORAGE in package com.baidu.bsf.system
W/PackageManager(  234): Unknown permission android.permission.READ_CALL_LOG in package com.android.contacts
W/PackageManager(  234): Unknown permission android.permission.WRITE_CALL_LOG in package com.android.contacts
W/PackageManager(  234): Unknown permission com.google.android.googleapps.permission.GOOGLE_AUTH.mail in package com.android.contacts
W/PackageManager(  234): Unknown permission android.permission.ADD_SYSTEM_SERVICE in package com.android.phone
W/PackageManager(  234): Unknown permission com.android.smspush.WAPPUSH_MANAGER_BIND in package com.android.phone
W/PackageManager(  234): Unknown permission android.permission.READ_CALL_LOG in package com.baidu.antidisturbance
W/PackageManager(  234): Unknown permission android.permission.WRITE_CALL_LOG in package com.baidu.antidisturbance
W/PackageManager(  234): Unknown permission android.permission.READ_EXTERNAL_STORAGE in package com.baidu.videoeditor
W/PackageManager(  234): Unknown permission android.permission.RECORD_VIDEO in package com.baidu.videoeditor
W/PackageManager(  234): Unknown permission com.sec.android.app.twdvfs.DVFS_BOOSTER_PERMISSION in package com.android.MtpApplication
W/PackageManager(  234): Unknown permission com.google.android.googleapps.permission.GOOGLE_AUTH in package com.android.providers.calendar
W/PackageManager(  234): Unknown permission com.google.android.googleapps.permission.GOOGLE_AUTH.cl in package com.android.providers.calendar
W/PackageManager(  234): Unknown permission android.permission.ACCESS_DEV_STORAGE in package com.sec.android.app.camera
W/PackageManager(  234): Unknown permission android.permission.READ_EXTERNAL_STORAGE in package com.sec.android.app.camera
W/PackageManager(  234): Unknown permission com.samsung.helphub.permission.GET_DATA in package com.sec.android.app.camera
W/PackageManager(  234): Unknown permission com.samsung.helphub.permission.WRITE_DATA in package com.sec.android.app.camera
W/PackageManager(  234): Unknown permission com.sec.android.app.twdvfs.DVFS_BOOSTER_PERMISSION in package com.sec.android.app.camera
W/PackageManager(  234): Unknown permission android.permission.DISABLE_STATUS_BAR in package com.baidu.setupwizard
W/PackageManager(  234): Unknown permission android.permission.RAISED_THREAD_PRIORITY in package com.baidu.setupwizard
W/PackageManager(  234): Unknown permission android.permission.WRITE_OWNER_DATA in package com.baidu.thememanager.ui
W/PackageManager(  234): Unknown permission android.permission.READ_OWNER_DATA in package com.baidu.thememanager.ui
W/PackageManager(  234): Unknown permission com.google.android.googleapps.permission.GOOGLE_AUTH.mail in package com.android.calendar
W/PackageManager(  234): Unknown permission com.android.launcher.permission.READ_SETTINGS in package com.baidu.appsearch
W/PackageManager(  234): Unknown permission com.android.launcher.permission.WRITE_SETTINGS in package com.baidu.appsearch
W/PackageManager(  234): Unknown permission com.htc.launcher.permission.READ_SETTINGS in package com.baidu.appsearch
W/PackageManager(  234): Unknown permission com.htc.launcher.permission.WRITE_SETTINGS in package com.baidu.appsearch
W/PackageManager(  234): Unknown permission org.adw.launcher.permission.READ_SETTINGS in package com.baidu.appsearch
W/PackageManager(  234): Unknown permission org.adw.launcher.permission.WRITE_SETTINGS in package com.baidu.appsearch
W/PackageManager(  234): Unknown permission com.fede.launcher.permission.READ_SETTINGS in package com.baidu.appsearch
W/PackageManager(  234): Unknown permission com.fede.launcher.permission.WRITE_SETTINGS in package com.baidu.appsearch
W/PackageManager(  234): Unknown permission com.qihoo360.launcher.permission.READ_SETTINGS in package com.baidu.appsearch
W/PackageManager(  234): Unknown permission com.qihoo360.launcher.permission.WRITE_SETTINGS in package com.baidu.appsearch
W/PackageManager(  234): Unknown permission net.qihoo.launcher.permission.READ_SETTINGS in package com.baidu.appsearch
W/PackageManager(  234): Unknown permission net.qihoo.launcher.permission.WRITE_SETTINGS in package com.baidu.appsearch
W/PackageManager(  234): Unknown permission com.lge.launcher.permission.READ_SETTINGS in package com.baidu.appsearch
W/PackageManager(  234): Unknown permission com.lge.launcher.permission.WRITE_SETTINGS in package com.baidu.appsearch
W/PackageManager(  234): Unknown permission com.sec.android.app.twlauncher.settings.READ_SETTINGS in package com.baidu.appsearch
W/PackageManager(  234): Unknown permission com.sec.android.app.twlauncher.settings.WRITE_SETTINGS in package com.baidu.appsearch
W/PackageManager(  234): Unknown permission org.adwfreak.launcher.permission.READ_SETTINGS in package com.baidu.appsearch
W/PackageManager(  234): Unknown permission org.adwfreak.launcher.permission.WRITE_SETTINGS in package com.baidu.appsearch
W/PackageManager(  234): Not granting permission android.permission.FORCE_STOP_PACKAGES to package com.baidu.appsearch (protectionLevel=2 flags=0x8be45)
W/PackageManager(  234): Unknown permission android.permission.READ_CALL_LOG in package com.baidu.appsearch
W/PackageManager(  234): Unknown permission android.permission.WRITE_CALL_LOG in package com.baidu.appsearch
W/PackageManager(  234): Not granting permission android.permission.SET_ACTIVITY_WATCHER to package com.baidu.appsearch (protectionLevel=2 flags=0x8be45)
W/PackageManager(  234): Unknown permission android.permission.ACCESS_MOBILE_STATE in package com.baidu.android.ota
W/PackageManager(  234): Unknown permission com.android.launcher.permission.READ_SETTINGS in package com.tencent.mobileqqi
W/PackageManager(  234): Unknown permission android.permission.WRITE_OWNER_DATA in package com.tencent.mobileqqi
W/PackageManager(  234): Unknown permission android.permission.SYSTEM_OVERLAY_WINDOW in package com.tencent.mobileqqi
W/PackageManager(  234): Unknown permission com.google.android.providers.gsf.permission.READ_GSERVICES in package com.tencent.mobileqqi
W/PackageManager(  234): Unknown permission com.android.launcher.permission.READ_SETTINGS in package com.inveno.flow
W/PackageManager(  234): Unknown permission android.permission.WRITE_CALL_LOG in package com.baidu.backuprestore
W/PackageManager(  234): Unknown permission android.permission.READ_CALL_LOG in package com.baidu.backuprestore
W/PackageManager(  234): Unknown permission android.permission.WRITE_OWNER_DATA in package com.baidu.bsf.service
W/PackageManager(  234): Unknown permission android.permission.ADD_SYSTEM_SERVICE in package com.baidu.bsf.service
W/PackageManager(  234): Unknown permission com.stericsson.permission.SEND_RIL_OEM_HOOK in package android
W/PackageManager(  234): Unknown permission com.android.launcher.permission.READ_SETTINGS in package android
W/PackageManager(  234): Unknown permission com.sec.android.app.twdvfs.DVFS_BOOSTER_PERMISSION in package android
W/PackageManager(  234): Unknown permission com.google.android.googleapps.permission.GOOGLE_AUTH in package com.android.settings
W/PackageManager(  234): Unknown permission com.android.launcher.permission.READ_SETTINGS in package com.android.settings
W/PackageManager(  234): Unknown permission com.android.launcher.permission.WRITE_SETTINGS in package com.android.settings
W/PackageManager(  234): Unknown permission com.google.android.googleapps.permission.GOOGLE_AUTH in package com.android.providers.contacts
W/PackageManager(  234): Unknown permission com.google.android.googleapps.permission.GOOGLE_AUTH.cp in package com.android.providers.contacts
W/PackageManager(  234): Unknown permission android.permission.BACKUP_DATA in package com.baidu.browser.apps
W/PackageManager(  234): Not granting permission android.permission.SET_ACTIVITY_WATCHER to package com.baidu.browser.apps (protectionLevel=2 flags=0x8be45)
W/PackageManager(  234): Unknown permission com.android.launcher.permission.READ_SETTINGS in package com.baidu.browser.apps
W/PackageManager(  234): Unknown permission com.huawei.android.launcher.permission.READ_SETTINGS in package com.baidu.browser.apps
W/PackageManager(  234): Unknown permission com.qihoo360.launcher.permission.READ_SETTINGS in package com.baidu.browser.apps
W/PackageManager(  234): Unknown permission net.qihoo.launcher.permission.READ_SETTINGS in package com.baidu.browser.apps
W/PackageManager(  234): Unknown permission com.nd.android.launcher.permission.READ_SETTINGS in package com.baidu.browser.apps
W/PackageManager(  234): Unknown permission com.bbk.launcher2.permission.READ_SETTINGS in package com.baidu.browser.apps
W/PackageManager(  234): Unknown permission com.lge.launcher.permission.READ_SETTINGS in package com.baidu.browser.apps
W/PackageManager(  234): Unknown permission com.htc.launcher.permission.READ_SETTINGS in package com.baidu.browser.apps
W/PackageManager(  234): Unknown permission com.fede.launcher.permission.READ_SETTINGS in package com.baidu.browser.apps
W/PackageManager(  234): Unknown permission com.tencent.qqlauncher.permission.READ_SETTINGS in package com.baidu.browser.apps
W/PackageManager(  234): Unknown permission org.adw.launcher.permission.READ_SETTINGS in package com.baidu.browser.apps
W/PackageManager(  234): Unknown permission org.adwfreak.launcher.permission.READ_SETTINGS in package com.baidu.browser.apps
W/PackageManager(  234): Unknown permission org.adw.launcher_donut.permission.READ_SETTINGS in package com.baidu.browser.apps
W/PackageManager(  234): Unknown permission com.yulong.android.launcher.permission.READ_SETTINGS in package com.baidu.browser.apps
W/PackageManager(  234): Unknown permission com.android.mylauncher.permission.READ_SETTINGS in package com.baidu.browser.apps
W/PackageManager(  234): Unknown permission com.google.android.providers.settings.permission.READ_GSETTINGS in package com.baidu.map.location
W/PackageManager(  234): Unknown permission com.google.android.providers.settings.permission.WRITE_GSETTINGS in package com.baidu.map.location
W/PackageManager(  234): Unknown permission com.google.android.providers.gsf.permission.READ_GSERVICES in package com.baidu.map.location
W/PackageManager(  234): Unknown permission android.permission.READ_CALL_LOG in package com.baidu.searchbox
W/PackageManager(  234): Unknown permission com.android.launcher.permission.READ_SETTINGS in package com.baidu.searchbox
W/PackageManager(  234): Not granting permission android.permission.SET_ACTIVITY_WATCHER to package com.baidu.searchbox (protectionLevel=2 flags=0x8be65)
W/PackageManager(  234): Unknown permission android.permission.ACCESS_COARSE_UPDATES in package com.sina.weibo
W/PackageManager(  234): Unknown permission com.android.launcher.permission.READ_SETTINGS in package com.sina.weibo
W/PackageManager(  234): Unknown permission android.permission.RECEIVE_USER_PRESENT in package com.sina.weibo
W/PackageManager(  234): Unknown permission baidu.permission.USE_UBC in package com.baidu.home2
W/PackageManager(  234): Unknown permission android.permission.READ_TING_MP3 in package com.baidu.musicplayer
W/PackageManager(  234): Unknown permission android.permission.WRITE_TING_MP3 in package com.baidu.musicplayer
W/PackageManager(  234): Unknown permission android.hardware.sensor.accelerometer in package com.baidu.musicplayer
W/PackageManager(  234): Unknown permission android.permission.READ_ATTACHMEN in package com.baidu.musicplayer
W/PackageManager(  234): Unknown permission android.Manifest.permission.FORCE_STOP_PACKAGES in package com.baidu.onekeywidget
W/PackageManager(  234): Unknown permission android.permission.ACCESS_GPS in package com.baidu.BaiduMap
W/PackageManager(  234): Unknown permission com.android.launcher.permission.READ_SETTINGS in package com.baidu.BaiduMap
W/PackageManager(  234): Unknown permission com.android.launcher.permission.WRITE_SETTINGS in package com.baidu.BaiduMap
