V/MediaPlayerService(   98): [4] setAudioStreamType(2)
V/MediaPlayerService(   98): [4] prepareAsync
V/StagefrightPlayer(   98): prepareAsync
V/AwesomePlayer(   98): prepareAsync
V/AwesomePlayer(   98): onPrepareAsyncEvent
I/AwesomePlayer(   98): initAudioDecoder start
V/AwesomePlayer(   98): notifyListner_l() msg (5-MEDIA_SET_VIDEO_SIZE), ext1 (0), ext2 (0)
V/MediaPlayerService(   98): [4] notify (0x1a5c008, 5, 0, 0)
V/MediaPlayer(  951): message received msg=5, ext1=0, ext2=0
V/MediaPlayer(  951): New video size 0 x 0
V/MediaPlayer(  951): callback application
V/MediaPlayer(  951): back from callback
V/AwesomePlayer(   98): notifyListner_l() msg (1-MEDIA_PREPARED), ext1 (0), ext2 (0)
V/MediaPlayerService(   98): [4] notify (0x1a5c008, 1, 0, 0)
V/MediaPlayer(  951): message received msg=1, ext1=0, ext2=0
V/MediaPlayer(  951): prepared
V/MediaPlayer(  951): signal application thread
V/MediaPlayer(  951): callback application
V/MediaPlayer(  951): back from callback
V/MediaPlayer(  951): prepare complete - status=0
D/RingtoneManager(  951): checkDefaultRingtoneProperUri : InternalMediaAudio or path=null, path :	null   uriString: content://media/internal/audio/media/31    type    2
D/RingtoneManager(  951): checkDefaultRingtoneProperUri : InternalMediaAudio or path=null, path :	null   uriString: content://media/internal/audio/media/31    type    2
V/MediaPlayer-JNI(  951): native_setup
V/MediaPlayer(  951): constructor
V/AudioFlinger(   98): acquiring 6 from 951
V/AudioFlinger(   98):  added new entry for 6
V/MediaPlayer(  951): setListener
V/MediaPlayerService(   98): Client(5) constructor
V/MediaPlayerService(   98): Create new client(5) from pid 951, uid 1000, 
V/MediaPlayerService(   98): player type = 3
V/MediaPlayerService(   98):  create StagefrightPlayer
V/AwesomePlayer(   98): setDefault
V/AwesomePlayer(   98): constructor
V/AwesomePlayer(   98): setDefault
I/AwesomePlayer(   98): reset
I/AwesomePlayer(   98): cancel player events
V/AwesomePlayer(   98): mAudioTrackVector clear
I/AwesomePlayer(   98): --mSystemTimeSourceForSync reset ok
V/AwesomePlayer(   98): setListener
V/AwesomePlayer(   98): AwesomePlayer running on behalf of uid 1000
V/AudioSink(   98): AudioOutput(6)
V/StagefrightPlayer(   98): setAudioSink
V/AwesomePlayer(   98): setAudioSink
V/MediaPlayerService(   98):  setDataSource
I/AwesomePlayer(   98): cancel player events
V/AwesomePlayer(   98): mAudioTrackVector clear
I/AwesomePlayer(   98): --mSystemTimeSourceForSync reset ok
V/AwesomePlayer(   98): setDataSource_l(URL suppressed)
V/MediaPlayer-JNI(  951): setAudioStreamType: 2
V/MediaPlayer(  951): MediaPlayer::setAudioStreamType
V/MediaPlayer(  951): setVideoSurfaceTexture
V/MediaPlayerService(   98): [5] setVideoSurfaceTexture(0x0)
V/MediaPlayer(  951): prepare
V/MediaPlayerService(   98): [5] setAudioStreamType(2)
V/MediaPlayerService(   98): [5] prepareAsync
V/StagefrightPlayer(   98): prepareAsync
V/AwesomePlayer(   98): prepareAsync
V/AwesomePlayer(   98): onPrepareAsyncEvent
I/MediaExtractor(   98): Autodetected media content as 'application/ogg' with confidence 0.20
V/AwesomePlayer(   98): track of type 'audio/vorbis' does not publish bitrate
V/AwesomePlayer(   98): mBitrate = -1 bits/sec
V/AwesomePlayer(   98): current audio track (0)
V/AwesomePlayer(   98): current audio track (0) is added to vector[0]
V/AwesomePlayer(   98): setDataSource_l: Audio(1), Video(0)
I/AwesomePlayer(   98): AwesomePlayer::setDataSource_l():: This is not a DRM content
I/AwesomePlayer(   98): initAudioDecoder start
V/AwesomePlayer(   98): notifyListner_l() msg (5-MEDIA_SET_VIDEO_SIZE), ext1 (0), ext2 (0)
V/MediaPlayerService(   98): [5] notify (0x1a6fb78, 5, 0, 0)
V/MediaPlayer(  951): message received msg=5, ext1=0, ext2=0
V/MediaPlayer(  951): New video size 0 x 0
V/MediaPlayer(  951): callback application
V/MediaPlayer(  951): back from callback
V/AwesomePlayer(   98): notifyListner_l() msg (1-MEDIA_PREPARED), ext1 (0), ext2 (0)
V/MediaPlayerService(   98): [5] notify (0x1a6fb78, 1, 0, 0)
V/MediaPlayer(  951): message received msg=1, ext1=0, ext2=0
V/MediaPlayer(  951): prepared
V/MediaPlayer(  951): signal application thread
V/MediaPlayer(  951): callback application
V/MediaPlayer(  951): back from callback
V/MediaPlayer(  951): prepare complete - status=0
E/MediaPlayer(  951): mOnVideoSizeChangedListener is null. Failed to send MEDIA_SET_VIDEO_SIZE message.
I/MediaPlayer(  951): Don't send intent. msg.arg1 = 0, msg.arg2 = 0
E/MediaPlayer(  951): mOnPreparedListener is null. Failed to send MEDIA_PREPARED message.
E/MediaPlayer(  951): mOnVideoSizeChangedListener is null. Failed to send MEDIA_SET_VIDEO_SIZE message.
I/MediaPlayer(  951): Don't send intent. msg.arg1 = 0, msg.arg2 = 0
E/MediaPlayer(  951): mOnPreparedListener is null. Failed to send MEDIA_PREPARED message.
E/MediaPlayer(  951): mOnVideoSizeChangedListener is null. Failed to send MEDIA_SET_VIDEO_SIZE message.
I/MediaPlayer(  951): Don't send intent. msg.arg1 = 0, msg.arg2 = 0
E/MediaPlayer(  951): mOnPreparedListener is null. Failed to send MEDIA_PREPARED message.
E/MediaPlayer(  951): mOnVideoSizeChangedListener is null. Failed to send MEDIA_SET_VIDEO_SIZE message.
I/MediaPlayer(  951): Don't send intent. msg.arg1 = 0, msg.arg2 = 0
E/MediaPlayer(  951): mOnPreparedListener is null. Failed to send MEDIA_PREPARED message.
I/ClipboardServiceEx(  234): Send intent for dismiss clipboard dialog inside hideCurrentInputLocked() !
D/dalvikvm(  576): GC_EXPLICIT freed 4K, 20% free 3422K/4231K, paused 3ms+20ms
D/dalvikvm(  576): GC_EXPLICIT freed <1K, 20% free 3422K/4231K, paused 8ms+20ms
D/dalvikvm( 1220): DexOpt: load 55ms, verify+opt 669ms
I/ActivityManager(  234): Displayed shortComponentName: +1s63ms
D/DEFERED_APP_VISIBILITY(  234): tweaking closing app
D/WindowManager(  234): finally selected target=Window{410aedd0  ***  paused=false}
D/OpenGLRenderer(  951): Flushing caches (mode 0)
I/SurfaceFlinger(   95): id=16 Removed Settingt idx=3 Map Size=4
I/SurfaceFlinger(   95): id=16 Removed Settingt idx=-2 Map Size=4
W/PowerManagerService(  234): Timer 0x7->0x3|0x0
I/PowerManagerService(  234): Ulight 0x7->0x3|0x0
D/PowerManagerService(  234): setLightBrightness : mButtonLight : 0
D/InputReader(  234): Input event: value=1
D/WindowManager(  234): interceptKeyTq keycode=4 screenIsOn=true keyguardActive=false
I/InputDispatcher(  234): Delivering key to current input target: action: 0x0
I/InputDispatcher(  234): Delivering key to current input target: action: 0x0
I/PowerManagerService(  234): Ulight 0x3->0x7|0x0
D/PowerManagerService(  234): setLightBrightness : mButtonLight : 20
D/InputReader(  234): Input event: value=0
D/WindowManager(  234): interceptKeyTq keycode=4 screenIsOn=true keyguardActive=false
I/InputDispatcher(  234): Delivering key to current input target: action: 0x1
I/InputDispatcher(  234): Delivering key to current input target: action: 0x1
I/ClipboardServiceEx(  234): mCBPickerDialog enter case. MSG_DISMISS_DIALOG
E/IDHelper(  951): clsName is com.android.internal.R$integer
E/IDHelper(  951): clsName is com.android.internal.R$integer
E/IDHelper(  951): clsName is com.android.internal.R$integer
E/IDHelper(  951): clsName is com.android.internal.R$integer
E/IDHelper(  951): clsName is com.android.internal.R$integer
E/IDHelper(  951): clsName is com.android.internal.R$integer
E/IDHelper(  951): clsName is com.android.internal.R$integer
E/IDHelper(  951): clsName is com.android.internal.R$integer
E/IDHelper(  951): clsName is com.android.internal.R$integer
E/IDHelper(  951): clsName is com.android.internal.R$integer
E/IDHelper(  951): clsName is com.android.internal.R$integer
E/IDHelper(  951): clsName is com.android.internal.R$bool
E/IDHelper(  951): clsName is com.android.internal.R$bool
E/IDHelper(  951): clsName is com.android.internal.R$bool
E/IDHelper(  951): clsName is com.android.internal.R$bool
E/IDHelper(  951): clsName is com.android.internal.R$bool
E/IDHelper(  951): clsName is com.android.internal.R$bool
E/IDHelper(  951): clsName is com.android.internal.R$bool
E/IDHelper(  951): clsName is com.android.internal.R$bool
E/IDHelper(  951): clsName is com.android.internal.R$bool
E/IDHelper(  951): clsName is com.android.internal.R$bool
E/IDHelper(  951): clsName is com.android.internal.R$bool
E/IDHelper(  951): clsName is com.android.internal.R$bool
E/IDHelper(  951): clsName is com.android.internal.R$bool
E/IDHelper(  951): clsName is com.android.internal.R$bool
E/IDHelper(  951): clsName is com.android.internal.R$bool
E/IDHelper(  951): clsName is com.android.internal.R$bool
E/IDHelper(  951): clsName is com.android.internal.R$bool
I/SurfaceFlinger(   95): id=18(7) createSurface 0x41873c (480x800),1 flag=0, Settingt
D/STATUSBAR-StatusBarManagerService(  234): setSystemUiVisibility(0x0)
D/STATUSBAR-StatusBarManagerService(  234): manageDisableList what=0x0 pkg=WindowManager.LayoutParams
D/GlRenderer(  951): initialize
D/GlRenderer(  951): initializeEgl
I/libEGL  (  951): eglCreateWindowSurface
V/settings(  951): set view:android.widget.LinearLayout@414347a0
D/dalvikvm( 1195): DexOpt: --- END 'impl.jar' (success) ---
D/dalvikvm( 1195): DEX prep '/data/data/com.baidu.android.ota/files/impl.jar': unzip in 33ms, rewrite 1685ms
I/ActivityThread( 1195): Pub com.baidu.android.ota.main.downloads: com.android.ops.stub.provider.LauncherProvider
I/ActivityThread( 1195): Pub com.baidu.android.ota.messages: com.android.ops.stub.provider.MsgProvider
V/MediaPlayer-JNI(  951): native_finalize
W/MediaPlayer-JNI(  951): MediaPlayer finalized without being released
V/MediaPlayer-JNI(  951): release
V/MediaPlayer(  951): setListener
V/MediaPlayer(  951): disconnect
V/MediaPlayerService(   98): disconnect(2) from pid 951
V/StagefrightPlayer(   98): reset
I/AwesomePlayer(   98): reset
I/AwesomePlayer(   98): cancel player events
V/AwesomePlayer(   98): mAudioTrackVector clear
I/OMXCodec(   98): [OMX.google.vorbis.decoder] stop() sendCommand(0xf, OMX_CommandStateSet, OMX_StateIdle)
I/OMXCodec(   98): [OMX.google.vorbis.decoder] stopped in state 1
I/AwesomePlayer(   98): --mSystemTimeSourceForSync reset ok
V/StagefrightPlayer(   98): ~StagefrightPlayer
V/StagefrightPlayer(   98): reset
I/AwesomePlayer(   98): reset
I/AwesomePlayer(   98): cancel player events
V/AwesomePlayer(   98): mAudioTrackVector clear
I/AwesomePlayer(   98): --mSystemTimeSourceForSync reset ok
V/AwesomePlayer(   98): destructor
I/AwesomePlayer(   98): reset
I/AwesomePlayer(   98): cancel player events
V/AwesomePlayer(   98): mAudioTrackVector clear
I/AwesomePlayer(   98): --mSystemTimeSourceForSync reset ok
V/AwesomePlayer(   98): ~AwesomePlayer()
V/MediaPlayer(  951): destructor
V/AudioFlinger(   98): releasing 3 from 951
V/AudioFlinger(   98):  decremented refcount to 0
V/AudioFlinger(   98): purging stale effects
V/MediaPlayerService(   98): Client(2) destructor pid = 951
I/AudioSink(   98): +++ close
I/AudioSink(   98): --- close
V/MediaPlayerService(   98): disconnect(2) from pid 951
V/MediaPlayer(  951): disconnect
D/dalvikvm(  951): GC_CONCURRENT freed 925K, 19% free 6717K/8199K, paused 2ms+17ms
D/AbsListView(  951): [unregisterDoubleTapMotionListener]
I/MotionRecognitionManager(  951):   .unregisterListener : / listener count = 0->0, listener=android.widget.AbsListView$4@41330f30
I/ClipboardServiceEx(  234): Send intent for dismiss clipboard dialog inside hideCurrentInputLocked() !
V/MediaPlayer-JNI(  951): native_finalize
W/MediaPlayer-JNI(  951): MediaPlayer finalized without being released
V/MediaPlayer-JNI(  951): release
V/MediaPlayer(  951): setListener
V/MediaPlayer(  951): disconnect
I/ActivityThread( 1195): Pub com.baidu.android.ota.plugins: com.android.ops.stub.provider.PluginsProvider
V/MediaPlayerService(   98): disconnect(3) from pid 951
V/StagefrightPlayer(   98): reset
I/AwesomePlayer(   98): reset
I/AwesomePlayer(   98): cancel player events
V/AwesomePlayer(   98): mAudioTrackVector clear
I/OMXCodec(   98): [OMX.google.vorbis.decoder] stop() sendCommand(0x10, OMX_CommandStateSet, OMX_StateIdle)
I/OMXCodec(   98): [OMX.google.vorbis.decoder] stopped in state 1
I/AwesomePlayer(   98): --mSystemTimeSourceForSync reset ok
V/StagefrightPlayer(   98): ~StagefrightPlayer
V/StagefrightPlayer(   98): reset
I/AwesomePlayer(   98): reset
I/AwesomePlayer(   98): cancel player events
V/AwesomePlayer(   98): mAudioTrackVector clear
I/AwesomePlayer(   98): --mSystemTimeSourceForSync reset ok
V/AwesomePlayer(   98): destructor
I/AwesomePlayer(   98): reset
I/AwesomePlayer(   98): cancel player events
V/AwesomePlayer(   98): mAudioTrackVector clear
I/AwesomePlayer(   98): --mSystemTimeSourceForSync reset ok
V/AwesomePlayer(   98): ~AwesomePlayer()
V/MediaPlayer(  951): destructor
V/AudioFlinger(   98): releasing 4 from 951
V/AudioFlinger(   98):  decremented refcount to 0
V/AudioFlinger(   98): purging stale effects
V/MediaPlayerService(   98): Client(3) destructor pid = 951
I/AudioSink(   98): +++ close
I/AudioSink(   98): --- close
V/MediaPlayerService(   98): disconnect(3) from pid 951
V/MediaPlayer(  951): disconnect
V/MediaPlayer-JNI(  951): native_finalize
W/MediaPlayer-JNI(  951): MediaPlayer finalized without being released
V/MediaPlayer-JNI(  951): release
V/MediaPlayer(  951): setListener
V/MediaPlayer(  951): disconnect
V/MediaPlayerService(   98): disconnect(4) from pid 951
V/StagefrightPlayer(   98): reset
I/AwesomePlayer(   98): reset
I/AwesomePlayer(   98): cancel player events
V/AwesomePlayer(   98): mAudioTrackVector clear
I/OMXCodec(   98): [OMX.google.vorbis.decoder] stop() sendCommand(0x11, OMX_CommandStateSet, OMX_StateIdle)
I/OMXCodec(   98): [OMX.google.vorbis.decoder] stopped in state 1
I/AwesomePlayer(   98): --mSystemTimeSourceForSync reset ok
V/StagefrightPlayer(   98): ~StagefrightPlayer
V/StagefrightPlayer(   98): reset
I/AwesomePlayer(   98): reset
I/AwesomePlayer(   98): cancel player events
V/AwesomePlayer(   98): mAudioTrackVector clear
I/AwesomePlayer(   98): --mSystemTimeSourceForSync reset ok
V/AwesomePlayer(   98): destructor
I/AwesomePlayer(   98): reset
I/AwesomePlayer(   98): cancel player events
V/AwesomePlayer(   98): mAudioTrackVector clear
I/AwesomePlayer(   98): --mSystemTimeSourceForSync reset ok
V/AwesomePlayer(   98): ~AwesomePlayer()
V/MediaPlayer(  951): destructor
V/AudioFlinger(   98): releasing 5 from 951
V/AudioFlinger(   98):  decremented refcount to 0
V/AudioFlinger(   98): purging stale effects
V/MediaPlayerService(   98): Client(4) destructor pid = 951
I/AudioSink(   98): +++ close
I/AudioSink(   98): --- close
V/MediaPlayerService(   98): disconnect(4) from pid 951
V/MediaPlayer(  951): disconnect
V/MediaPlayer-JNI(  951): native_finalize
W/MediaPlayer-JNI(  951): MediaPlayer finalized without being released
V/MediaPlayer-JNI(  951): release
V/MediaPlayer(  951): setListener
V/MediaPlayer(  951): disconnect
V/MediaPlayerService(   98): disconnect(5) from pid 951
V/StagefrightPlayer(   98): reset
I/AwesomePlayer(   98): reset
I/AwesomePlayer(   98): cancel player events
V/AwesomePlayer(   98): mAudioTrackVector clear
I/OMXCodec(   98): [OMX.google.vorbis.decoder] stop() sendCommand(0x12, OMX_CommandStateSet, OMX_StateIdle)
I/OMXCodec(   98): [OMX.google.vorbis.decoder] stopped in state 1
I/AwesomePlayer(   98): --mSystemTimeSourceForSync reset ok
V/StagefrightPlayer(   98): ~StagefrightPlayer
V/StagefrightPlayer(   98): reset
I/AwesomePlayer(   98): reset
I/AwesomePlayer(   98): cancel player events
V/AwesomePlayer(   98): mAudioTrackVector clear
I/AwesomePlayer(   98): --mSystemTimeSourceForSync reset ok
V/AwesomePlayer(   98): destructor
I/AwesomePlayer(   98): reset
I/AwesomePlayer(   98): cancel player events
V/AwesomePlayer(   98): mAudioTrackVector clear
I/AwesomePlayer(   98): --mSystemTimeSourceForSync reset ok
V/AwesomePlayer(   98): ~AwesomePlayer()
V/MediaPlayer(  951): destructor
V/AudioFlinger(   98): releasing 6 from 951
V/AudioFlinger(   98):  decremented refcount to 0
V/AudioFlinger(   98): purging stale effects
V/MediaPlayerService(   98): Client(5) destructor pid = 951
I/AudioSink(   98): +++ close
I/AudioSink(   98): --- close
V/MediaPlayerService(   98): disconnect(5) from pid 951
V/MediaPlayer(  951): disconnect
D/DEFERED_APP_VISIBILITY(  234): tweaking closing app
I/ActivityThread( 1195): Pub com.baidu.android.ota.downloads: com.android.ops.stub.provider.DownloadProvider
D/OpenGLRenderer(  951): Flushing caches (mode 0)
I/SurfaceFlinger(   95): id=17 Removed SubSettingt idx=3 Map Size=4
I/SurfaceFlinger(   95): id=17 Removed SubSettingt idx=-2 Map Size=4
D/dalvikvm(  576): GC_EXPLICIT freed 4K, 20% free 3422K/4231K, paused 4ms+14ms
I/ActivityThread( 1195): Pub com.baidu.android.ota.floatwindow: com.android.ops.stub.provider.FloatWindowProvider
D/InputReader(  234): Input event: value=1
D/WindowManager(  234): interceptKeyTq keycode=4 screenIsOn=true keyguardActive=false
I/InputDispatcher(  234): Delivering key to current input target: action: 0x0
I/InputDispatcher(  234): Delivering key to current input target: action: 0x0
D/dalvikvm(  576): GC_EXPLICIT freed <1K, 20% free 3422K/4231K, paused 2ms+2ms
D/InputReader(  234): Input event: value=0
D/WindowManager(  234): interceptKeyTq keycode=4 screenIsOn=true keyguardActive=false
I/InputDispatcher(  234): Delivering key to current input target: action: 0x1
I/InputDispatcher(  234): Delivering key to current input target: action: 0x1
I/ClipboardServiceEx(  234): mCBPickerDialog enter case. MSG_DISMISS_DIALOG
I/SurfaceFlinger(   95): id=19(2) createSurface 0x4218fc (480x800),1 flag=0, Launches
V/PhoneStatusBar(  375): setLightsOn(true)
D/STATUSBAR-StatusBarManagerService(  234): setSystemUiVisibility(0x0)
D/STATUSBAR-StatusBarManagerService(  234): manageDisableList what=0x0 pkg=WindowManager.LayoutParams
D/GlRenderer(  448): initialize
D/GlRenderer(  448): initializeEgl
I/libEGL  (  448): eglCreateWindowSurface
I/Baidu Home2(  448): EventNumberUtil: onChange call = Thread-85
D/PowerManagerService(  234): setScreenBrightnessOverride : mScreenBrightnessOverride : 20
I/PowerManagerService(  234): Ulight 0x7->0x7|0x1
D/dalvikvm( 1195): GC_CONCURRENT freed 334K, 35% free 2543K/3911K, paused 2ms+2ms
W/AlarmManager(  234): FACTORY_ON= 0
I/Baidu Home2(  448): EventNumberUtil: onChange unreadcall = 0
W/InputManagerService(  234): Starting input on non-focused client com.android.internal.view.IInputMethodClient$Stub$Proxy@417e2be0 (uid=1000 pid=951)
V/InputManagerService(  234): Starting input on non-focused client mCurClient info is ClientState{415e31d0 uid 10039 pid 448}
I/ActivityManager(  234): Start proc app.processName for broadcast hostingNameStr: pid=1239 uid=10023 gids={2001, 3003, 1015, 1023}
I/Surface (  375): Surface_lockCanvas
I/Surface (  375): Surface_lockCanvas
D/dalvikvm(  576): GC_EXPLICIT freed 4K, 20% free 3422K/4231K, paused 2ms+2ms
D/PowerManagerService(  234): mIsSipVisible : false
W/dalvikvm( 1239): Refusing to reopen boot DEX '/system/framework/framework-yi.jar'
D/dalvikvm(  576): GC_EXPLICIT freed <1K, 20% free 3422K/4231K, paused 2ms+17ms
I/PushServiceReceiver( 1239): start PushSerevice for ACTION_BOOT_COMPLETED or CONNECTIVITY_ACTION
V/AlarmManager(  234): waitForAlarm result :4
V/AlarmManager(  234): trigger WAKEUP Alarm{410f6dc8 type 2 XXX.XXXXX.XXX.XXXXXX}
D/dalvikvm(  576): GC_EXPLICIT freed <1K, 20% free 3422K/4231K, paused 2ms+33ms
I/Process ( 1239): Sending signal. PID: 1239 SIG: 9
I/ActivityManager(  234): Process com.baidu.android.ota:bdservice_v1 (pid 1239) has died.
D/DEFERED_APP_VISIBILITY(  234): tweaking closing app
D/OpenGLRenderer(  951): Flushing caches (mode 0)
I/SurfaceFlinger(   95): id=18 Removed Settingt idx=3 Map Size=4
I/SurfaceFlinger(   95): id=18 Removed Settingt idx=-2 Map Size=4
I/Baidu Home2(  448): EventNumberUtil: handleMessage MSG_EVENT_NUMBER_CALL = main
I/Baidu Home2(  448): EventNumberUtil: onChange msg = Thread-86
D/OpenGLRenderer(  951): Flushing caches (mode 2)
I/FloatWindowItemUtil( 1195): where = null 20140706T231313Asia/Shanghai(0,186,28800,0,1404659593) 1404659593000
I/ActivityManager(  234): Start proc app.processName for broadcast hostingNameStr: pid=1263 uid=10024 gids={3003, 1015, 1023, 1007, 1004, 2002}
D/dalvikvm(  448): GC_EXPLICIT freed 1276K, 17% free 10118K/12103K, paused 2ms+25ms
D/dalvikvm(   96): GC_EXPLICIT freed 39K, 26% free 2350K/3139K, paused 2ms+2ms
I/dalvikvm( 1263): Turning on JNI app bug workarounds for target SDK version 10...
D/dalvikvm(   96): GC_EXPLICIT freed <1K, 26% free 2350K/3139K, paused 1ms+1ms
W/dalvikvm( 1263): Refusing to reopen boot DEX '/system/framework/framework-yi.jar'
D/dalvikvm(   96): GC_EXPLICIT freed <1K, 26% free 2350K/3139K, paused 2ms+2ms
D/MmsSmsDatabaseHelper(  997): [MmsSmsDb] tableName: threads hasAutoIncrement: CREATE TABLE threads (_id INTEGER PRIMARY KEY AUTOINCREMENT,date INTEGER DEFAULT 0,message_count INTEGER DEFAULT 0,recipient_ids TEXT,snippet TEXT,snippet_cs INTEGER DEFAULT 0,read INTEGER DEFAULT 1,type INTEGER DEFAULT 0,error INTEGER DEFAULT 0,has_attachment INTEGER DEFAULT 0,last_used_simid INTEGER DEFAULT 0,date_set_top INTEGER NOT NULL DEFAULT 0) result: true
D/MmsSmsDatabaseHelper(  997): [MmsSmsDb] tableName: canonical_addresses hasAutoIncrement: CREATE TABLE canonical_addresses (_id INTEGER PRIMARY KEY AUTOINCREMENT,address TEXT) result: true
D/MmsSmsDatabaseHelper(  997): [getWritableDatabase] hasAutoIncrementThreads: true hasAutoIncrementAddresses: true
I/PushServiceReceiver( 1263): start PushSerevice for ACTION_BOOT_COMPLETED or CONNECTIVITY_ACTION
I/Baidu Home2(  448): EventNumberUtil: handleEmailMessage EMAIL_EVENT_NUMBER_EMAIL = main
I/ActivityManager(  234): Start proc app.processName for broadcast hostingNameStr: pid=1277 uid=10028 gids={3002, 3001}
I/Baidu Home2(  448): EventNumberUtil: onChange email = Thread-87
I/Baidu Home2(  448): EventNumberUtil: handleMessage MSG_EVENT_NUMBER_MSG = main
I/Process ( 1263): Sending signal. PID: 1263 SIG: 9
I/ActivityManager(  234): Process com.baidu.yi.userfeedback:bdservice_v1 (pid 1263) has died.
W/dalvikvm( 1195): VFY: unable to find class referenced in signature (Landroid/support/v4/app/Fragment;)
E/dalvikvm( 1195): Could not find class 'android.support.v4.app.Fragment', referenced from method com.baidu.mtjstatsdk.StatSDKService.onPause
W/dalvikvm( 1195): VFY: unable to resolve const-class 103 (Landroid/support/v4/app/Fragment;) in Lcom/baidu/mtjstatsdk/StatSDKService;
D/dalvikvm( 1195): VFY: replacing opcode 0x1c at 0x001d
W/dalvikvm( 1195): VFY: unable to find class referenced in signature (Landroid/support/v4/app/Fragment;)
E/dalvikvm( 1195): Could not find class 'android.support.v4.app.Fragment', referenced from method com.baidu.mtjstatsdk.StatSDKService.onResume
W/dalvikvm( 1195): VFY: unable to resolve const-class 103 (Landroid/support/v4/app/Fragment;) in Lcom/baidu/mtjstatsdk/StatSDKService;
D/dalvikvm( 1195): VFY: replacing opcode 0x1c at 0x001d
D/dalvikvm( 1195): GC_CONCURRENT freed 330K, 33% free 2644K/3911K, paused 2ms+2ms
W/CursorWrapperInner( 1195): Cursor finalized without prior close()
I/ActivityManager(  234): Start proc app.processName for broadcast hostingNameStr: pid=1296 uid=1000 gids={3003, 1015, 1023, 1007, 1006, 3002, 3001, 2001, 3006}
D/BluetoothBDAdrressReceiver( 1296): onReceive(), action: android.intent.action.BOOT_COMPLETED
D/InputReader(  234): Input event: value=1
D/WindowManager(  234): interceptKeyTq keycode=3 screenIsOn=true keyguardActive=false
W/ActivityManager(  234): Permission Denial: receiving Intent { act=android.intent.action.BOOT_COMPLETED flg=0x10 } to com.android.calendar requires android.permission.RECEIVE_BOOT_COMPLETED due to sender null (uid 1000)
D/BluetoothBDTestService(  997): onCreate()
E/BluetoothBDTestService(  997): onStart(), action: com.bluetoothtestapp.BtBDstartservice.BootComplete
E/BluetoothBDTestService(  997): bd_address_path: /efs/bluetooth/bt_addr
E/BluetoothBDTestService(  997): already exist!( /efs/bluetooth/bt_addr ), file length: 17
I/ActivityManager(  234): Start proc app.processName for broadcast hostingNameStr: pid=1310 uid=10032 gids={3003, 1015, 1023}
I/ActivityThread( 1310): Pub com.android.calendar: com.android.providers.calendar.CalendarProvider2
V/AudioFlinger(   98): releaseWakeLock_l() AudioOut_1
V/AudioFlinger(   98): MixerThread 0x1a2c770 TID 218 going to sleep
W/AlarmManager(  234): FACTORY_ON= 0
I/SimReceiver(  841): onReceive action=android.intent.action.BOOT_COMPLETED
W/AlarmManager(  234): FACTORY_ON= 0
D/BaiduAutoPhotoManager(  841): entering checkFontsChanged
V/MmsSystemEventReceiver(  841): Intent received: Intent { act=android.intent.action.BOOT_COMPLETED flg=0x10 cmp=xxxx }
D/dalvikvm(  841): GC_CONCURRENT freed 268K, 22% free 3112K/3975K, paused 2ms+2ms
V/Mms:app (  841): updateHomeScreenIcon
D/MessagingPreferenceActivity(  841): setSystemSettingsMmsReceivePriority enabled = true
D/Mms:app (  841): updateHomeScreenIcon count 0
D/Mms/Txn (  841): SmsReceiver: onReceiveWithPrivilege(). Slot Id = -1, Action = android.intent.action.BOOT_COMPLETED, result = 0
D/Mms/Txn (  841): Sms handleMessage :{ what=0 when=-2ms arg1=1 obj=Intent { act=android.intent.action.BOOT_COMPLETED flg=0x10 cmp=xxxx (has extras) } }
V/SmsReceiverService(  841): handleMessage serviceId: 1 intent: Intent { act=android.intent.action.BOOT_COMPLETED flg=0x10 cmp=xxxx (has extras) }
V/SmsReceiverService(  841): handleMessage action: android.intent.action.BOOT_COMPLETED error: 0
D/dalvikvm(  430): GC_CONCURRENT freed 204K, 25% free 2528K/3335K, paused 2ms+2ms
D/ExchangeService(  677): !!! EAS ExchangeService, onStartCommand, startingUp = false, running = false
D/ExchangeService(  677): Reconciling accounts...
V/SmsReceiverService(  841): moveOutboxMessagesToFailedBox messageCount: 0
D/Mms/Txn (  841): sendFirstQueuedMessage()
D/dalvikvm(  234): GC_EXPLICIT freed 1411K, 39% free 10045K/16455K, paused 5ms+10ms
D/STATUSBAR-NotificationService(  234): cancelAllNotifications()
I/ApplicationPolicy(  234): getActualApplicationStateEnabled() : true
D/STATUSBAR-NotificationService(  234): cancelNotification - pkg:XXX.XXXXXXX.XXXXXXXX, id:123
I/ApplicationPolicy(  234): getActualApplicationStateEnabled() : true
E/MTPRx   (  503): In MtpReceiverandroid.intent.action.BOOT_COMPLETED
I/ApplicationPolicy(  234): getActualApplicationStateEnabled() : true
W/MTPRx   (  503): Inside BOOT COMPLETED  first_boot value is  = 1
W/MTPRx   (  503): Else condition for first_boot = 0
I/MediaScannerService(  430): start scanning volume internal: [/system/media]
V/SmsReceiverService(  841): unRegisterForServiceStateChanges
I/ApplicationPolicy(  234): getActualApplicationStateEnabled() : true
D/PowerManagerService(  234): setScreenOffTimeouts mKeylightDelay=1500 mDimDelay=6500 mScreenOffDelay=7000 mDimScreen=true
I/Email   (  628): ReconcilePopImapAccountsSync: start
D/PowerManagerService(  234): setScreenOffTimeouts mKeylightDelay=1500 mDimDelay=6500 mScreenOffDelay=7000 mDimScreen=true
E/MTPRx   (  503): Sd-Card path/mnt/extSdCard
E/MTPRx   (  503): Status for mount/Unmount :mounted
E/MTPRx   (  503): SDcard is  available
D/MediaScanner(  430): MediaScanner - mSkipList (/mnt/sdcard/autonavidata50/,/mnt/sdcard/DioDict3B/)
I/dalvikvm(  375): Total arena pages for JIT: 11
I/dalvikvm(  375): Total arena pages for JIT: 12
I/ActivityManager(  234): Start proc app.processName for broadcast hostingNameStr: pid=1342 uid=10045 gids={1006, 1015, 1023, 3003}
I/Email   (  628): ReconcilePopImapAccountsSync: already running
D/ExchangeService(  677): !!! EAS ExchangeService, onStartCommand, startingUp = false, running = false
D/ExchangeService(  677): Reconciling accounts...
W/AlarmManager(  234): FACTORY_ON= 0
W/dalvikvm( 1342): Refusing to reopen boot DEX '/system/framework/seccamera.jar'
D/Mms/Txn (  841): Sms finishStartingService
D/STATUSBAR-NotificationService(  234): cancelNotification - pkg:XXX.XXXXXXX.XXXXXXXX, id:123
W/AlarmManager(  234): FACTORY_ON= 0
I/Email   (  628): ReconcilePopImapAccountsSync: done
I/CameraBoot( 1342): Start Camera application
I/ActivityManager(  234): Start proc app.processName for broadcast hostingNameStr: pid=1360 uid=10046 gids={1006, 3003, 1015, 1023, 1007}
D/InputReader(  234): Input event: value=0
D/WindowManager(  234): interceptKeyTq keycode=3 screenIsOn=true keyguardActive=false
I/CalendarProvider2( 1310): Sending notification intent: Intent { act=android.intent.action.PROVIDER_CHANGED dat=content://com.android.calendar }
W/ContentResolver( 1310): Failed to get type for: content://com.android.calendar (Unknown URL content://com.android.calendar)
D/dalvikvm(  375): GC_CONCURRENT freed 945K, 55% free 6420K/13959K, paused 2ms+6ms
I/SurfaceFlinger(   95): id=20(6) createSurface 0x41844c (480x800),1 flag=0, RecentsPanem
D/STATUSBAR-StatusBarManagerService(  234): setSystemUiVisibility(0x0)
D/STATUSBAR-StatusBarManagerService(  234): manageDisableList what=0x0 pkg=WindowManager.LayoutParams
D/GlRenderer(  375): initialize
D/GlRenderer(  375): initializeEgl
I/libEGL  (  375): eglCreateWindowSurface
D/dalvikvm(  933): Trying to load lib /data/data/com.baidu.appsearch/lib/libbase64encoder_v1_4.so 0x40f2e558
D/dalvikvm(  933): Added shared lib /data/data/com.baidu.appsearch/lib/libbase64encoder_v1_4.so 0x40f2e558
V/PhoneStatusBar(  375): setLightsOn(true)
W/ResourceType(  234): Invalid package identifier when getting bag for resource number 0x7f0d000b
I/PushServiceReceiver( 1360): start PushSerevice for ACTION_BOOT_COMPLETED or CONNECTIVITY_ACTION
I/ActivityManager(  234): Start proc app.processName for broadcast hostingNameStr: pid=1376 uid=10046 gids={1006, 3003, 1015, 1023, 1007}
D/dalvikvm( 1360): GC_CONCURRENT freed 320K, 23% free 3046K/3911K, paused 2ms+2ms
D/BatteryService(  234): update start
D/BatteryService(  234): level:86 scale:100 status:3 health:2 present:true voltage: 4110 temperature: 365 technology: Li-ion AC powered:false USB powered:false icon:17303172 invalid charger:0
I/Process ( 1360): Sending signal. PID: 1360 SIG: 9
D/SmartPowerService(  234): receive broadcast! action = android.intent.action.BATTERY_CHANGED
D/SmartPowerService(  234): batteryLevel = 86
V/UiModeManager(  234): updateLocked, mLastBroadcastState =0 , oldAction = null
D/SmartPowerService(  234): battery changed! level = 86, mIsTriggered = false
D/SmartPowerService(  234): battery low condition. value = 86,data 1 = 20
I/ActivityManager(  234): Process com.baidu.searchbox:bdservice_v1 (pid 1360) has died.
I/InputReader(  234): Touch event's action is 0x0 (deviceType=0) [pCnt=1, pending(waiting finished signal)=0, s=0.11 ]
I/InputDispatcher(  234): Delivering touch to current input target: action: 0x0
I/InputDispatcher(  234): Delivering touch to current input target: action: 0x0
I/InputReader(  234): Touch event's action is 0x1 (deviceType=0) [pCnt=1, pending(waiting finished signal)=0, s=]
I/InputDispatcher(  234): Delivering touch to current input target: action: 0x1
I/InputDispatcher(  234): Delivering touch to current input target: action: 0x1
I/MediaScannerService(  430): done scanning volume internal
I/MediaScannerService(  430): Delay the scanning....
I/ActivityThread( 1376): Pub com.baidu.searchbox.downloads: com.baidu.searchbox.downloads.DownloadProvider
I/ActivityThread( 1376): Pub baidusearch_bookmark: com.baidu.searchbox.bookmark.BookmarkProvider
I/MediaScannerService(  430): start scanning volume external: [/mnt/extSdCard, /mnt/sdcard]
D/MediaScanner(  430): MediaScanner - mSkipList (/mnt/sdcard/autonavidata50/,/mnt/sdcard/DioDict3B/)
D/dalvikvm( 1376): GC_CONCURRENT freed 308K, 23% free 3019K/3911K, paused 2ms+26ms
I/ActivityManager(  234): Start proc app.processName for broadcast hostingNameStr: pid=1398 uid=10046 gids={1006, 3003, 1015, 1023, 1007}
D/dalvikvm( 1398): GC_CONCURRENT freed 392K, 24% free 2975K/3911K, paused 2ms+2ms
I/Process ( 1398): Sending signal. PID: 1398 SIG: 9
I/ActivityManager(  234): Process com.baidu.searchbox:bdservice_v1 (pid 1398) has died.
I/ActivityManager(  234): Start proc app.processName for broadcast hostingNameStr: pid=1420 uid=1000 gids={3003, 1015, 1023, 1007, 1006, 3002, 3001, 2001, 3006}
W/dalvikvm( 1420): Refusing to reopen boot DEX '/system/framework/framework-yi.jar'
W/PowerManagerService(  234): Timer 0x7->0x3|0x0
I/PowerManagerService(  234): Ulight 0x7->0x3|0x0
D/PowerManagerService(  234): setLightBrightness : mButtonLight : 0
W/AlarmManager(  234): FACTORY_ON= 0
D/TrafficMonitorMain( 1420): resetAdjustPeriod
D/TrafficMonitorMain( 1420): resetIptablesRules
W/AlarmManager(  234): FACTORY_ON= 0
D/BootReceivers( 1420): receive :::Intent { act=android.intent.action.BOOT_COMPLETED flg=0x10 cmp=xxxx }
D/TrafficMonitorMain( 1420): =========createIptables begin=========
D/TrafficMonitorMain( 1420): -------run script begin-------
I/ActivityManager(  234): Start proc app.processName for broadcast hostingNameStr: pid=1436 uid=10050 gids={3003, 1006, 1007, 3002, 3001, 1015, 1023}
D/TrafficMonitorMain( 1420): runIptables path = sh /data/data/com.baidu.trafficmonitor/cache/baidusecurity.sh
D/dalvikvm( 1436): GC_CONCURRENT freed 304K, 22% free 3063K/3911K, paused 2ms+5ms
W/ActivityManager(  234): removeTaskLocked: unknown taskId 3
D/STATUSBAR-NotificationService(  234): enqueueToast()
I/ActivityManager(  234): Killing proc 951:com.android.settings/1000: kill background
I/SurfaceFlinger(   95): id=21(7) createSurface 0x40a344 (1x1),1 flag=0, Toasu
D/mqq     ( 1436): [E]doInit begin with Application(com.tencent.mobileqqi:MSF) lanuched.isNeedMSF=true
D/appMemory( 1436): QLog init retry 
V/AudioFlinger(   98): removeNotificationClient() 0x1a563f8, pid 951
V/AudioFlinger(   98): 951 died, releasing its sessions
D/PowerManagerService(  234): acquireWakeLock flags=0xa tag=KEEP_SCREEN_ON_FLAG uid=1000 pid=234   myUID=1000 myPID=234 myTID=672
I/Surface (  375): Surface_lockCanvas
I/SurfaceTextureClient(  375): connect(NATIVE_WINDOW_API_CPU)
D/MSF.C.MsfCore( 1436): [E]MsfCore init begin.
I/ActivityManager(  234): Start proc app.processName for broadcast hostingNameStr: pid=1456 uid=10051 gids={1006, 3003, 1015, 1023, 1007}
D/dalvikvm( 1436): Trying to load lib /data/data/com.tencent.mobileqqi/txlib/libmsfbootV2.so 0x40f2f780
D/dalvikvm( 1436): Added shared lib /data/data/com.tencent.mobileqqi/txlib/libmsfbootV2.so 0x40f2f780
I/dalvikvm( 1456): Turning on JNI app bug workarounds for target SDK version 11...
D/OpenGLRenderer(  375): Flushing caches (mode 0)
I/SurfaceFlinger(   95): id=20 Removed RecentsPanem idx=5 Map Size=5
D/STATUSBAR-StatusBarManagerService(  234): setSystemUiVisibility(0x0)
D/STATUSBAR-StatusBarManagerService(  234): manageDisableList what=0x0 pkg=WindowManager.LayoutParams
I/SurfaceFlinger(   95): id=20 Removed RecentsPanem idx=-2 Map Size=5
V/PhoneStatusBar(  375): setLightsOn(true)
D/dalvikvm( 1436): Trying to load lib /data/data/com.tencent.mobileqqi/txlib/libwtecdh.so 0x40f2f780
D/dalvikvm( 1436): Added shared lib /data/data/com.tencent.mobileqqi/txlib/libwtecdh.so 0x40f2f780
D/dalvikvm( 1436): No JNI_OnLoad found in /data/data/com.tencent.mobileqqi/txlib/libwtecdh.so 0x40f2f780, skipping init
W/InputManagerService(  234): Window already focused, ignoring focus gain of: com.android.internal.view.IInputMethodClient$Stub$Proxy@41740a38
V/AlarmManager(  234): waitForAlarm result :4
V/AlarmManager(  234): trigger WAKEUP Alarm{417c7f80 type 2 XXX.XXXXXXX.XXXXXXXXX.XXXXXXXX}
D/dalvikvm( 1436): Trying to load lib /data/data/com.tencent.mobileqqi/txlib/libcodecwrapperV2.so 0x40f2f780
D/dalvikvm( 1436): Added shared lib /data/data/com.tencent.mobileqqi/txlib/libcodecwrapperV2.so 0x40f2f780
D/dalvikvm( 1456): GC_CONCURRENT freed 318K, 23% free 3049K/3911K, paused 2ms+2ms
D/dalvikvm( 1436): GC_CONCURRENT freed 752K, 29% free 3286K/4615K, paused 2ms+2ms
D/dalvikvm( 1436): Trying to load lib /data/data/com.tencent.mobileqqi/lib/libNativeRQD.so 0x40f2f780
D/dalvikvm( 1436): Added shared lib /data/data/com.tencent.mobileqqi/lib/libNativeRQD.so 0x40f2f780
D/dalvikvm( 1436): No JNI_OnLoad found in /data/data/com.tencent.mobileqqi/lib/libNativeRQD.so 0x40f2f780, skipping init
I/native_eup( 1436): Java_com_tencent_feedback_eup_jni_NativeExceptionUpload_registNativeExceptionHandler start
I/native_eup( 1436): found native exception upload!
I/native_eup( 1436): found native exception handler!
I/native_eup( 1436): regist handler start procType 1 , level 15 , tombDir:/data/data/com.tencent.mobileqqi/app_tombs
I/native_eup( 1436): registSignal start
I/native_eup( 1436): registSignal end
I/native_eup( 1436): regist handler end
I/native_eup( 1436): Java_com_tencent_feedback_eup_jni_NativeExceptionUpload_registNativeExceptionHandler end
I/native_eup( 1436): NativeRQDVersion:NRQD_1.7.1
I/native_eup( 1436): Java_com_tencent_feedback_eup_jni_NativeExceptionUpload_enableHandler start
I/native_eup( 1436): Java_com_tencent_feedback_eup_jni_NativeExceptionUpload_enableHandler end
I/native_eup( 1436): setLogMode 3 current 4
D/MSF.C.MsfCore( 1436): [E]MsfCore init finished.
D/STATUSBAR-NotificationService(  234): enqueueNotificationInternal - pkg:XXX.XXXXXXX.XXXXXXXXX, id:9527
E/NotificationService(  234): Ignoring notification with icon==0: Notification(contentView=null vibrate=null,sound=null,defaults=0x0,flags=0x62)
D/STATUSBAR-NotificationService(  234): Noti Alert - mSystemReady:true, AlertEnabled:true
I/SqliteDatabaseCpp( 1436): sqlite returned: error code = 5, msg = database is locked, db=/data/data/com_tencent_mobileqqi/databases/tk_file
E/SqliteDatabaseCpp( 1436): sqlite3_exec - Failed to set synchronous mode = 1(Normal) 
D/dalvikvm( 1436): GC_CONCURRENT freed 373K, 26% free 3425K/4615K, paused 3ms+12ms
D/dalvikvm( 1436): GC_CONCURRENT freed 531K, 27% free 3374K/4615K, paused 2ms+1ms
D/dalvikvm( 1436): GC_CONCURRENT freed 487K, 27% free 3382K/4615K, paused 2ms+3ms
D/MSF.C.NetConnTag( 1436): [E]try open Conn msfwifi.3g.qq.com:8080
D/Posix   ( 1436): ## MMS_TRACE: ##: setsockoptInt(): option = 1, value = 1.
D/Posix   ( 1436): ## MMS_TRACE: ##: setsockoptInt(): option = 9, value = 1.
D/MSF.C.NetConnTag( 1436): [E]open msfwifi.3g.qq.com:8080 failed connError_unreachable
D/dalvikvm( 1436): GC_CONCURRENT freed 452K, 26% free 3416K/4615K, paused 2ms+2ms
D/dalvikvm( 1456): Trying to load lib /data/data/com.sina.weibo/lib/libutility.so 0x40f32408
D/dalvikvm( 1456): Added shared lib /data/data/com.sina.weibo/lib/libutility.so 0x40f32408
D/dalvikvm( 1456): No JNI_OnLoad found in /data/data/com.sina.weibo/lib/libutility.so 0x40f32408, skipping init
I/ActivityThread( 1456): Pub com.sina.weibo.blogProvider: com.sina.weibo.datasource.SinaWeiboDBProvider
I/ActivityThread( 1456): Pub com.sina.weibo.picListProvider: com.sina.weibo.PictureListProvider
I/ActivityThread( 1456): Pub com.sina.weibo.userlog: com.sina.weibo.log.UserLogProvider
I/ActivityThread( 1456): Pub com.sina.weibo.sdkProvider: com.sina.weibo.datasource.SinaWeiboSdkProvider
I/ActivityThread( 1456): Pub com.sina.weibo.spProvider: com.sina.weibo.datasource.SinaWeiboSPProvider
D/dalvikvm( 1456): GC_CONCURRENT freed 379K, 21% free 3650K/4615K, paused 2ms+1ms
D/dalvikvm( 1456): GC_CONCURRENT freed 397K, 22% free 3680K/4679K, paused 2ms+1ms
W/System.err( 1456): java.lang.NullPointerException
W/System.err( 1456): 	at android.telephony.TelephonyManager.getLine1Number(TelephonyManager.java:770)
W/System.err( 1456): 	at com.sina.weibo.WeiboApplication.onCreate(WeiboApplication.java:590)
W/System.err( 1456): 	at android.app.Instrumentation.callApplicationOnCreate(Instrumentation.java:973)
W/System.err( 1456): 	at android.app.ActivityThread.handleBindApplication(ActivityThread.java:3930)
W/System.err( 1456): 	at android.app.ActivityThread.access$1300(ActivityThread.java:128)
W/System.err( 1456): 	at android.app.ActivityThread$H.handleMessage(ActivityThread.java:1199)
W/System.err( 1456): 	at android.os.Handler.dispatchMessage(Handler.java:99)
W/System.err( 1456): 	at android.os.Looper.loop(Looper.java:137)
W/System.err( 1456): 	at android.app.ActivityThread.main(ActivityThread.java)
W/System.err( 1456): 	at java.lang.reflect.Method.invokeNative(Native Method)
W/System.err( 1456): 	at java.lang.reflect.Method.invoke(Method.java:511)
W/System.err( 1456): 	at com.android.internal.os.ZygoteInit$MethodAndArgsCaller.run(ZygoteInit.java:994)
W/System.err( 1456): 	at com.android.internal.os.ZygoteInit.main(ZygoteInit.java:761)
W/System.err( 1456): 	at dalvik.system.NativeStart.main(Native Method)
I/SurfaceFlinger(   95): id=21 Removed Toasu idx=3 Map Size=4
I/SurfaceFlinger(   95): id=21 Removed Toasu idx=-2 Map Size=4
D/PowerManagerService(  234): releaseWakeLockLocked flags=0x0 tag=KEEP_SCREEN_ON_FLAG myUID=1000 myPID=234 myTID=320
D/Vitamio ( 1456): Processor	: ARMv7 Processor rev 1 (v7l)
D/Vitamio ( 1456): BogoMIPS	: 666.41
D/Vitamio ( 1456): Features	: swp half thumb fastmult vfp edsp thumbee neon vfpv3 
D/Vitamio ( 1456): CPU implementer	: 0x41
D/Vitamio ( 1456): CPU architecture: 7
D/Vitamio ( 1456): CPU variant	: 0x0
D/Vitamio ( 1456): CPU part	: 0xc05
D/Vitamio ( 1456): CPU revision	: 1
D/Vitamio ( 1456): Hardware	: SP8810
D/Vitamio ( 1456): Revision	: 0000
D/Vitamio ( 1456): Serial		: 0000000000000000
D/Vitamio ( 1456): CPU implementer:0x41
D/Vitamio ( 1456): Serial:0000000000000000
D/Vitamio ( 1456): CPU architecture:7
D/Vitamio ( 1456): Hardware:SP8810
D/Vitamio ( 1456): CPU revision:1
D/Vitamio ( 1456): CPU variant:0x0
D/Vitamio ( 1456): CPU part:0xc05
D/Vitamio ( 1456): Revision:0000
D/Vitamio ( 1456): BogoMIPS:666.41
D/Vitamio ( 1456): Features:swp half thumb fastmult vfp edsp thumbee neon vfpv3
D/Vitamio ( 1456): Processor:ARMv7 Processor rev 1 (v7l)
D/Vitamio ( 1456): CPU architecture: 7
D/Vitamio ( 1456): GET CPU FATURE: V5TE V6 VFP V7A VFPV3 NEON 
D/dalvikvm( 1456): Trying to load lib /data/data/com.sina.weibo/lib/libvinit.so 0x40f32408
D/dalvikvm( 1456): Added shared lib /data/data/com.sina.weibo/lib/libvinit.so 0x40f32408
I/Vitamio ( 1456): isNativeLibsInited, APP VERSION: 1220, Vitamio Library version: 1220
D/dalvikvm( 1456): GC_CONCURRENT freed 307K, 20% free 3807K/4743K, paused 2ms+2ms
I/ActivityManager(  234): Start proc app.processName for service hostingNameStr: pid=1498 uid=10051 gids={1006, 3003, 1015, 1023, 1007}
W/AlarmManager(  234): FACTORY_ON= 0
I/dalvikvm( 1498): Turning on JNI app bug workarounds for target SDK version 11...
D/dalvikvm(   96): GC_EXPLICIT freed 39K, 26% free 2350K/3139K, paused 2ms+2ms
D/dalvikvm(   96): GC_EXPLICIT freed <1K, 26% free 2350K/3139K, paused 1ms+13ms
D/dalvikvm(   96): GC_EXPLICIT freed <1K, 26% free 2350K/3139K, paused 2ms+2ms
D/dalvikvm( 1498): GC_CONCURRENT freed 323K, 23% free 3044K/3911K, paused 2ms+2ms
D/dalvikvm( 1498): Trying to load lib /data/data/com.sina.weibo/lib/libutility.so 0x40f31c80
D/dalvikvm( 1498): Added shared lib /data/data/com.sina.weibo/lib/libutility.so 0x40f31c80
D/dalvikvm( 1498): No JNI_OnLoad found in /data/data/com.sina.weibo/lib/libutility.so 0x40f31c80, skipping init
I/ActivityThread( 1498): Pub com.sina.push.pushprovider.1004: com.sina.push.datacenter.PushProvider
D/dalvikvm(  933): Trying to load lib /data/data/com.baidu.appsearch/lib/libshare_v2.so 0x40f2e558
D/dalvikvm(  933): Added shared lib /data/data/com.baidu.appsearch/lib/libshare_v2.so 0x40f2e558
D/dalvikvm(  766): Trying to load lib /data/data/com.baidu.browser.apps/lib/libshare_v2.so 0x40f2bd38
D/dalvikvm(  766): Added shared lib /data/data/com.baidu.browser.apps/lib/libshare_v2.so 0x40f2bd38
D/dalvikvm(  576): Trying to load lib /data/data/com.baidu.input/lib/libshare_v2.so 0x40f2eab0
D/dalvikvm(  576): Added shared lib /data/data/com.baidu.input/lib/libshare_v2.so 0x40f2eab0
I/ActivityManager(  234): Start proc app.processName for broadcast hostingNameStr: pid=1516 uid=10011 gids={1015, 1023, 1006, 3003, 3002, 3001}
D/dalvikvm( 1498): GC_CONCURRENT freed 304K, 19% free 3748K/4615K, paused 1ms+3ms
W/System.err( 1498): java.lang.NullPointerException
W/System.err( 1498): 	at android.telephony.TelephonyManager.getLine1Number(TelephonyManager.java:770)
W/System.err( 1498): 	at com.sina.weibo.WeiboApplication.onCreate(WeiboApplication.java:590)
W/System.err( 1498): 	at android.app.Instrumentation.callApplicationOnCreate(Instrumentation.java:973)
W/System.err( 1498): 	at android.app.ActivityThread.handleBindApplication(ActivityThread.java:3930)
W/System.err( 1498): 	at android.app.ActivityThread.access$1300(ActivityThread.java:128)
W/System.err( 1498): 	at android.app.ActivityThread$H.handleMessage(ActivityThread.java:1199)
W/System.err( 1498): 	at android.os.Handler.dispatchMessage(Handler.java:99)
W/System.err( 1498): 	at android.os.Looper.loop(Looper.java:137)
W/System.err( 1498): 	at android.app.ActivityThread.main(ActivityThread.java)
W/System.err( 1498): 	at java.lang.reflect.Method.invokeNative(Native Method)
W/System.err( 1498): 	at java.lang.reflect.Method.invoke(Method.java:511)
W/System.err( 1498): 	at com.android.internal.os.ZygoteInit$MethodAndArgsCaller.run(ZygoteInit.java:994)
W/System.err( 1498): 	at com.android.internal.os.ZygoteInit.main(ZygoteInit.java:761)
W/System.err( 1498): 	at dalvik.system.NativeStart.main(Native Method)
W/PowerManagerService(  234): Timer 0x3->0x3|0x0
D/dalvikvm( 1516): Trying to load lib /data/data/com.baidu.BaiduMap/lib/libapp_BaiduMapApplib.so 0x40f277e0
D/dalvikvm( 1516): Added shared lib /data/data/com.baidu.BaiduMap/lib/libapp_BaiduMapApplib.so 0x40f277e0
D/dalvikvm( 1516): Trying to load lib /data/data/com.baidu.BaiduMap/lib/libQuicProxy.so 0x40f277e0
D/dalvikvm( 1516): Added shared lib /data/data/com.baidu.BaiduMap/lib/libQuicProxy.so 0x40f277e0
W/AlarmManager(  234): FACTORY_ON= 0
W/AlarmManager(  234): FACTORY_ON= 0
W/AlarmManager(  234): FACTORY_ON= 0
I/dalvikvm( 1516): Could not find method android.content.Context.getExternalFilesDirs, referenced from method com.baidu.mapframework.common.util.StorageSettings.getAllStoragesV14
W/dalvikvm( 1516): VFY: unable to resolve virtual method 376: Landroid/content/Context;.getExternalFilesDirs (Ljava/lang/String;)[Ljava/io/File;
D/dalvikvm( 1516): VFY: replacing opcode 0x6e at 0x0180
W/System.err( 1498): java.text.ParseException: Unparseable date: "" (at offset 0)
I/dalvikvm( 1516): Could not find method android.os.StatFs.getAvailableBytes, referenced from method com.baidu.mapframework.common.util.StorageInformation.getAvailableBytes
W/dalvikvm( 1516): VFY: unable to resolve virtual method 1150: Landroid/os/StatFs;.getAvailableBytes ()J
D/dalvikvm( 1516): VFY: replacing opcode 0x6e at 0x000d
W/System.err( 1498): 	at java.text.DateFormat.parse(DateFormat.java:626)
W/System.err( 1498): 	at com.sina.weibo.notification.hottopic.a.a(HotTopicConfiguration.java:177)
W/System.err( 1498): 	at com.sina.weibo.notification.hottopic.HotTopicService.a(HotTopicService.java:327)
W/System.err( 1498): 	at com.sina.weibo.notification.hottopic.HotTopicService.onStartCommand(HotTopicService.java:162)
W/System.err( 1498): 	at android.app.ActivityThread.handleServiceArgs(ActivityThread.java:2373)
W/System.err( 1498): 	at android.app.ActivityThread.access$1900(ActivityThread.java:128)
W/System.err( 1498): 	at android.app.ActivityThread$H.handleMessage(ActivityThread.java:1224)
W/System.err( 1498): 	at android.os.Handler.dispatchMessage(Handler.java:99)
W/System.err( 1498): 	at android.os.Looper.loop(Looper.java:137)
W/System.err( 1498): 	at android.app.ActivityThread.main(ActivityThread.java)
W/System.err( 1498): 	at java.lang.reflect.Method.invokeNative(Native Method)
W/System.err( 1498): 	at java.lang.reflect.Method.invoke(Method.java:511)
W/System.err( 1498): 	at com.android.internal.os.ZygoteInit$MethodAndArgsCaller.run(ZygoteInit.java:994)
W/System.err( 1498): 	at com.android.internal.os.ZygoteInit.main(ZygoteInit.java:761)
W/System.err( 1498): 	at dalvik.system.NativeStart.main(Native Method)
D/dalvikvm( 1516): GC_CONCURRENT freed 327K, 24% free 2995K/3911K, paused 2ms+1ms
D/dalvikvm( 1516): GC_FOR_ALLOC freed 118K, 23% free 3175K/4103K, paused 14ms
W/ActivityManager(  234): Unable to start service service: not found
D/dalvikvm( 1516): GC_CONCURRENT freed 181K, 18% free 3498K/4231K, paused 2ms+3ms
D/dalvikvm(  430): GC_CONCURRENT freed 190K, 21% free 2844K/3591K, paused 1ms+2ms
D/dalvikvm(  430): GC_CONCURRENT freed 45K, 17% free 3224K/3847K, paused 1ms+2ms
W/dalvikvm( 1376): No implementation found for native Lcom/baidu/sapi2/share/NativeCrypto;.nativeGetIV ()Ljava/lang/String;
W/dalvikvm( 1376): Exception Ljava/lang/UnsatisfiedLinkError; thrown while initializing Lcom/baidu/sapi2/share/NativeCrypto;
I/dalvikvm( 1376): Rejecting re-init on previously-failed class Lcom/baidu/sapi2/share/NativeCrypto; v=0x0
E/MTPRx   (  503): In MtpReceiverandroid.hardware.usb.action.USB_STATE
E/MTPRx   (  503):  value of dev_boot_completed is1
E/MTPRx   (  503):  booting is completed
E/MTPRx   (  503):  check value of boot_completed is1
E/MTPRx   (  503):  check booting is completed
E/MTPRx   (  503): Sd-Card path/mnt/extSdCard
E/MTPRx   (  503): Status for mount/Unmount :mounted
E/MTPRx   (  503): SDcard is  available
E/MTPRx   (  503): The value of first_boot is  1
E/MTPRx   (  503): [ 662] The value of first_boot is  1NORMAL SEQUENCE 
W/MTPRx   (  503): value of connected isfalse
W/MTPRx   (  503): value of mtpEnabled istrue
W/MTPRx   (  503): value of ptpEnabled isfalse
E/MTPRx   (  503): Received USB_STATE with sdCardLaunch = 0
E/MTPRx   (  503): Returning connected = false
D/BaiduReceiver(  821): action = android.intent.action.MEDIA_MOUNTED
D/BaiduLog(  821): BaiduService onStart action:com.baiyi_mobile.security.service.ACTION_CHECK_SDCARD
D/SCAN    (  821): start task init 9001
D/SCAN    (  821): run 9001 1404659603584
D/dalvikvm(  821): No JNI_OnLoad found in /system/lib/libacs.so 0x40f2d038, skipping init
D/fanyunlong(  821): Path = /data/data/com.baiyi_mobile.security/cache
D/dalvikvm(  430): GC_CONCURRENT freed 36K, 14% free 3711K/4295K, paused 1ms+2ms
D/STATUSBAR-NotificationService(  234): cancelAllNotifications()
I/MediaScannerReceiver(  430): action: android.intent.action.MEDIA_MOUNTED path: /mnt/sdcard
