E/MTPRx   (  503): In MtpReceiverandroid.intent.action.MEDIA_MOUNTED
W/MTPRx   (  503): media mounted ACTION_MEDIA_MOUNTED
V/MTPRx   (  503): SD card already available. just return
D/BaiduLog(  821): init local scan library success
D/SCAN    (  821): finish 9001 1404659603748
D/BaiduReceiver(  821): action = android.intent.action.MEDIA_MOUNTED
D/BaiduLog(  821): BaiduService onStart action:com.baiyi_mobile.security.service.ACTION_CHECK_SDCARD
D/STATUSBAR-NotificationService(  234): cancelAllNotifications()
I/MediaScannerReceiver(  430): action: android.intent.action.MEDIA_MOUNTED path: /mnt/extSdCard
E/MTPRx   (  503): In MtpReceiverandroid.intent.action.MEDIA_MOUNTED
W/MTPRx   (  503): media mounted ACTION_MEDIA_MOUNTED
V/MTPRx   (  503): SD card already available. just return
I/ActivityManager(  234): Start proc app.processName for broadcast hostingNameStr: pid=1565 uid=10011 gids={1015, 1023, 1006, 3003, 3002, 3001}
I/BaseBaseApiProcessor(  979): bind failed msg: Network Problem
I/ActivityManager(  234): Start proc app.processName for broadcast hostingNameStr: pid=1580 uid=10023 gids={2001, 3003, 1015, 1023}
D/dalvikvm( 1565): GC_CONCURRENT freed 343K, 23% free 3024K/3911K, paused 1ms+2ms
D/dalvikvm(  234): GC_EXPLICIT freed 1267K, 39% free 10067K/16455K, paused 4ms+6ms
I/Process ( 1565): Sending signal. PID: 1565 SIG: 9
W/dalvikvm( 1580): Refusing to reopen boot DEX '/system/framework/framework-yi.jar'
I/ActivityManager(  234): Process com.baidu.BaiduMap:bdservice_v1 (pid 1565) has died.
I/ActivityManager(  234): Start proc app.processName for broadcast hostingNameStr: pid=1597 uid=10024 gids={3003, 1015, 1023, 1007, 1004, 2002}
I/dalvikvm( 1597): Turning on JNI app bug workarounds for target SDK version 10...
I/Process ( 1580): Sending signal. PID: 1580 SIG: 9
W/dalvikvm( 1597): Refusing to reopen boot DEX '/system/framework/framework-yi.jar'
I/ActivityManager(  234): Process com.baidu.android.ota:bdservice_v1 (pid 1580) has died.
I/ActivityManager(  234): Start proc app.processName for broadcast hostingNameStr: pid=1614 uid=10046 gids={1006, 3003, 1015, 1023, 1007}
I/Process ( 1597): Sending signal. PID: 1597 SIG: 9
I/ActivityManager(  234): Process com.baidu.yi.userfeedback:bdservice_v1 (pid 1597) has died.
V/AlarmManager(  234): ClockReceiver onReceive() ACTION_TIME_TICK
W/AlarmManager(  234): FACTORY_ON= 0
I/Surface (  375): Surface_lockCanvas
D/dalvikvm( 1614): GC_CONCURRENT freed 321K, 23% free 3043K/3911K, paused 2ms+2ms
I/Process ( 1614): Sending signal. PID: 1614 SIG: 9
E/MTPRx   (  503): In MtpReceiverandroid.intent.action.ACTION_POWER_DISCONNECTED
W/MTPRx   (  503): USB removed
W/MTPRx   (  503): MTP_RUNNING_STATUS = 0
E/UBC     (  466): UBCConfigChangedHandler : wrong UBC configuration command (-1)
I/ActivityManager(  234): Process com.baidu.searchbox:bdservice_v1 (pid 1614) has died.
D/dalvikvm( 1195): DexOpt: couldn't find field Landroid/app/ActivityManager$MemoryInfo;.totalMem
W/dalvikvm( 1195): VFY: unable to resolve instance field 2
D/dalvikvm( 1195): VFY: replacing opcode 0x53 at 0x0076
W/AlarmManager(  234): FACTORY_ON= 0
D/MSF.C.NetConnTag( 1436): [E]try open Conn msfwifi.3g.qq.com:8080
D/Posix   ( 1436): ## MMS_TRACE: ##: setsockoptInt(): option = 1, value = 1.
D/Posix   ( 1436): ## MMS_TRACE: ##: setsockoptInt(): option = 9, value = 1.
D/MSF.C.NetConnTag( 1436): [E]open msfwifi.3g.qq.com:8080 failed connError_unreachable
I/ActivityManager(  234): Start proc app.processName for broadcast hostingNameStr: pid=1637 uid=10031 gids={3003, 1015, 1023}
D/SensorManager( 1113): registerListener :: handle = 1  name= BMA222E / KXTJ2 Acceleration Sensor delay= 66667 Listener= com.baidu.location.ac@40ff9558
E/SensorManager( 1113): thread start
I/ActivityThread( 1637): Pub com.android.calendar.CalendarRecentSuggestionsProvider: com.android.calendar.CalendarRecentSuggestionsProvider
I/ActivityManager(  234): Start proc app.processName for broadcast hostingNameStr: pid=1655 uid=10012 gids={3003, 1015, 1023}
I/dalvikvm( 1655): Turning on JNI app bug workarounds for target SDK version 10...
W/dalvikvm( 1655): Refusing to reopen boot DEX '/system/framework/framework-yi.jar'
W/AlarmManager(  234): FACTORY_ON= 0
I/ActivityThread( 1655): Pub BaiduMusic: com.baidu.musicplayer.provider.BaiduMusicProvider
V/MusicPlayer( 1655): [BaiduMp3Logger:] Create logger [BaiduMusicProvider] 
I/MusicPlayer( 1655): [BaiduMusicProvider:] BaiduMusicDB current verison:   4
D/MediaScanReceiver( 1655):  onReceive action = android.intent.action.MEDIA_SCANNER_FINISHED
I/BaiduTheme( 1178): EventReceiver: 1 Got intent with action android.intent.action.MEDIA_SCANNER_FINISHED
V/MusicPlayer( 1655): [BaiduMp3Logger:] Create logger [ScanService] 
D/ScanService( 1655):  onCreate 
V/MusicPlayer( 1655): [BaiduMp3Logger:] Create logger [LocalController] 
I/MusicPlayer( 1655): [ScanService:] onStartCommand
D/ScanService( 1655): event = 1
D/ScanService( 1655): ++++++handleScanFinish
I/ActivityManager(  234): Start proc app.processName for broadcast hostingNameStr: pid=1674 uid=10051 gids={1006, 3003, 1015, 1023, 1007}
W/AlarmManager(  234): FACTORY_ON= 0
I/dalvikvm( 1674): Turning on JNI app bug workarounds for target SDK version 11...
W/AlarmManager(  234): FACTORY_ON= 0
D/dalvikvm( 1113): Trying to load lib /data/data/com.baidu.BaiduMap/lib/liblocSDK4c.so 0x40f2bd20
D/dalvikvm( 1113): Added shared lib /data/data/com.baidu.BaiduMap/lib/liblocSDK4c.so 0x40f2bd20
D/dalvikvm( 1113): No JNI_OnLoad found in /data/data/com.baidu.BaiduMap/lib/liblocSDK4c.so 0x40f2bd20, skipping init
I/BaiduTheme( 1178): FetchThemeDataService: already has /1.btp
I/BaiduTheme( 1178): FetchThemeDataService: already has /ios7.btp
D/MusicPlayer( 1655): [BaiduMusicProvider:] +++insertInternal,uri:content://BaiduMusic/music_merge,match:3
D/mMediaProviderObserver( 1655): +++insertInternal ,merge mediastore data!!
D/MusicPlayer( 1655): [BaiduMusicProvider:] +++insertInternal, merge mediastore data!!
D/MusicPlayer( 1655): [BaiduMusicProvider:] +++mergeMediastoreToMusicInfo,begin!!!
D/dalvikvm( 1674): GC_CONCURRENT freed 316K, 22% free 3051K/3911K, paused 2ms+2ms
D/dalvikvm(  430): GC_CONCURRENT freed 105K, 14% free 4615K/5319K, paused 1ms+2ms
D/MusicPlayer( 1655): [BaiduMusicProvider:] +++getStorageAudioCursor,filterString:date_added <= 1404644613,storageType:externalContent
D/dalvikvm( 1674): GC_CONCURRENT freed 161K, 18% free 3434K/4167K, paused 2ms+2ms
I/MusicPlayer( 1655): [BaiduMusicProvider:] SELECT _id FROM musicInfo WHERE (mediastore_id NOT IN (1896, 1897, 8403, 8404))
D/MusicPlayer( 1655): [BaiduMusicProvider:] +++query,url:content://BaiduMusic/local/playlists,table:19
D/dalvikvm( 1674): Trying to load lib /data/data/com.sina.weibo/lib/libutility.so 0x40f2eb48
D/dalvikvm( 1674): Added shared lib /data/data/com.sina.weibo/lib/libutility.so 0x40f2eb48
D/dalvikvm( 1674): No JNI_OnLoad found in /data/data/com.sina.weibo/lib/libutility.so 0x40f2eb48, skipping init
I/MusicPlayer( 1655): [BaiduMusicProvider:] DELETE FROM musicInfo WHERE mediastore_id NOT IN('1896', '1897', '8403', '8404')
D/MusicPlayer( 1655): [BaiduMusicProvider:] +++getStorageAudioCursor,filterString:date_added > 1404644613,storageType:externalContent
D/MusicPlayer( 1655): [BaiduMusicProvider:] +++add mediastore data,no data!!
I/MusicPlayer( 1655): [BaiduMusicProvider:] +++mergeMediastoreToMusicInfo,cost time (not first merge) :236
D/dalvikvm( 1674): GC_CONCURRENT freed 127K, 16% free 3854K/4551K, paused 2ms+3ms
I/MusicPlayer( 1655): [BaiduMusicProvider:] +++mergeMediastoreToMusicInfo merge: 4 records
D/ScanService( 1655):  onDestroy 
D/dalvikvm(  430): GC_CONCURRENT freed 110K, 12% free 5257K/5959K, paused 1ms+3ms
W/System.err( 1674): java.lang.NullPointerException
W/System.err( 1674): 	at android.telephony.TelephonyManager.getLine1Number(TelephonyManager.java:770)
W/System.err( 1674): 	at com.sina.weibo.WeiboApplication.onCreate(WeiboApplication.java:590)
W/System.err( 1674): 	at android.app.Instrumentation.callApplicationOnCreate(Instrumentation.java:973)
W/System.err( 1674): 	at android.app.ActivityThread.handleBindApplication(ActivityThread.java:3930)
W/System.err( 1674): 	at android.app.ActivityThread.access$1300(ActivityThread.java:128)
W/System.err( 1674): 	at android.app.ActivityThread$H.handleMessage(ActivityThread.java:1199)
W/System.err( 1674): 	at android.os.Handler.dispatchMessage(Handler.java:99)
W/System.err( 1674): 	at android.os.Looper.loop(Looper.java:137)
W/System.err( 1674): 	at android.app.ActivityThread.main(ActivityThread.java)
W/System.err( 1674): 	at java.lang.reflect.Method.invokeNative(Native Method)
W/System.err( 1674): 	at java.lang.reflect.Method.invoke(Method.java:511)
W/System.err( 1674): 	at com.android.internal.os.ZygoteInit$MethodAndArgsCaller.run(ZygoteInit.java:994)
W/System.err( 1674): 	at com.android.internal.os.ZygoteInit.main(ZygoteInit.java:761)
W/System.err( 1674): 	at dalvik.system.NativeStart.main(Native Method)
D/BdPushServiceReceiver(  766): <<< received intent: Intent { act=com.baidu.android.pushservice.action.RECEIVE flg=0x30 pkg=com.baidu.browser.apps cmp=xxxx (has extras) }
D/BdPushServiceReceiver(  766): onMessage: method : method_bind
D/BdPushServiceReceiver(  766): onMessage: result : 10001
D/BdPushServiceReceiver(  766): onMessage: content : Network Problem
D/dalvikvm(  430): GC_CONCURRENT freed 44K, 10% free 6140K/6791K, paused 2ms+3ms
D/dalvikvm(  430): GC_CONCURRENT freed 52K, 8% free 7317K/7943K, paused 1ms+1ms
E/com.baidu.trafficmonitor.flowcompress.CompressSwitchTransact( 1420): ensureBinderGotted:ServiceManager.getService failed
D/TrafficMonitorMain( 1420): b = false
D/TrafficMonitorMain( 1420): -------run script end-------
D/TrafficMonitorMain( 1420): =========createIptables end code = -1 =========
D/TrafficMonitorMain( 1420): =========resetIptablesRules begin=========
D/TrafficMonitorMain( 1420): =========resetIptablesRules empty end=========
W/PowerManagerService(  234): Timer 0x3->0x1|0x0
I/PowerManagerService(  234): Ulight 0x3->0x1|0x0
D/dalvikvm(  430): GC_CONCURRENT freed 765K, 14% free 8502K/9863K, paused 2ms+1ms
D/MSF.C.NetConnTag( 1436): [E]try open Conn msfwifi.3g.qq.com:8080
D/Posix   ( 1436): ## MMS_TRACE: ##: setsockoptInt(): option = 1, value = 1.
D/Posix   ( 1436): ## MMS_TRACE: ##: setsockoptInt(): option = 9, value = 1.
D/MSF.C.NetConnTag( 1436): [E]open msfwifi.3g.qq.com:8080 failed connError_unreachable
D/BatteryService(  234): update start
D/BatteryService(  234): level:86 scale:100 status:2 health:2 present:true voltage: 4103 temperature: 364 technology: Li-ion AC powered:false USB powered:true icon:17303188 invalid charger:0
D/BatteryService(  234): update start
D/SmartPowerService(  234): receive broadcast! action = android.intent.action.BATTERY_CHANGED
D/SmartPowerService(  234): batteryLevel = 86
D/SmartPowerService(  234): battery changed! level = 86, mIsTriggered = false
D/SmartPowerService(  234): battery low condition. value = 86,data 1 = 20
D/PowerManagerService(  234): reactivateScreenLocksLocked mProxIgnoredBecauseScreenTurnedOff=false
I/PowerManagerService(  234): Ulight 0x1->0x3|0x0
V/UiModeManager(  234): updateLocked, mLastBroadcastState =0 , oldAction = null
E/MTPRx   (  503): In MtpReceiverandroid.intent.action.ACTION_POWER_CONNECTED
D/STATUSBAR-NotificationService(  234): cancelNotification - pkg:XXX.XXXXX.XXXXXXXXX, id:2131493635
W/PowerUI (  375): unknown intent: Intent { act=android.intent.action.ACTION_POWER_CONNECTED flg=0x10000010 }
I/Surface (  375): Surface_lockCanvas
D/dalvikvm(  375): GC_CONCURRENT freed 1452K, 56% free 6225K/13959K, paused 2ms+4ms
D/ApplicationPolicy(  234): isStatusBarNotificationAllowed: packageName = android
D/UsbDeviceManager(  234): USB UEVENT: {USB_STATE=CONNECTED, SUBSYSTEM=android_usb, DEVPATH=/devices/virtual/android_usb/android0, SEQNUM=1252, ACTION=change}
D/UsbDeviceManager(  234): handleMessage -> MSG_UPDATE_STATE connected = 1,configured = 0
D/UsbDeviceManager(  234): updateUsbNotification : mConnected = true, mConfigured = false, mCurrentFunctions = mtp,adb
D/STATUSBAR-NotificationService(  234): enqueueNotificationInternal - pkg:android, id:17040654
D/UsbDeviceManager(  234): USB UEVENT: {USB_STATE=CONFIGURED, SUBSYSTEM=android_usb, DEVPATH=/devices/virtual/android_usb/android0, SEQNUM=1253, ACTION=change}
D/STATUSBAR-NotificationService(  234): Noti Alert - mSystemReady:true, AlertEnabled:true
D/UsbDeviceManager(  234): updateUsbNotification : notify id = 17040654, title = 
D/UsbDeviceManager(  234): updateAdbNotification : mAdbEnabled = true, mConnected = true, mAdbNotificationShown = false
D/UsbDeviceManager(  234): don't notify adb
D/UsbDeviceManager(  234): sending intent : ACTION_USB_STATE : connected = true, configured = false, functions = mtp,adb
E/MTPRx   (  503): In MtpReceiverandroid.hardware.usb.action.USB_STATE
E/MTPRx   (  503):  value of dev_boot_completed is1
E/MTPRx   (  503):  booting is completed
E/MTPRx   (  503):  check value of boot_completed is1
E/MTPRx   (  503):  check booting is completed
E/MTPRx   (  503): Sd-Card path/mnt/extSdCard
E/MTPRx   (  503): Status for mount/Unmount :mounted
E/MTPRx   (  503): SDcard is  available
D/UsbDeviceManager(  234): handleMessage -> MSG_UPDATE_STATE connected = 1,configured = 1
D/UsbDeviceManager(  234): updateUsbNotification : mConnected = true, mConfigured = true, mCurrentFunctions = mtp,adb
E/MTPRx   (  503): The value of first_boot is  1
E/MTPRx   (  503): [ 662] The value of first_boot is  1NORMAL SEQUENCE 
W/MTPRx   (  503): value of connected isfalse
W/MTPRx   (  503): value of mtpEnabled istrue
W/MTPRx   (  503): value of ptpEnabled isfalse
E/MTPRx   (  503): Received USB_STATE with sdCardLaunch = 0
E/MTPRx   (  503): Returning connected = false
D/UsbDeviceManager(  234): updateAdbNotification : mAdbEnabled = true, mConnected = true, mAdbNotificationShown = false
D/UsbDeviceManager(  234): don't notify adb
D/UsbDeviceManager(  234): sending intent : ACTION_USB_STATE : connected = true, configured = true, functions = mtp,adb
E/DataRouter(  109): After the usb select 
E/DataRouter(  109): read usb data[len:1]
E/DataRouter(  109): read usb data message:A
E/DataRouter(  109): Before the usb select 
D/connfw  (   93): [DR->CONNFW]Received data notification
D/connfw  (   93): NOT DEFINE
D/connfw  (   93): Message:AT
D/connfw  (   93): 
E/DTT     (   91): [DR->DTT]Received data notification
E/DTT     (   91): NOT DEFINE
E/DTT     (   91): Message:AT
E/DTT     (   91): 
D/Kies    (   89): [DR->KIES]Received data notification
D/Kies    (   89): NOT DEFINE
D/Kies    (   89): Message:AT
D/Kies    (   89): 
E/SMD     (   90): ***Received data notification[DR->SMD]***
E/SMD     (   90): Message:A
E/SMD     (   90): Sending data to SMD: Len = [1]
E/SMD     (   90):  buffer = [A]
E/SMD     (   90): Wrote 1 chars to SMD PORT fd=11 ch = 41
E/DataRouter(  109): [socket:14]******* Received data notification *******
E/DataRouter(  109): [socket:15]******* Received data notification *******
E/DataRouter(  109): [socket:16]******* Received data notification *******
E/MTPRx   (  503): In MtpReceiverandroid.hardware.usb.action.USB_STATE
E/MTPRx   (  503):  value of dev_boot_completed is1
E/MTPRx   (  503):  booting is completed
E/MTPRx   (  503):  check value of boot_completed is1
E/MTPRx   (  503):  check booting is completed
E/MTPRx   (  503): Sd-Card path/mnt/extSdCard
E/MTPRx   (  503): Status for mount/Unmount :mounted
E/MTPRx   (  503): SDcard is  available
E/MTPRx   (  503): The value of first_boot is  1
E/MTPRx   (  503): [ 662] The value of first_boot is  1NORMAL SEQUENCE 
W/MTPRx   (  503): value of connected istrue
W/MTPRx   (  503): value of mtpEnabled istrue
W/MTPRx   (  503): value of ptpEnabled isfalse
E/MTPRx   (  503): Received USB_STATE with sdCardLaunch = 0
E/MTPRx   (  503): Sending NORMAL_BOOT to stack
I/System.out(  503): noti = 17
D/PowerManagerService(  234): setScreenOffTimeouts mKeylightDelay=1500 mDimDelay=6500 mScreenOffDelay=7000 mDimScreen=true
D/MtpService(  430): addStorageLocked 65537 /mnt/sdcard
D/MtpService(  430): addStorageLocked 131073 /mnt/extSdCard
D/MtpService(  430): starting MTP server in MTP mode
D/MediaScanner(  430): MediaScanner - mSkipList (/mnt/sdcard/autonavidata50/,/mnt/sdcard/DioDict3B/)
E/MtpServerJNI(  430): could not open MTP driver, errno: 2
D/MtpService(  430): addStorageLocked 131073 /mnt/extSdCard
E/MtpServerJNI(  430): server is null in add_storage
D/MtpService(  430): addStorageLocked 65537 /mnt/sdcard
E/MtpServerJNI(  430): server is null in add_storage
E/MTPRx   (  503): file kieswifi.dat is not found
E/MTPRx   (  503): usb mode = 0
E/MtpServerJNI(  430): server is null in run
E/MtpServerJNI(  430): server is null in cleanup
E/MTPRx   (  503): sending MTP_ICON_ENABLED to stack
E/MTPRx   (  503): else part ... so first time!!!
E/MTPPlaObsrvr(  503): inside setContext()
D/PowerManagerService(  234): setScreenOffTimeouts mKeylightDelay=1500 mDimDelay=6500 mScreenOffDelay=7000 mDimScreen=true
E/MTPPlaObsrvr(  503): playlist count is0
E/MTPPlaObsrvr(  503): Inside registerContentObserver
E/DataRouter(  109): After the usb select 
E/DataRouter(  109): read usb data[len:1]
E/DataRouter(  109): read usb data message:T
E/DataRouter(  109): Before the usb select 
D/connfw  (   93): [DR->CONNFW]Received data notification
D/connfw  (   93): NOT DEFINE
D/connfw  (   93): Message:TT
D/connfw  (   93): 
E/DTT     (   91): [DR->DTT]Received data notification
E/DTT     (   91): NOT DEFINE
E/DTT     (   91): Message:TT
E/DTT     (   91): 
D/Kies    (   89): [DR->KIES]Received data notification
D/Kies    (   89): NOT DEFINE
D/Kies    (   89): Message:TT
D/Kies    (   89): 
E/SMD     (   90): ***Received data notification[DR->SMD]***
E/SMD     (   90): Message:T
E/SMD     (   90): Sending data to SMD: Len = [1]
E/SMD     (   90):  buffer = [T]
E/SMD     (   90): Wrote 1 chars to SMD PORT fd=11 ch = 54
E/DataRouter(  109): [socket:14]******* Received data notification *******
E/DataRouter(  109): [socket:15]******* Received data notification *******
E/DataRouter(  109): [socket:16]******* Received data notification *******
E/MtpService(  503): onCreate.
I/Surface (  375): Surface_lockCanvas
E/MtpService(  503): onStartCommand.
W/MTPRx   (  503): calling native method
E/MTPJNIInterface(  503): < MTP > Registering BroadCast receiver :::::
I/System.out(  503): noti = 10
E/MtpService(  503): onStartCommand.
W/MTPRx   (  503): calling native method
E/MTPJNIInterface(  503): < MTP > Registering BroadCast receiver :::::
E/MtpService(  503): handleMessage. msg= { what=0 when=-8ms arg1=1 obj=Intent { cmp=xxxx } }
E/MTPRx   (  503): Checking the driver time out
I/System.out(  503): noti = 2
D/        (  503): event handler thread is created, so set the flag
E/MTPRx   (  503): called native method
I/System.out(  503): setting Media scanner status0
I/System.out(  503): After setting Media scanner status0
I/System.out(  503): Getting media scanner status0
W/MTPRx   (  503): notification from stack 1
I/Surface (  375): Surface_lockCanvas
I/Surface (  375): Surface_lockCanvas
I/Surface (  375): Surface_lockCanvas
I/Surface (  375): Surface_lockCanvas
D/STATUSBAR-NotificationService(  234): enqueueNotificationInternal - pkg:XXX.XXXXXXX.XXXXXXXXXXXXXX, id:11112
E/NotificationService(  234): Ignoring notification with icon==0: Notification(contentView=null vibrate=null,sound=null,defaults=0x0,flags=0x62)
D/STATUSBAR-NotificationService(  234): Noti Alert - mSystemReady:true, AlertEnabled:true
E/MtpService(  503): handleMessage. msg= { what=0 when=-44ms arg1=2 obj=Intent { cmp=xxxx } }
D/STATUSBAR-NotificationService(  234): enqueueNotificationInternal - pkg:XXX.XXXXXXX.XXXXXXXXXXXXXX, id:11112
E/NotificationService(  234): Ignoring notification with icon==0: Notification(contentView=null vibrate=null,sound=null,defaults=0x0,flags=0x62)
D/STATUSBAR-NotificationService(  234): Noti Alert - mSystemReady:true, AlertEnabled:true
I/Surface (  375): Surface_lockCanvas
E/DataRouter(  109): After the usb select 
E/DataRouter(  109): read usb data[len:1]
E/DataRouter(  109): read usb data message:
E/DataRouter(  109): Before the usb select 
D/connfw  (   93): [DR->CONNFW]Received data notification
D/connfw  (   93): NOT DEFINE
D/connfw  (   93): Message:T
D/connfw  (   93): 
E/DTT     (   91): [DR->DTT]Received data notification
E/DTT     (   91): NOT DEFINE
E/DTT     (   91): Message:T
E/DTT     (   91): 
D/Kies    (   89): [DR->KIES]Received data notification
D/Kies    (   89): NOT DEFINE
D/Kies    (   89): Message:T
D/Kies    (   89): 
E/SMD     (   90): ***Received data notification[DR->SMD]***
E/SMD     (   90): Message:
E/SMD     (   90): Sending data to SMD: Len = [1]
E/SMD     (   90):  buffer = []
E/SMD     (   90): Wrote 1 chars to SMD PORT fd=11 ch = d
E/DataRouter(  109): [socket:14]******* Received data notification *******
E/DataRouter(  109): [socket:15]******* Received data notification *******
E/DataRouter(  109): [socket:16]******* Received data notification *******
D/SPRDENG (  151): eng_server2modem: use SIM1 /dev/CHNPTY13
D/SPRDENG (  151): AT > 
D/SPRDENG (  151): eng_modem2server: use SIM1 /dev/CHNPTY13
D/PHONESERVER(  146): Send thread's TID [303] CHNMNG:findNextEOL:
D/PHONESERVER(  146): Send thread's TID [303] CHNMNG:end findNextEOL:
D/PHONESERVER(  146): Send thread's TID [303] PS_PTY : /dev/CHNPTY13 Received 2 bytes command[]
D/PHONESERVER(  146): 
D/PHONESERVER(  146):  Can not find a correct command router for cmd: 
D/PHONESERVER(  146): pty_write get lock
D/PHONESERVER(  146): PS_PTY:/dev/CHNPTY13   write :
D/PHONESERVER(  146): ERROR
D/PHONESERVER(  146): 
D/PHONESERVER(  146): pty_write free lock
D/SPRDENG (  151): AT < 
D/SPRDENG (  151): ERROR
D/SPRDENG (  151): 
E/SMD     (   90): After the Modem Read select 
E/SMD     (   90): Read 9 chars from SMD Modem file fd = 11
E/SMD     (   90):  Message: 
E/SMD     (   90): ERROR
E/SMD     (   90): 
E/SMD     (   90): Before the Modem Read select 
E/DataRouter(  109): [socket:17]******* Received data notification *******
E/DataRouter(  109): [socket:17]read socket data[len:9]
E/DataRouter(  109): [socket:17]read socket data[message:
E/DataRouter(  109): ERROR
E/DataRouter(  109): 
I/Surface (  375): Surface_lockCanvas
I/Surface (  375): Surface_lockCanvas
I/Surface (  375): Surface_lockCanvas
I/Surface (  375): Surface_lockCanvas
I/Surface (  375): Surface_lockCanvas
I/Surface (  375): Surface_lockCanvas
I/Surface (  375): Surface_lockCanvas
I/Surface (  375): Surface_lockCanvas
I/Surface (  375): Surface_lockCanvas
I/Surface (  375): Surface_lockCanvas
I/Surface (  375): Surface_lockCanvas
I/Surface (  375): Surface_lockCanvas
I/Surface (  375): Surface_lockCanvas
I/Surface (  375): Surface_lockCanvas
I/Surface (  375): Surface_lockCanvas
I/Surface (  375): Surface_lockCanvas
I/Surface (  375): Surface_lockCanvas
E/SMD     (   90): InvokeOemRequestHookRaw usbstatus true is success
E/SMD     (   90): [*] dr_smd_dsr_event_hdlr event received  is received 
E/SMD     (   90): data pin is DSR 
E/SMD     (   90): DSR pinstatus is ON 
I/Surface (  375): Surface_lockCanvas
I/Surface (  375): Surface_lockCanvas
I/Surface (  375): Surface_lockCanvas
I/Surface (  375): Surface_lockCanvas
E/Watchdog(  234): !@Sync 2
D/SensorManager( 1113): unregisterListener:: handle = 1 Listener= com.baidu.location.ac@40ff9558 name = BMA222E / KXTJ2 Acceleration Sensor
D/Sensors ( 1113): Remain listener = Sending .. normal delay 200ms
I/Sensors ( 1113): sendDelay --- 200000000
D/SensorManager( 1113): JNI - sendDelay
I/SensorManager( 1113): Set normal delay = true
D/Posix   (  234): ## MMS_TRACE: ##: setsockoptInt(): option = 18, value = 1.
D/Posix   (  234): ## MMS_TRACE: ##: setsockoptInt(): option = 6, value = 1.
V/AlarmManager(  234): waitForAlarm result :8
W/AlarmManager(  234): FACTORY_ON= 0
I/InputReader(  234): Touch event's action is 0x0 (deviceType=0) [pCnt=1, pending(waiting finished signal)=0, s=0.12 ]
I/InputDispatcher(  234): Delivering touch to current input target: action: 0x0
I/InputDispatcher(  234): Delivering touch to current input target: action: 0x0
D/        (  503): written string MTP into file /sys/devices/platform/android_usb
W/Vibrator(  234): Vibrator.cancel()
I/PowerManagerService(  234): Ulight 0x3->0x7|0x0
D/PowerManagerService(  234): setLightBrightness : mButtonLight : 20
D/VibratorService(  234): JNI vibratorOff()
D/STATUSBAR-NotificationService(  234): updateLightsLocked() : Turn off notification light
I/SurfaceFlinger(   95): id=22(8) createSurface 0x412c54 (480x800),1 flag=0, TrackingViex
D/GlRenderer(  375): initialize
D/GlRenderer(  375): initializeEgl
D/STATUSBAR-StatusBarManagerService(  234): setSystemUiVisibility(0x0)
D/STATUSBAR-StatusBarManagerService(  234): manageDisableList what=0x0 pkg=WindowManager.LayoutParams
I/libEGL  (  375): eglCreateWindowSurface
D/STATUSBAR-StatusBarManagerService(  234): setSystemUiVisibility(0x0)
D/STATUSBAR-StatusBarManagerService(  234): manageDisableList what=0x0 pkg=WindowManager.LayoutParams
E/MTPJNIInterface(  503): Sd-Card path/mnt/extSdCard
E/MTPJNIInterface(  503): Status for mount/Unmount :mounted
E/MTPJNIInterface(  503): SDcard is  available
I/InputReader(  234): Touch event's action is 0x1 (deviceType=0) [pCnt=1, pending(waiting finished signal)=0, s=]
I/InputDispatcher(  234): Delivering touch to current input target: action: 0x1
I/InputDispatcher(  234): Delivering touch to current input target: action: 0x1
D/        (  503): written string DATA_STORE_ID into file /data/hidden_volume.txt 
D/        (  503):  
D/        (  503): written string CACHE_STORE_ID into file /cache/hidden_volume.txt 
D/        (  503):  
E/MTPJNIInterface(  503): Sd-Card path/mnt/extSdCard
E/MTPJNIInterface(  503): Status for mount/Unmount :mounted
E/MTPJNIInterface(  503): SDcard is  available
W/MTPRx   (  503): notification from stack 2
D/        (  503): [mtp_init_device] Going to open(): /dev/usb_mtp_gadget
E/        (  503): [mtp_init_device]  After open the MTP fd = 58 and line = 696...
D/        (  503): [mtp_init_device] IOCTL SET_MTP_USER_PID Sucesss 
D/        (  503): [mtp_init_device] b4 calling MTP_ONLY_ENABLE  ioctl coneect to host
E/DataRouter(  109): After the usb select 
E/DataRouter(  109): read length is zero
E/DataRouter(  109): dr_usb_deinit
E/DataRouter(  109): dr_usb_init
E/DataRouter(  109): USB Interface is open with 0xd
E/DataRouter(  109): USB interface is now configured for usb_fd = 0xd
E/DataRouter(  109): pcsyncreset
E/DataRouter(  109): read usb data[len:0]
E/DataRouter(  109): read usb data message:
E/DataRouter(  109): Before the usb select 
D/UsbDeviceManager(  234): USB UEVENT: {USB_STATE=DISCONNECTED, SUBSYSTEM=android_usb, DEVPATH=/devices/virtual/android_usb/android0, SEQNUM=1254, ACTION=change}
D/connfw  (   93): [DR->CONNFW]Received data notification
E/DTT     (   91): [DR->DTT]Received data notification
D/Kies    (   89): [DR->KIES]Received data notification
D/Kies    (   89): dr_process_kies_app(0)
D/Kies    (   89): child pid = 1714.
E/SMD     (   90): ***Received data notification[DR->SMD]***
E/SMD     (   90): Path set is DATA_PATH_DR_SMD_MANAGER
E/SMD     (   90): Message:
E/SMD     (   90): Sending data to SMD: Len = [3]
E/SMD     (   90):  buffer = []
E/SMD     (   90): Wrote 3 chars to SMD PORT fd=11 ch = 81
D/Kies    ( 1714): child pid = 0.
D/Kies    ( 1714): execute sh.
D/dalvikvm( 1436): GC_CONCURRENT freed 973K, 31% free 3474K/4999K, paused 2ms+2ms
D/MSF.C.NetConnTag( 1436): [E]try open Conn msfwifi.3g.qq.com:8080
D/Posix   ( 1436): ## MMS_TRACE: ##: setsockoptInt(): option = 1, value = 1.
D/Posix   ( 1436): ## MMS_TRACE: ##: setsockoptInt(): option = 9, value = 1.
D/MSF.C.NetConnTag( 1436): [E]open msfwifi.3g.qq.com:8080 failed connError_unreachable
D/MSF.C.NetConnTag( 1436): [E]try open Conn msfwifi.3g.qq.com:8080
D/Posix   ( 1436): ## MMS_TRACE: ##: setsockoptInt(): option = 1, value = 1.
D/Posix   ( 1436): ## MMS_TRACE: ##: setsockoptInt(): option = 9, value = 1.
D/MSF.C.NetConnTag( 1436): [E]open msfwifi.3g.qq.com:8080 failed connError_unreachable
D/dalvikvm( 1436): GC_CONCURRENT freed 437K, 32% free 3427K/4999K, paused 2ms+1ms
I/InputReader(  234): Touch event's action is 0x0 (deviceType=0) [pCnt=1, pending(waiting finished signal)=0, s=0.13 ]
I/InputDispatcher(  234): Delivering touch to current input target: action: 0x0
I/InputDispatcher(  234): Delivering touch to current input target: action: 0x0
I/InputReader(  234): Touch event's action is 0x1 (deviceType=0) [pCnt=1, pending(waiting finished signal)=1, s=]
I/InputDispatcher(  234): Delivering touch to current input target: action: 0x1
I/InputDispatcher(  234): Delivering touch to current input target: action: 0x1
D/UsbDeviceManager(  234): USB UEVENT: {USB_STATE=CONNECTED, SUBSYSTEM=android_usb, DEVPATH=/devices/virtual/android_usb/android0, SEQNUM=1255, ACTION=change}
D/UsbDeviceManager(  234): handleMessage -> MSG_UPDATE_STATE connected = 1,configured = 0
D/UsbDeviceManager(  234): updateUsbNotification : mConnected = true, mConfigured = false, mCurrentFunctions = mtp,adb
D/UsbDeviceManager(  234): updateAdbNotification : mAdbEnabled = true, mConnected = true, mAdbNotificationShown = false
D/UsbDeviceManager(  234): don't notify adb
D/UsbDeviceManager(  234): sending intent : ACTION_USB_STATE : connected = true, configured = false, functions = mtp,adb
D/UsbDeviceManager(  234): USB UEVENT: {USB_STATE=CONFIGURED, SUBSYSTEM=android_usb, DEVPATH=/devices/virtual/android_usb/android0, SEQNUM=1256, ACTION=change}
E/MTPRx   (  503): In MtpReceiverandroid.hardware.usb.action.USB_STATE
E/MTPRx   (  503):  value of dev_boot_completed is1
E/MTPRx   (  503):  booting is completed
E/MTPRx   (  503):  check value of boot_completed is1
E/MTPRx   (  503):  check booting is completed
E/MTPRx   (  503): Sd-Card path/mnt/extSdCard
E/MTPRx   (  503): Status for mount/Unmount :mounted
E/MTPRx   (  503): SDcard is  available
E/MTPRx   (  503): The value of first_boot is  1
E/MTPRx   (  503): [ 662] The value of first_boot is  1NORMAL SEQUENCE 
W/MTPRx   (  503): value of connected isfalse
W/MTPRx   (  503): value of mtpEnabled istrue
W/MTPRx   (  503): value of ptpEnabled isfalse
E/MTPRx   (  503): Received USB_STATE with sdCardLaunch = 0
E/MTPRx   (  503): Returning connected = false
D/UsbDeviceManager(  234): handleMessage -> MSG_UPDATE_STATE connected = 1,configured = 1
D/UsbDeviceManager(  234): updateUsbNotification : mConnected = true, mConfigured = true, mCurrentFunctions = mtp,adb
D/UsbDeviceManager(  234): updateAdbNotification : mAdbEnabled = true, mConnected = true, mAdbNotificationShown = false
D/UsbDeviceManager(  234): don't notify adb
D/UsbDeviceManager(  234): sending intent : ACTION_USB_STATE : connected = true, configured = true, functions = mtp,adb
D/AndroidRuntime( 1718): 
D/AndroidRuntime( 1718): >>>>>> AndroidRuntime START com.android.internal.os.RuntimeInit <<<<<<
D/AndroidRuntime( 1718): CheckJNI is OFF
D/AndroidRuntime( 1718): setted country_code = china
D/AndroidRuntime( 1718): setted countryiso_code = CN
D/AndroidRuntime( 1718): setted sales_code = CHM
D/AndroidRuntime( 1718): readGMSProperty: start
D/AndroidRuntime( 1718): readGMSProperty: already setted!!
E/DataRouter(  109): write [9] bytes of data to USB fd[13]
E/DataRouter(  109): [socket:17]dr_usb_write
E/DataRouter(  109): After the usb select 
E/DataRouter(  109): read usb data[len:1]
E/DataRouter(  109): read usb data message:A
E/DataRouter(  109): Before the usb select 
E/SMD     (   90): ***Received data notification[DR->SMD]***
E/SMD     (   90): Message:A
E/SMD     (   90): Sending data to SMD: Len = [1]
E/SMD     (   90):  buffer = [A]
E/SMD     (   90): Wrote 1 chars to SMD PORT fd=11 ch = 41
D/AndroidRuntime( 1718): readGMSProperty: end
E/MTPRx   (  503): In MtpReceiverandroid.hardware.usb.action.USB_STATE
E/MTPRx   (  503):  value of dev_boot_completed is1
E/MTPRx   (  503):  booting is completed
E/MTPRx   (  503):  check value of boot_completed is1
E/MTPRx   (  503):  check booting is completed
E/MTPRx   (  503): Sd-Card path/mnt/extSdCard
E/MTPRx   (  503): Status for mount/Unmount :mounted
E/MTPRx   (  503): SDcard is  available
E/MTPRx   (  503): The value of first_boot is  1
E/MTPRx   (  503): [ 662] The value of first_boot is  1NORMAL SEQUENCE 
W/MTPRx   (  503): value of connected istrue
W/MTPRx   (  503): value of mtpEnabled istrue
W/MTPRx   (  503): value of ptpEnabled isfalse
E/MTPRx   (  503): Received USB_STATE with sdCardLaunch = 0
E/MTPRx   (  503): mtpEnabled is coming again so return
D/MtpService(  430): addStorageLocked 65537 /mnt/sdcard
D/MtpService(  430): addStorageLocked 131073 /mnt/extSdCard
D/MtpService(  430): starting MTP server in MTP mode
D/MediaScanner(  430): MediaScanner - mSkipList (/mnt/sdcard/autonavidata50/,/mnt/sdcard/DioDict3B/)
E/MtpServerJNI(  430): could not open MTP driver, errno: 2
D/MtpService(  430): addStorageLocked 131073 /mnt/extSdCard
E/MtpServerJNI(  430): server is null in add_storage
D/MtpService(  430): addStorageLocked 65537 /mnt/sdcard
E/MtpServerJNI(  430): server is null in add_storage
E/MtpServerJNI(  430): server is null in run
E/MtpServerJNI(  430): server is null in cleanup
E/DataRouter(  109): After the usb select 
E/DataRouter(  109): read usb data[len:1]
E/DataRouter(  109): read usb data message:T
E/DataRouter(  109): Before the usb select 
E/SMD     (   90): ***Received data notification[DR->SMD]***
E/SMD     (   90): Message:T
E/SMD     (   90): Sending data to SMD: Len = [1]
E/SMD     (   90):  buffer = [T]
E/SMD     (   90): Wrote 1 chars to SMD PORT fd=11 ch = 54
E/DataRouter(  109): After the usb select 
E/DataRouter(  109): read usb data[len:1]
E/DataRouter(  109): read usb data message:
E/DataRouter(  109): Before the usb select 
E/SMD     (   90): ***Received data notification[DR->SMD]***
E/SMD     (   90): Message:
E/SMD     (   90): Sending data to SMD: Len = [1]
E/SMD     (   90):  buffer = []
E/SMD     (   90): Wrote 1 chars to SMD PORT fd=11 ch = d
D/SPRDENG (  151): eng_server2modem: use SIM1 /dev/CHNPTY13
D/SPRDENG (  151): AT > 
D/SPRDENG (  151): eng_modem2server: use SIM1 /dev/CHNPTY13
D/PHONESERVER(  146): Send thread's TID [303] CHNMNG:findNextEOL:
D/PHONESERVER(  146): Send thread's TID [303] CHNMNG:end findNextEOL:
D/PHONESERVER(  146): Send thread's TID [303] PS_PTY : /dev/CHNPTY13 Received 2 bytes command[]
D/PHONESERVER(  146): 
D/PHONESERVER(  146):  Can not find a correct command router for cmd: 
D/PHONESERVER(  146): pty_write get lock
D/PHONESERVER(  146): PS_PTY:/dev/CHNPTY13   write :
D/PHONESERVER(  146): ERROR
D/PHONESERVER(  146): 
D/PHONESERVER(  146): pty_write free lock
D/SPRDENG (  151): AT < 
D/SPRDENG (  151): ERROR
D/SPRDENG (  151): 
E/SMD     (   90): After the Modem Read select 
E/SMD     (   90): Read 9 chars from SMD Modem file fd = 11
E/SMD     (   90):  Message: 
E/SMD     (   90): ERROR
E/SMD     (   90): 
E/SMD     (   90): Before the Modem Read select 
E/DataRouter(  109): [socket:17]******* Received data notification *******
E/DataRouter(  109): [socket:17]read socket data[len:9]
E/DataRouter(  109): [socket:17]read socket data[message:
E/DataRouter(  109): ERROR
E/DataRouter(  109): 
E/DataRouter(  109): write [9] bytes of data to USB fd[13]
E/DataRouter(  109): [socket:17]dr_usb_write
E/DataRouter(  109): After the usb select 
E/DataRouter(  109): read usb data[len:1]
E/DataRouter(  109): read usb data message:A
E/DataRouter(  109): Before the usb select 
E/SMD     (   90): ***Received data notification[DR->SMD]***
E/SMD     (   90): Message:A
E/SMD     (   90): Sending data to SMD: Len = [1]
E/SMD     (   90):  buffer = [A]
E/SMD     (   90): Wrote 1 chars to SMD PORT fd=11 ch = 41
E/DataRouter(  109): After the usb select 
E/DataRouter(  109): read usb data[len:1]
E/DataRouter(  109): read usb data message:T
E/DataRouter(  109): Before the usb select 
E/SMD     (   90): ***Received data notification[DR->SMD]***
E/SMD     (   90): Message:T
E/SMD     (   90): Sending data to SMD: Len = [1]
E/SMD     (   90):  buffer = [T]
E/SMD     (   90): Wrote 1 chars to SMD PORT fd=11 ch = 54
E/DataRouter(  109): After the usb select 
E/DataRouter(  109): read usb data[len:1]
E/DataRouter(  109): read usb data message:+
E/DataRouter(  109): Before the usb select 
E/SMD     (   90): ***Received data notification[DR->SMD]***
E/SMD     (   90): Message:+
E/SMD     (   90): Sending data to SMD: Len = [1]
E/SMD     (   90):  buffer = [+]
E/SMD     (   90): Wrote 1 chars to SMD PORT fd=11 ch = 2b
D/Kies    (   89): sending intent finished.
D/Kies    (   89): KIES_WSSERVICE_STOP sending intent result = 1.
D/Kies    (   89): child pid = 1727.
D/Kies    ( 1727): child pid = 0.
D/Kies    ( 1727): execute sh.
E/DataRouter(  109): After the usb select 
E/DataRouter(  109): read usb data[len:1]
E/DataRouter(  109): read usb data message:C
E/DataRouter(  109): Before the usb select 
E/SMD     (   90): ***Received data notification[DR->SMD]***
E/SMD     (   90): Message:C
E/SMD     (   90): Sending data to SMD: Len = [1]
E/SMD     (   90):  buffer = [C]
E/SMD     (   90): Wrote 1 chars to SMD PORT fd=11 ch = 43
E/DataRouter(  109): After the usb select 
E/DataRouter(  109): read usb data[len:1]
E/DataRouter(  109): read usb data message:G
E/DataRouter(  109): Before the usb select 
E/SMD     (   90): ***Received data notification[DR->SMD]***
E/SMD     (   90): Message:G
E/SMD     (   90): Sending data to SMD: Len = [1]
E/SMD     (   90):  buffer = [G]
E/SMD     (   90): Wrote 1 chars to SMD PORT fd=11 ch = 47
E/DataRouter(  109): After the usb select 
E/DataRouter(  109): read usb data[len:1]
E/DataRouter(  109): read usb data message:M
E/DataRouter(  109): Before the usb select 
E/SMD     (   90): ***Received data notification[DR->SMD]***
E/SMD     (   90): Message:M
E/SMD     (   90): Sending data to SMD: Len = [1]
E/SMD     (   90):  buffer = [M]
E/SMD     (   90): Wrote 1 chars to SMD PORT fd=11 ch = 4d
I/Surface (  375): Surface_lockCanvas
E/DataRouter(  109): After the usb select 
E/DataRouter(  109): read usb data[len:1]
E/DataRouter(  109): read usb data message:I
E/DataRouter(  109): Before the usb select 
E/SMD     (   90): ***Received data notification[DR->SMD]***
E/SMD     (   90): Message:I
E/SMD     (   90): Sending data to SMD: Len = [1]
E/SMD     (   90):  buffer = [I]
E/SMD     (   90): Wrote 1 chars to SMD PORT fd=11 ch = 49
I/Surface (  375): Surface_lockCanvas
I/Surface (  375): Surface_lockCanvas
I/Surface (  375): Surface_lockCanvas
I/Surface (  375): Surface_lockCanvas
D/LibQmg_native( 1718): register_android_app_LibQmg
D/AndroidRuntime( 1728): 
D/AndroidRuntime( 1728): >>>>>> AndroidRuntime START com.android.internal.os.RuntimeInit <<<<<<
D/AndroidRuntime( 1728): CheckJNI is OFF
I/Surface (  375): Surface_lockCanvas
D/AndroidRuntime( 1728): setted country_code = china
D/AndroidRuntime( 1728): setted countryiso_code = CN
E/DataRouter(  109): After the usb select 
E/DataRouter(  109): read usb data[len:1]
E/DataRouter(  109): read usb data message:
E/DataRouter(  109): Before the usb select 
E/SMD     (   90): ***Received data notification[DR->SMD]***
E/SMD     (   90): Message:
E/SMD     (   90): Sending data to SMD: Len = [1]
E/SMD     (   90):  buffer = []
E/SMD     (   90): Wrote 1 chars to SMD PORT fd=11 ch = d
D/SPRDENG (  151): eng_server2modem: use SIM1 /dev/CHNPTY13
D/SPRDENG (  151): AT > AT+CGMI
D/SPRDENG (  151): eng_modem2server: use SIM1 /dev/CHNPTY13
D/PHONESERVER(  146): Send thread's TID [303] CHNMNG:findNextEOL:
D/PHONESERVER(  146): Send thread's TID [303] CHNMNG:end findNextEOL:
D/PHONESERVER(  146): Send thread's TID [303] PS_PTY : /dev/CHNPTY13 Received 8 bytes command[AT+CGMI]
D/PHONESERVER(  146): Send thread TID [303] CHNMNG enter channel_manager_get_cmux 
D/PHONESERVER(  146): Before add wait array pty=0x37964
D/PHONESERVER(  146): Before add wait array
D/PHONESERVER(  146): 
D/PHONESERVER(  146): After add wait array
D/PHONESERVER(  146): [0]:303 
D/PHONESERVER(  146): 
D/PHONESERVER(  146): TYPE: GSM
D/PHONESERVER(  146): Send thread TID [303] CHNMNG Leave channel_manager_get_cmux:/dev/ts0710mux5 
D/PHONESERVER(  146): PS_CMUX cmux_regist_cmd_callback cmux:/dev/ts0710mux5
D/PHONESERVER(  146): PS_CMUX :/dev/ts0710mux5 cmux_write:AT+CGMI:len=8
D/PHONESERVER(  146): [303] before timeout (1404659616)
D/PHONESERVER(  146): Receive thread's TID [292] CHMNG:  receive data thread :mux=/dev/ts0710mux5:input:Spreadtrum Communication CO.
D/PHONESERVER(  146): pty_write get lock
D/PHONESERVER(  146): PS_PTY:/dev/CHNPTY13   write :
D/PHONESERVER(  146): Spreadtrum Communication CO.
D/PHONESERVER(  146): 
D/PHONESERVER(  146): pty_write free lock
D/PHONESERVER(  146): Receive thread's TID [292] MUX :/dev/ts0710mux5 Waiting for resp  
D/PHONESERVER(  146): Receive thread's TID [292] CHMNG:  receive data thread :mux=/dev/ts0710mux5:input:OK
D/PHONESERVER(  146): PS_CMUX cmux_deregist_cmd_callback cmux:/dev/ts0710mux5
D/PHONESERVER(  146): pty_write get lock
D/PHONESERVER(  146): PS_PTY:/dev/CHNPTY13   write :
D/PHONESERVER(  146): OK
D/PHONESERVER(  146): 
D/PHONESERVER(  146): pty_write free lock
D/PHONESERVER(  146): PS_PTY also be cleared before pty_clear_wait_resp_flag pty:/dev/CHNPTY13
D/PHONESERVER(  146): CHNMNG enter channel_manager_free_cmux cmux=/dev/ts0710mux5 
D/PHONESERVER(  146): CHNMNG enter channel_manager_free_cmux pty=0x37964 
D/PHONESERVER(  146): [292] Before remove wait array
D/PHONESERVER(  146): [0]:303 
D/PHONESERVER(  146): 
D/PHONESERVER(  146): [292] After remove wait array
D/PHONESERVER(  146): 
D/PHONESERVER(  146): Enter select_send_thread_run
D/PHONESERVER(  146): Leave select_send_thread_run
D/PHONESERVER(  146): CHNMNG Leave channel_manager_free_cmux cmux=/dev/ts0710mux5 
D/PHONESERVER(  146): [292] before signal (1404659616)
D/PHONESERVER(  146): [292] after signal (1404659616)
D/PHONESERVER(  146): Receive thread's TID [292] MUX :/dev/ts0710mux5 Waiting for resp  
D/PHONESERVER(  146): [303] after timeout (1404659616)
D/PHONESERVER(  146): phoneserver mux adapt: generic cmd AT+CGMI
D/AndroidRuntime( 1728): setted sales_code = CHM
D/SPRDENG (  151): AT < 
D/SPRDENG (  151): Spreadtrum Communication CO.
D/SPRDENG (  151): 
D/SPRDENG (  151): OK
D/SPRDENG (  151): 
E/SMD     (   90): After the Modem Read select 
E/SMD     (   90): Read 38 chars from SMD Modem file fd = 11
E/SMD     (   90):  Message: 
E/SMD     (   90): Spreadtrum Communication CO.
E/SMD     (   90): 
E/SMD     (   90): OK
E/SMD     (   90): 
E/SMD     (   90): Before the Modem Read select 
E/DataRouter(  109): [socket:17]******* Received data notification *******
E/DataRouter(  109): [socket:17]read socket data[len:38]
E/DataRouter(  109): [socket:17]read socket data[message:
E/DataRouter(  109): Spreadtrum Communication CO.
E/DataRouter(  109): 
E/DataRouter(  109): OK
E/DataRouter(  109): 
E/DataRouter(  109): write [38] bytes of data to USB fd[13]
E/DataRouter(  109): [socket:17]dr_usb_write
E/DataRouter(  109): After the usb select 
E/DataRouter(  109): read usb data[len:1]
E/DataRouter(  109): read usb data message:A
E/DataRouter(  109): Before the usb select 
E/SMD     (   90): ***Received data notification[DR->SMD]***
E/SMD     (   90): Message:A
E/SMD     (   90): Sending data to SMD: Len = [1]
E/SMD     (   90):  buffer = [A]
E/SMD     (   90): Wrote 1 chars to SMD PORT fd=11 ch = 41
D/AndroidRuntime( 1728): readGMSProperty: start
D/AndroidRuntime( 1728): readGMSProperty: already setted!!
I/Surface (  375): Surface_lockCanvas
D/AndroidRuntime( 1728): readGMSProperty: end
I/Surface (  375): Surface_lockCanvas
I/Surface (  375): Surface_lockCanvas
D/AndroidRuntime( 1718): Calling main entry com.android.commands.am.Am
I/Surface (  375): Surface_lockCanvas
E/DataRouter(  109): After the usb select 
E/DataRouter(  109): read usb data[len:1]
E/DataRouter(  109): read usb data message:T
E/DataRouter(  109): Before the usb select 
E/SMD     (   90): ***Received data notification[DR->SMD]***
E/SMD     (   90): Message:T
E/SMD     (   90): Sending data to SMD: Len = [1]
E/SMD     (   90):  buffer = [T]
E/SMD     (   90): Wrote 1 chars to SMD PORT fd=11 ch = 54
I/Surface (  375): Surface_lockCanvas
D/AndroidRuntime( 1718): Shutting down VM
D/dalvikvm( 1718): GC_CONCURRENT freed 101K, 79% free 551K/2560K, paused 1ms+0ms
I/AndroidRuntime( 1718): NOTE: attach of thread 'Binder Thread #3' failed
I/InputReader(  234): Touch event's action is 0x0 (deviceType=0) [pCnt=1, pending(waiting finished signal)=0, s=0.14 ]
I/InputDispatcher(  234): Delivering touch to current input target: action: 0x0
I/InputDispatcher(  234): Delivering touch to current input target: action: 0x0
I/Surface (  375): Surface_lockCanvas
I/Surface (  375): Surface_lockCanvas
E/DataRouter(  109): After the usb select 
E/DataRouter(  109): read usb data[len:1]
E/DataRouter(  109): read usb data message:+
E/DataRouter(  109): Before the usb select 
E/SMD     (   90): ***Received data notification[DR->SMD]***
E/SMD     (   90): Message:+
E/SMD     (   90): Sending data to SMD: Len = [1]
E/SMD     (   90):  buffer = [+]
E/SMD     (   90): Wrote 1 chars to SMD PORT fd=11 ch = 2b
I/Surface (  375): Surface_lockCanvas
I/InputReader(  234): Touch event's action is 0x1 (deviceType=0) [pCnt=1, pending(waiting finished signal)=0, s=]
I/InputDispatcher(  234): Delivering touch to current input target: action: 0x1
I/InputDispatcher(  234): Delivering touch to current input target: action: 0x1
I/Surface (  375): Surface_lockCanvas
D/SensorManager(  234): registerListener :: handle = 1  name= BMA222E / KXTJ2 Acceleration Sensor delay= 200000 Listener= android.view.WindowOrientationListener$SensorEventListenerImpl@41a67140
D/PowerManagerService(  234): setScreenOffTimeouts mKeylightDelay=1500 mDimDelay=6500 mScreenOffDelay=7000 mDimScreen=true
D/WindowManager(  234): mIsPreventWakeupEnable = 0
E/SensorManager(  234): thread start
E/DataRouter(  109): After the usb select 
E/DataRouter(  109): read usb data[len:1]
E/DataRouter(  109): read usb data message:C
E/DataRouter(  109): Before the usb select 
E/SMD     (   90): ***Received data notification[DR->SMD]***
E/SMD     (   90): Message:C
E/SMD     (   90): Sending data to SMD: Len = [1]
E/SMD     (   90):  buffer = [C]
E/SMD     (   90): Wrote 1 chars to SMD PORT fd=11 ch = 43
I/Surface (  375): Surface_lockCanvas
I/Surface (  375): Surface_lockCanvas
D/QuickSwitchPanel(  375): ImageView onMeasure
D/QuickSwitchPanel(  375): ImageView onMeasure
D/QuickSwitchPanel(  375): ImageView onLayout
E/DataRouter(  109): After the usb select 
E/DataRouter(  109): read usb data[len:1]
E/DataRouter(  109): read usb data message:G
E/DataRouter(  109): Before the usb select 
E/SMD     (   90): ***Received data notification[DR->SMD]***
E/SMD     (   90): Message:G
E/SMD     (   90): Sending data to SMD: Len = [1]
E/SMD     (   90):  buffer = [G]
E/SMD     (   90): Wrote 1 chars to SMD PORT fd=11 ch = 47
I/Surface (  375): Surface_lockCanvas
I/Surface (  375): Surface_lockCanvas
I/Surface (  375): Surface_lockCanvas
E/DataRouter(  109): After the usb select 
E/DataRouter(  109): read usb data[len:1]
E/DataRouter(  109): read usb data message:M
E/DataRouter(  109): Before the usb select 
E/SMD     (   90): ***Received data notification[DR->SMD]***
E/SMD     (   90): Message:M
E/SMD     (   90): Sending data to SMD: Len = [1]
E/SMD     (   90):  buffer = [M]
E/SMD     (   90): Wrote 1 chars to SMD PORT fd=11 ch = 4d
D/Kies    (   89): sending intent finished.
D/Kies    (   89): KIES_APP_STOP sending intent result = 1.
E/DataRouter(  109): After the usb select 
E/DataRouter(  109): read usb data[len:1]
E/DataRouter(  109): read usb data message:M
E/DataRouter(  109): Before the usb select 
E/SMD     (   90): ***Received data notification[DR->SMD]***
E/SMD     (   90): Message:M
E/SMD     (   90): Sending data to SMD: Len = [1]
E/SMD     (   90):  buffer = [M]
E/SMD     (   90): Wrote 1 chars to SMD PORT fd=11 ch = 4d
E/DataRouter(  109): After the usb select 
E/DataRouter(  109): read usb data[len:1]
E/DataRouter(  109): read usb data message:
E/DataRouter(  109): Before the usb select 
E/SMD     (   90): ***Received data notification[DR->SMD]***
E/SMD     (   90): Message:
E/SMD     (   90): Sending data to SMD: Len = [1]
E/SMD     (   90):  buffer = []
D/SPRDENG (  151): eng_server2modem: use SIM1 /dev/CHNPTY13
D/SPRDENG (  151): AT > AT+CGMM
D/PHONESERVER(  146): Send thread's TID [303] CHNMNG:findNextEOL:
D/PHONESERVER(  146): Send thread's TID [303] CHNMNG:end findNextEOL:
E/SMD     (   90): Wrote 1 chars to SMD PORT fd=11 ch = d
D/PHONESERVER(  146): Send thread's TID [303] CHNMNG:findNextEOL:
D/PHONESERVER(  146): Send thread's TID [303] CHNMNG:end findNextEOL:
D/PHONESERVER(  146): Send thread's TID [303] PS_PTY : /dev/CHNPTY13 Received 8 bytes command[AT+CGMM]
D/PHONESERVER(  146): Send thread TID [303] CHNMNG enter channel_manager_get_cmux 
D/PHONESERVER(  146): Before add wait array pty=0x37964
D/PHONESERVER(  146): Before add wait array
D/PHONESERVER(  146): 
D/PHONESERVER(  146): After add wait array
D/PHONESERVER(  146): [0]:303 
D/PHONESERVER(  146): 
D/PHONESERVER(  146): TYPE: GSM
D/PHONESERVER(  146): Send thread TID [303] CHNMNG Leave channel_manager_get_cmux:/dev/ts0710mux5 
D/PHONESERVER(  146): PS_CMUX cmux_regist_cmd_callback cmux:/dev/ts0710mux5
D/PHONESERVER(  146): PS_CMUX :/dev/ts0710mux5 cmux_write:AT+CGMM:len=8
D/PHONESERVER(  146): Receive thread's TID [292] CHMNG:  receive data thread :mux=/dev/ts0710mux5:input:V1.0.1-B7
D/PHONESERVER(  146): pty_write get lock
D/PHONESERVER(  146): PS_PTY:/dev/CHNPTY13   write :
D/PHONESERVER(  146): V1.0.1-B7
D/PHONESERVER(  146): 
D/PHONESERVER(  146): pty_write free lock
D/PHONESERVER(  146): Receive thread's TID [292] MUX :/dev/ts0710mux5 Waiting for resp  
D/PHONESERVER(  146): Receive thread's TID [292] CHMNG:  receive data thread :mux=/dev/ts0710mux5:input:OK
