D/STATUSBAR-NotificationService(  234): Noti Alert - mSystemReady:true, AlertEnabled:true
D/UsbDeviceManager(  234): updateUsbNotification : notify id = 17040654, title = 
D/UsbDeviceManager(  234): updateAdbNotification : mAdbEnabled = true, mConnected = true, mAdbNotificationShown = false
D/UsbDeviceManager(  234): don't notify adb
D/UsbDeviceManager(  234): sending intent : ACTION_USB_STATE : connected = true, configured = true, functions = mtp,adb
D/NetworkManagementService(  234): Registering observer
D/Posix   (  234): ## MMS_TRACE: ##: setsockoptInt(): option = 18, value = 1.
D/Posix   (  234): ## MMS_TRACE: ##: setsockoptInt(): option = 6, value = 1.
D/Posix   (  234): ## MMS_TRACE: ##: setsockoptInt(): option = 18, value = 1.
D/Posix   (  234): ## MMS_TRACE: ##: setsockoptInt(): option = 6, value = 1.
D/Posix   (  234): ## MMS_TRACE: ##: setsockoptInt(): option = 18, value = 1.
D/Posix   (  234): ## MMS_TRACE: ##: setsockoptInt(): option = 6, value = 1.
W/ThrottleService(  234): unable to find stats for iface rmnet0
W/AlarmManager(  234): FACTORY_ON= 0
I/ActivityManager(  234): Start proc app.processName for broadcast hostingNameStr: pid=430 uid=10035 gids={1015, 1023, 1024, 2001, 3003, 3007}
I/ActivityManager(  234): START {intent.toShortString} from pid 0
I/SystemServer(  234): !@End of System ServerThread
I/ActivityManager(  234): Start proc app.processName for activity hostingNameStr: pid=448 uid=10039 gids={1015, 1023, 3003, 3002, 3001, 2001, 1006, 1007}
D/PowerManagerService(  234): setPowerState : mBootCompleted : false, newState |= ALL_BRIGHT
D/SmartPowerService(  234): receive broadcast! action = android.intent.action.BATTERY_CHANGED
D/SmartPowerService(  234): batteryLevel = 86
D/DeviceInfo(  234): Trying to connect to SysScope Service
D/STATUSBAR-NotificationService(  234): cancelNotification - pkg:android, id:17303266
W/AlarmManager(  234): FACTORY_ON= 0
W/ActivityManager(  234): Unable to start service service: not found
V/UiModeManager(  234): updateLocked, mLastBroadcastState =0 , oldAction = null
I/ActivityThread(  430): Pub media: com.android.providers.media.MediaProvider
I/dalvikvm(  448): Turning on JNI app bug workarounds for target SDK version 10...
D/gps_sirf(  234): sirf_open_gps_driver: called
D/gps_sirf(  234): start_delayed_tracker_upload success
D/gps_sirf(  234): sirf_get_gps_interface: sirf_get_gps_interface called, Line: 5721
D/gps_sirf(  234): sirf_gps_get_extension called : gps-xtra
D/gps_sirf(  234): sirf_gps_get_extension: interface gps-xtra not supported
D/gps_sirf(  234): sirf_gps_get_extension called : agps
D/gps_sirf(  234): sirf_gps_get_extension called : gps-ni
D/gps_sirf(  234): sirf_gps_get_extension called : gps-debug
D/gps_sirf(  234): sirf_gps_get_extension called : agps_ril
D/gps_sirf(  234): tracker_upload_thread entry
I/ActivityManager(  234): Start proc app.processName for content provider hostingNameStr: pid=466 uid=1000 gids={3003, 1015, 1023, 1007, 1006, 3002, 3001, 2001, 3006}
W/dalvikvm(  466): Refusing to reopen boot DEX '/system/framework/framework-yi.jar'
D/dalvikvm(  375): GC_CONCURRENT freed 118K, 16% free 3671K/4359K, paused 2ms+2ms
I/ActivityThread(  466): Pub com.baidu.bsy.channel: com.baidu.channel.ChannelProvider
I/ActivityThread(  466): Pub com.baidu.register.provider: com.baidu.register.util.RegProvider
E/RecentTasksLoader(  375): Can't open file : java.io.FileNotFoundException: /data/data/com.android.systemui/files/LOCKED_TASK: open failed: ENOENT (No such file or directory)
D/dalvikvm(  448): GC_CONCURRENT freed 126K, 22% free 2670K/3399K, paused 1ms+2ms
I/ActivityThread(  430): Pub downloads: com.android.providers.downloads.DownloadProvider
I/ActivityManager(  234): Start proc app.processName for service hostingNameStr: pid=488 uid=10013 gids={1015, 1023, 1007, 3003}
I/ActivityThread(  430): Pub drm: com.android.providers.drm.DrmProvider
I/ActivityThread(  430): Pub resmanager: com.android.providers.media.ResFileProvider
I/DownloadManager(  430): in removeSpuriousFiles
I/DownloadManager(  430): deleting spurious file /cache/hidden_volume.txt
I/DownloadManager(  430): deleting spurious file /cache/fota
D/STATUSBAR-NotificationService(  234): cancelAllNotifications()
I/ActivityThread(  448): Pub com.baidu.home2.cloudstorage.provider: com.baidu.yi.sdk.cloudstorage.provider.CloudStorageProvider
I/ActivityManager(  234): Start proc app.processName for broadcast hostingNameStr: pid=503 uid=1000 gids={3003, 1015, 1023, 1007, 1006, 3002, 3001, 2001, 3006}
I/ActivityThread(  448): Pub com.baidu.home2: com.baidu.launcher.db.LauncherProvider
I/StatusBarManagerService(  234): registerStatusBar bar=com.android.internal.statusbar.IStatusBar$Stub$Proxy@4174f178
D/PhoneStatusBar(  375): disable: < expand icons alerts ticker system_info back home recent clock >
D/MtpService(  430): addStorageLocked 65537 /mnt/sdcard
D/MtpService(  430): starting MTP server in MTP mode
D/MediaScanner(  430): MediaScanner - mSkipList (/mnt/sdcard/autonavidata50/,/mnt/sdcard/DioDict3B/)
I/ActivityThread(  448): Pub com.baidu.home2.ui.widget.baidu.weather: com.baidu.launcher.ui.widget.baidu.weather.provider.ForecastProvider
E/MtpServerJNI(  430): could not open MTP driver, errno: 2
D/MtpService(  430): addStorageLocked 65537 /mnt/sdcard
E/MtpServerJNI(  430): server is null in add_storage
E/MtpServerJNI(  430): server is null in run
E/MtpServerJNI(  430): server is null in cleanup
W/dalvikvm(  488): Unable to resolve superclass of Lcom/baidu/map/location/d; (83)
W/dalvikvm(  488): Link of class 'Lcom/baidu/map/location/d;' failed
W/dalvikvm(  488): Unable to resolve superclass of Lcom/baidu/map/location/d; (83)
W/dalvikvm(  488): Link of class 'Lcom/baidu/map/location/d;' failed
I/dalvikvm(  488): Could not find method com.baidu.map.location.d.a, referenced from method com.baidu.map.location.BaiduNetworkLocationService.onBind
W/dalvikvm(  488): VFY: unable to resolve static method 917: Lcom/baidu/map/location/d;.a (Landroid/content/Context;)V
D/dalvikvm(  488): VFY: replacing opcode 0x71 at 0x00cb
D/dalvikvm(  488): Trying to load lib /data/data/com.baidu.map.location/lib/libnetworklocation.so 0x40f2c968
D/dalvikvm(  488): Added shared lib /data/data/com.baidu.map.location/lib/libnetworklocation.so 0x40f2c968
D/dalvikvm(  488): No JNI_OnLoad found in /data/data/com.baidu.map.location/lib/libnetworklocation.so 0x40f2c968, skipping init
I/ApplicationPolicy(  234): getActualApplicationStateEnabled() : true
E/MTPRx   (  503): In MtpReceiverandroid.hardware.usb.action.USB_STATE
E/MTPRx   (  503):  value of dev_boot_completed is
E/MTPRx   (  503):  booting is not completed, so just return
I/ApplicationPolicy(  234): getActualApplicationStateEnabled() : true
D/STATUSBAR-StatusBarManagerService(  234): manageDisableList what=0x0 pkg=com.android.systemui
D/MountService(  234): isUsbMassStorageConnected :: ret = false
I/ApplicationPolicy(  234): getActualApplicationStateEnabled() : true
D/StorageNotification(  375): Startup with UMS connection false (media state mounted)
I/StorageNotification(  375): UMS connection changed to false (media state mounted)
D/SystemUIService(  375): loading: class com.android.systemui.power.PowerUI
D/SystemUIService(  375): running: com.android.systemui.power.PowerUI@4122fa38
D/baidu_location_service(  488): baidu location service start1 ...488
I/ApplicationPolicy(  234): getActualApplicationStateEnabled() : true
D/baidu_location_client(  488): baidu location connected ...
D/dalvikvm(  488): Trying to load lib /data/data/com.baidu.map.location/lib/liblocSDK_2_5OEM.so 0x40f2c968
D/dalvikvm(  488): Added shared lib /data/data/com.baidu.map.location/lib/liblocSDK_2_5OEM.so 0x40f2c968
D/dalvikvm(  488): No JNI_OnLoad found in /data/data/com.baidu.map.location/lib/liblocSDK_2_5OEM.so 0x40f2c968, skipping init
I/System.out(  488): DefaultRequestDirector http execute enter loop 
I/System.out(  488): DefaultRequestDirect http execute return 2exception!Connection to http://10.0.0.172:80 refused
I/System.out(  488): DefaultRequestDirector http execute enter loop 
D/dalvikvm(  234): GC_CONCURRENT freed 1261K, 56% free 6537K/14791K, paused 3ms+20ms
I/System.out(  488): DefaultRequestDirect http execute return 2exception!Unable to resolve host "loc.map.baidu.com": No address associated with hostname
I/System.out(  488): DefaultRequestDirector http execute enter loop 
I/System.out(  488): DefaultRequestDirect http execute return 2exception!Connection to http://10.0.0.172:80 refused
E/NetworkLocation(  488): BaiduNetworkLocationProvider:BaiduNetworkLocationProvider : NetworkLocation Exception: network exception
D/dalvikvm(  488): GC_CONCURRENT freed 293K, 27% free 2462K/3335K, paused 1ms+1ms
I/ApplicationPolicy(  234): getActualApplicationStateEnabled() : true
I/ApplicationPolicy(  234): getActualApplicationStateEnabled() : true
I/linguang(  448): mPackageManager=android.app.ApplicationPackageManager@40f754c0
D/dalvikvm(  375): GC_CONCURRENT freed 551K, 18% free 5154K/6279K, paused 2ms+8ms
D/WifiService(  234): New client listening to asynchronous messages
E/Baidu Home2(  448): AppsDataManager: cursor is NULL or can NOT move to first
I/Baidu Home2(  448): Launcher: onCreate
I/SurfaceFlinger(   95): id=2(1) createSurface 0x408cd4 (480x1),1 flag=0, StatusBas
V/AudioFlinger(   98): releaseWakeLock_l() AudioOut_1
V/AudioFlinger(   98): MixerThread 0x1a2c770 TID 218 going to sleep
D/dalvikvm(  448): GC_CONCURRENT freed 580K, 27% free 3174K/4295K, paused 2ms+22ms
D/dalvikvm(  448): GC_CONCURRENT freed 428K, 25% free 3258K/4295K, paused 2ms+2ms
D/dalvikvm(  234): GC_EXPLICIT freed 309K, 57% free 6417K/14791K, paused 4ms+15ms
I/SurfaceFlinger(   95): id=3(2) createSurface 0x40529c (1x1),2 flag=400, ImageWallpapes
D/dalvikvm(  448): GC_FOR_ALLOC freed 300K, 25% free 3230K/4295K, paused 32ms
D/dalvikvm(  375): GC_FOR_ALLOC freed 113K, 18% free 5201K/6279K, paused 35ms
I/dalvikvm-heap(  375): Grow heap (frag case) to 8.730MB for 3275536-byte allocation
D/dalvikvm(  375): GC_CONCURRENT freed 1K, 12% free 8399K/9479K, paused 1ms+3ms
D/dalvikvm(  448): GC_FOR_ALLOC freed 480K, 24% free 3576K/4679K, paused 25ms
D/dalvikvm(  375): GC_FOR_ALLOC freed 0K, 12% free 8399K/9479K, paused 35ms
I/dalvikvm-heap(  375): Grow heap (frag case) to 11.659MB for 3072016-byte allocation
I/Baidu Home2(  448): DockBar: DockBar(Context context, AttributeSet attrs)
D/dalvikvm(  375): GC_CONCURRENT freed 0K, 9% free 11399K/12487K, paused 1ms+19ms
D/dalvikvm(  448): GC_CONCURRENT freed 1445K, 32% free 4229K/6215K, paused 2ms+3ms
D/libEGL  (  375): loaded /system/lib/egl/libEGL_mali.so
D/libEGL  (  375): loaded /system/lib/egl/libGLESv1_CM_mali.so
D/libEGL  (  375): loaded /system/lib/egl/libGLESv2_mali.so
I/Baidu Home2(  448): HomeView: HomeView LayoutInflater complete
I/libEGL  (  375): eglCreateWindowSurface
D/dalvikvm(  448): GC_CONCURRENT freed 537K, 31% free 4320K/6215K, paused 4ms+3ms
I/Surface (  375): Surface_lockCanvas
I/SurfaceTextureClient(  375): connect(NATIVE_WINDOW_API_CPU)
D/dalvikvm(  448): GC_CONCURRENT freed 566K, 30% free 4412K/6215K, paused 2ms+2ms
D/dalvikvm(  448): GC_CONCURRENT freed 600K, 28% free 4486K/6215K, paused 1ms+2ms
D/dalvikvm(  448): GC_FOR_ALLOC freed 3K, 28% free 4483K/6215K, paused 24ms
I/dalvikvm-heap(  448): Grow heap (frag case) to 5.512MB for 635812-byte allocation
D/StatusBar-TrafficView(  375): has icc card = false
D/dalvikvm(  448): GC_FOR_ALLOC freed <1K, 26% free 5104K/6855K, paused 29ms
D/AbsListView(  448): Get MotionRecognitionManager
D/AbsListView(  448): Get MotionRecognitionManager
D/com.baidu.launcher.ui.widget.baidu.weather.provider.ForecastProvider(  448): query() with uri = content://com.baidu.home2.ui.widget.baidu.weather/LocationInfo
D/dalvikvm(  448): GC_CONCURRENT freed 1728K, 30% free 5471K/7751K, paused 1ms+2ms
D/dalvikvm(  448): GC_CONCURRENT freed 1058K, 30% free 5454K/7751K, paused 1ms+29ms
D/QuickSwitchPanel(  375): ImageView onMeasure
D/QuickSwitchPanel(  375): ImageView onMeasure
D/QuickSwitchPanel(  375): ImageView onMeasure
I/SurfaceFlinger(   95): id=4(3) createSurface 0x410584 (480x1),1 flag=0, StatusBarExpandee
D/GlRenderer(  375): initialize
D/GlRenderer(  375): initializeEgl
I/libEGL  (  375): eglCreateWindowSurface
D/OpenGLRenderer(  375): Enabling debug mode 0
D/QuickSwitchPanel(  375): ImageView onMeasure
D/dalvikvm(  448): GC_CONCURRENT freed 900K, 28% free 5590K/7751K, paused 1ms+2ms
D/QuickSwitchPanel(  375): ImageView onMeasure
D/QuickSwitchPanel(  375): ImageView onLayout
D/QuickSwitchPanel(  375): ImageView onMeasure
D/QuickSwitchPanel(  375): ImageView onMeasure
D/dalvikvm(  448): GC_CONCURRENT freed 773K, 24% free 5899K/7751K, paused 2ms+21ms
D/QuickSwitchPanel(  375): ImageView onLayout
D/dalvikvm(  448): GC_CONCURRENT freed 1136K, 24% free 5947K/7751K, paused 2ms+3ms
I/Baidu Home2(  448): EventNumberUtil: onChange call = Thread-34
W/Mobads SDK(  448): **************load caceh**start********
W/Mobads SDK(  448): is_first_resume=true
D/BulletinUBC(  448): ubc for opend app true
I/ActivityManager(  234): Start proc app.processName for content provider hostingNameStr: pid=546 uid=10000 gids={3003, 1015, 1023}
W/dalvikvm(  546): Refusing to reopen boot DEX '/system/framework/framework-yi.jar'
D/dalvikvm(  448): GC_FOR_ALLOC freed 733K, 24% free 5950K/7751K, paused 68ms
I/dalvikvm-heap(  448): Grow heap (frag case) to 6.461MB for 129616-byte allocation
I/ActivityThread(  546): Pub com.android.voicemail: com.android.providers.contacts.VoicemailContentProvider
D/dalvikvm(  448): GC_FOR_ALLOC freed 3K, 23% free 6072K/7879K, paused 55ms
I/ActivityThread(  546): Pub user_dictionary: com.android.providers.userdictionary.UserDictionaryProvider
I/ActivityThread(  546): Pub applications: com.android.providers.applications.ApplicationsProvider
E/Baidu Home2(  448): HomeView: attached to windows
I/Surface (  375): Surface_lockCanvas
I/ActivityThread(  546): Pub com.baidu.cloud.report: com.android.providers.contacts.ReportProvider
I/ActivityThread(  546): Pub contacts;com.android.contacts: com.android.providers.contacts.ContactsProvider2
I/SurfaceFlinger(   95): id=5(1) createSurface 0x41873c (1x1),1 flag=0, Launches
D/gps_sirf(  234): controlPowerWakeLock: called
D/gps_sirf(  234): CSR_INFO : GPS_WAKE_LOCK_ENABLE
D/gps_sirf(  234): GSD5t_Config_init: called
D/gps_sirf(  234): sirf_gps_load_default_config: called
D/STATUSBAR-StatusBarManagerService(  234): setSystemUiVisibility(0x0)
D/STATUSBAR-StatusBarManagerService(  234): manageDisableList what=0x0 pkg=WindowManager.LayoutParams
D/GlRenderer(  448): initialize
D/GlRenderer(  448): initializeEgl
D/gps_sirf(  234): UART HW Flow Control : 0
D/gps_sirf(  234): sirf_gps_sgee_default_config_load: called
D/gps_sirf(  234): sirf_gps_load_config: called
D/PowerManagerService(  234): setScreenBrightnessOverride : mScreenBrightnessOverride : 20
I/PowerManagerService(  234): Ulight 0xf->0xf|0x1
D/libEGL  (  448): loaded /system/lib/egl/libEGL_mali.so
D/libEGL  (  448): loaded /system/lib/egl/libGLESv1_CM_mali.so
D/gps_sirf(  234): [PROJECT : SAMSUNG_AMAZINGTD]
D/gps_sirf(  234): [EXTERNAL LNA : ENABLED]
D/gps_sirf(  234): [TCXO CLOCK : 26MHz]
D/gps_sirf(  234): [UART BAUD RATE : 460800]
D/gps_sirf(  234): [CODE LOAD BAUD RATE : 460800]
D/gps_sirf(  234): [FREQUENCY AIDING : DISABLED]
D/gps_sirf(  234): CSR_INFO : [SETID Type = IMSI]
D/gps_sirf(  234): log_path exists
D/gps_sirf(  234): [SSL ENABLED : TRUE]
D/gps_sirf(  234): [CERTI_VERSION : 0]
D/gps_sirf(  234): [CP_RESPONSETIME : 3]
D/gps_sirf(  234): [CONTROL_PLANE ENABLED : FALSE]
D/gps_sirf(  234): [ATT_NETWORK_OPERATOR ENABLED : FALSE]
D/gps_sirf(  234): [SGEE Enable : 1]
D/gps_sirf(  234): [EMC_ENABLE : FALSE]
D/gps_sirf(  234): sirf_gps_sgee_config_load: called
D/gps_sirf(  234): csr_gps_property_get_testSuplnfo called
D/gps_sirf(  234): sirf_gps_load_config: successfully loaded for GPS Config File
D/gps_sirf(  234): CSR_INFO : GSD5t Config Initialized Successfully
D/gps_sirf(  234): GSD5t_Init: called
D/gps_sirf(  234): CSR_INFO : GSD5T_INIT Config to use SIF
D/gps_sirf(  234): HWFC Enable : 0
D/libEGL  (  448): loaded /system/lib/egl/libGLESv2_mali.so
I/libEGL  (  448): eglCreateWindowSurface
V/PhoneStatusBar(  375): setLightsOn(true)
D/gps_sirf(  234): SIRF_PAL_HW_WriteRESET : 0
D/gps_sirf(  234): returning fd from GPIO 0x0000011b
D/dalvikvm(  546): GC_CONCURRENT freed 191K, 24% free 2615K/3399K, paused 1ms+3ms
I/ActivityThread(  546): Pub call_log: com.android.providers.contacts.CallLogProvider
D/StrictMode(  546): StrictMode policy violation; ~duration=1 ms: android.os.StrictMode$StrictModeDiskReadViolation: policy=31 violation=2
D/StrictMode(  546): 	at android.os.StrictMode$AndroidBlockGuardPolicy.onReadFromDisk(StrictMode.java:1089)
D/StrictMode(  546): 	at libcore.io.BlockGuardOs.open(BlockGuardOs.java:106)
D/StrictMode(  546): 	at libcore.io.IoBridge.open(IoBridge.java:409)
D/StrictMode(  546): 	at java.io.FileInputStream.<init>(FileInputStream.java:78)
D/StrictMode(  546): 	at android.graphics.Typeface.getFontPathFlipFont(Typeface.java:349)
D/StrictMode(  546): 	at android.graphics.Typeface.SetFlipFonts(Typeface.java:392)
D/StrictMode(  546): 	at android.graphics.Typeface.SetAppTypeFace(Typeface.java:504)
D/StrictMode(  546): 	at android.app.Application.onCreate(Application.java:77)
D/StrictMode(  546): 	at android.app.Instrumentation.callApplicationOnCreate(Instrumentation.java:973)
D/StrictMode(  546): 	at android.app.ActivityThread.handleBindApplication(ActivityThread.java:3930)
D/StrictMode(  546): 	at android.app.ActivityThread.access$1300(ActivityThread.java:128)
D/StrictMode(  546): 	at android.app.ActivityThread$H.handleMessage(ActivityThread.java:1199)
D/StrictMode(  546): 	at android.os.Handler.dispatchMessage(Handler.java:99)
D/StrictMode(  546): 	at android.os.Looper.loop(Looper.java:137)
D/StrictMode(  546): 	at android.app.ActivityThread.main(ActivityThread.java)
D/StrictMode(  546): 	at java.lang.reflect.Method.invokeNative(Native Method)
D/StrictMode(  546): 	at java.lang.reflect.Method.invoke(Method.java:511)
D/StrictMode(  546): 	at com.android.internal.os.ZygoteInit$MethodAndArgsCaller.run(ZygoteInit.java:994)
D/StrictMode(  546): 	at com.android.internal.os.ZygoteInit.main(ZygoteInit.java:761)
D/StrictMode(  546): 	at dalvik.system.NativeStart.main(Native Method)
D/dalvikvm(  448): GC_CONCURRENT freed 1143K, 22% free 6161K/7879K, paused 1ms+3ms
D/OpenGLRenderer(  448): Enabling debug mode 0
D/gps_sirf(  234): SIRF_PAL_HW_WriteRESET : 1
D/gps_sirf(  234): returning fd from GPIO 0x0000011b
D/gps_sirf(  234): SIRF_PAL_HW_WriteON_OFF : 0
D/gps_sirf(  234): SIRF_PAL_HW_WriteRESET : 1
D/gps_sirf(  234): returning fd from GPIO 0x0000011b
D/gps_sirf(  234): SIRF_PAL_HW_WriteON_OFF : 0
I/Baidu Home2(  448): HomeDataManager: getShortcutInfo com.baidu.camera
I/ActivityManager(  234): Start proc app.processName for service hostingNameStr: pid=576 uid=10010 gids={3003, 1015, 1023, 1007, 1006}
D/gps_sirf(  234): [UART]SIRF_PAL_COM_UART_Open 
D/gps_sirf(  234): [UART]set_baud_rate_and_flow_control - ctsrts reset BAUD:115200
D/gps_sirf(  234): [UART]set_baud_rate_and_flow_control - ctsrts reset BAUD:460800
D/gps_sirf(  234): [UART]set_baud_rate_and_flow_control - ctsrts reset BAUD:460800
D/gps_sirf(  234): SIRF_PAL_HW_WriteON_OFF : 1
D/gps_sirf(  234): SIRF_PAL_HW_WriteON_OFF : 0
D/dalvikvm(  448): GC_CONCURRENT freed 1143K, 22% free 6323K/8007K, paused 2ms+13ms
D/dalvikvm(  448): GC_FOR_ALLOC freed 182K, 23% free 6204K/8007K, paused 24ms
I/dalvikvm-heap(  448): Grow heap (frag case) to 6.836MB for 262160-byte allocation
D/dalvikvm(  448): GC_FOR_ALLOC freed 1K, 23% free 6459K/8327K, paused 25ms
I/ActivityManager(  234): Displayed shortComponentName: +5s849ms
D/dalvikvm(  576): GC_CONCURRENT freed 147K, 21% free 2710K/3399K, paused 2ms+3ms
I/dalvikvm(  576): Could not find method android.inputmethodservice.ExtractEditText.setCursorColor, referenced from method android.inputmethodservice.InputMethodService.startExtractingText
W/dalvikvm(  576): VFY: unable to resolve virtual method 13964: Landroid/inputmethodservice/ExtractEditText;.setCursorColor (I)V
D/dalvikvm(  576): VFY: replacing opcode 0x6e at 0x00a6
I/Baidu Home2(  448): HomeDataManager: getShortcutInfo com.baidu.gallery3d
I/Baidu Home2(  448): HomeDataManager: getShortcutInfo com.baidu.thememanager.ui
I/Baidu Home2(  448): HomeDataManager: getShortcutInfo com.baidu.appsearch
I/Baidu Home2(  448): HomeDataManager: getShortcutInfo com.android.settings
I/Baidu Home2(  448): HomeDataManager: getShortcutInfo com.baidu.musicplayer
I/Baidu Home2(  448): HomeDataManager: getShortcutInfo com.baiyi_mobile.security
I/Baidu Home2(  448): ###: WeatherManager:readLocationCode code=0101081002
I/Baidu Home2(  448): ###: WeatherManager:isAutoLocate ? autoLocate=true
I/Baidu Home2(  448): ###: WeatherManager:setAutoLocate autoLocate=true
E/Baidu Home2(  448): DateManager: addListener:size=0
E/Baidu Home2(  448): DateManager: init
W/AlarmManager(  234): FACTORY_ON= 0
D/dalvikvm(  448): GC_CONCURRENT freed 1405K, 22% free 7138K/9095K, paused 2ms+4ms
D/dalvikvm(  576): Trying to load lib /data/data/com.baidu.input/files/inputcore_20131125 0x40f2eab0
I/Baidu Home2(  448): ###: WeatherManager:readLocationCode code=0101081002
I/Baidu Home2(  448): ###: WeatherManager:restoreLastWeather =====>>,res=false
D/com.baidu.launcher.ui.widget.baidu.weather.provider.ForecastProvider(  448): query() with uri = content://com.baidu.home2.ui.widget.baidu.weather/LocationInfo
I/Baidu Home2(  448): ###: LocationDaoImpl:getByLocationCode,code=0101081002
D/com.baidu.launcher.ui.widget.baidu.weather.provider.ForecastProvider(  448): query() with uri = content://com.baidu.home2.ui.widget.baidu.weather/ForecastInfo
D/com.baidu.launcher.ui.widget.baidu.weather.domain.Forecast(  448): forecastOneDays.get(0) condition :: 
D/com.baidu.launcher.ui.widget.baidu.weather.domain.Forecast(  448): forecastOneDays.get(1) condition :: 
D/com.baidu.launcher.ui.widget.baidu.weather.domain.Forecast(  448): forecastOneDays.get(2) condition :: 
D/com.baidu.launcher.ui.widget.baidu.weather.domain.Forecast(  448): forecastOneDays.get(3) condition :: 
D/com.baidu.launcher.ui.widget.baidu.weather.provider.ForecastProvider(  448): query() with uri = content://com.baidu.home2.ui.widget.baidu.weather/PMLocation
D/dalvikvm(  576): Added shared lib /data/data/com.baidu.input/files/inputcore_20131125 0x40f2eab0
D/com.baidu.launcher.ui.widget.baidu.weather.provider.ForecastProvider(  448): query() with uri = content://com.baidu.home2.ui.widget.baidu.weather/PMLocation
I/Baidu Home2(  448): WeatherManager: hasPMInfo,locationCode=0101081002,res=false
I/Baidu Home2(  448): ###: WeatherManager:restoreLastWeather,savedCode=0101081002,name=
I/Baidu Home2(  448): ###: WeatherManager:restoreLastWeather <<=====,res=true
E/Baidu Home2(  448): HomeDataManager: onBusinessChanged
E/Baidu Home2(  448): HomeDataManager: cursor is NULL or can NOT move to firstandroid.content.ContentResolver$CursorWrapperInner@40fa5050
E/Baidu Home2(  448): HomeDataManager: on business change cursor count 0
D/dalvikvm(  576): Trying to load lib /data/data/com.baidu.input/lib/libchiperencoder_v1_2_1.so 0x40f2eab0
D/dalvikvm(  576): Added shared lib /data/data/com.baidu.input/lib/libchiperencoder_v1_2_1.so 0x40f2eab0
D/dalvikvm(  448): GC_FOR_ALLOC freed 627K, 19% free 7536K/9287K, paused 38ms
I/Baidu Home2(  448): HomeDataManager: getShortcutInfo com.baidu.help
I/Baidu Home2(  448): HomeDataManager: getShortcutInfo com.baidu.android.ota
D/gps_sirf(  234): [UART]set_baud_rate_and_flow_control - ctsrts reset BAUD:115200
D/gps_sirf(  234): [UART]set_baud_rate_and_flow_control - ctsrts reset BAUD:115200
D/gps_sirf(  234): [UART]set_baud_rate_and_flow_control - ctsrts reset BAUD:460800
D/gps_sirf(  234): HOST_SetCodeLoadPercentDone 1
D/gps_sirf(  234): HOST_SetCodeLoadPercentDone 2
D/dalvikvm(  576): GC_EXPLICIT freed 203K, 23% free 2791K/3591K, paused 2ms+10ms
D/dalvikvm(  576): GC_EXPLICIT freed 3K, 23% free 2788K/3591K, paused 2ms+2ms
D/gps_sirf(  234): HOST_SetCodeLoadPercentDone 3
D/gps_sirf(  234): HOST_SetCodeLoadPercentDone 4
D/gps_sirf(  234): HOST_SetCodeLoadPercentDone 5
D/AbsListView(  448): Get MotionRecognitionManager
D/gps_sirf(  234): HOST_SetCodeLoadPercentDone 6
D/gps_sirf(  234): HOST_SetCodeLoadPercentDone 7
I/lhc     (  448): ============
D/gps_sirf(  234): HOST_SetCodeLoadPercentDone 8
D/gps_sirf(  234): HOST_SetCodeLoadPercentDone 9
D/gps_sirf(  234): HOST_SetCodeLoadPercentDone 10
D/dalvikvm(  576): GC_CONCURRENT freed 232K, 22% free 3017K/3847K, paused 1ms+14ms
D/dalvikvm(  448): GC_FOR_ALLOC freed 729K, 16% free 7948K/9415K, paused 84ms
D/gps_sirf(  234): HOST_SetCodeLoadPercentDone 11
D/gps_sirf(  234): HOST_SetCodeLoadPercentDone 12
D/gps_sirf(  234): HOST_SetCodeLoadPercentDone 13
I/dalvikvm-heap(  448): Grow heap (frag case) to 9.851MB for 1637776-byte allocation
D/dalvikvm(  448): GC_FOR_ALLOC freed 21K, 14% free 9526K/11015K, paused 65ms
I/Baidu Home2(  448): EventNumberUtil: onChange unreadcall = 0
D/gps_sirf(  234): HOST_SetCodeLoadPercentDone 14
D/gps_sirf(  234): HOST_SetCodeLoadPercentDone 15
D/gps_sirf(  234): HOST_SetCodeLoadPercentDone 16
D/gps_sirf(  234): HOST_SetCodeLoadPercentDone 17
D/gps_sirf(  234): HOST_SetCodeLoadPercentDone 18
D/gps_sirf(  234): HOST_SetCodeLoadPercentDone 19
D/gps_sirf(  234): HOST_SetCodeLoadPercentDone 20
D/gps_sirf(  234): HOST_SetCodeLoadPercentDone 21
D/gps_sirf(  234): HOST_SetCodeLoadPercentDone 22
D/gps_sirf(  234): HOST_SetCodeLoadPercentDone 23
D/CLIPBOARD(  448): Hide Clipboard dialog at Starting input: finished by someone else... !
I/ClipboardServiceEx(  234): mCBPickerDialog enter case. MSG_DISMISS_DIALOG
I/Baidu Home2(  448): EventNumberUtil: handleMessage MSG_EVENT_NUMBER_CALL = main
I/Baidu Home2(  448): EventNumberUtil: onChange msg = Thread-61
D/gps_sirf(  234): HOST_SetCodeLoadPercentDone 24
D/gps_sirf(  234): HOST_SetCodeLoadPercentDone 25
D/gps_sirf(  234): HOST_SetCodeLoadPercentDone 26
I/Baidu Home2(  448): HomeDataManager: getShortcutInfo com.android.email
I/Baidu Home2(  448): HomeDataManager: getShortcutInfo com.android.calendar
I/Baidu Home2(  448): HomeDataManager: getShortcutInfo com.baidu.notepad
I/Baidu Home2(  448): HomeDataManager: getShortcutInfo com.baidu.baiduclock
I/Baidu Home2(  448): HomeDataManager: getShortcutInfo com.baidu.flashlight
E/SMD     (   90): InvokeOemRequestHookRaw usbstatus true is success
I/ActivityManager(  234): Start proc app.processName for content provider hostingNameStr: pid=612 uid=1001 gids={3002, 3001, 3003, 1015, 1023}
E/SMD     (   90): [*] dr_smd_dsr_event_hdlr event received  is received 
E/SMD     (   90): data pin is DSR 
E/SMD     (   90): DSR pinstatus is ON 
I/Baidu Home2(  448): HomeDataManager: getShortcutInfo com.android.calculator2
I/Baidu Home2(  448): HomeDataManager: getShortcutInfo com.baidu.directshare
I/Baidu Home2(  448): HomeDataManager: getShortcutInfo com.baidu.resmanager.filemanager
D/gps_sirf(  234): HOST_SetCodeLoadPercentDone 27
D/gps_sirf(  234): HOST_SetCodeLoadPercentDone 28
I/Baidu Home2(  448): HomeDataManager: getShortcutInfo com.android.contacts
I/Baidu Home2(  448): HomeDataManager: getShortcutInfo com.android.contacts
I/Baidu Home2(  448): HomeDataManager: getShortcutInfo com.android.contacts
D/dalvikvm(   96): GC_EXPLICIT freed 36K, 26% free 2350K/3139K, paused 2ms+2ms
I/Baidu Home2(  448): HomeDataManager: getShortcutInfo com.baidu.browser.apps
W/dalvikvm(  612): Refusing to reopen boot DEX '/system/framework/framework-yi.jar'
D/gps_sirf(  234): HOST_SetCodeLoadPercentDone 29
D/gps_sirf(  234): HOST_SetCodeLoadPercentDone 30
D/gps_sirf(  234): HOST_SetCodeLoadPercentDone 31
I/ActivityThread(  612): Pub telephony: com.android.providers.telephony.TelephonyProvider
W/ResourceType(  448): No package identifier when getting value for resource number 0x00000000
D/dalvikvm(   96): GC_EXPLICIT freed <1K, 26% free 2350K/3139K, paused 5ms+1ms
D/gps_sirf(  234): HOST_SetCodeLoadPercentDone 32
D/gps_sirf(  234): HOST_SetCodeLoadPercentDone 33
D/gps_sirf(  234): HOST_SetCodeLoadPercentDone 34
W/TelephonyProvider(  612): onCreate: confFile=/system/etc/apns-conf.xml oldCheckSum=-1
I/ActivityThread(  612): Pub siminfo: com.android.providers.telephony.SimInfoProvider
I/ActivityThread(  612): Pub icc: com.android.phone.IccProvider
W/ResourceType(  448): No package identifier when getting value for resource number 0x00000000
W/dalvikvm(  612): Refusing to reopen boot DEX '/system/framework/framework-yi.jar'
E/Baidu Home2(  448): HomeDataManager: onBusinessChanged
E/Baidu Home2(  448): HomeDataManager: cursor is NULL or can NOT move to firstandroid.content.ContentResolver$CursorWrapperInner@4155b620
E/Baidu Home2(  448): HomeDataManager: on business change cursor count 0
D/gps_sirf(  234): HOST_SetCodeLoadPercentDone 35
D/gps_sirf(  234): HOST_SetCodeLoadPercentDone 36
D/dalvikvm(   96): GC_EXPLICIT freed <1K, 26% free 2350K/3139K, paused 2ms+2ms
E/Baidu Home2(  448): HomeDataManager: onBusinessChanged
E/Baidu Home2(  448): HomeDataManager: cursor is NULL or can NOT move to firstandroid.content.ContentResolver$CursorWrapperInner@4175d018
E/Baidu Home2(  448): HomeDataManager: on business change cursor count 0
E/Baidu Home2(  448): HomeDataManager: onBusinessChanged
E/Baidu Home2(  448): HomeDataManager: cursor is NULL or can NOT move to firstandroid.content.ContentResolver$CursorWrapperInner@417636a0
E/Baidu Home2(  448): HomeDataManager: on business change cursor count 0
D/gps_sirf(  234): HOST_SetCodeLoadPercentDone 37
D/gps_sirf(  234): HOST_SetCodeLoadPercentDone 38
D/gps_sirf(  234): HOST_SetCodeLoadPercentDone 39
I/ActivityThread(  612): Pub com.android.phone.whitelist: com.android.phone.WhiteListProvider
I/ActivityThread(  612): Pub com.android.phone.voiceprovider: com.android.phone.VoiceProvider
I/ActivityThread(  612): Pub mms: com.android.providers.telephony.MmsProvider
D/gps_sirf(  234): HOST_SetCodeLoadPercentDone 40
D/gps_sirf(  234): HOST_SetCodeLoadPercentDone 41
I/ActivityThread(  612): Pub sms: com.android.providers.telephony.SmsProvider
I/ActivityThread(  612): Pub com.android.phone.autoredial: com.android.phone.AutoRedialProvider
I/ActivityThread(  612): Pub mms-sms: com.android.providers.telephony.MmsSmsProvider
D/dalvikvm(  612): GC_CONCURRENT freed 201K, 23% free 2588K/3335K, paused 3ms+2ms
D/gps_sirf(  234): HOST_SetCodeLoadPercentDone 42
D/gps_sirf(  234): HOST_SetCodeLoadPercentDone 43
D/gps_sirf(  234): HOST_SetCodeLoadPercentDone 44
D/MmsSmsDatabaseHelper(  612): [MmsSmsDb] tableName: threads hasAutoIncrement: CREATE TABLE threads (_id INTEGER PRIMARY KEY AUTOINCREMENT,date INTEGER DEFAULT 0,message_count INTEGER DEFAULT 0,recipient_ids TEXT,snippet TEXT,snippet_cs INTEGER DEFAULT 0,read INTEGER DEFAULT 1,type INTEGER DEFAULT 0,error INTEGER DEFAULT 0,has_attachment INTEGER DEFAULT 0,last_used_simid INTEGER DEFAULT 0,date_set_top INTEGER NOT NULL DEFAULT 0) result: true
D/MmsSmsDatabaseHelper(  612): [MmsSmsDb] tableName: canonical_addresses hasAutoIncrement: CREATE TABLE canonical_addresses (_id INTEGER PRIMARY KEY AUTOINCREMENT,address TEXT) result: true
D/MmsSmsDatabaseHelper(  612): [getWritableDatabase] hasAutoIncrementThreads: true hasAutoIncrementAddresses: true
D/gps_sirf(  234): HOST_SetCodeLoadPercentDone 45
D/gps_sirf(  234): HOST_SetCodeLoadPercentDone 46
I/Baidu Home2(  448): DockBar: showDockbarApplistIcon:true
I/Baidu Home2(  448): DockBarItem: DockBarItem(Context context, AttributeSet attrs)
I/Baidu Home2(  448): DockBarItem: DockBarItem(Context context, AttributeSet attrs)
I/Baidu Home2(  448): DockBarItem: DockBarItem(Context context, AttributeSet attrs)
I/Baidu Home2(  448): DockBarItem: DockBarItem(Context context, AttributeSet attrs)
I/Baidu Home2(  448): DockBarItem: DockBarItem(Context context, AttributeSet attrs)
I/Baidu Home2(  448): DockBar: com.baidu.launcher.ui.homeview.DockBarItem@417a35a0
I/Baidu Home2(  448): DockBar: com.baidu.launcher.ui.homeview.DockBarItem@417b4f48
I/Baidu Home2(  448): DockBar: com.baidu.launcher.ui.homeview.DockBarItem@4177d450
I/Baidu Home2(  448): DockBar: com.baidu.launcher.ui.homeview.DockBarItem@417c67a8
I/Baidu Home2(  448): DockBar: com.baidu.launcher.ui.homeview.DockBarItem@417d8018
I/Baidu Home2(  448): DockBar: title = , x = -2
I/Baidu Home2(  448): DockBar: title = , x = 95
I/Baidu Home2(  448): DockBar: title = null, x = 192
I/Baidu Home2(  448): DockBar: title = , x = 289
I/Baidu Home2(  448): DockBar: title = , x = 386
E/Baidu Home2(  448): HomeDataManager: onBusinessChanged
I/Baidu Home2(  448): EventNumberUtil: handleEmailMessage EMAIL_EVENT_NUMBER_EMAIL = main
I/Baidu Home2(  448): EventNumberUtil: onChange email = Thread-62
D/gps_sirf(  234): HOST_SetCodeLoadPercentDone 47
D/gps_sirf(  234): HOST_SetCodeLoadPercentDone 48
D/gps_sirf(  234): HOST_SetCodeLoadPercentDone 49
I/ActivityManager(  234): Start proc app.processName for content provider hostingNameStr: pid=628 uid=10036 gids={3003, 1015, 1023}
E/Baidu Home2(  448): HomeDataManager: cursor is NULL or can NOT move to firstandroid.content.ContentResolver$CursorWrapperInner@417ee850
E/Baidu Home2(  448): HomeDataManager: on business change cursor count 0
W/dalvikvm(  628): Refusing to reopen boot DEX '/system/framework/framework-yi.jar'
D/gps_sirf(  234): HOST_SetCodeLoadPercentDone 50
D/gps_sirf(  234): HOST_SetCodeLoadPercentDone 51
D/gps_sirf(  234): HOST_SetCodeLoadPercentDone 52
I/ActivityManager(  234): Start proc app.processName for on-hold: pid=641 uid=10018 gids={3003, 1015, 1023}
D/gps_sirf(  234): HOST_SetCodeLoadPercentDone 53
D/gps_sirf(  234): HOST_SetCodeLoadPercentDone 54
I/ActivityManager(  234): !@bootcomplete
I/BaiduVerify(  234): VerificationService : start verify service
D/PowerManagerService(  234): setScreenOffTimeouts mKeylightDelay=1500 mDimDelay=6500 mScreenOffDelay=7000 mDimScreen=true
I/ActivityThread(  628): Pub com.android.email.provider;com.android.email.notifier: com.android.email.provider.EmailProvider
W/System.err(  234): java.io.FileNotFoundException: /system/usr/share/applist: open failed: ENOENT (No such file or directory)
W/System.err(  234): 	at libcore.io.IoBridge.open(IoBridge.java:425)
W/System.err(  234): 	at java.io.FileInputStream.<init>(FileInputStream.java:78)
D/gps_sirf(  234): HOST_SetCodeLoadPercentDone 55
D/gps_sirf(  234): HOST_SetCodeLoadPercentDone 56
D/gps_sirf(  234): HOST_SetCodeLoadPercentDone 57
I/ActivityThread(  628): Pub com.android.email.attachmentprovider: com.android.email.provider.AttachmentProvider
I/ActivityManager(  234): Start proc app.processName for broadcast hostingNameStr: pid=653 uid=10001 gids={3003, 1015, 1023}
D/OpenGLRenderer(  375): Flushing caches (mode 2)
D/BatteryService(  234): bootCompleted
D/PowerManagerService(  234): bootCompleted
I/PowerManagerService(  234): Ulight 0xf->0x7|0x0
V/AudioFlinger(   98): removeNotificationClient() 0x1a3e470, pid 172
V/AudioFlinger(   98): 172 died, releasing its sessions
I/BluetoothService(  234):  Received BOOT_COMPLETED message
D/SmartPowerService(  234): applyPolicy.mTrigger = com.baidu.service.power.TriggerFactory$2@41a5fbb8,mAction = [com.baidu.service.power.Action@41257548], applied = false
I/SurfaceFlinger(   95): !@Boot is finished (33025 ms)
E/SurfaceFlinger(   95): !@ SurfaceFlinger::bootFinished
I/WindowManager(  234): ******************** ENABLING SCREEN!
I/dalvikvm(  653): Turning on JNI app bug workarounds for target SDK version 8...
D/SmartPowerService(  234): register ifttt task: {"trigger":{"type":0,"intent":{"action":"com.baidu.smartpm.trigger.BATTERY_LOW"}},"actions":[{"type":1,"intent":{"action":"com.baidu.smartpm.ACTION_DEFAULT_ACTION_BATTERY_LOW"}}]}
D/gps_sirf(  234): HOST_SetCodeLoadPercentDone 58
D/gps_sirf(  234): HOST_SetCodeLoadPercentDone 59
D/gps_sirf(  234): HOST_SetCodeLoadPercentDone 60
D/SmartPowerService(  234): action.prepare()
D/SmartPowerService(  234): trigger.prepare().
D/EnterpriseDeviceManagerService(  234): android.intent.action.BOOT_COMPLETED
I/EnterpriseDeviceManagerService(  234): runAdminUpdate
V/DevicePolicyManagerService(  234): Sending password expiration notifications for action android.intent.action.BOOT_COMPLETED
W/System.err(  234): 	at java.io.FileInputStream.<init>(FileInputStream.java:105)
W/dalvikvm(  641): Refusing to reopen boot DEX '/system/framework/framework-yi.jar'
D/gps_sirf(  234): HOST_SetCodeLoadPercentDone 61
D/gps_sirf(  234): HOST_SetCodeLoadPercentDone 62
W/System.err(  234): 	at com.baidu.systemverify.Verification.updateskipFileslist(Verification.java:303)
W/System.err(  234): 	at com.baidu.systemverify.Verification.verifySystem(Verification.java:64)
W/System.err(  234): 	at com.baidu.systemverify.VerificationService.verify(VerificationService.java:74)
W/System.err(  234): 	at com.baidu.systemverify.VerificationService.access$000(VerificationService.java:18)
D/gps_sirf(  234): HOST_SetCodeLoadPercentDone 63
D/gps_sirf(  234): HOST_SetCodeLoadPercentDone 64
D/gps_sirf(  234): HOST_SetCodeLoadPercentDone 65
I/ActivityManager(  234): Start proc app.processName for service hostingNameStr: pid=677 uid=10037 gids={3003, 1015, 1023}
I/ActivityThread(  641): Pub com.baidu.account.provider.AccountInfoProvider: com.baidu.account.provider.AccountInfoProvider
I/ActivityThread(  641): Pub com.baidu.sdcardlfileprovider: com.baidu.sdcard.provider.FileContentProvider
I/ActivityThread(  641): Pub com.baidu.bsf.service.provider: com.baidu.appupdate.db.AppUpgradeProvider
D/gps_sirf(  234): HOST_SetCodeLoadPercentDone 66
D/gps_sirf(  234): HOST_SetCodeLoadPercentDone 67
W/System.err(  234): 	at com.baidu.systemverify.VerificationService$VerifyHandler.handleMessage(VerificationService.java:150)
W/System.err(  234): 	at android.os.Handler.dispatchMessage(Handler.java:99)
I/ActivityThread(  653): Pub com.baidu.antidisturbance: com.baidu.antidisturbance.provider.AntiDisturbProvider
W/System.err(  234): 	at android.os.Looper.loop(Looper.java:137)
I/AntiDisturbanceApp(  653): AntiDisturbanceApp onCreate
W/System.err(  234): 	at android.os.HandlerThread.run(HandlerThread.java:60)
W/System.err(  234): Caused by: libcore.io.ErrnoException: open failed: ENOENT (No such file or directory)
W/System.err(  234): 	at libcore.io.Posix.open(Native Method)
D/gps_sirf(  234): HOST_SetCodeLoadPercentDone 68
D/gps_sirf(  234): HOST_SetCodeLoadPercentDone 69
D/gps_sirf(  234): HOST_SetCodeLoadPercentDone 70
W/System.err(  234): 	at libcore.io.BlockGuardOs.open(BlockGuardOs.java:110)
W/System.err(  234): 	at libcore.io.IoBridge.open(IoBridge.java:409)
W/System.err(  234): 	... 10 more
I/YhdsEngine(  653): [AntiSpamCallManager] register PhoneCallStateListener success ===== 
W/System.err(  234): java.io.FileNotFoundException: /data/system/selfUpdateAdmin.conf: open failed: ENOENT (No such file or directory)
W/System.err(  234): 	at libcore.io.IoBridge.open(IoBridge.java:425)
W/System.err(  234): 	at java.io.FileInputStream.<init>(FileInputStream.java:78)
W/System.err(  234): 	at java.io.FileInputStream.<init>(FileInputStream.java:105)
W/System.err(  234): 	at java.io.FileReader.<init>(FileReader.java:66)
W/System.err(  234): 	at com.android.server.enterprise.Utils.readPropertyValue(Utils.java:120)
W/System.err(  234): 	at com.android.server.enterprise.EnterpriseDeviceManagerService.selfUpdate(EnterpriseDeviceManagerService.java:762)
W/System.err(  234): 	at com.android.server.enterprise.EnterpriseDeviceManagerService.access$300(EnterpriseDeviceManagerService.java:109)
W/System.err(  234): 	at com.android.server.enterprise.EnterpriseDeviceManagerService$2.run(EnterpriseDeviceManagerService.java:749)
W/System.err(  234): 	at android.os.Handler.handleCallback(Handler.java:605)
W/System.err(  234): 	at android.os.Handler.dispatchMessage(Handler.java:92)
W/System.err(  234): 	at android.os.Looper.loop(Looper.java:137)
W/System.err(  234): 	at android.os.HandlerThread.run(HandlerThread.java:60)
W/System.err(  234): Caused by: libcore.io.ErrnoException: open failed: ENOENT (No such file or directory)
D/FirewallPolicy(  234): getLastUidForRules
D/FirewallPolicy(  234): getLastUidForProxy
D/FirewallPolicy(  234): getLastUidForProxy() uid = -1
D/gps_sirf(  234): HOST_SetCodeLoadPercentDone 71
D/gps_sirf(  234): HOST_SetCodeLoadPercentDone 72
I/ActivityThread(  677): Pub com.android.exchange.directory.provider: com.android.exchange.provider.ExchangeDirectoryProvider
I/ContactsProvider(  546): delete 0 unused photo 
I/WifiService(  234): android.intent.action.BOOT_COMPLETED
I/WifiService(  234): WifiService starting up with Wi-Fi disabled
I/ApplicationPolicy(  234): getActualApplicationStateEnabled() : true
D/gps_sirf(  234): HOST_SetCodeLoadPercentDone 73
D/gps_sirf(  234): HOST_SetCodeLoadPercentDone 74
D/gps_sirf(  234): HOST_SetCodeLoadPercentDone 75
D/ExchangeService(  677): !!! EAS ExchangeService, onCreate
D/Tethering(  234): Boot complete.
W/System.err(  234): 	at libcore.io.Posix.open(Native Method)
W/System.err(  234): 	at libcore.io.BlockGuardOs.open(BlockGuardOs.java:110)
W/System.err(  234): 	at libcore.io.IoBridge.open(IoBridge.java:409)
W/System.err(  234): 	... 11 more
E/readPropertyValue(  234): File access error /data/system/selfUpdateAdmin.conf
I/EnterpriseDeviceManagerService(  234): nothing to selfUpdate
D/MountService(  234): received ACTION_BOOT_COMPLETED
D/Eas Debug(  677): Logging: 
D/MountService(  234): doMountVolume :: Mouting path = /mnt/extSdCard with = booting
D/gps_sirf(  234): HOST_SetCodeLoadPercentDone 76
D/gps_sirf(  234): HOST_SetCodeLoadPercentDone 77
D/gps_sirf(  234): HOST_SetCodeLoadPercentDone 78
D/com.baidu.backup.b.a(  641): LocalTransportService onCreate
D/MtpService(  430): onStorageStateChanged /mnt/extSdCard unmounted -> checking
D/MountService(  234): externalstorage_lock_state = 
D/MountService(  234): ExtSdcard = true
D/VoldCmdListener(   80): volume mount /mnt/extSdCard
I/Vold    (   80): /dev/block/vold/179:97 being considered for volume sdcard
D/Vold    (   80): Volume sdcard state changing 1 (Idle-Unmounted) -> 3 (Checking)
I/MountService(  234): onEvent:: raw= 605 Volume sdcard /mnt/extSdCard state changed from 1 (Idle-Unmounted) to 3 (Checking) cooked =  605 Volume sdcard /mnt/extSdCard state changed from 1 (Idle-Unmounted) to 3 (Checking)
I/MountService(  234): updating volume state checking
D/MountService(  234): updatePublicVolumeState :: path = /mnt/extSdCard, state = checking
D/MountService(  234): volume state changed for /mnt/extSdCard (unmounted -> checking)
I/StorageNotification(  375): Media {/mnt/extSdCard} state changed from {unmounted} -> {checking}
I/MountService(  234): notifyVolumeStateChanged:: path = /mnt/extSdCard,old = unmounted,new = checking
D/MountService(  234): sendStorageIntent Intent { act=android.intent.action.MEDIA_CHECKING dat=file:///mnt/extSdCard (has extras) }
D/BaiduReceiver(  653): action = android.intent.action.BOOT_COMPLETED
V/MediaPlayer(  234): decode(312, 0, 7567)
D/ExchangeService(  677): !!! EAS ExchangeService, onCreate
I/SearchManagerService(  234): Building list of searchable activities
V/MediaPlayerService(   98): decode(37, 0, 7567)
D/ExchangeService(  677): !!! EAS ExchangeService, onStartCommand, startingUp = false, running = false
D/ApplicationPolicy(  234): isStatusBarNotificationAllowed: packageName = com.android.systemui
V/AudioFlinger(   98): setParameters(): io 0, keyvalue ril_connected=1, tid 221, calling tid 234
V/MediaPlayerService(   98): player type = 3
V/MediaPlayerService(   98):  create StagefrightPlayer
V/AwesomePlayer(   98): setDefault
V/AwesomePlayer(   98): constructor
V/AudioFlinger(   98): setParameters::  string = ril_connected=1 / ioHandle = 0 
V/AudioFlinger(   98): setParameters:: send AudioHAL 
D/AudioHardwareALSA(   98): LVVE AudioHardwareALSA::setParameters() ril_connected=1
D/AudioHardwareALSA(   98): AudioHardwareALSA::setParameters() ril_connected=1
I/AudioHardwareALSA(   98): connect RILD ok
V/AwesomePlayer(   98): setDefault
I/AwesomePlayer(   98): reset
I/AwesomePlayer(   98): cancel player events
V/AwesomePlayer(   98): mAudioTrackVector clear
I/AwesomePlayer(   98): --mSystemTimeSourceForSync reset ok
V/AwesomePlayer(   98): setListener
V/StagefrightPlayer(   98): setAudioSink
V/AwesomePlayer(   98): setAudioSink
V/StagefrightPlayer(   98): setDataSource(37, 0, 7567)
V/AwesomePlayer(   98): setDataSource fd
I/AwesomePlayer(   98): cancel player events
V/AwesomePlayer(   98): mAudioTrackVector clear
I/AwesomePlayer(   98): --mSystemTimeSourceForSync reset ok
I/MediaExtractor(   98): Autodetected media content as 'application/ogg' with confidence 0.20
V/AwesomePlayer(   98): track of type 'audio/vorbis' does not publish bitrate
V/AwesomePlayer(   98): mBitrate = -1 bits/sec
V/AwesomePlayer(   98): current audio track (0)
V/AwesomePlayer(   98): current audio track (0) is added to vector[0]
V/AwesomePlayer(   98): setDataSource_l: Audio(1), Video(0)
I/AwesomePlayer(   98): AwesomePlayer::setDataSource_l():: This is not a DRM content
V/MediaPlayerService(   98): prepare
V/StagefrightPlayer(   98): prepareAsync
V/AwesomePlayer(   98): prepareAsync
V/MediaPlayerService(   98): wait for prepare
D/com.baidu.backup.b.a(  641): LocalTransportService onBind, return ObservableTransport:mLocalTransport
V/AwesomePlayer(   98): onPrepareAsyncEvent
I/AwesomePlayer(   98): initAudioDecoder start
W/logwrapper(  716): Unable to background process (No such file or directory)
V/AwesomePlayer(   98): notifyListner_l() msg (5-MEDIA_SET_VIDEO_SIZE), ext1 (0), ext2 (0)
V/AudioCache(   98): notify(0x1a49ff8, 5, 0, 0)
V/AudioCache(   98): ignored
V/AwesomePlayer(   98): notifyListner_l() msg (1-MEDIA_PREPARED), ext1 (0), ext2 (0)
V/AudioCache(   98): notify(0x1a49ff8, 1, 0, 0)
V/AudioCache(   98): prepared
V/AudioCache(   98): wait - success
V/MediaPlayerService(   98): start
V/StagefrightPlayer(   98): start
V/AwesomePlayer(   98): play
I/AwesomePlayer(   98): AwesomePlayer::play_l():: this is not widevine!! 
I/AwesomePlayer(   98): AwesomePlayer::play_l():: This is not a DRM content
I/YhdsEngine(  653): [EngineIntentService] Received: com.dianxinos.optimizer.engine.action.APP_START
I/CommonIntentService(  653): Received: com.dianxinos.optimizer.action.APP_START
I/AntiDisturbanceApp(  653): #onAppStart
D/gps_sirf(  234): HOST_SetCodeLoadPercentDone 79
D/gps_sirf(  234): HOST_SetCodeLoadPercentDone 80
I//system/bin/fsck_msdos(   80): ** /dev/block/vold/179:97
V/AudioCache(   98): open(44100, 2, 1, 4)
V/MediaPlayerService(   98): wait for playback complete
I//system/bin/fsck_msdos(   80): Boot sector contents:
I//system/bin/fsck_msdos(   80): 	bytes per sector:.............512
I//system/bin/fsck_msdos(   80): 	sectors per cluster:..........8
I//system/bin/fsck_msdos(   80): 	number of reserved sectors:...32
I//system/bin/fsck_msdos(   80): 	number of FATs:...............2
I//system/bin/fsck_msdos(   80): 	number of sectors are in FAT:.3743 (1871 KB)
I//system/bin/fsck_msdos(   80): 	cluster mask (bit):...........32
I//system/bin/fsck_msdos(   80): 	FAT entries:..................479104
I//system/bin/fsck_msdos(   80): 	first cluster offset..........7502
I//system/bin/fsck_msdos(   80): 	cluster size(bytes):..........4096
I//system/bin/fsck_msdos(   80): 	number of sectors:............3840000
I//system/bin/fsck_msdos(   80): 	hidden sectors:...............0
I//system/bin/fsck_msdos(   80): 	number of clusters:...........479062
I//system/bin/fsck_msdos(   80): 	oem name:.....................android { 0x61 0x6e 0x64 0x72 0x6f 0x69 0x64 0x20}
I//system/bin/fsck_msdos(   80): 	volume serial number:.........1134-07e3
I//system/bin/fsck_msdos(   80): 	volume label:.................NO NAME    { 0x4f 0x20 0x4e 0x41 0x4d 0x45 0x20 0x20 0x20 0x20 0x46}
I//system/bin/fsck_msdos(   80): 	file system string id:........FAT32   { 0x41 0x54 0x33 0x32 0x20 0x20 0x20 0xfa}
I//system/bin/fsck_msdos(   80): ** Phase 1 - Read and Compare FATs
I//system/bin/fsck_msdos(   80): Attempting to allocate 1871 KB for FAT
V/AudioCache(   98): write(0x1a4ca20, 4096)
V/AudioCache(   98): memcpy(0x429e6000, 0x1a4ca20, 4096)
V/AudioCache(   98): write(0x1a4ca20, 4096)
V/AudioCache(   98): memcpy(0x429e7000, 0x1a4ca20, 4096)
V/AudioCache(   98): write(0x1a4ca20, 4096)
V/AudioCache(   98): memcpy(0x429e8000, 0x1a4ca20, 4096)
V/AudioCache(   98): write(0x1a4ca20, 4096)
V/AudioCache(   98): memcpy(0x429e9000, 0x1a4ca20, 4096)
V/AudioCache(   98): write(0x1a4ca20, 4096)
V/AudioCache(   98): memcpy(0x429ea000, 0x1a4ca20, 4096)
V/AudioCache(   98): write(0x1a4ca20, 4096)
V/AudioCache(   98): memcpy(0x429eb000, 0x1a4ca20, 4096)
V/AudioCache(   98): write(0x1a4ca20, 4096)
V/AudioCache(   98): memcpy(0x429ec000, 0x1a4ca20, 4096)
V/AudioCache(   98): write(0x1a4ca20, 4096)
V/AudioCache(   98): memcpy(0x429ed000, 0x1a4ca20, 4096)
E/OMXCodec(   98): [OMX.google.vorbis.decoder] err = -1011
V/AudioCache(   98): write(0x1a4ca20, 4096)
V/AudioCache(   98): memcpy(0x429ee000, 0x1a4ca20, 4096)
V/AudioCache(   98): write(0x1a4ca20, 4096)
V/AudioCache(   98): memcpy(0x429ef000, 0x1a4ca20, 4096)
V/AwesomePlayer(   98): MEDIA_PLAYBACK_COMPLETE
V/AwesomePlayer(   98): notifyListner_l() msg (2-MEDIA_PLAYBACK_COMPLETE), ext1 (0), ext2 (0)
V/AudioCache(   98): notify(0x1a49ff8, 2, 0, 0)
V/AudioCache(   98): playback complete - thread will wake up later
V/AudioCache(   98): write(0x1a4ca20, 384)
V/AudioCache(   98): memcpy(0x429f0000, 0x1a4ca20, 384)
V/AudioCache(   98): wait - success
V/StagefrightPlayer(   98): reset
I/AwesomePlayer(   98): reset
I/AwesomePlayer(   98): cancel player events
V/AwesomePlayer(   98): mAudioTrackVector clear
I/OMXCodec(   98): [OMX.google.vorbis.decoder] stop() sendCommand(0x4, OMX_CommandStateSet, OMX_StateIdle)
I/OMXCodec(   98): [OMX.google.vorbis.decoder] stopped in state 1
I/AwesomePlayer(   98): --mSystemTimeSourceForSync reset ok
V/StagefrightPlayer(   98): ~StagefrightPlayer
V/StagefrightPlayer(   98): reset
I/AwesomePlayer(   98): reset
