E/DataRouter(  109): read usb data[len:1]
E/DataRouter(  109): read usb data message:T
E/DataRouter(  109): Before the usb select 
E/SMD     (   90): ***Received data notification[DR->SMD]***
E/SMD     (   90): Message:T
E/SMD     (   90): Sending data to SMD: Len = [1]
E/SMD     (   90):  buffer = [T]
E/SMD     (   90): Wrote 1 chars to SMD PORT fd=11 ch = 54
E/DataRouter(  109): After the usb select 
E/DataRouter(  109): read usb data[len:1]
E/DataRouter(  109): read usb data message:+
E/DataRouter(  109): Before the usb select 
E/SMD     (   90): ***Received data notification[DR->SMD]***
E/SMD     (   90): Message:+
E/SMD     (   90): Sending data to SMD: Len = [1]
E/SMD     (   90):  buffer = [+]
E/SMD     (   90): Wrote 1 chars to SMD PORT fd=11 ch = 2b
E/DataRouter(  109): After the usb select 
E/DataRouter(  109): read usb data[len:1]
E/DataRouter(  109): read usb data message:C
E/DataRouter(  109): Before the usb select 
E/SMD     (   90): ***Received data notification[DR->SMD]***
E/SMD     (   90): Message:C
E/SMD     (   90): Sending data to SMD: Len = [1]
E/SMD     (   90):  buffer = [C]
E/SMD     (   90): Wrote 1 chars to SMD PORT fd=11 ch = 43
E/DataRouter(  109): After the usb select 
E/DataRouter(  109): read usb data[len:1]
E/DataRouter(  109): read usb data message:L
E/DataRouter(  109): Before the usb select 
E/SMD     (   90): ***Received data notification[DR->SMD]***
E/SMD     (   90): Message:L
E/SMD     (   90): Sending data to SMD: Len = [1]
E/SMD     (   90):  buffer = [L]
E/SMD     (   90): Wrote 1 chars to SMD PORT fd=11 ch = 4c
E/DataRouter(  109): After the usb select 
E/DataRouter(  109): read usb data[len:1]
E/DataRouter(  109): read usb data message:C
E/DataRouter(  109): Before the usb select 
E/SMD     (   90): ***Received data notification[DR->SMD]***
E/SMD     (   90): Message:C
E/SMD     (   90): Sending data to SMD: Len = [1]
E/SMD     (   90):  buffer = [C]
E/SMD     (   90): Wrote 1 chars to SMD PORT fd=11 ch = 43
E/DataRouter(  109): After the usb select 
E/DataRouter(  109): read usb data[len:1]
E/DataRouter(  109): read usb data message:K
E/DataRouter(  109): Before the usb select 
E/SMD     (   90): ***Received data notification[DR->SMD]***
E/SMD     (   90): Message:K
E/SMD     (   90): Sending data to SMD: Len = [1]
E/SMD     (   90):  buffer = [K]
E/SMD     (   90): Wrote 1 chars to SMD PORT fd=11 ch = 4b
E/DataRouter(  109): After the usb select 
E/DataRouter(  109): read usb data[len:1]
E/DataRouter(  109): read usb data message:=
E/DataRouter(  109): Before the usb select 
E/SMD     (   90): ***Received data notification[DR->SMD]***
E/SMD     (   90): Message:=
E/SMD     (   90): Sending data to SMD: Len = [1]
E/SMD     (   90):  buffer = [=]
E/SMD     (   90): Wrote 1 chars to SMD PORT fd=11 ch = 3d
E/DataRouter(  109): After the usb select 
E/DataRouter(  109): read usb data[len:1]
E/DataRouter(  109): read usb data message:"
E/DataRouter(  109): Before the usb select 
E/SMD     (   90): ***Received data notification[DR->SMD]***
E/SMD     (   90): Message:"
E/SMD     (   90): Sending data to SMD: Len = [1]
E/SMD     (   90):  buffer = ["]
E/SMD     (   90): Wrote 1 chars to SMD PORT fd=11 ch = 22
E/DataRouter(  109): After the usb select 
E/DataRouter(  109): read usb data[len:1]
E/DataRouter(  109): read usb data message:F
E/DataRouter(  109): Before the usb select 
E/SMD     (   90): ***Received data notification[DR->SMD]***
E/SMD     (   90): Message:F
E/SMD     (   90): Sending data to SMD: Len = [1]
E/SMD     (   90):  buffer = [F]
E/SMD     (   90): Wrote 1 chars to SMD PORT fd=11 ch = 46
E/DataRouter(  109): After the usb select 
E/DataRouter(  109): read usb data[len:1]
E/DataRouter(  109): read usb data message:D
E/DataRouter(  109): Before the usb select 
E/SMD     (   90): ***Received data notification[DR->SMD]***
E/SMD     (   90): Message:D
E/SMD     (   90): Sending data to SMD: Len = [1]
E/SMD     (   90):  buffer = [D]
E/SMD     (   90): Wrote 1 chars to SMD PORT fd=11 ch = 44
E/DataRouter(  109): After the usb select 
E/DataRouter(  109): read usb data[len:1]
E/DataRouter(  109): read usb data message:"
E/DataRouter(  109): Before the usb select 
E/SMD     (   90): ***Received data notification[DR->SMD]***
E/SMD     (   90): Message:"
E/SMD     (   90): Sending data to SMD: Len = [1]
E/SMD     (   90):  buffer = ["]
E/SMD     (   90): Wrote 1 chars to SMD PORT fd=11 ch = 22
E/DataRouter(  109): After the usb select 
E/DataRouter(  109): read usb data[len:1]
E/DataRouter(  109): read usb data message:,
E/DataRouter(  109): Before the usb select 
E/SMD     (   90): ***Received data notification[DR->SMD]***
E/SMD     (   90): Message:,
E/SMD     (   90): Sending data to SMD: Len = [1]
E/SMD     (   90):  buffer = [,]
E/SMD     (   90): Wrote 1 chars to SMD PORT fd=11 ch = 2c
E/DataRouter(  109): After the usb select 
E/DataRouter(  109): read usb data[len:1]
E/DataRouter(  109): read usb data message:2
E/DataRouter(  109): Before the usb select 
E/SMD     (   90): ***Received data notification[DR->SMD]***
E/SMD     (   90): Message:2
E/SMD     (   90): Sending data to SMD: Len = [1]
E/SMD     (   90):  buffer = [2]
E/SMD     (   90): Wrote 1 chars to SMD PORT fd=11 ch = 32
E/DataRouter(  109): After the usb select 
E/DataRouter(  109): read usb data[len:1]
E/DataRouter(  109): read usb data message:
E/DataRouter(  109): Before the usb select 
E/SMD     (   90): ***Received data notification[DR->SMD]***
E/SMD     (   90): Message:
E/SMD     (   90): Sending data to SMD: Len = [1]
E/SMD     (   90):  buffer = []
D/SPRDENG (  150): eng_server2modem: use SIM1 /dev/CHNPTY13
D/SPRDENG (  150): AT > AT+CLCK="FD",2
D/PHONESERVER(  146): Send thread's TID [272] CHNMNG:findNextEOL:
D/PHONESERVER(  146): Send thread's TID [272] CHNMNG:end findNextEOL:
E/SMD     (   90): Wrote 1 chars to SMD PORT fd=11 ch = d
D/PHONESERVER(  146): Send thread's TID [272] CHNMNG:findNextEOL:
D/PHONESERVER(  146): Send thread's TID [272] CHNMNG:end findNextEOL:
D/PHONESERVER(  146): Send thread's TID [272] PS_PTY : /dev/CHNPTY13 Received 15 bytes command[AT+CLCK="FD",2]
D/PHONESERVER(  146): Send thread TID [272] CHNMNG enter channel_manager_get_cmux 
D/PHONESERVER(  146): Before add wait array pty=0x37964
D/PHONESERVER(  146): Before add wait array
D/PHONESERVER(  146): 
D/PHONESERVER(  146): After add wait array
D/PHONESERVER(  146): [0]:272 
D/PHONESERVER(  146): 
D/PHONESERVER(  146): TYPE: SSM
D/PHONESERVER(  146): Send thread TID [272] CHNMNG Leave channel_manager_get_cmux:/dev/ts0710mux2 
D/PHONESERVER(  146): PS_CMUX cmux_regist_cmd_callback cmux:/dev/ts0710mux2
D/PHONESERVER(  146): PS_CMUX :/dev/ts0710mux2 cmux_write:AT+CLCK="FD",2:len=15
D/PHONESERVER(  146): Receive thread's TID [258] CHMNG:  receive data thread :mux=/dev/ts0710mux2:input:+CLCK: 0
D/PHONESERVER(  146): pty_write get lock
D/PHONESERVER(  146): PS_PTY:/dev/CHNPTY13   write :
D/PHONESERVER(  146): +CLCK: 0
D/PHONESERVER(  146): 
D/PHONESERVER(  146): pty_write free lock
D/PHONESERVER(  146): Receive thread's TID [258] MUX :/dev/ts0710mux2 Waiting for resp  
D/PHONESERVER(  146): Receive thread's TID [258] CHMNG:  receive data thread :mux=/dev/ts0710mux2:input:OK
D/PHONESERVER(  146): PS_CMUX cmux_deregist_cmd_callback cmux:/dev/ts0710mux2
D/PHONESERVER(  146): pty_write get lock
D/PHONESERVER(  146): PS_PTY:/dev/CHNPTY13   write :
D/PHONESERVER(  146): OK
D/PHONESERVER(  146): 
D/SPRDENG (  150): eng_modem2server: use SIM1 /dev/CHNPTY13
D/SPRDENG (  150): AT < 
D/SPRDENG (  150): +CLCK: 0
D/SPRDENG (  150): 
D/SPRDENG (  150): OK
D/SPRDENG (  150): 
E/SMD     (   90): After the Modem Read select 
E/SMD     (   90): Read 18 chars from SMD Modem file fd = 11
E/SMD     (   90):  Message: 
E/SMD     (   90): +CLCK: 0
E/SMD     (   90): 
E/SMD     (   90): OK
E/SMD     (   90): ","AO","OI", "OX","AI","IR", "AB","AG", "AC","PN", "FD","PU","PP","PC")
E/SMD     (   90): 
E/SMD     (   90): OK
E/SMD     (   90): 28-2013 12:11:48
E/SMD     (   90): 
E/SMD     (   90): OK
E/SMD     (   90): 
E/SMD     (   90): Before the Modem Read select 
E/DataRouter(  109): [socket:17]******* Received data notification *******
E/DataRouter(  109): [socket:17]read socket data[len:18]
E/DataRouter(  109): [socket:17]read socket data[message:
E/DataRouter(  109): +CLCK: 0
E/DataRouter(  109): 
E/DataRouter(  109): OK
E/DataRouter(  109): 
E/DataRouter(  109): write [18] bytes of data to USB fd[14]
E/DataRouter(  109): [socket:17]dr_usb_write
D/PHONESERVER(  146): pty_write free lock
D/PHONESERVER(  146): [272] before timeout (1404400950)
D/PHONESERVER(  146): CHNMNG enter channel_manager_free_cmux cmux=/dev/ts0710mux2 
D/PHONESERVER(  146): CHNMNG enter channel_manager_free_cmux pty=0x37964 
D/PHONESERVER(  146): [258] Before remove wait array
D/PHONESERVER(  146): [0]:272 
D/PHONESERVER(  146): 
D/PHONESERVER(  146): [258] After remove wait array
D/PHONESERVER(  146): 
D/PHONESERVER(  146): Enter select_send_thread_run
D/PHONESERVER(  146): Leave select_send_thread_run
D/PHONESERVER(  146): CHNMNG Leave channel_manager_free_cmux cmux=/dev/ts0710mux2 
D/PHONESERVER(  146): [258] before signal (1404400950)
D/PHONESERVER(  146): [258] after signal (1404400950)
D/PHONESERVER(  146): Receive thread's TID [258] MUX :/dev/ts0710mux2 Waiting for resp  
E/DataRouter(  109): After the usb select 
E/DataRouter(  109): read usb data[len:1]
E/DataRouter(  109): read usb data message:A
E/DataRouter(  109): Before the usb select 
E/SMD     (   90): ***Received data notification[DR->SMD]***
E/SMD     (   90): Message:A
E/SMD     (   90): Sending data to SMD: Len = [1]
E/SMD     (   90):  buffer = [A]
E/SMD     (   90): Wrote 1 chars to SMD PORT fd=11 ch = 41
D/PHONESERVER(  146): [272] after timeout (1404400950)
D/PHONESERVER(  146): phoneserver mux adapt: generic cmd AT+CLCK="FD",2
E/DataRouter(  109): After the usb select 
E/DataRouter(  109): read usb data[len:1]
E/DataRouter(  109): read usb data message:T
E/DataRouter(  109): Before the usb select 
E/SMD     (   90): ***Received data notification[DR->SMD]***
E/SMD     (   90): Message:T
E/SMD     (   90): Sending data to SMD: Len = [1]
E/SMD     (   90):  buffer = [T]
E/SMD     (   90): Wrote 1 chars to SMD PORT fd=11 ch = 54
E/DataRouter(  109): After the usb select 
E/DataRouter(  109): read usb data[len:1]
E/DataRouter(  109): read usb data message:+
E/DataRouter(  109): Before the usb select 
E/SMD     (   90): ***Received data notification[DR->SMD]***
E/SMD     (   90): Message:+
E/SMD     (   90): Sending data to SMD: Len = [1]
E/SMD     (   90):  buffer = [+]
E/SMD     (   90): Wrote 1 chars to SMD PORT fd=11 ch = 2b
E/DataRouter(  109): After the usb select 
E/DataRouter(  109): read usb data[len:1]
E/DataRouter(  109): read usb data message:C
E/DataRouter(  109): Before the usb select 
E/SMD     (   90): ***Received data notification[DR->SMD]***
E/SMD     (   90): Message:C
E/SMD     (   90): Sending data to SMD: Len = [1]
E/SMD     (   90):  buffer = [C]
E/SMD     (   90): Wrote 1 chars to SMD PORT fd=11 ch = 43
E/DataRouter(  109): After the usb select 
E/DataRouter(  109): read usb data[len:1]
E/DataRouter(  109): read usb data message:L
E/DataRouter(  109): Before the usb select 
E/SMD     (   90): ***Received data notification[DR->SMD]***
E/SMD     (   90): Message:L
E/SMD     (   90): Sending data to SMD: Len = [1]
E/SMD     (   90):  buffer = [L]
E/SMD     (   90): Wrote 1 chars to SMD PORT fd=11 ch = 4c
E/DataRouter(  109): After the usb select 
E/DataRouter(  109): read usb data[len:1]
E/DataRouter(  109): read usb data message:C
E/DataRouter(  109): Before the usb select 
E/SMD     (   90): ***Received data notification[DR->SMD]***
E/SMD     (   90): Message:C
E/SMD     (   90): Sending data to SMD: Len = [1]
E/SMD     (   90):  buffer = [C]
E/SMD     (   90): Wrote 1 chars to SMD PORT fd=11 ch = 43
E/DataRouter(  109): After the usb select 
E/DataRouter(  109): read usb data[len:1]
E/DataRouter(  109): read usb data message:K
E/DataRouter(  109): Before the usb select 
E/SMD     (   90): ***Received data notification[DR->SMD]***
E/SMD     (   90): Message:K
E/SMD     (   90): Sending data to SMD: Len = [1]
E/SMD     (   90):  buffer = [K]
E/SMD     (   90): Wrote 1 chars to SMD PORT fd=11 ch = 4b
E/DataRouter(  109): After the usb select 
E/DataRouter(  109): read usb data[len:1]
E/DataRouter(  109): read usb data message:=
E/DataRouter(  109): Before the usb select 
E/SMD     (   90): ***Received data notification[DR->SMD]***
E/SMD     (   90): Message:=
E/SMD     (   90): Sending data to SMD: Len = [1]
E/SMD     (   90):  buffer = [=]
E/SMD     (   90): Wrote 1 chars to SMD PORT fd=11 ch = 3d
E/DataRouter(  109): After the usb select 
E/DataRouter(  109): read usb data[len:1]
E/DataRouter(  109): read usb data message:"
E/DataRouter(  109): Before the usb select 
E/SMD     (   90): ***Received data notification[DR->SMD]***
E/SMD     (   90): Message:"
E/SMD     (   90): Sending data to SMD: Len = [1]
E/SMD     (   90):  buffer = ["]
E/SMD     (   90): Wrote 1 chars to SMD PORT fd=11 ch = 22
E/DataRouter(  109): After the usb select 
E/DataRouter(  109): read usb data[len:1]
E/DataRouter(  109): read usb data message:P
E/DataRouter(  109): Before the usb select 
E/SMD     (   90): ***Received data notification[DR->SMD]***
E/SMD     (   90): Message:P
E/SMD     (   90): Sending data to SMD: Len = [1]
E/SMD     (   90):  buffer = [P]
E/SMD     (   90): Wrote 1 chars to SMD PORT fd=11 ch = 50
E/DataRouter(  109): After the usb select 
E/DataRouter(  109): read usb data[len:1]
E/DataRouter(  109): read usb data message:S
E/DataRouter(  109): Before the usb select 
E/SMD     (   90): ***Received data notification[DR->SMD]***
E/SMD     (   90): Message:S
E/SMD     (   90): Sending data to SMD: Len = [1]
E/SMD     (   90):  buffer = [S]
E/SMD     (   90): Wrote 1 chars to SMD PORT fd=11 ch = 53
I/Surface (  299): Surface_lockCanvas
E/DataRouter(  109): After the usb select 
E/DataRouter(  109): read usb data[len:1]
E/DataRouter(  109): read usb data message:"
E/DataRouter(  109): Before the usb select 
E/SMD     (   90): ***Received data notification[DR->SMD]***
E/SMD     (   90): Message:"
E/SMD     (   90): Sending data to SMD: Len = [1]
E/SMD     (   90):  buffer = ["]
E/SMD     (   90): Wrote 1 chars to SMD PORT fd=11 ch = 22
E/DataRouter(  109): After the usb select 
E/DataRouter(  109): read usb data[len:1]
E/DataRouter(  109): read usb data message:,
E/DataRouter(  109): Before the usb select 
E/SMD     (   90): ***Received data notification[DR->SMD]***
E/SMD     (   90): Message:,
E/SMD     (   90): Sending data to SMD: Len = [1]
E/SMD     (   90):  buffer = [,]
E/SMD     (   90): Wrote 1 chars to SMD PORT fd=11 ch = 2c
E/DataRouter(  109): After the usb select 
E/DataRouter(  109): read usb data[len:1]
E/DataRouter(  109): read usb data message:2
E/DataRouter(  109): Before the usb select 
E/SMD     (   90): ***Received data notification[DR->SMD]***
E/SMD     (   90): Message:2
E/SMD     (   90): Sending data to SMD: Len = [1]
E/SMD     (   90):  buffer = [2]
E/SMD     (   90): Wrote 1 chars to SMD PORT fd=11 ch = 32
E/DataRouter(  109): After the usb select 
E/DataRouter(  109): read usb data[len:1]
E/DataRouter(  109): read usb data message:
E/DataRouter(  109): Before the usb select 
E/SMD     (   90): ***Received data notification[DR->SMD]***
E/SMD     (   90): Message:
E/SMD     (   90): Sending data to SMD: Len = [1]
E/SMD     (   90):  buffer = []
D/SPRDENG (  150): eng_server2modem: use SIM1 /dev/CHNPTY13
D/SPRDENG (  150): AT > AT+CLCK="PS",2
D/PHONESERVER(  146): Send thread's TID [272] CHNMNG:findNextEOL:
D/PHONESERVER(  146): Send thread's TID [272] CHNMNG:end findNextEOL:
D/PHONESERVER(  146): Send thread's TID [272] CHNMNG:findNextEOL:
D/PHONESERVER(  146): Send thread's TID [272] CHNMNG:end findNextEOL:
D/PHONESERVER(  146): Send thread's TID [272] PS_PTY : /dev/CHNPTY13 Received 15 bytes command[AT+CLCK="PS",2]
D/PHONESERVER(  146): Send thread TID [272] CHNMNG enter channel_manager_get_cmux 
D/PHONESERVER(  146): Before add wait array pty=0x37964
D/PHONESERVER(  146): Before add wait array
D/PHONESERVER(  146): 
D/PHONESERVER(  146): After add wait array
D/PHONESERVER(  146): [0]:272 
D/PHONESERVER(  146): 
D/PHONESERVER(  146): TYPE: SSM
D/PHONESERVER(  146): Send thread TID [272] CHNMNG Leave channel_manager_get_cmux:/dev/ts0710mux2 
D/PHONESERVER(  146): PS_CMUX cmux_regist_cmd_callback cmux:/dev/ts0710mux2
D/PHONESERVER(  146): PS_CMUX :/dev/ts0710mux2 cmux_write:AT+CLCK="PS",2:len=15
D/PHONESERVER(  146): Receive thread's TID [258] CHMNG:  receive data thread :mux=/dev/ts0710mux2:input:+CME ERROR: 3
D/PHONESERVER(  146): PS_CMUX cmux_deregist_cmd_callback cmux:/dev/ts0710mux2
D/PHONESERVER(  146): pty_write get lock
D/PHONESERVER(  146): PS_PTY:/dev/CHNPTY13   write :
D/PHONESERVER(  146): +CME ERROR: 3
D/PHONESERVER(  146): 
D/PHONESERVER(  146): pty_write free lock
D/SPRDENG (  150): eng_modem2server: use SIM1 /dev/CHNPTY13
D/SPRDENG (  150): AT < 
D/SPRDENG (  150): +CME ERROR: 3
D/SPRDENG (  150): 
E/SMD     (   90): After the Modem Read select 
E/SMD     (   90): Read 17 chars from SMD Modem file fd = 11
E/SMD     (   90):  Message: 
E/SMD     (   90): +CME ERROR: 3
E/SMD     (   90): 
E/SMD     (   90): ","AO","OI", "OX","AI","IR", "AB","AG", "AC","PN", "FD","PU","PP","PC")
E/SMD     (   90): 
E/SMD     (   90): OK
E/SMD     (   90): 28-2013 12:11:48
E/SMD     (   90): 
E/SMD     (   90): OK
E/SMD     (   90): 
E/SMD     (   90): Before the Modem Read select 
E/DataRouter(  109): [socket:17]******* Received data notification *******
E/DataRouter(  109): [socket:17]read socket data[len:17]
E/DataRouter(  109): [socket:17]read socket data[message:
E/DataRouter(  109): +CME ERROR: 3
E/DataRouter(  109): 
E/DataRouter(  109): write [17] bytes of data to USB fd[14]
E/DataRouter(  109): [socket:17]dr_usb_write
D/PHONESERVER(  146): [272] before timeout (1404400950)
D/PHONESERVER(  146): CHNMNG enter channel_manager_free_cmux cmux=/dev/ts0710mux2 
D/PHONESERVER(  146): CHNMNG enter channel_manager_free_cmux pty=0x37964 
D/PHONESERVER(  146): [258] Before remove wait array
D/PHONESERVER(  146): [0]:272 
D/PHONESERVER(  146): 
D/PHONESERVER(  146): [258] After remove wait array
D/PHONESERVER(  146): 
D/PHONESERVER(  146): Enter select_send_thread_run
D/PHONESERVER(  146): Leave select_send_thread_run
D/PHONESERVER(  146): CHNMNG Leave channel_manager_free_cmux cmux=/dev/ts0710mux2 
D/PHONESERVER(  146): [258] before signal (1404400950)
D/PHONESERVER(  146): [258] after signal (1404400950)
D/PHONESERVER(  146): Receive thread's TID [258] MUX :/dev/ts0710mux2 Waiting for resp  
D/PHONESERVER(  146): [272] after timeout (1404400950)
D/PHONESERVER(  146): phoneserver mux adapt: generic cmd AT+CLCK="PS",2
E/SMD     (   90): Wrote 1 chars to SMD PORT fd=11 ch = d
E/DataRouter(  109): After the usb select 
E/DataRouter(  109): read usb data[len:1]
E/DataRouter(  109): read usb data message:A
E/DataRouter(  109): Before the usb select 
E/SMD     (   90): ***Received data notification[DR->SMD]***
E/SMD     (   90): Message:A
E/SMD     (   90): Sending data to SMD: Len = [1]
E/SMD     (   90):  buffer = [A]
E/SMD     (   90): Wrote 1 chars to SMD PORT fd=11 ch = 41
E/DataRouter(  109): After the usb select 
E/DataRouter(  109): read usb data[len:1]
E/DataRouter(  109): read usb data message:T
E/DataRouter(  109): Before the usb select 
E/SMD     (   90): ***Received data notification[DR->SMD]***
E/SMD     (   90): Message:T
E/SMD     (   90): Sending data to SMD: Len = [1]
E/SMD     (   90):  buffer = [T]
E/SMD     (   90): Wrote 1 chars to SMD PORT fd=11 ch = 54
E/DataRouter(  109): After the usb select 
E/DataRouter(  109): read usb data[len:1]
E/DataRouter(  109): read usb data message:+
E/DataRouter(  109): Before the usb select 
E/SMD     (   90): ***Received data notification[DR->SMD]***
E/SMD     (   90): Message:+
E/SMD     (   90): Sending data to SMD: Len = [1]
E/SMD     (   90):  buffer = [+]
E/SMD     (   90): Wrote 1 chars to SMD PORT fd=11 ch = 2b
E/DataRouter(  109): After the usb select 
E/DataRouter(  109): read usb data[len:1]
E/DataRouter(  109): read usb data message:C
E/DataRouter(  109): Before the usb select 
E/SMD     (   90): ***Received data notification[DR->SMD]***
E/SMD     (   90): Message:C
E/SMD     (   90): Sending data to SMD: Len = [1]
E/SMD     (   90):  buffer = [C]
E/SMD     (   90): Wrote 1 chars to SMD PORT fd=11 ch = 43
E/DataRouter(  109): After the usb select 
E/DataRouter(  109): read usb data[len:1]
E/DataRouter(  109): read usb data message:L
E/DataRouter(  109): Before the usb select 
E/SMD     (   90): ***Received data notification[DR->SMD]***
E/SMD     (   90): Message:L
E/SMD     (   90): Sending data to SMD: Len = [1]
E/SMD     (   90):  buffer = [L]
E/SMD     (   90): Wrote 1 chars to SMD PORT fd=11 ch = 4c
E/DataRouter(  109): After the usb select 
E/DataRouter(  109): read usb data[len:1]
E/DataRouter(  109): read usb data message:C
E/DataRouter(  109): Before the usb select 
E/SMD     (   90): ***Received data notification[DR->SMD]***
E/SMD     (   90): Message:C
E/SMD     (   90): Sending data to SMD: Len = [1]
E/SMD     (   90):  buffer = [C]
E/SMD     (   90): Wrote 1 chars to SMD PORT fd=11 ch = 43
E/DataRouter(  109): After the usb select 
E/DataRouter(  109): read usb data[len:1]
E/DataRouter(  109): read usb data message:K
E/DataRouter(  109): Before the usb select 
E/SMD     (   90): ***Received data notification[DR->SMD]***
E/SMD     (   90): Message:K
E/SMD     (   90): Sending data to SMD: Len = [1]
E/SMD     (   90):  buffer = [K]
E/SMD     (   90): Wrote 1 chars to SMD PORT fd=11 ch = 4b
E/DataRouter(  109): After the usb select 
E/DataRouter(  109): read usb data[len:1]
E/DataRouter(  109): read usb data message:=
E/DataRouter(  109): Before the usb select 
E/SMD     (   90): ***Received data notification[DR->SMD]***
E/SMD     (   90): Message:=
E/SMD     (   90): Sending data to SMD: Len = [1]
E/SMD     (   90):  buffer = [=]
E/SMD     (   90): Wrote 1 chars to SMD PORT fd=11 ch = 3d
E/DataRouter(  109): After the usb select 
E/DataRouter(  109): read usb data[len:1]
E/DataRouter(  109): read usb data message:"
E/DataRouter(  109): Before the usb select 
E/SMD     (   90): ***Received data notification[DR->SMD]***
E/SMD     (   90): Message:"
E/SMD     (   90): Sending data to SMD: Len = [1]
E/SMD     (   90):  buffer = ["]
E/SMD     (   90): Wrote 1 chars to SMD PORT fd=11 ch = 22
E/DataRouter(  109): After the usb select 
E/DataRouter(  109): read usb data[len:1]
E/DataRouter(  109): read usb data message:P
E/DataRouter(  109): Before the usb select 
E/SMD     (   90): ***Received data notification[DR->SMD]***
E/SMD     (   90): Message:P
E/SMD     (   90): Sending data to SMD: Len = [1]
E/SMD     (   90):  buffer = [P]
E/SMD     (   90): Wrote 1 chars to SMD PORT fd=11 ch = 50
E/DataRouter(  109): After the usb select 
E/DataRouter(  109): read usb data[len:1]
E/DataRouter(  109): read usb data message:N
E/DataRouter(  109): Before the usb select 
E/SMD     (   90): ***Received data notification[DR->SMD]***
E/SMD     (   90): Message:N
E/SMD     (   90): Sending data to SMD: Len = [1]
E/SMD     (   90):  buffer = [N]
E/SMD     (   90): Wrote 1 chars to SMD PORT fd=11 ch = 4e
E/DataRouter(  109): After the usb select 
E/DataRouter(  109): read usb data[len:1]
E/DataRouter(  109): read usb data message:"
E/DataRouter(  109): Before the usb select 
E/SMD     (   90): ***Received data notification[DR->SMD]***
E/SMD     (   90): Message:"
E/SMD     (   90): Sending data to SMD: Len = [1]
E/SMD     (   90):  buffer = ["]
E/SMD     (   90): Wrote 1 chars to SMD PORT fd=11 ch = 22
E/DataRouter(  109): After the usb select 
E/DataRouter(  109): read usb data[len:1]
E/DataRouter(  109): read usb data message:,
E/DataRouter(  109): Before the usb select 
E/SMD     (   90): ***Received data notification[DR->SMD]***
E/SMD     (   90): Message:,
E/SMD     (   90): Sending data to SMD: Len = [1]
E/SMD     (   90):  buffer = [,]
E/SMD     (   90): Wrote 1 chars to SMD PORT fd=11 ch = 2c
E/DataRouter(  109): After the usb select 
E/DataRouter(  109): read usb data[len:1]
E/DataRouter(  109): read usb data message:2
E/DataRouter(  109): Before the usb select 
E/SMD     (   90): ***Received data notification[DR->SMD]***
E/SMD     (   90): Message:2
E/SMD     (   90): Sending data to SMD: Len = [1]
E/SMD     (   90):  buffer = [2]
E/SMD     (   90): Wrote 1 chars to SMD PORT fd=11 ch = 32
E/DataRouter(  109): After the usb select 
E/DataRouter(  109): read usb data[len:1]
E/DataRouter(  109): read usb data message:
E/DataRouter(  109): Before the usb select 
E/SMD     (   90): ***Received data notification[DR->SMD]***
E/SMD     (   90): Message:
E/SMD     (   90): Sending data to SMD: Len = [1]
E/SMD     (   90):  buffer = []
D/SPRDENG (  150): eng_server2modem: use SIM1 /dev/CHNPTY13
D/SPRDENG (  150): AT > AT+CLCK="PN",2
D/PHONESERVER(  146): Send thread's TID [272] CHNMNG:findNextEOL:
D/PHONESERVER(  146): Send thread's TID [272] CHNMNG:end findNextEOL:
E/SMD     (   90): Wrote 1 chars to SMD PORT fd=11 ch = d
D/SPRDENG (  150): eng_modem2server: use SIM1 /dev/CHNPTY13
D/PHONESERVER(  146): Send thread's TID [272] CHNMNG:findNextEOL:
D/PHONESERVER(  146): Send thread's TID [272] CHNMNG:end findNextEOL:
D/PHONESERVER(  146): Send thread's TID [272] PS_PTY : /dev/CHNPTY13 Received 15 bytes command[AT+CLCK="PN",2]
D/PHONESERVER(  146): Send thread TID [272] CHNMNG enter channel_manager_get_cmux 
D/PHONESERVER(  146): Before add wait array pty=0x37964
D/PHONESERVER(  146): Before add wait array
D/PHONESERVER(  146): 
D/PHONESERVER(  146): After add wait array
D/PHONESERVER(  146): [0]:272 
D/PHONESERVER(  146): 
D/PHONESERVER(  146): TYPE: SSM
D/PHONESERVER(  146): Send thread TID [272] CHNMNG Leave channel_manager_get_cmux:/dev/ts0710mux2 
D/PHONESERVER(  146): PS_CMUX cmux_regist_cmd_callback cmux:/dev/ts0710mux2
D/PHONESERVER(  146): PS_CMUX :/dev/ts0710mux2 cmux_write:AT+CLCK="PN",2:len=15
D/PHONESERVER(  146): Receive thread's TID [258] CHMNG:  receive data thread :mux=/dev/ts0710mux2:input:+CME ERROR: 3
D/PHONESERVER(  146): PS_CMUX cmux_deregist_cmd_callback cmux:/dev/ts0710mux2
D/PHONESERVER(  146): pty_write get lock
D/PHONESERVER(  146): PS_PTY:/dev/CHNPTY13   write :
D/PHONESERVER(  146): +CME ERROR: 3
D/PHONESERVER(  146): 
D/PHONESERVER(  146): pty_write free lock
D/SPRDENG (  150): AT < 
D/SPRDENG (  150): +CME ERROR: 3
D/SPRDENG (  150): 
E/SMD     (   90): After the Modem Read select 
E/SMD     (   90): Read 17 chars from SMD Modem file fd = 11
E/SMD     (   90):  Message: 
E/SMD     (   90): +CME ERROR: 3
E/SMD     (   90): 
E/SMD     (   90): ","AO","OI", "OX","AI","IR", "AB","AG", "AC","PN", "FD","PU","PP","PC")
E/SMD     (   90): 
E/SMD     (   90): OK
E/SMD     (   90): 28-2013 12:11:48
E/SMD     (   90): 
E/SMD     (   90): OK
E/SMD     (   90): 
E/SMD     (   90): Before the Modem Read select 
E/DataRouter(  109): [socket:17]******* Received data notification *******
E/DataRouter(  109): [socket:17]read socket data[len:17]
E/DataRouter(  109): [socket:17]read socket data[message:
E/DataRouter(  109): +CME ERROR: 3
E/DataRouter(  109): 
E/DataRouter(  109): write [17] bytes of data to USB fd[14]
E/DataRouter(  109): [socket:17]dr_usb_write
D/PHONESERVER(  146): [272] before timeout (1404400950)
D/PHONESERVER(  146): CHNMNG enter channel_manager_free_cmux cmux=/dev/ts0710mux2 
D/PHONESERVER(  146): CHNMNG enter channel_manager_free_cmux pty=0x37964 
D/PHONESERVER(  146): [258] Before remove wait array
D/PHONESERVER(  146): [0]:272 
D/PHONESERVER(  146): 
D/PHONESERVER(  146): [258] After remove wait array
D/PHONESERVER(  146): 
D/PHONESERVER(  146): Enter select_send_thread_run
D/PHONESERVER(  146): Leave select_send_thread_run
D/PHONESERVER(  146): CHNMNG Leave channel_manager_free_cmux cmux=/dev/ts0710mux2 
D/PHONESERVER(  146): [258] before signal (1404400950)
D/PHONESERVER(  146): [258] after signal (1404400950)
D/PHONESERVER(  146): Receive thread's TID [258] MUX :/dev/ts0710mux2 Waiting for resp  
D/PHONESERVER(  146): [272] after timeout (1404400950)
D/PHONESERVER(  146): phoneserver mux adapt: generic cmd AT+CLCK="PN",2
E/DataRouter(  109): After the usb select 
E/DataRouter(  109): read usb data[len:1]
E/DataRouter(  109): read usb data message:A
E/DataRouter(  109): Before the usb select 
E/SMD     (   90): ***Received data notification[DR->SMD]***
E/SMD     (   90): Message:A
E/SMD     (   90): Sending data to SMD: Len = [1]
E/SMD     (   90):  buffer = [A]
E/SMD     (   90): Wrote 1 chars to SMD PORT fd=11 ch = 41
E/DataRouter(  109): After the usb select 
E/DataRouter(  109): read usb data[len:1]
E/DataRouter(  109): read usb data message:T
E/DataRouter(  109): Before the usb select 
E/SMD     (   90): ***Received data notification[DR->SMD]***
E/SMD     (   90): Message:T
E/SMD     (   90): Sending data to SMD: Len = [1]
E/SMD     (   90):  buffer = [T]
E/SMD     (   90): Wrote 1 chars to SMD PORT fd=11 ch = 54
E/DataRouter(  109): After the usb select 
E/DataRouter(  109): read usb data[len:1]
E/DataRouter(  109): read usb data message:+
E/DataRouter(  109): Before the usb select 
E/SMD     (   90): ***Received data notification[DR->SMD]***
E/SMD     (   90): Message:+
E/SMD     (   90): Sending data to SMD: Len = [1]
E/SMD     (   90):  buffer = [+]
E/SMD     (   90): Wrote 1 chars to SMD PORT fd=11 ch = 2b
E/DataRouter(  109): After the usb select 
E/DataRouter(  109): read usb data[len:1]
E/DataRouter(  109): read usb data message:C
E/DataRouter(  109): Before the usb select 
E/SMD     (   90): ***Received data notification[DR->SMD]***
E/SMD     (   90): Message:C
E/SMD     (   90): Sending data to SMD: Len = [1]
E/SMD     (   90):  buffer = [C]
E/SMD     (   90): Wrote 1 chars to SMD PORT fd=11 ch = 43
E/DataRouter(  109): After the usb select 
E/DataRouter(  109): read usb data[len:1]
E/DataRouter(  109): read usb data message:L
E/DataRouter(  109): Before the usb select 
E/SMD     (   90): ***Received data notification[DR->SMD]***
E/SMD     (   90): Message:L
E/SMD     (   90): Sending data to SMD: Len = [1]
E/SMD     (   90):  buffer = [L]
E/SMD     (   90): Wrote 1 chars to SMD PORT fd=11 ch = 4c
E/DataRouter(  109): After the usb select 
E/DataRouter(  109): read usb data[len:1]
E/DataRouter(  109): read usb data message:C
E/DataRouter(  109): Before the usb select 
E/SMD     (   90): ***Received data notification[DR->SMD]***
E/SMD     (   90): Message:C
E/SMD     (   90): Sending data to SMD: Len = [1]
E/SMD     (   90):  buffer = [C]
E/SMD     (   90): Wrote 1 chars to SMD PORT fd=11 ch = 43
E/DataRouter(  109): After the usb select 
E/DataRouter(  109): read usb data[len:1]
E/DataRouter(  109): read usb data message:K
E/DataRouter(  109): Before the usb select 
E/SMD     (   90): ***Received data notification[DR->SMD]***
E/SMD     (   90): Message:K
E/SMD     (   90): Sending data to SMD: Len = [1]
E/SMD     (   90):  buffer = [K]
E/SMD     (   90): Wrote 1 chars to SMD PORT fd=11 ch = 4b
E/DataRouter(  109): After the usb select 
E/DataRouter(  109): read usb data[len:1]
E/DataRouter(  109): read usb data message:=
E/DataRouter(  109): Before the usb select 
E/SMD     (   90): ***Received data notification[DR->SMD]***
E/SMD     (   90): Message:=
E/SMD     (   90): Sending data to SMD: Len = [1]
E/SMD     (   90):  buffer = [=]
E/SMD     (   90): Wrote 1 chars to SMD PORT fd=11 ch = 3d
E/DataRouter(  109): After the usb select 
E/DataRouter(  109): read usb data[len:1]
E/DataRouter(  109): read usb data message:"
E/DataRouter(  109): Before the usb select 
E/SMD     (   90): ***Received data notification[DR->SMD]***
E/SMD     (   90): Message:"
E/SMD     (   90): Sending data to SMD: Len = [1]
E/SMD     (   90):  buffer = ["]
E/SMD     (   90): Wrote 1 chars to SMD PORT fd=11 ch = 22
E/DataRouter(  109): After the usb select 
E/DataRouter(  109): read usb data[len:1]
E/DataRouter(  109): read usb data message:P
E/DataRouter(  109): Before the usb select 
E/SMD     (   90): ***Received data notification[DR->SMD]***
E/SMD     (   90): Message:P
E/SMD     (   90): Sending data to SMD: Len = [1]
E/SMD     (   90):  buffer = [P]
E/SMD     (   90): Wrote 1 chars to SMD PORT fd=11 ch = 50
I/Surface (  299): Surface_lockCanvas
E/DataRouter(  109): After the usb select 
E/DataRouter(  109): read usb data[len:1]
E/DataRouter(  109): read usb data message:U
E/DataRouter(  109): Before the usb select 
E/SMD     (   90): ***Received data notification[DR->SMD]***
E/SMD     (   90): Message:U
E/SMD     (   90): Sending data to SMD: Len = [1]
E/SMD     (   90):  buffer = [U]
E/SMD     (   90): Wrote 1 chars to SMD PORT fd=11 ch = 55
E/DataRouter(  109): After the usb select 
E/DataRouter(  109): read usb data[len:1]
E/DataRouter(  109): read usb data message:"
E/DataRouter(  109): Before the usb select 
E/SMD     (   90): ***Received data notification[DR->SMD]***
E/SMD     (   90): Message:"
E/SMD     (   90): Sending data to SMD: Len = [1]
E/SMD     (   90):  buffer = ["]
E/SMD     (   90): Wrote 1 chars to SMD PORT fd=11 ch = 22
E/DataRouter(  109): After the usb select 
E/DataRouter(  109): read usb data[len:1]
E/DataRouter(  109): read usb data message:,
E/DataRouter(  109): Before the usb select 
E/SMD     (   90): ***Received data notification[DR->SMD]***
E/SMD     (   90): Message:,
E/SMD     (   90): Sending data to SMD: Len = [1]
E/SMD     (   90):  buffer = [,]
E/SMD     (   90): Wrote 1 chars to SMD PORT fd=11 ch = 2c
E/DataRouter(  109): After the usb select 
E/DataRouter(  109): read usb data[len:1]
E/DataRouter(  109): read usb data message:2
E/DataRouter(  109): Before the usb select 
E/SMD     (   90): ***Received data notification[DR->SMD]***
E/SMD     (   90): Message:2
E/SMD     (   90): Sending data to SMD: Len = [1]
E/SMD     (   90):  buffer = [2]
E/SMD     (   90): Wrote 1 chars to SMD PORT fd=11 ch = 32
E/DataRouter(  109): After the usb select 
E/DataRouter(  109): read usb data[len:1]
E/DataRouter(  109): read usb data message:
E/DataRouter(  109): Before the usb select 
E/SMD     (   90): ***Received data notification[DR->SMD]***
E/SMD     (   90): Message:
E/SMD     (   90): Sending data to SMD: Len = [1]
E/SMD     (   90):  buffer = []
D/SPRDENG (  150): eng_server2modem: use SIM1 /dev/CHNPTY13
D/SPRDENG (  150): AT > AT+CLCK="PU",2
D/PHONESERVER(  146): Send thread's TID [272] CHNMNG:findNextEOL:
D/PHONESERVER(  146): Send thread's TID [272] CHNMNG:end findNextEOL:
D/PHONESERVER(  146): Send thread's TID [272] CHNMNG:findNextEOL:
D/PHONESERVER(  146): Send thread's TID [272] CHNMNG:end findNextEOL:
D/PHONESERVER(  146): Send thread's TID [272] PS_PTY : /dev/CHNPTY13 Received 15 bytes command[AT+CLCK="PU",2]
D/PHONESERVER(  146): Send thread TID [272] CHNMNG enter channel_manager_get_cmux 
D/PHONESERVER(  146): Before add wait array pty=0x37964
D/PHONESERVER(  146): Before add wait array
D/PHONESERVER(  146): 
D/PHONESERVER(  146): After add wait array
D/PHONESERVER(  146): [0]:272 
D/PHONESERVER(  146): 
D/PHONESERVER(  146): TYPE: SSM
D/PHONESERVER(  146): Send thread TID [272] CHNMNG Leave channel_manager_get_cmux:/dev/ts0710mux2 
D/PHONESERVER(  146): PS_CMUX cmux_regist_cmd_callback cmux:/dev/ts0710mux2
D/PHONESERVER(  146): PS_CMUX :/dev/ts0710mux2 cmux_write:AT+CLCK="PU",2:len=15
D/PHONESERVER(  146): Receive thread's TID [258] CHMNG:  receive data thread :mux=/dev/ts0710mux2:input:+CME ERROR: 3
D/PHONESERVER(  146): PS_CMUX cmux_deregist_cmd_callback cmux:/dev/ts0710mux2
D/PHONESERVER(  146): pty_write get lock
D/PHONESERVER(  146): PS_PTY:/dev/CHNPTY13   write :
D/PHONESERVER(  146): +CME ERROR: 3
D/PHONESERVER(  146): 
D/PHONESERVER(  146): pty_write free lock
D/SPRDENG (  150): eng_modem2server: use SIM1 /dev/CHNPTY13
D/SPRDENG (  150): AT < 
D/SPRDENG (  150): +CME ERROR: 3
D/SPRDENG (  150): 
E/SMD     (   90): After the Modem Read select 
E/SMD     (   90): Read 17 chars from SMD Modem file fd = 11
E/SMD     (   90):  Message: 
E/SMD     (   90): +CME ERROR: 3
E/SMD     (   90): 
E/SMD     (   90): ","AO","OI", "OX","AI","IR", "AB","AG", "AC","PN", "FD","PU","PP","PC")
E/SMD     (   90): 
E/SMD     (   90): OK
E/SMD     (   90): 28-2013 12:11:48
E/SMD     (   90): 
E/SMD     (   90): OK
E/SMD     (   90): 
E/SMD     (   90): Before the Modem Read select 
E/DataRouter(  109): [socket:17]******* Received data notification *******
E/DataRouter(  109): [socket:17]read socket data[len:17]
E/DataRouter(  109): [socket:17]read socket data[message:
E/DataRouter(  109): +CME ERROR: 3
E/DataRouter(  109): 
E/DataRouter(  109): write [17] bytes of data to USB fd[14]
E/DataRouter(  109): [socket:17]dr_usb_write
D/PHONESERVER(  146): [272] before timeout (1404400950)
D/PHONESERVER(  146): CHNMNG enter channel_manager_free_cmux cmux=/dev/ts0710mux2 
D/PHONESERVER(  146): CHNMNG enter channel_manager_free_cmux pty=0x37964 
D/PHONESERVER(  146): [258] Before remove wait array
D/PHONESERVER(  146): [0]:272 
D/PHONESERVER(  146): 
D/PHONESERVER(  146): [258] After remove wait array
D/PHONESERVER(  146): 
D/PHONESERVER(  146): Enter select_send_thread_run
D/PHONESERVER(  146): Leave select_send_thread_run
D/PHONESERVER(  146): CHNMNG Leave channel_manager_free_cmux cmux=/dev/ts0710mux2 
D/PHONESERVER(  146): [258] before signal (1404400950)
D/PHONESERVER(  146): [258] after signal (1404400950)
D/PHONESERVER(  146): Receive thread's TID [258] MUX :/dev/ts0710mux2 Waiting for resp  
D/PHONESERVER(  146): [272] after timeout (1404400950)
D/PHONESERVER(  146): phoneserver mux adapt: generic cmd AT+CLCK="PU",2
E/SMD     (   90): Wrote 1 chars to SMD PORT fd=11 ch = d
E/DataRouter(  109): After the usb select 
E/DataRouter(  109): read usb data[len:1]
E/DataRouter(  109): read usb data message:A
E/DataRouter(  109): Before the usb select 
E/SMD     (   90): ***Received data notification[DR->SMD]***
E/SMD     (   90): Message:A
E/SMD     (   90): Sending data to SMD: Len = [1]
E/SMD     (   90):  buffer = [A]
E/SMD     (   90): Wrote 1 chars to SMD PORT fd=11 ch = 41
E/DataRouter(  109): After the usb select 
E/DataRouter(  109): read usb data[len:1]
E/DataRouter(  109): read usb data message:T
E/DataRouter(  109): Before the usb select 
E/SMD     (   90): ***Received data notification[DR->SMD]***
E/SMD     (   90): Message:T
E/SMD     (   90): Sending data to SMD: Len = [1]
E/SMD     (   90):  buffer = [T]
E/SMD     (   90): Wrote 1 chars to SMD PORT fd=11 ch = 54
E/DataRouter(  109): After the usb select 
E/DataRouter(  109): read usb data[len:2]
E/DataRouter(  109): read usb data message:+C
E/DataRouter(  109): Before the usb select 
E/SMD     (   90): ***Received data notification[DR->SMD]***
E/SMD     (   90): Path set is DATA_PATH_DR_SMD_MANAGER
E/SMD     (   90): Message:+C
E/SMD     (   90): Sending data to SMD: Len = [2]
E/SMD     (   90):  buffer = [+C]
E/SMD     (   90): Wrote 2 chars to SMD PORT fd=11 ch = 2b
E/DataRouter(  109): After the usb select 
E/DataRouter(  109): read usb data[len:1]
E/DataRouter(  109): read usb data message:L
E/DataRouter(  109): Before the usb select 
E/SMD     (   90): ***Received data notification[DR->SMD]***
E/SMD     (   90): Message:L
E/SMD     (   90): Sending data to SMD: Len = [1]
E/SMD     (   90):  buffer = [L]
E/SMD     (   90): Wrote 1 chars to SMD PORT fd=11 ch = 4c
E/DataRouter(  109): After the usb select 
E/DataRouter(  109): read usb data[len:1]
E/DataRouter(  109): read usb data message:C
E/DataRouter(  109): Before the usb select 
E/SMD     (   90): ***Received data notification[DR->SMD]***
E/SMD     (   90): Message:C
E/SMD     (   90): Sending data to SMD: Len = [1]
E/SMD     (   90):  buffer = [C]
E/SMD     (   90): Wrote 1 chars to SMD PORT fd=11 ch = 43
E/DataRouter(  109): After the usb select 
E/DataRouter(  109): read usb data[len:1]
E/DataRouter(  109): read usb data message:K
E/DataRouter(  109): Before the usb select 
E/SMD     (   90): ***Received data notification[DR->SMD]***
E/SMD     (   90): Message:K
E/SMD     (   90): Sending data to SMD: Len = [1]
E/SMD     (   90):  buffer = [K]
E/SMD     (   90): Wrote 1 chars to SMD PORT fd=11 ch = 4b
E/DataRouter(  109): After the usb select 
E/DataRouter(  109): read usb data[len:1]
E/DataRouter(  109): read usb data message:=
E/DataRouter(  109): Before the usb select 
E/SMD     (   90): ***Received data notification[DR->SMD]***
E/SMD     (   90): Message:=
E/SMD     (   90): Sending data to SMD: Len = [1]
E/SMD     (   90):  buffer = [=]
E/SMD     (   90): Wrote 1 chars to SMD PORT fd=11 ch = 3d
E/DataRouter(  109): After the usb select 
E/DataRouter(  109): read usb data[len:1]
E/DataRouter(  109): read usb data message:"
E/DataRouter(  109): Before the usb select 
E/SMD     (   90): ***Received data notification[DR->SMD]***
E/SMD     (   90): Message:"
E/SMD     (   90): Sending data to SMD: Len = [1]
E/SMD     (   90):  buffer = ["]
E/SMD     (   90): Wrote 1 chars to SMD PORT fd=11 ch = 22
E/DataRouter(  109): After the usb select 
E/DataRouter(  109): read usb data[len:1]
E/DataRouter(  109): read usb data message:P
E/DataRouter(  109): Before the usb select 
E/SMD     (   90): ***Received data notification[DR->SMD]***
E/SMD     (   90): Message:P
E/SMD     (   90): Sending data to SMD: Len = [1]
E/SMD     (   90):  buffer = [P]
E/SMD     (   90): Wrote 1 chars to SMD PORT fd=11 ch = 50
E/DataRouter(  109): After the usb select 
E/DataRouter(  109): read usb data[len:1]
E/DataRouter(  109): read usb data message:P
E/DataRouter(  109): Before the usb select 
E/SMD     (   90): ***Received data notification[DR->SMD]***
E/SMD     (   90): Message:P
E/SMD     (   90): Sending data to SMD: Len = [1]
E/SMD     (   90):  buffer = [P]
E/SMD     (   90): Wrote 1 chars to SMD PORT fd=11 ch = 50
E/DataRouter(  109): After the usb select 
E/DataRouter(  109): read usb data[len:1]
E/DataRouter(  109): read usb data message:"
E/DataRouter(  109): Before the usb select 
E/SMD     (   90): ***Received data notification[DR->SMD]***
E/SMD     (   90): Message:"
E/SMD     (   90): Sending data to SMD: Len = [1]
E/SMD     (   90):  buffer = ["]
E/SMD     (   90): Wrote 1 chars to SMD PORT fd=11 ch = 22
E/DataRouter(  109): After the usb select 
E/DataRouter(  109): read usb data[len:1]
E/DataRouter(  109): read usb data message:,
E/DataRouter(  109): Before the usb select 
E/SMD     (   90): ***Received data notification[DR->SMD]***
E/SMD     (   90): Message:,
E/SMD     (   90): Sending data to SMD: Len = [1]
E/SMD     (   90):  buffer = [,]
E/SMD     (   90): Wrote 1 chars to SMD PORT fd=11 ch = 2c
E/DataRouter(  109): After the usb select 
E/DataRouter(  109): read usb data[len:1]
E/DataRouter(  109): read usb data message:2
E/DataRouter(  109): Before the usb select 
E/SMD     (   90): ***Received data notification[DR->SMD]***
E/SMD     (   90): Message:2
E/SMD     (   90): Sending data to SMD: Len = [1]
E/SMD     (   90):  buffer = [2]
E/SMD     (   90): Wrote 1 chars to SMD PORT fd=11 ch = 32
E/DataRouter(  109): After the usb select 
E/DataRouter(  109): read usb data[len:1]
E/DataRouter(  109): read usb data message:
E/DataRouter(  109): Before the usb select 
E/SMD     (   90): ***Received data notification[DR->SMD]***
E/SMD     (   90): Message:
E/SMD     (   90): Sending data to SMD: Len = [1]
E/SMD     (   90):  buffer = []
D/SPRDENG (  150): eng_server2modem: use SIM1 /dev/CHNPTY13
D/SPRDENG (  150): AT > AT+CLCK="PP",2
D/PHONESERVER(  146): Send thread's TID [272] CHNMNG:findNextEOL:
D/PHONESERVER(  146): Send thread's TID [272] CHNMNG:end findNextEOL:
E/SMD     (   90): Wrote 1 chars to SMD PORT fd=11 ch = d
D/PHONESERVER(  146): Send thread's TID [272] CHNMNG:findNextEOL:
D/PHONESERVER(  146): Send thread's TID [272] CHNMNG:end findNextEOL:
D/PHONESERVER(  146): Send thread's TID [272] PS_PTY : /dev/CHNPTY13 Received 15 bytes command[AT+CLCK="PP",2]
D/PHONESERVER(  146): Send thread TID [272] CHNMNG enter channel_manager_get_cmux 
D/PHONESERVER(  146): Before add wait array pty=0x37964
D/PHONESERVER(  146): Before add wait array
D/PHONESERVER(  146): 
D/PHONESERVER(  146): After add wait array
D/PHONESERVER(  146): [0]:272 
D/PHONESERVER(  146): 
D/PHONESERVER(  146): TYPE: SSM
D/PHONESERVER(  146): Send thread TID [272] CHNMNG Leave channel_manager_get_cmux:/dev/ts0710mux2 
D/PHONESERVER(  146): PS_CMUX cmux_regist_cmd_callback cmux:/dev/ts0710mux2
D/PHONESERVER(  146): PS_CMUX :/dev/ts0710mux2 cmux_write:AT+CLCK="PP",2:len=15
D/PHONESERVER(  146): Receive thread's TID [258] CHMNG:  receive data thread :mux=/dev/ts0710mux2:input:+CME ERROR: 3
D/PHONESERVER(  146): PS_CMUX cmux_deregist_cmd_callback cmux:/dev/ts0710mux2
D/PHONESERVER(  146): pty_write get lock
D/PHONESERVER(  146): PS_PTY:/dev/CHNPTY13   write :
D/PHONESERVER(  146): +CME ERROR: 3
D/PHONESERVER(  146): 
D/SPRDENG (  150): eng_modem2server: use SIM1 /dev/CHNPTY13
D/SPRDENG (  150): AT < 
D/SPRDENG (  150): +CME ERROR: 3
D/SPRDENG (  150): 
E/SMD     (   90): After the Modem Read select 
E/SMD     (   90): Read 17 chars from SMD Modem file fd = 11
E/SMD     (   90):  Message: 
E/SMD     (   90): +CME ERROR: 3
E/SMD     (   90): 
E/SMD     (   90): ","AO","OI", "OX","AI","IR", "AB","AG", "AC","PN", "FD","PU","PP","PC")
E/SMD     (   90): 
E/SMD     (   90): OK
E/SMD     (   90): 28-2013 12:11:48
E/SMD     (   90): 
E/SMD     (   90): OK
E/SMD     (   90): 
E/SMD     (   90): Before the Modem Read select 
E/DataRouter(  109): [socket:17]******* Received data notification *******
E/DataRouter(  109): [socket:17]read socket data[len:17]
E/DataRouter(  109): [socket:17]read socket data[message:
E/DataRouter(  109): +CME ERROR: 3
E/DataRouter(  109): 
E/DataRouter(  109): write [17] bytes of data to USB fd[14]
E/DataRouter(  109): [socket:17]dr_usb_write
D/PHONESERVER(  146): pty_write free lock
D/PHONESERVER(  146): [272] before timeout (1404400950)
D/PHONESERVER(  146): CHNMNG enter channel_manager_free_cmux cmux=/dev/ts0710mux2 
D/PHONESERVER(  146): CHNMNG enter channel_manager_free_cmux pty=0x37964 
D/PHONESERVER(  146): [258] Before remove wait array
D/PHONESERVER(  146): [0]:272 
D/PHONESERVER(  146): 
D/PHONESERVER(  146): [258] After remove wait array
D/PHONESERVER(  146): 
D/PHONESERVER(  146): Enter select_send_thread_run
D/PHONESERVER(  146): Leave select_send_thread_run
D/PHONESERVER(  146): CHNMNG Leave channel_manager_free_cmux cmux=/dev/ts0710mux2 
D/PHONESERVER(  146): [258] before signal (1404400950)
D/PHONESERVER(  146): [258] after signal (1404400950)
D/PHONESERVER(  146): Receive thread's TID [258] MUX :/dev/ts0710mux2 Waiting for resp  
E/DataRouter(  109): After the usb select 
E/DataRouter(  109): read usb data[len:1]
E/DataRouter(  109): read usb data message:A
E/DataRouter(  109): Before the usb select 
E/SMD     (   90): ***Received data notification[DR->SMD]***
E/SMD     (   90): Message:A
E/SMD     (   90): Sending data to SMD: Len = [1]
E/SMD     (   90):  buffer = [A]
E/SMD     (   90): Wrote 1 chars to SMD PORT fd=11 ch = 41
D/PHONESERVER(  146): [272] after timeout (1404400950)
D/PHONESERVER(  146): phoneserver mux adapt: generic cmd AT+CLCK="PP",2
E/DataRouter(  109): After the usb select 
E/DataRouter(  109): read usb data[len:1]
E/DataRouter(  109): read usb data message:T
E/DataRouter(  109): Before the usb select 
E/SMD     (   90): ***Received data notification[DR->SMD]***
E/SMD     (   90): Message:T
E/SMD     (   90): Sending data to SMD: Len = [1]
E/SMD     (   90):  buffer = [T]
E/SMD     (   90): Wrote 1 chars to SMD PORT fd=11 ch = 54
E/DataRouter(  109): After the usb select 
E/DataRouter(  109): read usb data[len:1]
E/DataRouter(  109): read usb data message:+
E/DataRouter(  109): Before the usb select 
E/SMD     (   90): ***Received data notification[DR->SMD]***
E/SMD     (   90): Message:+
E/SMD     (   90): Sending data to SMD: Len = [1]
E/SMD     (   90):  buffer = [+]
E/SMD     (   90): Wrote 1 chars to SMD PORT fd=11 ch = 2b
E/DataRouter(  109): After the usb select 
E/DataRouter(  109): read usb data[len:1]
E/DataRouter(  109): read usb data message:C
E/DataRouter(  109): Before the usb select 
E/SMD     (   90): ***Received data notification[DR->SMD]***
E/SMD     (   90): Message:C
E/SMD     (   90): Sending data to SMD: Len = [1]
E/SMD     (   90):  buffer = [C]
E/SMD     (   90): Wrote 1 chars to SMD PORT fd=11 ch = 43
E/DataRouter(  109): After the usb select 
E/DataRouter(  109): read usb data[len:1]
E/DataRouter(  109): read usb data message:L
E/DataRouter(  109): Before the usb select 
E/SMD     (   90): ***Received data notification[DR->SMD]***
E/SMD     (   90): Message:L
E/SMD     (   90): Sending data to SMD: Len = [1]
E/SMD     (   90):  buffer = [L]
E/SMD     (   90): Wrote 1 chars to SMD PORT fd=11 ch = 4c
E/DataRouter(  109): After the usb select 
E/DataRouter(  109): read usb data[len:1]
E/DataRouter(  109): read usb data message:C
E/DataRouter(  109): Before the usb select 
E/SMD     (   90): ***Received data notification[DR->SMD]***
E/SMD     (   90): Message:C
E/SMD     (   90): Sending data to SMD: Len = [1]
E/SMD     (   90):  buffer = [C]
E/SMD     (   90): Wrote 1 chars to SMD PORT fd=11 ch = 43
E/DataRouter(  109): After the usb select 
E/DataRouter(  109): read usb data[len:1]
E/DataRouter(  109): read usb data message:K
E/DataRouter(  109): Before the usb select 
E/SMD     (   90): ***Received data notification[DR->SMD]***
E/SMD     (   90): Message:K
E/SMD     (   90): Sending data to SMD: Len = [1]
E/SMD     (   90):  buffer = [K]
E/SMD     (   90): Wrote 1 chars to SMD PORT fd=11 ch = 4b
E/DataRouter(  109): After the usb select 
E/DataRouter(  109): read usb data[len:1]
E/DataRouter(  109): read usb data message:=
E/DataRouter(  109): Before the usb select 
