D/PackageUtil( 6813): getFakeSystemAppSize, pkg = com.android.contacts, count = 43
D/PackageUtil( 6813): getFakeSystemAppSize, pkg = com.android.mms, count = 23
D/PackageUtil( 6813): getFakeSystemAppSize, pkg = com.android.providers.settings, count = 0
D/PackageUtil( 6813): getFakeSystemAppSize, pkg = com.baidu.antidisturbance, count = 0
D/PackageUtil( 6813): getFakeSystemAppSize, pkg = com.baidu.baiduclock, count = 2
D/PackageUtil( 6813): getFakeSystemAppSize, pkg = com.baidu.home2, count = 0
D/PackageUtil( 6813): getFakeSystemAppSize, pkg = com.baidu.notepad, count = 1
D/com.baidu.backuprestore.UI.BaseListViewActivity( 6813): setSelectApp, pos = 1 isSelect = true
D/com.baidu.backuprestore.UI.BaseListViewActivity( 6813): setUiState
D/com.baidu.backuprestore.UI.BackupOptionActivity( 6813): setTotalAppSizeInfo
D/PackageUtil( 6813): getFakeSystemAppSize, pkg = com.android.contacts.call_log, count = 14
D/PackageUtil( 6813): getFakeSystemAppSize, pkg = com.android.contacts, count = 43
D/PackageUtil( 6813): getFakeSystemAppSize, pkg = com.android.mms, count = 23
D/PackageUtil( 6813): getFakeSystemAppSize, pkg = com.android.providers.settings, count = 0
D/PackageUtil( 6813): getFakeSystemAppSize, pkg = com.baidu.antidisturbance, count = 0
D/PackageUtil( 6813): getFakeSystemAppSize, pkg = com.baidu.baiduclock, count = 2
D/PackageUtil( 6813): getFakeSystemAppSize, pkg = com.baidu.home2, count = 0
D/PackageUtil( 6813): getFakeSystemAppSize, pkg = com.baidu.notepad, count = 1
D/com.baidu.backuprestore.UI.BaseListViewActivity( 6813): setSelectApp, pos = 2 isSelect = true
D/com.baidu.backuprestore.UI.BaseListViewActivity( 6813): setUiState
D/com.baidu.backuprestore.UI.BackupOptionActivity( 6813): setTotalAppSizeInfo
D/PackageUtil( 6813): getFakeSystemAppSize, pkg = com.android.contacts.call_log, count = 14
D/PackageUtil( 6813): getFakeSystemAppSize, pkg = com.android.contacts, count = 43
D/PackageUtil( 6813): getFakeSystemAppSize, pkg = com.android.mms, count = 23
D/PackageUtil( 6813): getFakeSystemAppSize, pkg = com.android.providers.settings, count = 0
D/PackageUtil( 6813): getFakeSystemAppSize, pkg = com.baidu.antidisturbance, count = 0
D/PackageUtil( 6813): getFakeSystemAppSize, pkg = com.baidu.baiduclock, count = 2
D/PackageUtil( 6813): getFakeSystemAppSize, pkg = com.baidu.home2, count = 0
D/PackageUtil( 6813): getFakeSystemAppSize, pkg = com.baidu.notepad, count = 1
D/com.baidu.backuprestore.UI.BaseListViewActivity( 6813): setSelectApp, pos = 3 isSelect = true
D/com.baidu.backuprestore.UI.BaseListViewActivity( 6813): setUiState
D/com.baidu.backuprestore.UI.BackupOptionActivity( 6813): setTotalAppSizeInfo
D/PackageUtil( 6813): getFakeSystemAppSize, pkg = com.android.contacts.call_log, count = 14
D/PackageUtil( 6813): getFakeSystemAppSize, pkg = com.android.contacts, count = 43
D/PackageUtil( 6813): getFakeSystemAppSize, pkg = com.android.mms, count = 23
D/PackageUtil( 6813): getFakeSystemAppSize, pkg = com.android.providers.settings, count = 0
D/PackageUtil( 6813): getFakeSystemAppSize, pkg = com.baidu.antidisturbance, count = 0
D/PackageUtil( 6813): getFakeSystemAppSize, pkg = com.baidu.baiduclock, count = 2
D/PackageUtil( 6813): getFakeSystemAppSize, pkg = com.baidu.home2, count = 0
D/PackageUtil( 6813): getFakeSystemAppSize, pkg = com.baidu.notepad, count = 1
D/com.baidu.backuprestore.UI.BaseListViewActivity( 6813): setSelectApp, pos = 4 isSelect = true
D/com.baidu.backuprestore.UI.BaseListViewActivity( 6813): setUiState
D/com.baidu.backuprestore.UI.BackupOptionActivity( 6813): setTotalAppSizeInfo
D/PackageUtil( 6813): getFakeSystemAppSize, pkg = com.android.contacts.call_log, count = 14
D/PackageUtil( 6813): getFakeSystemAppSize, pkg = com.android.contacts, count = 43
D/PackageUtil( 6813): getFakeSystemAppSize, pkg = com.android.mms, count = 23
D/PackageUtil( 6813): getFakeSystemAppSize, pkg = com.android.providers.settings, count = 0
D/PackageUtil( 6813): getFakeSystemAppSize, pkg = com.baidu.antidisturbance, count = 0
D/PackageUtil( 6813): getFakeSystemAppSize, pkg = com.baidu.baiduclock, count = 2
D/PackageUtil( 6813): getFakeSystemAppSize, pkg = com.baidu.home2, count = 0
D/PackageUtil( 6813): getFakeSystemAppSize, pkg = com.baidu.notepad, count = 1
D/com.baidu.backuprestore.UI.BaseListViewActivity( 6813): setSelectApp, pos = 5 isSelect = true
D/com.baidu.backuprestore.UI.BaseListViewActivity( 6813): setUiState
D/com.baidu.backuprestore.UI.BackupOptionActivity( 6813): setTotalAppSizeInfo
D/PackageUtil( 6813): getFakeSystemAppSize, pkg = com.android.contacts.call_log, count = 14
D/PackageUtil( 6813): getFakeSystemAppSize, pkg = com.android.contacts, count = 43
D/PackageUtil( 6813): getFakeSystemAppSize, pkg = com.android.mms, count = 23
D/PackageUtil( 6813): getFakeSystemAppSize, pkg = com.android.providers.settings, count = 0
D/PackageUtil( 6813): getFakeSystemAppSize, pkg = com.baidu.antidisturbance, count = 0
D/PackageUtil( 6813): getFakeSystemAppSize, pkg = com.baidu.baiduclock, count = 2
D/PackageUtil( 6813): getFakeSystemAppSize, pkg = com.baidu.home2, count = 0
D/PackageUtil( 6813): getFakeSystemAppSize, pkg = com.baidu.notepad, count = 1
D/com.baidu.backuprestore.UI.BaseListViewActivity( 6813): setSelectApp, pos = 6 isSelect = true
D/com.baidu.backuprestore.UI.BaseListViewActivity( 6813): setUiState
D/com.baidu.backuprestore.UI.BackupOptionActivity( 6813): setTotalAppSizeInfo
D/PackageUtil( 6813): getFakeSystemAppSize, pkg = com.android.contacts.call_log, count = 14
D/PackageUtil( 6813): getFakeSystemAppSize, pkg = com.android.contacts, count = 43
D/PackageUtil( 6813): getFakeSystemAppSize, pkg = com.android.mms, count = 23
D/PackageUtil( 6813): getFakeSystemAppSize, pkg = com.android.providers.settings, count = 0
D/PackageUtil( 6813): getFakeSystemAppSize, pkg = com.baidu.antidisturbance, count = 0
D/PackageUtil( 6813): getFakeSystemAppSize, pkg = com.baidu.baiduclock, count = 2
D/PackageUtil( 6813): getFakeSystemAppSize, pkg = com.baidu.home2, count = 0
D/PackageUtil( 6813): getFakeSystemAppSize, pkg = com.baidu.notepad, count = 1
D/com.baidu.backuprestore.UI.BaseListViewActivity( 6813): setSelectApp, pos = 7 isSelect = true
D/com.baidu.backuprestore.UI.BaseListViewActivity( 6813): setUiState
D/com.baidu.backuprestore.UI.BackupOptionActivity( 6813): setTotalAppSizeInfo
D/PackageUtil( 6813): getFakeSystemAppSize, pkg = com.android.contacts.call_log, count = 14
D/PackageUtil( 6813): getFakeSystemAppSize, pkg = com.android.contacts, count = 43
D/PackageUtil( 6813): getFakeSystemAppSize, pkg = com.android.mms, count = 23
D/PackageUtil( 6813): getFakeSystemAppSize, pkg = com.android.providers.settings, count = 0
D/PackageUtil( 6813): getFakeSystemAppSize, pkg = com.baidu.antidisturbance, count = 0
D/PackageUtil( 6813): getFakeSystemAppSize, pkg = com.baidu.baiduclock, count = 2
D/PackageUtil( 6813): getFakeSystemAppSize, pkg = com.baidu.home2, count = 0
D/PackageUtil( 6813): getFakeSystemAppSize, pkg = com.baidu.notepad, count = 1
V/AlarmManager(  233): waitForAlarm result :2
D/AppItemAdapter( 6813): AppItemAdapter, dataExist = true
D/com.baidu.backuprestore.UI.BackupOptionActivity( 6813): updateThirdAppsSizeInfo
D/com.baidu.backuprestore.UI.BackupOptionActivity( 6813): totalSize = 136178457
D/com.baidu.backuprestore.UI.BackupOptionActivity( 6813): setTotalAppSizeInfo
D/PackageUtil( 6813): getFakeSystemAppSize, pkg = com.android.contacts.call_log, count = 14
D/PackageUtil( 6813): getFakeSystemAppSize, pkg = com.android.contacts, count = 43
D/PackageUtil( 6813): getFakeSystemAppSize, pkg = com.android.mms, count = 23
D/PackageUtil( 6813): getFakeSystemAppSize, pkg = com.android.providers.settings, count = 0
D/PackageUtil( 6813): getFakeSystemAppSize, pkg = com.baidu.antidisturbance, count = 0
D/PackageUtil( 6813): getFakeSystemAppSize, pkg = com.baidu.baiduclock, count = 2
D/PackageUtil( 6813): getFakeSystemAppSize, pkg = com.baidu.home2, count = 0
D/PackageUtil( 6813): getFakeSystemAppSize, pkg = com.baidu.notepad, count = 1
D/com.baidu.backuprestore.UI.BaseListViewActivity( 6813): setUiState
D/com.baidu.backuprestore.UI.BackupOptionActivity( 6813): setTotalAppSizeInfo
D/PackageUtil( 6813): getFakeSystemAppSize, pkg = com.android.contacts.call_log, count = 14
D/PackageUtil( 6813): getFakeSystemAppSize, pkg = com.android.contacts, count = 43
D/PackageUtil( 6813): getFakeSystemAppSize, pkg = com.android.mms, count = 23
D/PackageUtil( 6813): getFakeSystemAppSize, pkg = com.android.providers.settings, count = 0
D/PackageUtil( 6813): getFakeSystemAppSize, pkg = com.baidu.antidisturbance, count = 0
D/PackageUtil( 6813): getFakeSystemAppSize, pkg = com.baidu.baiduclock, count = 2
D/PackageUtil( 6813): getFakeSystemAppSize, pkg = com.baidu.home2, count = 0
D/PackageUtil( 6813): getFakeSystemAppSize, pkg = com.baidu.notepad, count = 1
I/InputReader(  233): Touch event's action is 0x0 (deviceType=0) [pCnt=1, pending(waiting finished signal)=0, s=0.10677 ]
I/InputDispatcher(  233): Delivering touch to current input target: action: 0x0
I/InputDispatcher(  233): Delivering touch to current input target: action: 0x0
I/PowerManagerService(  233): Ulight 0x3->0x7|0x0
D/PowerManagerService(  233): setLightBrightness : mButtonLight : 255
I/Surface (  374): Surface_lockCanvas
I/InputReader(  233): Touch event's action is 0x1 (deviceType=0) [pCnt=1, pending(waiting finished signal)=1, s=]
I/ActivityManager(  233): Start proc app.processName for service hostingNameStr: pid=6975 uid=10023 gids={2001, 3003, 1015, 1023}
I/Surface ( 6813): Surface_lockCanvas
I/InputReader(  233): Touch event's action is 0x0 (deviceType=0) [pCnt=1, pending(waiting finished signal)=1, s=0.10678 ]
I/InputReader(  233): Touch event's action is 0x1 (deviceType=0) [pCnt=1, pending(waiting finished signal)=1, s=]
I/InputReader(  233): Touch event's action is 0x0 (deviceType=0) [pCnt=1, pending(waiting finished signal)=1, s=0.10679 ]
I/InputDispatcher(  233): Delivering touch to current input target: action: 0x1
I/InputDispatcher(  233): Delivering touch to current input target: action: 0x1
I/InputDispatcher(  233): Delivering touch to current input target: action: 0x0
I/InputDispatcher(  233): Delivering touch to current input target: action: 0x0
I/InputDispatcher(  233): Delivering touch to current input target: action: 0x1
I/InputDispatcher(  233): Delivering touch to current input target: action: 0x1
I/InputDispatcher(  233): Delivering touch to current input target: action: 0x0
I/InputDispatcher(  233): Delivering touch to current input target: action: 0x0
I/InputReader(  233): Touch event's action is 0x1 (deviceType=0) [pCnt=1, pending(waiting finished signal)=0, s=]
I/InputDispatcher(  233): Delivering touch to current input target: action: 0x1
I/InputDispatcher(  233): Delivering touch to current input target: action: 0x1
I/ActivityThread( 6975): Pub com.baidu.android.ota.notification: com.android.ops.stub.provider.NotificationProvider
D/STATUSBAR-NotificationService(  233): cancelNotification - pkg:XXX.XXXXXXX.XXXXXXXX, id:2130838575
D/STATUSBAR-NotificationService(  233): updateLightsLocked() : Turn off notification light
D/STATUSBAR-NotificationService(  233): cancelNotification - pkg:XXX.XXXXXXX.XXXXXXXX, id:2130838574
I/Surface ( 6813): Surface_lockCanvas
D/ApplicationPolicy(  233): isStatusBarNotificationAllowed: packageName = com.tencent.mobileqq
D/STATUSBAR-NotificationService(  233): enqueueNotificationInternal - pkg:XXX.XXXXXXX.XXXXXXXX, id:2130838575
D/STATUSBAR-NotificationService(  233): Noti Alert - mSystemReady:true, AlertEnabled:true
D/STATUSBAR-NotificationService(  233): updateLightsLocked() : Turn off notification light
I/InputReader(  233): Touch event's action is 0x0 (deviceType=0) [pCnt=1, pending(waiting finished signal)=1, s=0.10680 ]
I/InputReader(  233): Touch event's action is 0x1 (deviceType=0) [pCnt=1, pending(waiting finished signal)=1, s=]
D/EnvironmentUtil( 6813): NoSuchMethodException:java.lang.NoSuchMethodException: getLegacyExternalStorageDirectory []
D/EnvironmentUtil( 6813): not get ret from getLegacyExternalStorageDirectory
D/com.baidu.backuprestore.UI.BackupOptionActivity( 6813): avabileSize = 686718976
D/com.baidu.backuprestore.UI.BackupOptionActivity( 6813): mTotalSize app size is 99328
D/com.baidu.backuprestore.UI.BackupOptionActivity( 6813): boBackup
I/Surface (  374): Surface_lockCanvas
D/com.baidu.backuprestore.UI.BackupOptionActivity( 6813): start backup
D/com.baidu.backuprestore.service.BackupRestoreService( 6813): setBusyState, state = 1
D/com.baidu.backuprestore.service.BackupRestoreService( 6813): saveBkpRstStatus, state = 1
I/System.out(  625): DefaultRequestDirector http execute enter loop 
D/Posix   (  625): ## MMS_TRACE: ##: getsockoptInt(): option = 4, result = 0.
D/Posix   (  625): ## MMS_TRACE: ##: setsockoptInt(): option = 1, value = 1.
I/System.out(  625): ## HttpRequestExecutor::execute() starts. ## 
D/Posix   (  625): ## MMS_TRACE: ##: getsockoptInt(): option = 7, result = 16384.
D/Posix   (  625): ## MMS_TRACE: ##: getsockoptInt(): option = 8, result = 87380.
I/System.out(  625): ################ Socket Options ###############
D/MainService( 4650): [MSF End]OnlinePush.PbPushGroupMsg,cost=3799ms.
I/ActivityManager(  233): START {act=backup flg=0x4000000 cmp=xxxx} from pid 6813
I/System.out(  625): #### sendBufferSize = 16384.
I/System.out(  625): #### recvBufferSize = 87380.
I/System.out(  625): #### sendTimeout = 0.
I/System.out(  625): #### recvTimeout = 60000.
I/System.out(  625): ###############################################
D/MSF.C.NetConnTag( 4673): [E]netRecv ssoSeq:196206228 uin:*2314
I/System.out(  625): ## HttpRequestExecutor::execute(): doSendRequest() return NULL reponse. ## 
I/System.out(  625): ## HttpRequestExecutor::doReceiveResponse(). ## 
I/Surface (  374): Surface_lockCanvas
I/Surface ( 6813): Surface_lockCanvas
I/System.out(  625): DefaultRequestDirect http execute loop END! 
I/System.out(  625): DefaultRequestDirect http execute loop END, status 200
I/System.out(  625): DefaultRequestDirect http execute return response! 
I/Surface (  374): Surface_lockCanvas
D/dalvikvm( 4650): GC_CONCURRENT freed 2265K, 48% free 17568K/33351K, paused 95ms+112ms
V/MediaPlayer-JNI( 4650): native_finalize
V/MediaPlayer-JNI( 4650): release
I/Surface (  374): Surface_lockCanvas
I/Surface (  374): Surface_lockCanvas
I/Surface (  374): Surface_lockCanvas
I/Surface ( 6813): Surface_lockCanvas
I/Surface (  374): Surface_lockCanvas
I/Surface (  374): Surface_lockCanvas
I/Surface (  374): Surface_lockCanvas
W/PowerManagerService(  233): Timer 0x7->0x3|0x0
I/PowerManagerService(  233): Ulight 0x7->0x3|0x0
D/PowerManagerService(  233): setLightBrightness : mButtonLight : 0
I/Surface (  374): Surface_lockCanvas
D/com.baidu.backuprestore.UI.BackupRestoreActivity( 6813): onNewIntent
D/com.baidu.backuprestore.UI.BackupRestoreActivity( 6813): setViewDetailBtnEnable, enable = false
D/com.baidu.backuprestore.UI.BackupRestoreActivity( 6813): intent's action = backup
I/ActivityManager(  233): Process com.baiyi_mobile.security (pid 5256) has died.
D/com.baidu.backuprestore.UI.BackupRestoreActivity( 6813): backupIntentHandle
D/com.baidu.backuprestore.UI.BackupRestoreActivity( 6813): onResume, mRestoringMode = false
I/Surface (  374): Surface_lockCanvas
I/Surface (  374): Surface_lockCanvas
I/Surface (  374): Surface_lockCanvas
D/com.baidu.backuprestore.UI.BackupRestoreActivity( 6813): mLoginCallBackPending = false
D/com.baidu.backuprestore.UI.BackupRestoreActivity( 6813): mAccountCallBack = false
D/com.baidu.backuprestore.UI.BackupRestoreActivity( 6813): mRestoringMode = false
D/EnvironmentUtil( 6813): NoSuchMethodException:java.lang.NoSuchMethodException: getLegacyExternalStorageDirectory []
D/EnvironmentUtil( 6813): not get ret from getLegacyExternalStorageDirectory
I/Surface ( 6813): Surface_lockCanvas
D/EnvironmentUtil( 6813): NoSuchMethodException:java.lang.NoSuchMethodException: getLegacyExternalStorageDirectory []
D/EnvironmentUtil( 6813): not get ret from getLegacyExternalStorageDirectory
D/com.baidu.backuprestore.UI.BackupRestoreActivity( 6813): getQuotaDetail, mXCloudConfigDone = true
D/EnvironmentUtil( 6813): NoSuchMethodException:java.lang.NoSuchMethodException: getLegacyExternalStorageDirectory []
D/EnvironmentUtil( 6813): not get ret from getLegacyExternalStorageDirectory
D/BackupItemManager( 6813): dirHasDes, dir = [/mnt/extSdCard/baidu/.yi_backup/local_backup, /mnt/sdcard/baidu/.yi_backup/local_backup, /mnt/extSdCard/baidu/.yi_backup/auto_backup, /mnt/sdcard/baidu/.yi_backup/auto_backup]
D/LocalStorageHelper( 6813): getFileList, dirPath = /mnt/extSdCard/baidu/.yi_backup/local_backup
I/SurfaceFlinger(   93): id=2521(3) createSurface 0x18ff304 (480x800),1 flag=400, BackupRestoreActivitz
I/InputDispatcher(  233): Delivering touch to current input target: action: 0x0
I/InputDispatcher(  233): Delivering touch to current input target: action: 0x0
D/STATUSBAR-StatusBarManagerService(  233): setSystemUiVisibility(0x0)
D/STATUSBAR-StatusBarManagerService(  233): manageDisableList what=0x0 pkg=WindowManager.LayoutParams
D/LocalStorageHelper( 6813): getFileSize, path = /mnt/extSdCard/baidu/.yi_backup/local_backup/1401028059090.bkpdes, ret = 13051
D/com.baidu.backuprestore.UI.BackupRestoreActivity( 6813): local data exist = true
I/ActivityManager(  233): Process com.android.settings (pid 4534) has died.
D/GlRenderer( 6813): initialize
D/GlRenderer( 6813): initializeEgl
I/System.out( 6813): DefaultRequestDirector http execute enter loop 
I/libEGL  ( 6813): eglCreateWindowSurface
I/InputDispatcher(  233): Delivering touch to current input target: action: 0x1
I/InputDispatcher(  233): Delivering touch to current input target: action: 0x1
D/BackupRestoreService( 6813): onStartCommand, action = com.baidu.backuprestore.Backup
D/BackupRestoreService( 6813): onStartCommand, action = com.baidu.backuprestore.State_Query
D/BackupRestoreService( 6813): sendBackupRestoreState, mTaskType = -1, mProgressInfo = null, null, 0, 0.0
D/com.baidu.backuprestore.service.BackupRestoreService( 6813): mLastOperationInfo's type = 2, 's time = 1401891426398
D/com.baidu.backuprestore.UI.BackupRestoreActivity( 6813): handleMessage, type = 6
D/com.baidu.backuprestore.UI.BackupRestoreActivity( 6813): handleMessage, type = 0
D/com.baidu.backuprestore.UI.BackupRestoreActivity( 6813): setViewDetailBtnEnable, enable = true
D/com.baidu.backuprestore.UI.BackupRestoreActivity( 6813): setViewDetailBtnEnable, enable = true
D/EnvironmentUtil( 6813): NoSuchMethodException:java.lang.NoSuchMethodException: getLegacyExternalStorageDirectory []
D/EnvironmentUtil( 6813): not get ret from getLegacyExternalStorageDirectory
D/com.baidu.backuprestore.UI.BackupRestoreActivity( 6813): getQuotaDetail, mXCloudConfigDone = true
I/ActivityManager(  233): Process com.baidu.tiebaz (pid 14479) has died.
I/WindowManager(  233): WIN DEATH: Window{41506680  ***  paused=false}
D/EnvironmentUtil( 6813): NoSuchMethodException:java.lang.NoSuchMethodException: getLegacyExternalStorageDirectory []
D/EnvironmentUtil( 6813): not get ret from getLegacyExternalStorageDirectory
I/ClipboardServiceEx(  233): Send intent for dismiss clipboard dialog inside hideCurrentInputLocked() !
D/com.baidu.backuprestore.UI.BackupRestoreActivity( 6813): getQuotaDetail, mXCloudConfigDone = true
I/System.out( 6813): DefaultRequestDirector http execute enter loop 
I/System.out( 6813): DefaultRequestDirector http execute enter loop 
D/Posix   ( 6813): ## MMS_TRACE: ##: getsockoptInt(): option = 4, result = 0.
D/Posix   ( 6813): ## MMS_TRACE: ##: setsockoptInt(): option = 1, value = 1.
D/Posix   ( 6813): ## MMS_TRACE: ##: getsockoptInt(): option = 4, result = 0.
D/Posix   ( 6813): ## MMS_TRACE: ##: setsockoptInt(): option = 1, value = 1.
D/dalvikvm( 1038): GC_EXPLICIT freed 4K, 30% free 5392K/7623K, paused 2ms+30ms
D/Posix   ( 6813): ## MMS_TRACE: ##: getsockoptInt(): option = 4, result = 0.
D/Posix   ( 6813): ## MMS_TRACE: ##: setsockoptInt(): option = 1, value = 1.
D/DEFERED_APP_VISIBILITY(  233): tweaking closing app
D/EnvironmentUtil( 6813): NoSuchMethodException:java.lang.NoSuchMethodException: getLegacyExternalStorageDirectory []
D/EnvironmentUtil( 6813): not get ret from getLegacyExternalStorageDirectory
I/ActivityManager(  233): START {cmp=xxxx} from pid 6813
D/BackupRestoreService( 6813): handleMessage, msg.what = 0
D/BackupRestoreService( 6813): startBackup
D/BackupRestoreService( 6813): use StartForeground
D/EnvironmentUtil( 6813): transport : com.baidu.bsf.service/com.baidu.backup.service.LocalTransportService
D/dalvikvm( 4650): GC_EXPLICIT freed 71K, 48% free 17497K/33351K, paused 7ms+116ms
D/BackupRestoreSynchronous( 6813): selectBackupTransport's ret = android/com.android.internal.backup.LocalTransport
V/BackupManagerService(  233): selectBackupTransport() set com.baidu.bsf.service/com.baidu.backup.service.LocalTransportService returning android/com.android.internal.backup.LocalTransport
D/dalvikvm( 1038): GC_EXPLICIT freed <1K, 30% free 5392K/7623K, paused 7ms+35ms
D/BackupRestoreService( 6813): sendBackupRestoreState, mTaskType = 4, mProgressInfo = null, null, 0, 0.0
D/PackageUtil( 6813): getAppIcon, pkg = com.android.contacts.call_log
I/com.baidu.backuprestore.service.BackupRestoreService( 6813): :-3
D/PackageUtil( 6813): getAppIcon, pkg = com.android.contacts
I/com.baidu.backuprestore.service.BackupRestoreService( 6813): :-3
D/PackageUtil( 6813): getAppIcon, pkg = com.android.mms
D/PackageUtil( 6813): getMmsIconByComponent
I/com.baidu.backuprestore.service.BackupRestoreService( 6813): :-3
D/PackageUtil( 6813): getAppIcon, pkg = com.android.providers.settings
I/com.baidu.backuprestore.service.BackupRestoreService( 6813): :-3
D/PackageUtil( 6813): getAppIcon, pkg = com.baidu.antidisturbance
I/com.baidu.backuprestore.service.BackupRestoreService( 6813): :-3
D/PackageUtil( 6813): getAppIcon, pkg = com.baidu.baiduclock
D/TrafficMonitorMain( 1234): performPoll mCurrentDDS = 0
I/com.baidu.backuprestore.service.BackupRestoreService( 6813): :-3
D/PackageUtil( 6813): getAppIcon, pkg = com.baidu.home2
I/com.baidu.backuprestore.service.BackupRestoreService( 6813): :-3
D/PackageUtil( 6813): getAppIcon, pkg = com.baidu.notepad
I/com.baidu.backuprestore.service.BackupRestoreService( 6813): :-3
D/BackupRestoreService( 6813): sendBackupRestoreState, mTaskType = 26, mProgressInfo = null, null, 0, 0.0
D/BackupItemManager( 6813): getBackupDesStream, mBackupFilePrefix = 
D/EnvironmentUtil( 6813): NoSuchMethodException:java.lang.NoSuchMethodException: getLegacyExternalStorageDirectory []
D/EnvironmentUtil( 6813): not get ret from getLegacyExternalStorageDirectory
D/LocalStorageHelper( 6813): createDirectory, path = /mnt/extSdCard/baidu/.yi_backup/local_backup/
D/BackupItemManager( 6813): initialize mBackupFilePrefix,, mBackupFilePrefix = /mnt/extSdCard/baidu/.yi_backup/local_backup/1402135054391
D/LocalStorageHelper( 6813): createFile, path = /mnt/extSdCard/baidu/.yi_backup/local_backup/1402135054391.bkpdes
I/System.out( 6813): ## HttpRequestExecutor::execute() starts. ## 
D/Posix   ( 6813): ## MMS_TRACE: ##: getsockoptInt(): option = 7, result = 16384.
D/Posix   ( 6813): ## MMS_TRACE: ##: getsockoptInt(): option = 8, result = 87380.
I/System.out( 6813): ################ Socket Options ###############
I/System.out( 6813): #### sendBufferSize = 16384.
I/System.out( 6813): #### recvBufferSize = 87380.
I/System.out( 6813): #### sendTimeout = 0.
I/System.out( 6813): #### recvTimeout = 5000.
I/System.out( 6813): ###############################################
D/BackupUtil( 6813): onPreExecute
D/NotifierUtil( 6813): clearNormalNotification
I/System.out( 6813): ## HttpRequestExecutor::execute(): doSendRequest() return NULL reponse. ## 
I/System.out( 6813): ## HttpRequestExecutor::doReceiveResponse(). ## 
I/System.out( 6813): ## HttpRequestExecutor::execute() starts. ## 
D/Posix   ( 6813): ## MMS_TRACE: ##: getsockoptInt(): option = 7, result = 16384.
D/Posix   ( 6813): ## MMS_TRACE: ##: getsockoptInt(): option = 8, result = 87380.
I/System.out( 6813): ################ Socket Options ###############
I/System.out( 6813): #### sendBufferSize = 16384.
I/System.out( 6813): #### recvBufferSize = 87380.
D/NotifierUtil( 6813): showProgressNotification
D/STATUSBAR-NotificationService(  233): cancelNotification - pkg:XXX.XXXXX.XXXXXXXXXXXXX, id:1
D/ActivityManager(  233): Trying to launch applicationName
D/ApplicationPolicy(  233): isStatusBarNotificationAllowed: packageName = com.baidu.backuprestore
I/System.out( 6813): ## HttpRequestExecutor::execute() starts. ## 
D/Posix   ( 6813): ## MMS_TRACE: ##: getsockoptInt(): option = 7, result = 16384.
D/Posix   ( 6813): ## MMS_TRACE: ##: getsockoptInt(): option = 8, result = 87380.
I/System.out( 6813): ################ Socket Options ###############
I/System.out( 6813): #### sendBufferSize = 16384.
I/System.out( 6813): #### recvBufferSize = 87380.
I/System.out( 6813): #### sendTimeout = 0.
I/System.out( 6813): #### recvTimeout = 5000.
I/System.out( 6813): ###############################################
I/System.out( 6813): #### sendTimeout = 0.
D/STATUSBAR-NotificationService(  233): enqueueNotificationInternal - pkg:XXX.XXXXX.XXXXXXXXXXXXX, id:0
I/System.out( 6813): #### recvTimeout = 5000.
I/System.out( 6813): ###############################################
I/System.out( 6813): ## HttpRequestExecutor::execute(): doSendRequest() return NULL reponse. ## 
I/System.out( 6813): ## HttpRequestExecutor::doReceiveResponse(). ## 
I/System.out( 6813): ## HttpRequestExecutor::execute(): doSendRequest() return NULL reponse. ## 
I/System.out( 6813): ## HttpRequestExecutor::doReceiveResponse(). ## 
D/STATUSBAR-NotificationService(  233): Noti Alert - mSystemReady:true, AlertEnabled:true
D/BackupRestoreService( 6813): sendBackupRestoreState, mTaskType = 4, mProgressInfo = null, null, 0, 0.0
D/Q.msg.MsgProxy( 4650): [E]insertToList MessageRecord=friendUin:9839senderuin:7167,istroop:1,msgType:-2000,time:1402135054,shmsgseq:729579
D/com.baidu.backuprestore.UI.BackupRestoreActivity( 6813): handleMessage, type = 3
D/com.baidu.backuprestore.UI.BackupRestoreActivity( 6813): setViewDetailBtnEnable, enable = true
D/BackupUtil( 6813): doInBackground start
D/com.baidu.backuprestore.UI.BackupRestoreActivity( 6813): mBackupRestoreStateRev, action = com.baidu.backuprestore.State_Query
D/OpenGLRenderer( 4580): Flushing caches (mode 2)
D/OpenGLRenderer(  462): Flushing caches (mode 2)
V/com.baidu.trafficmonitor.widget.provider.TrafficMonitorWidgetProvider( 1234): onReceive : com.baidu.trafficmonitor.widget.provider.TrafficMonitorWidgetProvider@40faa608 mReceiveBroadcastNum : 4937
V/com.baidu.trafficmonitor.widget.provider.TrafficMonitorWidgetProvider( 1234): ACTION_NETWORK_STATS_UPDATE_WIDGET msg arrivied
I/Launcher(  462): onTrimMemory call back
D/MSF.C.NetConnTag( 4673): [E]netRecv ssoSeq:196211673 uin:*2314
E/Watchdog(  233): !@Sync 1630
E/com.baidu.trafficmonitor.widget.provider.TrafficMonitorWidgetProvider( 1234):  simInfo is null
D/dalvikvm(  374): GC_CONCURRENT freed 1943K, 40% free 13138K/21767K, paused 16ms+7ms
D/EnvironmentUtil( 6813): NoSuchMethodException:java.lang.NoSuchMethodException: getLegacyExternalStorageDirectory []
D/EnvironmentUtil( 6813): not get ret from getLegacyExternalStorageDirectory
I/System.out( 6813): DefaultRequestDirect http execute loop END! 
I/System.out( 6813): DefaultRequestDirect http execute loop END, status 200
I/System.out( 6813): DefaultRequestDirect http execute return response! 
D/com.baidu.backuprestore.UI.BackupRestoreActivity( 6813): mBackupRestoreStateRev, taskType = -1
D/com.baidu.backuprestore.UI.BackupRestoreActivity( 6813): handleMessage, type = 6
D/com.baidu.backuprestore.UI.BackupRestoreActivity( 6813): handleMessage, type = 6
D/com.baidu.backuprestore.UI.BackupRestoreActivity( 6813): getQuotaDetail, mXCloudConfigDone = true
D/BackupUtil( 6813): pim apps add com.android.contacts.call_log
D/BackupUtil( 6813): pim apps add com.android.contacts
D/BackupUtil( 6813): pim apps add com.android.mms
D/BackupUtil( 6813): agentApps add com.android.providers.settings
D/BackupUtil( 6813): agentApps add com.baidu.antidisturbance
D/BackupUtil( 6813): agentApps add com.baidu.baiduclock
D/BackupUtil( 6813): agentApps add com.baidu.home2
D/BackupUtil( 6813): agentApps add com.baidu.notepad
I/System.out( 6813): DefaultRequestDirect http execute loop END! 
I/System.out( 6813): DefaultRequestDirect http execute loop END, status 200
I/System.out( 6813): DefaultRequestDirect http execute return response! 
I/BackupManager( 6813): onQuotaAvailable.
I/System.out( 6813): DefaultRequestDirect http execute loop END! 
I/System.out( 6813): DefaultRequestDirect http execute loop END, status 200
I/System.out( 6813): DefaultRequestDirect http execute return response! 
I/BackupManager( 6813): onQuotaAvailable.
I/BackupManager( 6813): onQuotaAvailable.
I/System.out( 6813): DefaultRequestDirector http execute enter loop 
D/EnvironmentUtil( 6813): NoSuchMethodException:java.lang.NoSuchMethodException: getLegacyExternalStorageDirectory []
D/EnvironmentUtil( 6813): not get ret from getLegacyExternalStorageDirectory
D/com.baidu.backuprestore.UI.BackupRestoreActivity( 6813): mBackupRestoreStateRev, action = com.baidu.backuprestore.State_Query
D/com.baidu.backuprestore.UI.BackupRestoreActivity( 6813): mBackupRestoreStateRev, taskType = 4
D/com.baidu.backuprestore.UI.BackupRestoreActivity( 6813): mBackupRestoreStateRev, action = com.baidu.backuprestore.State_Query
D/com.baidu.backuprestore.UI.BackupRestoreActivity( 6813): mBackupRestoreStateRev, taskType = 26
D/Posix   ( 6813): ## MMS_TRACE: ##: getsockoptInt(): option = 4, result = 0.
D/Posix   ( 6813): ## MMS_TRACE: ##: setsockoptInt(): option = 1, value = 1.
D/BackupUtil( 6813): backupPimData
I/System.out( 6813): ## HttpRequestExecutor::execute() starts. ## 
D/Posix   ( 6813): ## MMS_TRACE: ##: getsockoptInt(): option = 7, result = 16384.
D/Posix   ( 6813): ## MMS_TRACE: ##: getsockoptInt(): option = 8, result = 87380.
I/System.out( 6813): ################ Socket Options ###############
I/System.out( 6813): #### sendBufferSize = 16384.
I/System.out( 6813): #### recvBufferSize = 87380.
I/System.out( 6813): #### sendTimeout = 0.
I/System.out( 6813): #### recvTimeout = 5000.
I/System.out( 6813): ###############################################
I/System.out( 6813): ## HttpRequestExecutor::execute(): doSendRequest() return NULL reponse. ## 
I/System.out( 6813): ## HttpRequestExecutor::doReceiveResponse(). ## 
D/StatusBar-TrafficView(  374): has icc card = true
D/AbsListView( 6813): Get MotionRecognitionManager
D/dalvikvm( 6975): GC_CONCURRENT freed 817K, 37% free 2495K/3911K, paused 400ms+4ms
I/System.out( 4673): DefaultRequestDirector http execute enter loop 
I/Surface (  374): Surface_lockCanvas
D/MainService( 4650): [MSF End]OnlinePush.PbPushGroupMsg,cost=5230ms.
D/MainService( 4650): [MSF End]App_GetDataCount,cost=2ms.
D/Posix   ( 4673): ## MMS_TRACE: ##: getsockoptInt(): option = 4, result = 0.
D/Posix   ( 4673): ## MMS_TRACE: ##: setsockoptInt(): option = 1, value = 1.
I/System.out( 4673): ## HttpRequestExecutor::execute() starts. ## 
D/Posix   ( 4673): ## MMS_TRACE: ##: getsockoptInt(): option = 7, result = 16384.
D/Posix   ( 4673): ## MMS_TRACE: ##: getsockoptInt(): option = 8, result = 87380.
I/System.out( 4673): ################ Socket Options ###############
I/System.out( 4673): #### sendBufferSize = 16384.
I/System.out( 4673): #### recvBufferSize = 87380.
I/System.out( 4673): #### sendTimeout = 0.
I/System.out( 4673): #### recvTimeout = 10000.
I/System.out( 4673): ###############################################
I/System.out( 4673): ## HttpRequestExecutor::execute(): doSendRequest() return NULL reponse. ## 
I/System.out( 4673): ## HttpRequestExecutor::doReceiveResponse(). ## 
D/Q.msg.MsgProxy( 4650): [E]insertToList MessageRecord=friendUin:9839senderuin:7167,istroop:1,msgType:-1000,time:1402135056,shmsgseq:729580
D/AbsListView( 6813): Get MotionRecognitionManager
I/System.out( 4673): DefaultRequestDirect http execute loop END! 
I/System.out( 4673): DefaultRequestDirect http execute loop END, status 200
I/System.out( 4673): DefaultRequestDirect http execute return response! 
I/Surface (  374): Surface_lockCanvas
I/Surface (  374): Surface_lockCanvas
I/Surface (  374): Surface_lockCanvas
I/System.out( 6813): DefaultRequestDirect http execute loop END! 
I/System.out( 6813): DefaultRequestDirect http execute loop END, status 200
I/System.out( 6813): DefaultRequestDirect http execute return response! 
I/Surface (  374): Surface_lockCanvas
D/dalvikvm( 6813): GC_CONCURRENT freed 1293K, 16% free 10484K/12359K, paused 38ms+10ms
I/Surface (  374): Surface_lockCanvas
I/Surface (  374): Surface_lockCanvas
I/Surface (  374): Surface_lockCanvas
I/Surface (  374): Surface_lockCanvas
I/Surface (  374): Surface_lockCanvas
I/Surface (  374): Surface_lockCanvas
I/Surface (  374): Surface_lockCanvas
I/Surface (  374): Surface_lockCanvas
I/Surface (  374): Surface_lockCanvas
I/Surface (  374): Surface_lockCanvas
I/Surface (  374): Surface_lockCanvas
I/Surface (  374): Surface_lockCanvas
I/Surface (  374): Surface_lockCanvas
I/Surface (  374): Surface_lockCanvas
I/Surface (  374): Surface_lockCanvas
I/BackupManager( 6813): onQuotaAvailable.
D/com.baidu.backuprestore.UI.BackupRestoreActivity( 6813): mBackupRestoreStateRev, action = com.baidu.backuprestore.State_Query
D/com.baidu.backuprestore.UI.BackupRestoreActivity( 6813): mBackupRestoreStateRev, taskType = 4
D/com.baidu.backuprestore.UI.BackupRestoreActivity( 6813): mProgressHandler, handleMessage and msg.what = -1
I/SurfaceFlinger(   93): id=2520 Removed BackupOptionActivitz idx=4 Map Size=4
I/SurfaceFlinger(   93): id=2520 Removed BackupOptionActivitz idx=-2 Map Size=4
D/com.baidu.backuprestore.UI.BackupRestoreActivity( 6813): handleMessage, type = 6
D/com.baidu.backuprestore.UI.BackupRestoreActivity( 6813): handleMessage, type = 7
D/com.baidu.backuprestore.UI.BackupRestoreActivity( 6813): setCloudStorateText
D/com.baidu.backuprestore.UI.BackupRestoreActivity( 6813): handleMessage, type = 7
D/com.baidu.backuprestore.UI.BackupRestoreActivity( 6813): setCloudStorateText
D/com.baidu.backuprestore.UI.BackupRestoreActivity( 6813): handleMessage, type = 7
D/com.baidu.backuprestore.UI.BackupRestoreActivity( 6813): setCloudStorateText
D/com.baidu.backuprestore.UI.BackupRestoreActivity( 6813): mProgressHandler, handleMessage and msg.what = 4
D/com.baidu.backuprestore.UI.BackupRestoreActivity( 6813): ACTION_CODE_BACKUP_START
D/com.baidu.backuprestore.UI.BackupRestoreActivity( 6813): changeMode, mode = 1
D/com.baidu.backuprestore.UI.BackupRestoreActivity( 6813): reset progress ui
D/com.baidu.backuprestore.UI.BackupRestoreActivity( 6813): updateTaskListData run start
D/com.baidu.backuprestore.service.BackupRestoreService( 6813): getCurOperationInfo
D/com.baidu.backuprestore.UI.BackupRestoreActivity( 6813): mAppInfoMap.size = 10
I/ActivityManager(  233): Start proc app.processName for service hostingNameStr: pid=7018 uid=10054 gids={3003, 1015, 1023, 1006, 1007}
D/com.baidu.backuprestore.UI.BackupRestoreActivity( 6813): updateTaskListData run end
D/com.baidu.backuprestore.UI.BackupRestoreActivity( 6813): mProgressHandler, handleMessage and msg.what = 26
D/com.baidu.backuprestore.service.BackupRestoreService( 6813): getCurOperationInfo
D/com.baidu.backuprestore.UI.BackupRestoreActivity( 6813): test'size = 10
D/com.baidu.backuprestore.UI.BackupRestoreActivity( 6813): setViewDetailBtnEnable, enable = true
D/EnvironmentUtil( 6813): NoSuchMethodException:java.lang.NoSuchMethodException: getLegacyExternalStorageDirectory []
D/EnvironmentUtil( 6813): not get ret from getLegacyExternalStorageDirectory
D/com.baidu.backuprestore.UI.BackupRestoreActivity( 6813): getQuotaDetail, mXCloudConfigDone = true
I/System.out( 6813): DefaultRequestDirector http execute enter loop 
D/com.baidu.backuprestore.UI.BackupRestoreActivity( 6813): handleMessage, type = 7
D/com.baidu.backuprestore.UI.BackupRestoreActivity( 6813): setCloudStorateText
I/SurfaceFlinger(   93): id=2522(4) createSurface 0x18ed92c (480x800),2 flag=400, BackupSettingActivitz
D/STATUSBAR-StatusBarManagerService(  233): setSystemUiVisibility(0x0)
D/STATUSBAR-StatusBarManagerService(  233): manageDisableList what=0x0 pkg=WindowManager.LayoutParams
D/Posix   ( 6813): ## MMS_TRACE: ##: getsockoptInt(): option = 4, result = 0.
D/Posix   ( 6813): ## MMS_TRACE: ##: setsockoptInt(): option = 1, value = 1.
D/MainService( 4650): [MSF End]OnlinePush.PbPushGroupMsg,cost=1057ms.
D/com.baidu.backuprestore.UI.BackupRestoreActivity( 6813): mProgressHandler, handleMessage and msg.what = 4
D/com.baidu.backuprestore.UI.BackupRestoreActivity( 6813): ACTION_CODE_BACKUP_START
D/com.baidu.backuprestore.UI.BackupRestoreActivity( 6813): changeMode, mode = 1
D/com.baidu.backuprestore.UI.BackupRestoreActivity( 6813): handleMessage, type = 4
D/updateTaskDoingList( 6813): index=0
D/updateTaskDoingList( 6813): ismBlankViewFilled=false
I/System.out( 6813): ## HttpRequestExecutor::execute() starts. ## 
D/Posix   ( 6813): ## MMS_TRACE: ##: getsockoptInt(): option = 7, result = 16384.
D/Posix   ( 6813): ## MMS_TRACE: ##: getsockoptInt(): option = 8, result = 87380.
I/System.out( 6813): ################ Socket Options ###############
I/System.out( 6813): #### sendBufferSize = 16384.
I/System.out( 6813): #### recvBufferSize = 87380.
I/System.out( 6813): #### sendTimeout = 0.
I/System.out( 6813): #### recvTimeout = 5000.
I/System.out( 6813): ###############################################
I/System.out( 6813): ## HttpRequestExecutor::execute(): doSendRequest() return NULL reponse. ## 
I/System.out( 6813): ## HttpRequestExecutor::doReceiveResponse(). ## 
D/updateTaskDoingList( 6813): ismBlankViewFilled2=true
D/FixedListViewRefreshAdapter( 6813): mEndScrollIndex=7
D/FixedListViewRefreshAdapter( 6813): mStartIndex=0
D/com.baidu.backuprestore.UI.BackupRestoreActivity( 6813): handleMessage, type = 6
D/EnvironmentUtil( 6813): NoSuchMethodException:java.lang.NoSuchMethodException: getLegacyExternalStorageDirectory []
D/EnvironmentUtil( 6813): not get ret from getLegacyExternalStorageDirectory
D/BackupUtil( 6813): start requestcom.baidu.pimbackuprestore.calllog.ExportCallLogRequest@41803558
D/BackupUtil( 6813): start requestcom.baidu.pimbackuprestore.vcard.ExportVCardRequest@415721b0
D/BackupUtil( 6813): start requestcom.baidu.pimbackuprestore.mms.ExportMmsRequest@41531fc0
D/LocalStorageHelper( 6813): createOutputStream, uri = file:///mnt/extSdCard/baidu/pimbackuprestore/calllog.xml
D/LocalStorageHelper( 6813): openFile, path = /mnt/extSdCard/baidu/pimbackuprestore/calllog.xml writable = true
D/PowerManagerService(  233): acquireWakeLock flags=0x20000006 tag=ExportCallLogProcessor uid=10004 pid=6813   myUID=1000 myPID=233 myTID=803
D/DEFERED_APP_VISIBILITY(  233): tweaking closing app
D/WindowManager(  233): finally selected target=Window{41b67d28  ***  paused=false}
D/WindowManager(  233): finally selected target=Window{41b67d28  ***  paused=false}
D/WindowManager(  233): finally selected target=Window{41b67d28  ***  paused=false}
D/WindowManager(  233): finally selected target=Window{41b67d28  ***  paused=false}
D/LocalStorageHelper( 6813): ParcelFileDescriptor.open file
I/ExportCallLogProcessor( 6813): platform is
I/System.out( 6813): DefaultRequestDirect http execute loop END! 
I/System.out( 6813): DefaultRequestDirect http execute loop END, status 200
I/System.out( 6813): DefaultRequestDirect http execute return response! 
D/WindowManager(  233): finally selected target=Window{41b67d28  ***  paused=false}
D/WindowManager(  233): finally selected target=Window{41b67d28  ***  paused=false}
D/WindowManager(  233): finally selected target=Window{41b67d28  ***  paused=false}
I/ClipboardServiceEx(  233): Send intent for dismiss clipboard dialog inside hideCurrentInputLocked() !
D/WindowManager(  233): finally selected target=Window{41b67d28  ***  paused=false}
D/WindowManager(  233): finally selected target=Window{41b67d28  ***  paused=false}
W/ExportCallLogProcessor( 6813): this is not on mtk
D/WindowManager(  233): finally selected target=Window{41b67d28  ***  paused=false}
D/WindowManager(  233): finally selected target=Window{41b67d28  ***  paused=false}
I/Surface ( 6813): Surface_lockCanvas
D/WindowManager(  233): finally selected target=Window{41b67d28  ***  paused=false}
I/SurfaceTextureClient( 6813): connect(NATIVE_WINDOW_API_CPU)
I/BackupManager( 6813): onQuotaAvailable.
D/WindowManager(  233): finally selected target=Window{41b67d28  ***  paused=false}
D/WindowManager(  233): finally selected target=Window{41b67d28  ***  paused=false}
D/WindowManager(  233): finally selected target=Window{41b67d28  ***  paused=false}
D/WindowManager(  233): finally selected target=Window{41b67d28  ***  paused=false}
D/WindowManager(  233): finally selected target=Window{41b67d28  ***  paused=false}
D/WindowManager(  233): finally selected target=Window{41b67d28  ***  paused=false}
D/WindowManager(  233): finally selected target=Window{41b67d28  ***  paused=false}
D/WindowManager(  233): finally selected target=Window{41b67d28  ***  paused=false}
D/dalvikvm( 1038): GC_EXPLICIT freed 4K, 30% free 5392K/7623K, paused 2ms+2ms
D/dalvikvm( 7018): GC_CONCURRENT freed 309K, 22% free 3058K/3911K, paused 2ms+13ms
I/ExportCallLogProcessor( 6813): Successfully finished exporting CallLog file:///mnt/extSdCard/baidu/pimbackuprestore/calllog.xml
I/ImportExportService( 6813): Found unfinished job (id: 1, args)
D/PowerManagerService(  233): releaseWakeLockLocked flags=0x0 tag=ExportCallLogProcessor myUID=1000 myPID=233 myTID=16429
D/LocalStorageHelper( 6813): createOutputStream, uri = file:///mnt/extSdCard/baidu/pimbackuprestore/contacts.vcf
D/LocalStorageHelper( 6813): openFile, path = /mnt/extSdCard/baidu/pimbackuprestore/contacts.vcf writable = true
D/PowerManagerService(  233): acquireWakeLock flags=0x20000006 tag=ExportVCardProcessor uid=10004 pid=6813   myUID=1000 myPID=233 myTID=6841
D/LocalStorageHelper( 6813): ParcelFileDescriptor.open file
D/VCardComposer( 6813): Use the charset "UTF-8"
D/dalvikvm( 1038): GC_EXPLICIT freed <1K, 30% free 5392K/7623K, paused 15ms+2ms
I/ActivityManager(  233): Displayed shortComponentName: +5s616ms
D/dalvikvm( 7018): GC_CONCURRENT freed 156K, 18% free 3438K/4167K, paused 1ms+2ms
D/BackupUtil( 6813): mPimBackupStateReceiver onReveive, action = com.baidu.pimbackup.status
D/BackupUtil( 6813): mPimBackupStateReceiver onReveive, item = calllog
D/BackupUtil( 6813): mPimBackupStateReceiver onReveive, status = ongoing
D/BackupUtil( 6813): mPimBackupStateReceiver onReveive, index = 1
D/BackupUtil( 6813): mPimBackupStateReceiver onReveive, total = 14
D/BackupUtil( 6813): BackupSubTask's taskState, pkg = com.android.contacts.call_log, progress = 7, result = -1
D/BackupRestoreService( 6813): bkpTaskProgress , pkg = com.android.contacts.call_log, progress = 7, result = -1
D/BackupRestoreService( 6813): calculateBackupIndex com.android.contacts.call_log, mBusyState = 1
D/BackupRestoreService( 6813): getBackupAppLabel, pkgName = com.android.contacts.call_log
I/com.baidu.backuprestore.service.BackupRestoreService( 6813): get com.android.contacts.call_log's label 
D/NotifierUtil( 6813): showProgressNotification
D/ApplicationPolicy(  233): isStatusBarNotificationAllowed: packageName = com.baidu.backuprestore
D/STATUSBAR-NotificationService(  233): enqueueNotificationInternal - pkg:XXX.XXXXX.XXXXXXXXXXXXX, id:0
D/STATUSBAR-NotificationService(  233): Noti Alert - mSystemReady:true, AlertEnabled:true
D/BackupRestoreService( 6813): sendBackupRestoreState, mTaskType = 2, mProgressInfo = com.android.contacts.call_log, , 7, 0.0
D/com.baidu.backuprestore.UI.BackupRestoreActivity( 6813): handleMessage, type = 7
D/com.baidu.backuprestore.UI.BackupRestoreActivity( 6813): setCloudStorateText
D/BackupUtil( 6813): mPimBackupStateReceiver onReveive, action = com.baidu.pimbackup.status
D/BackupUtil( 6813): mPimBackupStateReceiver onReveive, item = calllog
D/BackupUtil( 6813): mPimBackupStateReceiver onReveive, status = finish
D/BackupUtil( 6813): mPimBackupStateReceiver remove calllog,pimApps' size = 2
D/BackupUtil( 6813): BackupSubTask's taskState, pkg = com.android.contacts.call_log, progress = 100, result = 0
D/BackupRestoreService( 6813): bkpTaskProgress , pkg = com.android.contacts.call_log, progress = 100, result = 0
D/BackupRestoreService( 6813): calculateBackupIndex com.android.contacts.call_log, mBusyState = 1
D/BackupRestoreService( 6813): getBackupAppLabel, pkgName = com.android.contacts.call_log
I/com.baidu.backuprestore.service.BackupRestoreService( 6813): get com.android.contacts.call_log's label 
D/NotifierUtil( 6813): showProgressNotification
D/ApplicationPolicy(  233): isStatusBarNotificationAllowed: packageName = com.baidu.backuprestore
D/BackupRestoreService( 6813): sendBackupRestoreState, mTaskType = 2, mProgressInfo = com.android.contacts.call_log, , 100, 12.0
D/STATUSBAR-NotificationService(  233): enqueueNotificationInternal - pkg:XXX.XXXXX.XXXXXXXXXXXXX, id:0
D/STATUSBAR-NotificationService(  233): Noti Alert - mSystemReady:true, AlertEnabled:true
D/OpenGLRenderer( 6813): Flushing caches (mode 0)
I/SurfaceFlinger(   93): id=2521 Removed BackupRestoreActivitz idx=4 Map Size=4
I/ActivityThread( 7018): Pub com.baidu.tbadk.core.sharedPref.MainSharedPrefProviderZ: com.baidu.tbadk.core.sharedPref.MainSharedPrefProvider
D/BackupUtil( 6813): mPimBackupStateReceiver onReveive, action = com.baidu.pimbackup.status
D/BackupUtil( 6813): mPimBackupStateReceiver onReveive, item = contacts
D/BackupUtil( 6813): mPimBackupStateReceiver onReveive, status = ongoing
D/BackupUtil( 6813): mPimBackupStateReceiver onReveive, index = 1
D/BackupUtil( 6813): mPimBackupStateReceiver onReveive, total = 43
D/BackupUtil( 6813): BackupSubTask's taskState, pkg = com.android.contacts, progress = 2, result = -1
D/BackupRestoreService( 6813): bkpTaskProgress , pkg = com.android.contacts, progress = 2, result = -1
D/BackupRestoreService( 6813): calculateBackupIndex com.android.contacts, mBusyState = 1
D/BackupRestoreService( 6813): getBackupAppLabel, pkgName = com.android.contacts
I/com.baidu.backuprestore.service.BackupRestoreService( 6813): get com.android.contacts's label 
D/NotifierUtil( 6813): showProgressNotification
I/SurfaceFlinger(   93): id=2521 Removed BackupRestoreActivitz idx=-2 Map Size=4
D/ApplicationPolicy(  233): isStatusBarNotificationAllowed: packageName = com.baidu.backuprestore
D/STATUSBAR-NotificationService(  233): enqueueNotificationInternal - pkg:XXX.XXXXX.XXXXXXXXXXXXX, id:0
D/STATUSBAR-NotificationService(  233): Noti Alert - mSystemReady:true, AlertEnabled:true
D/BackupRestoreService( 6813): sendBackupRestoreState, mTaskType = 2, mProgressInfo = com.android.contacts, , 2, 12.0
D/com.baidu.backuprestore.UI.BackupRestoreActivity( 6813): mBackupRestoreStateRev, action = com.baidu.backuprestore.State_Query
D/com.baidu.backuprestore.UI.BackupRestoreActivity( 6813): mBackupRestoreStateRev, taskType = 2
D/com.baidu.backuprestore.UI.BackupRestoreActivity( 6813): mBackupRestoreStateRev, action = com.baidu.backuprestore.State_Query
D/com.baidu.backuprestore.UI.BackupRestoreActivity( 6813): mBackupRestoreStateRev, taskType = 2
I/Surface ( 6813): Surface_lockCanvas
D/com.baidu.backuprestore.UI.BackupRestoreActivity( 6813): mBackupRestoreStateRev, action = com.baidu.backuprestore.State_Query
D/com.baidu.backuprestore.UI.BackupRestoreActivity( 6813): mBackupRestoreStateRev, taskType = 2
D/com.baidu.backuprestore.UI.BackupRestoreActivity( 6813): mProgressHandler, handleMessage and msg.what = 2
D/com.baidu.backuprestore.UI.BackupRestoreActivity( 6813): onBkpProgress, mUIModel = TASK_DOING
D/updateTaskDoingList( 6813): index=1
D/updateTaskDoingList( 6813): ismBlankViewFilled=true
D/FixedListViewRefreshAdapter( 6813): tasking list,distance=1
D/updateTaskDoingList( 6813): name=appInfo.progress=-1
D/com.baidu.backuprestore.UI.BackupRestoreActivity( 6813): mProgressHandler, handleMessage and msg.what = 2
D/com.baidu.backuprestore.UI.BackupRestoreActivity( 6813): onBkpProgress, mUIModel = TASK_DOING
D/updateTaskDoingList( 6813): index=1
D/updateTaskDoingList( 6813): ismBlankViewFilled=true
I/Surface ( 6813): Surface_lockCanvas
D/com.baidu.backuprestore.UI.BackupRestoreActivity( 6813): mProgressHandler, handleMessage and msg.what = 2
D/com.baidu.backuprestore.UI.BackupRestoreActivity( 6813): onBkpProgress, mUIModel = TASK_DOING
D/updateTaskDoingList( 6813): index=2
D/updateTaskDoingList( 6813): ismBlankViewFilled=true
D/FixedListViewRefreshAdapter( 6813): tasking list,distance=0
D/updateTaskDoingList( 6813): name=appInfo.progress=2
D/InputReader(  233): Input event: value=1
I/PowerManagerService(  233): Ulight 0x3->0x7|0x0
D/PowerManagerService(  233): setLightBrightness : mButtonLight : 255
I/InputDispatcher(  233): Delivering key to current input target: action: 0x0
I/InputDispatcher(  233): Delivering key to current input target: action: 0x0
D/InputReader(  233): Input event: value=0
I/InputDispatcher(  233): Delivering key to current input target: action: 0x1
I/InputDispatcher(  233): Delivering key to current input target: action: 0x1
I/ClipboardServiceEx(  233): mCBPickerDialog enter case. MSG_DISMISS_DIALOG
D/com.baidu.backuprestore.UI.BackupRestoreActivity( 6813): onResume, mRestoringMode = false
D/com.baidu.backuprestore.UI.BackupRestoreActivity( 6813): mLoginCallBackPending = false
D/com.baidu.backuprestore.UI.BackupRestoreActivity( 6813): mAccountCallBack = false
D/com.baidu.backuprestore.UI.BackupRestoreActivity( 6813): mRestoringMode = false
D/EnvironmentUtil( 6813): NoSuchMethodException:java.lang.NoSuchMethodException: getLegacyExternalStorageDirectory []
D/EnvironmentUtil( 6813): not get ret from getLegacyExternalStorageDirectory
D/EnvironmentUtil( 6813): NoSuchMethodException:java.lang.NoSuchMethodException: getLegacyExternalStorageDirectory []
D/EnvironmentUtil( 6813): not get ret from getLegacyExternalStorageDirectory
