I/CloudStorageService( 6813): number of rows in db:0
D/STATUSBAR-NotificationService(  233): cancelNotification - pkg:XXX.XXXXXXX.XXXXXXXX, id:2130838575
D/STATUSBAR-NotificationService(  233): updateLightsLocked() : Turn off notification light
D/STATUSBAR-NotificationService(  233): cancelNotification - pkg:XXX.XXXXXXX.XXXXXXXX, id:2130838574
D/ApplicationPolicy(  233): isStatusBarNotificationAllowed: packageName = com.tencent.mobileqq
D/STATUSBAR-NotificationService(  233): enqueueNotificationInternal - pkg:XXX.XXXXXXX.XXXXXXXX, id:2130838575
D/STATUSBAR-NotificationService(  233): Noti Alert - mSystemReady:true, AlertEnabled:true
D/STATUSBAR-NotificationService(  233): updateLightsLocked() : Turn off notification light
D/VibratorService(  233): JNI vibratorOff()
D/UserAgentInfo( 6813): initNullCustomConfig
I/Surface (  374): Surface_lockCanvas
D/AudioService(  233): getStreamVolume(2)
V/MediaPlayer-JNI( 4650): native_setup
V/MediaPlayer( 4650): constructor
V/AudioFlinger(   96): acquiring 350 from 4650
V/AudioFlinger(   96):  added new entry for 350
V/MediaPlayer( 4650): setListener
V/MediaPlayer-JNI( 4650): setDataSourceFD: fd 134
V/MediaPlayer( 4650): setDataSource(134, 19022760, 8777)
V/MediaPlayerService(   96): Client(222) constructor
V/MediaPlayerService(   96): Create new client(222) from pid 4650, uid 10064, 
V/MediaPlayerService(   96): setDataSource fd=61, offset=19022760, length=8777
V/MediaPlayerService(   96): st_dev  = 45836
V/MediaPlayerService(   96): st_mode = 33188
V/MediaPlayerService(   96): st_uid  = 1000
V/MediaPlayerService(   96): st_gid  = 1000
V/MediaPlayerService(   96): st_size = 26106292
V/Sonivox (   96): EAS_HWInit
V/Sonivox (   96): EAS_HWOpenFile
V/Sonivox (   96): EAS_HWCloseFile
V/Sonivox (   96): EAS_HWShutdown
V/MediaPlayerService(   96): player type = 3
V/MediaPlayerService(   96):  create StagefrightPlayer
V/AwesomePlayer(   96): setDefault
V/AwesomePlayer(   96): constructor
V/AwesomePlayer(   96): setDefault
I/AwesomePlayer(   96): reset
I/AwesomePlayer(   96): cancel player events
V/AwesomePlayer(   96): mAudioTrackVector clear
I/AwesomePlayer(   96): --mSystemTimeSourceForSync reset ok
V/AwesomePlayer(   96): setListener
V/AwesomePlayer(   96): AwesomePlayer running on behalf of uid 10064
V/AudioSink(   96): AudioOutput(350)
V/StagefrightPlayer(   96): setAudioSink
V/AwesomePlayer(   96): setAudioSink
V/StagefrightPlayer(   96): setDataSource(61, 19022760, 8777)
V/AwesomePlayer(   96): setDataSource fd
I/AwesomePlayer(   96): cancel player events
V/AwesomePlayer(   96): mAudioTrackVector clear
I/AwesomePlayer(   96): --mSystemTimeSourceForSync reset ok
D/        (   96): FileSource::DrmInitialization(DrmManagerClient* client)::Decrypt handle in NULL creating new DecryptHandle
I/MediaExtractor(   96): Autodetected media content as 'audio/mpeg' with confidence 0.20
V/AwesomePlayer(   96): mBitrate = 96000 bits/sec
V/AwesomePlayer(   96): current audio track (0)
V/AwesomePlayer(   96): current audio track (0) is added to vector[0]
V/AwesomePlayer(   96): setDataSource_l: Audio(1), Video(0)
I/AwesomePlayer(   96): AwesomePlayer::setDataSource_l():: This is not a DRM content
V/MediaPlayer( 4650): setVideoSurfaceTexture
V/MediaPlayerService(   96): [222] setVideoSurfaceTexture(0x0)
V/MediaPlayer( 4650): prepare
V/MediaPlayerService(   96): [222] setAudioStreamType(3)
V/MediaPlayerService(   96): [222] prepareAsync
V/StagefrightPlayer(   96): prepareAsync
V/AwesomePlayer(   96): prepareAsync
V/AwesomePlayer(   96): onPrepareAsyncEvent
I/AwesomePlayer(   96): initAudioDecoder start
I/MP3SPRDDecoder(   96): MP3_ARM_DEC_Construct=0
I/OMXCodec(   96): Successfully create SPRD (MP3Decoder) codec for mpeg audio
V/AwesomePlayer(   96): notifyListner_l() msg (5-MEDIA_SET_VIDEO_SIZE), ext1 (0), ext2 (0)
V/MediaPlayerService(   96): [222] notify (0x18f688, 5, 0, 0)
V/MediaPlayer( 4650): message received msg=5, ext1=0, ext2=0
V/MediaPlayer( 4650): New video size 0 x 0
V/MediaPlayer( 4650): callback application
V/MediaPlayer( 4650): back from callback
E/MediaPlayer( 4650): mOnVideoSizeChangedListener is null. Failed to send MEDIA_SET_VIDEO_SIZE message.
I/MediaPlayer( 4650): Don't send intent. msg.arg1 = 0, msg.arg2 = 0
V/AwesomePlayer(   96): notifyListner_l() msg (1-MEDIA_PREPARED), ext1 (0), ext2 (0)
V/MediaPlayerService(   96): [222] notify (0x18f688, 1, 0, 0)
V/MediaPlayer( 4650): message received msg=1, ext1=0, ext2=0
V/MediaPlayer( 4650): prepared
V/MediaPlayer( 4650): signal application thread
V/MediaPlayer( 4650): callback application
V/MediaPlayer( 4650): back from callback
V/MediaPlayer( 4650): prepare complete - status=0
E/MediaPlayer( 4650): mOnPreparedListener is null. Failed to send MEDIA_PREPARED message.
D/VibratorService(  233): JNI vibratorOn() : 200
I/BackupService( 6813): Preload md5 of files finish
V/MediaPlayer-JNI( 4650): start
V/MediaPlayerService(   96): [222] setLooping(0)
V/StagefrightPlayer(   96): setLooping (0)
V/AwesomePlayer(   96): setLooping (0)
V/MediaPlayerService(   96): [222] setVolume(1.000000, 1.000000)
V/AudioSink(   96): setVolume(1.000000, 1.000000)
V/MediaPlayerService(   96): [222] setAuxEffectSendLevel(0.000000)
V/AudioSink(   96): setAuxEffectSendLevel(0.000000)
V/MediaPlayerService(   96): [222] start
V/StagefrightPlayer(   96): setLooping (0)
V/AwesomePlayer(   96): setLooping (0)
V/StagefrightPlayer(   96): start
V/AwesomePlayer(   96): play
I/AwesomePlayer(   96): AwesomePlayer::play_l():: this is not widevine!! 
I/AwesomePlayer(   96): AwesomePlayer::play_l():: This is not a DRM content
V/AudioSink(   96): open(44100, 2, 1, 4, 350)
V/AudioSink(   96): Creating AudioTrack for Reverb - 0
V/AudioFlinger(   96): createTrack() sessionId: 350
V/AudioFlinger(   96): createTrack() lSessionId: 350
V/AudioFlinger(   96): Track constructor name 4099, calling thread 4650
V/AudioFlinger(   96): acquiring 350 from 4650
V/AudioFlinger(   96):  incremented refcount to 2
V/AudioSink(   96): setVolume
V/AudioSink(   96): start
V/AudioFlinger(   96): start(4099), calling thread 4650 session 350
V/AudioFlinger(   96): ? => ACTIVE (4099) on thread 0x1d0ae8
V/AudioPolicyService(   96): startOutput() tid 220
V/AudioPolicyManagerBase(   96): startOutput() output 1, stream 3, session 350
V/AudioPolicyManagerBase(   96): getDeviceForStrategy() from cache strategy 0, device 2
V/AudioPolicyManagerBase(   96): changeRefCount() stream 3, count 1
V/AudioPolicyManagerBase(   96): getDeviceForStrategy() from cache strategy 0, device 2
V/AudioPolicyManagerBase(   96): getNewDevice() selected device 2
V/AudioPolicyManagerALSA(   96): AudioPolicyManagerBase::setOutputDevice() output 1 device 2 delayMs 0
V/AudioPolicyManagerALSA(   96): setOutputDevice() setting same device 2 or null device for output 1
V/AudioPolicyManagerBase(   96): getDeviceForStrategy() strategy 0, device 2
V/AudioPolicyManagerBase(   96): getNewDevice() selected device 2
D/AudioPolicyManagerBase(   96): return MUSIC_SPK index=11
V/AudioPolicyManagerBase(   96): getDeviceForStrategy() strategy 0, device 2
V/AudioPolicyManagerBase(   96): getNewDevice() selected device 2
D/AudioPolicyManagerALSA(   96): startOutput() output=1, stream=3, session=350, phoneState=0
V/AudioPolicyManagerBase(   96): getDeviceForStrategy() strategy 0, device 2
V/AudioPolicyManagerBase(   96): getNewDevice() selected device 2
D/AudioPolicyManagerALSA(   96): return MUSIC_SPK index=11
E/AudioFlinger(   96): addTrack_l streamType (11)
E/AudioFlinger(   96): addTrack_l streamType (0, 3) for mStreamTypes[stream].volume[0.251189]
D/BackupRestoreSynchronous( 6813): onServiceConnected for com.baidu.backup.service.BackupService
D/BackupRestoreSynchronous( 6813): registerStateObserver
D/AudioHardwareALSA(   96): ALSAStreamOps::setParameters() start_output_streamtype=3;start_output_streamvol=11
E/AudioHardwareALSA(   96): organ_volIndex=11
E/AudioHardwareALSA(   96): organ_streamIndex=3
E/AudioHardwareALSA(   96): setOrgan() 3,OnOff[1],volume[11]
D/MSF.C.NetConnTag( 4673): [E]netRecv ssoSeq:196170369 uin:*2314
W/ALSAModule(   96): audio_tune_hw4app_register tat=[12] volume_type=[0] volume_level=[11]
W/ALSAModule(   96): audio_tune_hw4app_policy bitmap=0x00001001 is 12
W/ALSAModule(   96): audio_tune_hw4app_write2hardware can't locate the right mFactoryRouteRCVMode [0]
W/ALSAModule(   96): audio_tune_hw4app_write2hardware will apply [12,music] vol_type0, vol_level11, eq_type0, device_mode3 to audio hardware
E/AudioHardwareALSA(   96): setOrgan=3
V/AudioFlinger(   96): mWaitWorkCV.broadcast
V/AudioFlinger(   96): MixerThread 0x145768 TID 217 waking up
V/MediaPlayer-JNI( 4650): setLooping: 0
V/MediaPlayer( 4650): MediaPlayer::setLooping
V/MediaPlayerService(   96): [222] setLooping(0)
V/StagefrightPlayer(   96): setLooping (0)
V/AwesomePlayer(   96): setLooping (0)
V/AudioFlinger(   96): acquireWakeLock_l() AudioOut_1 status 0
W/AudioHardwareALSA(   96): glx [AndroidPlayback_Speaker_normal] zzzzzzzzzzzzzzzzzzzzzzzzzz snd_pcm_recover ok
D/com.baidu.backup.service.BackupService(  612): registerStateObserver
D/com.baidu.backuprestore.UI.BackupRestoreActivity( 6813): mBackupRestoreStateRev, action = com.baidu.backuprestore.State_Query
D/com.baidu.backuprestore.UI.BackupRestoreActivity( 6813): mBackupRestoreStateRev, taskType = 27
D/com.baidu.backuprestore.UI.BackupRestoreActivity( 6813): mBackupRestoreStateRev, action = com.baidu.backuprestore.State_Query
D/com.baidu.backuprestore.UI.BackupRestoreActivity( 6813): mBackupRestoreStateRev, taskType = -1
D/com.baidu.backuprestore.UI.BackupRestoreActivity( 6813): handleMessage, type = 6
D/com.baidu.backuprestore.UI.BackupRestoreActivity( 6813): handleMessage, type = 6
D/com.baidu.backuprestore.UI.BackupRestoreActivity( 6813): handleMessage, type = 6
I/Surface (  374): Surface_lockCanvas
I/Surface (  374): Surface_lockCanvas
D/VibratorService(  233): JNI vibratorOn() : 100
I/ClipboardServiceEx(  233): Send intent for dismiss clipboard dialog inside hideCurrentInputLocked() !
D/CLIPBOARD(  462): Hide Clipboard dialog at Starting input: finished by someone else... !
I/ClipboardServiceEx(  233): mCBPickerDialog enter case. MSG_DISMISS_DIALOG
D/MainService( 4650): [MSF End]MessageSvc.PbGetMsg,cost=2996ms.
I/Surface (  374): Surface_lockCanvas
I/Surface (  374): Surface_lockCanvas
I/Surface (  374): Surface_lockCanvas
D/dalvikvm( 1038): GC_EXPLICIT freed 4K, 30% free 5392K/7623K, paused 3ms+33ms
D/PowerManagerService(  233): mIsSipVisible : false
I/Surface (  374): Surface_lockCanvas
I/Surface (  374): Surface_lockCanvas
I/Surface (  374): Surface_lockCanvas
E/MP3SPRDDecoder(   96): err2=-1011, mInputBuffer=0
I/Surface (  374): Surface_lockCanvas
E/MP3SPRDDecoder(   96): err=-1011
V/AwesomePlayer(   96): MEDIA_PLAYBACK_COMPLETE
V/AwesomePlayer(   96): notifyListner_l() msg (2-MEDIA_PLAYBACK_COMPLETE), ext1 (0), ext2 (0)
V/MediaPlayerService(   96): [222] notify (0x18f688, 2, 0, 0)
V/AudioSink(   96): stop
V/MediaPlayer( 4650): message received msg=2, ext1=0, ext2=0
V/MediaPlayer( 4650): playback complete
V/MediaPlayer( 4650): callback application
V/MediaPlayer( 4650): back from callback
I/MediaPlayer( 4650): mOnCompletionListener. Send MEDIA_PLAYBACK_COMPLETE message.
V/MediaPlayer-JNI( 4650): release
V/MediaPlayer( 4650): setListener
V/MediaPlayer( 4650): disconnect
V/MediaPlayerService(   96): disconnect(222) from pid 4650
V/StagefrightPlayer(   96): reset
V/AudioFlinger(   96): stop(4099), calling thread 96
V/AudioFlinger(   96): (> STOPPED) => STOPPED (4099) on thread 0x145768
V/AudioPolicyService(   96): stopOutput() tid 6866
D/AudioPolicyManagerALSA(   96): stopOutput() output=1, stream=3, sesssion=350
V/AudioPolicyManagerBase(   96): stopOutput() output 1, stream 3, session 350
V/AudioPolicyManagerBase(   96): changeRefCount() stream 3, count 0
V/AudioPolicyManagerBase(   96): getNewDevice() selected device 0
V/AudioPolicyManagerALSA(   96): AudioPolicyManagerBase::setOutputDevice() output 1 device 0 delayMs 18
V/AudioPolicyManagerALSA(   96): setOutputDevice() setting same device 0 or null device for output 1
I/AwesomePlayer(   96): reset
I/AwesomePlayer(   96): cancel player events
V/AwesomePlayer(   96): mAudioTrackVector clear
V/AudioSink(   96): stop
I/AudioSink(   96): +++ close
V/AudioPolicyService(   96): releaseOutput() tid 96
V/AudioPolicyManagerBase(   96): releaseOutput() 1
V/AudioFlinger(   96): releasing 350 from 4650
V/AudioFlinger(   96):  decremented refcount to 1
I/AudioSink(   96): --- close
I/AwesomePlayer(   96): --mSystemTimeSourceForSync reset ok
V/StagefrightPlayer(   96): ~StagefrightPlayer
V/StagefrightPlayer(   96): reset
I/AwesomePlayer(   96): reset
I/AwesomePlayer(   96): cancel player events
V/AwesomePlayer(   96): mAudioTrackVector clear
I/AwesomePlayer(   96): --mSystemTimeSourceForSync reset ok
V/AwesomePlayer(   96): destructor
I/AwesomePlayer(   96): reset
I/AwesomePlayer(   96): cancel player events
V/AwesomePlayer(   96): mAudioTrackVector clear
I/AwesomePlayer(   96): --mSystemTimeSourceForSync reset ok
V/AwesomePlayer(   96): ~AwesomePlayer()
V/MediaPlayer( 4650): destructor
V/AudioFlinger(   96): releasing 350 from 4650
V/AudioFlinger(   96):  decremented refcount to 0
V/AudioFlinger(   96): purging stale effects
V/MediaPlayerService(   96): Client(222) destructor pid = 4650
I/AudioSink(   96): +++ close
I/AudioSink(   96): --- close
V/MediaPlayerService(   96): disconnect(222) from pid 4650
V/MediaPlayer( 4650): disconnect
I/Surface (  374): Surface_lockCanvas
V/AudioFlinger(   96): remove track (4099) and delete from mixer
V/AudioFlinger(   96): PlaybackThread::Track destructor
I/Surface (  374): Surface_lockCanvas
D/dalvikvm( 1038): GC_EXPLICIT freed <1K, 30% free 5392K/7623K, paused 3ms+8ms
D/Q.msg.MsgProxy( 4650): [E]insertToList MessageRecord=friendUin:9839senderuin:7833,istroop:1,msgType:-1000,time:1402135039,shmsgseq:729578
D/dalvikvm( 1038): GC_EXPLICIT freed <1K, 30% free 5392K/7623K, paused 15ms+10ms
D/Posix   ( 6813): ## MMS_TRACE: ##: getsockoptInt(): option = 4, result = 0.
D/dalvikvm( 6813): GC_CONCURRENT freed 939K, 17% free 7894K/9415K, paused 2ms+6ms
W/Mobads SDK( 6813): stat sendLogData() end. 
I/ActivityManager(  233): Displayed shortComponentName: +8s946ms
D/com.baidu.backuprestore.service.RemoteDataService( 6813): putAuthInfo
D/CloudStorageService( 6813): receive auth request from com.baidu.backuprestore
I/SurfaceFlinger(   93): id=2517 Removed backuprestorf idx=4 Map Size=4
I/SurfaceFlinger(   93): id=2517 Removed backuprestorf idx=-2 Map Size=4
D/MainService( 4650): [MSF End]OnlinePush.PbPushGroupMsg,cost=1571ms.
D/ListenerUtil( 6813): Notify client the auth result, uuid: e712c719-b95d-4290-b64a-54fa2592fa93
D/com.baidu.backuprestore.service.RemoteDataService( 6813): onAuthResult, uuid = e712c719-b95d-4290-b64a-54fa2592fa93, appKey = 287986, token = null, errorCode = 0
D/com.baidu.backuprestore.service.RemoteDataService( 6813): service connected
D/BackupManager( 6813): onServiceConnected
E/BackupManager( 6813): Service is not null
D/BackupService( 6813): callback registed: 1095845472
D/BackupRestoreService( 6813): onServiceAvailable
D/LibQmg_native( 6838): register_android_app_LibQmg
D/BackupRestoreService( 6813): setXCloudConfig, mXCloudInited = true
D/com.baidu.backuprestore.UI.BackupRestoreActivity( 6813): mProgressHandler, handleMessage and msg.what = 27
D/com.baidu.backuprestore.UI.BackupRestoreActivity( 6813): getQuotaDetail, mXCloudConfigDone = true
D/BackupRestoreService( 6813): sendBackupRestoreState, mTaskType = 27, mProgressInfo = null, null, 0, 0.0
D/com.baidu.backuprestore.UI.BackupRestoreActivity( 6813): mProgressHandler, handleMessage and msg.what = -1
D/CLIPBOARD( 6813): Hide Clipboard dialog at Starting input: finished by someone else... !
I/ClipboardServiceEx(  233): mCBPickerDialog enter case. MSG_DISMISS_DIALOG
D/com.baidu.backuprestore.UI.BackupRestoreActivity( 6813): mBackupRestoreStateRev, action = com.baidu.backuprestore.State_Query
D/BackupCenter( 6813): send statistic
D/BackupCenter( 6813): send statistic
D/com.baidu.backuprestore.UI.BackupRestoreActivity( 6813): mBackupRestoreStateRev, taskType = 27
D/com.baidu.backuprestore.UI.BackupRestoreActivity( 6813): mProgressHandler, handleMessage and msg.what = 27
D/com.baidu.backuprestore.UI.BackupRestoreActivity( 6813): getQuotaDetail, mXCloudConfigDone = true
D/BackupRestoreService( 6813): sendBackupRestoreState, mTaskType = -1, mProgressInfo = null, null, 0, 0.0
D/com.baidu.backuprestore.UI.BackupRestoreActivity( 6813): mBackupRestoreStateRev, action = com.baidu.backuprestore.State_Query
D/AndroidRuntime( 6838): Calling main entry com.android.commands.am.Am
D/com.baidu.backuprestore.UI.BackupRestoreActivity( 6813): mBackupRestoreStateRev, taskType = -1
D/com.baidu.backuprestore.UI.BackupRestoreActivity( 6813): mProgressHandler, handleMessage and msg.what = -1
I/System.out( 6813): DefaultRequestDirector http execute enter loop 
I/System.out( 6813): DefaultRequestDirector http execute enter loop 
I/ActivityManager(  233): Start proc app.processName for broadcast hostingNameStr: pid=6883 uid=10051 gids={}
I/System.out( 6813): DefaultRequestDirector http execute enter loop 
I/System.out( 6813): DefaultRequestDirector http execute enter loop 
D/dalvikvm(   94): GC_EXPLICIT freed 39K, 26% free 2351K/3139K, paused 8ms+10ms
D/Posix   ( 6813): ## MMS_TRACE: ##: getsockoptInt(): option = 4, result = 0.
D/Posix   ( 6813): ## MMS_TRACE: ##: setsockoptInt(): option = 1, value = 1.
D/Posix   ( 6813): ## MMS_TRACE: ##: getsockoptInt(): option = 4, result = 0.
D/Posix   ( 6813): ## MMS_TRACE: ##: setsockoptInt(): option = 1, value = 1.
D/Posix   ( 6813): ## MMS_TRACE: ##: getsockoptInt(): option = 4, result = 0.
D/Posix   ( 6813): ## MMS_TRACE: ##: setsockoptInt(): option = 1, value = 1.
D/dalvikvm(   94): GC_EXPLICIT freed <1K, 26% free 2351K/3139K, paused 6ms+20ms
D/Posix   ( 6813): ## MMS_TRACE: ##: getsockoptInt(): option = 4, result = 0.
D/Posix   ( 6813): ## MMS_TRACE: ##: setsockoptInt(): option = 1, value = 1.
D/dalvikvm(   94): GC_EXPLICIT freed <1K, 26% free 2351K/3139K, paused 2ms+13ms
D/AndroidRuntime( 6838): Shutting down VM
D/dalvikvm( 6838): GC_CONCURRENT freed 102K, 79% free 556K/2560K, paused 1ms+1ms
I/AndroidRuntime( 6838): NOTE: attach of thread 'Binder Thread #3' failed
I/Surface (  374): Surface_lockCanvas
I/Surface (  374): Surface_lockCanvas
I/Surface (  374): Surface_lockCanvas
I/Surface (  374): Surface_lockCanvas
I/Surface (  374): Surface_lockCanvas
I/System.out( 6813): ## HttpRequestExecutor::execute() starts. ## 
D/Posix   ( 6813): ## MMS_TRACE: ##: getsockoptInt(): option = 7, result = 16384.
D/Posix   ( 6813): ## MMS_TRACE: ##: getsockoptInt(): option = 8, result = 87380.
I/System.out( 6813): ################ Socket Options ###############
I/System.out( 6813): #### sendBufferSize = 16384.
I/System.out( 6813): #### recvBufferSize = 87380.
I/System.out( 6813): #### sendTimeout = 0.
I/System.out( 6813): #### recvTimeout = 5000.
I/System.out( 6813): ###############################################
I/System.out( 6813): ## HttpRequestExecutor::execute() starts. ## 
D/Posix   ( 6813): ## MMS_TRACE: ##: getsockoptInt(): option = 7, result = 16384.
D/Posix   ( 6813): ## MMS_TRACE: ##: getsockoptInt(): option = 8, result = 87380.
I/System.out( 6813): ################ Socket Options ###############
I/System.out( 6813): #### sendBufferSize = 16384.
I/System.out( 6813): #### recvBufferSize = 87380.
I/System.out( 6813): #### sendTimeout = 0.
I/System.out( 6813): #### recvTimeout = 5000.
I/System.out( 6813): ###############################################
I/System.out( 6813): ## HttpRequestExecutor::execute() starts. ## 
D/Posix   ( 6813): ## MMS_TRACE: ##: getsockoptInt(): option = 7, result = 16384.
D/Posix   ( 6813): ## MMS_TRACE: ##: getsockoptInt(): option = 8, result = 87380.
I/System.out( 6813): ################ Socket Options ###############
I/System.out( 6813): #### sendBufferSize = 16384.
I/System.out( 6813): #### recvBufferSize = 87380.
I/System.out( 6813): #### sendTimeout = 0.
I/System.out( 6813): #### recvTimeout = 5000.
I/System.out( 6813): ###############################################
I/System.out( 6813): ## HttpRequestExecutor::execute() starts. ## 
D/Posix   ( 6813): ## MMS_TRACE: ##: getsockoptInt(): option = 7, result = 16384.
D/Posix   ( 6813): ## MMS_TRACE: ##: getsockoptInt(): option = 8, result = 87380.
I/System.out( 6813): ################ Socket Options ###############
I/System.out( 6813): #### sendBufferSize = 16384.
I/System.out( 6813): #### recvBufferSize = 87380.
I/System.out( 6813): ## HttpRequestExecutor::execute(): doSendRequest() return NULL reponse. ## 
I/System.out( 6813): ## HttpRequestExecutor::doReceiveResponse(). ## 
I/System.out( 6813): ## HttpRequestExecutor::execute(): doSendRequest() return NULL reponse. ## 
I/System.out( 6813): ## HttpRequestExecutor::doReceiveResponse(). ## 
I/System.out( 6813): ## HttpRequestExecutor::execute(): doSendRequest() return NULL reponse. ## 
I/System.out( 6813): ## HttpRequestExecutor::doReceiveResponse(). ## 
I/System.out( 6813): #### sendTimeout = 0.
I/System.out( 6813): #### recvTimeout = 5000.
I/System.out( 6813): ###############################################
I/System.out( 6813): ## HttpRequestExecutor::execute(): doSendRequest() return NULL reponse. ## 
I/System.out( 6813): ## HttpRequestExecutor::doReceiveResponse(). ## 
I/Surface (  374): Surface_lockCanvas
D/STATUSBAR-NotificationService(  233): enqueueToast()
I/Surface (  374): Surface_lockCanvas
I/Surface (  374): Surface_lockCanvas
I/Surface (  374): Surface_lockCanvas
I/Surface (  374): Surface_lockCanvas
I/Surface (  374): Surface_lockCanvas
I/Surface (  374): Surface_lockCanvas
I/Surface (  374): Surface_lockCanvas
I/Surface (  374): Surface_lockCanvas
I/Surface (  374): Surface_lockCanvas
I/Surface (  374): Surface_lockCanvas
I/Surface (  374): Surface_lockCanvas
I/Surface (  374): Surface_lockCanvas
I/Surface (  374): Surface_lockCanvas
I/Surface (  374): Surface_lockCanvas
I/Surface (  374): Surface_lockCanvas
I/Surface (  374): Surface_lockCanvas
I/Surface (  374): Surface_lockCanvas
I/Surface (  374): Surface_lockCanvas
I/SurfaceFlinger(   93): id=2519(1) createSurface 0x19048a4 (1x1),1 flag=0, Toasu
D/PowerManagerService(  233): acquireWakeLock flags=0xa tag=KEEP_SCREEN_ON_FLAG uid=1000 pid=233   myUID=1000 myPID=233 myTID=233
V/AudioFlinger(   96): Audio hardware entering standby, mixer 0x145768, mSuspended 0
D/LVVE_Engine(   96): LVVEFS_Rx_Command LVVEFS_COMMAND_RESET returns success
W/AudioHardwareALSA(   96): AudioStreamOutALSA::standby snd_pcm_drain start ...
I/Surface ( 6883): Surface_lockCanvas
I/SurfaceTextureClient( 6883): connect(NATIVE_WINDOW_API_CPU)
W/AudioHardwareALSA(   96): AudioStreamOutALSA::standby snd_pcm_drain finish ...
V/AudioFlinger(   96): releaseWakeLock_l() AudioOut_1
V/AudioFlinger(   96): MixerThread 0x145768 TID 217 going to sleep
I/InputReader(  233): Touch event's action is 0x0 (deviceType=0) [pCnt=1, pending(waiting finished signal)=0, s=0.10676 ]
I/InputDispatcher(  233): Delivering touch to current input target: action: 0x0
I/InputDispatcher(  233): Delivering touch to current input target: action: 0x0
I/PowerManagerService(  233): Ulight 0x3->0x7|0x0
D/PowerManagerService(  233): setLightBrightness : mButtonLight : 255
I/System.out( 6813): DefaultRequestDirect http execute loop END! 
I/System.out( 6813): DefaultRequestDirect http execute loop END, status 200
I/System.out( 6813): DefaultRequestDirect http execute return response! 
I/System.out( 6813): DefaultRequestDirect http execute loop END! 
I/System.out( 6813): DefaultRequestDirect http execute loop END, status 400
I/System.out( 6813): DefaultRequestDirect http execute return response! 
I/System.out( 6813): DefaultRequestDirect http execute loop END! 
I/System.out( 6813): DefaultRequestDirect http execute loop END, status 200
I/System.out( 6813): DefaultRequestDirect http execute return response! 
I/System.out( 6813): DefaultRequestDirect http execute loop END! 
I/System.out( 6813): DefaultRequestDirect http execute loop END, status 200
I/System.out( 6813): DefaultRequestDirect http execute return response! 
I/BackupManager( 6813): onQuotaAvailable.
D/com.baidu.backuprestore.UI.BackupRestoreActivity( 6813): handleMessage, type = 7
D/com.baidu.backuprestore.UI.BackupRestoreActivity( 6813): setCloudStorateText
W/BackupCenter( 6813): statistic error: 
W/System.err( 6813): com.baidu.xcloud.http.ServiceException: {"error_code":36001,"error_msg":"param error","request_id":1984494}
W/System.err( 6813): 	at com.baidu.xcloud.http.ServiceClient.fetchInputStreamFromResponse(ServiceClient.java:431)
W/System.err( 6813): 	at com.baidu.xcloud.http.ServiceClient.parseResponse(ServiceClient.java:313)
W/System.err( 6813): 	at com.baidu.xcloud.http.ServiceRequest.parseResponse(ServiceRequest.java:245)
W/System.err( 6813): 	at com.baidu.xcloud.http.ServiceClient.execute(ServiceClient.java:133)
W/System.err( 6813): 	at com.baidu.xcloud.http.ServiceRequest.execute(ServiceRequest.java:196)
W/System.err( 6813): 	at com.baidu.solution.appbackup.impl.Statistics.execute(Statistics.java:22)
W/System.err( 6813): 	at com.baidu.solution.appbackup.service.impl.BackupCenter.statistic(BackupCenter.java:1187)
W/System.err( 6813): 	at com.baidu.solution.appbackup.service.BackupService$11.run(BackupService.java:1624)
I/BackupManager( 6813): onQuotaAvailable.
D/com.baidu.backuprestore.UI.BackupRestoreActivity( 6813): handleMessage, type = 7
D/com.baidu.backuprestore.UI.BackupRestoreActivity( 6813): setCloudStorateText
D/TrafficMonitorMain( 1234): performPoll mCurrentDDS = 0
D/StatusBar-TrafficView(  374): has icc card = true
V/com.baidu.trafficmonitor.widget.provider.TrafficMonitorWidgetProvider( 1234): onReceive : com.baidu.trafficmonitor.widget.provider.TrafficMonitorWidgetProvider@40ffe478 mReceiveBroadcastNum : 4936
V/com.baidu.trafficmonitor.widget.provider.TrafficMonitorWidgetProvider( 1234): ACTION_NETWORK_STATS_UPDATE_WIDGET msg arrivied
E/com.baidu.trafficmonitor.widget.provider.TrafficMonitorWidgetProvider( 1234):  simInfo is null
I/InputReader(  233): Touch event's action is 0x1 (deviceType=0) [pCnt=1, pending(waiting finished signal)=0, s=]
I/InputDispatcher(  233): Delivering touch to current input target: action: 0x1
I/InputDispatcher(  233): Delivering touch to current input target: action: 0x1
D/EnvironmentUtil( 6813): NoSuchMethodException:java.lang.NoSuchMethodException: getLegacyExternalStorageDirectory []
D/EnvironmentUtil( 6813): not get ret from getLegacyExternalStorageDirectory
I/ActivityManager(  233): START {cmp=xxxx (has extras)} from pid 6813
D/ActivityManager(  233): Trying to launch applicationName
W/ResourceType( 6813): Attempt to retrieve bag 0x0103011d which is invalid or in a cycle.
D/dalvikvm( 6813): GC_CONCURRENT freed 1159K, 17% free 8532K/10247K, paused 43ms+9ms
I/SurfaceFlinger(   93): id=2519 Removed Toasu idx=4 Map Size=4
I/SurfaceFlinger(   93): id=2519 Removed Toasu idx=-2 Map Size=4
D/PowerManagerService(  233): releaseWakeLockLocked flags=0x0 tag=KEEP_SCREEN_ON_FLAG myUID=1000 myPID=233 myTID=317
D/AbsListView( 6813): Get MotionRecognitionManager
D/com.baidu.backuprestore.UI.BackupOptionActivity( 6813): action = null
D/com.baidu.backuprestore.UI.BackupOptionActivity( 6813): setTotalAppSizeInfo
I/SurfaceFlinger(   93): id=2520(2) createSurface 0x18eaffc (1x1),2 flag=400, BackupOptionActivitz
D/STATUSBAR-StatusBarManagerService(  233): setSystemUiVisibility(0x0)
D/STATUSBAR-StatusBarManagerService(  233): manageDisableList what=0x0 pkg=WindowManager.LayoutParams
D/PackageUtil( 6813): getIgnoreSignatures
D/PackageUtil( 6813): ignored app : com.android.browser
D/PackageUtil( 6813): ignored app : yi
D/PackageUtil( 6813): ignored app : com.android.providers.userdictionary
D/PackageUtil( 6813): ignored app : com.baidu.backup.proxy
D/PackageUtil( 6813): ignored app : com.android.nfc
D/PackageUtil( 6813): ignored app : com.android.sharedstoragebackup
D/PackageUtil( 6813): ignored app : com.android.inputmethod.latin
D/PackageUtil( 6813): ignored app : com.baidu.backuprestore
D/PackageUtil( 6813): removeMmsIfMmsIsEmpty
D/PackageUtil( 6813): sms cur.size = 23
D/PackageUtil( 6813): mms cur.size = 0
D/PackageUtil( 6813): removeCallLogIfEmpty
D/AbsListView( 6813): Get MotionRecognitionManager
D/PackageUtil( 6813): call log cursor.size = 14
D/PackageUtil( 6813): removeContactIfEmpty
D/PackageUtil( 6813): contacts log cursor.size = 43
D/PackageUtil( 6813): removeCalenderIfEmpty
I/ClipboardServiceEx(  233): Send intent for dismiss clipboard dialog inside hideCurrentInputLocked() !
I/ActivityManager(  233): Start proc app.processName for content provider hostingNameStr: pid=6907 uid=10033 gids={3003, 1015, 1023}
I/Surface ( 6813): Surface_lockCanvas
I/SurfaceTextureClient( 6813): connect(NATIVE_WINDOW_API_CPU)
I/ActivityManager(  233): Displayed shortComponentName: +1s492ms
D/DEFERED_APP_VISIBILITY(  233): tweaking closing app
D/WindowManager(  233): finally selected target=Window{41b67d28  ***  paused=false}
D/WindowManager(  233): finally selected target=Window{41b67d28  ***  paused=false}
D/WindowManager(  233): finally selected target=Window{41b67d28  ***  paused=false}
I/ActivityManager(  233): Process com.baidu.baiduclock (pid 31907) has died.
D/WindowManager(  233): finally selected target=Window{41b67d28  ***  paused=false}
D/WindowManager(  233): finally selected target=Window{41b67d28  ***  paused=false}
I/ActivityManager(  233): Process com.baidu.browser.apps (pid 23859) has died.
I/Surface ( 6813): Surface_lockCanvas
D/WindowManager(  233): finally selected target=Window{41b67d28  ***  paused=false}
D/WindowManager(  233): finally selected target=Window{41b67d28  ***  paused=false}
I/ActivityManager(  233): Process com.baidu.android.ota (pid 991) has died.
D/WindowManager(  233): finally selected target=Window{41b67d28  ***  paused=false}
D/WindowManager(  233): finally selected target=Window{41b67d28  ***  paused=false}
D/WindowManager(  233): finally selected target=Window{41b67d28  ***  paused=false}
D/dalvikvm( 1038): GC_EXPLICIT freed 4K, 30% free 5392K/7623K, paused 4ms+34ms
D/WindowManager(  233): finally selected target=Window{41b67d28  ***  paused=false}
D/WindowManager(  233): finally selected target=Window{41b67d28  ***  paused=false}
D/WindowManager(  233): finally selected target=Window{41b67d28  ***  paused=false}
I/Surface ( 6813): Surface_lockCanvas
D/WindowManager(  233): finally selected target=Window{41b67d28  ***  paused=false}
D/WindowManager(  233): finally selected target=Window{41b67d28  ***  paused=false}
D/WindowManager(  233): finally selected target=Window{41b67d28  ***  paused=false}
D/WindowManager(  233): finally selected target=Window{41b67d28  ***  paused=false}
D/WindowManager(  233): finally selected target=Window{41b67d28  ***  paused=false}
I/ActivityThread( 6907): Pub com.android.calendar: com.android.providers.calendar.CalendarProvider2
D/dalvikvm( 1038): GC_EXPLICIT freed <1K, 30% free 5392K/7623K, paused 5ms+2ms
D/OpenGLRenderer( 6813): Flushing caches (mode 0)
I/SurfaceFlinger(   93): id=2518 Removed BackupRestoreActivitz idx=4 Map Size=4
I/SurfaceFlinger(   93): id=2518 Removed BackupRestoreActivitz idx=-2 Map Size=4
I/Surface ( 6813): Surface_lockCanvas
I/Surface ( 6813): Surface_lockCanvas
W/PowerManagerService(  233): Timer 0x7->0x3|0x0
I/PowerManagerService(  233): Ulight 0x7->0x3|0x0
D/PowerManagerService(  233): setLightBrightness : mButtonLight : 0
I/Surface ( 6813): Surface_lockCanvas
D/EnvironmentUtil( 6813): transport : com.baidu.bsf.service/com.baidu.backup.service.LocalTransportService
I/Surface ( 6813): Surface_lockCanvas
D/PackageUtil( 6813): getIgnoreSignatures
D/PackageUtil( 6813): ignored app : com.android.browser
D/PackageUtil( 6813): ignored app : yi
D/PackageUtil( 6813): ignored app : com.android.providers.userdictionary
D/PackageUtil( 6813): ignored app : com.baidu.backup.proxy
D/PackageUtil( 6813): ignored app : com.android.nfc
D/PackageUtil( 6813): ignored app : com.android.sharedstoragebackup
D/PackageUtil( 6813): ignored app : com.android.inputmethod.latin
D/PackageUtil( 6813): ignored app : com.baidu.backuprestore
D/PackageUtil( 6813): bubei.tingshuis not system or systemUpdata app
D/PackageUtil( 6813): getNeedBackupSystemPkgs
D/PackageUtil( 6813): ineedBackupSystemPkgs : com.baidu.reader
D/PackageUtil( 6813): com.UCMobileis not system or systemUpdata app
D/PackageUtil( 6813): getNeedBackupSystemPkgs
D/PackageUtil( 6813): getNeedBackupSystemPkgs
D/PackageUtil( 6813): getNeedBackupSystemPkgs
D/PackageUtil( 6813): getNeedBackupSystemPkgs
D/PackageUtil( 6813): getNeedBackupSystemPkgs
D/PackageUtil( 6813): getNeedBackupSystemPkgs
D/PackageUtil( 6813): getNeedBackupSystemPkgs
D/PackageUtil( 6813): getNeedBackupSystemPkgs
D/PackageUtil( 6813): getNeedBackupSystemPkgs
D/PackageUtil( 6813): getNeedBackupSystemPkgs
D/PackageUtil( 6813): getNeedBackupSystemPkgs
D/PackageUtil( 6813): getNeedBackupSystemPkgs
D/PackageUtil( 6813): getNeedBackupSystemPkgs
D/PackageUtil( 6813): getNeedBackupSystemPkgs
D/PackageUtil( 6813): getNeedBackupSystemPkgs
D/PackageUtil( 6813): getNeedBackupSystemPkgs
D/PackageUtil( 6813): getNeedBackupSystemPkgs
D/PackageUtil( 6813): getNeedBackupSystemPkgs
D/PackageUtil( 6813): getNeedBackupSystemPkgs
D/PackageUtil( 6813): getNeedBackupSystemPkgs
D/PackageUtil( 6813): getNeedBackupSystemPkgs
D/PackageUtil( 6813): getNeedBackupSystemPkgs
D/PackageUtil( 6813): getNeedBackupSystemPkgs
D/PackageUtil( 6813): getNeedBackupSystemPkgs
D/PackageUtil( 6813): getNeedBackupSystemPkgs
D/PackageUtil( 6813): getNeedBackupSystemPkgs
D/PackageUtil( 6813): getNeedBackupSystemPkgs
D/PackageUtil( 6813): getNeedBackupSystemPkgs
D/PackageUtil( 6813): getNeedBackupSystemPkgs
D/PackageUtil( 6813): getNeedBackupSystemPkgs
D/PackageUtil( 6813): getNeedBackupSystemPkgs
D/PackageUtil( 6813): getNeedBackupSystemPkgs
D/PackageUtil( 6813): getNeedBackupSystemPkgs
D/PackageUtil( 6813): getNeedBackupSystemPkgs
D/PackageUtil( 6813): getNeedBackupSystemPkgs
D/PackageUtil( 6813): getNeedBackupSystemPkgs
D/PackageUtil( 6813): getNeedBackupSystemPkgs
D/PackageUtil( 6813): getNeedBackupSystemPkgs
D/PackageUtil( 6813): getNeedBackupSystemPkgs
D/PackageUtil( 6813): getNeedBackupSystemPkgs
D/PackageUtil( 6813): getNeedBackupSystemPkgs
D/PackageUtil( 6813): com.baidu.netdiskis not system or systemUpdata app
D/PackageUtil( 6813): getNeedBackupSystemPkgs
D/PackageUtil( 6813): getNeedBackupSystemPkgs
D/PackageUtil( 6813): getNeedBackupSystemPkgs
D/PackageUtil( 6813): getNeedBackupSystemPkgs
D/PackageUtil( 6813): getNeedBackupSystemPkgs
D/PackageUtil( 6813): getNeedBackupSystemPkgs
D/PackageUtil( 6813): getNeedBackupSystemPkgs
D/PackageUtil( 6813): getNeedBackupSystemPkgs
D/PackageUtil( 6813): getNeedBackupSystemPkgs
D/PackageUtil( 6813): getNeedBackupSystemPkgs
D/PackageUtil( 6813): getNeedBackupSystemPkgs
D/PackageUtil( 6813): getNeedBackupSystemPkgs
D/PackageUtil( 6813): getNeedBackupSystemPkgs
D/PackageUtil( 6813): getNeedBackupSystemPkgs
D/PackageUtil( 6813): com.baidu.tiebazis not system or systemUpdata app
D/PackageUtil( 6813): getNeedBackupSystemPkgs
D/PackageUtil( 6813): getNeedBackupSystemPkgs
D/PackageUtil( 6813): getNeedBackupSystemPkgs
D/PackageUtil( 6813): getNeedBackupSystemPkgs
D/PackageUtil( 6813): getNeedBackupSystemPkgs
D/PackageUtil( 6813): getNeedBackupSystemPkgs
D/PackageUtil( 6813): getNeedBackupSystemPkgs
D/PackageUtil( 6813): com.dewmobile.kuaiyais not system or systemUpdata app
D/PackageUtil( 6813): getNeedBackupSystemPkgs
D/PackageUtil( 6813): com.dewmobile.kuaiya.game.airhockeyis not system or systemUpdata app
D/PackageUtil( 6813): getNeedBackupSystemPkgs
D/PackageUtil( 6813): com.duowan.mobileis not system or systemUpdata app
D/PackageUtil( 6813): getNeedBackupSystemPkgs
D/PackageUtil( 6813): com.github.mobileis not system or systemUpdata app
D/PackageUtil( 6813): getNeedBackupSystemPkgs
D/PackageUtil( 6813): getNeedBackupSystemPkgs
D/PackageUtil( 6813): com.june.game.doudizhuis not system or systemUpdata app
D/PackageUtil( 6813): getNeedBackupSystemPkgs
D/PackageUtil( 6813): com.kugou.androidis not system or systemUpdata app
D/PackageUtil( 6813): getNeedBackupSystemPkgs
D/PackageUtil( 6813): com.lidroid.supermountis not system or systemUpdata app
D/PackageUtil( 6813): getNeedBackupSystemPkgs
D/PackageUtil( 6813): com.miantan.myofaceis not system or systemUpdata app
D/PackageUtil( 6813): getNeedBackupSystemPkgs
D/PackageUtil( 6813): com.mohammadag.colouredstatusbaris not system or systemUpdata app
D/PackageUtil( 6813): getNeedBackupSystemPkgs
D/PackageUtil( 6813): getNeedBackupSystemPkgs
D/PackageUtil( 6813): getNeedBackupSystemPkgs
D/PackageUtil( 6813): getNeedBackupSystemPkgs
D/PackageUtil( 6813): getNeedBackupSystemPkgs
D/PackageUtil( 6813): com.speedsoftware.rootexploreris not system or systemUpdata app
D/PackageUtil( 6813): getNeedBackupSystemPkgs
D/PackageUtil( 6813): com.tencent.mobileqqis not system or systemUpdata app
D/PackageUtil( 6813): getNeedBackupSystemPkgs
D/PackageUtil( 6813): com.youku.phoneis not system or systemUpdata app
D/PackageUtil( 6813): getNeedBackupSystemPkgs
D/PackageUtil( 6813): de.robv.android.xposed.installeris not system or systemUpdata app
D/PackageUtil( 6813): getNeedBackupSystemPkgs
D/PackageUtil( 6813): de.robv.android.xposed.installer.staticbusyboxis not system or systemUpdata app
D/PackageUtil( 6813): getNeedBackupSystemPkgs
D/PackageUtil( 6813): getNeedBackupSystemPkgs
D/PackageUtil( 6813): ru.zdevs.zarchiveris not system or systemUpdata app
D/PackageUtil( 6813): getNeedBackupSystemPkgs
D/PackageUtil( 6813): removeClockIfAlarmIsEmpty
I/ActivityManager(  233): Start proc app.processName for content provider hostingNameStr: pid=6925 uid=10007 gids={1015, 1023}
I/Surface ( 6813): Surface_lockCanvas
I/Surface ( 6813): Surface_lockCanvas
D/OpenGLRenderer(14479): Flushing caches (mode 2)
D/OpenGLRenderer( 4580): Flushing caches (mode 2)
D/OpenGLRenderer(  462): Flushing caches (mode 2)
D/OpenGLRenderer( 4534): Flushing caches (mode 2)
I/Surface ( 6813): Surface_lockCanvas
I/Surface ( 6813): Surface_lockCanvas
I/Surface ( 6813): Surface_lockCanvas
I/Surface ( 6813): Surface_lockCanvas
I/Launcher(  462): onTrimMemory call back
I/Surface ( 6813): Surface_lockCanvas
I/Surface ( 6813): Surface_lockCanvas
I/Surface (  374): Surface_lockCanvas
I/ActivityThread( 6925): Pub com.baidu.baiduclock: com.baidu.baiduclock.alarm.AlarmProvider
I/Surface ( 6813): Surface_lockCanvas
I/ActivityThread( 6925): Pub com.baidu.baiduclock.worldprovider: com.baidu.baiduclock.worldcity.WorldProvider
I/Surface ( 6813): Surface_lockCanvas
D/PackageUtil( 6813): alarm clock cur.size = 2
D/PackageUtil( 6813): remoteNotepadIfEmpty
I/Surface ( 6813): Surface_lockCanvas
I/ActivityManager(  233): Start proc app.processName for content provider hostingNameStr: pid=6940 uid=10014 gids={}
I/Surface ( 6813): Surface_lockCanvas
I/Surface ( 6813): Surface_lockCanvas
I/Surface ( 6813): Surface_lockCanvas
I/ActivityThread( 6940): Pub com.baidu.notepad.provider.NotePad: com.baidu.notepad.NotePadProvider
I/Surface ( 6813): Surface_lockCanvas
I/Surface ( 6813): Surface_lockCanvas
D/PackageUtil( 6813): notepad records cur.size = 1
D/PackageUtil( 6813): removeApp, pkg = android
D/PackageUtil( 6813): remove android
I/Surface ( 6813): Surface_lockCanvas
D/PackageUtil( 6813): getAgentAppSize, pkg = com.android.contacts.call_log
D/PackageUtil( 6813): call log cursor.size = 14
D/PackageUtil( 6813): getAgentAppSize, pkg = com.android.contacts
I/Surface ( 6813): Surface_lockCanvas
D/PackageUtil( 6813): contacts log cursor.size = 43
D/PackageUtil( 6813): getAgentAppSize, pkg = com.android.mms
D/PackageUtil( 6813): sms cur.size = 23
I/Surface ( 6813): Surface_lockCanvas
D/PackageUtil( 6813): mms cur.size = 0
D/PackageUtil( 6813): getAgentAppSize, pkg = com.android.providers.settings
D/PackageUtil( 6813): getAgentAppSize, pkg = com.baidu.antidisturbance
D/PackageUtil( 6813): getAgentAppSize, pkg = com.baidu.baiduclock
D/PackageUtil( 6813): alarm clock cur.size = 2
D/PackageUtil( 6813): getAgentAppSize, pkg = com.baidu.home2
D/PackageUtil( 6813): getAgentAppSize, pkg = com.baidu.notepad
D/OpenGLRenderer(14479): Flushing caches (mode 2)
D/OpenGLRenderer( 4534): Flushing caches (mode 2)
D/OpenGLRenderer( 4580): Flushing caches (mode 2)
D/OpenGLRenderer(  462): Flushing caches (mode 2)
I/Launcher(  462): onTrimMemory call back
D/PackageUtil( 6813): notepad records cur.size = 1
D/PackageUtil( 6813): getAppIcon, pkg = com.android.contacts.call_log
I/Surface ( 6813): Surface_lockCanvas
I/Surface ( 6813): Surface_lockCanvas
D/PackageUtil( 6813): getAppIcon, pkg = com.android.contacts
D/PackageUtil( 6813): getAppIcon, pkg = com.android.mms
D/PackageUtil( 6813): getMmsIconByComponent
I/Surface ( 6813): Surface_lockCanvas
D/PackageUtil( 6813): getAppIcon, pkg = com.android.providers.settings
I/Surface ( 6813): Surface_lockCanvas
I/Surface ( 6813): Surface_lockCanvas
D/dalvikvm( 6813): GC_CONCURRENT freed 767K, 13% free 9754K/11143K, paused 6ms+23ms
D/PackageUtil( 6813): getAppIcon, pkg = com.baidu.antidisturbance
I/Surface ( 6813): Surface_lockCanvas
D/PackageUtil( 6813): getAppIcon, pkg = com.baidu.baiduclock
D/PackageUtil( 6813): getAppIcon, pkg = com.baidu.home2
I/Surface ( 6813): Surface_lockCanvas
I/Surface ( 6813): Surface_lockCanvas
D/PackageUtil( 6813): getAppIcon, pkg = com.baidu.notepad
I/Surface ( 6813): Surface_lockCanvas
I/Surface ( 6813): Surface_lockCanvas
I/CalendarProvider2( 6907): Sending notification intent: Intent { act=android.intent.action.PROVIDER_CHANGED dat=content://com.android.calendar }
W/ContentResolver( 6907): Failed to get type for: content://com.android.calendar (Unknown URL content://com.android.calendar)
D/PackageUtil( 6813): getIgnoreSignatures
D/PackageUtil( 6813): ignored app : com.android.browser
D/PackageUtil( 6813): ignored app : yi
D/PackageUtil( 6813): ignored app : com.android.providers.userdictionary
D/PackageUtil( 6813): ignored app : com.baidu.backup.proxy
I/Surface ( 6813): Surface_lockCanvas
D/PackageUtil( 6813): ignored app : com.android.nfc
D/PackageUtil( 6813): ignored app : com.android.sharedstoragebackup
D/PackageUtil( 6813): ignored app : com.android.inputmethod.latin
D/PackageUtil( 6813): ignored app : com.baidu.backuprestore
D/PackageUtil( 6813): bubei.tingshuis not system or systemUpdata app
D/PackageUtil( 6813): com.UCMobileis not system or systemUpdata app
I/ActivityManager(  233): Start proc app.processName for broadcast hostingNameStr: pid=6955 uid=10032 gids={3003, 1015, 1023}
D/PackageUtil( 6813): com.baidu.netdiskis not system or systemUpdata app
D/PackageUtil( 6813): com.baidu.tiebazis not system or systemUpdata app
D/PackageUtil( 6813): com.dewmobile.kuaiyais not system or systemUpdata app
D/PackageUtil( 6813): com.dewmobile.kuaiya.game.airhockeyis not system or systemUpdata app
D/PackageUtil( 6813): com.duowan.mobileis not system or systemUpdata app
D/PackageUtil( 6813): com.github.mobileis not system or systemUpdata app
D/PackageUtil( 6813): com.june.game.doudizhuis not system or systemUpdata app
D/PackageUtil( 6813): com.kugou.androidis not system or systemUpdata app
D/PackageUtil( 6813): com.lidroid.supermountis not system or systemUpdata app
D/PackageUtil( 6813): com.miantan.myofaceis not system or systemUpdata app
D/PackageUtil( 6813): com.mohammadag.colouredstatusbaris not system or systemUpdata app
D/PackageUtil( 6813): com.speedsoftware.rootexploreris not system or systemUpdata app
D/PackageUtil( 6813): com.tencent.mobileqqis not system or systemUpdata app
D/PackageUtil( 6813): com.youku.phoneis not system or systemUpdata app
D/PackageUtil( 6813): de.robv.android.xposed.installeris not system or systemUpdata app
D/PackageUtil( 6813): de.robv.android.xposed.installer.staticbusyboxis not system or systemUpdata app
D/PackageUtil( 6813): ru.zdevs.zarchiveris not system or systemUpdata app
I/Surface ( 6813): Surface_lockCanvas
D/PackageUtil( 6813): bubei.tingshuis not system or systemUpdata app
D/PackageUtil( 6813): getNeedBackupSystemPkgs
D/LocalStorageHelper( 6813): app:bubei.tingshu
D/PackageUtil( 6813): com.UCMobileis not system or systemUpdata app
D/PackageUtil( 6813): getNeedBackupSystemPkgs
D/LocalStorageHelper( 6813): app:com.UCMobile
D/PackageUtil( 6813): com.baidu.netdiskis not system or systemUpdata app
D/PackageUtil( 6813): getNeedBackupSystemPkgs
D/LocalStorageHelper( 6813): app:com.baidu.netdisk
D/PackageUtil( 6813): com.baidu.tiebazis not system or systemUpdata app
D/PackageUtil( 6813): getNeedBackupSystemPkgs
D/LocalStorageHelper( 6813): app:com.baidu.tiebaz
D/PackageUtil( 6813): com.dewmobile.kuaiyais not system or systemUpdata app
D/PackageUtil( 6813): getNeedBackupSystemPkgs
D/LocalStorageHelper( 6813): app:com.dewmobile.kuaiya
D/PackageUtil( 6813): com.dewmobile.kuaiya.game.airhockeyis not system or systemUpdata app
D/PackageUtil( 6813): getNeedBackupSystemPkgs
D/LocalStorageHelper( 6813): app:com.dewmobile.kuaiya.game.airhockey
D/PackageUtil( 6813): com.duowan.mobileis not system or systemUpdata app
D/PackageUtil( 6813): getNeedBackupSystemPkgs
D/LocalStorageHelper( 6813): app:com.duowan.mobile
D/PackageUtil( 6813): com.github.mobileis not system or systemUpdata app
D/PackageUtil( 6813): getNeedBackupSystemPkgs
D/LocalStorageHelper( 6813): app:com.github.mobile
D/PackageUtil( 6813): com.june.game.doudizhuis not system or systemUpdata app
D/PackageUtil( 6813): getNeedBackupSystemPkgs
D/LocalStorageHelper( 6813): app:com.june.game.doudizhu
D/PackageUtil( 6813): com.kugou.androidis not system or systemUpdata app
D/PackageUtil( 6813): getNeedBackupSystemPkgs
D/LocalStorageHelper( 6813): app:com.kugou.android
D/PackageUtil( 6813): com.lidroid.supermountis not system or systemUpdata app
D/PackageUtil( 6813): getNeedBackupSystemPkgs
D/LocalStorageHelper( 6813): app:com.lidroid.supermount
D/PackageUtil( 6813): com.miantan.myofaceis not system or systemUpdata app
D/PackageUtil( 6813): getNeedBackupSystemPkgs
D/LocalStorageHelper( 6813): app:com.miantan.myoface
D/PackageUtil( 6813): com.mohammadag.colouredstatusbaris not system or systemUpdata app
D/PackageUtil( 6813): getNeedBackupSystemPkgs
D/LocalStorageHelper( 6813): app:com.mohammadag.colouredstatusbar
D/PackageUtil( 6813): com.speedsoftware.rootexploreris not system or systemUpdata app
D/PackageUtil( 6813): getNeedBackupSystemPkgs
D/LocalStorageHelper( 6813): app:com.speedsoftware.rootexplorer
D/PackageUtil( 6813): com.tencent.mobileqqis not system or systemUpdata app
D/PackageUtil( 6813): getNeedBackupSystemPkgs
I/Surface ( 6813): Surface_lockCanvas
D/LocalStorageHelper( 6813): app:com.tencent.mobileqq
D/PackageUtil( 6813): com.youku.phoneis not system or systemUpdata app
D/PackageUtil( 6813): getNeedBackupSystemPkgs
D/LocalStorageHelper( 6813): app:com.youku.phone
D/PackageUtil( 6813): de.robv.android.xposed.installeris not system or systemUpdata app
D/PackageUtil( 6813): getNeedBackupSystemPkgs
D/LocalStorageHelper( 6813): app:de.robv.android.xposed.installer
D/PackageUtil( 6813): de.robv.android.xposed.installer.staticbusyboxis not system or systemUpdata app
D/PackageUtil( 6813): getNeedBackupSystemPkgs
D/LocalStorageHelper( 6813): app:de.robv.android.xposed.installer.staticbusybox
D/PackageUtil( 6813): ru.zdevs.zarchiveris not system or systemUpdata app
D/PackageUtil( 6813): getNeedBackupSystemPkgs
D/LocalStorageHelper( 6813): app:ru.zdevs.zarchiver
I/Surface ( 6813): Surface_lockCanvas
I/Surface ( 6813): Surface_lockCanvas
I/Surface ( 6813): Surface_lockCanvas
I/Surface ( 6813): Surface_lockCanvas
I/Surface ( 6813): Surface_lockCanvas
I/Surface ( 6813): Surface_lockCanvas
I/Surface ( 6813): Surface_lockCanvas
I/Surface ( 6813): Surface_lockCanvas
I/Surface ( 6813): Surface_lockCanvas
I/Surface ( 6813): Surface_lockCanvas
I/ActivityThread( 6955): Pub com.android.calendar.CalendarRecentSuggestionsProvider: com.android.calendar.CalendarRecentSuggestionsProvider
I/Surface ( 6813): Surface_lockCanvas
I/Surface ( 6813): Surface_lockCanvas
D/MSF.C.NetConnTag( 4673): [E]netRecv ssoSeq:196195467 uin:*2314
I/Surface ( 6813): Surface_lockCanvas
I/Surface ( 6813): Surface_lockCanvas
I/Surface ( 6813): Surface_lockCanvas
I/Surface ( 6813): Surface_lockCanvas
I/Surface ( 6813): Surface_lockCanvas
I/Surface ( 6813): Surface_lockCanvas
I/Surface ( 6813): Surface_lockCanvas
I/Surface ( 6813): Surface_lockCanvas
I/Surface ( 6813): Surface_lockCanvas
I/Surface ( 6813): Surface_lockCanvas
I/Surface ( 6813): Surface_lockCanvas
I/Surface ( 6813): Surface_lockCanvas
I/Surface ( 6813): Surface_lockCanvas
I/Surface (  374): Surface_lockCanvas
I/Surface ( 6813): Surface_lockCanvas
D/Q.msg.MsgProxy( 4650): [E]insertToList MessageRecord=friendUin:1567senderuin:6880,istroop:1,msgType:-1000,time:1402135048,shmsgseq:77913
I/Surface ( 6813): Surface_lockCanvas
I/Surface ( 6813): Surface_lockCanvas
I/Surface ( 6813): Surface_lockCanvas
I/Surface ( 6813): Surface_lockCanvas
I/Surface ( 6813): Surface_lockCanvas
I/Surface ( 6813): Surface_lockCanvas
I/Surface ( 6813): Surface_lockCanvas
I/Surface ( 6813): Surface_lockCanvas
I/Surface ( 6813): Surface_lockCanvas
I/Surface ( 6813): Surface_lockCanvas
I/Surface ( 6813): Surface_lockCanvas
I/Surface ( 6813): Surface_lockCanvas
I/Surface ( 6813): Surface_lockCanvas
I/Surface ( 6813): Surface_lockCanvas
I/Surface ( 6813): Surface_lockCanvas
I/Surface ( 6813): Surface_lockCanvas
D/com.baidu.backuprestore.UI.BackupOptionActivity( 6813): appSizesGotHandle
W/AlarmManager(  233): FACTORY_ON= 0
I/Surface (  374): Surface_lockCanvas
W/AlarmManager(  233): FACTORY_ON= 0
D/com.baidu.backuprestore.UI.BaseListViewActivity( 6813): setSelectApp, pos = 0 isSelect = true
D/com.baidu.backuprestore.UI.BaseListViewActivity( 6813): setUiState
D/com.baidu.backuprestore.UI.BackupOptionActivity( 6813): setTotalAppSizeInfo
D/PackageUtil( 6813): getFakeSystemAppSize, pkg = com.android.contacts.call_log, count = 14
