D/PHONESERVER(  145): After add wait array
D/PHONESERVER(  145): [0]:302 
D/PHONESERVER(  145): 
D/PHONESERVER(  145): TYPE: GSM
D/PHONESERVER(  145): Send thread TID [302] CHNMNG Leave channel_manager_get_cmux:/dev/ts0710mux5 
D/PHONESERVER(  145): PS_CMUX cmux_regist_cmd_callback cmux:/dev/ts0710mux5
D/PHONESERVER(  145): PS_CMUX :/dev/ts0710mux5 cmux_write:ATI:len=4
D/PHONESERVER(  145): Receive thread's TID [291] CHMNG:  receive data thread :mux=/dev/ts0710mux5:input:+CME ERROR: 4
D/PHONESERVER(  145): PS_CMUX cmux_deregist_cmd_callback cmux:/dev/ts0710mux5
D/PHONESERVER(  145): pty_write get lock
D/PHONESERVER(  145): PS_PTY:/dev/CHNPTY13   write :
D/PHONESERVER(  145): +CME ERROR: 4
D/PHONESERVER(  145): 
D/SPRDENG (  150): eng_modem2server: use SIM1 /dev/CHNPTY13
D/SPRDENG (  150): AT < 
D/SPRDENG (  150): +CME ERROR: 4
D/SPRDENG (  150): 
E/SMD     (   89): After the Modem Read select 
E/SMD     (   89): Read 17 chars from SMD Modem file fd = 11
E/SMD     (   89):  Message: 
E/SMD     (   89): +CME ERROR: 4
E/SMD     (   89): 
E/SMD     (   89): 
E/SMD     (   89): OK
E/SMD     (   89): 2B.W12.28_KYLE_V1.0_R1.5.6
E/SMD     (   89): 
E/SMD     (   89): 
E/SMD     (   89): S7568ZMMH2
E/SMD     (   89): 
E/SMD     (   89): 
E/SMD     (   89): GT-S7568
E/SMD     (   89): 
E/SMD     (   89): 
E/SMD     (   89): CP_HW_VER
E/SMD     (   89): 
E/SMD     (   89): 
E/SMD     (   89): 08-28-2013 12:11:48
E/SMD     (   89): 
E/SMD     (   89): OK
E/SMD     (   89): 
E/SMD     (   89): Before the Modem Read select 
E/DataRouter(  108): [socket:17]******* Received data notification *******
E/DataRouter(  108): [socket:17]read socket data[len:17]
E/DataRouter(  108): [socket:17]read socket data[message:
E/DataRouter(  108): +CME ERROR: 4
E/DataRouter(  108): 
E/DataRouter(  108): write [17] bytes of data to USB fd[14]
E/DataRouter(  108): [socket:17]dr_usb_write
D/PHONESERVER(  145): pty_write free lock
D/PHONESERVER(  145): [302] before timeout (1404381840)
D/PHONESERVER(  145): CHNMNG enter channel_manager_free_cmux cmux=/dev/ts0710mux5 
D/PHONESERVER(  145): CHNMNG enter channel_manager_free_cmux pty=0x37964 
D/PHONESERVER(  145): [291] Before remove wait array
D/PHONESERVER(  145): [0]:302 
D/PHONESERVER(  145): 
D/PHONESERVER(  145): [291] After remove wait array
D/PHONESERVER(  145): 
D/PHONESERVER(  145): Enter select_send_thread_run
D/PHONESERVER(  145): Leave select_send_thread_run
D/PHONESERVER(  145): CHNMNG Leave channel_manager_free_cmux cmux=/dev/ts0710mux5 
D/PHONESERVER(  145): [291] before signal (1404381840)
D/PHONESERVER(  145): [291] after signal (1404381840)
D/PHONESERVER(  145): Receive thread's TID [291] MUX :/dev/ts0710mux5 Waiting for resp  
D/PHONESERVER(  145): [302] after timeout (1404381840)
D/PHONESERVER(  145): phoneserver mux adapt: generic cmd ATI
E/DataRouter(  108): Before the usb select 
E/DataRouter(  108): After the usb select 
E/DataRouter(  108): read usb data[len:2]
E/DataRouter(  108): read usb data message:AT
E/SMD     (   89): ***Received data notification[DR->SMD]***
E/SMD     (   89): Path set is DATA_PATH_DR_SMD_MANAGER
E/SMD     (   89): Message:AT
E/SMD     (   89): Sending data to SMD: Len = [2]
E/SMD     (   89):  buffer = [AT]
E/SMD     (   89): Wrote 2 chars to SMD PORT fd=11 ch = 41
E/DataRouter(  108): Before the usb select 
E/DataRouter(  108): After the usb select 
E/DataRouter(  108): read usb data[len:1]
E/DataRouter(  108): read usb data message:*
E/SMD     (   89): ***Received data notification[DR->SMD]***
E/SMD     (   89): Message:*
E/SMD     (   89): Sending data to SMD: Len = [1]
E/SMD     (   89):  buffer = [*]
E/SMD     (   89): Wrote 1 chars to SMD PORT fd=11 ch = 2a
E/DataRouter(  108): Before the usb select 
E/DataRouter(  108): After the usb select 
E/DataRouter(  108): read usb data[len:1]
E/DataRouter(  108): read usb data message:C
E/SMD     (   89): ***Received data notification[DR->SMD]***
E/SMD     (   89): Message:C
E/SMD     (   89): Sending data to SMD: Len = [1]
E/SMD     (   89):  buffer = [C]
E/SMD     (   89): Wrote 1 chars to SMD PORT fd=11 ch = 43
E/DataRouter(  108): Before the usb select 
E/DataRouter(  108): After the usb select 
E/DataRouter(  108): read usb data[len:1]
E/DataRouter(  108): read usb data message:N
E/SMD     (   89): ***Received data notification[DR->SMD]***
E/SMD     (   89): Message:N
E/SMD     (   89): Sending data to SMD: Len = [1]
E/SMD     (   89):  buffer = [N]
E/SMD     (   89): Wrote 1 chars to SMD PORT fd=11 ch = 4e
E/DataRouter(  108): Before the usb select 
E/DataRouter(  108): After the usb select 
E/DataRouter(  108): read usb data[len:1]
E/DataRouter(  108): read usb data message:T
E/SMD     (   89): ***Received data notification[DR->SMD]***
E/SMD     (   89): Message:T
E/SMD     (   89): Sending data to SMD: Len = [1]
E/SMD     (   89):  buffer = [T]
E/SMD     (   89): Wrote 1 chars to SMD PORT fd=11 ch = 54
E/DataRouter(  108): Before the usb select 
E/DataRouter(  108): After the usb select 
E/DataRouter(  108): read usb data[len:1]
E/DataRouter(  108): read usb data message:I
E/SMD     (   89): ***Received data notification[DR->SMD]***
E/SMD     (   89): Message:I
E/SMD     (   89): Sending data to SMD: Len = [1]
E/SMD     (   89):  buffer = [I]
E/SMD     (   89): Wrote 1 chars to SMD PORT fd=11 ch = 49
E/DataRouter(  108): Before the usb select 
E/DataRouter(  108): After the usb select 
E/DataRouter(  108): read usb data[len:1]
E/DataRouter(  108): read usb data message:=
E/SMD     (   89): ***Received data notification[DR->SMD]***
E/SMD     (   89): Message:=
E/SMD     (   89): Sending data to SMD: Len = [1]
E/SMD     (   89):  buffer = [=]
E/SMD     (   89): Wrote 1 chars to SMD PORT fd=11 ch = 3d
E/DataRouter(  108): Before the usb select 
E/DataRouter(  108): After the usb select 
E/DataRouter(  108): read usb data[len:1]
E/DataRouter(  108): read usb data message:2
E/SMD     (   89): ***Received data notification[DR->SMD]***
E/SMD     (   89): Message:2
E/SMD     (   89): Sending data to SMD: Len = [1]
E/SMD     (   89):  buffer = [2]
E/SMD     (   89): Wrote 1 chars to SMD PORT fd=11 ch = 32
E/DataRouter(  108): Before the usb select 
E/DataRouter(  108): After the usb select 
E/DataRouter(  108): read usb data[len:1]
E/DataRouter(  108): read usb data message:
E/SMD     (   89): ***Received data notification[DR->SMD]***
E/SMD     (   89): Message:
E/SMD     (   89): Sending data to SMD: Len = [1]
E/SMD     (   89):  buffer = []
D/SPRDENG (  150): eng_server2modem: use SIM1 /dev/CHNPTY13
D/SPRDENG (  150): AT > AT*CNTI=2
D/PHONESERVER(  145): Send thread's TID [302] CHNMNG:findNextEOL:
D/PHONESERVER(  145): Send thread's TID [302] CHNMNG:end findNextEOL:
E/SMD     (   89): Wrote 1 chars to SMD PORT fd=11 ch = d
D/PHONESERVER(  145): Send thread's TID [302] CHNMNG:findNextEOL:
D/PHONESERVER(  145): Send thread's TID [302] CHNMNG:end findNextEOL:
D/PHONESERVER(  145): Send thread's TID [302] PS_PTY : /dev/CHNPTY13 Received 10 bytes command[AT*CNTI=2]
D/PHONESERVER(  145): Send thread TID [302] CHNMNG enter channel_manager_get_cmux 
D/PHONESERVER(  145): Before add wait array pty=0x37964
D/PHONESERVER(  145): Before add wait array
D/PHONESERVER(  145): 
D/PHONESERVER(  145): After add wait array
D/PHONESERVER(  145): [0]:302 
D/PHONESERVER(  145): 
D/PHONESERVER(  145): TYPE: GSM
D/PHONESERVER(  145): Send thread TID [302] CHNMNG Leave channel_manager_get_cmux:/dev/ts0710mux5 
D/PHONESERVER(  145): PS_CMUX cmux_regist_cmd_callback cmux:/dev/ts0710mux5
D/PHONESERVER(  145): PS_CMUX :/dev/ts0710mux5 cmux_write:AT*CNTI=2:len=10
D/PHONESERVER(  145): Receive thread's TID [291] CHMNG:  receive data thread :mux=/dev/ts0710mux5:input:+CME ERROR: 4
D/PHONESERVER(  145): PS_CMUX cmux_deregist_cmd_callback cmux:/dev/ts0710mux5
D/PHONESERVER(  145): pty_write get lock
D/PHONESERVER(  145): PS_PTY:/dev/CHNPTY13   write :
D/PHONESERVER(  145): +CME ERROR: 4
D/PHONESERVER(  145): 
D/SPRDENG (  150): eng_modem2server: use SIM1 /dev/CHNPTY13
D/SPRDENG (  150): AT < 
D/SPRDENG (  150): +CME ERROR: 4
D/SPRDENG (  150): 
E/SMD     (   89): After the Modem Read select 
E/SMD     (   89): Read 17 chars from SMD Modem file fd = 11
E/SMD     (   89):  Message: 
E/SMD     (   89): +CME ERROR: 4
E/SMD     (   89): 
E/SMD     (   89): 
E/SMD     (   89): OK
E/SMD     (   89): 2B.W12.28_KYLE_V1.0_R1.5.6
E/SMD     (   89): 
E/SMD     (   89): 
E/SMD     (   89): S7568ZMMH2
E/SMD     (   89): 
E/SMD     (   89): 
E/SMD     (   89): GT-S7568
E/SMD     (   89): 
E/SMD     (   89): 
E/SMD     (   89): CP_HW_VER
E/SMD     (   89): 
E/SMD     (   89): 
E/SMD     (   89): 08-28-2013 12:11:48
E/SMD     (   89): 
E/SMD     (   89): OK
E/SMD     (   89): 
E/SMD     (   89): Before the Modem Read select 
E/DataRouter(  108): [socket:17]******* Received data notification *******
E/DataRouter(  108): [socket:17]read socket data[len:17]
E/DataRouter(  108): [socket:17]read socket data[message:
E/DataRouter(  108): +CME ERROR: 4
E/DataRouter(  108): 
E/DataRouter(  108): write [17] bytes of data to USB fd[14]
E/DataRouter(  108): [socket:17]dr_usb_write
D/PHONESERVER(  145): pty_write free lock
D/PHONESERVER(  145): [302] before timeout (1404381840)
D/PHONESERVER(  145): CHNMNG enter channel_manager_free_cmux cmux=/dev/ts0710mux5 
D/PHONESERVER(  145): CHNMNG enter channel_manager_free_cmux pty=0x37964 
D/PHONESERVER(  145): [291] Before remove wait array
D/PHONESERVER(  145): [0]:302 
D/PHONESERVER(  145): 
D/PHONESERVER(  145): [291] After remove wait array
D/PHONESERVER(  145): 
D/PHONESERVER(  145): Enter select_send_thread_run
D/PHONESERVER(  145): Leave select_send_thread_run
D/PHONESERVER(  145): CHNMNG Leave channel_manager_free_cmux cmux=/dev/ts0710mux5 
D/PHONESERVER(  145): [291] before signal (1404381840)
D/PHONESERVER(  145): [291] after signal (1404381840)
D/PHONESERVER(  145): Receive thread's TID [291] MUX :/dev/ts0710mux5 Waiting for resp  
D/PHONESERVER(  145): [302] after timeout (1404381840)
D/PHONESERVER(  145): phoneserver mux adapt: generic cmd AT*CNTI=2
E/DataRouter(  108): Before the usb select 
E/DataRouter(  108): After the usb select 
E/DataRouter(  108): read usb data[len:1]
E/DataRouter(  108): read usb data message:A
E/SMD     (   89): ***Received data notification[DR->SMD]***
E/SMD     (   89): Message:A
E/SMD     (   89): Sending data to SMD: Len = [1]
E/SMD     (   89):  buffer = [A]
E/SMD     (   89): Wrote 1 chars to SMD PORT fd=11 ch = 41
E/DataRouter(  108): Before the usb select 
E/DataRouter(  108): After the usb select 
E/DataRouter(  108): read usb data[len:2]
E/DataRouter(  108): read usb data message:T+
E/SMD     (   89): ***Received data notification[DR->SMD]***
E/SMD     (   89): Path set is DATA_PATH_DR_SMD_MANAGER
E/SMD     (   89): Message:T+
E/SMD     (   89): Sending data to SMD: Len = [2]
E/SMD     (   89):  buffer = [T+]
E/SMD     (   89): Wrote 2 chars to SMD PORT fd=11 ch = 54
E/DataRouter(  108): Before the usb select 
E/DataRouter(  108): After the usb select 
E/DataRouter(  108): read usb data[len:2]
E/DataRouter(  108): read usb data message:WS
E/SMD     (   89): ***Received data notification[DR->SMD]***
E/SMD     (   89): Path set is DATA_PATH_DR_SMD_MANAGER
E/SMD     (   89): Message:WS
E/SMD     (   89): Sending data to SMD: Len = [2]
E/SMD     (   89):  buffer = [WS]
E/SMD     (   89): Wrote 2 chars to SMD PORT fd=11 ch = 57
E/DataRouter(  108): Before the usb select 
E/DataRouter(  108): After the usb select 
E/DataRouter(  108): read usb data[len:3]
E/DataRouter(  108): read usb data message:46=
E/SMD     (   89): ***Received data notification[DR->SMD]***
E/SMD     (   89): Path set is DATA_PATH_DR_SMD_MANAGER
E/SMD     (   89): Message:46=
E/SMD     (   89): Sending data to SMD: Len = [3]
E/SMD     (   89):  buffer = [46=]
E/SMD     (   89): Wrote 3 chars to SMD PORT fd=11 ch = 34
E/DataRouter(  108): Before the usb select 
E/DataRouter(  108): After the usb select 
E/DataRouter(  108): read usb data[len:1]
E/DataRouter(  108): read usb data message:?
E/SMD     (   89): ***Received data notification[DR->SMD]***
E/SMD     (   89): Message:?
E/SMD     (   89): Sending data to SMD: Len = [1]
E/SMD     (   89):  buffer = [?]
E/SMD     (   89): Wrote 1 chars to SMD PORT fd=11 ch = 3f
E/DataRouter(  108): Before the usb select 
E/DataRouter(  108): After the usb select 
E/DataRouter(  108): read usb data[len:1]
E/DataRouter(  108): read usb data message:
E/SMD     (   89): ***Received data notification[DR->SMD]***
E/SMD     (   89): Message:
E/SMD     (   89): Sending data to SMD: Len = [1]
E/SMD     (   89):  buffer = []
D/SPRDENG (  150): eng_server2modem: use SIM1 /dev/CHNPTY13
D/SPRDENG (  150): AT > AT+WS46=?
D/PHONESERVER(  145): Send thread's TID [302] CHNMNG:findNextEOL:
D/PHONESERVER(  145): Send thread's TID [302] CHNMNG:end findNextEOL:
D/PHONESERVER(  145): Send thread's TID [302] CHNMNG:findNextEOL:
D/PHONESERVER(  145): Send thread's TID [302] CHNMNG:end findNextEOL:
D/PHONESERVER(  145): Send thread's TID [302] PS_PTY : /dev/CHNPTY13 Received 10 bytes command[AT+WS46=?]
D/PHONESERVER(  145): Send thread TID [302] CHNMNG enter channel_manager_get_cmux 
D/PHONESERVER(  145): Before add wait array pty=0x37964
D/PHONESERVER(  145): Before add wait array
D/PHONESERVER(  145): 
D/PHONESERVER(  145): After add wait array
D/PHONESERVER(  145): [0]:302 
D/PHONESERVER(  145): 
D/PHONESERVER(  145): TYPE: GSM
D/PHONESERVER(  145): Send thread TID [302] CHNMNG Leave channel_manager_get_cmux:/dev/ts0710mux5 
D/PHONESERVER(  145): PS_CMUX cmux_regist_cmd_callback cmux:/dev/ts0710mux5
D/PHONESERVER(  145): PS_CMUX :/dev/ts0710mux5 cmux_write:AT+WS46=?:len=10
D/PHONESERVER(  145): Receive thread's TID [291] CHMNG:  receive data thread :mux=/dev/ts0710mux5:input:+CME ERROR: 4
D/PHONESERVER(  145): PS_CMUX cmux_deregist_cmd_callback cmux:/dev/ts0710mux5
D/PHONESERVER(  145): pty_write get lock
D/PHONESERVER(  145): PS_PTY:/dev/CHNPTY13   write :
D/PHONESERVER(  145): +CME ERROR: 4
D/PHONESERVER(  145): 
D/SPRDENG (  150): eng_modem2server: use SIM1 /dev/CHNPTY13
D/SPRDENG (  150): AT < 
D/SPRDENG (  150): +CME ERROR: 4
D/SPRDENG (  150): 
E/SMD     (   89): After the Modem Read select 
E/SMD     (   89): Read 17 chars from SMD Modem file fd = 11
E/SMD     (   89):  Message: 
E/SMD     (   89): +CME ERROR: 4
E/SMD     (   89): 
E/SMD     (   89): 
E/SMD     (   89): OK
E/SMD     (   89): 2B.W12.28_KYLE_V1.0_R1.5.6
E/SMD     (   89): 
E/SMD     (   89): 
E/SMD     (   89): S7568ZMMH2
E/SMD     (   89): 
E/SMD     (   89): 
E/SMD     (   89): GT-S7568
E/SMD     (   89): 
E/SMD     (   89): 
E/SMD     (   89): CP_HW_VER
E/SMD     (   89): 
E/SMD     (   89): 
E/SMD     (   89): 08-28-2013 12:11:48
E/SMD     (   89): 
E/SMD     (   89): OK
E/SMD     (   89): 
E/SMD     (   89): Before the Modem Read select 
E/DataRouter(  108): [socket:17]******* Received data notification *******
E/DataRouter(  108): [socket:17]read socket data[len:17]
E/DataRouter(  108): [socket:17]read socket data[message:
E/DataRouter(  108): +CME ERROR: 4
E/DataRouter(  108): 
E/DataRouter(  108): write [17] bytes of data to USB fd[14]
E/DataRouter(  108): [socket:17]dr_usb_write
D/PHONESERVER(  145): pty_write free lock
E/SMD     (   89): Wrote 1 chars to SMD PORT fd=11 ch = d
D/PHONESERVER(  145): [302] before timeout (1404381840)
D/PHONESERVER(  145): CHNMNG enter channel_manager_free_cmux cmux=/dev/ts0710mux5 
D/PHONESERVER(  145): CHNMNG enter channel_manager_free_cmux pty=0x37964 
D/PHONESERVER(  145): [291] Before remove wait array
D/PHONESERVER(  145): [0]:302 
D/PHONESERVER(  145): 
D/PHONESERVER(  145): [291] After remove wait array
D/PHONESERVER(  145): 
D/PHONESERVER(  145): Enter select_send_thread_run
D/PHONESERVER(  145): Leave select_send_thread_run
D/PHONESERVER(  145): CHNMNG Leave channel_manager_free_cmux cmux=/dev/ts0710mux5 
D/PHONESERVER(  145): [291] before signal (1404381840)
D/PHONESERVER(  145): [291] after signal (1404381840)
D/PHONESERVER(  145): Receive thread's TID [291] MUX :/dev/ts0710mux5 Waiting for resp  
D/PHONESERVER(  145): [302] after timeout (1404381840)
D/PHONESERVER(  145): phoneserver mux adapt: generic cmd AT+WS46=?
E/DataRouter(  108): Before the usb select 
E/DataRouter(  108): After the usb select 
E/DataRouter(  108): read usb data[len:1]
E/DataRouter(  108): read usb data message:A
E/SMD     (   89): ***Received data notification[DR->SMD]***
E/SMD     (   89): Message:A
E/SMD     (   89): Sending data to SMD: Len = [1]
E/SMD     (   89):  buffer = [A]
E/SMD     (   89): Wrote 1 chars to SMD PORT fd=11 ch = 41
E/DataRouter(  108): Before the usb select 
E/DataRouter(  108): After the usb select 
E/DataRouter(  108): read usb data[len:2]
E/DataRouter(  108): read usb data message:T+
E/SMD     (   89): ***Received data notification[DR->SMD]***
E/SMD     (   89): Path set is DATA_PATH_DR_SMD_MANAGER
E/SMD     (   89): Message:T+
E/SMD     (   89): Sending data to SMD: Len = [2]
E/SMD     (   89):  buffer = [T+]
E/SMD     (   89): Wrote 2 chars to SMD PORT fd=11 ch = 54
E/DataRouter(  108): Before the usb select 
E/DataRouter(  108): After the usb select 
E/DataRouter(  108): read usb data[len:1]
E/DataRouter(  108): read usb data message:C
E/SMD     (   89): ***Received data notification[DR->SMD]***
E/SMD     (   89): Message:C
E/SMD     (   89): Sending data to SMD: Len = [1]
E/SMD     (   89):  buffer = [C]
E/SMD     (   89): Wrote 1 chars to SMD PORT fd=11 ch = 43
E/DataRouter(  108): Before the usb select 
E/DataRouter(  108): After the usb select 
E/DataRouter(  108): read usb data[len:1]
E/DataRouter(  108): read usb data message:G
E/SMD     (   89): ***Received data notification[DR->SMD]***
E/SMD     (   89): Message:G
E/SMD     (   89): Sending data to SMD: Len = [1]
E/SMD     (   89):  buffer = [G]
E/SMD     (   89): Wrote 1 chars to SMD PORT fd=11 ch = 47
E/DataRouter(  108): Before the usb select 
E/DataRouter(  108): After the usb select 
E/DataRouter(  108): read usb data[len:1]
E/DataRouter(  108): read usb data message:D
E/SMD     (   89): ***Received data notification[DR->SMD]***
E/SMD     (   89): Message:D
E/SMD     (   89): Sending data to SMD: Len = [1]
E/SMD     (   89):  buffer = [D]
E/SMD     (   89): Wrote 1 chars to SMD PORT fd=11 ch = 44
E/DataRouter(  108): Before the usb select 
E/DataRouter(  108): After the usb select 
E/DataRouter(  108): read usb data[len:1]
E/DataRouter(  108): read usb data message:C
E/SMD     (   89): ***Received data notification[DR->SMD]***
E/SMD     (   89): Message:C
E/SMD     (   89): Sending data to SMD: Len = [1]
E/SMD     (   89):  buffer = [C]
E/SMD     (   89): Wrote 1 chars to SMD PORT fd=11 ch = 43
E/DataRouter(  108): Before the usb select 
E/DataRouter(  108): After the usb select 
E/DataRouter(  108): read usb data[len:1]
E/DataRouter(  108): read usb data message:O
E/SMD     (   89): ***Received data notification[DR->SMD]***
E/SMD     (   89): Message:O
E/SMD     (   89): Sending data to SMD: Len = [1]
E/SMD     (   89):  buffer = [O]
E/SMD     (   89): Wrote 1 chars to SMD PORT fd=11 ch = 4f
E/DataRouter(  108): Before the usb select 
E/DataRouter(  108): After the usb select 
E/DataRouter(  108): read usb data[len:3]
E/DataRouter(  108): read usb data message:NT=
E/SMD     (   89): ***Received data notification[DR->SMD]***
E/SMD     (   89): Path set is DATA_PATH_DR_SMD_MANAGER
E/SMD     (   89): Message:NT=
E/SMD     (   89): Sending data to SMD: Len = [3]
E/SMD     (   89):  buffer = [NT=]
E/SMD     (   89): Wrote 3 chars to SMD PORT fd=11 ch = 4e
E/DataRouter(  108): Before the usb select 
E/DataRouter(  108): After the usb select 
E/DataRouter(  108): read usb data[len:1]
E/DataRouter(  108): read usb data message:?
E/SMD     (   89): ***Received data notification[DR->SMD]***
E/SMD     (   89): Message:?
E/SMD     (   89): Sending data to SMD: Len = [1]
E/SMD     (   89):  buffer = [?]
E/SMD     (   89): Wrote 1 chars to SMD PORT fd=11 ch = 3f
E/DataRouter(  108): Before the usb select 
E/DataRouter(  108): After the usb select 
E/DataRouter(  108): read usb data[len:1]
E/DataRouter(  108): read usb data message:
E/SMD     (   89): ***Received data notification[DR->SMD]***
E/SMD     (   89): Message:
E/SMD     (   89): Sending data to SMD: Len = [1]
E/SMD     (   89):  buffer = []
D/SPRDENG (  150): eng_server2modem: use SIM1 /dev/CHNPTY13
D/SPRDENG (  150): AT > AT+CGDCONT=?
D/PHONESERVER(  145): Send thread's TID [302] CHNMNG:findNextEOL:
D/PHONESERVER(  145): Send thread's TID [302] CHNMNG:end findNextEOL:
E/SMD     (   89): Wrote 1 chars to SMD PORT fd=11 ch = d
D/PHONESERVER(  145): Send thread's TID [302] CHNMNG:findNextEOL:
D/PHONESERVER(  145): Send thread's TID [302] CHNMNG:end findNextEOL:
D/PHONESERVER(  145): Send thread's TID [302] PS_PTY : /dev/CHNPTY13 Received 13 bytes command[AT+CGDCONT=?]
D/PHONESERVER(  145): Send thread TID [302] CHNMNG enter channel_manager_get_cmux 
D/PHONESERVER(  145): Before add wait array pty=0x37964
D/PHONESERVER(  145): Before add wait array
D/PHONESERVER(  145): 
D/PHONESERVER(  145): After add wait array
D/PHONESERVER(  145): [0]:302 
D/PHONESERVER(  145): 
D/PHONESERVER(  145): TYPE:PSM
D/PHONESERVER(  145): Send thread TID [302] CHNMNG Leave channel_manager_get_cmux:/dev/ts0710mux7 
D/PHONESERVER(  145): PS_CMUX cmux_regist_cmd_callback cmux:/dev/ts0710mux7
D/PHONESERVER(  145): PS_CMUX :/dev/ts0710mux7 cmux_write:AT+CGDCONT=?:len=13
D/PHONESERVER(  145): Receive thread's TID [293] CHMNG:  receive data thread :mux=/dev/ts0710mux7:input:+CGDCONT:(1-11),"IP",,,(0,1),(0,1)
D/PHONESERVER(  145): pty_write get lock
D/PHONESERVER(  145): PS_PTY:/dev/CHNPTY13   write :
D/PHONESERVER(  145): +CGDCONT:(1-11),"IP",,,(0,1),(0,1)
D/PHONESERVER(  145): 
D/SPRDENG (  150): eng_modem2server: use SIM1 /dev/CHNPTY13
D/PHONESERVER(  145): pty_write free lock
D/PHONESERVER(  145): Receive thread's TID [293] MUX :/dev/ts0710mux7 Waiting for resp  
D/PHONESERVER(  145): Receive thread's TID [293] CHMNG:  receive data thread :mux=/dev/ts0710mux7:input:OK
D/PHONESERVER(  145): PS_CMUX cmux_deregist_cmd_callback cmux:/dev/ts0710mux7
D/PHONESERVER(  145): pty_write get lock
D/PHONESERVER(  145): PS_PTY:/dev/CHNPTY13   write :
D/PHONESERVER(  145): OK
D/PHONESERVER(  145): 
D/PHONESERVER(  145): pty_write free lock
D/PHONESERVER(  145): [302] before timeout (1404381840)
D/PHONESERVER(  145): CHNMNG enter channel_manager_free_cmux cmux=/dev/ts0710mux7 
D/PHONESERVER(  145): CHNMNG enter channel_manager_free_cmux pty=0x37964 
D/PHONESERVER(  145): [293] Before remove wait array
D/PHONESERVER(  145): [0]:302 
D/PHONESERVER(  145): 
D/PHONESERVER(  145): [293] After remove wait array
D/PHONESERVER(  145): 
D/PHONESERVER(  145): Enter select_send_thread_run
D/PHONESERVER(  145): Leave select_send_thread_run
D/PHONESERVER(  145): CHNMNG Leave channel_manager_free_cmux cmux=/dev/ts0710mux7 
D/PHONESERVER(  145): [293] before signal (1404381840)
D/PHONESERVER(  145): [293] after signal (1404381840)
D/PHONESERVER(  145): Receive thread's TID [293] MUX :/dev/ts0710mux7 Waiting for resp  
D/PHONESERVER(  145): [302] after timeout (1404381840)
D/PHONESERVER(  145): phoneserver mux adapt: generic cmd AT+CGDCONT=?
D/SPRDENG (  150): AT < 
D/SPRDENG (  150): +CGDCONT:(1-11),"IP",,,(0,1),(0,1)
D/SPRDENG (  150): 
D/SPRDENG (  150): OK
D/SPRDENG (  150): 
E/SMD     (   89): After the Modem Read select 
E/SMD     (   89): Read 44 chars from SMD Modem file fd = 11
E/SMD     (   89):  Message: 
E/SMD     (   89): +CGDCONT:(1-11),"IP",,,(0,1),(0,1)
E/SMD     (   89): 
E/SMD     (   89): OK
E/SMD     (   89): _R1.5.6
E/SMD     (   89): 
E/SMD     (   89): 
E/SMD     (   89): S7568ZMMH2
E/SMD     (   89): 
E/SMD     (   89): 
E/SMD     (   89): GT-S7568
E/SMD     (   89): 
E/SMD     (   89): 
E/SMD     (   89): CP_HW_VER
E/SMD     (   89): 
E/SMD     (   89): 
E/SMD     (   89): 08-28-2013 12:11:48
E/SMD     (   89): 
E/SMD     (   89): OK
E/SMD     (   89): 
E/SMD     (   89): Before the Modem Read select 
E/DataRouter(  108): [socket:17]******* Received data notification *******
E/DataRouter(  108): [socket:17]read socket data[len:44]
E/DataRouter(  108): [socket:17]read socket data[message:
E/DataRouter(  108): +CGDCONT:(1-11),"IP",,,(0,1),(0,1)
E/DataRouter(  108): 
E/DataRouter(  108): OK
E/DataRouter(  108): 
E/DataRouter(  108): write [44] bytes of data to USB fd[14]
E/DataRouter(  108): [socket:17]dr_usb_write
E/DataRouter(  108): Before the usb select 
E/DataRouter(  108): After the usb select 
E/DataRouter(  108): read usb data[len:2]
E/DataRouter(  108): read usb data message:AT
E/SMD     (   89): ***Received data notification[DR->SMD]***
E/SMD     (   89): Path set is DATA_PATH_DR_SMD_MANAGER
E/SMD     (   89): Message:AT
E/SMD     (   89): Sending data to SMD: Len = [2]
E/SMD     (   89):  buffer = [AT]
E/SMD     (   89): Wrote 2 chars to SMD PORT fd=11 ch = 41
E/DataRouter(  108): Before the usb select 
E/DataRouter(  108): After the usb select 
E/DataRouter(  108): read usb data[len:1]
E/DataRouter(  108): read usb data message:+
E/SMD     (   89): ***Received data notification[DR->SMD]***
E/SMD     (   89): Message:+
E/SMD     (   89): Sending data to SMD: Len = [1]
E/SMD     (   89):  buffer = [+]
E/SMD     (   89): Wrote 1 chars to SMD PORT fd=11 ch = 2b
E/DataRouter(  108): Before the usb select 
E/DataRouter(  108): After the usb select 
E/DataRouter(  108): read usb data[len:1]
E/DataRouter(  108): read usb data message:C
E/SMD     (   89): ***Received data notification[DR->SMD]***
E/SMD     (   89): Message:C
E/SMD     (   89): Sending data to SMD: Len = [1]
E/SMD     (   89):  buffer = [C]
E/SMD     (   89): Wrote 1 chars to SMD PORT fd=11 ch = 43
E/DataRouter(  108): Before the usb select 
E/DataRouter(  108): After the usb select 
E/DataRouter(  108): read usb data[len:1]
E/DataRouter(  108): read usb data message:F
E/SMD     (   89): ***Received data notification[DR->SMD]***
E/SMD     (   89): Message:F
E/SMD     (   89): Sending data to SMD: Len = [1]
E/SMD     (   89):  buffer = [F]
E/SMD     (   89): Wrote 1 chars to SMD PORT fd=11 ch = 46
E/DataRouter(  108): Before the usb select 
E/DataRouter(  108): After the usb select 
E/DataRouter(  108): read usb data[len:1]
E/DataRouter(  108): read usb data message:U
E/SMD     (   89): ***Received data notification[DR->SMD]***
E/SMD     (   89): Message:U
E/SMD     (   89): Sending data to SMD: Len = [1]
E/SMD     (   89):  buffer = [U]
E/SMD     (   89): Wrote 1 chars to SMD PORT fd=11 ch = 55
E/DataRouter(  108): Before the usb select 
E/DataRouter(  108): After the usb select 
E/DataRouter(  108): read usb data[len:1]
E/DataRouter(  108): read usb data message:N
E/SMD     (   89): ***Received data notification[DR->SMD]***
E/SMD     (   89): Message:N
E/SMD     (   89): Sending data to SMD: Len = [1]
E/SMD     (   89):  buffer = [N]
E/SMD     (   89): Wrote 1 chars to SMD PORT fd=11 ch = 4e
E/DataRouter(  108): Before the usb select 
E/DataRouter(  108): After the usb select 
E/DataRouter(  108): read usb data[len:2]
E/DataRouter(  108): read usb data message:?
E/SMD     (   89): ***Received data notification[DR->SMD]***
E/SMD     (   89): Message:?
E/SMD     (   89): Sending data to SMD: Len = [2]
E/SMD     (   89):  buffer = [?]
D/SPRDENG (  150): eng_server2modem: use SIM1 /dev/CHNPTY13
D/SPRDENG (  150): AT > AT+CFUN?
D/PHONESERVER(  145): Send thread's TID [302] CHNMNG:findNextEOL:
D/PHONESERVER(  145): Send thread's TID [302] CHNMNG:end findNextEOL:
D/PHONESERVER(  145): Send thread's TID [302] CHNMNG:findNextEOL:
D/PHONESERVER(  145): Send thread's TID [302] CHNMNG:end findNextEOL:
D/PHONESERVER(  145): Send thread's TID [302] PS_PTY : /dev/CHNPTY13 Received 9 bytes command[AT+CFUN?]
D/PHONESERVER(  145): Send thread TID [302] CHNMNG enter channel_manager_get_cmux 
D/PHONESERVER(  145): Before add wait array pty=0x37964
D/PHONESERVER(  145): Before add wait array
D/PHONESERVER(  145): 
D/PHONESERVER(  145): After add wait array
D/PHONESERVER(  145): [0]:302 
D/PHONESERVER(  145): 
D/PHONESERVER(  145): TYPE: GSM
D/PHONESERVER(  145): Send thread TID [302] CHNMNG Leave channel_manager_get_cmux:/dev/ts0710mux5 
D/PHONESERVER(  145): PS_CMUX cmux_regist_cmd_callback cmux:/dev/ts0710mux5
D/PHONESERVER(  145): PS_CMUX :/dev/ts0710mux5 cmux_write:AT+CFUN?:len=9
D/PHONESERVER(  145): Receive thread's TID [291] CHMNG:  receive data thread :mux=/dev/ts0710mux5:input:+CFUN: 1
D/PHONESERVER(  145): pty_write get lock
D/PHONESERVER(  145): PS_PTY:/dev/CHNPTY13   write :
D/PHONESERVER(  145): +CFUN: 1
D/PHONESERVER(  145): 
E/SMD     (   89): Wrote 2 chars to SMD PORT fd=11 ch = 3f
D/PHONESERVER(  145): pty_write free lock
D/PHONESERVER(  145): Receive thread's TID [291] MUX :/dev/ts0710mux5 Waiting for resp  
D/PHONESERVER(  145): Receive thread's TID [291] CHMNG:  receive data thread :mux=/dev/ts0710mux5:input:OK
D/PHONESERVER(  145): PS_CMUX cmux_deregist_cmd_callback cmux:/dev/ts0710mux5
D/PHONESERVER(  145): pty_write get lock
D/PHONESERVER(  145): PS_PTY:/dev/CHNPTY13   write :
D/PHONESERVER(  145): OK
D/PHONESERVER(  145): 
D/SPRDENG (  150): eng_modem2server: use SIM1 /dev/CHNPTY13
D/SPRDENG (  150): AT < 
D/SPRDENG (  150): +CFUN: 1
D/SPRDENG (  150): 
D/SPRDENG (  150): OK
D/SPRDENG (  150): 
E/SMD     (   89): After the Modem Read select 
E/SMD     (   89): Read 18 chars from SMD Modem file fd = 11
E/SMD     (   89):  Message: 
E/SMD     (   89): +CFUN: 1
E/SMD     (   89): 
E/SMD     (   89): OK
E/SMD     (   89): "IP",,,(0,1),(0,1)
E/SMD     (   89): 
E/SMD     (   89): OK
E/SMD     (   89): _R1.5.6
E/SMD     (   89): 
E/SMD     (   89): 
E/SMD     (   89): S7568ZMMH2
E/SMD     (   89): 
E/SMD     (   89): 
E/SMD     (   89): GT-S7568
E/SMD     (   89): 
E/SMD     (   89): 
E/SMD     (   89): CP_HW_VER
E/SMD     (   89): 
E/SMD     (   89): 
E/SMD     (   89): 08-28-2013 12:11:48
E/SMD     (   89): 
E/SMD     (   89): OK
E/SMD     (   89): 
E/SMD     (   89): Before the Modem Read select 
E/DataRouter(  108): [socket:17]******* Received data notification *******
E/DataRouter(  108): [socket:17]read socket data[len:18]
E/DataRouter(  108): [socket:17]read socket data[message:
E/DataRouter(  108): +CFUN: 1
E/DataRouter(  108): 
E/DataRouter(  108): OK
E/DataRouter(  108): 
E/DataRouter(  108): write [18] bytes of data to USB fd[14]
E/DataRouter(  108): [socket:17]dr_usb_write
D/PHONESERVER(  145): pty_write free lock
D/PHONESERVER(  145): [302] before timeout (1404381840)
D/PHONESERVER(  145): CHNMNG enter channel_manager_free_cmux cmux=/dev/ts0710mux5 
D/PHONESERVER(  145): CHNMNG enter channel_manager_free_cmux pty=0x37964 
D/PHONESERVER(  145): [291] Before remove wait array
D/PHONESERVER(  145): [0]:302 
D/PHONESERVER(  145): 
D/PHONESERVER(  145): [291] After remove wait array
D/PHONESERVER(  145): 
D/PHONESERVER(  145): Enter select_send_thread_run
D/PHONESERVER(  145): Leave select_send_thread_run
D/PHONESERVER(  145): CHNMNG Leave channel_manager_free_cmux cmux=/dev/ts0710mux5 
D/PHONESERVER(  145): [291] before signal (1404381840)
D/PHONESERVER(  145): [291] after signal (1404381840)
D/PHONESERVER(  145): Receive thread's TID [291] MUX :/dev/ts0710mux5 Waiting for resp  
D/PHONESERVER(  145): [302] after timeout (1404381840)
D/PHONESERVER(  145): phoneserver mux adapt: generic cmd AT+CFUN?
E/DataRouter(  108): Before the usb select 
E/DataRouter(  108): After the usb select 
E/DataRouter(  108): read usb data[len:1]
E/DataRouter(  108): read usb data message:A
E/SMD     (   89): ***Received data notification[DR->SMD]***
E/SMD     (   89): Message:A
E/SMD     (   89): Sending data to SMD: Len = [1]
E/SMD     (   89):  buffer = [A]
E/SMD     (   89): Wrote 1 chars to SMD PORT fd=11 ch = 41
E/DataRouter(  108): Before the usb select 
E/DataRouter(  108): After the usb select 
E/DataRouter(  108): read usb data[len:2]
E/DataRouter(  108): read usb data message:T+
E/SMD     (   89): ***Received data notification[DR->SMD]***
E/SMD     (   89): Path set is DATA_PATH_DR_SMD_MANAGER
E/SMD     (   89): Message:T+
E/SMD     (   89): Sending data to SMD: Len = [2]
E/SMD     (   89):  buffer = [T+]
E/SMD     (   89): Wrote 2 chars to SMD PORT fd=11 ch = 54
E/DataRouter(  108): Before the usb select 
E/DataRouter(  108): After the usb select 
E/DataRouter(  108): read usb data[len:1]
E/DataRouter(  108): read usb data message:C
E/SMD     (   89): ***Received data notification[DR->SMD]***
E/SMD     (   89): Message:C
E/SMD     (   89): Sending data to SMD: Len = [1]
E/SMD     (   89):  buffer = [C]
E/SMD     (   89): Wrote 1 chars to SMD PORT fd=11 ch = 43
E/DataRouter(  108): Before the usb select 
E/DataRouter(  108): After the usb select 
E/DataRouter(  108): read usb data[len:1]
E/DataRouter(  108): read usb data message:P
E/SMD     (   89): ***Received data notification[DR->SMD]***
E/SMD     (   89): Message:P
E/SMD     (   89): Sending data to SMD: Len = [1]
E/SMD     (   89):  buffer = [P]
E/SMD     (   89): Wrote 1 chars to SMD PORT fd=11 ch = 50
E/DataRouter(  108): Before the usb select 
E/DataRouter(  108): After the usb select 
E/DataRouter(  108): read usb data[len:1]
E/DataRouter(  108): read usb data message:I
E/SMD     (   89): ***Received data notification[DR->SMD]***
E/SMD     (   89): Message:I
E/SMD     (   89): Sending data to SMD: Len = [1]
E/SMD     (   89):  buffer = [I]
E/SMD     (   89): Wrote 1 chars to SMD PORT fd=11 ch = 49
E/DataRouter(  108): Before the usb select 
E/DataRouter(  108): After the usb select 
E/DataRouter(  108): read usb data[len:1]
E/DataRouter(  108): read usb data message:N
E/SMD     (   89): ***Received data notification[DR->SMD]***
E/SMD     (   89): Message:N
E/SMD     (   89): Sending data to SMD: Len = [1]
E/SMD     (   89):  buffer = [N]
E/SMD     (   89): Wrote 1 chars to SMD PORT fd=11 ch = 4e
E/DataRouter(  108): Before the usb select 
E/DataRouter(  108): After the usb select 
E/DataRouter(  108): read usb data[len:1]
E/DataRouter(  108): read usb data message:?
E/SMD     (   89): ***Received data notification[DR->SMD]***
E/SMD     (   89): Message:?
E/SMD     (   89): Sending data to SMD: Len = [1]
E/SMD     (   89):  buffer = [?]
E/SMD     (   89): Wrote 1 chars to SMD PORT fd=11 ch = 3f
E/DataRouter(  108): Before the usb select 
E/DataRouter(  108): After the usb select 
E/DataRouter(  108): read usb data[len:1]
E/DataRouter(  108): read usb data message:
E/SMD     (   89): ***Received data notification[DR->SMD]***
E/SMD     (   89): Message:
E/SMD     (   89): Sending data to SMD: Len = [1]
E/SMD     (   89):  buffer = []
D/SPRDENG (  150): eng_server2modem: use SIM1 /dev/CHNPTY13
D/SPRDENG (  150): AT > AT+CPIN?
D/PHONESERVER(  145): Send thread's TID [302] CHNMNG:findNextEOL:
D/PHONESERVER(  145): Send thread's TID [302] CHNMNG:end findNextEOL:
E/SMD     (   89): Wrote 1 chars to SMD PORT fd=11 ch = d
D/SPRDENG (  150): eng_modem2server: use SIM1 /dev/CHNPTY13
D/PHONESERVER(  145): Send thread's TID [302] CHNMNG:findNextEOL:
D/PHONESERVER(  145): Send thread's TID [302] CHNMNG:end findNextEOL:
D/PHONESERVER(  145): Send thread's TID [302] PS_PTY : /dev/CHNPTY13 Received 9 bytes command[AT+CPIN?]
D/PHONESERVER(  145): Send thread TID [302] CHNMNG enter channel_manager_get_cmux 
D/PHONESERVER(  145): Before add wait array pty=0x37964
D/PHONESERVER(  145): Before add wait array
D/PHONESERVER(  145): 
D/PHONESERVER(  145): After add wait array
D/PHONESERVER(  145): [0]:302 
D/PHONESERVER(  145): 
D/PHONESERVER(  145): TYPE:SIMM
D/PHONESERVER(  145): Send thread TID [302] CHNMNG Leave channel_manager_get_cmux:/dev/ts0710mux1 
D/PHONESERVER(  145): PS_CMUX cmux_regist_cmd_callback cmux:/dev/ts0710mux1
D/PHONESERVER(  145): PS_CMUX :/dev/ts0710mux1 cmux_write:AT+CPIN?:len=9
D/PHONESERVER(  145): Receive thread's TID [287] CHMNG:  receive data thread :mux=/dev/ts0710mux1:input:+CPIN: READY
D/PHONESERVER(  145): pty_write get lock
D/PHONESERVER(  145): PS_PTY:/dev/CHNPTY13   write :
D/PHONESERVER(  145): +CPIN: READY
D/PHONESERVER(  145): 
D/PHONESERVER(  145): pty_write free lock
D/PHONESERVER(  145): Receive thread's TID [287] MUX :/dev/ts0710mux1 Waiting for resp  
D/PHONESERVER(  145): Receive thread's TID [287] CHMNG:  receive data thread :mux=/dev/ts0710mux1:input:OK
D/PHONESERVER(  145): PS_CMUX cmux_deregist_cmd_callback cmux:/dev/ts0710mux1
D/PHONESERVER(  145): pty_write get lock
D/PHONESERVER(  145): PS_PTY:/dev/CHNPTY13   write :
D/PHONESERVER(  145): OK
D/PHONESERVER(  145): 
D/SPRDENG (  150): AT < 
D/SPRDENG (  150): +CPIN: READY
D/SPRDENG (  150): 
D/SPRDENG (  150): OK
D/SPRDENG (  150): 
E/SMD     (   89): After the Modem Read select 
E/SMD     (   89): Read 22 chars from SMD Modem file fd = 11
E/SMD     (   89):  Message: 
E/SMD     (   89): +CPIN: READY
E/SMD     (   89): 
E/SMD     (   89): OK
E/SMD     (   89): ,,,(0,1),(0,1)
E/SMD     (   89): 
E/SMD     (   89): OK
E/SMD     (   89): _R1.5.6
E/SMD     (   89): 
E/SMD     (   89): 
E/SMD     (   89): S7568ZMMH2
E/SMD     (   89): 
E/SMD     (   89): 
E/SMD     (   89): GT-S7568
E/SMD     (   89): 
E/SMD     (   89): 
E/SMD     (   89): CP_HW_VER
E/SMD     (   89): 
E/SMD     (   89): 
E/SMD     (   89): 08-28-2013 12:11:48
E/SMD     (   89): 
E/SMD     (   89): OK
E/SMD     (   89): 
E/SMD     (   89): Before the Modem Read select 
E/DataRouter(  108): [socket:17]******* Received data notification *******
E/DataRouter(  108): [socket:17]read socket data[len:22]
E/DataRouter(  108): [socket:17]read socket data[message:
E/DataRouter(  108): +CPIN: READY
E/DataRouter(  108): 
E/DataRouter(  108): OK
E/DataRouter(  108): 
E/DataRouter(  108): write [22] bytes of data to USB fd[14]
E/DataRouter(  108): [socket:17]dr_usb_write
D/PHONESERVER(  145): pty_write free lock
D/PHONESERVER(  145): [302] before timeout (1404381840)
D/PHONESERVER(  145): CHNMNG enter channel_manager_free_cmux cmux=/dev/ts0710mux1 
D/PHONESERVER(  145): CHNMNG enter channel_manager_free_cmux pty=0x37964 
D/PHONESERVER(  145): [287] Before remove wait array
D/PHONESERVER(  145): [0]:302 
D/PHONESERVER(  145): 
D/PHONESERVER(  145): [287] After remove wait array
D/PHONESERVER(  145): 
D/PHONESERVER(  145): Enter select_send_thread_run
D/PHONESERVER(  145): Leave select_send_thread_run
D/PHONESERVER(  145): CHNMNG Leave channel_manager_free_cmux cmux=/dev/ts0710mux1 
D/PHONESERVER(  145): [287] before signal (1404381840)
D/PHONESERVER(  145): [287] after signal (1404381840)
D/PHONESERVER(  145): Receive thread's TID [287] MUX :/dev/ts0710mux1 Waiting for resp  
D/PHONESERVER(  145): [302] after timeout (1404381840)
D/PHONESERVER(  145): phoneserver mux adapt: generic cmd AT+CPIN?
E/DataRouter(  108): Before the usb select 
E/DataRouter(  108): After the usb select 
E/DataRouter(  108): read usb data[len:2]
E/DataRouter(  108): read usb data message:AT
E/SMD     (   89): ***Received data notification[DR->SMD]***
E/SMD     (   89): Path set is DATA_PATH_DR_SMD_MANAGER
E/SMD     (   89): Message:AT
E/SMD     (   89): Sending data to SMD: Len = [2]
E/SMD     (   89):  buffer = [AT]
E/SMD     (   89): Wrote 2 chars to SMD PORT fd=11 ch = 41
E/DataRouter(  108): Before the usb select 
E/DataRouter(  108): After the usb select 
E/DataRouter(  108): read usb data[len:1]
E/DataRouter(  108): read usb data message:+
E/SMD     (   89): ***Received data notification[DR->SMD]***
E/SMD     (   89): Message:+
E/SMD     (   89): Sending data to SMD: Len = [1]
E/SMD     (   89):  buffer = [+]
E/SMD     (   89): Wrote 1 chars to SMD PORT fd=11 ch = 2b
E/DataRouter(  108): Before the usb select 
E/DataRouter(  108): After the usb select 
E/DataRouter(  108): read usb data[len:1]
E/DataRouter(  108): read usb data message:C
E/SMD     (   89): ***Received data notification[DR->SMD]***
E/SMD     (   89): Message:C
E/SMD     (   89): Sending data to SMD: Len = [1]
E/SMD     (   89):  buffer = [C]
E/SMD     (   89): Wrote 1 chars to SMD PORT fd=11 ch = 43
E/DataRouter(  108): Before the usb select 
E/DataRouter(  108): After the usb select 
E/DataRouter(  108): read usb data[len:1]
E/DataRouter(  108): read usb data message:R
E/SMD     (   89): ***Received data notification[DR->SMD]***
E/SMD     (   89): Message:R
E/SMD     (   89): Sending data to SMD: Len = [1]
E/SMD     (   89):  buffer = [R]
E/SMD     (   89): Wrote 1 chars to SMD PORT fd=11 ch = 52
E/DataRouter(  108): Before the usb select 
E/DataRouter(  108): After the usb select 
E/DataRouter(  108): read usb data[len:1]
E/DataRouter(  108): read usb data message:S
E/SMD     (   89): ***Received data notification[DR->SMD]***
E/SMD     (   89): Message:S
E/SMD     (   89): Sending data to SMD: Len = [1]
E/SMD     (   89):  buffer = [S]
E/SMD     (   89): Wrote 1 chars to SMD PORT fd=11 ch = 53
E/DataRouter(  108): Before the usb select 
E/DataRouter(  108): After the usb select 
E/DataRouter(  108): read usb data[len:1]
E/DataRouter(  108): read usb data message:M
E/SMD     (   89): ***Received data notification[DR->SMD]***
E/SMD     (   89): Message:M
E/SMD     (   89): Sending data to SMD: Len = [1]
E/SMD     (   89):  buffer = [M]
E/SMD     (   89): Wrote 1 chars to SMD PORT fd=11 ch = 4d
E/DataRouter(  108): Before the usb select 
E/DataRouter(  108): After the usb select 
E/DataRouter(  108): read usb data[len:1]
E/DataRouter(  108): read usb data message:=
E/SMD     (   89): ***Received data notification[DR->SMD]***
E/SMD     (   89): Message:=
E/SMD     (   89): Sending data to SMD: Len = [1]
E/SMD     (   89):  buffer = [=]
E/SMD     (   89): Wrote 1 chars to SMD PORT fd=11 ch = 3d
E/DataRouter(  108): Before the usb select 
E/DataRouter(  108): After the usb select 
E/DataRouter(  108): read usb data[len:1]
E/DataRouter(  108): read usb data message:1
E/SMD     (   89): ***Received data notification[DR->SMD]***
E/SMD     (   89): Message:1
E/SMD     (   89): Sending data to SMD: Len = [1]
E/SMD     (   89):  buffer = [1]
E/SMD     (   89): Wrote 1 chars to SMD PORT fd=11 ch = 31
E/DataRouter(  108): Before the usb select 
E/DataRouter(  108): After the usb select 
E/DataRouter(  108): read usb data[len:1]
E/DataRouter(  108): read usb data message:7
E/SMD     (   89): ***Received data notification[DR->SMD]***
E/SMD     (   89): Message:7
E/SMD     (   89): Sending data to SMD: Len = [1]
E/SMD     (   89):  buffer = [7]
E/SMD     (   89): Wrote 1 chars to SMD PORT fd=11 ch = 37
E/DataRouter(  108): Before the usb select 
E/MtpService( 3283): onStartCommand.
W/MTPRx   ( 3283): calling native method
E/MTPJNIInterface( 3283): < MTP > Registering BroadCast receiver :::::
E/MTPRx   ( 3283): Checking the driver time out
I/System.out( 3283): noti = 2
D/        ( 3283): event handler threa