E/MediaPlayer( 4580): mOnSeekCompleteListener is null. Failed to send MEDIA_SEEK_COMPLETE message.
I/InputDispatcher(  233): Delivering key to current input target: action: 0x0
I/InputDispatcher(  233): Delivering key to current input target: action: 0x0
I/InputDispatcher(  233): Delivering key to current input target: action: 0x0
I/InputDispatcher(  233): Delivering key to current input target: action: 0x0
I/InputDispatcher(  233): Delivering key to current input target: action: 0x0
I/InputDispatcher(  233): Delivering key to current input target: action: 0x0
I/InputDispatcher(  233): Delivering key to current input target: action: 0x0
I/InputDispatcher(  233): Delivering key to current input target: action: 0x0
D/InputReader(  233): Input event: value=0
I/InputDispatcher(  233): Delivering key to current input target: action: 0x1
I/InputDispatcher(  233): Delivering key to current input target: action: 0x1
D/InputReader(  233): Input event: value=0
E/OMXCodec(   96): [OMX.google.vorbis.decoder] err = -1011
V/AwesomePlayer(   96): MEDIA_PLAYBACK_COMPLETE
V/AwesomePlayer(   96): notifyListner_l() msg (2-MEDIA_PLAYBACK_COMPLETE), ext1 (0), ext2 (0)
V/MediaPlayerService(   96): [206] notify (0x19d408, 2, 0, 0)
V/AudioSink(   96): stop
V/MediaPlayer( 4580): message received msg=2, ext1=0, ext2=0
V/MediaPlayer( 4580): playback complete
V/MediaPlayer( 4580): callback application
V/MediaPlayer( 4580): back from callback
V/AudioFlinger(   96): stop(4098), calling thread 96
V/AudioFlinger(   96): (> STOPPED) => STOPPED (4098) on thread 0x145768
V/AudioPolicyService(   96): stopOutput() tid 4601
D/AudioPolicyManagerALSA(   96): stopOutput() output=1, stream=7, sesssion=336
V/AudioPolicyManagerBase(   96): stopOutput() output 1, stream 7, session 336
V/AudioPolicyManagerBase(   96): changeRefCount() stream 7, count 0
V/AudioPolicyManagerBase(   96): getDeviceForStrategy() from cache strategy 0, device 2
V/AudioPolicyManagerBase(   96): getNewDevice() selected device 2
V/AudioPolicyManagerALSA(   96): AudioPolicyManagerBase::setOutputDevice() output 1 device 2 delayMs 18
V/AudioPolicyManagerALSA(   96): setOutputDevice() setting same device 2 or null device for output 1
E/AudioPolicyManagerBase(   96): media stream unmute for camera sound (enforce stream)
V/AudioPolicyManagerBase(   96): setStrategyMute() strategy 0, mute 0, output 1
V/AudioPolicyManagerBase(   96): setStreamMute() stream 1, mute 0, output 1, mMuteCount 1
V/AudioPolicyManagerALSA(   96): setStreamVolume() for output 1 stream 1, volume 0.251189, delay 72
V/AudioPolicyService(   96): inserting command: 2 at index 0, num commands 0
V/AudioPolicyService(   96): AudioCommandThread() adding set volume stream 1, volume 0.251189, output 1
V/AudioPolicyService(   96): AudioCommandThread() waking up
V/AudioPolicyService(   96): AudioCommandThread() going to sleep
V/AudioPolicyManagerBase(   96): setStreamMute() stream 3, mute 0, output 1, mMuteCount 1
V/AudioPolicyManagerALSA(   96): setStreamVolume() for output 1 stream 3, volume 0.251189, delay 72
V/AudioPolicyService(   96): inserting command: 2 at index 1, num commands 1
V/AudioPolicyService(   96): AudioCommandThread() adding set volume stream 3, volume 0.251189, output 1
V/AudioPolicyService(   96): AudioCommandThread() waking up
V/AudioPolicyService(   96): AudioCommandThread() going to sleep
V/AudioPolicyManagerBase(   96): getDeviceForStrategy() strategy 0, device 2
V/AudioPolicyManagerBase(   96): getNewDevice() selected device 2
V/AudioPolicyService(   96): inserting command: 3 at index 2, num commands 2
V/AudioPolicyService(   96): AudioCommandThread() adding set parameter string music_volume=0.2511886358;music_volume_index=11, io 1 ,delay 72
V/AudioPolicyService(   96): AudioCommandThread() waking up
V/AudioPolicyService(   96): AudioCommandThread() going to sleep
V/AudioPolicyManagerBase(   96): setStreamMute() stream 9, mute 0, output 1, mMuteCount 1
V/AudioPolicyManagerALSA(   96): setStreamVolume() for output 1 stream 9, volume 0.421696, delay 72
V/AudioPolicyService(   96): inserting command: 2 at index 3, num commands 3
V/AudioPolicyService(   96): AudioCommandThread() adding set volume stream 9, volume 0.421696, output 1
V/AudioPolicyService(   96): AudioCommandThread() waking up
V/AudioPolicyService(   96): AudioCommandThread() going to sleep
V/AudioPolicyManagerBase(   96): setStreamMute() stream 10, mute 0, output 1, mMuteCount 1
V/AudioPolicyManagerALSA(   96): setStreamVolume() for output 1 stream 10, volume 0.251189, delay 72
V/AudioPolicyService(   96): inserting command: 2 at index 4, num commands 4
V/AudioPolicyService(   96): AudioCommandThread() adding set volume stream 10, volume 0.251189, output 1
V/AudioPolicyService(   96): AudioCommandThread() waking up
V/AudioPolicyService(   96): AudioCommandThread() going to sleep
V/AudioPolicyManagerBase(   96): setStreamMute() stream 11, mute 0, output 1, mMuteCount 1
V/AudioPolicyManagerALSA(   96): setStreamVolume() for output 1 stream 11, volume 0.501187, delay 72
V/AudioPolicyService(   96): inserting command: 2 at index 5, num commands 5
V/AudioPolicyService(   96): AudioCommandThread() adding set volume stream 11, volume 0.501187, output 1
V/AudioPolicyService(   96): AudioCommandThread() waking up
V/AudioPolicyService(   96): AudioCommandThread() going to sleep
V/AudioPolicyManagerBase(   96): setStreamMute() stream 13, mute 0, output 1, mMuteCount 1
V/AudioPolicyManagerBase(   96): setStreamMute() stream 14, mute 0, output 1, mMuteCount 1
V/AudioPolicyManagerBase(   96): setStreamMute() stream 15, mute 0, output 1, mMuteCount 1
E/MediaPlayer( 4580): mOnCompletionListener is null. Failed to send MEDIA_PLAYBACK_COMPLETE message.
V/AudioPolicyService(   96): AudioCommandThread() waking up
V/AudioPolicyService(   96): AudioCommandThread() processing set volume stream 1,                             volume 0.251189, output 1
V/AudioPolicyService(   96): AudioCommandThread() processing set volume stream 3,                             volume 0.251189, output 1
V/AudioPolicyService(   96): AudioCommandThread() going to sleep
V/AudioPolicyService(   96): AudioCommandThread() waking up
V/AudioPolicyService(   96): AudioCommandThread() processing set parameters string music_volume=0.2511886358;music_volume_index=11, io 1
V/AudioFlinger(   96): setParameters(): io 1, keyvalue music_volume=0.2511886358;music_volume_index=11, tid 214, calling tid 96
V/AudioFlinger(   96): ThreadBase::setParameters() music_volume=0.2511886358;music_volume_index=11
D/AudioHardwareALSA(   96): ALSAStreamOps::setParameters() music_volume=0.2511886358;music_volume_index=11
I/AudioHardwareALSA(   96): volIndex=11
I/AudioHardwareALSA(   96): [setMusicVolumeIndex]mMusicVolumeIndex=0,music_volume_index= 11
I/AudioHardwareALSA(   96): [setMusicVolume][mOutput]mMusicVolumeIndex=11
E/AudioHardwareALSA(   96): mIsMusicVolumeIndex [0],MusicVolumeIndex[11]
I/AudioHardwareALSA(   96): volGain=0.251189
I/AudioHardwareALSA(   96): [setMusicVolume]mIsMusicVolume=0.000000,music_volume=0.251189
I/AudioHardwareALSA(   96): [setMusicVolume][mOutput]mMusicVolume=0.251189
E/AudioHardwareALSA(   96): mMusicVolume [0.000000]MusicVolume[0.251189]
V/AudioPolicyService(   96): AudioCommandThread() processing set volume stream 9,                             volume 0.421696, output 1
V/AudioPolicyService(   96): AudioCommandThread() processing set volume stream 10,                             volume 0.251189, output 1
V/AudioPolicyService(   96): AudioCommandThread() processing set volume stream 11,                             volume 0.501187, output 1
V/AudioPolicyService(   96): AudioCommandThread() going to sleep
V/AudioFlinger(   96): TrackBase::reset
I/System.out( 4673): DefaultRequestDirector http execute enter loop 
D/Posix   ( 4673): ## MMS_TRACE: ##: getsockoptInt(): option = 4, result = 0.
D/Posix   ( 4673): ## MMS_TRACE: ##: setsockoptInt(): option = 1, value = 1.
I/System.out( 4673): ## HttpRequestExecutor::execute() starts. ## 
D/Posix   ( 4673): ## MMS_TRACE: ##: getsockoptInt(): option = 7, result = 16384.
D/Posix   ( 4673): ## MMS_TRACE: ##: getsockoptInt(): option = 8, result = 87380.
I/System.out( 4673): ################ Socket Options ###############
I/System.out( 4673): #### sendBufferSize = 16384.
I/System.out( 4673): #### recvBufferSize = 87380.
I/System.out( 4673): #### sendTimeout = 0.
I/System.out( 4673): #### recvTimeout = 10000.
I/System.out( 4673): ###############################################
I/System.out( 4673): ## HttpRequestExecutor::execute(): doSendRequest() return NULL reponse. ## 
I/System.out( 4673): ## HttpRequestExecutor::doReceiveResponse(). ## 
I/System.out( 4673): DefaultRequestDirect http execute loop END! 
I/System.out( 4673): DefaultRequestDirect http execute loop END, status 200
I/System.out( 4673): DefaultRequestDirect http execute return response! 
I/Surface (  374): Surface_lockCanvas
D/ApplicationPolicy(  233): isStatusBarNotificationAllowed: packageName = com.android.systemui
D/STATUSBAR-NotificationService(  233): enqueueNotificationInternal - pkg:XXX.XXXXXXX.XXXXXXXX, id:789
D/STATUSBAR-NotificationService(  233): Noti Alert - mSystemReady:true, AlertEnabled:true
I/SurfaceFlinger(   93): id=2505 Removed ScreenshotAnimatioo idx=6 Map Size=4
I/SurfaceFlinger(   93): id=2505 Removed ScreenshotAnimatioo idx=-2 Map Size=4
E/MtpServerJNI(  423): server is null in send_object_added
D/InputReader(  233): Input event: value=1
I/InputDispatcher(  233): Delivering key to current input target: action: 0x0
I/InputDispatcher(  233): Delivering key to current input target: action: 0x0
I/PowerManagerService(  233): Ulight 0x3->0x7|0x0
D/PowerManagerService(  233): setLightBrightness : mButtonLight : 255
D/InputReader(  233): Input event: value=0
I/InputDispatcher(  233): Delivering key to current input target: action: 0x1
I/InputDispatcher(  233): Delivering key to current input target: action: 0x1
I/Surface (  374): Surface_lockCanvas
D/dalvikvm( 1339): GC_CONCURRENT freed 454K, 24% free 3428K/4487K, paused 2ms+9ms
D/ApplicationPolicy(  233): isStatusBarNotificationAllowed: packageName = com.android.systemui
D/STATUSBAR-NotificationService(  233): enqueueNotificationInternal - pkg:XXX.XXXXXXX.XXXXXXXX, id:789
D/STATUSBAR-NotificationService(  233): Noti Alert - mSystemReady:true, AlertEnabled:true
D/OpenGLRenderer( 4580): Flushing caches (mode 2)
I/SurfaceFlinger(   93): id=2506(4) createSurface 0x190599c (1x1),1 flag=0, PlayListDetailsActivitz
I/Surface (  374): Surface_lockCanvas
I/Surface (23611): Surface_lockCanvas
I/SurfaceTextureClient(23611): connect(NATIVE_WINDOW_API_CPU)
D/dalvikvm(  374): GC_CONCURRENT freed 1350K, 41% free 12953K/21767K, paused 2ms+17ms
I/Surface (  374): Surface_lockCanvas
I/Surface (  374): Surface_lockCanvas
I/Surface (  374): Surface_lockCanvas
W/PowerManagerService(  233): Timer 0x7->0x3|0x0
I/PowerManagerService(  233): Ulight 0x7->0x3|0x0
D/PowerManagerService(  233): setLightBrightness : mButtonLight : 0
I/InputReader(  233): Touch event's action is 0x0 (deviceType=0) [pCnt=1, pending(waiting finished signal)=0, s=0.10663 ]
I/InputDispatcher(  233): Delivering touch to current input target: action: 0x0
I/InputDispatcher(  233): Delivering touch to current input target: action: 0x0
I/PowerManagerService(  233): Ulight 0x3->0x7|0x0
D/PowerManagerService(  233): setLightBrightness : mButtonLight : 255
I/InputReader(  233): Touch event's action is 0x1 (deviceType=0) [pCnt=1, pending(waiting finished signal)=0, s=]
I/InputDispatcher(  233): Delivering touch to current input target: action: 0x1
I/InputDispatcher(  233): Delivering touch to current input target: action: 0x1
I/Surface (23611): Surface_lockCanvas
I/ActivityManager(  233): START {cmp=xxxx} from pid 23611
D/ActivityManager(  233): Trying to launch applicationName
D/AbsListView(23611): Get MotionRecognitionManager
D/AbsListView(23611): Get MotionRecognitionManager
D/AbsListView(23611): Get MotionRecognitionManager
D/MusicPlayer(23611): [LocalController:] +++getAudioFolders query,
D/MusicPlayer(23611): [BaiduMusicProvider:] +++query,url:content://BaiduMusic/local/musicpath,table:6
I/SurfaceFlinger(   93): id=2507(5) createSurface 0x18f19dc (1x1),2 flag=400, SettingActivitz
D/STATUSBAR-StatusBarManagerService(  233): setSystemUiVisibility(0x0)
D/STATUSBAR-StatusBarManagerService(  233): manageDisableList what=0x0 pkg=WindowManager.LayoutParams
V/PhoneStatusBar(  374): setLightsOn(true)
D/dalvikvm(23611): GC_CONCURRENT freed 765K, 12% free 9996K/11335K, paused 11ms+9ms
D/AbsListView(23611): [unregisterDoubleTapMotionListener]
I/ClipboardServiceEx(  233): Send intent for dismiss clipboard dialog inside hideCurrentInputLocked() !
I/MotionRecognitionManager(23611):   .unregisterListener : / listener count = 0->0, listener=android.widget.AbsListView$4@41723c48
I/Surface (23611): Surface_lockCanvas
I/SurfaceTextureClient(23611): connect(NATIVE_WINDOW_API_CPU)
D/dalvikvm( 1038): GC_EXPLICIT freed 6K, 30% free 5392K/7623K, paused 10ms+11ms
D/dalvikvm( 1038): GC_EXPLICIT freed <1K, 30% free 5392K/7623K, paused 2ms+4ms
I/ActivityManager(  233): Displayed shortComponentName: +715ms
D/DEFERED_APP_VISIBILITY(  233): tweaking closing app
D/WindowManager(  233): finally selected target=Window{41e83d78  ***  paused=false}
D/WindowManager(  233): finally selected target=Window{41e83d78  ***  paused=false}
D/WindowManager(  233): finally selected target=Window{41e83d78  ***  paused=false}
D/WindowManager(  233): finally selected target=Window{41e83d78  ***  paused=false}
D/WindowManager(  233): finally selected target=Window{41e83d78  ***  paused=false}
D/WindowManager(  233): finally selected target=Window{41e83d78  ***  paused=false}
D/WindowManager(  233): finally selected target=Window{41e83d78  ***  paused=false}
D/WindowManager(  233): finally selected target=Window{41e83d78  ***  paused=false}
D/WindowManager(  233): finally selected target=Window{41e83d78  ***  paused=false}
D/WindowManager(  233): finally selected target=Window{41e83d78  ***  paused=false}
D/WindowManager(  233): finally selected target=Window{41e83d78  ***  paused=false}
D/WindowManager(  233): finally selected target=Window{41e83d78  ***  paused=false}
D/WindowManager(  233): finally selected target=Window{41e83d78  ***  paused=false}
D/WindowManager(  233): finally selected target=Window{41e83d78  ***  paused=false}
D/WindowManager(  233): finally selected target=Window{41e83d78  ***  paused=false}
D/WindowManager(  233): finally selected target=Window{41e83d78  ***  paused=false}
D/WindowManager(  233): finally selected target=Window{41e83d78  ***  paused=false}
W/SignalStrength(  233): getGsmLevel=4
W/SignalStrength(  233): getLevel=4 (SignalStrength: 17 -1 -1 -1 -1 -1 -1 -1 -1 -1 -1 -1 gsm|lte 4)
W/SignalStrength(  374): getGsmLevel=4
D/WindowManager(  233): finally selected target=Window{41e83d78  ***  paused=false}
W/SignalStrength(  374): getLevel=4 (SignalStrength: 17 -1 -1 -1 -1 -1 -1 -1 -1 -1 -1 -1 gsm|lte 4)
W/SignalStrength(  233): getGsmDbm=-79
W/SignalStrength(  233): getDbm=-79
W/SignalStrength(  233): getGsmAsuLevel=17
W/SignalStrength(  233): getAsuLevel=17
D/WindowManager(  233): finally selected target=Window{41e83d78  ***  paused=false}
D/WindowManager(  233): finally selected target=Window{41e83d78  ***  paused=false}
D/WindowManager(  233): finally selected target=Window{41e83d78  ***  paused=false}
D/WindowManager(  233): finally selected target=Window{41e83d78  ***  paused=false}
I/SurfaceFlinger(   93): id=2503 Removed PlayListDetailsActivitz idx=3 Map Size=5
I/SurfaceFlinger(   93): id=2506 Removed PlayListDetailsActivitz idx=3 Map Size=4
I/SurfaceFlinger(   93): id=2503 Removed PlayListDetailsActivitz idx=-2 Map Size=4
I/SurfaceFlinger(   93): id=2506 Removed PlayListDetailsActivitz idx=-2 Map Size=4
I/Surface (  374): Surface_lockCanvas
I/InputReader(  233): Touch event's action is 0x0 (deviceType=0) [pCnt=1, pending(waiting finished signal)=0, s=0.10664 ]
I/InputDispatcher(  233): Delivering touch to current input target: action: 0x0
I/InputDispatcher(  233): Delivering touch to current input target: action: 0x0
I/Surface (23611): Surface_lockCanvas
D/dalvikvm(23611): GC_FOR_ALLOC freed 109K, 12% free 11093K/12551K, paused 41ms
I/Surface (  374): Surface_lockCanvas
I/Surface (  374): Surface_lockCanvas
I/Surface (  374): Surface_lockCanvas
I/Surface (  374): Surface_lockCanvas
I/Surface (  374): Surface_lockCanvas
I/Surface (  374): Surface_lockCanvas
I/Surface (  374): Surface_lockCanvas
I/Surface (23611): Surface_lockCanvas
I/Surface (  374): Surface_lockCanvas
I/Surface (  374): Surface_lockCanvas
I/InputReader(  233): Touch event's action is 0x1 (deviceType=0) [pCnt=1, pending(waiting finished signal)=1, s=]
I/Surface (  374): Surface_lockCanvas
I/Surface (  374): Surface_lockCanvas
I/Surface (  374): Surface_lockCanvas
I/Surface (  374): Surface_lockCanvas
I/Surface (  374): Surface_lockCanvas
I/Surface (  374): Surface_lockCanvas
I/Surface (  374): Surface_lockCanvas
I/Surface (  374): Surface_lockCanvas
I/Surface (  374): Surface_lockCanvas
I/Surface (  374): Surface_lockCanvas
I/Surface (  374): Surface_lockCanvas
I/InputDispatcher(  233): Delivering touch to current input target: action: 0x1
I/InputDispatcher(  233): Delivering touch to current input target: action: 0x1
I/Surface (  374): Surface_lockCanvas
I/Surface (23611): Surface_lockCanvas
I/Surface (  374): Surface_lockCanvas
I/Surface (  374): Surface_lockCanvas
I/Surface (  374): Surface_lockCanvas
I/Surface (  374): Surface_lockCanvas
I/Surface (  374): Surface_lockCanvas
I/Surface (  374): Surface_lockCanvas
I/Surface (  374): Surface_lockCanvas
I/Surface (  374): Surface_lockCanvas
I/Surface (23611): Surface_lockCanvas
I/Surface (23611): Surface_lockCanvas
I/Surface (23611): Surface_lockCanvas
I/Surface (23611): Surface_lockCanvas
I/Surface (23611): Surface_lockCanvas
D/TrafficMonitorMain( 1234): performPoll mCurrentDDS = 0
I/Surface (23611): Surface_lockCanvas
D/StatusBar-TrafficView(  374): has icc card = true
D/OpenGLRenderer(14479): Flushing caches (mode 2)
D/OpenGLRenderer( 4534): Flushing caches (mode 2)
D/OpenGLRenderer(  462): Flushing caches (mode 2)
I/Launcher(  462): onTrimMemory call back
D/OpenGLRenderer( 4580): Flushing caches (mode 2)
V/com.baidu.trafficmonitor.widget.provider.TrafficMonitorWidgetProvider( 1234): onReceive : com.baidu.trafficmonitor.widget.provider.TrafficMonitorWidgetProvider@41003e60 mReceiveBroadcastNum : 4932
V/com.baidu.trafficmonitor.widget.provider.TrafficMonitorWidgetProvider( 1234): ACTION_NETWORK_STATS_UPDATE_WIDGET msg arrivied
E/com.baidu.trafficmonitor.widget.provider.TrafficMonitorWidgetProvider( 1234):  simInfo is null
I/Surface (23611): Surface_lockCanvas
W/PowerManagerService(  233): Timer 0x7->0x3|0x0
I/PowerManagerService(  233): Ulight 0x7->0x3|0x0
I/Surface (23611): Surface_lockCanvas
D/PowerManagerService(  233): setLightBrightness : mButtonLight : 0
I/Surface (23611): Surface_lockCanvas
I/Surface (23611): Surface_lockCanvas
I/Surface (23611): Surface_lockCanvas
I/Surface (23611): Surface_lockCanvas
I/InputReader(  233): Touch event's action is 0x0 (deviceType=0) [pCnt=1, pending(waiting finished signal)=0, s=0.10665 ]
I/InputDispatcher(  233): Delivering touch to current input target: action: 0x0
I/InputDispatcher(  233): Delivering touch to current input target: action: 0x0
I/PowerManagerService(  233): Ulight 0x3->0x7|0x0
D/PowerManagerService(  233): setLightBrightness : mButtonLight : 255
I/Surface (23611): Surface_lockCanvas
I/Surface (23611): Surface_lockCanvas
I/Surface (  374): Surface_lockCanvas
I/Surface (23611): Surface_lockCanvas
I/Surface (23611): Surface_lockCanvas
I/Surface (23611): Surface_lockCanvas
I/Surface (23611): Surface_lockCanvas
I/Surface (23611): Surface_lockCanvas
I/InputReader(  233): Touch event's action is 0x1 (deviceType=0) [pCnt=1, pending(waiting finished signal)=0, s=]
I/InputDispatcher(  233): Delivering touch to current input target: action: 0x1
I/InputDispatcher(  233): Delivering touch to current input target: action: 0x1
I/Surface (23611): Surface_lockCanvas
I/Surface (23611): Surface_lockCanvas
I/Surface (23611): Surface_lockCanvas
I/Surface (23611): Surface_lockCanvas
I/Surface (23611): Surface_lockCanvas
I/InputReader(  233): Touch event's action is 0x0 (deviceType=0) [pCnt=1, pending(waiting finished signal)=0, s=0.10666 ]
I/InputDispatcher(  233): Delivering touch to current input target: action: 0x0
I/InputDispatcher(  233): Delivering touch to current input target: action: 0x0
I/Surface (23611): Surface_lockCanvas
I/InputReader(  233): Touch event's action is 0x1 (deviceType=0) [pCnt=1, pending(waiting finished signal)=0, s=]
I/InputDispatcher(  233): Delivering touch to current input target: action: 0x1
I/InputDispatcher(  233): Delivering touch to current input target: action: 0x1
I/Surface (23611): Surface_lockCanvas
I/Surface (23611): Surface_lockCanvas
I/Surface (23611): Surface_lockCanvas
I/Surface (  374): Surface_lockCanvas
D/AbsListView(23611): Get MotionRecognitionManager
I/Surface (23611): Surface_lockCanvas
I/SurfaceFlinger(   93): id=2508(6) createSurface 0x18f9fec (1x1),1 flag=0, SettingActivitz
I/Surface (23611): Surface_lockCanvas
I/Surface (23611): Surface_lockCanvas
I/SurfaceTextureClient(23611): connect(NATIVE_WINDOW_API_CPU)
I/Surface (23611): Surface_lockCanvas
I/Surface (23611): Surface_lockCanvas
I/Surface (23611): Surface_lockCanvas
I/Surface (23611): Surface_lockCanvas
I/Surface (23611): Surface_lockCanvas
I/Surface (23611): Surface_lockCanvas
I/Surface (23611): Surface_lockCanvas
I/Surface (23611): Surface_lockCanvas
I/Surface (  374): Surface_lockCanvas
I/Surface (23611): Surface_lockCanvas
I/Surface (23611): Surface_lockCanvas
I/Surface (23611): Surface_lockCanvas
I/Surface (23611): Surface_lockCanvas
I/Surface (23611): Surface_lockCanvas
W/PowerManagerService(  233): Timer 0x7->0x3|0x0
I/PowerManagerService(  233): Ulight 0x7->0x3|0x0
D/PowerManagerService(  233): setLightBrightness : mButtonLight : 0
I/Surface (23611): Surface_lockCanvas
I/Surface (23611): Surface_lockCanvas
I/Surface (23611): Surface_lockCanvas
I/Surface (23611): Surface_lockCanvas
I/Surface (23611): Surface_lockCanvas
I/Surface (23611): Surface_lockCanvas
I/Surface (23611): Surface_lockCanvas
I/Surface (23611): Surface_lockCanvas
I/Surface (23611): Surface_lockCanvas
I/Surface (23611): Surface_lockCanvas
I/Surface (23611): Surface_lockCanvas
I/Surface (23611): Surface_lockCanvas
I/Surface (23611): Surface_lockCanvas
I/Surface (23611): Surface_lockCanvas
I/Surface (23611): Surface_lockCanvas
I/Surface (23611): Surface_lockCanvas
I/Surface (23611): Surface_lockCanvas
I/Surface (23611): Surface_lockCanvas
D/InputReader(  233): Input event: value=1
I/Surface (23611): Surface_lockCanvas
I/Surface (23611): Surface_lockCanvas
D/InputReader(  233): Input event: value=1
I/Surface (23611): Surface_lockCanvas
I/Surface (23611): Surface_lockCanvas
I/Surface (23611): Surface_lockCanvas
I/Surface (23611): Surface_lockCanvas
I/Surface (23611): Surface_lockCanvas
I/Surface (23611): Surface_lockCanvas
I/Surface (23611): Surface_lockCanvas
I/Surface (23611): Surface_lockCanvas
I/Surface (23611): Surface_lockCanvas
I/Surface (23611): Surface_lockCanvas
I/Surface (23611): Surface_lockCanvas
I/Surface (23611): Surface_lockCanvas
I/Surface (23611): Surface_lockCanvas
I/Surface (23611): Surface_lockCanvas
I/InputDispatcher(  233): Delivering key to current input target: action: 0x0
I/InputDispatcher(  233): Delivering key to current input target: action: 0x0
D/OpenGLRenderer(14479): Flushing caches (mode 2)
D/OpenGLRenderer( 4534): Flushing caches (mode 2)
I/Surface (23611): Surface_lockCanvas
D/OpenGLRenderer(  462): Flushing caches (mode 2)
I/Launcher(  462): onTrimMemory call back
I/InputDispatcher(  233): Delivering key to current input target: action: 0x0
I/InputDispatcher(  233): Delivering key to current input target: action: 0x0
I/InputDispatcher(  233): Delivering key to current input target: action: 0x0
I/InputDispatcher(  233): Delivering key to current input target: action: 0x0
I/InputDispatcher(  233): Delivering key to current input target: action: 0x0
I/InputDispatcher(  233): Delivering key to current input target: action: 0x0
D/SurfaceFlinger(   93): EXT_DL_OUT: Start writing file[2507]
D/SurfaceFlinger(   93): EXT_DL_OUT: Ending writing file
D/SurfaceFlinger(   93): EXT_DL_OUT: Start writing file[2508]
D/SurfaceFlinger(   93): EXT_DL_OUT: Ending writing file
D/SurfaceFlinger(   93): EXT_DL_OUT: Start writing file[3]
D/SurfaceFlinger(   93): EXT_DL_OUT: Ending writing file
I/SurfaceFlinger(   93): id=2509(3) createSurface 0x18ff304 (1x1),1 flag=0, ScreenshotAnimatioo
I/Surface (23611): Surface_lockCanvas
D/GlRenderer( 4580): initialize
D/GlRenderer( 4580): initializeEgl
I/libEGL  ( 4580): eglCreateWindowSurface
V/MediaPlayer-JNI( 4580): start
V/MediaPlayerService(   96): [206] setLooping(0)
V/StagefrightPlayer(   96): setLooping (0)
V/AwesomePlayer(   96): setLooping (0)
V/MediaPlayerService(   96): [206] setVolume(0.330000, 0.330000)
V/AudioSink(   96): setVolume(0.330000, 0.330000)
V/MediaPlayerService(   96): [206] setAuxEffectSendLevel(0.000000)
V/AudioSink(   96): setAuxEffectSendLevel(0.000000)
V/MediaPlayerService(   96): [206] start
V/StagefrightPlayer(   96): setLooping (0)
V/AwesomePlayer(   96): setLooping (0)
V/StagefrightPlayer(   96): start
V/AwesomePlayer(   96): play
I/AwesomePlayer(   96): AwesomePlayer::play_l():: this is not widevine!! 
I/AwesomePlayer(   96): AwesomePlayer::play_l():: This is not a DRM content
V/AudioSink(   96): start
V/AudioFlinger(   96): start(4098), calling thread 4580 session 336
V/AudioFlinger(   96): ? => ACTIVE (4098) on thread 0x1a85c0
V/AudioPolicyService(   96): startOutput() tid 4341
V/AudioPolicyManagerBase(   96): startOutput() output 1, stream 7, session 336
V/AudioPolicyManagerBase(   96): getDeviceForStrategy() from cache strategy 4, device 2
V/AudioPolicyManagerBase(   96): changeRefCount() stream 7, count 1
E/AudioPolicyManagerBase(   96): media stream mute for camera sound (enforce stream)
V/AudioPolicyManagerBase(   96): setStrategyMute() strategy 0, mute 1, output 1
V/AudioPolicyManagerBase(   96): setStreamMute() stream 1, mute 1, output 1, mMuteCount 0
V/AudioPolicyManagerALSA(   96): setStreamVolume() for output 1 stream 1, volume 0.000000, delay 0
V/AudioPolicyService(   96): inserting command: 2 at index 0, num commands 0
V/AudioPolicyService(   96): AudioCommandThread() adding set volume stream 1, volume 0.000000, output 1
V/AudioPolicyService(   96): AudioCommandThread() waking up
V/AudioPolicyService(   96): AudioCommandThread() processing set volume stream 1,                             volume 0.000000, output 1
V/AudioPolicyService(   96): AudioCommandThread() going to sleep
V/AudioPolicyManagerBase(   96): setStreamMute() stream 3, mute 1, output 1, mMuteCount 0
V/AudioPolicyManagerALSA(   96): setStreamVolume() for output 1 stream 3, volume 0.000000, delay 0
V/AudioPolicyService(   96): inserting command: 2 at index 0, num commands 0
V/AudioPolicyService(   96): AudioCommandThread() adding set volume stream 3, volume 0.000000, output 1
V/AudioPolicyService(   96): AudioCommandThread() waking up
V/AudioPolicyService(   96): AudioCommandThread() processing set volume stream 3,                             volume 0.000000, output 1
V/AudioPolicyService(   96): AudioCommandThread() going to sleep
V/AudioPolicyManagerBase(   96): getDeviceForStrategy() strategy 4, device 2
V/AudioPolicyManagerBase(   96): getNewDevice() selected device 2
V/AudioPolicyService(   96): inserting command: 3 at index 0, num commands 0
V/AudioPolicyService(   96): AudioCommandThread() adding set parameter string music_volume=0.0000000000;music_volume_index=0, io 1 ,delay 0
V/AudioPolicyService(   96): AudioCommandThread() waking up
V/AudioPolicyService(   96): AudioCommandThread() processing set parameters string music_volume=0.0000000000;music_volume_index=0, io 1
V/AudioFlinger(   96): setParameters(): io 1, keyvalue music_volume=0.0000000000;music_volume_index=0, tid 214, calling tid 96
V/AudioFlinger(   96): ThreadBase::setParameters() music_volume=0.0000000000;music_volume_index=0
D/AudioHardwareALSA(   96): ALSAStreamOps::setParameters() music_volume=0.0000000000;music_volume_index=0
I/AudioHardwareALSA(   96): volIndex=0
I/AudioHardwareALSA(   96): [setMusicVolumeIndex]mMusicVolumeIndex=11,music_volume_index= 0
I/AudioHardwareALSA(   96): [setMusicVolume][mOutput]mMusicVolumeIndex=0
E/AudioHardwareALSA(   96): mIsMusicVolumeIndex [11],MusicVolumeIndex[0]
I/AudioHardwareALSA(   96): volGain=0.000000
I/AudioHardwareALSA(   96): [setMusicVolume]mIsMusicVolume=0.251189,music_volume=0.000000
I/AudioHardwareALSA(   96): [setMusicVolume][mOutput]mMusicVolume=0.000000
E/AudioHardwareALSA(   96): mMusicVolume [0.251189]MusicVolume[0.000000]
V/AudioPolicyService(   96): AudioCommandThread() going to sleep
V/AudioPolicyManagerBase(   96): setStreamMute() stream 9, mute 1, output 1, mMuteCount 0
V/AudioPolicyManagerALSA(   96): setStreamVolume() for output 1 stream 9, volume 0.000000, delay 0
V/AudioPolicyService(   96): inserting command: 2 at index 0, num commands 0
V/AudioPolicyService(   96): AudioCommandThread() adding set volume stream 9, volume 0.000000, output 1
V/AudioPolicyService(   96): AudioCommandThread() waking up
V/AudioPolicyService(   96): AudioCommandThread() processing set volume stream 9,                             volume 0.000000, output 1
V/AudioPolicyService(   96): AudioCommandThread() going to sleep
V/AudioPolicyManagerBase(   96): setStreamMute() stream 10, mute 1, output 1, mMuteCount 0
V/AudioPolicyManagerALSA(   96): setStreamVolume() for output 1 stream 10, volume 0.000000, delay 0
V/AudioPolicyService(   96): inserting command: 2 at index 0, num commands 0
V/AudioPolicyService(   96): AudioCommandThread() adding set volume stream 10, volume 0.000000, output 1
V/AudioPolicyService(   96): AudioCommandThread() waking up
V/AudioPolicyService(   96): AudioCommandThread() processing set volume stream 10,                             volume 0.000000, output 1
V/AudioPolicyService(   96): AudioCommandThread() going to sleep
I/AudioPolicyManagerBase(   96): setStreamMute Fmradio Mute(1)
I/AudioPolicyManagerBase(   96): set Fmradio Mute(1), 0
V/AudioPolicyService(   96): inserting command: 3 at index 0, num commands 0
V/AudioPolicyService(   96): AudioCommandThread() adding set parameter string fm_radio_mute=1, io 0 ,delay 0
V/AudioPolicyService(   96): AudioCommandThread() waking up
V/AudioPolicyService(   96): AudioCommandThread() processing set parameters string fm_radio_mute=1, io 0
V/AudioFlinger(   96): setParameters(): io 0, keyvalue fm_radio_mute=1, tid 214, calling tid 96
V/AudioFlinger(   96): setParameters::  string = fm_radio_mute=1 / ioHandle = 0 
V/AudioFlinger(   96): setParameters:: send AudioHAL 
D/AudioHardwareALSA(   96): LVVE AudioHardwareALSA::setParameters() fm_radio_mute=1
D/AudioHardwareALSA(   96): AudioHardwareALSA::setParameters() fm_radio_mute=1
V/AudioHardwareALSA(   96): FM Mute
E/ALSAControl(   96): Control 'FM-HST-MUT' cannot get element info: -2
V/AudioPolicyService(   96): AudioCommandThread() going to sleep
V/AudioPolicyManagerBase(   96): setStreamMute() stream 11, mute 1, output 1, mMuteCount 0
V/AudioPolicyManagerALSA(   96): setStreamVolume() for output 1 stream 11, volume 0.177828, delay 0
V/AudioPolicyService(   96): inserting command: 2 at index 0, num commands 0
V/AudioPolicyService(   96): AudioCommandThread() adding set volume stream 11, volume 0.177828, output 1
V/AudioPolicyService(   96): AudioCommandThread() waking up
V/AudioPolicyService(   96): AudioCommandThread() processing set volume stream 11,                             volume 0.177828, output 1
V/AudioPolicyService(   96): AudioCommandThread() going to sleep
V/AudioPolicyManagerBase(   96): setStreamMute() stream 13, mute 1, output 1, mMuteCount 0
V/AudioPolicyManagerALSA(   96): checkAndSetVolume() stream 3 muted count 1
V/AudioPolicyManagerBase(   96): setStreamMute() stream 14, mute 1, output 1, mMuteCount 0
V/AudioPolicyManagerALSA(   96): checkAndSetVolume() stream 10 muted count 1
I/AudioPolicyManagerBase(   96): setStreamMute Fmradio Mute(1)
I/AudioPolicyManagerBase(   96): set Fmradio Mute(1), 0
V/AudioPolicyService(   96): inserting command: 3 at index 0, num commands 0
V/AudioPolicyService(   96): AudioCommandThread() adding set parameter string fm_radio_mute=1, io 0 ,delay 0
V/AudioPolicyService(   96): AudioCommandThread() waking up
V/AudioPolicyService(   96): AudioCommandThread() processing set parameters string fm_radio_mute=1, io 0
V/AudioFlinger(   96): setParameters(): io 0, keyvalue fm_radio_mute=1, tid 214, calling tid 96
V/AudioFlinger(   96): setParameters::  string = fm_radio_mute=1 / ioHandle = 0 
V/AudioFlinger(   96): setParameters:: send AudioHAL 
D/AudioHardwareALSA(   96): LVVE AudioHardwareALSA::setParameters() fm_radio_mute=1
D/AudioHardwareALSA(   96): AudioHardwareALSA::setParameters() fm_radio_mute=1
V/AudioHardwareALSA(   96): FM Mute
E/ALSAControl(   96): Control 'FM-HST-MUT' cannot get element info: -2
V/AudioPolicyService(   96): AudioCommandThread() going to sleep
V/AudioPolicyManagerBase(   96): setStreamMute() stream 15, mute 1, output 1, mMuteCount 0
V/AudioPolicyManagerALSA(   96): checkAndSetVolume() stream 9 muted count 1
V/AudioPolicyManagerBase(   96): getDeviceForStrategy() from cache strategy 4, device 2
V/AudioPolicyManagerBase(   96): getNewDevice() selected device 2
V/AudioPolicyManagerALSA(   96): AudioPolicyManagerBase::setOutputDevice() output 1 device 2 delayMs 0
V/AudioPolicyManagerALSA(   96): setOutputDevice() setting same device 2 or null device for output 1
V/AudioPolicyManagerBase(   96): computeVolume : Camera Shutter Sound volume 1.000000
D/AudioPolicyManagerALSA(   96): startOutput() output=1, stream=7, session=336, phoneState=0
E/AudioFlinger(   96): addTrack_l streamType (7)
E/AudioFlinger(   96): addTrack_l streamType (0, 7) for mStreamTypes[stream].volume[1.000000]
D/AudioHardwareALSA(   96): ALSAStreamOps::setParameters() start_output_streamtype=7;start_output_streamvol=7
E/AudioHardwareALSA(   96): organ_volIndex=7
E/AudioHardwareALSA(   96): organ_streamIndex=7
E/AudioHardwareALSA(   96): setOrgan() 7,OnOff[1],volume[7]
W/ALSAModule(   96): audio_tune_hw4app_register tat=[12] volume_type=[0] volume_level=[7]
W/ALSAModule(   96): audio_tune_hw4app_policy bitmap=0x00001001 is 12
W/ALSAModule(   96): audio_tune_hw4app_write2hardware can't locate the right mFactoryRouteRCVMode [0]
W/ALSAModule(   96): audio_tune_hw4app_write2hardware will apply [12,music] vol_type0, vol_level7, eq_type0, device_mode3 to audio hardware
E/AudioHardwareALSA(   96): setOrgan=7
V/AudioFlinger(   96): mWaitWorkCV.broadcast
V/AwesomePlayer(   96): seekAudioIfNecessary_l mSeekTimeUs (0)
V/AudioSink(   96): flush
I/InputDispatcher(  233): Delivering key to current input target: action: 0x0
I/InputDispatcher(  233): Delivering key to current input target: action: 0x0
I/InputDispatcher(  233): Delivering key to current input target: action: 0x0
I/InputDispatcher(  233): Delivering key to current input target: action: 0x0
I/AudioResampler(   96): new MM resampler(48000 -> 44100, 2)
I/InputDispatcher(  233): Delivering key to current input target: action: 0x0
I/InputDispatcher(  233): Delivering key to current input target: action: 0x0
V/AwesomePlayer(   96): notifyListner_l() msg (4-MEDIA_SEEK_COMPLETE), ext1 (0), ext2 (0)
V/MediaPlayerService(   96): [206] notify (0x19d408, 4, 0, 0)
V/MediaPlayer( 4580): message received msg=4, ext1=0, ext2=0
V/MediaPlayer( 4580): Received seek complete
V/MediaPlayer( 4580): All seeks complete - return to regularly scheduled program
V/MediaPlayer( 4580): callback application
V/MediaPlayer( 4580): back from callback
E/MediaPlayer( 4580): mOnSeekCompleteListener is null. Failed to send MEDIA_SEEK_COMPLETE message.
I/Surface (23611): Surface_lockCanvas
I/InputDispatcher(  233): Delivering key to current input target: action: 0x0
I/InputDispatcher(  233): Delivering key to current input target: action: 0x0
I/InputDispatcher(  233): Delivering key to current input target: action: 0x0
I/InputDispatcher(  233): Delivering key to current input target: action: 0x0
I/InputDispatcher(  233): Delivering key to current input target: action: 0x0
I/InputDispatcher(  233): Delivering key to current input target: action: 0x0
I/Surface (23611): Surface_lockCanvas
I/InputDispatcher(  233): Delivering key to current input target: action: 0x0
I/InputDispatcher(  233): Delivering key to current input target: action: 0x0
D/InputReader(  233): Input event: value=0
I/InputDispatcher(  233): Delivering key to current input target: action: 0x1
I/InputDispatcher(  233): Delivering key to current input target: action: 0x1
D/InputReader(  233): Input event: value=0
I/Surface (23611): Surface_lockCanvas
E/OMXCodec(   96): [OMX.google.vorbis.decoder] err = -1011
I/Surface (23611): Surface_lockCanvas
I/Surface (23611): Surface_lockCanvas
V/AwesomePlayer(   96): MEDIA_PLAYBACK_COMPLETE
V/AwesomePlayer(   96): notifyListner_l() msg (2-MEDIA_PLAYBACK_COMPLETE), ext1 (0), ext2 (0)
V/MediaPlayerService(   96): [206] notify (0x19d408, 2, 0, 0)
V/AudioSink(   96): stop
V/MediaPlayer( 4580): message received msg=2, ext1=0, ext2=0
V/MediaPlayer( 4580): playback complete
V/MediaPlayer( 4580): callback application
V/MediaPlayer( 4580): back from callback
E/MediaPlayer( 4580): mOnCompletionListener is null. Failed to send MEDIA_PLAYBACK_COMPLETE message.
V/AudioFlinger(   96): stop(4098), calling thread 96
V/AudioFlinger(   96): (> STOPPED) => STOPPED (4098) on thread 0x145768
V/AudioPolicyService(   96): stopOutput() tid 4601
D/AudioPolicyManagerALSA(   96): stopOutput() output=1, stream=7, sesssion=336
V/AudioPolicyManagerBase(   96): stopOutput() output 1, stream 7, session 336
V/AudioPolicyManagerBase(   96): changeRefCount() stream 7, count 0
V/AudioPolicyManagerBase(   96): getDeviceForStrategy() from cache strategy 0, device 2
V/AudioPolicyManagerBase(   96): getNewDevice() selected device 2
V/AudioPolicyManagerALSA(   96): AudioPolicyManagerBase::setOutputDevice() output 1 device 2 delayMs 18
V/AudioPolicyManagerALSA(   96): setOutputDevice() setting same device 2 or null device for output 1
E/AudioPolicyManagerBase(   96): media stream unmute for camera sound (enforce stream)
V/AudioPolicyManagerBase(   96): setStrategyMute() strategy 0, mute 0, output 1
V/AudioPolicyManagerBase(   96): setStreamMute() stream 1, mute 0, output 1, mMuteCount 1
V/AudioPolicyManagerALSA(   96): setStreamVolume() for output 1 stream 1, volume 0.251189, delay 72
V/AudioPolicyService(   96): inserting command: 2 at index 0, num commands 0
V/AudioPolicyService(   96): AudioCommandThread() adding set volume stream 1, volume 0.251189, output 1
V/AudioPolicyService(   96): AudioCommandThread() waking up
V/AudioPolicyService(   96): AudioCommandThread() going to sleep
V/AudioPolicyManagerBase(   96): setStreamMute() stream 3, mute 0, output 1, mMuteCount 1
V/AudioPolicyManagerALSA(   96): setStreamVolume() for output 1 stream 3, volume 0.251189, delay 72
V/AudioPolicyService(   96): inserting command: 2 at index 1, num commands 1
V/AudioPolicyService(   96): AudioCommandThread() adding set volume stream 3, volume 0.251189, output 1
V/AudioPolicyService(   96): AudioCommandThread() waking up
V/AudioPolicyService(   96): AudioCommandThread() going to sleep
V/AudioPolicyManagerBase(   96): getDeviceForStrategy() strategy 0, device 2
V/AudioPolicyManagerBase(   96): getNewDevice() selected device 2
V/AudioPolicyService(   96): inserting command: 3 at index 2, num commands 2
V/AudioPolicyService(   96): AudioCommandThread() adding set parameter string music_volume=0.2511886358;music_volume_index=11, io 1 ,delay 72
V/AudioPolicyService(   96): AudioCommandThread() waking up
V/AudioPolicyService(   96): AudioCommandThread() going to sleep
V/AudioPolicyManagerBase(   96): setStreamMute() stream 9, mute 0, output 1, mMuteCount 1
V/AudioPolicyManagerALSA(   96): setStreamVolume() for output 1 stream 9, volume 0.421696, delay 72
V/AudioPolicyService(   96): inserting command: 2 at index 3, num commands 3
V/AudioPolicyService(   96): AudioCommandThread() adding set volume stream 9, volume 0.421696, output 1
V/AudioPolicyService(   96): AudioCommandThread() waking up
V/AudioPolicyService(   96): AudioCommandThread() going to sleep
V/AudioPolicyManagerBase(   96): setStreamMute() stream 10, mute 0, output 1, mMuteCount 1
V/AudioPolicyManagerALSA(   96): setStreamVolume() for output 1 stream 10, volume 0.251189, delay 72
V/AudioPolicyService(   96): inserting command: 2 at index 4, num commands 4
V/AudioPolicyService(   96): AudioCommandThread() adding set volume stream 10, volume 0.251189, output 1
V/AudioPolicyService(   96): AudioCommandThread() waking up
V/AudioPolicyService(   96): AudioCommandThread() going to sleep
V/AudioPolicyManagerBase(   96): setStreamMute() stream 11, mute 0, output 1, mMuteCount 1
V/AudioPolicyManagerALSA(   96): setStreamVolume() for output 1 stream 11, volume 0.501187, delay 72
V/AudioPolicyService(   96): inserting command: 2 at index 5, num commands 5
V/AudioPolicyService(   96): AudioCommandThread() adding set volume stream 11, volume 0.501187, output 1
V/AudioPolicyService(   96): AudioCommandThread() waking up
V/AudioPolicyService(   96): AudioCommandThread() going to sleep
V/AudioPolicyManagerBase(   96): setStreamMute() stream 13, mute 0, output 1, mMuteCount 1
V/AudioPolicyManagerBase(   96): setStreamMute() stream 14, mute 0, output 1, mMuteCount 1
V/AudioPolicyManagerBase(   96): setStreamMute() stream 15, mute 0, output 1, mMuteCount 1
I/Surface (23611): Surface_lockCanvas
V/AudioPolicyService(   96): AudioCommandThread() waking up
V/AudioPolicyService(   96): AudioCommandThread() processing set volume stream 1,                             volume 0.251189, output 1
V/AudioPolicyService(   96): AudioCommandThread() processing set volume stream 3,                             volume 0.251189, output 1
V/AudioPolicyService(   96): AudioCommandThread() processing set parameters string music_volume=0.2511886358;music_volume_index=11, io 1
V/AudioFlinger(   96): setParameters(): io 1, keyvalue music_volume=0.2511886358;music_volume_index=11, tid 214, calling tid 96
V/AudioFlinger(   96): ThreadBase::setParameters() music_volume=0.2511886358;music_volume_index=11
I/Surface (23611): Surface_lockCanvas
D/AudioHardwareALSA(   96): ALSAStreamOps::setParameters() music_volume=0.2511886358;music_volume_index=11
I/AudioHardwareALSA(   96): volIndex=11
I/AudioHardwareALSA(   96): [setMusicVolumeIndex]mMusicVolumeIndex=0,music_volume_index= 11
I/AudioHardwareALSA(   96): [setMusicVolume][mOutput]mMusicVolumeIndex=11
E/AudioHardwareALSA(   96): mIsMusicVolumeIndex [0],MusicVolumeIndex[11]
I/AudioHardwareALSA(   96): volGain=0.251189
I/AudioHardwareALSA(   96): [setMusicVolume]mIsMusicVolume=0.000000,music_volume=0.251189
I/AudioHardwareALSA(   96): [setMusicVolume][mOutput]mMusicVolume=0.251189
E/AudioHardwareALSA(   96): mMusicVolume [0.000000]MusicVolume[0.251189]
V/AudioPolicyService(   96): AudioCommandThread() processing set volume stream 9,                             volume 0.421696, output 1
V/AudioPolicyService(   96): AudioCommandThread() processing set volume stream 10,                             volume 0.251189, output 1
V/AudioPolicyService(   96): AudioCommandThread() processing set volume stream 11,                             volume 0.501187, output 1
V/AudioPolicyService(   96): AudioCommandThread() going to sleep
I/Surface (23611): Surface_lockCanvas
V/AudioFlinger(   96): TrackBase::reset
I/Surface (23611): Surface_lockCanvas
I/Surface (23611): Surface_lockCanvas
I/Surface (23611): Surface_lockCanvas
I/Surface (23611): Surface_lockCanvas
I/Surface (23611): Surface_lockCanvas
I/Surface (23611): Surface_lockCanvas
I/Surface (23611): Surface_lockCanvas
D/dalvikvm(23611): GC_CONCURRENT freed 2719K, 25% free 10352K/13639K, paused 49ms+11ms
I/Surface (23611): Surface_lockCanvas
I/Surface (23611): Surface_lockCanvas
I/Surface (23611): Surface_lockCanvas
I/Surface (23611): Surface_lockCanvas
I/Surface (23611): Surface_lockCanvas
I/Surface (23611): Surface_lockCanvas
I/Surface (23611): Surface_lockCanvas
D/ApplicationPolicy(  233): isStatusBarNotificationAllowed: packageName = com.android.systemui
D/STATUSBAR-NotificationService(  233): enqueueNotificationInternal - pkg:XXX.XXXXXXX.XXXXXXXX, id:789
D/STATUSBAR-NotificationService(  233): Noti Alert - mSystemReady:true, AlertEnabled:true
I/Surface (23611): Surface_lockCanvas
E/MtpServerJNI(  423): server is null in send_object_added
I/SurfaceFlinger(   93): id=2509 Removed ScreenshotAnimatioo idx=7 Map Size=5
I/SurfaceFlinger(   93): id=2509 Removed ScreenshotAnimatioo idx=-2 Map Size=5
I/Surface (23611): Surface_lockCanvas
I/Surface (23611): Surface_lockCanvas
W/PowerManagerService(  233): Timer 0x3->0x3|0x0
I/Surface (23611): Surface_lockCanvas
D/InputReader(  233): Input event: value=1
I/InputDispatcher(  233): Delivering key to current input target: action: 0x0
I/InputDispatcher(  233): Delivering key to current input target: action: 0x0
I/PowerManagerService(  233): Ulight 0x3->0x7|0x0
D/PowerManagerService(  233): setLightBrightness : mButtonLight : 255
D/ApplicationPolicy(  233): isStatusBarNotificationAllowed: packageName = com.android.systemui
D/STATUSBAR-NotificationService(  233): enqueueNotificationInternal - pkg:XXX.XXXXXXX.XXXXXXXX, id:789
D/STATUSBAR-NotificationService(  233): Noti Alert - mSystemReady:true, AlertEnabled:true
I/Surface (23611): Surface_lockCanvas
D/OpenGLRenderer( 4580): Flushing caches (mode 2)
I/Surface (  374): Surface_lockCanvas
I/Surface (23611): Surface_lockCanvas
D/InputReader(  233): Input event: value=0
I/InputDispatcher(  233): Delivering key to current input target: action: 0x1
I/InputDispatcher(  233): Delivering key to current input target: action: 0x1
I/Surface (23611): Surface_lockCanvas
W/InputManagerService(  233): Window already focused, ignoring focus gain of: com.android.internal.view.IInputMethodClient$Stub$Proxy@41e95928
I/Surface (23611): Surface_lockCanvas
I/Surface (  374): Surface_lockCanvas
I/Surface (  374): Surface_lockCanvas
I/Surface (  374): Surface_lockCanvas
I/Surface (  374): Surface_lockCanvas
I/Surface (  374): Surface_lockCanvas
I/Surface (  374): Surface_lockCanvas
I/Surface (  374): Surface_lockCanvas
I/Surface (  374): Surface_lockCanvas
I/Surface (  374): Surface_lockCanvas
I/SurfaceFlinger(   93): id=2508 Removed SettingActivitz idx=3 Map Size=4
I/SurfaceFlinger(   93): id=2508 Removed SettingActivitz idx=-2 Map Size=4
I/Surface (  374): Surface_lockCanvas
D/InputReader(  233): Input event: value=1
I/InputDispatcher(  233): Delivering key to current input target: action: 0x0
I/InputDispatcher(  233): Delivering key to current input target: action: 0x0
I/Surface (  374): Surface_lockCanvas
I/Surface (  374): Surface_lockCanvas
I/Surface (  374): Surface_lockCanvas
I/Surface (  374): Surface_lockCanvas
D/InputReader(  233): Input event: value=0
I/InputDispatcher(  233): Delivering key to current input target: action: 0x1
I/InputDispatcher(  233): Delivering key to current input target: action: 0x1
I/ClipboardServiceEx(  233): mCBPickerDialog enter case. MSG_DISMISS_DIALOG
D/MusicPlayer(23611): [BaiduMusicProvider:] +++query,url:content://BaiduMusic/local/musicInfo,table:0
V/MediaPlayer(23611): getDuration
V/MediaPlayer-JNI(23611): getDuration: 251423 (msec)
V/MediaPlayer-JNI(23611): getCurrentPosition: 0 (msec)
D/IndexView(23611): Cell h =23.333334 IndexView w=41 h=650
D/IndexView(23611): Cell h =23.333334 IndexView w=41 h=650
D/IndexView(23611): Cell h =20.555555 IndexView w=41 h=575
D/IndexView(23611): Cell h =20.555555 IndexView w=41 h=575
I/SurfaceFlinger(   93): id=2510(7) createSurface 0x18f0004 (480x800),2 flag=400, PlayListDetailsActivitz
V/PhoneStatusBar(  374): setLightsOn(true)
D/STATUSBAR-StatusBarManagerService(  233): setSystemUiVisibility(0x0)
D/STATUSBAR-StatusBarManagerService(  233): manageDisableList what=0x0 pkg=WindowManager.LayoutParams
D/MusicPlayer(23611): [PlayListDetailsActivity:] index = 0letter = A
D/MusicPlayer(23611): [PlayListDetailsActivity:] getLetterForPosition ,letterString:A
D/MusicPlayer(23611): [MusicPlayService:] +++Service onStart
I/Surface (23611): Surface_lockCanvas
I/SurfaceTextureClient(23611): connect(NATIVE_WINDOW_API_CPU)
I/ClipboardServiceEx(  233): Send intent for dismiss clipboard dialog inside hideCurrentInputLocked() !
D/dalvikvm( 1038): GC_EXPLICIT freed 4K, 30% free 5392K/7623K, paused 8ms+6ms
D/DEFERED_APP_VISIBILITY(  233): tweaking closing app
I/Surface (23611): Surface_lockCanvas
D/IndexView(23611): Cell h =23.333334 IndexView w=41 h=650
D/IndexView(23611): Cell h =23.333334 IndexView w=41 h=650
D/IndexView(23611): Cell h =20.555555 IndexView w=41 h=575
D/IndexView(23611): Cell h =20.555555 IndexView w=41 h=575
D/dalvikvm( 1038): GC_EXPLICIT freed <1K, 30% free 5392K/7623K, paused 3ms+28ms
D/MusicPlayer(23611): [PlayListDetailsActivity:] index = 0letter = A
D/MusicPlayer(23611): [PlayListDetailsActivity:] getLetterForPosition ,letterString:A
I/Surface (23611): Surface_lockCanvas
I/SurfaceFlinger(   93): id=2507 Removed SettingActivitz idx=4 Map Size=4
I/SurfaceFlinger(   93): id=2507 Removed SettingActivitz idx=-2 Map Size=4
D/MusicPlayer(23611): [PlayListDetailsActivity:] index = 0letter = A
D/MusicPlayer(23611): [PlayListDetailsActivity:] getLetterForPosition ,letterString:A
D/InputReader(  233): Input event: value=1
D/VibratorService(  233): JNI vibratorOff()
D/VibratorService(  233): JNI vibratorOn() : 1
D/VibratorService(  233): JNI vibratorOn() : 21
D/InputReader(  233): Input event: value=0
W/SignalStrength(  233): getGsmLevel=4
