V/AudioPolicyService( 2995): AudioCommandThread() adding set volume stream 3, volume 0.707946, output 1
V/AudioPolicyService( 2995): AudioCommandThread() waking up
V/AudioPolicyService( 2995): AudioCommandThread() processing set volume stream 3,                             volume 0.707946, output 1
V/AudioPolicyService( 2995): AudioCommandThread() going to sleep
V/AudioPolicyManagerBase( 2995): getNewDevice() selected device 0
V/AudioPolicyManagerBase( 2995): getDeviceForStrategy() from cache strategy 0, device 2
V/AudioPolicyService( 2995): inserting command: 3 at index 0, num commands 0
V/AudioPolicyService( 2995): AudioCommandThread() adding set parameter string music_volume=0.7079457641;music_volume_index=14, io 1 ,delay 0
V/AudioPolicyService( 2995): AudioCommandThread() waking up
V/AudioPolicyService( 2995): AudioCommandThread() processing set parameters string music_volume=0.7079457641;music_volume_index=14, io 1
V/AudioFlinger( 2995): setParameters(): io 1, keyvalue music_volume=0.7079457641;music_volume_index=14, tid 3026, calling tid 2995
V/AudioFlinger( 2995): ThreadBase::setParameters() music_volume=0.7079457641;music_volume_index=14
V/AudioFlinger( 2995): MixerThread 0x1d99770 TID 3029 waking up
V/AudioFlinger( 2995): acquireWakeLock_l() AudioOut_1 status 0
D/AudioHardwareALSA( 2995): ALSAStreamOps::setParameters() music_volume=0.7079457641;music_volume_index=14
I/AudioHardwareALSA( 2995): volIndex=14
I/AudioHardwareALSA( 2995): [setMusicVolumeIndex]mMusicVolumeIndex=0,music_volume_index= 14
I/AudioHardwareALSA( 2995): [setMusicVolume][mOutput]mMusicVolumeIndex=14
E/AudioHardwareALSA( 2995): mIsMusicVolumeIndex [7],MusicVolumeIndex[14]
I/AudioHardwareALSA( 2995): volGain=0.707946
I/AudioHardwareALSA( 2995): [setMusicVolume]mIsMusicVolume=0.000000,music_volume=0.707946
I/AudioHardwareALSA( 2995): [setMusicVolume][mOutput]mMusicVolume=0.707946
E/AudioHardwareALSA( 2995): mMusicVolume [1.000000]MusicVolume[0.707946]
V/AudioPolicyService( 2995): AudioCommandThread() going to sleep
V/AudioPolicyManagerBase( 2995): initStreamVolume() stream 4, min 0, max 7
V/AudioPolicyManagerBase( 2995): setStreamVolumeIndex() stream 4, index 7
V/AudioPolicyManagerALSA( 2995): setStreamVolume() for output 1 stream 4, volume 1.000000, delay 0
V/AudioPolicyService( 2995): inserting command: 2 at index 0, num commands 0
V/AudioPolicyService( 2995): AudioCommandThread() adding set volume stream 4, volume 1.000000, output 1
V/AudioPolicyService( 2995): AudioCommandThread() waking up
V/AudioPolicyService( 2995): AudioCommandThread() processing set volume stream 4,                             volume 1.000000, output 1
V/AudioPolicyService( 2995): AudioCommandThread() going to sleep
V/AudioPolicyManagerBase( 2995): initStreamVolume() stream 5, min 0, max 7
V/AudioPolicyManagerBase( 2995): setStreamVolumeIndex() stream 5, index 5
V/AudioPolicyManagerALSA( 2995): setStreamVolume() for output 1 stream 5, volume 0.398107, delay 0
V/AudioPolicyService( 2995): inserting command: 2 at index 0, num commands 0
V/AudioPolicyService( 2995): AudioCommandThread() adding set volume stream 5, volume 0.398107, output 1
V/AudioPolicyService( 2995): AudioCommandThread() waking up
V/AudioPolicyService( 2995): AudioCommandThread() processing set volume stream 5,                             volume 0.398107, output 1
V/AudioPolicyService( 2995): AudioCommandThread() going to sleep
V/AudioPolicyManagerBase( 2995): initStreamVolume() stream 6, min 0, max 15
V/AudioPolicyManagerBase( 2995): setStreamVolumeIndex() stream 6, index 7
V/AudioPolicyManagerALSA( 2995): checkAndSetVolume() cannot set stream 6 volume with force use = 0 for comm
V/AudioPolicyManagerBase( 2995): initStreamVolume() stream 7, min 0, max 7
V/AudioPolicyManagerBase( 2995): setStreamVolumeIndex() stream 7, index 7
V/AudioPolicyManagerBase( 2995): computeVolume : Camera Shutter Sound volume 1.000000
V/AudioPolicyManagerALSA( 2995): setStreamVolume() for output 1 stream 7, volume 1.000000, delay 0
V/AudioPolicyService( 2995): inserting command: 2 at index 0, num commands 0
V/AudioPolicyService( 2995): AudioCommandThread() adding set volume stream 7, volume 1.000000, output 1
V/AudioPolicyService( 2995): AudioCommandThread() waking up
V/AudioPolicyService( 2995): AudioCommandThread() processing set volume stream 7,                             volume 1.000000, output 1
V/AudioPolicyService( 2995): AudioCommandThread() going to sleep
V/AudioPolicyManagerBase( 2995): initStreamVolume() stream 8, min 0, max 15
V/AudioPolicyManagerBase( 2995): setStreamVolumeIndex() stream 8, index 4
V/AudioPolicyManagerALSA( 2995): setStreamVolume() for output 1 stream 8, volume 0.022387, delay 0
V/AudioPolicyService( 2995): inserting command: 2 at index 0, num commands 0
V/AudioPolicyService( 2995): AudioCommandThread() adding set volume stream 8, volume 0.032163, output 1
V/AudioPolicyService( 2995): AudioCommandThread() waking up
V/AudioPolicyService( 2995): AudioCommandThread() processing set volume stream 8,                             volume 0.032163, output 1
V/AudioPolicyService( 2995): AudioCommandThread() going to sleep
V/AudioPolicyManagerBase( 2995): initStreamVolume() stream 9, min 0, max 15
V/AudioPolicyManagerBase( 2995): setStreamVolumeIndex() stream 9, index 14
V/AudioPolicyManagerBase( 2995): getNewDevice() selected device 0
V/AudioPolicyManagerBase( 2995): getDeviceForStrategy() from cache strategy 0, device 2
D/AudioPolicyManagerBase( 2995): return MUSIC_SPK index=14
V/AudioPolicyManagerALSA( 2995): setStreamVolume() for output 1 stream 9, volume 0.707946, delay 0
V/AudioPolicyService( 2995): inserting command: 2 at index 0, num commands 0
V/AudioPolicyService( 2995): AudioCommandThread() adding set volume stream 9, volume 0.707946, output 1
V/AudioPolicyService( 2995): AudioCommandThread() waking up
V/AudioPolicyService( 2995): AudioCommandThread() processing set volume stream 9,                             volume 0.707946, output 1
V/AudioPolicyService( 2995): AudioCommandThread() going to sleep
V/AudioPolicyManagerBase( 2995): initStreamVolume() stream 10, min 0, max 15
V/AudioPolicyManagerBase( 2995): setStreamVolumeIndex() stream 10, index 14
V/AudioPolicyManagerBase( 2995): getNewDevice() selected device 0
V/AudioPolicyManagerBase( 2995): getDeviceForStrategy() from cache strategy 0, device 2
D/AudioPolicyManagerBase( 2995): return MUSIC_SPK index=14
V/AudioPolicyManagerALSA( 2995): setStreamVolume() for output 1 stream 10, volume 0.707946, delay 0
V/AudioPolicyService( 2995): inserting command: 2 at index 0, num commands 0
V/AudioPolicyService( 2995): AudioCommandThread() adding set volume stream 10, volume 0.707946, output 1
V/AudioPolicyService( 2995): AudioCommandThread() waking up
V/AudioPolicyService( 2995): AudioCommandThread() processing set volume stream 10,                             volume 0.707946, output 1
V/AudioPolicyService( 2995): AudioCommandThread() going to sleep
V/AudioPolicyManagerBase( 2995): initStreamVolume() stream 11, min 0, max 5
V/AudioPolicyManagerBase( 2995): setStreamVolumeIndex() stream 11, index 4
V/AudioPolicyManagerALSA( 2995): setStreamVolume() for output 1 stream 11, volume 0.707946, delay 0
V/AudioPolicyService( 2995): inserting command: 2 at index 0, num commands 0
V/AudioPolicyService( 2995): AudioCommandThread() adding set volume stream 11, volume 0.707946, output 1
V/AudioPolicyService( 2995): AudioCommandThread() waking up
V/AudioPolicyService( 2995): AudioCommandThread() processing set volume stream 11,                             volume 0.707946, output 1
V/AudioPolicyService( 2995): AudioCommandThread() going to sleep
V/AudioPolicyManagerBase( 2995): initStreamVolume() stream 12, min 0, max 5
V/AudioPolicyManagerBase( 2995): setStreamVolumeIndex() stream 12, index 4
V/AudioPolicyManagerALSA( 2995): setStreamVolume() for output 1 stream 12, volume 0.707946, delay 0
V/AudioPolicyService( 2995): inserting command: 2 at index 0, num commands 0
V/AudioPolicyService( 2995): AudioCommandThread() adding set volume stream 12, volume 0.707946, output 1
V/AudioPolicyService( 2995): AudioCommandThread() waking up
V/AudioPolicyService( 2995): AudioCommandThread() processing set volume stream 12,                             volume 0.707946, output 1
V/AudioPolicyService( 2995): AudioCommandThread() going to sleep
V/AudioPolicyManagerBase( 2995): initStreamVolume() stream 13, min 0, max 15
I/AudioService( 3033): isMediaSilentMode false
V/AudioPolicyManagerBase( 2995): setStreamVolumeIndex() stream 13, index 7
V/AudioPolicyManagerBase( 2995): getNewDevice() selected device 0
V/AudioPolicyManagerBase( 2995): getDeviceForStrategy() from cache strategy 0, device 2
D/AudioPolicyManagerBase( 2995): return MUSIC_SPK index=14
V/AudioPolicyManagerBase( 2995): getNewDevice() selected device 0
V/AudioPolicyManagerBase( 2995): getDeviceForStrategy() from cache strategy 0, device 2
V/AudioPolicyManagerBase( 2995): initStreamVolume() stream 14, min 0, max 15
V/AudioPolicyManagerBase( 2995): setStreamVolumeIndex() stream 14, index 7
V/AudioPolicyManagerBase( 2995): getNewDevice() selected device 0
V/AudioPolicyManagerBase( 2995): getDeviceForStrategy() from cache strategy 0, device 2
D/AudioPolicyManagerBase( 2995): return MUSIC_SPK index=14
V/AudioPolicyManagerBase( 2995): initStreamVolume() stream 15, min 0, max 15
V/AudioPolicyManagerBase( 2995): setStreamVolumeIndex() stream 15, index 7
V/AudioPolicyManagerBase( 2995): getNewDevice() selected device 0
V/AudioPolicyManagerBase( 2995): getDeviceForStrategy() from cache strategy 0, device 2
D/AudioPolicyManagerBase( 2995): return MUSIC_SPK index=14
V/AudioPolicyManagerBase( 2995): setStreamVolumeIndex() stream 8, index 12
V/AudioPolicyManagerALSA( 2995): setStreamVolume() for output 1 stream 8, volume 0.354813, delay 0
V/AudioPolicyService( 2995): inserting command: 2 at index 0, num commands 0
V/AudioPolicyService( 2995): AudioCommandThread() adding set volume stream 8, volume 0.361265, output 1
V/AudioPolicyService( 2995): AudioCommandThread() waking up
V/AudioPolicyService( 2995): AudioCommandThread() processing set volume stream 8,                             volume 0.361265, output 1
V/AudioPolicyService( 2995): AudioCommandThread() going to sleep
V/AudioPolicyManagerBase( 2995): setStreamVolumeIndex() stream 9, index 14
V/AudioPolicyManagerBase( 2995): getNewDevice() selected device 0
V/AudioPolicyManagerBase( 2995): getDeviceForStrategy() from cache strategy 0, device 2
D/AudioPolicyManagerBase( 2995): return MUSIC_SPK index=14
V/AudioPolicyManagerBase( 2995): setStreamVolumeIndex() stream 10, index 14
V/AudioPolicyManagerBase( 2995): getNewDevice() selected device 0
V/AudioPolicyManagerBase( 2995): getDeviceForStrategy() from cache strategy 0, device 2
D/AudioPolicyManagerBase( 2995): return MUSIC_SPK index=14
V/AudioPolicyManagerBase( 2995): setStreamVolumeIndex() stream 11, index 4
V/AudioPolicyManagerBase( 2995): setStreamVolumeIndex() stream 12, index 4
V/AudioPolicyManagerBase( 2995): setStreamVolumeIndex() stream 14, index 7
V/AudioPolicyManagerBase( 2995): getNewDevice() selected device 0
V/AudioPolicyManagerBase( 2995): getDeviceForStrategy() from cache strategy 0, device 2
D/AudioPolicyManagerBase( 2995): return MUSIC_SPK index=14
V/AudioPolicyManagerBase( 2995): setStreamVolumeIndex() stream 15, index 7
V/AudioPolicyManagerBase( 2995): getNewDevice() selected device 0
V/AudioPolicyManagerBase( 2995): getDeviceForStrategy() from cache strategy 0, device 2
D/AudioPolicyManagerBase( 2995): return MUSIC_SPK index=14
V/AudioFlinger( 2995): registerClient() client 0x1d9bae0, pid 3033
V/AudioFlinger( 2995): sendConfigEvent() num events 1 event 0, param 0
V/AudioFlinger( 2995): setParameters(): io 0, keyvalue toMono=0, tid 2995, calling tid 3033
V/AudioFlinger( 2995): setParameters::  string = toMono=0 / ioHandle = 0 
V/AudioFlinger( 2995): setParameters:: send AudioHAL 
D/AudioHardwareALSA( 2995): LVVE AudioHardwareALSA::setParameters() toMono=0
D/AudioHardwareALSA( 2995): AudioHardwareALSA::setParameters() toMono=0
E/AudioSystem( 3033): isMediaServerStarted
V/AudioFlinger( 2995): processConfigEvents() remaining events 1
V/AudioFlinger( 2995): PlaybackThread::audioConfigChanged_l, thread 0x1d99770, event 0, param 0
W/AudioHardwareALSA( 2995): alsa CTS latency lowered to 9000 from 21768
I/SystemServer( 3033): Dock Observer
W/DockObserver( 3033): This kernel does not have dock station support
I/SystemServer( 3033): Wired Accessory Observer
I/SystemServer( 3033): Thermistor Observer
D/ThermistorObserver( 3033): SIOPLevel : name : ReleasedSIOP  lockFrequency : -1(-1)  cpuMaxCore : 4  limitChargingCurrent : false  displayBrightness : -1  LcdFPS : 60
D/ThermistorObserver( 3033): newProperDVFSLock : getSupportedFrequency : null
D/ThermistorObserver( 3033): SIOPLevel : name : Level1  lockFrequency : 800000(-1)  cpuMaxCore : 4  limitChargingCurrent : false  displayBrightness : -1  LcdFPS : 40
D/ThermistorObserver( 3033): newProperDVFSLock : getSupportedFrequency : null
D/ThermistorObserver( 3033): SIOPLevel : name : Level2  lockFrequency : 800000(-1)  cpuMaxCore : 2  limitChargingCurrent : true  displayBrightness : 230  LcdFPS : 40
D/ThermistorObserver( 3033): newProperDVFSLock : getSupportedFrequency : null
D/ThermistorObserver( 3033): SIOPLevel : name : Level3  lockFrequency : 500000(-1)  cpuMaxCore : 2  limitChargingCurrent : true  displayBrightness : 230  LcdFPS : 40
D/ThermistorObserver( 3033): newProperDVFSLock : getSupportedFrequency : null
D/ThermistorObserver( 3033): SIOPLevel : name : Level4  lockFrequency : 500000(-1)  cpuMaxCore : 2  limitChargingCurrent : true  displayBrightness : 230  LcdFPS : 40
I/SystemServer( 3033): USB Service
D/UsbSettingsManager( 3033): settings file not found
D/UsbDeviceManager( 3033): disable usb detecting module
D/UsbDeviceManager( 3033): read '/sys/class/android_usb/android0/state', state = CONFIGURED
D/UsbDeviceManager( 3033): initalized current function mtp,adb
D/UsbDeviceManager( 3033): handleMessage -> MSG_UPDATE_STATE connected = 1,configured = 1
I/SystemServer( 3033): UI Mode Manager Service
D/LibQmg_native( 3098): register_android_app_LibQmg
I/SystemServer( 3033): Backup Service
V/BackupManagerService( 3033): Initializing package tracking
V/BackupManagerService( 3033): No ancestral data
D/dalvikvm( 3033): GC_CONCURRENT freed 62K, 13% free 7470K/8583K, paused 2ms+7ms
V/BackupManagerService( 3033): addPackageParticipantsLocked: all
I/BackupManagerService( 3033): New app android never backed up; scheduling
I/BackupManagerService( 3033): New app com.android.calendar never backed up; scheduling
I/BackupManagerService( 3033): New app com.android.contacts never backed up; scheduling
I/BackupManagerService( 3033): New app com.android.providers.settings never backed up; scheduling
I/BackupManagerService( 3033): New app com.android.providers.userdictionary never backed up; scheduling
I/BackupManagerService( 3033): New app com.android.sharedstoragebackup never backed up; scheduling
D/AndroidRuntime( 3098): Calling main entry com.android.commands.am.Am
I/BackupManagerService( 3033): New app com.baidu.antidisturbance never backed up; scheduling
I/BackupManagerService( 3033): New app com.baidu.baiduclock never backed up; scheduling
I/BackupManagerService( 3033): New app com.baidu.home2 never backed up; scheduling
I/BackupManagerService( 3033): New app com.baidu.notepad never backed up; scheduling
I/BackupManagerService( 3033): New app yi never backed up; scheduling
V/BackupManagerService( 3033): Registering transport android/com.android.internal.backup.LocalTransport = com.android.internal.backup.LocalTransport@41337018
V/BackupManagerService( 3033): Registering transport com.android.server.enterprise/.EdmBackupTransport = com.android.server.enterprise.EdmBackupTransport@41337f80
V/BackupManagerService( 3033): Starting with transport android/com.android.internal.backup.LocalTransport
V/BackupManagerService( 3033): Google transport not present
D/BackupManagerService( 3033): registerBaiduTransport
I/BackupManagerService( 3033): Found stale backup journal, scheduling
I/BackupManagerService( 3033):   android
I/BackupManagerService( 3033):   com.android.calendar
I/BackupManagerService( 3033):   com.android.contacts
I/BackupManagerService( 3033):   com.android.providers.settings
I/BackupManagerService( 3033):   com.android.providers.userdictionary
I/BackupManagerService( 3033):   com.android.sharedstoragebackup
I/BackupManagerService( 3033):   com.baidu.antidisturbance
I/BackupManagerService( 3033):   com.baidu.baiduclock
I/BackupManagerService( 3033):   com.baidu.home2
I/BackupManagerService( 3033):   com.baidu.notepad
I/BackupManagerService( 3033):   yi
I/BackupManagerService( 3033): Backup enabled => true
W/AlarmManager( 3033): FACTORY_ON= 0
I/SystemServer( 3033): AppWidget Service
E/ActivityManager( 3033): Attempt to launch receivers of broadcast intent Intent { act=com.intent.action.KIES_WSSERVICE_STOP } before boot completion
I/SystemServer( 3033): Recognition Service
I/SystemServer( 3033): DiskStats Service
I/SystemServer( 3033): SamplingProfiler Service
E/ActivityManager( 3033): Activity Manager Crash
E/ActivityManager( 3033): java.lang.IllegalStateException: Cannot broadcast before boot completed
E/ActivityManager( 3033): 	at com.android.server.am.ActivityManagerService.verifyBroadcastLocked(ActivityManagerService.java)
E/ActivityManager( 3033): 	at com.android.server.am.ActivityManagerService.broadcastIntent(ActivityManagerService.java)
E/ActivityManager( 3033): 	at android.app.ActivityManagerNative.onTransact(ActivityManagerNative.java:324)
E/ActivityManager( 3033): 	at com.android.server.am.ActivityManagerService.onTransact(ActivityManagerService.java)
E/ActivityManager( 3033): 	at android.os.Binder.execTransact(Binder.java:338)
E/ActivityManager( 3033): 	at com.android.server.SystemServer.init1(Native Method)
E/ActivityManager( 3033): 	at com.android.server.SystemServer.main(SystemServer.java:1147)
E/ActivityManager( 3033): 	at java.lang.reflect.Method.invokeNative(Native Method)
E/ActivityManager( 3033): 	at java.lang.reflect.Method.invoke(Method.java:511)
E/ActivityManager( 3033): 	at com.android.internal.os.ZygoteInit$MethodAndArgsCaller.run(ZygoteInit.java:994)
E/ActivityManager( 3033): 	at com.android.internal.os.ZygoteInit.main(ZygoteInit.java:761)
E/ActivityManager( 3033): 	at dalvik.system.NativeStart.main(Native Method)
I/SystemServer( 3033): NetworkTimeUpdateService
I/SystemServer( 3033): Tvout Service ro.tvout.enable = false
I/SystemServer( 3033): IRDA Service ro.product.nam = kyletdzm
I/SystemServer( 3033): MiniModeAppManager Service
D/SystemServer( 3033): This escaping dexopt of minimode.jar is only for eng build
D/SystemServer( 3033): /data/dalvik-cache/minimode.dex is copied from /data/dalvik-cache/system@framework@minimode.jar@classes.dex
D/SystemServer( 3033): lastModfied time of /data/dalvik-cache/minimode.dex is changed to 1217592000
I/SystemServer( 3033): Motion Recognition Service
E/MotionRecognitionService( 3033):   Engine is not included
I/SystemServer( 3033): VoIPInterfaceManager Service
D/VoIPInterfaceManager( 3033): VoIPInterfaceManager()...
D/VoIPInterfaceManager( 3033): START VOIPINTERFACE SRVICE
E/FaceDetectionService( 3033): FaceDetectionService Started.
D/VibratorService( 3033): JNI vibratorOff()
I/WindowManager( 3033): SAFE MODE not enabled
D/dalvikvm( 3033): JIT started for system_server
D/AndroidRuntime( 3129): 
D/AndroidRuntime( 3129): >>>>>> AndroidRuntime START com.android.internal.os.RuntimeInit <<<<<<
D/AndroidRuntime( 3129): CheckJNI is OFF
I/EnterpriseDeviceManagerService( 3033): Check for migration from 1.0
D/VibratorService( 3033): JNI vibratorOn() : 1
D/PowerManagerService( 3033): setScreenOffTimeouts mKeylightDelay=1500 mDimDelay=51500 mScreenOffDelay=7000 mDimScreen=true
W/EnterpriseDeviceManagerService( 3033): systemReady
I/EnterpriseDeviceManagerService( 3033): Migration from 1.0 already done
D/AndroidRuntime( 3129): setted country_code = china
D/AndroidRuntime( 3129): setted countryiso_code = CN
D/AndroidRuntime( 3129): setted sales_code = CHM
W/EnterpriseDeviceManagerService( 3033): loadActiveAdmins
I/ApplicationPermissionControlPolicy( 3033): systemReady...
I/ApplicationPermissionControlPolicy( 3033): reinforceApplicationPermissionControl
D/VibratorService( 3033): JNI vibratorOn() : 21
D/AndroidRuntime( 3129): readGMSProperty: start
D/AndroidRuntime( 3129): readGMSProperty: already setted!!
D/AndroidRuntime( 3129): readGMSProperty: end
I/SystemServer( 3033): enterprisePolicy systemReady
D/STATUSBAR-NotificationService( 3033): systemReady()
D/STATUSBAR-NotificationService( 3033): PickupSettingsObserver - update()
D/STATUSBAR-NotificationService( 3033): setPickupMotionEnabled:false
D/STATUSBAR-NotificationService( 3033): pickupObserver.observe()
D/STATUSBAR-NotificationService( 3033): motionObserver.observe()
D/STATUSBAR-NotificationService( 3033): overturnObserver.observe();
D/PowerManagerService( 3033): setPowerState : mBootCompleted : false, newState |= ALL_BRIGHT
D/PowerManagerService( 3033): system ready!
D/PowerManagerService( 3033): enableLightSensorLocked enable=false mAutoBrightessEnabled=false
D/BaiduKeyguardManager( 3033): sys.product_default_lock_mode 1
D/BaiduKeyguardManager( 3033): total memory:690
D/BaiduKeyguardManager( 3033): lockscreen.lockmode_type 2
I/Zygote  ( 3033): Process: zygote socket opened
I/ActivityManager( 3033): System now ready
I/SystemServer( 3033): Making services ready
D/SystemServer( 3033): Starting service: Intent { cmp=xxxx }
I/BaiduLockScreen( 3033): MultithemeUnlockScreen: MultithemeUnlockScreen onCreate
I/BaiduLockScreen( 3033): MultithemeUnlockScreen: initlayout 
I/BaiduLockScreen( 3033): MultithemeUnlockScreen: create LockScreenElement
I/ActivityManager( 3033): Start proc app.processName for service hostingNameStr: pid=3142 uid=1000 gids={3003, 1015, 1023, 1007, 1006, 3002, 3001, 2001, 3006}
D/NetworkManagementService( 3033): enabling bandwidth control
W/dalvikvm( 3142): Refusing to reopen boot DEX '/system/framework/framework-yi.jar'
I/BaiduLockScreen( 3033): MultithemeUnlockScreen: generate LockScreenView
D/BaiduLockScreen( 3033): WallpaperElement: generateView WallpaperElement View
I/System.out( 3033): Not a DRM File, opening notmally
I/System.out( 3033): buffer returned 
D/Kies    (   88): sending intent finished.
D/Kies    (   88): KIES_APP_STOP sending intent result = 1.
D/Kies    (   88): [DR->KIES]Received data notification
D/Kies    (   88): NOT DEFINE
D/Kies    (   88): Message:AT
E/DataRouter(  108): [socket:16]******* Received data notification *******
D/dalvikvm( 3033): GC_FOR_ALLOC freed 530K, 14% free 7712K/8903K, paused 174ms
I/dalvikvm-heap( 3033): Grow heap (frag case) to 9.693MB for 1637776-byte allocation
D/dalvikvm( 3033): GC_FOR_ALLOC freed 4K, 12% free 9307K/10503K, paused 68ms
E/DataRouter(  108): write [9] bytes of data to USB fd[14]
E/DataRouter(  108): [socket:17]dr_usb_write
E/DataRouter(  108): After the usb select 
E/DataRouter(  108): read usb data[len:1]
E/DataRouter(  108): read usb data message:A
E/DataRouter(  108): Before the usb select 
E/SMD     (   89): ***Received data notification[DR->SMD]***
E/SMD     (   89): Message:A
E/SMD     (   89): Sending data to SMD: Len = [1]
E/SMD     (   89):  buffer = [A]
E/SMD     (   89): Wrote 1 chars to SMD PORT fd=11 ch = 41
D/NetworkManagementService( 3033): Registering observer
W/AlarmManager( 3033): FACTORY_ON= 0
D/SystemUIService( 3142): loading: class com.android.systemui.statusbar.phone.PhoneStatusBar
D/SystemUIService( 3142): running: com.android.systemui.statusbar.phone.PhoneStatusBar@40fa4148
D/dalvikvm( 3142): GC_CONCURRENT freed 131K, 23% free 2624K/3399K, paused 2ms+1ms
E/DataRouter(  108): After the usb select 
E/DataRouter(  108): read usb data[len:1]
E/DataRouter(  108): read usb data message:T
E/DataRouter(  108): Before the usb select 
E/SMD     (   89): ***Received data notification[DR->SMD]***
E/SMD     (   89): Message:T
E/SMD     (   89): Sending data to SMD: Len = [1]
E/SMD     (   89):  buffer = [T]
E/SMD     (   89): Wrote 1 chars to SMD PORT fd=11 ch = 54
I/BaiduLockScreen( 3033): MultithemeUnlockScreen: create multi-lockscreen ok
D/NetworkManagementService( 3033): Registering observer
I/SystemServer( 3033): thermistor systemReady
D/ThermistorObserver( 3033): systemReady()
D/ThermistorObserver( 3033): notifyLimitBrightness() : brightness : -1
D/ThermistorObserver( 3033): Start Observing for SIOP.
D/UsbDeviceManager( 3033): systemReady
D/UsbDeviceManager( 3033): systemReady : massStorageSupported = false
D/UsbDeviceManager( 3033): systemReady : mAdbEnabled = true, mUseUsbNotification = true
D/UsbHostManager( 3033): systemReady
D/UsbDeviceManager( 3033): handleMessage -> MSG_SYSTEM_READY
D/UsbDeviceManager( 3033): updateUsbNotification : mConnected = true, mConfigured = true, mCurrentFunctions = mtp,adb
V/UiModeManager( 3033): updateLocked, mLastBroadcastState =0 , oldAction = null
I/ActivityManager( 3033): Config changed: {0 1.0 0mcc0mnc zh_CN layoutdir=0 sw320dp w320dp h508dp nrml long port finger -keyb/v/h -nav/h s.4 themeChanged=0}
E/DataRouter(  108): After the usb select 
E/DataRouter(  108): read usb data[len:1]
E/DataRouter(  108): read usb data message:+
E/DataRouter(  108): Before the usb select 
E/SMD     (   89): ***Received data notification[DR->SMD]***
E/SMD     (   89): Message:+
E/SMD     (   89): Sending data to SMD: Len = [1]
E/SMD     (   89):  buffer = [+]
E/SMD     (   89): Wrote 1 chars to SMD PORT fd=11 ch = 2b
I/BaiduLockScreen( 3033): InfoRefreshUtil: register_Receiver_create
D/ApplicationPolicy( 3033): isStatusBarNotificationAllowed: packageName = android
I/BaiduLockScreen( 3033): LockScreenElement: stopAnimations
I/BaiduLockScreen( 3033): MultithemeUnlockScreen: onResume
I/BaiduLockScreen( 3033): InfoRefreshUtil: register_Receiver_resume
I/BaiduLockScreen( 3033): MultithemeUnlockScreen: onResume
I/BaiduLockScreen( 3033): InfoRefreshUtil: register_Receiver_resume
D/STATUSBAR-NotificationService( 3033): enqueueNotificationInternal - pkg:android, id:17040654
W/RecognitionManagerService( 3033): no available voice recognition services found
D/PowerManagerService( 3033): enableUserActivity false
D/PowerManagerService( 3033): acquireWakeLock flags=0x1000001a tag=keyguard uid=1000 pid=3033   myUID=1000 myPID=3033 myTID=3070
D/PowerManagerService( 3033): setPowerState : mBootCompleted : false, newState |= ALL_BRIGHT
D/dalvikvm( 3033): GC_CONCURRENT freed 315K, 12% free 9457K/10631K, paused 2ms+9ms
E/DataRouter(  108): After the usb select 
E/DataRouter(  108): read usb data[len:1]
E/DataRouter(  108): read usb data message:C
E/DataRouter(  108): Before the usb select 
E/SMD     (   89): ***Received data notification[DR->SMD]***
E/SMD     (   89): Message:C
E/SMD     (   89): Sending data to SMD: Len = [1]
E/SMD     (   89):  buffer = [C]
E/SMD     (   89): Wrote 1 chars to SMD PORT fd=11 ch = 43
D/STATUSBAR-StatusBarManagerService( 3033): manageDisableList what=0x1000000 pkg=android
E/Watchdog( 3033): !@Sync 0
E/DataRouter(  108): After the usb select 
E/DataRouter(  108): read usb data[len:1]
E/DataRouter(  108): read usb data message:G
E/DataRouter(  108): Before the usb select 
E/SMD     (   89): ***Received data notification[DR->SMD]***
E/SMD     (   89): Message:G
E/SMD     (   89): Sending data to SMD: Len = [1]
E/SMD     (   89):  buffer = [G]
E/SMD     (   89): Wrote 1 chars to SMD PORT fd=11 ch = 47
I/ActivityManager( 3033): Start proc app.processName for content provider hostingNameStr: pid=3201 uid=10000 gids={3003, 1015, 1023}
D/WindowManager( 3033): mIsPreventWakeupEnable = 0
D/STATUSBAR-NotificationService( 3033): Noti Alert - mSystemReady:true, AlertEnabled:true
D/UsbDeviceManager( 3033): updateUsbNotification : notify id = 17040654, title = 已连接作为外部存储设备
D/UsbDeviceManager( 3033): updateAdbNotification : mAdbEnabled = true, mConnected = true, mAdbNotificationShown = false
D/UsbDeviceManager( 3033): don't notify adb
D/UsbDeviceManager( 3033): sending intent : ACTION_USB_STATE : connected = true, configured = true, functions = mtp,adb
I/SurfaceFlinger(   94): id=76(1) createSurface 0x95c6c (1x1),1 flag=0, Keyguare
D/GlRenderer( 3033): initialize
D/GlRenderer( 3033): initializeEgl
D/libEGL  ( 3033): loaded /system/lib/egl/libEGL_mali.so
D/libEGL  ( 3033): loaded /system/lib/egl/libGLESv1_CM_mali.so
D/libEGL  ( 3033): loaded /system/lib/egl/libGLESv2_mali.so
E/DataRouter(  108): After the usb select 
E/DataRouter(  108): read usb data[len:1]
E/DataRouter(  108): read usb data message:M
E/DataRouter(  108): Before the usb select 
E/SMD     (   89): ***Received data notification[DR->SMD]***
E/SMD     (   89): Message:M
E/SMD     (   89): Sending data to SMD: Len = [1]
E/SMD     (   89):  buffer = [M]
E/SMD     (   89): Wrote 1 chars to SMD PORT fd=11 ch = 4d
D/dalvikvm( 3142): GC_CONCURRENT freed 339K, 27% free 2781K/3783K, paused 2ms+1ms
D/dalvikvm( 3142): GC_FOR_ALLOC freed 3K, 27% free 2778K/3783K, paused 22ms
E/DataRouter(  108): After the usb select 
E/DataRouter(  108): read usb data[len:1]
E/DataRouter(  108): read usb data message:I
E/DataRouter(  108): Before the usb select 
E/SMD     (   89): ***Received data notification[DR->SMD]***
E/SMD     (   89): Message:I
E/SMD     (   89): Sending data to SMD: Len = [1]
E/SMD     (   89):  buffer = [I]
E/SMD     (   89): Wrote 1 chars to SMD PORT fd=11 ch = 49
D/dalvikvm( 3033): GC_FOR_ALLOC freed 1813K, 23% free 9398K/12167K, paused 147ms
I/libEGL  ( 3033): eglCreateWindowSurface
D/OpenGLRenderer( 3033): Enabling debug mode 0
I/BaiduLockScreen( 3033): LockScreenHandler: handleMessage { what=531 when=-412ms }
I/BaiduLockScreen( 3033): LockScreenHandler: handleMessage { what=531 when=-421ms }
I/BaiduLockScreen( 3033): LockScreenHandler: handleMessage { what=531 when=-424ms }
E/DataRouter(  108): After the usb select 
E/DataRouter(  108): read usb data[len:1]
E/DataRouter(  108): read usb data message:
E/DataRouter(  108): Before the usb select 
E/SMD     (   89): ***Received data notification[DR->SMD]***
E/SMD     (   89): Message:
E/SMD     (   89): Sending data to SMD: Len = [1]
E/SMD     (   89):  buffer = []
E/SMD     (   89): Wrote 1 chars to SMD PORT fd=11 ch = d
D/SPRDENG (  150): eng_server2modem: use SIM1 /dev/CHNPTY13
D/SPRDENG (  150): AT > AT+CGMI
D/SPRDENG (  150): eng_modem2server: use SIM1 /dev/CHNPTY13
D/STATUSBAR-StatusBarManagerService( 3033): setSystemUiVisibility(0xe00000)
D/STATUSBAR-StatusBarManagerService( 3033): manageDisableList what=0xe00000 pkg=WindowManager.LayoutParams
D/PHONESERVER(  145): Send thread's TID [302] CHNMNG:findNextEOL:
D/PHONESERVER(  145): Send thread's TID [302] CHNMNG:end findNextEOL:
D/PHONESERVER(  145): Send thread's TID [302] PS_PTY : /dev/CHNPTY13 Received 8 bytes command[AT+CGMI]
D/PHONESERVER(  145): Send thread TID [302] CHNMNG enter channel_manager_get_cmux 
D/PHONESERVER(  145): Before add wait array pty=0x37964
D/PHONESERVER(  145): Before add wait array
D/PHONESERVER(  145): 
D/PHONESERVER(  145): After add wait array
D/PHONESERVER(  145): [0]:302 
D/PHONESERVER(  145): 
D/PHONESERVER(  145): TYPE: GSM
D/PHONESERVER(  145): Send thread TID [302] CHNMNG Leave channel_manager_get_cmux:/dev/ts0710mux5 
D/PHONESERVER(  145): PS_CMUX cmux_regist_cmd_callback cmux:/dev/ts0710mux5
D/PHONESERVER(  145): PS_CMUX :/dev/ts0710mux5 cmux_write:AT+CGMI:len=8
D/PHONESERVER(  145): [302] before timeout (1404381838)
D/PHONESERVER(  145): Receive thread's TID [291] CHMNG:  receive data thread :mux=/dev/ts0710mux5:input:Spreadtrum Communication CO.
D/PHONESERVER(  145): pty_write get lock
D/PHONESERVER(  145): PS_PTY:/dev/CHNPTY13   write :
D/PHONESERVER(  145): Spreadtrum Communication CO.
D/PHONESERVER(  145): 
D/PHONESERVER(  145): pty_write free lock
D/PHONESERVER(  145): Receive thread's TID [291] MUX :/dev/ts0710mux5 Waiting for resp  
D/PHONESERVER(  145): Receive thread's TID [291] CHMNG:  receive data thread :mux=/dev/ts0710mux5:input:OK
D/PHONESERVER(  145): PS_CMUX cmux_deregist_cmd_callback cmux:/dev/ts0710mux5
D/PHONESERVER(  145): pty_write get lock
D/PHONESERVER(  145): PS_PTY:/dev/CHNPTY13   write :
D/PHONESERVER(  145): OK
D/PHONESERVER(  145): 
D/SPRDENG (  150): AT < 
D/SPRDENG (  150): Spreadtrum Communication CO.
D/SPRDENG (  150): 
D/SPRDENG (  150): OK
D/SPRDENG (  150): 
E/SMD     (   89): After the Modem Read select 
E/SMD     (   89): Read 38 chars from SMD Modem file fd = 11
E/SMD     (   89):  Message: 
E/SMD     (   89): Spreadtrum Communication CO.
E/SMD     (   89): 
E/SMD     (   89): OK
E/SMD     (   89): ","SM"))
E/SMD     (   89): 
E/SMD     (   89): OK
E/SMD     (   89): G", "AC","PN", "FD","PU","PP","PC")
E/SMD     (   89): 
E/SMD     (   89): OK
E/SMD     (   89): 28-2013 12:11:48
E/SMD     (   89): 
E/SMD     (   89): OK
E/SMD     (   89): 
E/SMD     (   89): Before the Modem Read select 
E/DataRouter(  108): [socket:17]******* Received data notification *******
E/DataRouter(  108): [socket:17]read socket data[len:38]
E/DataRouter(  108): [socket:17]read socket data[message:
E/DataRouter(  108): Spreadtrum Communication CO.
E/DataRouter(  108): 
E/DataRouter(  108): OK
E/DataRouter(  108): 
E/DataRouter(  108): write [38] bytes of data to USB fd[14]
E/DataRouter(  108): [socket:17]dr_usb_write
D/PHONESERVER(  145): pty_write free lock
D/PHONESERVER(  145): CHNMNG enter channel_manager_free_cmux cmux=/dev/ts0710mux5 
D/PHONESERVER(  145): CHNMNG enter channel_manager_free_cmux pty=0x37964 
D/PHONESERVER(  145): [291] Before remove wait array
D/PHONESERVER(  145): [0]:302 
D/PHONESERVER(  145): 
D/PHONESERVER(  145): [291] After remove wait array
D/PHONESERVER(  145): 
D/PHONESERVER(  145): Enter select_send_thread_run
D/PHONESERVER(  145): Leave select_send_thread_run
D/PHONESERVER(  145): CHNMNG Leave channel_manager_free_cmux cmux=/dev/ts0710mux5 
D/PHONESERVER(  145): [291] before signal (1404381838)
D/PHONESERVER(  145): [291] after signal (1404381838)
D/PHONESERVER(  145): Receive thread's TID [291] MUX :/dev/ts0710mux5 Waiting for resp  
E/DataRouter(  108): After the usb select 
E/DataRouter(  108): read usb data[len:1]
E/DataRouter(  108): read usb data message:A
E/DataRouter(  108): Before the usb select 
E/SMD     (   89): ***Received data notification[DR->SMD]***
E/SMD     (   89): Message:A
E/SMD     (   89): Sending data to SMD: Len = [1]
E/SMD     (   89):  buffer = [A]
E/SMD     (   89): Wrote 1 chars to SMD PORT fd=11 ch = 41
D/PHONESERVER(  145): [302] after timeout (1404381838)
D/PHONESERVER(  145): phoneserver mux adapt: generic cmd AT+CGMI
I/BaiduLockScreen( 3033): LockScreenHandler: handleMessage { what=520 when=-49ms }
D/BaiduLockScreen( 3033): WallpaperElement: changeWallPaper
I/ActivityManager( 3033): Start proc app.processName for broadcast hostingNameStr: pid=3218 uid=10035 gids={1015, 1023, 1024, 2001, 3003, 3007}
W/dalvikvm( 3201): Refusing to reopen boot DEX '/system/framework/framework-yi.jar'
E/DataRouter(  108): After the usb select 
E/DataRouter(  108): read usb data[len:1]
E/DataRouter(  108): read usb data message:T
E/DataRouter(  108): Before the usb select 
E/SMD     (   89): ***Received data notification[DR->SMD]***
E/SMD     (   89): Message:T
E/SMD     (   89): Sending data to SMD: Len = [1]
E/SMD     (   89):  buffer = [T]
E/SMD     (   89): Wrote 1 chars to SMD PORT fd=11 ch = 54
D/LibQmg_native( 3129): register_android_app_LibQmg
E/DataRouter(  108): After the usb select 
E/DataRouter(  108): read usb data[len:1]
E/DataRouter(  108): read usb data message:+
E/DataRouter(  108): Before the usb select 
E/SMD     (   89): ***Received data notification[DR->SMD]***
E/SMD     (   89): Message:+
E/SMD     (   89): Sending data to SMD: Len = [1]
E/SMD     (   89):  buffer = [+]
E/SMD     (   89): Wrote 1 chars to SMD PORT fd=11 ch = 2b
I/ActivityThread( 3218): Pub media: com.android.providers.media.MediaProvider
W/InputManagerService( 3033): Ignoring setImeWindowStatus of uid 1000 token: null
I/ActivityThread( 3201): Pub com.android.voicemail: com.android.providers.contacts.VoicemailContentProvider
E/DataRouter(  108): After the usb select 
E/DataRouter(  108): read usb data[len:1]
E/DataRouter(  108): read usb data message:C
E/DataRouter(  108): Before the usb select 
E/SMD     (   89): ***Received data notification[DR->SMD]***
E/SMD     (   89): Message:C
E/SMD     (   89): Sending data to SMD: Len = [1]
E/SMD     (   89):  buffer = [C]
E/SMD     (   89): Wrote 1 chars to SMD PORT fd=11 ch = 43
I/ActivityManager( 3033): Start proc app.processName for content provider hostingNameStr: pid=3237 uid=1000 gids={3003, 1015, 1023, 1007, 1006, 3002, 3001, 2001, 3006}
D/NetworkManagementService( 3033): Registering observer
I/ActivityThread( 3201): Pub user_dictionary: com.android.providers.userdictionary.UserDictionaryProvider
E/DataRouter(  108): After the usb select 
E/DataRouter(  108): read usb data[len:1]
E/DataRouter(  108): read usb data message:G
E/DataRouter(  108): Before the usb select 
E/SMD     (   89): ***Received data notification[DR->SMD]***
E/SMD     (   89): Message:G
E/SMD     (   89): Sending data to SMD: Len = [1]
E/SMD     (   89):  buffer = [G]
E/SMD     (   89): Wrote 1 chars to SMD PORT fd=11 ch = 47
I/ActivityManager( 3033): START {intent.toShortString} from pid 0
D/Posix   ( 3033): ## MMS_TRACE: ##: setsockoptInt(): option = 18, value = 1.
D/Posix   ( 3033): ## MMS_TRACE: ##: setsockoptInt(): option = 6, value = 1.
D/AndroidRuntime( 3129): Calling main entry com.android.commands.am.Am
D/Posix   ( 3033): ## MMS_TRACE: ##: setsockoptInt(): option = 18, value = 1.
D/Posix   ( 3033): ## MMS_TRACE: ##: setsockoptInt(): option = 6, value = 1.
I/ActivityManager( 3033): Start proc app.processName for activity hostingNameStr: pid=3254 uid=10053 gids={1007, 1015, 1023, 3003, 3002, 3001, 1006}
E/DataRouter(  108): After the usb select 
E/DataRouter(  108): read usb data[len:1]
E/DataRouter(  108): read usb data message:M
E/DataRouter(  108): Before the usb select 
E/SMD     (   89): ***Received data notification[DR->SMD]***
E/SMD     (   89): Message:M
E/SMD     (   89): Sending data to SMD: Len = [1]
E/SMD     (   89):  buffer = [M]
E/SMD     (   89): Wrote 1 chars to SMD PORT fd=11 ch = 4d
I/SystemServer( 3033): !@End of System ServerThread
D/PowerManagerService( 3033): setPowerState : mBootCompleted : false, newState |= ALL_BRIGHT
I/ActivityThread( 3201): Pub applications: com.android.providers.applications.ApplicationsProvider
W/dalvikvm( 3237): Refusing to reopen boot DEX '/system/framework/framework-yi.jar'
D/SmartPowerService( 3033): receive broadcast! action = android.intent.action.BATTERY_CHANGED
D/SmartPowerService( 3033): batteryLevel = 70
D/DeviceInfo( 3033): Trying to connect to SysScope Service
W/ActivityManager( 3033): Unable to start service service: not found
E/DataRouter(  108): After the usb select 
E/DataRouter(  108): read usb data[len:1]
E/DataRouter(  108): read usb data message:M
E/DataRouter(  108): Before the usb select 
E/SMD     (   89): ***Received data notification[DR->SMD]***
E/SMD     (   89): Message:M
E/SMD     (   89): Sending data to SMD: Len = [1]
E/SMD     (   89):  buffer = [M]
E/SMD     (   89): Wrote 1 chars to SMD PORT fd=11 ch = 4d
V/UiModeManager( 3033): updateLocked, mLastBroadcastState =0 , oldAction = null
D/dalvikvm( 3142): GC_CONCURRENT freed 109K, 18% free 3669K/4423K, paused 2ms+7ms
I/ActivityThread( 3237): Pub com.baidu.bsy.channel: com.baidu.channel.ChannelProvider
E/DataRouter(  108): After the usb select 
E/DataRouter(  108): read usb data[len:1]
E/DataRouter(  108): read usb data message:
E/DataRouter(  108): Before the usb select 
E/SMD     (   89): ***Received data notification[DR->SMD]***
E/SMD     (   89): Message:
E/SMD     (   89): Sending data to SMD: Len = [1]
E/SMD     (   89):  buffer = []
D/SPRDENG (  150): eng_server2modem: use SIM1 /dev/CHNPTY13
D/SPRDENG (  150): AT > AT+CGMM
D/PHONESERVER(  145): Send thread's TID [302] CHNMNG:findNextEOL:
D/PHONESERVER(  145): Send thread's TID [302] CHNMNG:end findNextEOL:
D/PHONESERVER(  145): Send thread's TID [302] CHNMNG:findNextEOL:
D/PHONESERVER(  145): Send thread's TID [302] CHNMNG:end findNextEOL:
D/PHONESERVER(  145): Send thread's TID [302] PS_PTY : /dev/CHNPTY13 Received 8 bytes command[AT+CGMM]
D/PHONESERVER(  145): Send thread TID [302] CHNMNG enter channel_manager_get_cmux 
D/PHONESERVER(  145): Before add wait array pty=0x37964
D/PHONESERVER(  145): Before add wait array
D/PHONESERVER(  145): 
D/PHONESERVER(  145): After add wait array
D/PHONESERVER(  145): [0]:302 
D/PHONESERVER(  145): 
D/PHONESERVER(  145): TYPE: GSM
D/PHONESERVER(  145): Send thread TID [302] CHNMNG Leave channel_manager_get_cmux:/dev/ts0710mux5 
D/PHONESERVER(  145): PS_CMUX cmux_regist_cmd_callback cmux:/dev/ts0710mux5
D/PHONESERVER(  145): PS_CMUX :/dev/ts0710mux5 cmux_write:AT+CGMM:len=8
D/PHONESERVER(  145): Receive thread's TID [291] CHMNG:  receive data thread :mux=/dev/ts0710mux5:input:V1.0.1-B7
D/PHONESERVER(  145): pty_write get lock
D/PHONESERVER(  145): PS_PTY:/dev/CHNPTY13   write :
D/PHONESERVER(  145): V1.0.1-B7
D/PHONESERVER(  145): 
E/SMD     (   89): Wrote 1 chars to SMD PORT fd=11 ch = d
D/PHONESERVER(  145): pty_write free lock
D/PHONESERVER(  145): Receive thread's TID [291] MUX :/dev/ts0710mux5 Waiting for resp  
D/PHONESERVER(  145): Receive thread's TID [291] CHMNG:  receive data thread :mux=/dev/ts0710mux5:input:OK
D/PHONESERVER(  145): PS_CMUX cmux_deregist_cmd_callback cmux:/dev/ts0710mux5
D/PHONESERVER(  145): pty_write get lock
D/PHONESERVER(  145): PS_PTY:/dev/CHNPTY13   write :
D/PHONESERVER(  145): OK
D/PHONESERVER(  145): 
D/SPRDENG (  150): eng_modem2server: use SIM1 /dev/CHNPTY13
D/SPRDENG (  150): AT < 
D/SPRDENG (  150): V1.0.1-B7
D/SPRDENG (  150): 
D/SPRDENG (  150): OK
D/SPRDENG (  150): 
E/SMD     (   89): After the Modem Read select 
E/SMD     (   89): Read 19 chars from SMD Modem file fd = 11
E/SMD     (   89):  Message: 
E/SMD     (   89): V1.0.1-B7
E/SMD     (   89): 
E/SMD     (   89): OK
E/SMD     (   89): ication CO.
E/SMD     (   89): 
E/SMD     (   89): OK
E/SMD     (   89): ","SM"))
E/SMD     (   89): 
E/SMD     (   89): OK
E/SMD     (   89): G", "AC","PN", "FD","PU","PP","PC")
E/SMD     (   89): 
E/SMD     (   89): OK
E/SMD     (   89): 28-2013 12:11:48
E/SMD     (   89): 
E/SMD     (   89): OK
E/SMD     (   89): 
E/SMD     (   89): Before the Modem Read select 
E/DataRouter(  108): [socket:17]******* Received data notification *******
E/DataRouter(  108): [socket:17]read socket data[len:19]
E/DataRouter(  108): [socket:17]read socket data[message:
E/DataRouter(  108): V1.0.1-B7
E/DataRouter(  108): 
E/DataRouter(  108): OK
E/DataRouter(  108): 
E/DataRouter(  108): write [19] bytes of data to USB fd[14]
E/DataRouter(  108): [socket:17]dr_usb_write
D/PHONESERVER(  145): pty_write free lock
D/PHONESERVER(  145): [302] before timeout (1404381839)
D/PHONESERVER(  145): CHNMNG enter channel_manager_free_cmux cmux=/dev/ts0710mux5 
D/PHONESERVER(  145): CHNMNG enter channel_manager_free_cmux pty=0x37964 
D/PHONESERVER(  145): [291] Before remove wait array
D/PHONESERVER(  145): [0]:302 
D/PHONESERVER(  145): 
D/PHONESERVER(  145): [291] After remove wait array
D/PHONESERVER(  145): 
D/PHONESERVER(  145): Enter select_send_thread_run
D/PHONESERVER(  145): Leave select_send_thread_run
D/PHONESERVER(  145): CHNMNG Leave channel_manager_free_cmux cmux=/dev/ts0710mux5 
D/PHONESERVER(  145): [291] before signal (1404381839)
D/PHONESERVER(  145): [291] after signal (1404381839)
D/PHONESERVER(  145): Receive thread's TID [291] MUX :/dev/ts0710mux5 Waiting for resp  
D/PHONESERVER(  145): [302] after timeout (1404381839)
D/PHONESERVER(  145): phoneserver mux adapt: generic cmd AT+CGMM
I/ActivityThread( 3237): Pub com.baidu.register.provider: com.baidu.register.util.RegProvider
E/DataRouter(  108): After the usb select 
E/DataRouter(  108): read usb data[len:1]
E/DataRouter(  108): read usb data message:A
E/DataRouter(  108): Before the usb select 
E/SMD     (   89): ***Received data notification[DR->SMD]***
E/SMD     (   89): Message:A
E/SMD     (   89): Sending data to SMD: Len = [1]
E/SMD     (   89):  buffer = [A]
E/SMD     (   89): Wrote 1 chars to SMD PORT fd=11 ch = 41
I/ActivityThread( 3201): Pub com.baidu.cloud.report: com.android.providers.contacts.ReportProvider
I/ActivityThread( 3201): Pub contacts;com.android.contacts: com.android.providers.contacts.ContactsProvider2
I/ActivityThread( 3218): Pub downloads: com.android.providers.downloads.DownloadProvider
D/gps_sirf( 3033): sirf_open_gps_driver: called
D/gps_sirf( 3033): start_delayed_tracker_upload success
D/gps_sirf( 3033): sirf_get_gps_interface: sirf_get_gps_interface called, Line: 5721
D/gps_sirf( 3033): sirf_gps_get_extension called : gps-xtra
D/gps_sirf( 3033): sirf_gps_get_extension: interface gps-xtra not supported
D/gps_sirf( 3033): sirf_gps_get_extension called : agps
D/gps_sirf( 3033): sirf_gps_get_extension called : gps-ni
D/gps_sirf( 3033): sirf_gps_get_extension called : gps-debug
D/gps_sirf( 3033): sirf_gps_get_extension called : agps_ril
E/DataRouter(  108): After the usb select 
E/DataRouter(  108): read usb data[len:1]
E/DataRouter(  108): read usb data message:T
E/DataRouter(  108): Before the usb select 
E/SMD     (   89): ***Received data notification[DR->SMD]***
E/SMD     (   89): Message:T
E/SMD     (   89): Sending data to SMD: Len = [1]
E/SMD     (   89):  buffer = [T]
E/SMD     (   89): Wrote 1 chars to SMD PORT fd=11 ch = 54
D/gps_sirf( 3033): tracker_upload_thread entry
I/ActivityThread( 3218): Pub drm: com.android.providers.drm.DrmProvider
I/DownloadManager( 3218): in removeSpuriousFiles
E/DataRouter(  108): After the usb select 
E/DataRouter(  108): read usb data[len:1]
E/DataRouter(  108): read usb data message:%
E/DataRouter(  108): Before the usb select 
E/SMD     (   89): ***Received data notification[DR->SMD]***
E/SMD     (   89): Message:%
E/SMD     (   89): Sending data to SMD: Len = [1]
E/SMD     (   89):  buffer = [%]
E/SMD     (   89): Wrote 1 chars to SMD PORT fd=11 ch = 25
D/dalvikvm( 3142): GC_FOR_ALLOC freed 117K, 17% free 3857K/4615K, paused 77ms
I/dalvikvm-heap( 3142): Grow heap (frag case) to 5.005MB for 679696-byte allocation
D/dalvikvm( 3201): GC_CONCURRENT freed 218K, 25% free 2569K/3399K, paused 3ms+2ms
I/DownloadManager( 3218): deleting spurious file /cache/hidden_volume.txt
I/ActivityThread( 3218): Pub resmanager: com.android.providers.media.ResFileProvider
I/ActivityThread( 3201): Pub call_log: com.android.providers.contacts.CallLogProvider
D/dalvikvm( 3142): GC_FOR_ALLOC freed 2K, 16% free 4519K/5319K, paused 79ms
D/StrictMode( 3201): StrictMode policy violation; ~duration=0 ms: android.os.StrictMode$StrictModeDiskReadViolation: policy=31 violation=2
D/StrictMode( 3201): 	at android.os.StrictMode$AndroidBlockGuardPolicy.onReadFromDisk(StrictMode.java:1089)
D/StrictMode( 3201): 	at libcore.io.BlockGuardOs.open(BlockGuardOs.java:106)
D/StrictMode( 3201): 	at libcore.io.IoBridge.open(IoBridge.java:409)
D/StrictMode( 3201): 	at java.io.FileInputStream.<init>(FileInputStream.java:78)
D/StrictMode( 3201): 	at android.graphics.Typeface.getFontPathFlipFont(Typeface.java:349)
D/StrictMode( 3201): 	at android.graphics.Typeface.SetFlipFonts(Typeface.java:392)
D/StrictMode( 3201): 	at android.graphics.Typeface.SetAppTypeFace(Typeface.java:504)
D/StrictMode( 3201): 	at android.app.Application.onCreate(Application.java:77)
D/StrictMode( 3201): 	at android.app.Instrumentation.callApplicationOnCreate(Instrumentation.java:973)
D/StrictMode( 3201): 	at android.app.ActivityThread.handleBindApplication(ActivityThread.java:3930)
D/StrictMode( 3201): 	at android.app.ActivityThread.access$1300(ActivityThread.java:128)
D/StrictMode( 3201): 	at android.app.ActivityThread$H.handleMessage(ActivityThread.java:1199)
D/StrictMode( 3201): 	at android.os.Handler.dispatchMessage(Handler.java:99)
D/StrictMode( 3201): 	at android.os.Looper.loop(Looper.java:137)
D/StrictMode( 3201): 	at android.app.ActivityThread.main(ActivityThread.java)
D/StrictMode( 3201): 	at java.lang.reflect.Method.invokeNative(Native Method)
D/StrictMode( 3201): 	at java.lang.reflect.Method.invoke(Method.java:511)
D/StrictMode( 3201): 	at com.android.internal.os.ZygoteInit$MethodAndArgsCaller.run(ZygoteInit.java:994)
D/StrictMode( 3201): 	at com.android.internal.os.ZygoteInit.main(ZygoteInit.java:761)
D/StrictMode( 3201): 	at dalvik.system.NativeStart.main(Native Method)
E/DataRouter(  108): After the usb select 
E/DataRouter(  108): read usb data[len:1]
E/DataRouter(  108): read usb data message:I
E/DataRouter(  108): Before the usb select 
E/SMD     (   89): ***Received data notification[DR->SMD]***
E/SMD     (   89): Message:I
E/SMD     (   89): Sending data to SMD: Len = [1]
E/SMD     (   89):  buffer = [I]
E/SMD     (   89): Wrote 1 chars to SMD PORT fd=11 ch = 49
D/STATUSBAR-NotificationService( 3033): cancelAllNotifications()
V/AudioFlinger( 2995): releaseWakeLock_l() AudioOut_1
D/dalvikvm( 3142): GC_CONCURRENT freed <1K, 16% free 4520K/5319K, paused 1ms+11ms
V/AudioFlinger( 2995): MixerThread 0x1d99770 TID 3029 going to sleep
V/AlarmManager( 3033): waitForAlarm result :8
E/DataRouter(  108): After the usb select 
E/DataRouter(  108): read usb data[len:1]
E/DataRouter(  108): read usb data message:P
E/DataRouter(  108): Before the usb select 
E/SMD     (   89): ***Received data notification[DR->SMD]***
E/SMD     (   89): Message:P
E/SMD     (   89): Sending data to SMD: Len = [1]
E/SMD     (   89):  buffer = [P]
E/SMD     (   89): Wrote 1 chars to SMD PORT fd=11 ch = 50
D/MtpService( 3218): addStorageLocked 65537 /mnt/sdcard
D/MtpService( 3218): addStorageLocked 131073 /mnt/extSdCard
I/ActivityManager( 3033): Start proc app.processName for broadcast hostingNameStr: pid=3283 uid=1000 gids={3003, 1015, 1023, 1007, 1006, 3002, 3001, 2001, 3006}
