D/ConnectivityService(  233): setMobileDataEnabled(true) called by PID (4534)
D/DEFERED_APP_VISIBILITY(  233): tweaking closing app
D/DEFERED_APP_VISIBILITY(  233): tweaking closing app
D/STATUSBAR-StatusBarManagerService(  233): setSystemUiVisibility(0x0)
D/STATUSBAR-StatusBarManagerService(  233): manageDisableList what=0x0 pkg=WindowManager.LayoutParams
D/WindowManager(  233): finally selected target=Window{41529408  ***  paused=false}
D/WindowManager(  233): finally selected target=Window{41529408  ***  paused=false}
D/WindowManager(  233): finally selected target=Window{41529408  ***  paused=false}
D/WindowManager(  233): finally selected target=Window{41529408  ***  paused=false}
D/WindowManager(  233): finally selected target=Window{41529408  ***  paused=false}
D/WindowManager(  233): finally selected target=Window{41529408  ***  paused=false}
D/WindowManager(  233): finally selected target=Window{41529408  ***  paused=false}
D/WindowManager(  233): finally selected target=Window{41529408  ***  paused=false}
W/InputManagerService(  233): Starting input on non-focused client com.android.internal.view.IInputMethodClient$Stub$Proxy@41a6a5c0 (uid=10064 pid=4650)
V/InputManagerService(  233): Starting input on non-focused client mCurClient info is ClientState{41db7d78 uid 1000 pid 4534}
D/WindowManager(  233): finally selected target=Window{41529408  ***  paused=false}
D/WindowManager(  233): finally selected target=Window{41529408  ***  paused=false}
D/WindowManager(  233): finally selected target=Window{41529408  ***  paused=false}
D/WindowManager(  233): finally selected target=Window{41529408  ***  paused=false}
D/WindowManager(  233): finally selected target=Window{41529408  ***  paused=false}
D/WindowManager(  233): finally selected target=Window{41529408  ***  paused=false}
D/WindowManager(  233): finally selected target=Window{41529408  ***  paused=false}
D/WindowManager(  233): finally selected target=Window{41529408  ***  paused=false}
D/WindowManager(  233): finally selected target=Window{41529408  ***  paused=false}
D/PowerManagerService(  233): mIsSipVisible : false
D/WindowManager(  233): finally selected target=Window{41529408  ***  paused=false}
D/WindowManager(  233): finally selected target=Window{41529408  ***  paused=false}
D/WindowManager(  233): finally selected target=Window{41529408  ***  paused=false}
D/WindowManager(  233): finally selected target=Window{41529408  ***  paused=false}
D/WindowManager(  233): finally selected target=Window{41529408  ***  paused=false}
D/STATUSBAR-StatusBarManagerService(  233): setSystemUiVisibility(0x0)
D/STATUSBAR-StatusBarManagerService(  233): manageDisableList what=0x0 pkg=WindowManager.LayoutParams
D/ConnectivityService(  233): setMobileDataEnabled(true) called by PID (4534)
D/DEFERED_APP_VISIBILITY(  233): tweaking closing app
D/STATUSBAR-StatusBarManagerService(  233): setSystemUiVisibility(0x0)
D/STATUSBAR-StatusBarManagerService(  233): manageDisableList what=0x0 pkg=WindowManager.LayoutParams
W/InputManagerService(  233): Starting input on non-focused client com.android.internal.view.IInputMethodClient$Stub$Proxy@419f8670 (uid=1000 pid=4534)
V/InputManagerService(  233): Starting input on non-focused client mCurClient info is ClientState{41352128 uid 10040 pid 462}
D/PowerManagerService(  233): mIsSipVisible : false
D/DEFERED_APP_VISIBILITY(  233): tweaking closing app
I/PowerManagerService(  233): Ulight 0x3->0x7|0x0
D/PowerManagerService(  233): setLightBrightness : mButtonLight : 255
W/PowerManagerService(  233): Timer 0x7->0x3|0x0
I/PowerManagerService(  233): Ulight 0x7->0x3|0x0
D/PowerManagerService(  233): setLightBrightness : mButtonLight : 0
I/PowerManagerService(  233): Ulight 0x3->0x7|0x0
D/PowerManagerService(  233): setLightBrightness : mButtonLight : 255
W/PowerManagerService(  233): Timer 0x7->0x3|0x0
I/PowerManagerService(  233): Ulight 0x7->0x3|0x0
D/PowerManagerService(  233): setLightBrightness : mButtonLight : 0
I/PowerManagerService(  233): Ulight 0x3->0x7|0x0
D/PowerManagerService(  233): setLightBrightness : mButtonLight : 255
W/PowerManagerService(  233): Timer 0x7->0x3|0x0
I/PowerManagerService(  233): Ulight 0x7->0x3|0x0
D/PowerManagerService(  233): setLightBrightness : mButtonLight : 0
I/ActivityManager(  233): START {act=android.intent.action.MAIN cat=[ xxx ] flg=0x10200000 cmp=xxxx} from pid 233
D/VibratorService(  233): JNI vibratorOff()
D/VibratorService(  233): JNI vibratorOn() : 1
D/VibratorService(  233): JNI vibratorOn() : 21
D/STATUSBAR-StatusBarManagerService(  233): setSystemUiVisibility(0x0)
D/STATUSBAR-StatusBarManagerService(  233): manageDisableList what=0x0 pkg=WindowManager.LayoutParams
W/PowerManagerService(  233): Timer 0x3->0x3|0x0
I/PowerManagerService(  233): Ulight 0x3->0x7|0x0
D/PowerManagerService(  233): setLightBrightness : mButtonLight : 255
D/STATUSBAR-NotificationService(  233): cancelNotification - pkg:XXX.XXXXXXX.XXXXXXXX, id:2130838575
D/STATUSBAR-NotificationService(  233): cancelNotification - pkg:XXX.XXXXXXX.XXXXXXXX, id:2130838574
D/STATUSBAR-NotificationService(  233): cancelNotification - pkg:XXX.XXXXXXX.XXXXXXXX, id:122
D/STATUSBAR-NotificationService(  233): cancelNotification - pkg:XXX.XXXXXXX.XXXXXXXX, id:2130838574
D/DEFERED_APP_VISIBILITY(  233): tweaking closing app
D/STATUSBAR-StatusBarManagerService(  233): setSystemUiVisibility(0x0)
D/STATUSBAR-StatusBarManagerService(  233): manageDisableList what=0x0 pkg=WindowManager.LayoutParams
E/WifiP2pStateTracker(  233): getNetworkInfo : NetworkInfo: type: wifi_p2p[], state: UNKNOWN/IDLE, reason: (unspecified), extra: (none), roaming: false, failover: false, isAvailable: false
V/AlarmManager(  233): waitForAlarm result :2
V/AlarmManager(  233): waitForAlarm result :8
V/AlarmManager(  233): ClockReceiver onReceive() ACTION_TIME_TICK
W/AlarmManager(  233): FACTORY_ON= 0
W/PowerManagerService(  233): Timer 0x7->0x3|0x0
I/PowerManagerService(  233): Ulight 0x7->0x3|0x0
D/PowerManagerService(  233): setLightBrightness : mButtonLight : 0
D/PowerManagerService(  233): mIsSipVisible : false
I/PowerManagerService(  233): Ulight 0x3->0x7|0x0
D/PowerManagerService(  233): setLightBrightness : mButtonLight : 255
I/ActivityManager(  233): START {flg=0x40000 cmp=xxxx (has extras)} from pid 4650
D/ActivityManager(  233): Trying to launch applicationName
D/STATUSBAR-NotificationService(  233): cancelNotification - pkg:XXX.XXXXXXX.XXXXXXXX, id:2130838575
D/STATUSBAR-NotificationService(  233): cancelNotification - pkg:XXX.XXXXXXX.XXXXXXXX, id:2130838574
D/STATUSBAR-NotificationService(  233): cancelNotification - pkg:XXX.XXXXXXX.XXXXXXXX, id:122
D/STATUSBAR-NotificationService(  233): cancelNotification - pkg:XXX.XXXXXXX.XXXXXXXX, id:2130838574
D/STATUSBAR-StatusBarManagerService(  233): setSystemUiVisibility(0x0)
D/STATUSBAR-StatusBarManagerService(  233): manageDisableList what=0x0 pkg=WindowManager.LayoutParams
D/DEFERED_APP_VISIBILITY(  233): tweaking closing app
W/PowerManagerService(  233): Timer 0x7->0x3|0x0
I/PowerManagerService(  233): Ulight 0x7->0x3|0x0
D/PowerManagerService(  233): setLightBrightness : mButtonLight : 0
I/PowerManagerService(  233): Ulight 0x3->0x7|0x0
D/PowerManagerService(  233): setLightBrightness : mButtonLight : 255
W/PowerManagerService(  233): Timer 0x7->0x3|0x0
I/PowerManagerService(  233): Ulight 0x7->0x3|0x0
D/PowerManagerService(  233): setLightBrightness : mButtonLight : 0
V/AlarmManager(  233): waitForAlarm result :8
W/AlarmManager(  233): FACTORY_ON= 0
D/BatteryService(  233): update start
D/BatteryService(  233): level:20 scale:100 status:2 health:2 present:true voltage: 3773 temperature: 430 technology: Li-ion AC powered:false USB powered:true icon:17303188 invalid charger:0
V/UiModeManager(  233): updateLocked, mLastBroadcastState =0 , oldAction = null
I/PowerManagerService(  233): Ulight 0x3->0x7|0x0
D/PowerManagerService(  233): setLightBrightness : mButtonLight : 255
I/ActivityManager(  233): START {flg=0x40000 cmp=xxxx (has extras)} from pid 4650
D/ActivityManager(  233): Trying to launch applicationName
D/STATUSBAR-NotificationService(  233): cancelNotification - pkg:XXX.XXXXXXX.XXXXXXXX, id:2130838575
D/STATUSBAR-NotificationService(  233): cancelNotification - pkg:XXX.XXXXXXX.XXXXXXXX, id:2130838574
D/STATUSBAR-NotificationService(  233): cancelNotification - pkg:XXX.XXXXXXX.XXXXXXXX, id:122
D/STATUSBAR-NotificationService(  233): cancelNotification - pkg:XXX.XXXXXXX.XXXXXXXX, id:2130838574
D/STATUSBAR-StatusBarManagerService(  233): setSystemUiVisibility(0x0)
D/STATUSBAR-StatusBarManagerService(  233): manageDisableList what=0x0 pkg=WindowManager.LayoutParams
W/PowerManagerService(  233): Timer 0x7->0x3|0x0
I/PowerManagerService(  233): Ulight 0x7->0x3|0x0
D/PowerManagerService(  233): setLightBrightness : mButtonLight : 0
I/PowerManagerService(  233): Ulight 0x3->0x7|0x0
D/PowerManagerService(  233): setLightBrightness : mButtonLight : 255
W/PowerManagerService(  233): Timer 0x7->0x3|0x0
I/PowerManagerService(  233): Ulight 0x7->0x3|0x0
D/PowerManagerService(  233): setLightBrightness : mButtonLight : 0
I/PowerManagerService(  233): Ulight 0x3->0x7|0x0
D/PowerManagerService(  233): setLightBrightness : mButtonLight : 255
V/AlarmManager(  233): waitForAlarm result :1
V/AlarmManager(  233): trigger WAKEUP Alarm{416b3560 type 0 XXX.XXXXXXX.XXXXXXXX}
W/AlarmManager(  233): FACTORY_ON= 0
W/PowerManagerService(  233): Timer 0x7->0x3|0x0
I/PowerManagerService(  233): Ulight 0x7->0x3|0x0
D/PowerManagerService(  233): setLightBrightness : mButtonLight : 0
I/PowerManagerService(  233): Ulight 0x3->0x7|0x0
D/PowerManagerService(  233): setLightBrightness : mButtonLight : 255
D/DEFERED_APP_VISIBILITY(  233): tweaking closing app
D/STATUSBAR-StatusBarManagerService(  233): setSystemUiVisibility(0x0)
D/STATUSBAR-StatusBarManagerService(  233): manageDisableList what=0x0 pkg=WindowManager.LayoutParams
D/STATUSBAR-NotificationService(  233): cancelNotification - pkg:XXX.XXXXXXX.XXXXXXXX, id:2130838575
D/STATUSBAR-NotificationService(  233): cancelNotification - pkg:XXX.XXXXXXX.XXXXXXXX, id:2130838574
D/STATUSBAR-NotificationService(  233): cancelNotification - pkg:XXX.XXXXXXX.XXXXXXXX, id:122
D/STATUSBAR-NotificationService(  233): cancelNotification - pkg:XXX.XXXXXXX.XXXXXXXX, id:2130838574
D/STATUSBAR-NotificationService(  233): cancelNotification - pkg:XXX.XXXXXXX.XXXXXXXX, id:2130838575
D/STATUSBAR-NotificationService(  233): cancelNotification - pkg:XXX.XXXXXXX.XXXXXXXX, id:2130838574
D/STATUSBAR-NotificationService(  233): cancelNotification - pkg:XXX.XXXXXXX.XXXXXXXX, id:122
D/STATUSBAR-NotificationService(  233): cancelNotification - pkg:XXX.XXXXXXX.XXXXXXXX, id:2130838574
D/STATUSBAR-StatusBarManagerService(  233): setSystemUiVisibility(0x0)
D/STATUSBAR-StatusBarManagerService(  233): manageDisableList what=0x0 pkg=WindowManager.LayoutParams
D/DEFERED_APP_VISIBILITY(  233): tweaking closing app
E/WifiP2pStateTracker(  233): getNetworkInfo : NetworkInfo: type: wifi_p2p[], state: UNKNOWN/IDLE, reason: (unspecified), extra: (none), roaming: false, failover: false, isAvailable: false
W/PowerManagerService(  233): Timer 0x7->0x3|0x0
I/PowerManagerService(  233): Ulight 0x7->0x3|0x0
D/PowerManagerService(  233): setLightBrightness : mButtonLight : 0
D/VibratorService(  233): JNI vibratorOff()
E/WifiP2pStateTracker(  233): getNetworkInfo : NetworkInfo: type: wifi_p2p[], state: UNKNOWN/IDLE, reason: (unspecified), extra: (none), roaming: false, failover: false, isAvailable: false
D/VibratorService(  233): JNI vibratorOn() : 200
D/VibratorService(  233): JNI vibratorOn() : 100
D/VibratorService(  233): JNI vibratorOff()
E/WifiP2pStateTracker(  233): getNetworkInfo : NetworkInfo: type: wifi_p2p[], state: UNKNOWN/IDLE, reason: (unspecified), extra: (none), roaming: false, failover: false, isAvailable: false
D/VibratorService(  233): JNI vibratorOn() : 200
D/VibratorService(  233): JNI vibratorOn() : 100
E/WifiP2pStateTracker(  233): getNetworkInfo : NetworkInfo: type: wifi_p2p[], state: UNKNOWN/IDLE, reason: (unspecified), extra: (none), roaming: false, failover: false, isAvailable: false
E/WifiP2pStateTracker(  233): getNetworkInfo : NetworkInfo: type: wifi_p2p[], state: UNKNOWN/IDLE, reason: (unspecified), extra: (none), roaming: false, failover: false, isAvailable: false
V/AlarmManager(  233): waitForAlarm result :2
V/AlarmManager(  233): waitForAlarm result :8
V/AlarmManager(  233): ClockReceiver onReceive() ACTION_TIME_TICK
W/AlarmManager(  233): FACTORY_ON= 0
V/AlarmManager(  233): waitForAlarm result :8
W/AlarmManager(  233): FACTORY_ON= 0
D/BatteryService(  233): update start
D/BatteryService(  233): level:20 scale:100 status:2 health:2 present:true voltage: 3782 temperature: 430 technology: Li-ion AC powered:false USB powered:true icon:17303188 invalid charger:0
V/UiModeManager(  233): updateLocked, mLastBroadcastState =0 , oldAction = null
E/WifiP2pStateTracker(  233): getNetworkInfo : NetworkInfo: type: wifi_p2p[], state: UNKNOWN/IDLE, reason: (unspecified), extra: (none), roaming: false, failover: false, isAvailable: false
V/AlarmManager(  233): waitForAlarm result :2
W/AlarmManager(  233): FACTORY_ON= 0
E/WifiP2pStateTracker(  233): getNetworkInfo : NetworkInfo: type: wifi_p2p[], state: UNKNOWN/IDLE, reason: (unspecified), extra: (none), roaming: false, failover: false, isAvailable: false
E/WifiP2pStateTracker(  233): getNetworkInfo : NetworkInfo: type: wifi_p2p[], state: UNKNOWN/IDLE, reason: (unspecified), extra: (none), roaming: false, failover: false, isAvailable: false
E/WifiP2pStateTracker(  233): getNetworkInfo : NetworkInfo: type: wifi_p2p[], state: UNKNOWN/IDLE, reason: (unspecified), extra: (none), roaming: false, failover: false, isAvailable: false
E/WifiP2pStateTracker(  233): getNetworkInfo : NetworkInfo: type: wifi_p2p[], state: UNKNOWN/IDLE, reason: (unspecified), extra: (none), roaming: false, failover: false, isAvailable: false
V/AlarmManager(  233): waitForAlarm result :8
V/AlarmManager(  233): ClockReceiver onReceive() ACTION_TIME_TICK
W/AlarmManager(  233): FACTORY_ON= 0
V/AlarmManager(  233): waitForAlarm result :2
E/WifiP2pStateTracker(  233): getNetworkInfo : NetworkInfo: type: wifi_p2p[], state: UNKNOWN/IDLE, reason: (unspecified), extra: (none), roaming: false, failover: false, isAvailable: false
E/WifiP2pStateTracker(  233): getNetworkInfo : NetworkInfo: type: wifi_p2p[], state: UNKNOWN/IDLE, reason: (unspecified), extra: (none), roaming: false, failover: false, isAvailable: false
V/AlarmManager(  233): waitForAlarm result :8
W/AlarmManager(  233): FACTORY_ON= 0
D/BatteryService(  233): update start
D/BatteryService(  233): level:21 scale:100 status:2 health:2 present:true voltage: 3791 temperature: 432 technology: Li-ion AC powered:false USB powered:true icon:17303188 invalid charger:0
V/UiModeManager(  233): updateLocked, mLastBroadcastState =0 , oldAction = null
E/WifiP2pStateTracker(  233): getNetworkInfo : NetworkInfo: type: wifi_p2p[], state: UNKNOWN/IDLE, reason: (unspecified), extra: (none), roaming: false, failover: false, isAvailable: false
E/WifiP2pStateTracker(  233): getNetworkInfo : NetworkInfo: type: wifi_p2p[], state: UNKNOWN/IDLE, reason: (unspecified), extra: (none), roaming: false, failover: false, isAvailable: false
E/WifiP2pStateTracker(  233): getNetworkInfo : NetworkInfo: type: wifi_p2p[], state: UNKNOWN/IDLE, reason: (unspecified), extra: (none), roaming: false, failover: false, isAvailable: false
E/WifiP2pStateTracker(  233): getNetworkInfo : NetworkInfo: type: wifi_p2p[], state: UNKNOWN/IDLE, reason: (unspecified), extra: (none), roaming: false, failover: false, isAvailable: false
E/WifiP2pStateTracker(  233): getNetworkInfo : NetworkInfo: type: wifi_p2p[], state: UNKNOWN/IDLE, reason: (unspecified), extra: (none), roaming: false, failover: false, isAvailable: false
V/AlarmManager(  233): waitForAlarm result :1
V/AlarmManager(  233): trigger WAKEUP Alarm{41e6b4d0 type 0 XXX.XXXXX.XXXXXXX}
W/AlarmManager(  233): FACTORY_ON= 0
W/BackupManagerService(  233): dataChanged but no participant pkg='com.android.providers.settings' uid=10053
D/PowerManagerService(  233): setScreenOffTimeouts mKeylightDelay=1500 mDimDelay=591500 mScreenOffDelay=7000 mDimScreen=true
W/BackupManagerService(  233): dataChanged but no participant pkg='com.android.providers.settings' uid=10053
D/PowerManagerService(  233): setScreenOffTimeouts mKeylightDelay=1500 mDimDelay=591500 mScreenOffDelay=7000 mDimScreen=true
I/ActivityManager(  233): Process com.baidu.netdisk:bdservice_v1 (pid 5599) has died.
V/AlarmManager(  233): waitForAlarm result :8
V/AlarmManager(  233): waitForAlarm result :8
I/ActivityManager(  233): Start proc app.processName for broadcast hostingNameStr: pid=6558 uid=10003 gids={3003, 1015, 1023, 1007, 1006, 3002, 3001}
I/ActivityManager(  233): Start proc app.processName for broadcast hostingNameStr: pid=6573 uid=10011 gids={1015, 1023, 1006, 3003, 3002, 3001}
E/WifiP2pStateTracker(  233): getNetworkInfo : NetworkInfo: type: wifi_p2p[], state: UNKNOWN/IDLE, reason: (unspecified), extra: (none), roaming: false, failover: false, isAvailable: false
I/ActivityManager(  233): Process com.baidu.appsearch:bdservice_v1 (pid 6558) has died.
I/ActivityManager(  233): Start proc app.processName for broadcast hostingNameStr: pid=6596 uid=10023 gids={2001, 3003, 1015, 1023}
I/ActivityManager(  233): Process com.baidu.BaiduMap:bdservice_v1 (pid 6573) has died.
I/ActivityManager(  233): Start proc app.processName for broadcast hostingNameStr: pid=6613 uid=10024 gids={3003, 1015, 1023, 1007, 1004, 2002}
I/ActivityManager(  233): Process com.baidu.android.ota:bdservice_v1 (pid 6596) has died.
I/ActivityManager(  233): Start proc app.processName for broadcast hostingNameStr: pid=6630 uid=10047 gids={1006, 3003, 1015, 1023, 1007}
I/ActivityManager(  233): Process com.baidu.yi.userfeedback:bdservice_v1 (pid 6613) has died.
E/WifiP2pStateTracker(  233): getNetworkInfo : NetworkInfo: type: wifi_p2p[], state: UNKNOWN/IDLE, reason: (unspecified), extra: (none), roaming: false, failover: false, isAvailable: false
I/ActivityManager(  233): Start proc app.processName for broadcast hostingNameStr: pid=6648 uid=1000 gids={3003, 1015, 1023, 1007, 1006, 3002, 3001, 2001, 3006}
V/AlarmManager(  233): waitForAlarm result :2
V/AlarmManager(  233): waitForAlarm result :8
I/ActivityManager(  233): Process com.baidu.searchbox:bdservice_v1 (pid 6630) has died.
I/ActivityManager(  233): Start proc app.processName for broadcast hostingNameStr: pid=6669 uid=10053 gids={3003, 1015, 1023, 1006}
I/ActivityManager(  233): Process com.baidu.antitheft:pushservice_v1 (pid 6648) has died.
E/WifiP2pStateTracker(  233): getNetworkInfo : NetworkInfo: type: wifi_p2p[], state: UNKNOWN/IDLE, reason: (unspecified), extra: (none), roaming: false, failover: false, isAvailable: false
V/AlarmManager(  233): ClockReceiver onReceive() ACTION_TIME_TICK
W/AlarmManager(  233): FACTORY_ON= 0
W/AlarmManager(  233): FACTORY_ON= 0
D/VibratorService(  233): JNI vibratorOff()
E/WifiP2pStateTracker(  233): getNetworkInfo : NetworkInfo: type: wifi_p2p[], state: UNKNOWN/IDLE, reason: (unspecified), extra: (none), roaming: false, failover: false, isAvailable: false
D/VibratorService(  233): JNI vibratorOn() : 200
D/VibratorService(  233): JNI vibratorOn() : 100
W/BackupManagerService(  233): dataChanged but no participant pkg='com.android.providers.settings' uid=10053
D/PowerManagerService(  233): setScreenOffTimeouts mKeylightDelay=1500 mDimDelay=591500 mScreenOffDelay=7000 mDimScreen=true
E/WifiP2pStateTracker(  233): getNetworkInfo : NetworkInfo: type: wifi_p2p[], state: UNKNOWN/IDLE, reason: (unspecified), extra: (none), roaming: false, failover: false, isAvailable: false
I/PowerManagerService(  233): Ulight 0x3->0x7|0x0
D/PowerManagerService(  233): setLightBrightness : mButtonLight : 255
I/ActivityManager(  233): START {flg=0x40000 cmp=xxxx (has extras)} from pid 4650
D/ActivityManager(  233): Trying to launch applicationName
D/STATUSBAR-NotificationService(  233): cancelNotification - pkg:XXX.XXXXXXX.XXXXXXXX, id:2130838575
D/STATUSBAR-NotificationService(  233): cancelNotification - pkg:XXX.XXXXXXX.XXXXXXXX, id:2130838574
D/STATUSBAR-NotificationService(  233): cancelNotification - pkg:XXX.XXXXXXX.XXXXXXXX, id:122
D/STATUSBAR-NotificationService(  233): cancelNotification - pkg:XXX.XXXXXXX.XXXXXXXX, id:2130838574
D/STATUSBAR-StatusBarManagerService(  233): setSystemUiVisibility(0x0)
D/STATUSBAR-StatusBarManagerService(  233): manageDisableList what=0x0 pkg=WindowManager.LayoutParams
D/DEFERED_APP_VISIBILITY(  233): tweaking closing app
W/PowerManagerService(  233): Timer 0x7->0x3|0x0
I/PowerManagerService(  233): Ulight 0x7->0x3|0x0
D/PowerManagerService(  233): setLightBrightness : mButtonLight : 0
V/AlarmManager(  233): waitForAlarm result :8
W/AlarmManager(  233): FACTORY_ON= 0
I/PowerManagerService(  233): Ulight 0x3->0x7|0x0
D/PowerManagerService(  233): setLightBrightness : mButtonLight : 255
D/BatteryService(  233): update start
D/BatteryService(  233): level:21 scale:100 status:2 health:2 present:true voltage: 3756 temperature: 435 technology: Li-ion AC powered:false USB powered:true icon:17303188 invalid charger:0
V/UiModeManager(  233): updateLocked, mLastBroadcastState =0 , oldAction = null
D/PowerManagerService(  233): mIsSipVisible : true
I/PowerManagerService(  233): Ulight 0x7->0x3|0x0
D/PowerManagerService(  233): setLightBrightness : mButtonLight : 0
D/PowerManagerService(  233): mIsSipVisible : true
E/WifiP2pStateTracker(  233): getNetworkInfo : NetworkInfo: type: wifi_p2p[], state: UNKNOWN/IDLE, reason: (unspecified), extra: (none), roaming: false, failover: false, isAvailable: false
D/PowerManagerService(  233): mIsSipVisible : false
E/WifiP2pStateTracker(  233): getNetworkInfo : NetworkInfo: type: wifi_p2p[], state: UNKNOWN/IDLE, reason: (unspecified), extra: (none), roaming: false, failover: false, isAvailable: false
W/PowerManagerService(  233): Timer 0x3->0x3|0x0
I/PowerManagerService(  233): Ulight 0x3->0x7|0x0
D/PowerManagerService(  233): setLightBrightness : mButtonLight : 255
D/PowerManagerService(  233): mIsSipVisible : true
W/PowerManagerService(  233): Timer 0x7->0x3|0x0
I/PowerManagerService(  233): Ulight 0x7->0x3|0x0
D/PowerManagerService(  233): setLightBrightness : mButtonLight : 0
D/PowerManagerService(  233): mIsSipVisible : false
I/ActivityManager(  233): START {act=android.intent.action.MAIN cat=[ xxx ] flg=0x10200000 cmp=xxxx} from pid 233
D/STATUSBAR-NotificationService(  233): cancelNotification - pkg:XXX.XXXXXXX.XXXXXXXX, id:2130838575
D/STATUSBAR-NotificationService(  233): cancelNotification - pkg:XXX.XXXXXXX.XXXXXXXX, id:2130838574
D/STATUSBAR-NotificationService(  233): enqueueNotificationInternal - pkg:XXX.XXXXXXX.XXXXXXXX, id:2130838575
D/STATUSBAR-NotificationService(  233): Noti Alert - mSystemReady:true, AlertEnabled:true
D/STATUSBAR-NotificationService(  233): updateLightsLocked() : Turn off notification light
V/AlarmManager(  233): waitForAlarm result :2
W/AlarmManager(  233): FACTORY_ON= 0
D/DEFERED_APP_VISIBILITY(  233): tweaking closing app
D/STATUSBAR-StatusBarManagerService(  233): setSystemUiVisibility(0x0)
D/STATUSBAR-StatusBarManagerService(  233): manageDisableList what=0x0 pkg=WindowManager.LayoutParams
W/InputManagerService(  233): Starting input on non-focused client com.android.internal.view.IInputMethodClient$Stub$Proxy@41a6a5c0 (uid=10064 pid=4650)
V/InputManagerService(  233): Starting input on non-focused client mCurClient info is ClientState{41352128 uid 10040 pid 462}
D/PowerManagerService(  233): mIsSipVisible : false
W/PowerManagerService(  233): Timer 0x3->0x3|0x0
I/PowerManagerService(  233): Ulight 0x3->0x7|0x0
D/PowerManagerService(  233): setLightBrightness : mButtonLight : 255
I/ActivityManager(  233): START {act=android.intent.action.MAIN cat=[ xxx ] flg=0x10200000 cmp=xxxx bnds=[120,516][240,650]} from pid 462
D/ActivityManager(  233): Trying to launch applicationName
D/DEFERED_APP_VISIBILITY(  233): tweaking closing app
W/PowerManagerService(  233): Timer 0x7->0x3|0x0
I/PowerManagerService(  233): Ulight 0x7->0x3|0x0
D/PowerManagerService(  233): setLightBrightness : mButtonLight : 0
D/PowerManagerService(  233): setScreenOffTimeouts mKeylightDelay=1500 mDimDelay=591500 mScreenOffDelay=7000 mDimScreen=true
D/STATUSBAR-StatusBarManagerService(  233): setSystemUiVisibility(0x0)
D/STATUSBAR-StatusBarManagerService(  233): manageDisableList what=0x0 pkg=WindowManager.LayoutParams
E/WifiP2pStateTracker(  233): getNetworkInfo : NetworkInfo: type: wifi_p2p[], state: UNKNOWN/IDLE, reason: (unspecified), extra: (none), roaming: false, failover: false, isAvailable: false
E/WifiP2pStateTracker(  233): getNetworkInfo : NetworkInfo: type: wifi_p2p[], state: UNKNOWN/IDLE, reason: (unspecified), extra: (none), roaming: false, failover: false, isAvailable: false
D/PowerManagerService(  233): mIsSipVisible : false
E/WifiP2pStateTracker(  233): getNetworkInfo : NetworkInfo: type: wifi_p2p[], state: UNKNOWN/IDLE, reason: (unspecified), extra: (none), roaming: false, failover: false, isAvailable: false
I/PowerManagerService(  233): Ulight 0x3->0x7|0x0
D/PowerManagerService(  233): setLightBrightness : mButtonLight : 255
I/ActivityManager(  233): START {cmp=xxxx (has extras)} from pid 23611
D/ActivityManager(  233): Trying to launch applicationName
D/STATUSBAR-StatusBarManagerService(  233): setSystemUiVisibility(0x0)
D/STATUSBAR-StatusBarManagerService(  233): manageDisableList what=0x0 pkg=WindowManager.LayoutParams
D/DEFERED_APP_VISIBILITY(  233): tweaking closing app
D/WindowManager(  233): finally selected target=Window{414847d8  ***  paused=false}
D/WindowManager(  233): finally selected target=Window{414847d8  ***  paused=false}
--------- beginning of /dev/log/main
I/System.out(23611): DefaultRequestDirect http execute loop END! 
I/System.out(23611): DefaultRequestDirect http execute loop END, status 200
I/System.out(23611): DefaultRequestDirect http execute return response! 
D/ExecuteOAuthRequest(23611): response.getStatusLine().getStatusCode() : 200
D/OAuthHelper(23611): {"access_token":"24.98fa918df587589b4ff9d4bc15c38547.2592000.1404726987.282335-286218","session_key":"9mzdAvpkSz3GPRyTY8cUoqZ49\/lJR8YCBkdegO2N1mP4FjTKVeM6G3InehOuX\/P\/mubjKLk2HeSA3p25F5yU9Avh5PU=","scope":"public music_media_basic music_musicdata_basic music_search_basic music_media_premium wise_adapt","refresh_token":"25.288e8fc2fdc58b138e5a3d0ea416c040.315360000.1717494987.282335-286218","session_secret":"053ecd3af37f1d743269631d2c529743","expires_in":2592000}
D/WindowManager(  233): finally selected target=Window{414847d8  ***  paused=false}
D/WindowManager(  233): finally selected target=Window{414847d8  ***  paused=false}
D/WindowManager(  233): finally selected target=Window{414847d8  ***  paused=false}
D/OAuthHelper(23611): saveToken token : expired_Time: 2592000
D/OAuthHelper(23611): access_token: 24.98fa918df587589b4ff9d4bc15c38547.2592000.1404726987.282335-286218
D/OAuthHelper(23611): refresh_token: 25.288e8fc2fdc58b138e5a3d0ea416c040.315360000.1717494987.282335-286218
D/OAuthHelper(23611): session_secret: 053ecd3af37f1d743269631d2c529743
D/OAuthHelper(23611): session_key: 9mzdAvpkSz3GPRyTY8cUoqZ49/lJR8YCBkdegO2N1mP4FjTKVeM6G3InehOuX/P/mubjKLk2HeSA3p25F5yU9Avh5PU=
D/OAuthHelper(23611): scope: public music_media_basic music_musicdata_basic music_search_basic music_media_premium wise_adapt
D/WindowManager(  233): finally selected target=Window{414847d8  ***  paused=false}
D/IndexView(23611): Cell h =23.333334 IndexView w=41 h=650
D/IndexView(23611): Cell h =23.333334 IndexView w=41 h=650
D/IndexView(23611): Cell h =20.555555 IndexView w=41 h=575
D/IndexView(23611): Cell h =20.555555 IndexView w=41 h=575
D/WindowManager(  233): finally selected target=Window{414847d8  ***  paused=false}
D/WindowManager(  233): finally selected target=Window{414847d8  ***  paused=false}
D/WindowManager(  233): finally selected target=Window{414847d8  ***  paused=false}
D/WindowManager(  233): finally selected target=Window{414847d8  ***  paused=false}
D/WindowManager(  233): finally selected target=Window{414847d8  ***  paused=false}
D/WindowManager(  233): finally selected target=Window{414847d8  ***  paused=false}
D/WindowManager(  233): finally selected target=Window{414847d8  ***  paused=false}
D/WindowManager(  233): finally selected target=Window{414847d8  ***  paused=false}
D/WindowManager(  233): finally selected target=Window{414847d8  ***  paused=false}
D/WindowManager(  233): finally selected target=Window{414847d8  ***  paused=false}
D/WindowManager(  233): finally selected target=Window{414847d8  ***  paused=false}
D/WindowManager(  233): finally selected target=Window{414847d8  ***  paused=false}
D/WindowManager(  233): finally selected target=Window{414847d8  ***  paused=false}
D/WindowManager(  233): finally selected target=Window{414847d8  ***  paused=false}
D/WindowManager(  233): finally selected target=Window{414847d8  ***  paused=false}
D/WindowManager(  233): finally selected target=Window{414847d8  ***  paused=false}
D/WindowManager(  233): finally selected target=Window{414847d8  ***  paused=false}
D/WindowManager(  233): finally selected target=Window{414847d8  ***  paused=false}
D/WindowManager(  233): finally selected target=Window{414847d8  ***  paused=false}
D/WindowManager(  233): finally selected target=Window{414847d8  ***  paused=false}
D/WindowManager(  233): finally selected target=Window{414847d8  ***  paused=false}
W/PowerManagerService(  233): Timer 0x7->0x3|0x0
I/PowerManagerService(  233): Ulight 0x7->0x3|0x0
D/PowerManagerService(  233): setLightBrightness : mButtonLight : 0
D/WindowManager(  233): finally selected target=Window{414847d8  ***  paused=false}
D/WindowManager(  233): finally selected target=Window{414847d8  ***  paused=false}
D/WindowManager(  233): finally selected target=Window{414847d8  ***  paused=false}
D/WindowManager(  233): finally selected target=Window{414847d8  ***  paused=false}
D/WindowManager(  233): finally selected target=Window{414847d8  ***  paused=false}
I/Surface (  374): Surface_lockCanvas
D/WindowManager(  233): finally selected target=Window{414847d8  ***  paused=false}
D/WindowManager(  233): finally selected target=Window{414847d8  ***  paused=false}
D/WindowManager(  233): finally selected target=Window{414847d8  ***  paused=false}
D/WindowManager(  233): finally selected target=Window{414847d8  ***  paused=false}
D/WindowManager(  233): finally selected target=Window{414847d8  ***  paused=false}
D/WindowManager(  233): finally selected target=Window{414847d8  ***  paused=false}
D/MusicPlayer(23611): [PlayListDetailsActivity:] getLetterForPosition ,letterString:#
I/Surface (23611): Surface_lockCanvas
D/WindowManager(  233): finally selected target=Window{414847d8  ***  paused=false}
D/WindowManager(  233): finally selected target=Window{414847d8  ***  paused=false}
D/WindowManager(  233): finally selected target=Window{414847d8  ***  paused=false}
D/WindowManager(  233): finally selected target=Window{414847d8  ***  paused=false}
D/WindowManager(  233): finally selected target=Window{414847d8  ***  paused=false}
D/WindowManager(  233): finally selected target=Window{414847d8  ***  paused=false}
D/WindowManager(  233): finally selected target=Window{414847d8  ***  paused=false}
D/WindowManager(  233): finally selected target=Window{414847d8  ***  paused=false}
D/TingApplication(23611): TingApplication authentication success
D/MusicPlayer(23611): [MainFragmentActivity:] ++++onStop
D/WindowManager(  233): finally selected target=Window{414847d8  ***  paused=false}
D/WindowManager(  233): finally selected target=Window{414847d8  ***  paused=false}
D/MusicPlayer(23611): [PlayListDetailsActivity:] index = 0letter = A
D/MusicPlayer(23611): [PlayListDetailsActivity:] getLetterForPosition ,letterString:A
I/Surface (23611): Surface_lockCanvas
D/WindowManager(  233): finally selected target=Window{414847d8  ***  paused=false}
D/WindowManager(  233): finally selected target=Window{414847d8  ***  paused=false}
D/dalvikvm( 1038): GC_EXPLICIT freed 4K, 30% free 5392K/7623K, paused 3ms+13ms
D/WindowManager(  233): finally selected target=Window{414847d8  ***  paused=false}
D/WindowManager(  233): finally selected target=Window{414847d8  ***  paused=false}
D/WindowManager(  233): finally selected target=Window{414847d8  ***  paused=false}
D/dalvikvm( 1038): GC_EXPLICIT freed <1K, 30% free 5392K/7623K, paused 11ms+5ms
D/WindowManager(  233): finally selected target=Window{414847d8  ***  paused=false}
D/WindowManager(  233): finally selected target=Window{414847d8  ***  paused=false}
D/WindowManager(  233): finally selected target=Window{414847d8  ***  paused=false}
D/WindowManager(  233): finally selected target=Window{414847d8  ***  paused=false}
D/WindowManager(  233): finally selected target=Window{414847d8  ***  paused=false}
D/WindowManager(  233): finally selected target=Window{414847d8  ***  paused=false}
I/SurfaceFlinger(   93): id=2502 Removed MainFragmentActivitz idx=2 Map Size=4
I/SurfaceFlinger(   93): id=2502 Removed MainFragmentActivitz idx=-2 Map Size=4
I/Surface (  374): Surface_lockCanvas
I/InputReader(  233): Touch event's action is 0x0 (deviceType=0) [pCnt=1, pending(waiting finished signal)=0, s=0.10661 ]
I/InputDispatcher(  233): Delivering touch to current input target: action: 0x0
I/InputDispatcher(  233): Delivering touch to current input target: action: 0x0
I/PowerManagerService(  233): Ulight 0x3->0x7|0x0
D/PowerManagerService(  233): setLightBrightness : mButtonLight : 255
I/InputReader(  233): Touch event's action is 0x1 (deviceType=0) [pCnt=1, pending(waiting finished signal)=0, s=]
I/InputDispatcher(  233): Delivering touch to current input target: action: 0x1
I/InputDispatcher(  233): Delivering touch to current input target: action: 0x1
D/AbsListView(23611): Get MotionRecognitionManager
I/SurfaceFlinger(   93): id=2504(3) createSurface 0x190599c (1x1),1 flag=0, PopupWindow:416d38b1
I/Surface (23611): Surface_lockCanvas
I/SurfaceTextureClient(23611): connect(NATIVE_WINDOW_API_CPU)
D/TrafficMonitorMain( 1234): performPoll mCurrentDDS = 0
D/StatusBar-TrafficView(  374): has icc card = true
D/OpenGLRenderer(14479): Flushing caches (mode 2)
D/OpenGLRenderer( 4580): Flushing caches (mode 2)
D/OpenGLRenderer( 4534): Flushing caches (mode 2)
D/OpenGLRenderer(  462): Flushing caches (mode 2)
I/Launcher(  462): onTrimMemory call back
V/com.baidu.trafficmonitor.widget.provider.TrafficMonitorWidgetProvider( 1234): onReceive : com.baidu.trafficmonitor.widget.provider.TrafficMonitorWidgetProvider@410160b0 mReceiveBroadcastNum : 4931
V/com.baidu.trafficmonitor.widget.provider.TrafficMonitorWidgetProvider( 1234): ACTION_NETWORK_STATS_UPDATE_WIDGET msg arrivied
E/com.baidu.trafficmonitor.widget.provider.TrafficMonitorWidgetProvider( 1234):  simInfo is null
I/Surface (23611): Surface_lockCanvas
I/Surface (23611): Surface_lockCanvas
I/Surface (23611): Surface_lockCanvas
I/Surface (23611): Surface_lockCanvas
I/Surface (23611): Surface_lockCanvas
W/PowerManagerService(  233): Timer 0x7->0x3|0x0
I/PowerManagerService(  233): Ulight 0x7->0x3|0x0
D/PowerManagerService(  233): setLightBrightness : mButtonLight : 0
I/Surface (23611): Surface_lockCanvas
I/Surface (23611): Surface_lockCanvas
I/Surface (23611): Surface_lockCanvas
I/Surface (23611): Surface_lockCanvas
I/Surface (23611): Surface_lockCanvas
I/Surface (23611): Surface_lockCanvas
I/Surface (23611): Surface_lockCanvas
I/Surface (23611): Surface_lockCanvas
I/Surface (23611): Surface_lockCanvas
I/Surface (23611): Surface_lockCanvas
I/Surface (23611): Surface_lockCanvas
I/Surface (23611): Surface_lockCanvas
I/Surface (23611): Surface_lockCanvas
I/Surface (23611): Surface_lockCanvas
I/InputReader(  233): Touch event's action is 0x0 (deviceType=0) [pCnt=1, pending(waiting finished signal)=0, s=0.10662 ]
I/InputDispatcher(  233): Delivering touch to current input target: action: 0x0
I/InputDispatcher(  233): Delivering touch to current input target: action: 0x0
I/PowerManagerService(  233): Ulight 0x3->0x7|0x0
D/PowerManagerService(  233): setLightBrightness : mButtonLight : 255
I/InputQueue-JNI(23611): Sending finished signal for input channel since it is being unregistered while an input message is still in progress.
I/InputQueue-JNI(23611): Ignoring finish signal on channel that is no longer registered.
W/InputManagerService(  233): Window already focused, ignoring focus gain of: com.android.internal.view.IInputMethodClient$Stub$Proxy@414f5768
I/InputReader(  233): Touch event's action is 0x1 (deviceType=0) [pCnt=1, pending(waiting finished signal)=0, s=]
I/SurfaceFlinger(   93): id=2504 Removed PopupWindow:416d38b1 idx=3 Map Size=4
I/SurfaceFlinger(   93): id=2504 Removed PopupWindow:416d38b1 idx=-2 Map Size=4
W/PowerManagerService(  233): Timer 0x7->0x3|0x0
I/PowerManagerService(  233): Ulight 0x7->0x3|0x0
D/PowerManagerService(  233): setLightBrightness : mButtonLight : 0
E/Watchdog(  233): !@Sync 1628
D/InputReader(  233): Input event: value=1
D/InputReader(  233): Input event: value=1
I/InputDispatcher(  233): Delivering key to current input target: action: 0x0
I/InputDispatcher(  233): Delivering key to current input target: action: 0x0
D/OpenGLRenderer( 4534): Flushing caches (mode 2)
D/OpenGLRenderer(14479): Flushing caches (mode 2)
D/OpenGLRenderer(  462): Flushing caches (mode 2)
I/Launcher(  462): onTrimMemory call back
I/InputDispatcher(  233): Delivering key to current input target: action: 0x0
I/InputDispatcher(  233): Delivering key to current input target: action: 0x0
I/InputDispatcher(  233): Delivering key to current input target: action: 0x0
I/InputDispatcher(  233): Delivering key to current input target: action: 0x0
I/InputDispatcher(  233): Delivering key to current input target: action: 0x0
I/InputDispatcher(  233): Delivering key to current input target: action: 0x0
I/InputDispatcher(  233): Delivering key to current input target: action: 0x0
I/InputDispatcher(  233): Delivering key to current input target: action: 0x0
D/SurfaceFlinger(   93): EXT_DL_OUT: Start writing file[2503]
D/SurfaceFlinger(   93): EXT_DL_OUT: Ending writing file
D/SurfaceFlinger(   93): EXT_DL_OUT: Start writing file[3]
D/SurfaceFlinger(   93): EXT_DL_OUT: Ending writing file
I/SurfaceFlinger(   93): id=2505(2) createSurface 0x19048a4 (1x1),1 flag=0, ScreenshotAnimatioo
D/GlRenderer( 4580): initialize
D/GlRenderer( 4580): initializeEgl
I/libEGL  ( 4580): eglCreateWindowSurface
I/InputDispatcher(  233): Delivering key to current input target: action: 0x0
I/InputDispatcher(  233): Delivering key to current input target: action: 0x0
V/MediaPlayer-JNI( 4580): start
V/MediaPlayerService(   96): [206] setLooping(0)
V/StagefrightPlayer(   96): setLooping (0)
V/AwesomePlayer(   96): setLooping (0)
V/MediaPlayerService(   96): [206] setVolume(0.330000, 0.330000)
V/AudioSink(   96): setVolume(0.330000, 0.330000)
V/MediaPlayerService(   96): [206] setAuxEffectSendLevel(0.000000)
V/AudioSink(   96): setAuxEffectSendLevel(0.000000)
V/MediaPlayerService(   96): [206] start
V/StagefrightPlayer(   96): setLooping (0)
V/AwesomePlayer(   96): setLooping (0)
V/StagefrightPlayer(   96): start
V/AwesomePlayer(   96): play
I/AwesomePlayer(   96): AwesomePlayer::play_l():: this is not widevine!! 
I/AwesomePlayer(   96): AwesomePlayer::play_l():: This is not a DRM content
V/AudioSink(   96): start
V/AudioFlinger(   96): start(4098), calling thread 4580 session 336
V/AudioFlinger(   96): ? => ACTIVE (4098) on thread 0x1a85c0
V/AudioPolicyService(   96): startOutput() tid 226
V/AudioPolicyManagerBase(   96): startOutput() output 1, stream 7, session 336
V/AudioPolicyManagerBase(   96): getDeviceForStrategy() from cache strategy 4, device 2
V/AudioPolicyManagerBase(   96): changeRefCount() stream 7, count 1
E/AudioPolicyManagerBase(   96): media stream mute for camera sound (enforce stream)
V/AudioPolicyManagerBase(   96): setStrategyMute() strategy 0, mute 1, output 1
V/AudioPolicyManagerBase(   96): setStreamMute() stream 1, mute 1, output 1, mMuteCount 0
V/AudioPolicyManagerALSA(   96): setStreamVolume() for output 1 stream 1, volume 0.000000, delay 0
V/AudioPolicyService(   96): inserting command: 2 at index 0, num commands 0
V/AudioPolicyService(   96): AudioCommandThread() adding set volume stream 1, volume 0.000000, output 1
V/AudioPolicyService(   96): AudioCommandThread() waking up
V/AudioPolicyService(   96): AudioCommandThread() processing set volume stream 1,                             volume 0.000000, output 1
V/AudioPolicyService(   96): AudioCommandThread() going to sleep
V/AudioPolicyManagerBase(   96): setStreamMute() stream 3, mute 1, output 1, mMuteCount 0
V/AudioPolicyManagerALSA(   96): setStreamVolume() for output 1 stream 3, volume 0.000000, delay 0
V/AudioPolicyService(   96): inserting command: 2 at index 0, num commands 0
V/AudioPolicyService(   96): AudioCommandThread() adding set volume stream 3, volume 0.000000, output 1
V/AudioPolicyService(   96): AudioCommandThread() waking up
V/AudioPolicyService(   96): AudioCommandThread() processing set volume stream 3,                             volume 0.000000, output 1
V/AudioPolicyService(   96): AudioCommandThread() going to sleep
V/AudioPolicyManagerBase(   96): getDeviceForStrategy() strategy 4, device 2
V/AudioPolicyManagerBase(   96): getNewDevice() selected device 2
V/AudioPolicyService(   96): inserting command: 3 at index 0, num commands 0
V/AudioPolicyService(   96): AudioCommandThread() adding set parameter string music_volume=0.0000000000;music_volume_index=0, io 1 ,delay 0
V/AudioPolicyService(   96): AudioCommandThread() waking up
V/AudioPolicyService(   96): AudioCommandThread() processing set parameters string music_volume=0.0000000000;music_volume_index=0, io 1
V/AudioFlinger(   96): setParameters(): io 1, keyvalue music_volume=0.0000000000;music_volume_index=0, tid 214, calling tid 96
V/AudioFlinger(   96): ThreadBase::setParameters() music_volume=0.0000000000;music_volume_index=0
D/AudioHardwareALSA(   96): ALSAStreamOps::setParameters() music_volume=0.0000000000;music_volume_index=0
I/AudioHardwareALSA(   96): volIndex=0
I/AudioHardwareALSA(   96): [setMusicVolumeIndex]mMusicVolumeIndex=11,music_volume_index= 0
I/AudioHardwareALSA(   96): [setMusicVolume][mOutput]mMusicVolumeIndex=0
E/AudioHardwareALSA(   96): mIsMusicVolumeIndex [11],MusicVolumeIndex[0]
I/AudioHardwareALSA(   96): volGain=0.000000
I/AudioHardwareALSA(   96): [setMusicVolume]mIsMusicVolume=0.251189,music_volume=0.000000
I/AudioHardwareALSA(   96): [setMusicVolume][mOutput]mMusicVolume=0.000000
E/AudioHardwareALSA(   96): mMusicVolume [0.251189]MusicVolume[0.000000]
V/AudioPolicyService(   96): AudioCommandThread() going to sleep
V/AudioPolicyManagerBase(   96): setStreamMute() stream 9, mute 1, output 1, mMuteCount 0
V/AudioPolicyManagerALSA(   96): setStreamVolume() for output 1 stream 9, volume 0.000000, delay 0
V/AudioPolicyService(   96): inserting command: 2 at index 0, num commands 0
V/AudioPolicyService(   96): AudioCommandThread() adding set volume stream 9, volume 0.000000, output 1
V/AudioPolicyService(   96): AudioCommandThread() waking up
V/AudioPolicyService(   96): AudioCommandThread() processing set volume stream 9,                             volume 0.000000, output 1
V/AudioPolicyService(   96): AudioCommandThread() going to sleep
V/AudioPolicyManagerBase(   96): setStreamMute() stream 10, mute 1, output 1, mMuteCount 0
V/AudioPolicyManagerALSA(   96): setStreamVolume() for output 1 stream 10, volume 0.000000, delay 0
V/AudioPolicyService(   96): inserting command: 2 at index 0, num commands 0
V/AudioPolicyService(   96): AudioCommandThread() adding set volume stream 10, volume 0.000000, output 1
V/AudioPolicyService(   96): AudioCommandThread() waking up
V/AudioPolicyService(   96): AudioCommandThread() processing set volume stream 10,                             volume 0.000000, output 1
V/AudioPolicyService(   96): AudioCommandThread() going to sleep
I/AudioPolicyManagerBase(   96): setStreamMute Fmradio Mute(1)
I/AudioPolicyManagerBase(   96): set Fmradio Mute(1), 0
V/AudioPolicyService(   96): inserting command: 3 at index 0, num commands 0
V/AudioPolicyService(   96): AudioCommandThread() adding set parameter string fm_radio_mute=1, io 0 ,delay 0
V/AudioPolicyService(   96): AudioCommandThread() waking up
V/AudioPolicyService(   96): AudioCommandThread() processing set parameters string fm_radio_mute=1, io 0
V/AudioFlinger(   96): setParameters(): io 0, keyvalue fm_radio_mute=1, tid 214, calling tid 96
V/AudioFlinger(   96): setParameters::  string = fm_radio_mute=1 / ioHandle = 0 
V/AudioFlinger(   96): setParameters:: send AudioHAL 
D/AudioHardwareALSA(   96): LVVE AudioHardwareALSA::setParameters() fm_radio_mute=1
D/AudioHardwareALSA(   96): AudioHardwareALSA::setParameters() fm_radio_mute=1
V/AudioHardwareALSA(   96): FM Mute
E/ALSAControl(   96): Control 'FM-HST-MUT' cannot get element info: -2
V/AudioPolicyManagerBase(   96): setStreamMute() stream 11, mute 1, output 1, mMuteCount 0
V/AudioPolicyManagerALSA(   96): setStreamVolume() for output 1 stream 11, volume 0.177828, delay 0
V/AudioPolicyService(   96): inserting command: 2 at index 0, num commands 0
V/AudioPolicyService(   96): AudioCommandThread() adding set volume stream 11, volume 0.177828, output 1
V/AudioPolicyService(   96): AudioCommandThread() processing set volume stream 11,                             volume 0.177828, output 1
V/AudioPolicyService(   96): AudioCommandThread() going to sleep
V/AudioPolicyManagerBase(   96): setStreamMute() stream 13, mute 1, output 1, mMuteCount 0
V/AudioPolicyManagerALSA(   96): checkAndSetVolume() stream 3 muted count 1
V/AudioPolicyManagerBase(   96): setStreamMute() stream 14, mute 1, output 1, mMuteCount 0
V/AudioPolicyManagerALSA(   96): checkAndSetVolume() stream 10 muted count 1
I/AudioPolicyManagerBase(   96): setStreamMute Fmradio Mute(1)
I/AudioPolicyManagerBase(   96): set Fmradio Mute(1), 0
V/AudioPolicyService(   96): inserting command: 3 at index 0, num commands 0
V/AudioPolicyService(   96): AudioCommandThread() adding set parameter string fm_radio_mute=1, io 0 ,delay 0
V/AudioPolicyService(   96): AudioCommandThread() waking up
V/AudioPolicyService(   96): AudioCommandThread() processing set parameters string fm_radio_mute=1, io 0
V/AudioFlinger(   96): setParameters(): io 0, keyvalue fm_radio_mute=1, tid 214, calling tid 96
V/AudioFlinger(   96): setParameters::  string = fm_radio_mute=1 / ioHandle = 0 
V/AudioFlinger(   96): setParameters:: send AudioHAL 
D/AudioHardwareALSA(   96): LVVE AudioHardwareALSA::setParameters() fm_radio_mute=1
D/AudioHardwareALSA(   96): AudioHardwareALSA::setParameters() fm_radio_mute=1
V/AudioHardwareALSA(   96): FM Mute
E/ALSAControl(   96): Control 'FM-HST-MUT' cannot get element info: -2
V/AudioPolicyService(   96): AudioCommandThread() going to sleep
V/AudioPolicyManagerBase(   96): setStreamMute() stream 15, mute 1, output 1, mMuteCount 0
V/AudioPolicyManagerALSA(   96): checkAndSetVolume() stream 9 muted count 1
I/InputDispatcher(  233): Delivering key to current input target: action: 0x0
I/InputDispatcher(  233): Delivering key to current input target: action: 0x0
V/AudioPolicyManagerBase(   96): getDeviceForStrategy() from cache strategy 4, device 2
V/AudioPolicyManagerBase(   96): getNewDevice() selected device 2
V/AudioPolicyManagerALSA(   96): AudioPolicyManagerBase::setOutputDevice() output 1 device 2 delayMs 0
V/AudioPolicyManagerALSA(   96): setOutputDevice() setting same device 2 or null device for output 1
V/AudioPolicyManagerBase(   96): computeVolume : Camera Shutter Sound volume 1.000000
D/AudioPolicyManagerALSA(   96): startOutput() output=1, stream=7, session=336, phoneState=0
E/AudioFlinger(   96): addTrack_l streamType (7)
E/AudioFlinger(   96): addTrack_l streamType (0, 7) for mStreamTypes[stream].volume[1.000000]
D/AudioHardwareALSA(   96): ALSAStreamOps::setParameters() start_output_streamtype=7;start_output_streamvol=7
E/AudioHardwareALSA(   96): organ_volIndex=7
E/AudioHardwareALSA(   96): organ_streamIndex=7
E/AudioHardwareALSA(   96): setOrgan() 7,OnOff[1],volume[7]
W/ALSAModule(   96): audio_tune_hw4app_register tat=[12] volume_type=[0] volume_level=[7]
W/ALSAModule(   96): audio_tune_hw4app_policy bitmap=0x00001001 is 12
W/ALSAModule(   96): audio_tune_hw4app_write2hardware can't locate the right mFactoryRouteRCVMode [0]
W/ALSAModule(   96): audio_tune_hw4app_write2hardware will apply [12,music] vol_type0, vol_level7, eq_type0, device_mode3 to audio hardware
E/AudioHardwareALSA(   96): setOrgan=7
V/AudioFlinger(   96): mWaitWorkCV.broadcast
V/AwesomePlayer(   96): seekAudioIfNecessary_l mSeekTimeUs (0)
V/AudioSink(   96): flush
I/AudioResampler(   96): new MM resampler(48000 -> 44100, 2)
I/InputDispatcher(  233): Delivering key to current input target: action: 0x0
I/InputDispatcher(  233): Delivering key to current input target: action: 0x0
I/InputDispatcher(  233): Delivering key to current input target: action: 0x0
I/InputDispatcher(  233): Delivering key to current input target: action: 0x0
V/AwesomePlayer(   96): notifyListner_l() msg (4-MEDIA_SEEK_COMPLETE), ext1 (0), ext2 (0)
V/MediaPlayerService(   96): [206] notify (0x19d408, 4, 0, 0)
V/MediaPlayer( 4580): message received msg=4, ext1=0, ext2=0
V/MediaPlayer( 4580): Received seek complete
V/MediaPlayer( 4580): All seeks complete - return to regularly scheduled program
V/MediaPlayer( 4580): callback application
V/MediaPlayer( 4580): back from callback
I/InputDispatcher(  233): Delivering key to current input target: action: 0x0
I/InputDispatcher(  233): Delivering key to current input target: action: 0x0
I/InputDispatcher(  233): Delivering key to current input target: action: 0x0
I/InputDispatcher(  233): Delivering key to current input target: action: 0x0
