E/DataRouter(  109): Before the usb select 
E/SMD     (   90): ***Received data notification[DR->SMD]***
E/SMD     (   90): Message:T
E/SMD     (   90): Sending data to SMD: Len = [1]
E/SMD     (   90):  buffer = [T]
E/SMD     (   90): Wrote 1 chars to SMD PORT fd=11 ch = 54
E/DataRouter(  109): After the usb select 
E/DataRouter(  109): read usb data[len:1]
E/DataRouter(  109): read usb data message:+
E/DataRouter(  109): Before the usb select 
E/SMD     (   90): ***Received data notification[DR->SMD]***
E/SMD     (   90): Message:+
E/SMD     (   90): Sending data to SMD: Len = [1]
E/SMD     (   90):  buffer = [+]
E/SMD     (   90): Wrote 1 chars to SMD PORT fd=11 ch = 2b
E/DataRouter(  109): After the usb select 
E/DataRouter(  109): read usb data[len:1]
E/DataRouter(  109): read usb data message:C
E/DataRouter(  109): Before the usb select 
E/SMD     (   90): ***Received data notification[DR->SMD]***
E/SMD     (   90): Message:C
E/SMD     (   90): Sending data to SMD: Len = [1]
E/SMD     (   90):  buffer = [C]
E/SMD     (   90): Wrote 1 chars to SMD PORT fd=11 ch = 43
E/DataRouter(  109): After the usb select 
E/DataRouter(  109): read usb data[len:1]
E/DataRouter(  109): read usb data message:F
E/DataRouter(  109): Before the usb select 
E/SMD     (   90): ***Received data notification[DR->SMD]***
E/SMD     (   90): Message:F
E/SMD     (   90): Sending data to SMD: Len = [1]
E/SMD     (   90):  buffer = [F]
E/SMD     (   90): Wrote 1 chars to SMD PORT fd=11 ch = 46
E/DataRouter(  109): After the usb select 
E/DataRouter(  109): read usb data[len:1]
E/DataRouter(  109): read usb data message:U
E/DataRouter(  109): Before the usb select 
E/SMD     (   90): ***Received data notification[DR->SMD]***
E/SMD     (   90): Message:U
E/SMD     (   90): Sending data to SMD: Len = [1]
E/SMD     (   90):  buffer = [U]
E/SMD     (   90): Wrote 1 chars to SMD PORT fd=11 ch = 55
E/DataRouter(  109): After the usb select 
E/DataRouter(  109): read usb data[len:1]
E/DataRouter(  109): read usb data message:N
E/DataRouter(  109): Before the usb select 
E/SMD     (   90): ***Received data notification[DR->SMD]***
E/SMD     (   90): Message:N
E/SMD     (   90): Sending data to SMD: Len = [1]
E/SMD     (   90):  buffer = [N]
E/SMD     (   90): Wrote 1 chars to SMD PORT fd=11 ch = 4e
E/DataRouter(  109): After the usb select 
E/DataRouter(  109): read usb data[len:1]
E/DataRouter(  109): read usb data message:?
E/DataRouter(  109): Before the usb select 
E/SMD     (   90): ***Received data notification[DR->SMD]***
E/SMD     (   90): Message:?
E/SMD     (   90): Sending data to SMD: Len = [1]
E/SMD     (   90):  buffer = [?]
E/SMD     (   90): Wrote 1 chars to SMD PORT fd=11 ch = 3f
E/DataRouter(  109): After the usb select 
E/DataRouter(  109): read usb data[len:1]
E/DataRouter(  109): read usb data message:
E/DataRouter(  109): Before the usb select 
E/SMD     (   90): ***Received data notification[DR->SMD]***
E/SMD     (   90): Message:
E/SMD     (   90): Sending data to SMD: Len = [1]
E/SMD     (   90):  buffer = []
D/SPRDENG (  150): eng_server2modem: use SIM1 /dev/CHNPTY13
D/SPRDENG (  150): AT > AT+CFUN?
D/PHONESERVER(  146): Send thread's TID [272] CHNMNG:findNextEOL:
D/PHONESERVER(  146): Send thread's TID [272] CHNMNG:end findNextEOL:
E/SMD     (   90): Wrote 1 chars to SMD PORT fd=11 ch = d
D/PHONESERVER(  146): Send thread's TID [272] CHNMNG:findNextEOL:
D/PHONESERVER(  146): Send thread's TID [272] CHNMNG:end findNextEOL:
D/PHONESERVER(  146): Send thread's TID [272] PS_PTY : /dev/CHNPTY13 Received 9 bytes command[AT+CFUN?]
D/PHONESERVER(  146): Send thread TID [272] CHNMNG enter channel_manager_get_cmux 
D/PHONESERVER(  146): Before add wait array pty=0x37964
D/PHONESERVER(  146): Before add wait array
D/PHONESERVER(  146): 
D/PHONESERVER(  146): After add wait array
D/PHONESERVER(  146): [0]:272 
D/PHONESERVER(  146): 
D/PHONESERVER(  146): TYPE: GSM
D/PHONESERVER(  146): Send thread TID [272] CHNMNG Leave channel_manager_get_cmux:/dev/ts0710mux5 
D/PHONESERVER(  146): PS_CMUX cmux_regist_cmd_callback cmux:/dev/ts0710mux5
D/PHONESERVER(  146): PS_CMUX :/dev/ts0710mux5 cmux_write:AT+CFUN?:len=9
D/PHONESERVER(  146): Receive thread's TID [261] CHMNG:  receive data thread :mux=/dev/ts0710mux5:input:+CFUN: 1
D/PHONESERVER(  146): pty_write get lock
D/PHONESERVER(  146): PS_PTY:/dev/CHNPTY13   write :
D/PHONESERVER(  146): +CFUN: 1
D/PHONESERVER(  146): 
D/SPRDENG (  150): eng_modem2server: use SIM1 /dev/CHNPTY13
D/PHONESERVER(  146): pty_write free lock
D/PHONESERVER(  146): Receive thread's TID [261] MUX :/dev/ts0710mux5 Waiting for resp  
D/PHONESERVER(  146): Receive thread's TID [261] CHMNG:  receive data thread :mux=/dev/ts0710mux5:input:OK
D/PHONESERVER(  146): PS_CMUX cmux_deregist_cmd_callback cmux:/dev/ts0710mux5
D/PHONESERVER(  146): pty_write get lock
D/PHONESERVER(  146): PS_PTY:/dev/CHNPTY13   write :
D/PHONESERVER(  146): OK
D/PHONESERVER(  146): 
D/PHONESERVER(  146): pty_write free lock
D/PHONESERVER(  146): [272] before timeout (1404400947)
D/PHONESERVER(  146): CHNMNG enter channel_manager_free_cmux cmux=/dev/ts0710mux5 
D/PHONESERVER(  146): CHNMNG enter channel_manager_free_cmux pty=0x37964 
D/PHONESERVER(  146): [261] Before remove wait array
D/PHONESERVER(  146): [0]:272 
D/PHONESERVER(  146): 
D/PHONESERVER(  146): [261] After remove wait array
D/PHONESERVER(  146): 
D/PHONESERVER(  146): Enter select_send_thread_run
D/PHONESERVER(  146): Leave select_send_thread_run
D/PHONESERVER(  146): CHNMNG Leave channel_manager_free_cmux cmux=/dev/ts0710mux5 
D/PHONESERVER(  146): [261] before signal (1404400947)
D/PHONESERVER(  146): [261] after signal (1404400947)
D/PHONESERVER(  146): Receive thread's TID [261] MUX :/dev/ts0710mux5 Waiting for resp  
D/PHONESERVER(  146): [272] after timeout (1404400947)
D/PHONESERVER(  146): phoneserver mux adapt: generic cmd AT+CFUN?
D/SPRDENG (  150): AT < 
D/SPRDENG (  150): +CFUN: 1
D/SPRDENG (  150): 
D/SPRDENG (  150): OK
D/SPRDENG (  150): 
E/SMD     (   90): After the Modem Read select 
E/SMD     (   90): Read 18 chars from SMD Modem file fd = 11
E/SMD     (   90):  Message: 
E/SMD     (   90): +CFUN: 1
E/SMD     (   90): 
E/SMD     (   90): OK
E/SMD     (   90): "IP",,,(0,1),(0,1)
E/SMD     (   90): 
E/SMD     (   90): OK
E/SMD     (   90): _R1.5.6
E/SMD     (   90): 
E/SMD     (   90): 
E/SMD     (   90): S7568ZMMH2
E/SMD     (   90): 
E/SMD     (   90): 
E/SMD     (   90): GT-S7568
E/SMD     (   90): 
E/SMD     (   90): 
E/SMD     (   90): CP_HW_VER
E/SMD     (   90): 
E/SMD     (   90): 
E/SMD     (   90): 08-28-2013 12:11:48
E/SMD     (   90): 
E/SMD     (   90): OK
E/SMD     (   90): 
E/SMD     (   90): Before the Modem Read select 
E/DataRouter(  109): [socket:17]******* Received data notification *******
E/DataRouter(  109): [socket:17]read socket data[len:18]
E/DataRouter(  109): [socket:17]read socket data[message:
E/DataRouter(  109): +CFUN: 1
E/DataRouter(  109): 
E/DataRouter(  109): OK
E/DataRouter(  109): 
E/DataRouter(  109): write [18] bytes of data to USB fd[14]
E/DataRouter(  109): [socket:17]dr_usb_write
E/DataRouter(  109): After the usb select 
E/DataRouter(  109): read usb data[len:1]
E/DataRouter(  109): read usb data message:A
E/DataRouter(  109): Before the usb select 
E/SMD     (   90): ***Received data notification[DR->SMD]***
E/SMD     (   90): Message:A
E/SMD     (   90): Sending data to SMD: Len = [1]
E/SMD     (   90):  buffer = [A]
E/SMD     (   90): Wrote 1 chars to SMD PORT fd=11 ch = 41
E/DataRouter(  109): After the usb select 
E/DataRouter(  109): read usb data[len:1]
E/DataRouter(  109): read usb data message:T
E/DataRouter(  109): Before the usb select 
E/SMD     (   90): ***Received data notification[DR->SMD]***
E/SMD     (   90): Message:T
E/SMD     (   90): Sending data to SMD: Len = [1]
E/SMD     (   90):  buffer = [T]
E/SMD     (   90): Wrote 1 chars to SMD PORT fd=11 ch = 54
E/DataRouter(  109): After the usb select 
E/DataRouter(  109): read usb data[len:1]
E/DataRouter(  109): read usb data message:+
E/DataRouter(  109): Before the usb select 
E/SMD     (   90): ***Received data notification[DR->SMD]***
E/SMD     (   90): Message:+
E/SMD     (   90): Sending data to SMD: Len = [1]
E/SMD     (   90):  buffer = [+]
E/SMD     (   90): Wrote 1 chars to SMD PORT fd=11 ch = 2b
E/DataRouter(  109): After the usb select 
E/DataRouter(  109): read usb data[len:1]
E/DataRouter(  109): read usb data message:C
E/DataRouter(  109): Before the usb select 
E/SMD     (   90): ***Received data notification[DR->SMD]***
E/SMD     (   90): Message:C
E/SMD     (   90): Sending data to SMD: Len = [1]
E/SMD     (   90):  buffer = [C]
E/SMD     (   90): Wrote 1 chars to SMD PORT fd=11 ch = 43
E/DataRouter(  109): After the usb select 
E/DataRouter(  109): read usb data[len:1]
E/DataRouter(  109): read usb data message:P
E/DataRouter(  109): Before the usb select 
E/SMD     (   90): ***Received data notification[DR->SMD]***
E/SMD     (   90): Message:P
E/SMD     (   90): Sending data to SMD: Len = [1]
E/SMD     (   90):  buffer = [P]
E/SMD     (   90): Wrote 1 chars to SMD PORT fd=11 ch = 50
E/DataRouter(  109): After the usb select 
E/DataRouter(  109): read usb data[len:1]
E/DataRouter(  109): read usb data message:I
E/DataRouter(  109): Before the usb select 
E/SMD     (   90): ***Received data notification[DR->SMD]***
E/SMD     (   90): Message:I
E/SMD     (   90): Sending data to SMD: Len = [1]
E/SMD     (   90):  buffer = [I]
E/SMD     (   90): Wrote 1 chars to SMD PORT fd=11 ch = 49
E/DataRouter(  109): After the usb select 
E/DataRouter(  109): read usb data[len:1]
E/DataRouter(  109): read usb data message:N
E/DataRouter(  109): Before the usb select 
E/SMD     (   90): ***Received data notification[DR->SMD]***
E/SMD     (   90): Message:N
E/SMD     (   90): Sending data to SMD: Len = [1]
E/SMD     (   90):  buffer = [N]
E/SMD     (   90): Wrote 1 chars to SMD PORT fd=11 ch = 4e
I/Surface (  299): Surface_lockCanvas
E/DataRouter(  109): After the usb select 
E/DataRouter(  109): read usb data[len:1]
E/DataRouter(  109): read usb data message:?
E/DataRouter(  109): Before the usb select 
E/SMD     (   90): ***Received data notification[DR->SMD]***
E/SMD     (   90): Message:?
E/SMD     (   90): Sending data to SMD: Len = [1]
E/SMD     (   90):  buffer = [?]
E/SMD     (   90): Wrote 1 chars to SMD PORT fd=11 ch = 3f
E/DataRouter(  109): After the usb select 
E/DataRouter(  109): read usb data[len:1]
E/DataRouter(  109): read usb data message:
E/DataRouter(  109): Before the usb select 
E/SMD     (   90): ***Received data notification[DR->SMD]***
E/SMD     (   90): Message:
E/SMD     (   90): Sending data to SMD: Len = [1]
E/SMD     (   90):  buffer = []
D/SPRDENG (  150): eng_server2modem: use SIM1 /dev/CHNPTY13
D/SPRDENG (  150): AT > AT+CPIN?
D/PHONESERVER(  146): Send thread's TID [272] CHNMNG:findNextEOL:
D/PHONESERVER(  146): Send thread's TID [272] CHNMNG:end findNextEOL:
D/PHONESERVER(  146): Send thread's TID [272] CHNMNG:findNextEOL:
D/PHONESERVER(  146): Send thread's TID [272] CHNMNG:end findNextEOL:
D/PHONESERVER(  146): Send thread's TID [272] PS_PTY : /dev/CHNPTY13 Received 9 bytes command[AT+CPIN?]
D/PHONESERVER(  146): Send thread TID [272] CHNMNG enter channel_manager_get_cmux 
D/PHONESERVER(  146): Before add wait array pty=0x37964
D/PHONESERVER(  146): Before add wait array
D/PHONESERVER(  146): 
D/PHONESERVER(  146): After add wait array
D/PHONESERVER(  146): [0]:272 
D/PHONESERVER(  146): 
D/PHONESERVER(  146): TYPE:SIMM
D/PHONESERVER(  146): Send thread TID [272] CHNMNG Leave channel_manager_get_cmux:/dev/ts0710mux1 
D/PHONESERVER(  146): PS_CMUX cmux_regist_cmd_callback cmux:/dev/ts0710mux1
D/PHONESERVER(  146): PS_CMUX :/dev/ts0710mux1 cmux_write:AT+CPIN?:len=9
D/PHONESERVER(  146): Receive thread's TID [257] CHMNG:  receive data thread :mux=/dev/ts0710mux1:input:+CPIN: READY
D/PHONESERVER(  146): pty_write get lock
D/PHONESERVER(  146): PS_PTY:/dev/CHNPTY13   write :
D/PHONESERVER(  146): +CPIN: READY
D/PHONESERVER(  146): 
D/PHONESERVER(  146): pty_write free lock
D/PHONESERVER(  146): Receive thread's TID [257] MUX :/dev/ts0710mux1 Waiting for resp  
D/PHONESERVER(  146): Receive thread's TID [257] CHMNG:  receive data thread :mux=/dev/ts0710mux1:input:OK
D/PHONESERVER(  146): PS_CMUX cmux_deregist_cmd_callback cmux:/dev/ts0710mux1
D/PHONESERVER(  146): pty_write get lock
D/PHONESERVER(  146): PS_PTY:/dev/CHNPTY13   write :
D/PHONESERVER(  146): OK
D/PHONESERVER(  146): 
D/SPRDENG (  150): eng_modem2server: use SIM1 /dev/CHNPTY13
D/SPRDENG (  150): AT < 
D/SPRDENG (  150): +CPIN: READY
D/SPRDENG (  150): 
D/SPRDENG (  150): OK
D/SPRDENG (  150): 
E/SMD     (   90): After the Modem Read select 
E/SMD     (   90): Read 22 chars from SMD Modem file fd = 11
E/SMD     (   90):  Message: 
E/SMD     (   90): +CPIN: READY
E/SMD     (   90): 
E/SMD     (   90): OK
E/SMD     (   90): ,,,(0,1),(0,1)
E/SMD     (   90): 
E/SMD     (   90): OK
E/SMD     (   90): _R1.5.6
E/SMD     (   90): 
E/SMD     (   90): 
E/SMD     (   90): S7568ZMMH2
E/SMD     (   90): 
E/SMD     (   90): 
E/SMD     (   90): GT-S7568
E/SMD     (   90): 
E/SMD     (   90): 
E/SMD     (   90): CP_HW_VER
E/SMD     (   90): 
E/SMD     (   90): 
E/SMD     (   90): 08-28-2013 12:11:48
E/SMD     (   90): 
E/SMD     (   90): OK
E/SMD     (   90): 
E/SMD     (   90): Before the Modem Read select 
E/DataRouter(  109): [socket:17]******* Received data notification *******
E/DataRouter(  109): [socket:17]read socket data[len:22]
E/DataRouter(  109): [socket:17]read socket data[message:
E/DataRouter(  109): +CPIN: READY
E/DataRouter(  109): 
E/DataRouter(  109): OK
E/DataRouter(  109): 
E/DataRouter(  109): write [22] bytes of data to USB fd[14]
E/DataRouter(  109): [socket:17]dr_usb_write
D/PHONESERVER(  146): pty_write free lock
D/PHONESERVER(  146): [272] before timeout (1404400947)
D/PHONESERVER(  146): CHNMNG enter channel_manager_free_cmux cmux=/dev/ts0710mux1 
D/PHONESERVER(  146): CHNMNG enter channel_manager_free_cmux pty=0x37964 
D/PHONESERVER(  146): [257] Before remove wait array
D/PHONESERVER(  146): [0]:272 
D/PHONESERVER(  146): 
D/PHONESERVER(  146): [257] After remove wait array
D/PHONESERVER(  146): 
D/PHONESERVER(  146): Enter select_send_thread_run
D/PHONESERVER(  146): Leave select_send_thread_run
D/PHONESERVER(  146): CHNMNG Leave channel_manager_free_cmux cmux=/dev/ts0710mux1 
D/PHONESERVER(  146): [257] before signal (1404400947)
E/SMD     (   90): Wrote 1 chars to SMD PORT fd=11 ch = d
D/PHONESERVER(  146): [257] after signal (1404400947)
D/PHONESERVER(  146): Receive thread's TID [257] MUX :/dev/ts0710mux1 Waiting for resp  
D/PHONESERVER(  146): [272] after timeout (1404400947)
D/PHONESERVER(  146): phoneserver mux adapt: generic cmd AT+CPIN?
E/DataRouter(  109): After the usb select 
E/DataRouter(  109): read usb data[len:1]
E/DataRouter(  109): read usb data message:A
E/DataRouter(  109): Before the usb select 
E/SMD     (   90): ***Received data notification[DR->SMD]***
E/SMD     (   90): Message:A
E/SMD     (   90): Sending data to SMD: Len = [1]
E/SMD     (   90):  buffer = [A]
E/SMD     (   90): Wrote 1 chars to SMD PORT fd=11 ch = 41
E/DataRouter(  109): After the usb select 
E/DataRouter(  109): read usb data[len:1]
E/DataRouter(  109): read usb data message:T
E/DataRouter(  109): Before the usb select 
E/SMD     (   90): ***Received data notification[DR->SMD]***
E/SMD     (   90): Message:T
E/SMD     (   90): Sending data to SMD: Len = [1]
E/SMD     (   90):  buffer = [T]
E/SMD     (   90): Wrote 1 chars to SMD PORT fd=11 ch = 54
E/DataRouter(  109): After the usb select 
E/DataRouter(  109): read usb data[len:1]
E/DataRouter(  109): read usb data message:+
E/DataRouter(  109): Before the usb select 
E/SMD     (   90): ***Received data notification[DR->SMD]***
E/SMD     (   90): Message:+
E/SMD     (   90): Sending data to SMD: Len = [1]
E/SMD     (   90):  buffer = [+]
E/SMD     (   90): Wrote 1 chars to SMD PORT fd=11 ch = 2b
E/DataRouter(  109): After the usb select 
E/DataRouter(  109): read usb data[len:1]
E/DataRouter(  109): read usb data message:C
E/DataRouter(  109): Before the usb select 
E/SMD     (   90): ***Received data notification[DR->SMD]***
E/SMD     (   90): Message:C
E/SMD     (   90): Sending data to SMD: Len = [1]
E/SMD     (   90):  buffer = [C]
E/SMD     (   90): Wrote 1 chars to SMD PORT fd=11 ch = 43
E/DataRouter(  109): After the usb select 
E/DataRouter(  109): read usb data[len:1]
E/DataRouter(  109): read usb data message:R
E/DataRouter(  109): Before the usb select 
E/DataRouter(  109): After the usb select 
E/DataRouter(  109): read usb data[len:1]
E/DataRouter(  109): read usb data message:S
E/DataRouter(  109): Before the usb select 
E/SMD     (   90): ***Received data notification[DR->SMD]***
E/SMD     (   90): Path set is DATA_PATH_DR_SMD_MANAGER
E/SMD     (   90): Message:RS
E/SMD     (   90): Sending data to SMD: Len = [2]
E/SMD     (   90):  buffer = [RS]
E/SMD     (   90): Wrote 2 chars to SMD PORT fd=11 ch = 52
E/DataRouter(  109): After the usb select 
E/DataRouter(  109): read usb data[len:1]
E/DataRouter(  109): read usb data message:M
E/DataRouter(  109): Before the usb select 
E/SMD     (   90): ***Received data notification[DR->SMD]***
E/SMD     (   90): Message:M
E/SMD     (   90): Sending data to SMD: Len = [1]
E/SMD     (   90):  buffer = [M]
E/SMD     (   90): Wrote 1 chars to SMD PORT fd=11 ch = 4d
E/DataRouter(  109): After the usb select 
E/DataRouter(  109): read usb data[len:1]
E/DataRouter(  109): read usb data message:=
E/DataRouter(  109): Before the usb select 
E/SMD     (   90): ***Received data notification[DR->SMD]***
E/SMD     (   90): Message:=
E/SMD     (   90): Sending data to SMD: Len = [1]
E/SMD     (   90):  buffer = [=]
E/SMD     (   90): Wrote 1 chars to SMD PORT fd=11 ch = 3d
E/DataRouter(  109): After the usb select 
E/DataRouter(  109): read usb data[len:1]
E/DataRouter(  109): read usb data message:1
E/DataRouter(  109): Before the usb select 
E/SMD     (   90): ***Received data notification[DR->SMD]***
E/SMD     (   90): Message:1
E/SMD     (   90): Sending data to SMD: Len = [1]
E/SMD     (   90):  buffer = [1]
E/SMD     (   90): Wrote 1 chars to SMD PORT fd=11 ch = 31
E/DataRouter(  109): After the usb select 
E/DataRouter(  109): read usb data[len:1]
E/DataRouter(  109): read usb data message:7
E/DataRouter(  109): Before the usb select 
E/SMD     (   90): ***Received data notification[DR->SMD]***
E/SMD     (   90): Message:7
E/SMD     (   90): Sending data to SMD: Len = [1]
E/SMD     (   90):  buffer = [7]
E/SMD     (   90): Wrote 1 chars to SMD PORT fd=11 ch = 37
E/DataRouter(  109): After the usb select 
E/DataRouter(  109): read usb data[len:1]
E/DataRouter(  109): read usb data message:6
E/DataRouter(  109): Before the usb select 
E/SMD     (   90): ***Received data notification[DR->SMD]***
E/SMD     (   90): Message:6
E/SMD     (   90): Sending data to SMD: Len = [1]
E/SMD     (   90):  buffer = [6]
E/SMD     (   90): Wrote 1 chars to SMD PORT fd=11 ch = 36
E/DataRouter(  109): After the usb select 
E/DataRouter(  109): read usb data[len:1]
E/DataRouter(  109): read usb data message:,
E/DataRouter(  109): Before the usb select 
E/SMD     (   90): ***Received data notification[DR->SMD]***
E/SMD     (   90): Message:,
E/SMD     (   90): Sending data to SMD: Len = [1]
E/SMD     (   90):  buffer = [,]
E/SMD     (   90): Wrote 1 chars to SMD PORT fd=11 ch = 2c
E/DataRouter(  109): After the usb select 
E/DataRouter(  109): read usb data[len:1]
E/DataRouter(  109): read usb data message:1
E/DataRouter(  109): Before the usb select 
E/SMD     (   90): ***Received data notification[DR->SMD]***
E/SMD     (   90): Message:1
E/SMD     (   90): Sending data to SMD: Len = [1]
E/SMD     (   90):  buffer = [1]
E/SMD     (   90): Wrote 1 chars to SMD PORT fd=11 ch = 31
E/DataRouter(  109): After the usb select 
E/DataRouter(  109): read usb data[len:1]
E/DataRouter(  109): read usb data message:2
E/DataRouter(  109): Before the usb select 
E/SMD     (   90): ***Received data notification[DR->SMD]***
E/SMD     (   90): Message:2
E/SMD     (   90): Sending data to SMD: Len = [1]
E/SMD     (   90):  buffer = [2]
E/SMD     (   90): Wrote 1 chars to SMD PORT fd=11 ch = 32
E/DataRouter(  109): After the usb select 
E/DataRouter(  109): read usb data[len:1]
E/DataRouter(  109): read usb data message:2
E/DataRouter(  109): Before the usb select 
E/SMD     (   90): ***Received data notification[DR->SMD]***
E/SMD     (   90): Message:2
E/SMD     (   90): Sending data to SMD: Len = [1]
E/SMD     (   90):  buffer = [2]
E/SMD     (   90): Wrote 1 chars to SMD PORT fd=11 ch = 32
E/DataRouter(  109): After the usb select 
E/DataRouter(  109): read usb data[len:1]
E/DataRouter(  109): read usb data message:5
E/DataRouter(  109): Before the usb select 
E/SMD     (   90): ***Received data notification[DR->SMD]***
E/SMD     (   90): Message:5
E/SMD     (   90): Sending data to SMD: Len = [1]
E/SMD     (   90):  buffer = [5]
E/SMD     (   90): Wrote 1 chars to SMD PORT fd=11 ch = 35
E/DataRouter(  109): After the usb select 
E/DataRouter(  109): read usb data[len:1]
E/DataRouter(  109): read usb data message:8
E/DataRouter(  109): Before the usb select 
E/SMD     (   90): ***Received data notification[DR->SMD]***
E/SMD     (   90): Message:8
E/SMD     (   90): Sending data to SMD: Len = [1]
E/SMD     (   90):  buffer = [8]
E/SMD     (   90): Wrote 1 chars to SMD PORT fd=11 ch = 38
E/DataRouter(  109): After the usb select 
E/DataRouter(  109): read usb data[len:1]
E/DataRouter(  109): read usb data message:,
E/DataRouter(  109): Before the usb select 
E/SMD     (   90): ***Received data notification[DR->SMD]***
E/SMD     (   90): Message:,
E/SMD     (   90): Sending data to SMD: Len = [1]
E/SMD     (   90):  buffer = [,]
E/SMD     (   90): Wrote 1 chars to SMD PORT fd=11 ch = 2c
E/DataRouter(  109): After the usb select 
E/DataRouter(  109): read usb data[len:1]
E/DataRouter(  109): read usb data message:0
E/DataRouter(  109): Before the usb select 
E/SMD     (   90): ***Received data notification[DR->SMD]***
E/SMD     (   90): Message:0
E/SMD     (   90): Sending data to SMD: Len = [1]
E/SMD     (   90):  buffer = [0]
E/SMD     (   90): Wrote 1 chars to SMD PORT fd=11 ch = 30
E/DataRouter(  109): After the usb select 
E/DataRouter(  109): read usb data[len:1]
E/DataRouter(  109): read usb data message:,
E/DataRouter(  109): Before the usb select 
E/SMD     (   90): ***Received data notification[DR->SMD]***
E/SMD     (   90): Message:,
E/SMD     (   90): Sending data to SMD: Len = [1]
E/SMD     (   90):  buffer = [,]
E/SMD     (   90): Wrote 1 chars to SMD PORT fd=11 ch = 2c
E/DataRouter(  109): After the usb select 
E/DataRouter(  109): read usb data[len:1]
E/DataRouter(  109): read usb data message:0
E/DataRouter(  109): Before the usb select 
E/SMD     (   90): ***Received data notification[DR->SMD]***
E/SMD     (   90): Message:0
E/SMD     (   90): Sending data to SMD: Len = [1]
E/SMD     (   90):  buffer = [0]
E/SMD     (   90): Wrote 1 chars to SMD PORT fd=11 ch = 30
E/DataRouter(  109): After the usb select 
E/DataRouter(  109): read usb data[len:1]
E/DataRouter(  109): read usb data message:,
E/DataRouter(  109): Before the usb select 
E/SMD     (   90): ***Received data notification[DR->SMD]***
E/SMD     (   90): Message:,
E/SMD     (   90): Sending data to SMD: Len = [1]
E/SMD     (   90):  buffer = [,]
E/SMD     (   90): Wrote 1 chars to SMD PORT fd=11 ch = 2c
E/DataRouter(  109): After the usb select 
E/DataRouter(  109): read usb data[len:1]
E/DataRouter(  109): read usb data message:1
E/DataRouter(  109): Before the usb select 
E/SMD     (   90): ***Received data notification[DR->SMD]***
E/SMD     (   90): Message:1
E/SMD     (   90): Sending data to SMD: Len = [1]
E/SMD     (   90):  buffer = [1]
E/SMD     (   90): Wrote 1 chars to SMD PORT fd=11 ch = 31
E/DataRouter(  109): After the usb select 
E/DataRouter(  109): read usb data[len:1]
E/DataRouter(  109): read usb data message:0
E/DataRouter(  109): Before the usb select 
E/SMD     (   90): ***Received data notification[DR->SMD]***
E/SMD     (   90): Message:0
E/SMD     (   90): Sending data to SMD: Len = [1]
E/SMD     (   90):  buffer = [0]
E/SMD     (   90): Wrote 1 chars to SMD PORT fd=11 ch = 30
E/DataRouter(  109): After the usb select 
E/DataRouter(  109): read usb data[len:1]
E/DataRouter(  109): read usb data message:
E/DataRouter(  109): Before the usb select 
E/SMD     (   90): ***Received data notification[DR->SMD]***
E/SMD     (   90): Message:
E/SMD     (   90): Sending data to SMD: Len = [1]
E/SMD     (   90):  buffer = []
D/SPRDENG (  150): eng_server2modem: use SIM1 /dev/CHNPTY13
D/SPRDENG (  150): AT > AT+CRSM=176,12258,0,0,10
D/PHONESERVER(  146): Send thread's TID [272] CHNMNG:findNextEOL:
D/PHONESERVER(  146): Send thread's TID [272] CHNMNG:end findNextEOL:
E/SMD     (   90): Wrote 1 chars to SMD PORT fd=11 ch = d
D/PHONESERVER(  146): Send thread's TID [272] CHNMNG:findNextEOL:
D/PHONESERVER(  146): Send thread's TID [272] CHNMNG:end findNextEOL:
D/PHONESERVER(  146): Send thread's TID [272] PS_PTY : /dev/CHNPTY13 Received 25 bytes command[AT+CRSM=176,12258,0,0,10]
D/PHONESERVER(  146): Send thread TID [272] CHNMNG enter channel_manager_get_cmux 
D/PHONESERVER(  146): Before add wait array pty=0x37964
D/PHONESERVER(  146): Before add wait array
D/PHONESERVER(  146): 
D/PHONESERVER(  146): After add wait array
D/PHONESERVER(  146): [0]:272 
D/PHONESERVER(  146): 
D/PHONESERVER(  146): TYPE:SIMM
D/PHONESERVER(  146): Send thread TID [272] CHNMNG Leave channel_manager_get_cmux:/dev/ts0710mux1 
D/PHONESERVER(  146): PS_CMUX cmux_regist_cmd_callback cmux:/dev/ts0710mux1
D/PHONESERVER(  146): PS_CMUX :/dev/ts0710mux1 cmux_write:AT+CRSM=176,12258,0,0,10:len=25
D/SPRDENG (  150): eng_modem2server: use SIM1 /dev/CHNPTY13
D/PHONESERVER(  146): [272] before timeout (1404400947)
I/Surface (  299): Surface_lockCanvas
D/PHONESERVER(  146): Receive thread's TID [257] CHMNG:  receive data thread :mux=/dev/ts0710mux1:input:+CRSM: 144,0,98680086023105103308
D/PHONESERVER(  146): pty_write get lock
D/PHONESERVER(  146): PS_PTY:/dev/CHNPTY13   write :
D/PHONESERVER(  146): +CRSM: 144,0,98680086023105103308
D/PHONESERVER(  146): 
D/PHONESERVER(  146): pty_write free lock
D/PHONESERVER(  146): Receive thread's TID [257] MUX :/dev/ts0710mux1 Waiting for resp  
D/PHONESERVER(  146): Receive thread's TID [257] CHMNG:  receive data thread :mux=/dev/ts0710mux1:input:OK
D/PHONESERVER(  146): PS_CMUX cmux_deregist_cmd_callback cmux:/dev/ts0710mux1
D/PHONESERVER(  146): pty_write get lock
D/PHONESERVER(  146): PS_PTY:/dev/CHNPTY13   write :
D/PHONESERVER(  146): OK
D/PHONESERVER(  146): 
D/PHONESERVER(  146): pty_write free lock
D/PHONESERVER(  146): CHNMNG enter channel_manager_free_cmux cmux=/dev/ts0710mux1 
D/PHONESERVER(  146): CHNMNG enter channel_manager_free_cmux pty=0x37964 
D/PHONESERVER(  146): [257] Before remove wait array
D/PHONESERVER(  146): [0]:272 
D/PHONESERVER(  146): 
D/PHONESERVER(  146): [257] After remove wait array
D/PHONESERVER(  146): 
D/PHONESERVER(  146): Enter select_send_thread_run
D/PHONESERVER(  146): Leave select_send_thread_run
D/PHONESERVER(  146): CHNMNG Leave channel_manager_free_cmux cmux=/dev/ts0710mux1 
D/PHONESERVER(  146): [257] before signal (1404400948)
D/PHONESERVER(  146): [257] after signal (1404400948)
D/PHONESERVER(  146): Receive thread's TID [257] MUX :/dev/ts0710mux1 Waiting for resp  
D/PHONESERVER(  146): [272] after timeout (1404400948)
D/PHONESERVER(  146): phoneserver mux adapt: generic cmd AT+CRSM=176,12258,0,0,10
D/SPRDENG (  150): AT < 
D/SPRDENG (  150): +CRSM: 144,0,98680086023105103308
D/SPRDENG (  150): 
D/SPRDENG (  150): OK
D/SPRDENG (  150): 
E/SMD     (   90): After the Modem Read select 
E/SMD     (   90): Read 43 chars from SMD Modem file fd = 11
E/SMD     (   90):  Message: 
E/SMD     (   90): +CRSM: 144,0,98680086023105103308
E/SMD     (   90): 
E/SMD     (   90): OK
E/SMD     (   90): 
E/SMD     (   90): _R1.5.6
E/SMD     (   90): 
E/SMD     (   90): 
E/SMD     (   90): S7568ZMMH2
E/SMD     (   90): 
E/SMD     (   90): 
E/SMD     (   90): GT-S7568
E/SMD     (   90): 
E/SMD     (   90): 
E/SMD     (   90): CP_HW_VER
E/SMD     (   90): 
E/SMD     (   90): 
E/SMD     (   90): 08-28-2013 12:11:48
E/SMD     (   90): 
E/SMD     (   90): OK
E/SMD     (   90): 
E/SMD     (   90): Before the Modem Read select 
E/DataRouter(  109): [socket:17]******* Received data notification *******
E/DataRouter(  109): [socket:17]read socket data[len:43]
E/DataRouter(  109): [socket:17]read socket data[message:
E/DataRouter(  109): +CRSM: 144,0,98680086023105103308
E/DataRouter(  109): 
E/DataRouter(  109): OK
E/DataRouter(  109): 
E/DataRouter(  109): write [43] bytes of data to USB fd[14]
E/DataRouter(  109): [socket:17]dr_usb_write
E/DataRouter(  109): After the usb select 
E/DataRouter(  109): read usb data[len:1]
E/DataRouter(  109): read usb data message:A
E/DataRouter(  109): Before the usb select 
E/SMD     (   90): ***Received data notification[DR->SMD]***
E/SMD     (   90): Message:A
E/SMD     (   90): Sending data to SMD: Len = [1]
E/SMD     (   90):  buffer = [A]
E/SMD     (   90): Wrote 1 chars to SMD PORT fd=11 ch = 41
E/DataRouter(  109): After the usb select 
E/DataRouter(  109): read usb data[len:1]
E/DataRouter(  109): read usb data message:T
E/DataRouter(  109): Before the usb select 
E/SMD     (   90): ***Received data notification[DR->SMD]***
E/SMD     (   90): Message:T
E/SMD     (   90): Sending data to SMD: Len = [1]
E/SMD     (   90):  buffer = [T]
E/SMD     (   90): Wrote 1 chars to SMD PORT fd=11 ch = 54
E/DataRouter(  109): After the usb select 
E/DataRouter(  109): read usb data[len:1]
E/DataRouter(  109): read usb data message:+
E/DataRouter(  109): Before the usb select 
E/SMD     (   90): ***Received data notification[DR->SMD]***
E/SMD     (   90): Message:+
E/SMD     (   90): Sending data to SMD: Len = [1]
E/SMD     (   90):  buffer = [+]
E/SMD     (   90): Wrote 1 chars to SMD PORT fd=11 ch = 2b
E/DataRouter(  109): After the usb select 
E/DataRouter(  109): read usb data[len:1]
E/DataRouter(  109): read usb data message:C
E/DataRouter(  109): Before the usb select 
E/SMD     (   90): ***Received data notification[DR->SMD]***
E/SMD     (   90): Message:C
E/SMD     (   90): Sending data to SMD: Len = [1]
E/SMD     (   90):  buffer = [C]
E/SMD     (   90): Wrote 1 chars to SMD PORT fd=11 ch = 43
E/DataRouter(  109): After the usb select 
E/DataRouter(  109): read usb data[len:1]
E/DataRouter(  109): read usb data message:I
E/DataRouter(  109): Before the usb select 
E/SMD     (   90): ***Received data notification[DR->SMD]***
E/SMD     (   90): Message:I
E/SMD     (   90): Sending data to SMD: Len = [1]
E/SMD     (   90):  buffer = [I]
E/SMD     (   90): Wrote 1 chars to SMD PORT fd=11 ch = 49
I/Surface (  299): Surface_lockCanvas
E/DataRouter(  109): After the usb select 
E/DataRouter(  109): read usb data[len:1]
E/DataRouter(  109): read usb data message:M
E/DataRouter(  109): Before the usb select 
E/SMD     (   90): ***Received data notification[DR->SMD]***
E/SMD     (   90): Message:M
E/SMD     (   90): Sending data to SMD: Len = [1]
E/SMD     (   90):  buffer = [M]
E/SMD     (   90): Wrote 1 chars to SMD PORT fd=11 ch = 4d
E/DataRouter(  109): After the usb select 
E/DataRouter(  109): read usb data[len:1]
E/DataRouter(  109): read usb data message:I
E/DataRouter(  109): Before the usb select 
E/SMD     (   90): ***Received data notification[DR->SMD]***
E/SMD     (   90): Message:I
E/SMD     (   90): Sending data to SMD: Len = [1]
E/SMD     (   90):  buffer = [I]
E/SMD     (   90): Wrote 1 chars to SMD PORT fd=11 ch = 49
E/DataRouter(  109): After the usb select 
E/DataRouter(  109): read usb data[len:1]
E/DataRouter(  109): read usb data message:
E/DataRouter(  109): Before the usb select 
E/SMD     (   90): ***Received data notification[DR->SMD]***
E/SMD     (   90): Message:
E/SMD     (   90): Sending data to SMD: Len = [1]
E/SMD     (   90):  buffer = []
D/SPRDENG (  150): eng_server2modem: use SIM1 /dev/CHNPTY13
D/SPRDENG (  150): AT > AT+CIMI
D/PHONESERVER(  146): Send thread's TID [272] CHNMNG:findNextEOL:
D/PHONESERVER(  146): Send thread's TID [272] CHNMNG:end findNextEOL:
D/PHONESERVER(  146): Send thread's TID [272] CHNMNG:findNextEOL:
D/PHONESERVER(  146): Send thread's TID [272] CHNMNG:end findNextEOL:
D/PHONESERVER(  146): Send thread's TID [272] PS_PTY : /dev/CHNPTY13 Received 8 bytes command[AT+CIMI]
D/PHONESERVER(  146): Send thread TID [272] CHNMNG enter channel_manager_get_cmux 
D/PHONESERVER(  146): Before add wait array pty=0x37964
D/PHONESERVER(  146): Before add wait array
D/PHONESERVER(  146): 
D/PHONESERVER(  146): After add wait array
D/PHONESERVER(  146): [0]:272 
D/PHONESERVER(  146): 
D/PHONESERVER(  146): TYPE: GSM
D/PHONESERVER(  146): Send thread TID [272] CHNMNG Leave channel_manager_get_cmux:/dev/ts0710mux5 
D/PHONESERVER(  146): PS_CMUX cmux_regist_cmd_callback cmux:/dev/ts0710mux5
D/PHONESERVER(  146): PS_CMUX :/dev/ts0710mux5 cmux_write:AT+CIMI:len=8
D/PHONESERVER(  146): Receive thread's TID [261] CHMNG:  receive data thread :mux=/dev/ts0710mux5:input:460007721566748
D/PHONESERVER(  146): pty_write get lock
D/PHONESERVER(  146): PS_PTY:/dev/CHNPTY13   write :
D/PHONESERVER(  146): 460007721566748
D/PHONESERVER(  146): 
D/PHONESERVER(  146): pty_write free lock
D/PHONESERVER(  146): Receive thread's TID [261] MUX :/dev/ts0710mux5 Waiting for resp  
D/PHONESERVER(  146): Receive thread's TID [261] CHMNG:  receive data thread :mux=/dev/ts0710mux5:input:OK
D/PHONESERVER(  146): PS_CMUX cmux_deregist_cmd_callback cmux:/dev/ts0710mux5
D/PHONESERVER(  146): pty_write get lock
D/PHONESERVER(  146): PS_PTY:/dev/CHNPTY13   write :
D/PHONESERVER(  146): OK
D/PHONESERVER(  146): 
D/SPRDENG (  150): eng_modem2server: use SIM1 /dev/CHNPTY13
D/SPRDENG (  150): AT < 
D/SPRDENG (  150): 460007721566748
D/SPRDENG (  150): 
D/SPRDENG (  150): OK
D/SPRDENG (  150): 
E/SMD     (   90): After the Modem Read select 
E/SMD     (   90): Read 25 chars from SMD Modem file fd = 11
E/SMD     (   90):  Message: 
E/SMD     (   90): 460007721566748
E/SMD     (   90): 
E/SMD     (   90): OK
E/SMD     (   90): 3105103308
E/SMD     (   90): 
E/SMD     (   90): OK
E/SMD     (   90): 
E/SMD     (   90): _R1.5.6
E/SMD     (   90): 
E/SMD     (   90): 
E/SMD     (   90): S7568ZMMH2
E/SMD     (   90): 
E/SMD     (   90): 
E/SMD     (   90): GT-S7568
E/SMD     (   90): 
E/SMD     (   90): 
E/SMD     (   90): CP_HW_VER
E/SMD     (   90): 
E/SMD     (   90): 
E/SMD     (   90): 08-28-2013 12:11:48
E/SMD     (   90): 
E/SMD     (   90): OK
E/SMD     (   90): 
E/SMD     (   90): Before the Modem Read select 
E/DataRouter(  109): [socket:17]******* Received data notification *******
E/DataRouter(  109): [socket:17]read socket data[len:25]
E/DataRouter(  109): [socket:17]read socket data[message:
E/DataRouter(  109): 460007721566748
E/DataRouter(  109): 
E/DataRouter(  109): OK
E/DataRouter(  109): 
E/DataRouter(  109): write [25] bytes of data to USB fd[14]
E/DataRouter(  109): [socket:17]dr_usb_write
D/PHONESERVER(  146): pty_write free lock
D/PHONESERVER(  146): [272] before timeout (1404400948)
D/PHONESERVER(  146): CHNMNG enter channel_manager_free_cmux cmux=/dev/ts0710mux5 
D/PHONESERVER(  146): CHNMNG enter channel_manager_free_cmux pty=0x37964 
D/PHONESERVER(  146): [261] Before remove wait array
D/PHONESERVER(  146): [0]:272 
D/PHONESERVER(  146): 
D/PHONESERVER(  146): [261] After remove wait array
D/PHONESERVER(  146): 
D/PHONESERVER(  146): Enter select_send_thread_run
D/PHONESERVER(  146): Leave select_send_thread_run
D/PHONESERVER(  146): CHNMNG Leave channel_manager_free_cmux cmux=/dev/ts0710mux5 
E/SMD     (   90): Wrote 1 chars to SMD PORT fd=11 ch = d
D/PHONESERVER(  146): [261] before signal (1404400948)
D/PHONESERVER(  146): [261] after signal (1404400948)
D/PHONESERVER(  146): Receive thread's TID [261] MUX :/dev/ts0710mux5 Waiting for resp  
D/PHONESERVER(  146): [272] after timeout (1404400948)
D/PHONESERVER(  146): phoneserver mux adapt: generic cmd AT+CIMI
E/DataRouter(  109): After the usb select 
E/DataRouter(  109): read usb data[len:2]
E/DataRouter(  109): read usb data message:AT
E/DataRouter(  109): Before the usb select 
E/SMD     (   90): ***Received data notification[DR->SMD]***
E/SMD     (   90): Path set is DATA_PATH_DR_SMD_MANAGER
E/SMD     (   90): Message:AT
E/SMD     (   90): Sending data to SMD: Len = [2]
E/SMD     (   90):  buffer = [AT]
E/SMD     (   90): Wrote 2 chars to SMD PORT fd=11 ch = 41
E/DataRouter(  109): After the usb select 
E/DataRouter(  109): read usb data[len:1]
E/DataRouter(  109): read usb data message:+
E/DataRouter(  109): Before the usb select 
E/SMD     (   90): ***Received data notification[DR->SMD]***
E/SMD     (   90): Message:+
E/SMD     (   90): Sending data to SMD: Len = [1]
E/SMD     (   90):  buffer = [+]
E/SMD     (   90): Wrote 1 chars to SMD PORT fd=11 ch = 2b
E/DataRouter(  109): After the usb select 
E/DataRouter(  109): read usb data[len:1]
E/DataRouter(  109): read usb data message:C
E/DataRouter(  109): Before the usb select 
E/SMD     (   90): ***Received data notification[DR->SMD]***
E/SMD     (   90): Message:C
E/SMD     (   90): Sending data to SMD: Len = [1]
E/SMD     (   90):  buffer = [C]
E/SMD     (   90): Wrote 1 chars to SMD PORT fd=11 ch = 43
E/DataRouter(  109): After the usb select 
E/DataRouter(  109): read usb data[len:1]
E/DataRouter(  109): read usb data message:R
E/DataRouter(  109): Before the usb select 
E/SMD     (   90): ***Received data notification[DR->SMD]***
E/SMD     (   90): Message:R
E/SMD     (   90): Sending data to SMD: Len = [1]
E/SMD     (   90):  buffer = [R]
E/SMD     (   90): Wrote 1 chars to SMD PORT fd=11 ch = 52
E/DataRouter(  109): After the usb select 
E/DataRouter(  109): read usb data[len:1]
E/DataRouter(  109): read usb data message:S
E/DataRouter(  109): Before the usb select 
E/SMD     (   90): ***Received data notification[DR->SMD]***
E/SMD     (   90): Message:S
E/SMD     (   90): Sending data to SMD: Len = [1]
E/SMD     (   90):  buffer = [S]
E/SMD     (   90): Wrote 1 chars to SMD PORT fd=11 ch = 53
E/DataRouter(  109): After the usb select 
E/DataRouter(  109): read usb data[len:1]
E/DataRouter(  109): read usb data message:M
E/DataRouter(  109): Before the usb select 
E/SMD     (   90): ***Received data notification[DR->SMD]***
E/SMD     (   90): Message:M
E/SMD     (   90): Sending data to SMD: Len = [1]
E/SMD     (   90):  buffer = [M]
E/SMD     (   90): Wrote 1 chars to SMD PORT fd=11 ch = 4d
E/DataRouter(  109): After the usb select 
E/DataRouter(  109): read usb data[len:1]
E/DataRouter(  109): read usb data message:=
E/DataRouter(  109): Before the usb select 
E/SMD     (   90): ***Received data notification[DR->SMD]***
E/SMD     (   90): Message:=
E/SMD     (   90): Sending data to SMD: Len = [1]
E/SMD     (   90):  buffer = [=]
E/SMD     (   90): Wrote 1 chars to SMD PORT fd=11 ch = 3d
E/DataRouter(  109): After the usb select 
E/DataRouter(  109): read usb data[len:1]
E/DataRouter(  109): read usb data message:1
E/DataRouter(  109): Before the usb select 
E/SMD     (   90): ***Received data notification[DR->SMD]***
E/SMD     (   90): Message:1
E/SMD     (   90): Sending data to SMD: Len = [1]
E/SMD     (   90):  buffer = [1]
E/SMD     (   90): Wrote 1 chars to SMD PORT fd=11 ch = 31
E/DataRouter(  109): After the usb select 
E/DataRouter(  109): read usb data[len:1]
E/DataRouter(  109): read usb data message:7
E/DataRouter(  109): Before the usb select 
E/SMD     (   90): ***Received data notification[DR->SMD]***
E/SMD     (   90): Message:7
E/SMD     (   90): Sending data to SMD: Len = [1]
E/SMD     (   90):  buffer = [7]
E/SMD     (   90): Wrote 1 chars to SMD PORT fd=11 ch = 37
E/DataRouter(  109): After the usb select 
E/DataRouter(  109): read usb data[len:1]
E/DataRouter(  109): read usb data message:6
E/DataRouter(  109): Before the usb select 
E/SMD     (   90): ***Received data notification[DR->SMD]***
E/SMD     (   90): Message:6
E/SMD     (   90): Sending data to SMD: Len = [1]
E/SMD     (   90):  buffer = [6]
E/SMD     (   90): Wrote 1 chars to SMD PORT fd=11 ch = 36
E/DataRouter(  109): After the usb select 
E/DataRouter(  109): read usb data[len:1]
E/DataRouter(  109): read usb data message:,
E/DataRouter(  109): Before the usb select 
E/SMD     (   90): ***Received data notification[DR->SMD]***
E/SMD     (   90): Message:,
E/SMD     (   90): Sending data to SMD: Len = [1]
E/SMD     (   90):  buffer = [,]
E/SMD     (   90): Wrote 1 chars to SMD PORT fd=11 ch = 2c
E/DataRouter(  109): After the usb select 
E/DataRouter(  109): read usb data[len:1]
E/DataRouter(  109): read usb data message:2
E/DataRouter(  109): Before the usb select 
E/SMD     (   90): ***Received data notification[DR->SMD]***
E/SMD     (   90): Message:2
E/SMD     (   90): Sending data to SMD: Len = [1]
E/SMD     (   90):  buffer = [2]
E/SMD     (   90): Wrote 1 chars to SMD PORT fd=11 ch = 32
E/DataRouter(  109): After the usb select 
E/DataRouter(  109): read usb data[len:1]
E/DataRouter(  109): read usb data message:8
E/DataRouter(  109): Before the usb select 
E/SMD     (   90): ***Received data notification[DR->SMD]***
E/SMD     (   90): Message:8
E/SMD     (   90): Sending data to SMD: Len = [1]
E/SMD     (   90):  buffer = [8]
E/SMD     (   90): Wrote 1 chars to SMD PORT fd=11 ch = 38
E/DataRouter(  109): After the usb select 
E/DataRouter(  109): read usb data[len:1]
E/DataRouter(  109): read usb data message:5
E/DataRouter(  109): Before the usb select 
E/SMD     (   90): ***Received data notification[DR->SMD]***
E/SMD     (   90): Message:5
E/SMD     (   90): Sending data to SMD: Len = [1]
E/SMD     (   90):  buffer = [5]
E/SMD     (   90): Wrote 1 chars to SMD PORT fd=11 ch = 35
E/DataRouter(  109): After the usb select 
E/DataRouter(  109): read usb data[len:1]
E/DataRouter(  109): read usb data message:8
E/DataRouter(  109): Before the usb select 
E/SMD     (   90): ***Received data notification[DR->SMD]***
E/SMD     (   90): Message:8
E/SMD     (   90): Sending data to SMD: Len = [1]
E/SMD     (   90):  buffer = [8]
E/SMD     (   90): Wrote 1 chars to SMD PORT fd=11 ch = 38
E/DataRouter(  109): After the usb select 
E/DataRouter(  109): read usb data[len:1]
E/DataRouter(  109): read usb data message:9
E/DataRouter(  109): Before the usb select 
E/SMD     (   90): ***Received data notification[DR->SMD]***
E/SMD     (   90): Message:9
E/SMD     (   90): Sending data to SMD: Len = [1]
E/SMD     (   90):  buffer = [9]
E/SMD     (   90): Wrote 1 chars to SMD PORT fd=11 ch = 39
E/DataRouter(  109): After the usb select 
E/DataRouter(  109): read usb data[len:1]
E/DataRouter(  109): read usb data message:,
E/DataRouter(  109): Before the usb select 
E/SMD     (   90): ***Received data notification[DR->SMD]***
E/SMD     (   90): Message:,
E/SMD     (   90): Sending data to SMD: Len = [1]
E/SMD     (   90):  buffer = [,]
E/SMD     (   90): Wrote 1 chars to SMD PORT fd=11 ch = 2c
E/DataRouter(  109): After the usb select 
E/DataRouter(  109): read usb data[len:1]
E/DataRouter(  109): read usb data message:0
E/DataRouter(  109): Before the usb select 
E/SMD     (   90): ***Received data notification[DR->SMD]***
E/SMD     (   90): Message:0
E/SMD     (   90): Sending data to SMD: Len = [1]
E/SMD     (   90):  buffer = [0]
E/SMD     (   90): Wrote 1 chars to SMD PORT fd=11 ch = 30
E/DataRouter(  109): After the usb select 
E/DataRouter(  109): read usb data[len:1]
E/DataRouter(  109): read usb data message:,
E/DataRouter(  109): Before the usb select 
E/SMD     (   90): ***Received data notification[DR->SMD]***
E/SMD     (   90): Message:,
E/SMD     (   90): Sending data to SMD: Len = [1]
E/SMD     (   90):  buffer = [,]
E/SMD     (   90): Wrote 1 chars to SMD PORT fd=11 ch = 2c
E/DataRouter(  109): After the usb select 
E/DataRouter(  109): read usb data[len:1]
E/DataRouter(  109): read usb data message:0
E/DataRouter(  109): Before the usb select 
E/SMD     (   90): ***Received data notification[DR->SMD]***
E/SMD     (   90): Message:0
E/SMD     (   90): Sending data to SMD: Len = [1]
E/SMD     (   90):  buffer = [0]
E/SMD     (   90): Wrote 1 chars to SMD PORT fd=11 ch = 30
E/DataRouter(  109): After the usb select 
E/DataRouter(  109): read usb data[len:1]
E/DataRouter(  109): read usb data message:,
E/DataRouter(  109): Before the usb select 
E/SMD     (   90): ***Received data notification[DR->SMD]***
E/SMD     (   90): Message:,
E/SMD     (   90): Sending data to SMD: Len = [1]
E/SMD     (   90):  buffer = [,]
E/SMD     (   90): Wrote 1 chars to SMD PORT fd=11 ch = 2c
E/DataRouter(  109): After the usb select 
E/DataRouter(  109): read usb data[len:1]
E/DataRouter(  109): read usb data message:4
E/DataRouter(  109): Before the usb select 
E/SMD     (   90): ***Received data notification[DR->SMD]***
E/SMD     (   90): Message:4
E/SMD     (   90): Sending data to SMD: Len = [1]
E/SMD     (   90):  buffer = [4]
E/SMD     (   90): Wrote 1 chars to SMD PORT fd=11 ch = 34
E/DataRouter(  109): After the usb select 
E/DataRouter(  109): read usb data[len:1]
E/DataRouter(  109): read usb data message:
E/DataRouter(  109): Before the usb select 
E/SMD     (   90): ***Received data notification[DR->SMD]***
E/SMD     (   90): Message:
E/SMD     (   90): Sending data to SMD: Len = [1]
E/SMD     (   90):  buffer = []
D/SPRDENG (  150): eng_server2modem: use SIM1 /dev/CHNPTY13
D/SPRDENG (  150): AT > AT+CRSM=176,28589,0,0,4
D/PHONESERVER(  146): Send thread's TID [272] CHNMNG:findNextEOL:
D/PHONESERVER(  146): Send thread's TID [272] CHNMNG:end findNextEOL:
E/SMD     (   90): Wrote 1 chars to SMD PORT fd=11 ch = d
D/PHONESERVER(  146): Send thread's TID [272] CHNMNG:findNextEOL:
D/PHONESERVER(  146): Send thread's TID [272] CHNMNG:end findNextEOL:
D/PHONESERVER(  146): Send thread's TID [272] PS_PTY : /dev/CHNPTY13 Received 24 bytes command[AT+CRSM=176,28589,0,0,4]
D/PHONESERVER(  146): Send thread TID [272] CHNMNG enter channel_manager_get_cmux 
D/PHONESERVER(  146): Before add wait array pty=0x37964
D/PHONESERVER(  146): Before add wait array
D/PHONESERVER(  146): 
D/PHONESERVER(  146): After add wait array
D/PHONESERVER(  146): [0]:272 
D/PHONESERVER(  146): 
D/PHONESERVER(  146): TYPE:SIMM
D/PHONESERVER(  146): Send thread TID [272] CHNMNG Leave channel_manager_get_cmux:/dev/ts0710mux1 
D/PHONESERVER(  146): PS_CMUX cmux_regist_cmd_callback cmux:/dev/ts0710mux1
D/PHONESERVER(  146): PS_CMUX :/dev/ts0710mux1 cmux_write:AT+CRSM=176,28589,0,0,4:len=24
D/SPRDENG (  150): eng_modem2server: use SIM1 /dev/CHNPTY13
D/PHONESERVER(  146): [272] before timeout (1404400948)
I/Surface (  299): Surface_lockCanvas
I/Surface (  299): Surface_lockCanvas
I/Surface (  299): Surface_lockCanvas
I/Surface (  299): Surface_lockCanvas
I/Surface (  299): Surface_lockCanvas
I/Surface (  299): Surface_lockCanvas
I/Surface (  299): Surface_lockCanvas
I/Surface (  299): Surface_lockCanvas
I/Surface (  299): Surface_lockCanvas
I/Surface (  299): Surface_lockCanvas
I/Surface (  299): Surface_lockCanvas
I/Surface (  299): Surface_lockCanvas
I/Surface (  299): Surface_lockCanvas
D/dalvikvm(  445): DexOpt: load 102ms, verify+opt 318ms
I/Surface (  299): Surface_lockCanvas
I/Surface (  299): Surface_lockCanvas
I/Surface (  299): Surface_lockCanvas
I/dalvikvm(  299): DexOpt: mismatch dep signature for '/data/dalvik-cache/system@framework@framework.jar@classes.dex'
I/PackageManager(  299): Running dexopt on: XXX.XXXXX.XXXXXXXXXX
I/Surface (  299): Surface_lockCanvas
I/Surface (  299): Surface_lockCanvas
I/Surface (  299): Surface_lockCanvas
I/Surface (  299): Surface_lockCanvas
I/Surface (  299): Surface_lockCanvas
I/Surface (  299): Surface_lockCanvas
I/Surface (  299): Surface_lockCanvas
I/Surface (  299): Surface_lockCanvas
I/Surface (  299): Surface_lockCanvas
I/Surface (  299): Surface_lockCanvas
I/Surface (  299): Surface_lockCanvas
I/Surface (  299): Surface_lockCanvas
D/dalvikvm(  448): DexOpt: load 69ms, verify+opt 224ms
I/Surface (  299): Surface_lockCanvas
I/Surface (  299): Surface_lockCanvas
I/Surface (  299): Surface_lockCanvas
I/Surface (  299): Surface_lockCanvas
I/Surface (  299): Surface_lockCanvas
I/Surface (  299): Surface_lockCanvas
I/dalvikvm(  299): DexOpt: mismatch dep signature for '/data/dalvik-cache/system@framework@framework.jar@classes.dex'
I/PackageManager(  299): Running dexopt on: XXX.XXXXX.XXXXXXXXXXX
I/Surface (  299): Surface_lockCanvas
I/Surface (  299): Surface_lockCanvas
I/Surface (  299): Surface_lockCanvas
D/dalvikvm(  449): DexOpt: load 14ms, verify+opt 2ms
I/Surface (  299): Surface_lockCanvas
I/Surface (  299): Surface_lockCanvas
I/Surface (  299): Surface_lockCanvas
I/Surface (  299): Surface_lockCanvas
I/Surface (  299): Surface_lockCanvas
I/dalvikvm(  299): DexOpt: mismatch dep signature for '/data/dalvik-cache/system@framework@framework.jar@classes.dex'
I/PackageManager(  299): Running dexopt on: XXX.XXXXX.XXXXXXXXXX
I/Surface (  299): Surface_lockCanvas
I/Surface (  299): Surface_lockCanvas
I/Surface (  299): Surface_lockCanvas
I/Surface (  299): Surface_lockCanvas
I/Surface (  299): Surface_lockCanvas
I/Surface (  299): Surface_lockCanvas
I/Surface (  299): Surface_lockCanvas
I/Surface (  299): Surface_lockCanvas
I/Surface (  299): Surface_lockCanvas
I/Surface (  299): Surface_lockCanvas
I/Surface (  299): Surface_lockCanvas
I/Surface (  299): Surface_lockCanvas
I/Surface (  299): Surface_lockCanvas
D/dalvikvm(  450): DexOpt: load 56ms, verify+opt 246ms
I/Surface (  299): Surface_lockCanvas
I/Surface (  299): Surface_lockCanvas
