W/PackageManager( 3033): Unknown permission com.bbk.launcher2.permission.READ_SETTINGS in package com.miui.mihome2
W/PackageManager( 3033): Unknown permission com.lge.launcher.permission.READ_SETTINGS in package com.miui.mihome2
W/PackageManager( 3033): Unknown permission com.htc.launcher.permission.READ_SETTINGS in package com.miui.mihome2
W/PackageManager( 3033): Unknown permission com.fede.launcher.permission.READ_SETTINGS in package com.miui.mihome2
W/PackageManager( 3033): Unknown permission com.tencent.qqlauncher.permission.READ_SETTINGS in package com.miui.mihome2
W/PackageManager( 3033): Unknown permission org.adw.launcher.permission.READ_SETTINGS in package com.miui.mihome2
W/PackageManager( 3033): Unknown permission org.adwfreak.launcher.permission.READ_SETTINGS in package com.miui.mihome2
W/PackageManager( 3033): Unknown permission org.adw.launcher_donut.permission.READ_SETTINGS in package com.miui.mihome2
W/PackageManager( 3033): Unknown permission com.yulong.android.launcher.permission.READ_SETTINGS in package com.miui.mihome2
W/PackageManager( 3033): Unknown permission com.android.mylauncher.permission.READ_SETTINGS in package com.miui.mihome2
W/PackageManager( 3033): Unknown permission telecom.mdesk.permission.READ_SETTINGS in package com.miui.mihome2
W/PackageManager( 3033): Not granting permission android.permission.ACCESS_CACHE_FILESYSTEM to package com.miui.mihome2 (protectionLevel=3 flags=0x18be44)
W/PackageManager( 3033): Not granting permission android.permission.SEND_DOWNLOAD_COMPLETED_INTENTS to package com.miui.mihome2 (protectionLevel=2 flags=0x18be44)
W/PackageManager( 3033): Not granting permission android.permission.ACCESS_ALL_DOWNLOADS to package com.miui.mihome2 (protectionLevel=2 flags=0x18be44)
W/PackageManager( 3033): Not granting permission android.permission.UPDATE_DEVICE_STATS to package com.miui.mihome2 (protectionLevel=3 flags=0x18be44)
W/PackageManager( 3033): Not granting permission android.permission.CONNECTIVITY_INTERNAL to package com.miui.mihome2 (protectionLevel=3 flags=0x18be44)
W/PackageManager( 3033): Not granting permission android.permission.MODIFY_NETWORK_ACCOUNTING to package com.miui.mihome2 (protectionLevel=3 flags=0x18be44)
W/PackageManager( 3033): Unknown permission android.permission.READ_CALL_LOG in package com.android.contacts
W/PackageManager( 3033): Unknown permission android.permission.WRITE_CALL_LOG in package com.android.contacts
W/PackageManager( 3033): Unknown permission com.google.android.googleapps.permission.GOOGLE_AUTH.mail in package com.android.contacts
W/PackageManager( 3033): Unknown permission android.permission.ADD_SYSTEM_SERVICE in package com.android.phone
W/PackageManager( 3033): Unknown permission com.android.smspush.WAPPUSH_MANAGER_BIND in package com.android.phone
W/PackageManager( 3033): Unknown permission android.permission.READ_CALL_LOG in package com.baidu.antidisturbance
W/PackageManager( 3033): Unknown permission android.permission.WRITE_CALL_LOG in package com.baidu.antidisturbance
W/PackageManager( 3033): Unknown permission android.permission.READ_EXTERNAL_STORAGE in package com.baidu.videoeditor
W/PackageManager( 3033): Unknown permission android.permission.RECORD_VIDEO in package com.baidu.videoeditor
W/PackageManager( 3033): Unknown permission com.sec.android.app.twdvfs.DVFS_BOOSTER_PERMISSION in package com.android.MtpApplication
W/PackageManager( 3033): Unknown permission com.google.android.googleapps.permission.GOOGLE_AUTH in package com.android.providers.calendar
W/PackageManager( 3033): Unknown permission com.google.android.googleapps.permission.GOOGLE_AUTH.cl in package com.android.providers.calendar
W/PackageManager( 3033): Unknown permission android.permission.ACCESS_DEV_STORAGE in package com.sec.android.app.camera
W/PackageManager( 3033): Unknown permission android.permission.READ_EXTERNAL_STORAGE in package com.sec.android.app.camera
W/PackageManager( 3033): Unknown permission com.samsung.helphub.permission.GET_DATA in package com.sec.android.app.camera
W/PackageManager( 3033): Unknown permission com.samsung.helphub.permission.WRITE_DATA in package com.sec.android.app.camera
W/PackageManager( 3033): Unknown permission com.sec.android.app.twdvfs.DVFS_BOOSTER_PERMISSION in package com.sec.android.app.camera
W/PackageManager( 3033): Unknown permission android.permission.DISABLE_STATUS_BAR in package com.baidu.setupwizard
W/PackageManager( 3033): Unknown permission android.permission.RAISED_THREAD_PRIORITY in package com.baidu.setupwizard
W/PackageManager( 3033): Unknown permission android.permission.WRITE_OWNER_DATA in package com.baidu.thememanager.ui
W/PackageManager( 3033): Unknown permission android.permission.READ_OWNER_DATA in package com.baidu.thememanager.ui
W/PackageManager( 3033): Unknown permission com.google.android.googleapps.permission.GOOGLE_AUTH.mail in package com.android.calendar
W/PackageManager( 3033): Unknown permission com.htc.launcher.permission.READ_SETTINGS in package com.baidu.appsearch
W/PackageManager( 3033): Unknown permission com.htc.launcher.permission.WRITE_SETTINGS in package com.baidu.appsearch
W/PackageManager( 3033): Unknown permission org.adw.launcher.permission.READ_SETTINGS in package com.baidu.appsearch
W/PackageManager( 3033): Unknown permission org.adw.launcher.permission.WRITE_SETTINGS in package com.baidu.appsearch
W/PackageManager( 3033): Unknown permission com.fede.launcher.permission.READ_SETTINGS in package com.baidu.appsearch
W/PackageManager( 3033): Unknown permission com.fede.launcher.permission.WRITE_SETTINGS in package com.baidu.appsearch
W/PackageManager( 3033): Unknown permission com.qihoo360.launcher.permission.READ_SETTINGS in package com.baidu.appsearch
W/PackageManager( 3033): Unknown permission com.qihoo360.launcher.permission.WRITE_SETTINGS in package com.baidu.appsearch
W/PackageManager( 3033): Unknown permission net.qihoo.launcher.permission.READ_SETTINGS in package com.baidu.appsearch
W/PackageManager( 3033): Unknown permission net.qihoo.launcher.permission.WRITE_SETTINGS in package com.baidu.appsearch
W/PackageManager( 3033): Unknown permission com.lge.launcher.permission.READ_SETTINGS in package com.baidu.appsearch
W/PackageManager( 3033): Unknown permission com.lge.launcher.permission.WRITE_SETTINGS in package com.baidu.appsearch
W/PackageManager( 3033): Unknown permission com.sec.android.app.twlauncher.settings.READ_SETTINGS in package com.baidu.appsearch
W/PackageManager( 3033): Unknown permission com.sec.android.app.twlauncher.settings.WRITE_SETTINGS in package com.baidu.appsearch
W/PackageManager( 3033): Unknown permission org.adwfreak.launcher.permission.READ_SETTINGS in package com.baidu.appsearch
W/PackageManager( 3033): Unknown permission org.adwfreak.launcher.permission.WRITE_SETTINGS in package com.baidu.appsearch
W/PackageManager( 3033): Not granting permission android.permission.FORCE_STOP_PACKAGES to package com.baidu.appsearch (protectionLevel=2 flags=0x8be45)
W/PackageManager( 3033): Unknown permission android.permission.READ_CALL_LOG in package com.baidu.appsearch
W/PackageManager( 3033): Unknown permission android.permission.WRITE_CALL_LOG in package com.baidu.appsearch
W/PackageManager( 3033): Not granting permission android.permission.SET_ACTIVITY_WATCHER to package com.baidu.appsearch (protectionLevel=2 flags=0x8be45)
W/PackageManager( 3033): Unknown permission android.permission.ACCESS_MOBILE_STATE in package com.baidu.android.ota
W/PackageManager( 3033): Not granting permission com.android.launcher.permission.READ_SETTINGS to package com.tencent.mobileqq because it was previously installed without
W/PackageManager( 3033): Unknown permission android.permission.WRITE_OWNER_DATA in package com.tencent.mobileqq
W/PackageManager( 3033): Unknown permission android.permission.SYSTEM_OVERLAY_WINDOW in package com.tencent.mobileqq
W/PackageManager( 3033): Not granting permission com.android.launcher.permission.WRITE_SETTINGS to package com.tencent.mobileqq because it was previously installed without
W/PackageManager( 3033): Unknown permission com.android.launcher3.permission.READ_SETTINGS in package com.tencent.mobileqq
W/PackageManager( 3033): Unknown permission com.android.launcher3.permission.WRITE_SETTINGS in package com.tencent.mobileqq
W/PackageManager( 3033): Unknown permission com.htc.launcher.permission.READ_SETTINGS in package com.tencent.mobileqq
W/PackageManager( 3033): Unknown permission com.htc.launcher.permission.WRITE_SETTINGS in package com.tencent.mobileqq
W/PackageManager( 3033): Unknown permission com.huawei.launcher3.permission.READ_SETTINGS in package com.tencent.mobileqq
W/PackageManager( 3033): Unknown permission com.sonyericsson.home.permission.BROADCAST_BADGE in package com.tencent.mobileqq
W/PackageManager( 3033): Unknown permission android.permission.WRITE_CALL_LOG in package com.baidu.backuprestore
W/PackageManager( 3033): Unknown permission android.permission.READ_CALL_LOG in package com.baidu.backuprestore
W/PackageManager( 3033): Unknown permission android.permission.WRITE_OWNER_DATA in package com.baidu.bsf.service
W/PackageManager( 3033): Unknown permission android.permission.ADD_SYSTEM_SERVICE in package com.baidu.bsf.service
W/PackageManager( 3033): Unknown permission com.stericsson.permission.SEND_RIL_OEM_HOOK in package android
W/PackageManager( 3033): Unknown permission com.sec.android.app.twdvfs.DVFS_BOOSTER_PERMISSION in package android
W/PackageManager( 3033): Unknown permission com.google.android.googleapps.permission.GOOGLE_AUTH in package com.android.settings
W/PackageManager( 3033): Unknown permission com.google.android.googleapps.permission.GOOGLE_AUTH in package com.android.providers.contacts
W/PackageManager( 3033): Unknown permission com.google.android.googleapps.permission.GOOGLE_AUTH.cp in package com.android.providers.contacts
W/PackageManager( 3033): Unknown permission android.permission.BACKUP_DATA in package com.baidu.browser.apps
W/PackageManager( 3033): Not granting permission android.permission.SET_ACTIVITY_WATCHER to package com.baidu.browser.apps (protectionLevel=2 flags=0x8be45)
W/PackageManager( 3033): Unknown permission com.huawei.android.launcher.permission.READ_SETTINGS in package com.baidu.browser.apps
W/PackageManager( 3033): Unknown permission com.qihoo360.launcher.permission.READ_SETTINGS in package com.baidu.browser.apps
W/PackageManager( 3033): Unknown permission net.qihoo.launcher.permission.READ_SETTINGS in package com.baidu.browser.apps
W/PackageManager( 3033): Unknown permission com.nd.android.launcher.permission.READ_SETTINGS in package com.baidu.browser.apps
W/PackageManager( 3033): Unknown permission com.bbk.launcher2.permission.READ_SETTINGS in package com.baidu.browser.apps
W/PackageManager( 3033): Unknown permission com.lge.launcher.permission.READ_SETTINGS in package com.baidu.browser.apps
W/PackageManager( 3033): Unknown permission com.htc.launcher.permission.READ_SETTINGS in package com.baidu.browser.apps
W/PackageManager( 3033): Unknown permission com.fede.launcher.permission.READ_SETTINGS in package com.baidu.browser.apps
W/PackageManager( 3033): Unknown permission com.tencent.qqlauncher.permission.READ_SETTINGS in package com.baidu.browser.apps
W/PackageManager( 3033): Unknown permission org.adw.launcher.permission.READ_SETTINGS in package com.baidu.browser.apps
W/PackageManager( 3033): Unknown permission org.adwfreak.launcher.permission.READ_SETTINGS in package com.baidu.browser.apps
W/PackageManager( 3033): Unknown permission org.adw.launcher_donut.permission.READ_SETTINGS in package com.baidu.browser.apps
W/PackageManager( 3033): Unknown permission com.yulong.android.launcher.permission.READ_SETTINGS in package com.baidu.browser.apps
W/PackageManager( 3033): Unknown permission com.android.mylauncher.permission.READ_SETTINGS in package com.baidu.browser.apps
W/PackageManager( 3033): Unknown permission com.google.android.providers.settings.permission.READ_GSETTINGS in package com.baidu.map.location
W/PackageManager( 3033): Unknown permission com.google.android.providers.settings.permission.WRITE_GSETTINGS in package com.baidu.map.location
W/PackageManager( 3033): Unknown permission com.google.android.providers.gsf.permission.READ_GSERVICES in package com.baidu.map.location
W/PackageManager( 3033): Unknown permission android.permission.READ_CALL_LOG in package com.baidu.searchbox
W/PackageManager( 3033): Not granting permission android.permission.SET_ACTIVITY_WATCHER to package com.baidu.searchbox (protectionLevel=2 flags=0x8be65)
W/PackageManager( 3033): Unknown permission android.permission.ACCESS_SUPERUSER in package com.speedsoftware.rootexplorer
W/PackageManager( 3033): Unknown permission com.android.vending.CHECK_LICENSE in package com.speedsoftware.rootexplorer
W/PackageManager( 3033): Unknown permission android.permission.ACCESS_COARSE_UPDATES in package com.sina.weibo
W/PackageManager( 3033): Not granting permission com.android.launcher.permission.READ_SETTINGS to package com.sina.weibo because it was previously installed without
W/PackageManager( 3033): Unknown permission android.permission.RECEIVE_USER_PRESENT in package com.sina.weibo
W/PackageManager( 3033): Unknown permission baidu.permission.USE_UBC in package com.baidu.home2
W/PackageManager( 3033): Unknown permission android.permission.READ_TING_MP3 in package com.baidu.musicplayer
W/PackageManager( 3033): Unknown permission android.permission.WRITE_TING_MP3 in package com.baidu.musicplayer
W/PackageManager( 3033): Unknown permission android.hardware.sensor.accelerometer in package com.baidu.musicplayer
W/PackageManager( 3033): Unknown permission android.permission.READ_ATTACHMEN in package com.baidu.musicplayer
W/PackageManager( 3033): Unknown permission android.Manifest.permission.FORCE_STOP_PACKAGES in package com.baidu.onekeywidget
W/PackageManager( 3033): Unknown permission android.permission.ACCESS_GPS in package com.baidu.BaiduMap
W/PackageManager( 3033): Unknown permission android.permission.VIBRATION in package com.baidu.input
W/PackageManager( 3033): Not granting permission android.permission.SET_ACTIVITY_WATCHER to package com.baidu.input (protectionLevel=2 flags=0x8be45)
D/dalvikvm( 3033): GC_EXPLICIT freed 451K, 19% free 4926K/6023K, paused 3ms+3ms
I/BootTime( 3033): !@Total Package Scan Time:1639
I/BootTime( 3033): !@Total Time Taken:6905
I/SystemServer( 3033): !@endofPackageManager
I/SystemServer( 3033): Account Manager
D/PackageManager( 3033): generateServicesMap(android.accounts.AccountAuthenticator): 4 services unchanged
I/SystemServer( 3033): Content Manager
W/PackageManager( 3033): Unable to load service info ResolveInfo{41194258 com.baidu.sync.service.ContactSyncAdapterService p=0 o=0 m=0x108000}
W/PackageManager( 3033): org.xmlpull.v1.XmlPullParserException: Meta-data does not start with sync-adapter tag
W/PackageManager( 3033): 	at android.content.pm.RegisteredServicesCache.parseServiceInfo(RegisteredServicesCache.java:391)
W/PackageManager( 3033): 	at android.content.pm.RegisteredServicesCache.generateServicesMap(RegisteredServicesCache.java:262)
W/PackageManager( 3033): 	at android.content.pm.RegisteredServicesCache.<init>(RegisteredServicesCache.java:106)
W/PackageManager( 3033): 	at android.content.SyncAdaptersCache.<init>(SyncAdaptersCache.java:43)
W/PackageManager( 3033): 	at android.content.SyncManager.<init>(SyncManager.java:300)
W/PackageManager( 3033): 	at android.content.ContentService.getSyncManager(ContentService.java:65)
W/PackageManager( 3033): 	at android.content.ContentService.<init>(ContentService.java:144)
W/PackageManager( 3033): 	at android.content.ContentService.main(ContentService.java:520)
W/PackageManager( 3033): 	at com.android.server.ServerThread.run(SystemServer.java:255)
D/PackageManager( 3033): generateServicesMap(android.content.SyncAdapter): 7 services unchanged
D/DirEncryptionManager( 3033): Unable to get DirEncryptService instance.
I/ActivityThread( 3033): Pub settings: com.android.providers.settings.SettingsProvider
I/SystemServer( 3033): DirEncryptService.SystemReady
D/DirEncryptService( 3033): Calling systemReady
I/SystemServer( 3033): System Content Providers
W/dalvikvm( 3033): Refusing to reopen boot DEX '/system/framework/framework-yi.jar'
I/ActivityThread( 3033): Pub com.baidu.dp.impostor: com.baidu.providers.dp.ImpostorProvider
W/dalvikvm( 3033): Refusing to reopen boot DEX '/system/framework/framework-yi.jar'
I/ActivityThread( 3033): Pub com.baidu.dperm: com.baidu.providers.dp.DpProvider
D/SettingsProvider( 3033): cache for settings table 'secure' rows=44; fullycached=true
D/SettingsProvider( 3033): cache for settings table 'system' rows=136; fullycached=true
I/SystemServer( 3033): Lights Service
I/SystemServer( 3033): Battery Service
D/BatteryService( 3033): Led Charging Settings = true
D/BatteryService( 3033): Led Low Battery Settings = true
D/BatteryService( 3033): update start
D/BatteryService( 3033): level:70 scale:100 status:2 health:2 present:true voltage: 3881 temperature: 394 technology: Li-ion AC powered:false USB powered:true icon:17303188 invalid charger:0
I/SystemServer( 3033): Vibrator Service
D/PowerManagerService( 3033): setScreenOffTimeouts mKeylightDelay=1500 mDimDelay=51500 mScreenOffDelay=7000 mDimScreen=true
D/PowerManagerService( 3033): settings DB update : mDynamicAutoBrightnessRatioValueSetting : 100
D/PowerManagerService( 3033): changeSlopeOfDynamicAutoBrightness : Points Array is null.
D/PowerManagerService( 3033): lightSensorChangedLocked -1
D/PowerManagerService( 3033): SettingsObserver : update : userActivity()
D/PowerManagerService( 3033): reactivateScreenLocksLocked mProxIgnoredBecauseScreenTurnedOff=false
D/PowerManagerService( 3033): setPowerState : mBootCompleted : false, newState |= ALL_BRIGHT
I/PowerManagerService( 3033): Ulight 0x1->0xf|0x0
D/PowerManagerService( 3033): setLightBrightness : mButtonLight : 255
D/PowerManagerService( 3033): setPowerState : mBootCompleted : false, newState |= ALL_BRIGHT
D/PowerManagerService( 3033): setScreenOffTimeouts mKeylightDelay=1500 mDimDelay=51500 mScreenOffDelay=7000 mDimScreen=true
D/PowerManagerService( 3033): initSupportedFrequency dvfs 
W/System.err( 3033): java.io.FileNotFoundException: /sys/power/cpufreq_max_limit: open failed: ENOENT (No such file or directory)
W/System.err( 3033): 	at libcore.io.IoBridge.open(IoBridge.java:425)
W/System.err( 3033): 	at java.io.FileInputStream.<init>(FileInputStream.java:78)
W/System.err( 3033): 	at java.io.FileInputStream.<init>(FileInputStream.java:105)
W/System.err( 3033): 	at java.io.FileReader.<init>(FileReader.java:66)
W/System.err( 3033): 	at com.android.server.PowerManagerService.initSupportedFrequency(PowerManagerService.java:4800)
W/System.err( 3033): 	at com.android.server.PowerManagerService.initInThread(PowerManagerService.java:958)
W/System.err( 3033): 	at com.android.server.PowerManagerService$3.onLooperPrepared(PowerManagerService.java:819)
D/PowerManagerService( 3033): initSupportedFrequency : FileNotFoundException dvfs
W/System.err( 3033): 	at android.os.HandlerThread.run(HandlerThread.java:59)
W/System.err( 3033): Caused by: libcore.io.ErrnoException: open failed: ENOENT (No such file or directory)
W/System.err( 3033): 	at libcore.io.Posix.open(Native Method)
W/System.err( 3033): 	at libcore.io.BlockGuardOs.open(BlockGuardOs.java:110)
W/System.err( 3033): 	at libcore.io.IoBridge.open(IoBridge.java:409)
W/System.err( 3033): 	... 7 more
D/AlarmManagerService( 3033): Kernel timezone updated to -480 minutes west of GMT
D/PowerManagerService( 3033): setPowerState : mBootCompleted : false, newState |= ALL_BRIGHT
I/SystemServer( 3033): Alarm Manager
W/AlarmManager( 3033): FACTORY_ON= 0
W/AlarmManager( 3033): FACTORY_ON= 0
I/SystemServer( 3033): Init Watchdog
I/SystemServer( 3033): Window Manager
V/WindowManager( 3033): config_windowManagerDefaultRotation = 0
I/InputManager( 3033): Initializing input manager
D/InputDispatcher( 3033): to control touch backlight at bottom
D/InputDispatcher( 3033): setTouchKeyDeviceId : 0xffffffff
D/InputDispatcher( 3033): setTouchscreenId : 0xffffffff
D/InputReader( 3033): Constructor for InputReader()
D/dalvikvm( 3033): GC_CONCURRENT freed 428K, 18% free 5137K/6215K, paused 2ms+4ms
D/LockPatternUtils( 3033): isPcwEnable = 10
W/StatusBarManager( 3033): warning: no STATUS_BAR_SERVICE
D/SensorManager( 3033): sensors_get_supported_func
D/SensorManager( 3033): sensors_get_supported_func ret = 0
V/MediaPlayer( 3033): decode(68, 0, 13894)
V/MediaPlayerService( 2995): decode(37, 0, 13894)
V/MediaPlayerService( 2995): player type = 3
V/MediaPlayerService( 2995):  create StagefrightPlayer
V/AwesomePlayer( 2995): setDefault
V/AwesomePlayer( 2995): constructor
D/WindowManager( 3033): mIsPreventWakeupEnable = 0
V/AwesomePlayer( 2995): setDefault
I/AwesomePlayer( 2995): reset
I/AwesomePlayer( 2995): cancel player events
V/AwesomePlayer( 2995): mAudioTrackVector clear
I/AwesomePlayer( 2995): --mSystemTimeSourceForSync reset ok
V/AwesomePlayer( 2995): setListener
V/StagefrightPlayer( 2995): setAudioSink
V/AwesomePlayer( 2995): setAudioSink
V/StagefrightPlayer( 2995): setDataSource(37, 0, 13894)
V/AwesomePlayer( 2995): setDataSource fd
I/AwesomePlayer( 2995): cancel player events
V/AwesomePlayer( 2995): mAudioTrackVector clear
I/AwesomePlayer( 2995): --mSystemTimeSourceForSync reset ok
I/MediaExtractor( 2995): Autodetected media content as 'application/ogg' with confidence 0.20
I/InputManager( 3033): Starting input manager
V/BluetoothService.cpp( 3033): initializeNativeDataNative
V/BluetoothService.cpp( 3033): isEnabledNative
V/bluedroid( 3033): bt_is_enabled
E/WindowManager( 3033): register TouchIntercepter
I/SystemServer( 3033): Bluetooth Service
V/AwesomePlayer( 2995): track of type 'audio/vorbis' does not publish bitrate
V/AwesomePlayer( 2995): mBitrate = -1 bits/sec
V/AwesomePlayer( 2995): current audio track (0)
V/AwesomePlayer( 2995): current audio track (0) is added to vector[0]
V/AwesomePlayer( 2995): setDataSource_l: Audio(1), Video(0)
I/AwesomePlayer( 2995): AwesomePlayer::setDataSource_l():: This is not a DRM content
V/MediaPlayerService( 2995): prepare
V/StagefrightPlayer( 2995): prepareAsync
V/AwesomePlayer( 2995): prepareAsync
V/MediaPlayerService( 2995): wait for prepare
I/BluetoothProfileState( 3033): Message:Entering Stable State
V/AwesomePlayer( 2995): onPrepareAsyncEvent
I/AwesomePlayer( 2995): initAudioDecoder start
V/AwesomePlayer( 2995): notifyListner_l() msg (5-MEDIA_SET_VIDEO_SIZE), ext1 (0), ext2 (0)
V/AudioCache( 2995): notify(0x1daf990, 5, 0, 0)
V/AudioCache( 2995): ignored
V/AwesomePlayer( 2995): notifyListner_l() msg (1-MEDIA_PREPARED), ext1 (0), ext2 (0)
V/AudioCache( 2995): notify(0x1daf990, 1, 0, 0)
V/AudioCache( 2995): prepared
V/AudioCache( 2995): wait - success
V/MediaPlayerService( 2995): start
V/StagefrightPlayer( 2995): start
V/AwesomePlayer( 2995): play
I/AwesomePlayer( 2995): AwesomePlayer::play_l():: this is not widevine!! 
I/AwesomePlayer( 2995): AwesomePlayer::play_l():: This is not a DRM content
V/AudioCache( 2995): open(48000, 2, 1, 4)
V/MediaPlayerService( 2995): wait for playback complete
V/AudioCache( 2995): write(0x1dc8ef0, 4096)
V/AudioCache( 2995): memcpy(0x42764000, 0x1dc8ef0, 4096)
V/AudioCache( 2995): write(0x1dc8ef0, 4096)
V/AudioCache( 2995): memcpy(0x42765000, 0x1dc8ef0, 4096)
V/AudioCache( 2995): write(0x1dc8ef0, 4096)
V/AudioCache( 2995): memcpy(0x42766000, 0x1dc8ef0, 4096)
V/AudioCache( 2995): write(0x1dc8ef0, 4096)
V/AudioCache( 2995): memcpy(0x42767000, 0x1dc8ef0, 4096)
V/AudioCache( 2995): write(0x1dc8ef0, 4096)
V/AudioCache( 2995): memcpy(0x42768000, 0x1dc8ef0, 4096)
I/BluetoothProfileState( 3033): Message:Entering Stable State
I/BluetoothProfileState( 3033): Message:Entering Stable State
D/BluetoothService( 3033): btPANEnable:::true
E/BluetoothService( 3033): mSapAvailable was set to FALSE
D/EventHub( 3033): No input device configuration file found for device 'headset-keyboard'.
I/EventHub( 3033): New device: id=1, fd=134, path='/dev/input/event7', name='headset-keyboard', classes=0x1, configuration='', keyLayout='/system/usr/keylayout/headset-keyboard.kl', keyCharacterMap='/system/usr/keychars/Generic.kcm', builtinKeyboard=false
V/AudioCache( 2995): write(0x1dc8ef0, 4096)
V/AudioCache( 2995): memcpy(0x42769000, 0x1dc8ef0, 4096)
V/AudioCache( 2995): write(0x1dc8ef0, 4096)
V/AudioCache( 2995): memcpy(0x4276a000, 0x1dc8ef0, 4096)
E/OMXCodec( 2995): [OMX.google.vorbis.decoder] err = -1011
V/AudioCache( 2995): write(0x1dc8ef0, 4096)
V/AudioCache( 2995): memcpy(0x4276b000, 0x1dc8ef0, 4096)
V/AudioCache( 2995): write(0x1dc8ef0, 4096)
V/AudioCache( 2995): memcpy(0x4276c000, 0x1dc8ef0, 4096)
V/BluetoothEventLoop.cpp( 3033): initializeNativeDataNative
D/BluetoothAdapterStateMachine( 3033): Enter PowerOff: -2
V/BluetoothA2dpService.cpp( 3033): initNative
D/jniAvrcpService( 3033): Registering avrcp class
V/AudioCache( 2995): write(0x1dc8ef0, 4096)
V/AudioCache( 2995): memcpy(0x4276d000, 0x1dc8ef0, 4096)
V/AwesomePlayer( 2995): MEDIA_PLAYBACK_COMPLETE
V/AwesomePlayer( 2995): notifyListner_l() msg (2-MEDIA_PLAYBACK_COMPLETE), ext1 (0), ext2 (0)
V/AudioCache( 2995): notify(0x1daf990, 2, 0, 0)
V/AudioCache( 2995): playback complete - thread will wake up later
V/AudioCache( 2995): write(0x1dc8ef0, 3348)
V/AudioCache( 2995): memcpy(0x4276e000, 0x1dc8ef0, 3348)
V/AudioCache( 2995): wait - success
V/StagefrightPlayer( 2995): reset
I/AwesomePlayer( 2995): reset
I/AwesomePlayer( 2995): cancel player events
V/AwesomePlayer( 2995): mAudioTrackVector clear
I/OMXCodec( 2995): [OMX.google.vorbis.decoder] stop() sendCommand(0x1, OMX_CommandStateSet, OMX_StateIdle)
I/OMXCodec( 2995): [OMX.google.vorbis.decoder] stopped in state 1
I/AwesomePlayer( 2995): --mSystemTimeSourceForSync reset ok
V/StagefrightPlayer( 2995): ~StagefrightPlayer
V/StagefrightPlayer( 2995): reset
I/AwesomePlayer( 2995): reset
I/AwesomePlayer( 2995): cancel player events
V/AwesomePlayer( 2995): mAudioTrackVector clear
I/AwesomePlayer( 2995): --mSystemTimeSourceForSync reset ok
V/AwesomePlayer( 2995): destructor
I/AwesomePlayer( 2995): reset
I/AwesomePlayer( 2995): cancel player events
V/AwesomePlayer( 2995): mAudioTrackVector clear
I/AwesomePlayer( 2995): --mSystemTimeSourceForSync reset ok
V/AwesomePlayer( 2995): ~AwesomePlayer()
I/SystemServer( 3033): AvrcpStubService -->
V/MediaPlayer( 3033): decode(116, 0, 12866)
V/MediaPlayerService( 2995): decode(37, 0, 12866)
V/MediaPlayerService( 2995): player type = 3
V/MediaPlayerService( 2995):  create StagefrightPlayer
V/AwesomePlayer( 2995): setDefault
V/AwesomePlayer( 2995): constructor
V/AwesomePlayer( 2995): setDefault
I/AwesomePlayer( 2995): reset
I/AwesomePlayer( 2995): cancel player events
V/AwesomePlayer( 2995): mAudioTrackVector clear
I/AwesomePlayer( 2995): --mSystemTimeSourceForSync reset ok
V/AwesomePlayer( 2995): setListener
V/StagefrightPlayer( 2995): setAudioSink
V/AwesomePlayer( 2995): setAudioSink
V/StagefrightPlayer( 2995): setDataSource(37, 0, 12866)
V/AwesomePlayer( 2995): setDataSource fd
I/AwesomePlayer( 2995): cancel player events
V/AwesomePlayer( 2995): mAudioTrackVector clear
I/AwesomePlayer( 2995): --mSystemTimeSourceForSync reset ok
I/MediaExtractor( 2995): Autodetected media content as 'application/ogg' with confidence 0.20
V/AwesomePlayer( 2995): track of type 'audio/vorbis' does not publish bitrate
V/AwesomePlayer( 2995): mBitrate = -1 bits/sec
V/AwesomePlayer( 2995): current audio track (0)
V/AwesomePlayer( 2995): current audio track (0) is added to vector[0]
V/AwesomePlayer( 2995): setDataSource_l: Audio(1), Video(0)
I/AwesomePlayer( 2995): AwesomePlayer::setDataSource_l():: This is not a DRM content
V/MediaPlayerService( 2995): prepare
V/StagefrightPlayer( 2995): prepareAsync
V/AwesomePlayer( 2995): prepareAsync
V/MediaPlayerService( 2995): wait for prepare
V/AwesomePlayer( 2995): onPrepareAsyncEvent
I/AwesomePlayer( 2995): initAudioDecoder start
V/AwesomePlayer( 2995): notifyListner_l() msg (5-MEDIA_SET_VIDEO_SIZE), ext1 (0), ext2 (0)
V/AudioCache( 2995): notify(0x1daf990, 5, 0, 0)
V/AudioCache( 2995): ignored
V/AwesomePlayer( 2995): notifyListner_l() msg (1-MEDIA_PREPARED), ext1 (0), ext2 (0)
V/AudioCache( 2995): notify(0x1daf990, 1, 0, 0)
V/AudioCache( 2995): prepared
V/AudioCache( 2995): wait - success
V/MediaPlayerService( 2995): start
V/StagefrightPlayer( 2995): start
V/AwesomePlayer( 2995): play
I/AwesomePlayer( 2995): AwesomePlayer::play_l():: this is not widevine!! 
I/AwesomePlayer( 2995): AwesomePlayer::play_l():: This is not a DRM content
D/EventHub( 3033): ledBitmask is set (LED_MISC)
I/EventHub( 3033): New device: id=2, fd=140, path='/dev/input/event6', name='sec_touchscreen', classes=0x15, configuration='/system/usr/idc/sec_touchscreen.idc', keyLayout='/system/usr/keylayout/Generic.kl', keyCharacterMap='/system/usr/keychars/Generic.kcm', builtinKeyboard=false
V/AudioCache( 2995): open(48000, 2, 1, 4)
V/MediaPlayerService( 2995): wait for playback complete
V/AudioCache( 2995): write(0x1dc4898, 4096)
V/AudioCache( 2995): memcpy(0x42864000, 0x1dc4898, 4096)
V/AudioCache( 2995): write(0x1dc4898, 4096)
V/AudioCache( 2995): memcpy(0x42865000, 0x1dc4898, 4096)
V/AudioCache( 2995): write(0x1dc4898, 4096)
V/AudioCache( 2995): memcpy(0x42866000, 0x1dc4898, 4096)
V/AudioCache( 2995): write(0x1dc4898, 4096)
V/AudioCache( 2995): memcpy(0x42867000, 0x1dc4898, 4096)
V/AudioCache( 2995): write(0x1dc4898, 4096)
V/AudioCache( 2995): memcpy(0x42868000, 0x1dc4898, 4096)
D/DynamicPermissionService( 3033): Read premissions done
V/AudioCache( 2995): write(0x1dc4898, 4096)
V/AudioCache( 2995): memcpy(0x42869000, 0x1dc4898, 4096)
D/DynamicPermissionService( 3033): Read pre-installed packages done
D/DynamicPermissionService( 3033): Init from files done
V/AudioCache( 2995): write(0x1dc4898, 4096)
V/AudioCache( 2995): memcpy(0x4286a000, 0x1dc4898, 4096)
E/OMXCodec( 2995): [OMX.google.vorbis.decoder] err = -1011
V/AudioCache( 2995): write(0x1dc4898, 4096)
V/AudioCache( 2995): memcpy(0x4286b000, 0x1dc4898, 4096)
V/AudioCache( 2995): write(0x1dc4898, 4096)
V/AudioCache( 2995): memcpy(0x4286c000, 0x1dc4898, 4096)
V/AudioCache( 2995): write(0x1dc4898, 4096)
V/AudioCache( 2995): memcpy(0x4286d000, 0x1dc4898, 4096)
D/DynamicPermissionService( 3033): Add DynamicPermissionService to SystemServer
I/Ifttt   ( 3033): Ifttt Service
V/AudioCache( 2995): write(0x1dc4898, 4096)
V/AudioCache( 2995): memcpy(0x4286e000, 0x1dc4898, 4096)
V/AwesomePlayer( 2995): MEDIA_PLAYBACK_COMPLETE
V/AwesomePlayer( 2995): notifyListner_l() msg (2-MEDIA_PLAYBACK_COMPLETE), ext1 (0), ext2 (0)
V/AudioCache( 2995): notify(0x1daf990, 2, 0, 0)
V/AudioCache( 2995): playback complete - thread will wake up later
V/AudioCache( 2995): wait - success
V/StagefrightPlayer( 2995): reset
I/AwesomePlayer( 2995): reset
I/AwesomePlayer( 2995): cancel player events
V/AwesomePlayer( 2995): mAudioTrackVector clear
I/OMXCodec( 2995): [OMX.google.vorbis.decoder] stop() sendCommand(0x2, OMX_CommandStateSet, OMX_StateIdle)
I/OMXCodec( 2995): [OMX.google.vorbis.decoder] stopped in state 1
I/AwesomePlayer( 2995): --mSystemTimeSourceForSync reset ok
V/StagefrightPlayer( 2995): ~StagefrightPlayer
V/StagefrightPlayer( 2995): reset
I/AwesomePlayer( 2995): reset
I/AwesomePlayer( 2995): cancel player events
V/AwesomePlayer( 2995): mAudioTrackVector clear
I/AwesomePlayer( 2995): --mSystemTimeSourceForSync reset ok
V/AwesomePlayer( 2995): destructor
I/AwesomePlayer( 2995): reset
I/AwesomePlayer( 2995): cancel player events
V/AwesomePlayer( 2995): mAudioTrackVector clear
I/AwesomePlayer( 2995): --mSystemTimeSourceForSync reset ok
V/AwesomePlayer( 2995): ~AwesomePlayer()
D/SmartPowerService( 3033): SmartPowerService create!!!
I/PowerManagerService( 3033): Light Animator Finished curIntValue=255
D/QuickBootService( 3033): Start the QuickBootService!!
D/QuickBootService( 3033): QuickBootService created!
I/SystemServer( 3033): Input Method Service
W/InputManagerService( 3033): Couldn't create dir.: /data/system/inputmethod
D/EventHub( 3033): No input device configuration file found for device 'orientation'.
D/EventHub( 3033): No input device configuration file found for device 'accelerometer'.
D/dalvikvm( 3033): GC_CONCURRENT freed 384K, 16% free 5456K/6471K, paused 2ms+4ms
D/EventHub( 3033): No input device configuration file found for device 'sprd-keypad'.
I/EventHub( 3033): New device: id=5, fd=153, path='/dev/input/event5', name='sprd-keypad', classes=0x1, configuration='', keyLayout='/system/usr/keylayout/sprd-keypad.kl', keyCharacterMap='/system/usr/keychars/Generic.kcm', builtinKeyboard=false
D/dalvikvm( 3033): GC_FOR_ALLOC freed 95K, 17% free 5736K/6855K, paused 47ms
D/EventHub( 3033): No input device configuration file found for device 'geomagnetic_raw'.
I/SystemServer( 3033): Accessibility Manager
I/SystemServer( 3033): CustomeFrequencyManagerService
D/CustomFrequencyManagerService( 3033): verifyDefaultCondition : Exception : java.io.FileNotFoundException: /sys/power/mali_lock: open failed: ENOENT (No such file or directory)
I/ActivityManager( 3033): Config changed: {0 1.0 0mcc0mnc zh_CN layoutdir=0 sw320dp w320dp h508dp nrml long port ?uimode ?night -touch -keyb/v/h -nav/h s.2 themeChanged=0}
I/SystemServer( 3033): Device Policy
I/SystemServer( 3033): Enterprise Policy
D/EventHub( 3033): No input device configuration file found for device 'geomagnetic'.
I/EnterpriseDeviceManagerService( 3033): handleDowngrade: Checking Downgrade...
I/InputReader( 3033): Device added: id=5, name='sprd-keypad', sources=0x00000101
D/InputReader( 3033): TouchInputMapper::configureParameters() : set to default value DEVICE_TYPE_TOUCH_SCREEN
I/InputReader( 3033):   Touch device 'sec_touchscreen' could not query the properties of its associated display 0.  The device will be inoperable until the display size becomes available.
D/InputReader( 3033): MultiTouchMotionAccumulator: initial slot number is 0
I/InputReader( 3033): Device added: id=2, name='sec_touchscreen', sources=0x00001103
D/InputDispatcher( 3033): to control touch backlight at bottom
D/InputDispatcher( 3033): setTouchKeyDeviceId : 0x2
I/InputReader( 3033): Device added: id=1, name='headset-keyboard', sources=0x00000101
I/InputReader( 3033): Reconfiguring input devices.  changes=0x00000004
I/InputReader( 3033): Device reconfigured: id=2, name='sec_touchscreen', surface size is now 480x800, mode is 1
I/ActivityManager( 3033): Config changed: {0 1.0 0mcc0mnc zh_CN layoutdir=0 sw320dp w320dp h508dp nrml long port ?uimode ?night finger -keyb/v/h -nav/h s.3 themeChanged=0}
E/DataRouter(  108): After the usb select 
E/DataRouter(  108): read length is zero
E/DataRouter(  108): dr_usb_deinit
E/DataRouter(  108): dr_usb_init
E/DataRouter(  108): USB Interface is open with 0xe
E/DataRouter(  108): USB interface is now configured for usb_fd = 0xe
E/DataRouter(  108): pcsyncreset
E/DataRouter(  108): read usb data[len:0]
E/DataRouter(  108): read usb data message:
E/DataRouter(  108): Before the usb select 
D/connfw  (   92): [DR->CONNFW]Received data notification
E/DTT     (   90): [DR->DTT]Received data notification
D/Kies    (   88): [DR->KIES]Received data notification
D/Kies    (   88): dr_process_kies_app(0)
D/Kies    (   88): child pid = 3096.
E/SMD     (   89): ***Received data notification[DR->SMD]***
E/SMD     (   89): Path set is DATA_PATH_DR_SMD_MANAGER
D/Kies    ( 3096): child pid = 0.
D/Kies    ( 3096): execute sh.
I/ApplicationPolicy( 3033): registerPackageChangeReceiver() : Done
I/ApplicationIconDb( 3033): getApplicationIconChangedList  : 
I/ApplicationPolicy( 3033): registerNetworkChangeReceiver
I/ApplicationPolicy( 3033): registerNetworkChangeReceiver() : Done
E/DataRouter(  108): After the usb select 
E/DataRouter(  108): read usb data[len:1]
E/DataRouter(  108): read usb data message:A
E/DataRouter(  108): Before the usb select 
D/connfw  (   92): [DR->CONNFW]Received data notification
D/connfw  (   92): NOT DEFINE
D/connfw  (   92): Message:A
E/DTT     (   90): [DR->DTT]Received data notification
E/DTT     (   90): NOT DEFINE
E/DTT     (   90): Message:A
E/SMD     (   89): ***Received data notification[DR->SMD]***
E/SMD     (   89): Message:A
E/SMD     (   89): Sending data to SMD: Len = [1]
E/SMD     (   89):  buffer = [A]
E/SMD     (   89): Wrote 1 chars to SMD PORT fd=11 ch = 41
E/DataRouter(  108): [socket:13]******* Received data notification *******
E/DataRouter(  108): [socket:15]******* Received data notification *******
I/EDM :   ( 3033): isRoamingSyncEnabled : true
E/DataRouter(  108): After the usb select 
E/DataRouter(  108): read usb data[len:1]
E/DataRouter(  108): read usb data message:T
E/DataRouter(  108): Before the usb select 
D/connfw  (   92): [DR->CONNFW]Received data notification
D/connfw  (   92): NOT DEFINE
D/connfw  (   92): Message:T
E/DTT     (   90): [DR->DTT]Received data notification
E/DTT     (   90): NOT DEFINE
E/DTT     (   90): Message:T
E/SMD     (   89): ***Received data notification[DR->SMD]***
E/SMD     (   89): Message:T
E/SMD     (   89): Sending data to SMD: Len = [1]
E/SMD     (   89):  buffer = [T]
E/SMD     (   89): Wrote 1 chars to SMD PORT fd=11 ch = 54
E/DataRouter(  108): [socket:13]******* Received data notification *******
E/DataRouter(  108): [socket:15]******* Received data notification *******
I/keystore(  102): uid: 1000 action: t -> 3 state: 3 -> 3 retry: 4
D/EnterpriseVpnPolicy( 3033): bindVpnInterfaces()
W/ActivityManager( 3033): Unable to start service service: not found
E/DataRouter(  108): After the usb select 
E/DataRouter(  108): read usb data[len:1]
E/DataRouter(  108): read usb data message:
E/DataRouter(  108): Before the usb select 
D/connfw  (   92): [DR->CONNFW]Received data notification
D/connfw  (   92): NOT DEFINE
D/connfw  (   92): Message:
E/DTT     (   90): [DR->DTT]Received data notification
E/DTT     (   90): NOT DEFINE
E/DTT     (   90): Message:
E/SMD     (   89): ***Received data notification[DR->SMD]***
E/SMD     (   89): Message:
E/SMD     (   89): Sending data to SMD: Len = [1]
E/SMD     (   89):  buffer = []
E/SMD     (   89): Wrote 1 chars to SMD PORT fd=11 ch = d
E/DataRouter(  108): [socket:13]******* Received data notification *******
E/DataRouter(  108): [socket:15]******* Received data notification *******
D/SPRDENG (  150): eng_server2modem: use SIM1 /dev/CHNPTY13
D/SPRDENG (  150): AT > 
D/SPRDENG (  150): eng_modem2server: use SIM1 /dev/CHNPTY13
D/PHONESERVER(  145): Send thread's TID [302] CHNMNG:findNextEOL:
D/PHONESERVER(  145): Send thread's TID [302] CHNMNG:end findNextEOL:
D/PHONESERVER(  145): Send thread's TID [302] PS_PTY : /dev/CHNPTY13 Received 2 bytes command[]
D/PHONESERVER(  145): 
D/PHONESERVER(  145):  Can not find a correct command router for cmd: 
D/PHONESERVER(  145): pty_write get lock
D/PHONESERVER(  145): PS_PTY:/dev/CHNPTY13   write :
D/PHONESERVER(  145): ERROR
D/PHONESERVER(  145): 
D/PHONESERVER(  145): pty_write free lock
D/SPRDENG (  150): AT < 
D/SPRDENG (  150): ERROR
D/SPRDENG (  150): 
E/SMD     (   89): After the Modem Read select 
E/SMD     (   89): Read 9 chars from SMD Modem file fd = 11
E/SMD     (   89):  Message: 
E/SMD     (   89): ERROR
E/SMD     (   89): ROR: 4
E/SMD     (   89): SM"),("ME","SM"),("ME","SM"))
E/SMD     (   89): 
E/SMD     (   89): OK
E/SMD     (   89): G", "AC","PN", "FD","PU","PP","PC")
E/SMD     (   89): 
E/SMD     (   89): OK
E/SMD     (   89): 28-2013 12:11:48
E/SMD     (   89): 
E/SMD     (   89): OK
E/SMD     (   89): 
E/SMD     (   89): Before the Modem Read select 
E/DataRouter(  108): [socket:17]******* Received data notification *******
E/DataRouter(  108): [socket:17]read socket data[len:9]
E/DataRouter(  108): [socket:17]read socket data[message:
E/DataRouter(  108): ERROR
E/DataRouter(  108): 
W/PhoneRestrictionPolicy( 3033):  >>> PhoneRestrictionPolicy.PhoneRestrictionPolicy()
D/AndroidRuntime( 3098): 
D/AndroidRuntime( 3098): >>>>>> AndroidRuntime START com.android.internal.os.RuntimeInit <<<<<<
D/AndroidRuntime( 3098): CheckJNI is OFF
D/AndroidRuntime( 3098): setted country_code = china
D/AndroidRuntime( 3098): setted countryiso_code = CN
D/AndroidRuntime( 3098): setted sales_code = CHM
D/AndroidRuntime( 3098): readGMSProperty: start
D/AndroidRuntime( 3098): readGMSProperty: already setted!!
D/AndroidRuntime( 3098): readGMSProperty: end
I/SystemServer( 3033): Enterprise Policymanager service created...
I/SystemServer( 3033): Status Bar
I/SystemServer( 3033): Clipboard Service
I/SystemServer( 3033): ClipboardEx Service
I/SystemServer( 3033): NetworkManagement Service
I/SystemServer( 3033): Text Service Manager Service
W/TextServicesManagerService( 3033): no available spell checker services found
I/SystemServer( 3033): NetworkStats Service
I/SystemServer( 3033): NetworkPolicy Service
I/SystemServer( 3033): Wi-Fi P2pService
E/SMD     (   89): InvokeOemRequestHookRaw usbstatus true is success
E/SMD     (   89): [*] dr_smd_dsr_event_hdlr event received  is received 
E/SMD     (   89): data pin is DSR 
E/SMD     (   89): DSR pinstatus is ON 
D/WifiP2pService( 3033): P2pDisabledState
I/SystemServer( 3033): Wi-Fi Service
D/WifiP2pService( 3033): P2pDisabledState69633
D/WifiP2pService( 3033): DefaultState69633
D/WifiP2pService( 3033): P2pDisabledState69632
D/WifiP2pService( 3033): DefaultState69632
D/WifiP2pService( 3033): Full connection with WifiStateMachine established
W/System.err( 3033): java.lang.NullPointerException
W/System.err( 3033): 	at com.android.server.WifiService.<init>(WifiService.java:889)
W/System.err( 3033): 	at com.android.server.ServerThread.run(SystemServer.java:519)
I/SystemServer( 3033): Wi-Fi Display Service
D/WfdService( 3033): InactiveState
D/WfdService( 3033): Enter InactiveState
D/WfdService( 3033): mAudioManager is null !
I/SystemServer( 3033): Connectivity Service
D/ConnectivityService( 3033): ConnectivityService starting up
E/MobileDataStateTracker( 3033): default: Ignoring feature request because could not acquire PhoneService
E/MobileDataStateTracker( 3033): default: Could not enable APN type "default"
D/Tethering( 3033): Boot not complete yet.
D/Tethering( 3033): Boot not complete yet.
D/NetworkManagementService( 3033): Registering observer
D/NetworkManagementService( 3033): Registering observer
I/SystemServer( 3033): Throttle Service
I/SystemServer( 3033): Mount Service
D/MountService( 3033): MountService :: 
D/MountService( 3033): got storage path: /mnt/sdcard description: USB存储 primary: true removable: false emulated: true mtpReserve: 100 allowMassStorage: false maxFileSize: 0 subsystem: fuse activitySecureContainer: false
D/MountService( 3033): got storage path: /mnt/extSdCard description: SD 卡 primary: false removable: true emulated: false mtpReserve: 0 allowMassStorage: false maxFileSize: 0 subsystem: sd activitySecureContainer: false
D/MountService( 3033): got storage path: /mnt/UsbDriveA description: USB存储 primary: false removable: true emulated: false mtpReserve: 0 allowMassStorage: false maxFileSize: 0 subsystem: usb activitySecureContainer: false
D/MountService( 3033): got storage path: /mnt/UsbDriveB description: USB存储 primary: false removable: true emulated: false mtpReserve: 0 allowMassStorage: false maxFileSize: 0 subsystem: usb activitySecureContainer: false
D/MountService( 3033): got storage path: /mnt/UsbDriveC description: USB存储 primary: false removable: true emulated: false mtpReserve: 0 allowMassStorage: false maxFileSize: 0 subsystem: usb activitySecureContainer: false
D/MountService( 3033): got storage path: /mnt/UsbDriveD description: USB存储 primary: false removable: true emulated: false mtpReserve: 0 allowMassStorage: false maxFileSize: 0 subsystem: usb activitySecureContainer: false
D/MountService( 3033): got storage path: /mnt/UsbDriveE description: USB存储 primary: false removable: true emulated: false mtpReserve: 0 allowMassStorage: false maxFileSize: 0 subsystem: usb activitySecureContainer: false
D/MountService( 3033): got storage path: /mnt/UsbDriveF description: USB存储 primary: false removable: true emulated: false mtpReserve: 0 allowMassStorage: false maxFileSize: 0 subsystem: usb activitySecureContainer: false
D/MountService( 3033): using emulated external storage
I/SystemServer( 3033): Notification Manager
D/STATUSBAR-NotificationService( 3033): updateLightsLocked() : Turn off notification light
I/SystemServer( 3033): Device Storage Monitor
I/SystemServer( 3033): Location Manager
I/SystemServer( 3033): Country Detector
I/SystemServer( 3033): Search Service
I/SystemServer( 3033): DropBox Service
I/SystemServer( 3033): Wallpaper Service
D/VoldCmdListener(   79): volume list
I/MountService( 3033): Media already mounted on daemon connection
I/MountService( 3033): Updating valid state mounted
D/MountService( 3033): updatePublicVolumeState :: path = /mnt/extSdCard, state = mounted
D/MountService( 3033): volume state changed for /mnt/extSdCard (null -> mounted)
I/MountService( 3033): Updating valid state removed
D/MountService( 3033): updatePublicVolumeState :: path = /mnt/UsbDriveA, state = removed
D/MountService( 3033): volume state changed for /mnt/UsbDriveA (null -> removed)
I/MountService( 3033): Updating valid state removed
D/MountService( 3033): updatePublicVolumeState :: path = /mnt/UsbDriveB, state = removed
D/MountService( 3033): volume state changed for /mnt/UsbDriveB (null -> removed)
I/MountService( 3033): Updating valid state removed
D/MountService( 3033): updatePublicVolumeState :: path = /mnt/UsbDriveC, state = removed
D/MountService( 3033): volume state changed for /mnt/UsbDriveC (null -> removed)
I/MountService( 3033): Updating valid state removed
D/MountService( 3033): updatePublicVolumeState :: path = /mnt/UsbDriveD, state = removed
D/MountService( 3033): volume state changed for /mnt/UsbDriveD (null -> removed)
I/MountService( 3033): Updating valid state removed
D/MountService( 3033): updatePublicVolumeState :: path = /mnt/UsbDriveE, state = removed
D/MountService( 3033): volume state changed for /mnt/UsbDriveE (null -> removed)
I/MountService( 3033): Updating valid state removed
D/MountService( 3033): updatePublicVolumeState :: path = /mnt/UsbDriveF, state = removed
D/MountService( 3033): volume state changed for /mnt/UsbDriveF (null -> removed)
I/SystemServer( 3033): Audio Service
W/ResourceType( 3033): Entry identifier 0x316 is larger than entry count 0x310
D/dalvikvm( 3033): GC_FOR_ALLOC freed 472K, 15% free 6426K/7559K, paused 72ms
I/dalvikvm-heap( 3033): Grow heap (frag case) to 7.830MB for 1000516-byte allocation
D/Kies    (   88): sending intent finished.
D/Kies    (   88): KIES_WSSERVICE_STOP sending intent result = 1.
D/Kies    (   88): child pid = 3128.
D/Kies    ( 3128): child pid = 0.
D/Kies    ( 3128): execute sh.
D/dalvikvm( 3033): GC_FOR_ALLOC freed 3K, 14% free 7399K/8583K, paused 101ms
I/AudioService( 3033):   Remote Control   registerMediaButtonIntent()
V/AudioPolicyManagerBase( 2995): initStreamVolume() stream 0, min 0, max 5
V/AudioPolicyManagerBase( 2995): setStreamVolumeIndex() stream 0, index 4
V/AudioPolicyManagerALSA( 2995): setStreamVolume() for output 1 stream 0, volume 0.707946, delay 0
V/AudioPolicyService( 2995): inserting command: 2 at index 0, num commands 0
V/AudioPolicyService( 2995): AudioCommandThread() adding set volume stream 0, volume 0.710866, output 1
V/AudioPolicyService( 2995): AudioCommandThread() waking up
V/AudioPolicyService( 2995): AudioCommandThread() processing set volume stream 0,                             volume 0.710866, output 1
V/AudioPolicyService( 2995): AudioCommandThread() going to sleep
V/AudioPolicyService( 2995): inserting command: 4 at index 0, num commands 0
V/AudioPolicyService( 2995): AudioCommandThread() adding set voice volume volume 0.800000
V/AudioPolicyService( 2995): AudioCommandThread() waking up
V/AudioPolicyService( 2995): AudioCommandThread() processing set voice volume volume 0.800000
D/AudioHardwareALSA( 2995): setVoiceVolume=0.800000
V/AudioPolicyService( 2995): AudioCommandThread() going to sleep
V/AudioPolicyManagerBase( 2995): initStreamVolume() stream 1, min 0, max 7
V/AudioPolicyManagerBase( 2995): setStreamVolumeIndex() stream 1, index 4
V/AudioPolicyManagerALSA( 2995): setStreamVolume() for output 1 stream 1, volume 0.251189, delay 0
V/AudioPolicyService( 2995): inserting command: 2 at index 0, num commands 0
V/AudioPolicyService( 2995): AudioCommandThread() adding set volume stream 1, volume 0.251189, output 1
V/AudioPolicyService( 2995): AudioCommandThread() waking up
V/AudioPolicyService( 2995): AudioCommandThread() processing set volume stream 1,                             volume 0.251189, output 1
V/AudioPolicyService( 2995): AudioCommandThread() going to sleep
V/AudioPolicyManagerBase( 2995): initStreamVolume() stream 2, min 0, max 7
V/AudioPolicyManagerBase( 2995): setStreamVolumeIndex() stream 2, index 5
V/AudioPolicyManagerALSA( 2995): setStreamVolume() for output 1 stream 2, volume 0.398107, delay 0
V/AudioPolicyService( 2995): inserting command: 2 at index 0, num commands 0
V/AudioPolicyService( 2995): AudioCommandThread() adding set volume stream 2, volume 0.398107, output 1
V/AudioPolicyService( 2995): AudioCommandThread() waking up
V/AudioPolicyService( 2995): AudioCommandThread() processing set volume stream 2,                             volume 0.398107, output 1
V/AudioPolicyService( 2995): AudioCommandThread() going to sleep
V/AudioPolicyManagerBase( 2995): initStreamVolume() stream 3, min 0, max 15
I/AudioService( 3033): isMediaSilentMode false
V/AudioPolicyManagerBase( 2995): setStreamVolumeIndex() stream 3, index 14
V/AudioPolicyManagerBase( 2995): getNewDevice() selected device 0
V/AudioPolicyManagerBase( 2995): getDeviceForStrategy() from cache strategy 0, device 2
D/AudioPolicyManagerBase( 2995): return MUSIC_SPK index=14
V/AudioPolicyManagerALSA( 2995): setStreamVolume() for output 1 stream 3, volume 0.707946, delay 0
V/AudioPolicyService( 2995): inserting command: 2 at index 0, num commands 0
