I/Surface (  299): Surface_lockCanvas
I/Surface (  299): Surface_lockCanvas
I/Surface (  299): Surface_lockCanvas
I/Surface (  299): Surface_lockCanvas
I/Surface (  299): Surface_lockCanvas
I/Surface (  299): Surface_lockCanvas
I/Surface (  299): Surface_lockCanvas
I/Surface (  299): Surface_lockCanvas
I/Surface (  299): Surface_lockCanvas
I/Surface (  299): Surface_lockCanvas
I/Surface (  299): Surface_lockCanvas
I/Surface (  299): Surface_lockCanvas
I/Surface (  299): Surface_lockCanvas
I/Surface (  299): Surface_lockCanvas
I/Surface (  299): Surface_lockCanvas
I/Surface (  299): Surface_lockCanvas
I/Surface (  299): Surface_lockCanvas
I/Surface (  299): Surface_lockCanvas
I/Surface (  299): Surface_lockCanvas
I/Surface (  299): Surface_lockCanvas
I/Surface (  299): Surface_lockCanvas
I/Surface (  299): Surface_lockCanvas
I/Surface (  299): Surface_lockCanvas
I/Surface (  299): Surface_lockCanvas
I/Surface (  299): Surface_lockCanvas
I/Surface (  299): Surface_lockCanvas
I/Surface (  299): Surface_lockCanvas
I/Surface (  299): Surface_lockCanvas
I/Surface (  299): Surface_lockCanvas
I/Surface (  299): Surface_lockCanvas
I/Surface (  299): Surface_lockCanvas
I/dalvikvm(  460): DexOpt: not resolving ambiguous class 'Lorg/apache/commons/codec/DecoderException;'
I/dalvikvm(  460): DexOpt: not resolving ambiguous class 'Lorg/apache/commons/codec/DecoderException;'
D/dalvikvm(  460): DexOpt: not verifying/optimizing 'Lorg/apache/commons/codec/DecoderException;': multiple definitions
I/Surface (  299): Surface_lockCanvas
I/dalvikvm(  460): DexOpt: not resolving ambiguous class 'Lorg/apache/commons/codec/DecoderException;'
I/dalvikvm(  460): DexOpt: not resolving ambiguous class 'Lorg/apache/commons/codec/DecoderException;'
I/Surface (  299): Surface_lockCanvas
I/Surface (  299): Surface_lockCanvas
I/Surface (  299): Surface_lockCanvas
I/Surface (  299): Surface_lockCanvas
I/Surface (  299): Surface_lockCanvas
I/Surface (  299): Surface_lockCanvas
I/Surface (  299): Surface_lockCanvas
I/Surface (  299): Surface_lockCanvas
D/dalvikvm(  460): DexOpt: load 232ms, verify+opt 1946ms
I/Surface (  299): Surface_lockCanvas
I/Surface (  299): Surface_lockCanvas
I/Surface (  299): Surface_lockCanvas
I/Surface (  299): Surface_lockCanvas
I/Surface (  299): Surface_lockCanvas
I/Surface (  299): Surface_lockCanvas
I/Surface (  299): Surface_lockCanvas
I/Surface (  299): Surface_lockCanvas
I/Surface (  299): Surface_lockCanvas
I/Surface (  299): Surface_lockCanvas
I/Surface (  299): Surface_lockCanvas
I/Surface (  299): Surface_lockCanvas
I/Surface (  299): Surface_lockCanvas
I/Surface (  299): Surface_lockCanvas
I/Surface (  299): Surface_lockCanvas
I/Surface (  299): Surface_lockCanvas
I/Surface (  299): Surface_lockCanvas
I/Surface (  299): Surface_lockCanvas
I/dalvikvm(  299): DexOpt: mismatch dep signature for '/data/dalvik-cache/system@framework@framework.jar@classes.dex'
I/PackageManager(  299): Running dexopt on: XXX.XXXXX.XXX.XXXXXXXX
I/Surface (  299): Surface_lockCanvas
I/Surface (  299): Surface_lockCanvas
I/Surface (  299): Surface_lockCanvas
I/Surface (  299): Surface_lockCanvas
I/Surface (  299): Surface_lockCanvas
I/Surface (  299): Surface_lockCanvas
D/dalvikvm(  461): DexOpt: load 13ms, verify+opt 101ms
I/Surface (  299): Surface_lockCanvas
I/Surface (  299): Surface_lockCanvas
I/Surface (  299): Surface_lockCanvas
I/Surface (  299): Surface_lockCanvas
I/Surface (  299): Surface_lockCanvas
I/Surface (  299): Surface_lockCanvas
I/Surface (  299): Surface_lockCanvas
I/Surface (  299): Surface_lockCanvas
I/Surface (  299): Surface_lockCanvas
I/Surface (  299): Surface_lockCanvas
I/Surface (  299): Surface_lockCanvas
I/dalvikvm(  299): DexOpt: mismatch dep signature for '/data/dalvik-cache/system@framework@framework.jar@classes.dex'
I/PackageManager(  299): Running dexopt on: XXX.XXXXX.XXXXXXX
I/Surface (  299): Surface_lockCanvas
I/Surface (  299): Surface_lockCanvas
I/Surface (  299): Surface_lockCanvas
I/Surface (  299): Surface_lockCanvas
I/Surface (  299): Surface_lockCanvas
I/Surface (  299): Surface_lockCanvas
D/dalvikvm(  462): DexOpt: load 51ms, verify+opt 47ms
I/Surface (  299): Surface_lockCanvas
I/dalvikvm(  299): DexOpt: mismatch dep signature for '/data/dalvik-cache/system@framework@framework.jar@classes.dex'
I/PackageManager(  299): Running dexopt on: XXX.XXXXX.XXXXX
I/Surface (  299): Surface_lockCanvas
I/Surface (  299): Surface_lockCanvas
I/Surface (  299): Surface_lockCanvas
D/dalvikvm(  463): DexOpt: load 21ms, verify+opt 21ms
I/Surface (  299): Surface_lockCanvas
I/dalvikvm(  299): DexOpt: mismatch dep signature for '/data/dalvik-cache/system@framework@framework.jar@classes.dex'
I/PackageManager(  299): Running dexopt on: XXX.XXXXXXXXXXXX.XXXXXXXX
I/Surface (  299): Surface_lockCanvas
I/Surface (  299): Surface_lockCanvas
I/Surface (  299): Surface_lockCanvas
I/Surface (  299): Surface_lockCanvas
I/Surface (  299): Surface_lockCanvas
I/Surface (  299): Surface_lockCanvas
I/Surface (  299): Surface_lockCanvas
I/Surface (  299): Surface_lockCanvas
I/Surface (  299): Surface_lockCanvas
D/dalvikvm(  466): DexOpt: 'Landroid/content/pm/IPackageDeleteObserver;' has an earlier definition; blocking out
D/dalvikvm(  466): DexOpt: 'Landroid/content/pm/IPackageDeleteObserver$Stub$Proxy;' has an earlier definition; blocking out
D/dalvikvm(  466): DexOpt: 'Landroid/content/pm/IPackageInstallObserver;' has an earlier definition; blocking out
D/dalvikvm(  466): DexOpt: 'Landroid/content/pm/IPackageInstallObserver$Stub$Proxy;' has an earlier definition; blocking out
D/dalvikvm(  466): DexOpt: 'Landroid/content/pm/IPackageInstallObserver$Stub;' has an earlier definition; blocking out
D/dalvikvm(  466): DexOpt: 'Landroid/content/pm/IPackageDeleteObserver$Stub;' has an earlier definition; blocking out
I/Surface (  299): Surface_lockCanvas
I/Surface (  299): Surface_lockCanvas
I/Surface (  299): Surface_lockCanvas
D/dalvikvm(  466): DexOpt: not verifying/optimizing 'Landroid/content/pm/IPackageDeleteObserver;': multiple definitions
D/dalvikvm(  466): DexOpt: not verifying/optimizing 'Landroid/content/pm/IPackageDeleteObserver$Stub$Proxy;': multiple definitions
D/dalvikvm(  466): DexOpt: not verifying/optimizing 'Landroid/content/pm/IPackageInstallObserver;': multiple definitions
D/dalvikvm(  466): DexOpt: not verifying/optimizing 'Landroid/content/pm/IPackageInstallObserver$Stub$Proxy;': multiple definitions
D/dalvikvm(  466): DexOpt: not verifying/optimizing 'Landroid/content/pm/IPackageInstallObserver$Stub;': multiple definitions
D/dalvikvm(  466): DexOpt: not verifying/optimizing 'Landroid/content/pm/IPackageDeleteObserver$Stub;': multiple definitions
I/Surface (  299): Surface_lockCanvas
I/Surface (  299): Surface_lockCanvas
I/Surface (  299): Surface_lockCanvas
I/Surface (  299): Surface_lockCanvas
I/Surface (  299): Surface_lockCanvas
I/Surface (  299): Surface_lockCanvas
I/Surface (  299): Surface_lockCanvas
I/Surface (  299): Surface_lockCanvas
I/Surface (  299): Surface_lockCanvas
I/Surface (  299): Surface_lockCanvas
I/Surface (  299): Surface_lockCanvas
I/Surface (  299): Surface_lockCanvas
I/Surface (  299): Surface_lockCanvas
I/Surface (  299): Surface_lockCanvas
I/dalvikvm(  466): DexOpt: not resolving ambiguous class 'Landroid/content/pm/IPackageDeleteObserver$Stub;'
I/Surface (  299): Surface_lockCanvas
I/Surface (  299): Surface_lockCanvas
I/Surface (  299): Surface_lockCanvas
I/Surface (  299): Surface_lockCanvas
I/Surface (  299): Surface_lockCanvas
I/Surface (  299): Surface_lockCanvas
I/Surface (  299): Surface_lockCanvas
I/Surface (  299): Surface_lockCanvas
I/Surface (  299): Surface_lockCanvas
D/dalvikvm(  466): DexOpt: load 105ms, verify+opt 794ms
I/Surface (  299): Surface_lockCanvas
I/Surface (  299): Surface_lockCanvas
I/Surface (  299): Surface_lockCanvas
I/Surface (  299): Surface_lockCanvas
I/Surface (  299): Surface_lockCanvas
I/Surface (  299): Surface_lockCanvas
I/dalvikvm(  299): DexOpt: mismatch dep signature for '/data/dalvik-cache/system@framework@framework.jar@classes.dex'
I/PackageManager(  299): Running dexopt on: XXX.XXXXX.XXXXXXXX
I/Surface (  299): Surface_lockCanvas
I/Surface (  299): Surface_lockCanvas
I/Surface (  299): Surface_lockCanvas
D/dalvikvm(  467): DexOpt: 'Landroid/app/IActivityWatcher;' has an earlier definition; blocking out
D/dalvikvm(  467): DexOpt: 'Landroid/app/IActivityWatcher$Stub;' has an earlier definition; blocking out
D/dalvikvm(  467): DexOpt: 'Landroid/app/IActivityWatcher$Stub$Proxy;' has an earlier definition; blocking out
I/Surface (  299): Surface_lockCanvas
I/Surface (  299): Surface_lockCanvas
D/dalvikvm(  467): DexOpt: not verifying/optimizing 'Landroid/app/IActivityWatcher;': multiple definitions
D/dalvikvm(  467): DexOpt: not verifying/optimizing 'Landroid/app/IActivityWatcher$Stub;': multiple definitions
D/dalvikvm(  467): DexOpt: not verifying/optimizing 'Landroid/app/IActivityWatcher$Stub$Proxy;': multiple definitions
I/Surface (  299): Surface_lockCanvas
I/Surface (  299): Surface_lockCanvas
I/Surface (  299): Surface_lockCanvas
I/Surface (  299): Surface_lockCanvas
I/Surface (  299): Surface_lockCanvas
D/dalvikvm(  467): DexOpt: load 54ms, verify+opt 180ms
I/Surface (  299): Surface_lockCanvas
I/Surface (  299): Surface_lockCanvas
I/Surface (  299): Surface_lockCanvas
I/Surface (  299): Surface_lockCanvas
I/Surface (  299): Surface_lockCanvas
I/Surface (  299): Surface_lockCanvas
I/Surface (  299): Surface_lockCanvas
I/Surface (  299): Surface_lockCanvas
I/Surface (  299): Surface_lockCanvas
I/Surface (  299): Surface_lockCanvas
I/Surface (  299): Surface_lockCanvas
I/dalvikvm(  299): DexOpt: mismatch dep signature for '/data/dalvik-cache/system@framework@framework.jar@classes.dex'
I/PackageManager(  299): Running dexopt on: XXX.XXXXX.XXX.XXXXXXX
I/Surface (  299): Surface_lockCanvas
I/Surface (  299): Surface_lockCanvas
I/Surface (  299): Surface_lockCanvas
I/Surface (  299): Surface_lockCanvas
I/Surface (  299): Surface_lockCanvas
I/Surface (  299): Surface_lockCanvas
I/Surface (  299): Surface_lockCanvas
I/Surface (  299): Surface_lockCanvas
I/Surface (  299): Surface_lockCanvas
I/Surface (  299): Surface_lockCanvas
I/Surface (  299): Surface_lockCanvas
I/Surface (  299): Surface_lockCanvas
I/Surface (  299): Surface_lockCanvas
I/Surface (  299): Surface_lockCanvas
I/Surface (  299): Surface_lockCanvas
I/Surface (  299): Surface_lockCanvas
I/Surface (  299): Surface_lockCanvas
I/Surface (  299): Surface_lockCanvas
I/Surface (  299): Surface_lockCanvas
D/dalvikvm(  468): DexOpt: load 71ms, verify+opt 437ms
I/Surface (  299): Surface_lockCanvas
I/Surface (  299): Surface_lockCanvas
I/Surface (  299): Surface_lockCanvas
I/dalvikvm(  299): DexOpt: mismatch dep signature for '/data/dalvik-cache/system@framework@framework.jar@classes.dex'
I/PackageManager(  299): Running dexopt on: XXX.XXXXX.XXXXXXXXXXXXX
I/Surface (  299): Surface_lockCanvas
I/Surface (  299): Surface_lockCanvas
I/Surface (  299): Surface_lockCanvas
I/Surface (  299): Surface_lockCanvas
I/Surface (  299): Surface_lockCanvas
I/Surface (  299): Surface_lockCanvas
I/Surface (  299): Surface_lockCanvas
D/dalvikvm(  469): DexOpt: load 14ms, verify+opt 128ms
I/Surface (  299): Surface_lockCanvas
I/dalvikvm(  299): DexOpt: mismatch dep signature for '/data/dalvik-cache/system@framework@framework.jar@classes.dex'
I/PackageManager(  299): Running dexopt on: XXX.XXXXX.XXXX
I/Surface (  299): Surface_lockCanvas
I/Surface (  299): Surface_lockCanvas
I/Surface (  299): Surface_lockCanvas
I/Surface (  299): Surface_lockCanvas
I/Surface (  299): Surface_lockCanvas
I/Surface (  299): Surface_lockCanvas
I/Surface (  299): Surface_lockCanvas
I/Surface (  299): Surface_lockCanvas
I/Surface (  299): Surface_lockCanvas
I/Surface (  299): Surface_lockCanvas
I/Surface (  299): Surface_lockCanvas
I/Surface (  299): Surface_lockCanvas
D/dalvikvm(  470): DexOpt: 'Lorg/kxml2/io/KXmlParser;' has an earlier definition; blocking out
I/Surface (  299): Surface_lockCanvas
I/Surface (  299): Surface_lockCanvas
I/Surface (  299): Surface_lockCanvas
I/Surface (  299): Surface_lockCanvas
I/Surface (  299): Surface_lockCanvas
I/Surface (  299): Surface_lockCanvas
I/Surface (  299): Surface_lockCanvas
I/Surface (  299): Surface_lockCanvas
I/Surface (  299): Surface_lockCanvas
I/Surface (  299): Surface_lockCanvas
I/Surface (  299): Surface_lockCanvas
I/Surface (  299): Surface_lockCanvas
I/Surface (  299): Surface_lockCanvas
I/Surface (  299): Surface_lockCanvas
I/Surface (  299): Surface_lockCanvas
I/dalvikvm(  470): DexOpt: not resolving ambiguous class 'Lorg/kxml2/io/KXmlParser;'
I/Surface (  299): Surface_lockCanvas
I/dalvikvm(  470): DexOpt: not resolving ambiguous class 'Lorg/kxml2/io/KXmlParser;'
I/Surface (  299): Surface_lockCanvas
I/Surface (  299): Surface_lockCanvas
I/Surface (  299): Surface_lockCanvas
I/Surface (  299): Surface_lockCanvas
I/Surface (  299): Surface_lockCanvas
I/Surface (  299): Surface_lockCanvas
I/Surface (  299): Surface_lockCanvas
I/Surface (  299): Surface_lockCanvas
I/Surface (  299): Surface_lockCanvas
I/Surface (  299): Surface_lockCanvas
I/Surface (  299): Surface_lockCanvas
I/Surface (  299): Surface_lockCanvas
I/Surface (  299): Surface_lockCanvas
I/Surface (  299): Surface_lockCanvas
D/dalvikvm(  470): DexOpt: not verifying/optimizing 'Lorg/kxml2/io/KXmlParser;': multiple definitions
D/dalvikvm(  470): DexOpt: load 90ms, verify+opt 1045ms
I/Surface (  299): Surface_lockCanvas
I/Surface (  299): Surface_lockCanvas
I/Surface (  299): Surface_lockCanvas
I/Surface (  299): Surface_lockCanvas
I/Surface (  299): Surface_lockCanvas
I/Surface (  299): Surface_lockCanvas
I/Surface (  299): Surface_lockCanvas
I/Surface (  299): Surface_lockCanvas
I/Surface (  299): Surface_lockCanvas
I/Surface (  299): Surface_lockCanvas
I/Surface (  299): Surface_lockCanvas
I/Surface (  299): Surface_lockCanvas
I/Surface (  299): Surface_lockCanvas
I/Surface (  299): Surface_lockCanvas
I/Surface (  299): Surface_lockCanvas
I/dalvikvm(  299): DexOpt: mismatch dep signature for '/data/dalvik-cache/system@framework@framework.jar@classes.dex'
I/PackageManager(  299): Running dexopt on: XXX.XXXXX.XXX.XXXXXX
I/Surface (  299): Surface_lockCanvas
I/Surface (  299): Surface_lockCanvas
I/Surface (  299): Surface_lockCanvas
I/Surface (  299): Surface_lockCanvas
I/Surface (  299): Surface_lockCanvas
I/Surface (  299): Surface_lockCanvas
I/Surface (  299): Surface_lockCanvas
I/Surface (  299): Surface_lockCanvas
I/Surface (  299): Surface_lockCanvas
I/Surface (  299): Surface_lockCanvas
I/Surface (  299): Surface_lockCanvas
I/Surface (  299): Surface_lockCanvas
I/Surface (  299): Surface_lockCanvas
I/Surface (  299): Surface_lockCanvas
I/Surface (  299): Surface_lockCanvas
I/Surface (  299): Surface_lockCanvas
I/Surface (  299): Surface_lockCanvas
I/Surface (  299): Surface_lockCanvas
I/Surface (  299): Surface_lockCanvas
I/Surface (  299): Surface_lockCanvas
I/Surface (  299): Surface_lockCanvas
I/Surface (  299): Surface_lockCanvas
I/Surface (  299): Surface_lockCanvas
D/dalvikvm(  473): DexOpt: load 56ms, verify+opt 535ms
I/Surface (  299): Surface_lockCanvas
I/Surface (  299): Surface_lockCanvas
I/Surface (  299): Surface_lockCanvas
I/Surface (  299): Surface_lockCanvas
I/dalvikvm(  299): DexOpt: mismatch dep signature for '/data/dalvik-cache/system@framework@framework.jar@classes.dex'
I/PackageManager(  299): Running dexopt on: XXX.XXXXX.XXXXXXXXXXXX.XX
I/Surface (  299): Surface_lockCanvas
I/Surface (  299): Surface_lockCanvas
I/Surface (  299): Surface_lockCanvas
I/Surface (  299): Surface_lockCanvas
I/Surface (  299): Surface_lockCanvas
I/Surface (  299): Surface_lockCanvas
I/Surface (  299): Surface_lockCanvas
I/Surface (  299): Surface_lockCanvas
I/Surface (  299): Surface_lockCanvas
I/Surface (  299): Surface_lockCanvas
I/Surface (  299): Surface_lockCanvas
I/Surface (  299): Surface_lockCanvas
I/Surface (  299): Surface_lockCanvas
I/Surface (  299): Surface_lockCanvas
I/Surface (  299): Surface_lockCanvas
I/Surface (  299): Surface_lockCanvas
I/Surface (  299): Surface_lockCanvas
I/Surface (  299): Surface_lockCanvas
I/Surface (  299): Surface_lockCanvas
I/Surface (  299): Surface_lockCanvas
I/Surface (  299): Surface_lockCanvas
I/Surface (  299): Surface_lockCanvas
D/dalvikvm(  474): DexOpt: load 64ms, verify+opt 492ms
I/Surface (  299): Surface_lockCanvas
I/Surface (  299): Surface_lockCanvas
I/Surface (  299): Surface_lockCanvas
I/dalvikvm(  299): DexOpt: mismatch dep signature for '/data/dalvik-cache/system@framework@framework.jar@classes.dex'
I/PackageManager(  299): Running dexopt on: XXX.XXXXX.XXX
I/Surface (  299): Surface_lockCanvas
I/Surface (  299): Surface_lockCanvas
I/Surface (  299): Surface_lockCanvas
I/Surface (  299): Surface_lockCanvas
D/dalvikvm(  475): DexOpt: load 14ms, verify+opt 52ms
I/dalvikvm(  299): DexOpt: mismatch dep signature for '/data/dalvik-cache/system@framework@framework.jar@classes.dex'
I/PackageManager(  299): Running dexopt on: XXX.XXXXX.XXXXXXX.XXX
I/Surface (  299): Surface_lockCanvas
I/Surface (  299): Surface_lockCanvas
I/Surface (  299): Surface_lockCanvas
I/Surface (  299): Surface_lockCanvas
I/Surface (  299): Surface_lockCanvas
D/dalvikvm(  476): DexOpt: 'Lyi/phone/IPhoneUtil;' has an earlier definition; blocking out
D/dalvikvm(  476): DexOpt: 'Lyi/phone/QualcommZXPhoneUtil;' has an earlier definition; blocking out
D/dalvikvm(  476): DexOpt: 'Lyi/phone/DefaultPhoneUtil;' has an earlier definition; blocking out
D/dalvikvm(  476): DexOpt: 'Lyi/phone/MTKZXPhoneUtil;' has an earlier definition; blocking out
D/dalvikvm(  476): DexOpt: 'Lyi/phone/QualcommPhoneUtil;' has an earlier definition; blocking out
D/dalvikvm(  476): DexOpt: 'Lyi/phone/IPhoneUtil$Creator;' has an earlier definition; blocking out
D/dalvikvm(  476): DexOpt: 'Lyi/phone/MTKTCLPhoneUtil;' has an earlier definition; blocking out
D/dalvikvm(  476): DexOpt: 'Lyi/phone/MTKPhoneUtil;' has an earlier definition; blocking out
I/Surface (  299): Surface_lockCanvas
I/Surface (  299): Surface_lockCanvas
I/Surface (  299): Surface_lockCanvas
I/Surface (  299): Surface_lockCanvas
I/Surface (  299): Surface_lockCanvas
I/Surface (  299): Surface_lockCanvas
I/Surface (  299): Surface_lockCanvas
I/dalvikvm(  476): DexOpt: not resolving ambiguous class 'Lyi/phone/IPhoneUtil$Creator;'
I/Surface (  299): Surface_lockCanvas
W/dalvikvm(  476): DexOpt: resolve class illegal access: Lcom/baidu/android/pushservice/PushConstants; -> Lcom/baidu/android/silentupdate/a;
I/Surface (  299): Surface_lockCanvas
D/dalvikvm(  476): DexOpt: not verifying/optimizing 'Lyi/phone/IPhoneUtil;': multiple definitions
D/dalvikvm(  476): DexOpt: not verifying/optimizing 'Lyi/phone/QualcommZXPhoneUtil;': multiple definitions
D/dalvikvm(  476): DexOpt: not verifying/optimizing 'Lyi/phone/DefaultPhoneUtil;': multiple definitions
D/dalvikvm(  476): DexOpt: not verifying/optimizing 'Lyi/phone/MTKZXPhoneUtil;': multiple definitions
D/dalvikvm(  476): DexOpt: not verifying/optimizing 'Lyi/phone/QualcommPhoneUtil;': multiple definitions
D/dalvikvm(  476): DexOpt: not verifying/optimizing 'Lyi/phone/IPhoneUtil$Creator;': multiple definitions
D/dalvikvm(  476): DexOpt: not verifying/optimizing 'Lyi/phone/MTKTCLPhoneUtil;': multiple definitions
D/dalvikvm(  476): DexOpt: not verifying/optimizing 'Lyi/phone/MTKPhoneUtil;': multiple definitions
D/dalvikvm(  476): DexOpt: load 28ms, verify+opt 302ms
I/Surface (  299): Surface_lockCanvas
I/Surface (  299): Surface_lockCanvas
I/Surface (  299): Surface_lockCanvas
I/Surface (  299): Surface_lockCanvas
I/Surface (  299): Surface_lockCanvas
I/Surface (  299): Surface_lockCanvas
I/dalvikvm(  299): DexOpt: mismatch dep signature for '/data/dalvik-cache/system@framework@framework.jar@classes.dex'
I/PackageManager(  299): Running dexopt on: XXX.XXXXX.XX.XXXXXXXXXXXX
I/Surface (  299): Surface_lockCanvas
I/Surface (  299): Surface_lockCanvas
I/Surface (  299): Surface_lockCanvas
I/Surface (  299): Surface_lockCanvas
I/Surface (  299): Surface_lockCanvas
I/Surface (  299): Surface_lockCanvas
I/Surface (  299): Surface_lockCanvas
I/Surface (  299): Surface_lockCanvas
I/Surface (  299): Surface_lockCanvas
I/Surface (  299): Surface_lockCanvas
I/Surface (  299): Surface_lockCanvas
I/Surface (  299): Surface_lockCanvas
I/Surface (  299): Surface_lockCanvas
I/Surface (  299): Surface_lockCanvas
I/Surface (  299): Surface_lockCanvas
I/Surface (  299): Surface_lockCanvas
I/Surface (  299): Surface_lockCanvas
I/Surface (  299): Surface_lockCanvas
D/dalvikvm(  477): DexOpt: load 51ms, verify+opt 409ms
I/Surface (  299): Surface_lockCanvas
I/Surface (  299): Surface_lockCanvas
I/Surface (  299): Surface_lockCanvas
I/Surface (  299): Surface_lockCanvas
I/Surface (  299): Surface_lockCanvas
I/Surface (  299): Surface_lockCanvas
I/Surface (  299): Surface_lockCanvas
I/Surface (  299): Surface_lockCanvas
I/Surface (  299): Surface_lockCanvas
I/dalvikvm(  299): DexOpt: mismatch dep signature for '/data/dalvik-cache/system@framework@framework.jar@classes.dex'
I/PackageManager(  299): Running dexopt on: XXX.XXXXX.XXXXXXXXXXX
I/Surface (  299): Surface_lockCanvas
I/Surface (  299): Surface_lockCanvas
I/Surface (  299): Surface_lockCanvas
I/Surface (  299): Surface_lockCanvas
I/Surface (  299): Surface_lockCanvas
I/Surface (  299): Surface_lockCanvas
I/Surface (  299): Surface_lockCanvas
I/Surface (  299): Surface_lockCanvas
I/Surface (  299): Surface_lockCanvas
I/Surface (  299): Surface_lockCanvas
I/Surface (  299): Surface_lockCanvas
D/dalvikvm(  478): DexOpt: load 66ms, verify+opt 225ms
I/Surface (  299): Surface_lockCanvas
I/Surface (  299): Surface_lockCanvas
I/Surface (  299): Surface_lockCanvas
I/Surface (  299): Surface_lockCanvas
I/Surface (  299): Surface_lockCanvas
I/Surface (  299): Surface_lockCanvas
I/Surface (  299): Surface_lockCanvas
I/Surface (  299): Surface_lockCanvas
I/Surface (  299): Surface_lockCanvas
I/Surface (  299): Surface_lockCanvas
I/Surface (  299): Surface_lockCanvas
I/Surface (  299): Surface_lockCanvas
I/dalvikvm(  299): DexOpt: mismatch dep signature for '/data/dalvik-cache/system@framework@framework.jar@classes.dex'
I/PackageManager(  299): Running dexopt on: XXX.XXXXX.XXXXXXXXXXX
I/Surface (  299): Surface_lockCanvas
I/Surface (  299): Surface_lockCanvas
I/Surface (  299): Surface_lockCanvas
I/Surface (  299): Surface_lockCanvas
I/Surface (  299): Surface_lockCanvas
I/Surface (  299): Surface_lockCanvas
I/Surface (  299): Surface_lockCanvas
I/Surface (  299): Surface_lockCanvas
I/Surface (  299): Surface_lockCanvas
I/Surface (  299): Surface_lockCanvas
I/Surface (  299): Surface_lockCanvas
I/Surface (  299): Surface_lockCanvas
I/Surface (  299): Surface_lockCanvas
I/Surface (  299): Surface_lockCanvas
I/Surface (  299): Surface_lockCanvas
I/Surface (  299): Surface_lockCanvas
I/Surface (  299): Surface_lockCanvas
I/Surface (  299): Surface_lockCanvas
I/Surface (  299): Surface_lockCanvas
I/Surface (  299): Surface_lockCanvas
I/Surface (  299): Surface_lockCanvas
I/Surface (  299): Surface_lockCanvas
I/Surface (  299): Surface_lockCanvas
D/dalvikvm(  479): DexOpt: load 93ms, verify+opt 546ms
I/Surface (  299): Surface_lockCanvas
I/Surface (  299): Surface_lockCanvas
I/Surface (  299): Surface_lockCanvas
I/Surface (  299): Surface_lockCanvas
I/dalvikvm(  299): DexOpt: mismatch dep signature for '/data/dalvik-cache/system@framework@framework.jar@classes.dex'
I/PackageManager(  299): Running dexopt on: XXX.XXXXXXX.XXXXX
I/Surface (  299): Surface_lockCanvas
I/Surface (  299): Surface_lockCanvas
I/Surface (  299): Surface_lockCanvas
D/dalvikvm(  482): DexOpt: load 7ms, verify+opt 14ms
I/Surface (  299): Surface_lockCanvas
I/dalvikvm(  299): DexOpt: mismatch dep signature for '/data/dalvik-cache/system@framework@framework.jar@classes.dex'
I/PackageManager(  299): Running dexopt on: XXX.XXXXXXX.XXX
I/Surface (  299): Surface_lockCanvas
I/Surface (  299): Surface_lockCanvas
I/Surface (  299): Surface_lockCanvas
I/Surface (  299): Surface_lockCanvas
I/Surface (  299): Surface_lockCanvas
D/dalvikvm(  483): DexOpt: load 13ms, verify+opt 80ms
I/Surface (  299): Surface_lockCanvas
I/dalvikvm(  299): DexOpt: mismatch dep signature for '/data/dalvik-cache/system@framework@framework.jar@classes.dex'
I/PackageManager(  299): Running dexopt on: XXX.XXX.XXXXXXX.XXX.XXXXXXXXXXXXX
I/Surface (  299): Surface_lockCanvas
I/Surface (  299): Surface_lockCanvas
I/Surface (  299): Surface_lockCanvas
I/Surface (  299): Surface_lockCanvas
D/dalvikvm(  484): DexOpt: load 15ms, verify+opt 46ms
I/Surface (  299): Surface_lockCanvas
I/dalvikvm(  299): DexOpt: mismatch dep signature for '/data/dalvik-cache/system@framework@framework.jar@classes.dex'
I/PackageManager(  299): Running dexopt on: XXX.XXXXXX.XXXX
I/Surface (  299): Surface_lockCanvas
I/Surface (  299): Surface_lockCanvas
I/Surface (  299): Surface_lockCanvas
I/Surface (  299): Surface_lockCanvas
I/Surface (  299): Surface_lockCanvas
I/Surface (  299): Surface_lockCanvas
I/Surface (  299): Surface_lockCanvas
I/Surface (  299): Surface_lockCanvas
I/Surface (  299): Surface_lockCanvas
I/Surface (  299): Surface_lockCanvas
I/Surface (  299): Surface_lockCanvas
I/Surface (  299): Surface_lockCanvas
I/Surface (  299): Surface_lockCanvas
I/Surface (  299): Surface_lockCanvas
I/Surface (  299): Surface_lockCanvas
I/Surface (  299): Surface_lockCanvas
I/Surface (  299): Surface_lockCanvas
I/Surface (  299): Surface_lockCanvas
I/Surface (  299): Surface_lockCanvas
I/Surface (  299): Surface_lockCanvas
I/Surface (  299): Surface_lockCanvas
I/Surface (  299): Surface_lockCanvas
I/Surface (  299): Surface_lockCanvas
I/Surface (  299): Surface_lockCanvas
I/Surface (  299): Surface_lockCanvas
I/Surface (  299): Surface_lockCanvas
D/dalvikvm(  485): DexOpt: load 90ms, verify+opt 567ms
I/Surface (  299): Surface_lockCanvas
I/Surface (  299): Surface_lockCanvas
I/Surface (  299): Surface_lockCanvas
I/Surface (  299): Surface_lockCanvas
I/Surface (  299): Surface_lockCanvas
I/Surface (  299): Surface_lockCanvas
I/Surface (  299): Surface_lockCanvas
I/Surface (  299): Surface_lockCanvas
I/Surface (  299): Surface_lockCanvas
I/Surface (  299): Surface_lockCanvas
I/Surface (  299): Surface_lockCanvas
I/Surface (  299): Surface_lockCanvas
I/Surface (  299): Surface_lockCanvas
I/Surface (  299): Surface_lockCanvas
I/dalvikvm(  299): DexOpt: mismatch dep signature for '/data/dalvik-cache/system@framework@framework.jar@classes.dex'
I/PackageManager(  299): Running dexopt on: XXX.XXXXXXX.XXXXXXXXXX2
I/Surface (  299): Surface_lockCanvas
I/Surface (  299): Surface_lockCanvas
I/Surface (  299): Surface_lockCanvas
I/Surface (  299): Surface_lockCanvas
I/Surface (  299): Surface_lockCanvas
I/Surface (  299): Surface_lockCanvas
I/Surface (  299): Surface_lockCanvas
I/Surface (  299): Surface_lockCanvas
I/Surface (  299): Surface_lockCanvas
I/Surface (  299): Surface_lockCanvas
I/Surface (  299): Surface_lockCanvas
I/Surface (  299): Surface_lockCanvas
I/Surface (  299): Surface_lockCanvas
I/Surface (  299): Surface_lockCanvas
I/Surface (  299): Surface_lockCanvas
I/Surface (  299): Surface_lockCanvas
I/Surface (  299): Surface_lockCanvas
I/Surface (  299): Surface_lockCanvas
I/Surface (  299): Surface_lockCanvas
I/Surface (  299): Surface_lockCanvas
I/Surface (  299): Surface_lockCanvas
I/Surface (  299): Surface_lockCanvas
D/dalvikvm(  486): DexOpt: load 72ms, verify+opt 439ms
I/Surface (  299): Surface_lockCanvas
I/Surface (  299): Surface_lockCanvas
I/Surface (  299): Surface_lockCanvas
I/Surface (  299): Surface_lockCanvas
I/Surface (  299): Surface_lockCanvas
I/Surface (  299): Surface_lockCanvas
I/Surface (  299): Surface_lockCanvas
I/Surface (  299): Surface_lockCanvas
I/Surface (  299): Surface_lockCanvas
I/Surface (  299): Surface_lockCanvas
V/AlarmManager(  299): waitForAlarm result :8
I/Surface (  299): Surface_lockCanvas
I/Surface (  299): Surface_lockCanvas
I/Surface (  299): Surface_lockCanvas
I/Surface (  299): Surface_lockCanvas
I/dalvikvm(  299): DexOpt: mismatch dep signature for '/data/dalvik-cache/system@framework@framework.jar@classes.dex'
I/PackageManager(  299): Running dexopt on: XXX.XXXXXXX.XXXXXXXX
I/Surface (  299): Surface_lockCanvas
I/Surface (  299): Surface_lockCanvas
I/Surface (  299): Surface_lockCanvas
I/Surface (  299): Surface_lockCanvas
I/Surface (  299): Surface_lockCanvas
I/Surface (  299): Surface_lockCanvas
I/Surface (  299): Surface_lockCanvas
I/Surface (  299): Surface_lockCanvas
D/dalvikvm(  487): DexOpt: 'Lcom/android/i18n/phonenumbers/RegexCache;' has an earlier definition; blocking out
D/dalvikvm(  487): DexOpt: 'Lcom/android/i18n/phonenumbers/Phonenumber$PhoneNumber$CountryCodeSource;' has an earlier definition; blocking out
D/dalvikvm(  487): DexOpt: 'Lcom/android/i18n/phonenumbers/PhoneNumberUtil$Leniency;' has an earlier definition; blocking out
D/dalvikvm(  487): DexOpt: 'Lcom/android/i18n/phonenumbers/Phonemetadata$PhoneMetadata;' has an earlier definition; blocking out
D/dalvikvm(  487): DexOpt: 'Lcom/android/i18n/phonenumbers/PhoneNumberMatcher;' has an earlier definition; blocking out
D/dalvikvm(  487): DexOpt: 'Lcom/android/i18n/phonenumbers/NumberParseException$ErrorType;' has an earlier definition; blocking out
D/dalvikvm(  487): DexOpt: 'Lcom/android/i18n/phonenumbers/PhoneNumberUtil$PhoneNumberType;' has an earlier definition; blocking out
D/dalvikvm(  487): DexOpt: 'Lcom/android/i18n/phonenumbers/Phonemetadata;' has an earlier definition; blocking out
D/dalvikvm(  487): DexOpt: 'Lcom/android/i18n/phonenumbers/PhoneNumberUtil$Leniency$3;' has an earlier definition; blocking out
D/dalvikvm(  487): DexOpt: 'Lcom/android/i18n/phonenumbers/RegexCache$LRUCache$1;' has an earlier definition; blocking out
D/dalvikvm(  487): DexOpt: 'Lcom/android/i18n/phonenumbers/CountryCodeToRegionCodeMap;' has an earlier definition; blocking out
D/dalvikvm(  487): DexOpt: 'Lcom/android/i18n/phonenumbers/NumberParseException;' has an earlier definition; blocking out
D/dalvikvm(  487): DexOpt: 'Lcom/android/i18n/phonenumbers/PhoneNumberUtil$Leniency$4;' has an earlier definition; blocking out
D/dalvikvm(  487): DexOpt: 'Lcom/android/i18n/phonenumbers/Phonemetadata$NumberFormat;' has an earlier definition; blocking out
D/dalvikvm(  487): DexOpt: 'Lcom/android/i18n/phonenumbers/PhoneNumberUtil$ValidationResult;' has an earlier definition; blocking out
D/dalvikvm(  487): DexOpt: 'Lcom/android/i18n/phonenumbers/PhoneNumberUtil$Leniency$2;' has an earlier definition; blocking out
D/dalvikvm(  487): DexOpt: 'Lcom/android/i18n/phonenumbers/PhoneNumberUtil;' has an earlier definition; blocking out
D/dalvikvm(  487): DexOpt: 'Lcom/android/i18n/phonenumbers/PhoneNumberUtil$Leniency$1;' has an earlier definition; blocking out
D/dalvikvm(  487): DexOpt: 'Lcom/android/i18n/phonenumbers/PhoneNumberUtil$PhoneNumberFormat;' has an earlier definition; blocking out
D/dalvikvm(  487): DexOpt: 'Lcom/android/i18n/phonenumbers/PhoneNumberUtil$1;' has an earlier definition; blocking out
D/dalvikvm(  487): DexOpt: 'Lcom/android/i18n/phonenumbers/PhoneNumberUtil$2;' has an earlier definition; blocking out
D/dalvikvm(  487): DexOpt: 'Lcom/android/i18n/phonenumbers/RegexCache$LRUCache;' has an earlier definition; blocking out
D/dalvikvm(  487): DexOpt: 'Lcom/android/i18n/phonenumbers/PhoneNumberMatch;' has an earlier definition; blocking out
D/dalvikvm(  487): DexOpt: 'Lcom/android/i18n/phonenumbers/Phonemetadata$PhoneNumberDesc;' has an earlier definition; blocking out
D/dalvikvm(  487): DexOpt: 'Lcom/android/i18n/phonenumbers/PhoneNumberUtil$MatchType;' has an earlier definition; blocking out
D/dalvikvm(  487): DexOpt: 'Lcom/android/i18n/phonenumbers/Phonemetadata$PhoneMetadataCollection;' has an earlier definition; blocking out
D/dalvikvm(  487): DexOpt: 'Lcom/android/i18n/phonenumbers/Phonenumber;' has an earlier definition; blocking out
D/dalvikvm(  487): DexOpt: 'Lcom/android/i18n/phonenumbers/PhoneNumberMatcher$State;' has an earlier definition; blocking out
D/dalvikvm(  487): DexOpt: 'Lcom/android/i18n/phonenumbers/Phonenumber$PhoneNumber;' has an earlier definition; blocking out
I/Surface (  299): Surface_lockCanvas
D/dalvikvm(  487): DexOpt: 'Lorg/apache/commons/codec/BinaryEncoder;' has an earlier definition; blocking out
D/dalvikvm(  487): DexOpt: 'Lorg/apache/commons/codec/BinaryDecoder;' has an earlier definition; blocking out
D/dalvikvm(  487): DexOpt: 'Lorg/apache/commons/codec/EncoderException;' has an earlier definition; blocking out
D/dalvikvm(  487): DexOpt: 'Lorg/apache/commons/codec/DecoderException;' has an earlier definition; blocking out
D/dalvikvm(  487): DexOpt: 'Lorg/apache/commons/codec/net/QuotedPrintableCodec;' has an earlier definition; blocking out
D/dalvikvm(  487): DexOpt: 'Lorg/apache/commons/codec/binary/Base64;' has an earlier definition; blocking out
D/dalvikvm(  487): DexOpt: 'Lorg/apache/commons/logging/LogFactory;' has an earlier definition; blocking out
I/Surface (  299): Surface_lockCanvas
I/Surface (  299): Surface_lockCanvas
I/Surface (  299): Surface_lockCanvas
I/Surface (  299): Surface_lockCanvas
I/Surface (  299): Surface_lockCanvas
I/dalvikvm(  487): DexOpt: not resolving ambiguous class 'Lcom/android/i18n/phonenumbers/PhoneNumberUtil;'
I/Surface (  299): Surface_lockCanvas
I/Surface (  299): Surface_lockCanvas
I/Surface (  299): Surface_lockCanvas
I/Surface (  299): Surface_lockCanvas
I/Surface (  299): Surface_lockCanvas
I/Surface (  299): Surface_lockCanvas
D/dalvikvm(  487): DexOpt: not verifying/optimizing 'Lcom/android/i18n/phonenumbers/RegexCache;': multiple definitions
D/dalvikvm(  487): DexOpt: not verifying/optimizing 'Lcom/android/i18n/phonenumbers/Phonenumber$PhoneNumber$CountryCodeSource;': multiple definitions
D/dalvikvm(  487): DexOpt: not verifying/optimizing 'Lcom/android/i18n/phonenumbers/PhoneNumberUtil$Leniency;': multiple definitions
D/dalvikvm(  487): DexOpt: not verifying/optimizing 'Lcom/android/i18n/phonenumbers/Phonemetadata$PhoneMetadata;': multiple definitions
D/dalvikvm(  487): DexOpt: not verifying/optimizing 'Lcom/android/i18n/phonenumbers/PhoneNumberMatcher;': multiple definitions
D/dalvikvm(  487): DexOpt: not verifying/optimizing 'Lcom/android/i18n/phonenumbers/NumberParseException$ErrorType;': multiple definitions
D/dalvikvm(  487): DexOpt: not verifying/optimizing 'Lcom/android/i18n/phonenumbers/PhoneNumberUtil$PhoneNumberType;': multiple definitions
D/dalvikvm(  487): DexOpt: not verifying/optimizing 'Lcom/android/i18n/phonenumbers/Phonemetadata;': multiple definitions
D/dalvikvm(  487): DexOpt: not verifying/optimizing 'Lcom/android/i18n/phonenumbers/PhoneNumberUtil$Leniency$3;': multiple definitions
D/dalvikvm(  487): DexOpt: not verifying/optimizing 'Lcom/android/i18n/phonenumbers/RegexCache$LRUCache$1;': multiple definitions
D/dalvikvm(  487): DexOpt: not verifying/optimizing 'Lcom/android/i18n/phonenumbers/CountryCodeToRegionCodeMap;': multiple definitions
D/dalvikvm(  487): DexOpt: not verifying/optimizing 'Lcom/android/i18n/phonenumbers/NumberParseException;': multiple definitions
D/dalvikvm(  487): DexOpt: not verifying/optimizing 'Lcom/android/i18n/phonenumbers/PhoneNumberUtil$Leniency$4;': multiple definitions
D/dalvikvm(  487): DexOpt: not verifying/optimizing 'Lcom/android/i18n/phonenumbers/Phonemetadata$NumberFormat;': multiple definitions
D/dalvikvm(  487): DexOpt: not verifying/optimizing 'Lcom/android/i18n/phonenumbers/PhoneNumberUtil$ValidationResult;': multiple definitions
D/dalvikvm(  487): DexOpt: not verifying/optimizing 'Lcom/android/i18n/phonenumbers/PhoneNumberUtil$Leniency$2;': multiple definitions
D/dalvikvm(  487): DexOpt: not verifying/optimizing 'Lcom/android/i18n/phonenumbers/PhoneNumberUtil;': multiple definitions
D/dalvikvm(  487): DexOpt: not verifying/optimizing 'Lcom/android/i18n/phonenumbers/PhoneNumberUtil$Leniency$1;': multiple definitions
D/dalvikvm(  487): DexOpt: not verifying/optimizing 'Lcom/android/i18n/phonenumbers/PhoneNumberUtil$PhoneNumberFormat;': multiple definitions
D/dalvikvm(  487): DexOpt: not verifying/optimizing 'Lcom/android/i18n/phonenumbers/PhoneNumberUtil$1;': multiple definitions
D/dalvikvm(  487): DexOpt: not verifying/optimizing 'Lcom/android/i18n/phonenumbers/PhoneNumberUtil$2;': multiple definitions
D/dalvikvm(  487): DexOpt: not verifying/optimizing 'Lcom/android/i18n/phonenumbers/RegexCache$LRUCache;': multiple definitions
D/dalvikvm(  487): DexOpt: not verifying/optimizing 'Lcom/android/i18n/phonenumbers/PhoneNumberMatch;': multiple definitions
D/dalvikvm(  487): DexOpt: not verifying/optimizing 'Lcom/android/i18n/phonenumbers/Phonemetadata$PhoneNumberDesc;': multiple definitions
D/dalvikvm(  487): DexOpt: not verifying/optimizing 'Lcom/android/i18n/phonenumbers/PhoneNumberUtil$MatchType;': multiple definitions
D/dalvikvm(  487): DexOpt: not verifying/optimizing 'Lcom/android/i18n/phonenumbers/Phonemetadata$PhoneMetadataCollection;': multiple definitions
D/dalvikvm(  487): DexOpt: not verifying/optimizing 'Lcom/android/i18n/phonenumbers/Phonenumber;': multiple definitions
D/dalvikvm(  487): DexOpt: not verifying/optimizing 'Lcom/android/i18n/phonenumbers/PhoneNumberMatcher$State;': multiple definitions
D/dalvikvm(  487): DexOpt: not verifying/optimizing 'Lcom/android/i18n/phonenumbers/Phonenumber$PhoneNumber;': multiple definitions
I/Surface (  299): Surface_lockCanvas
I/Surface (  299): Surface_lockCanvas
D/dalvikvm(  487): DexOpt: not verifying/optimizing 'Lorg/apache/commons/codec/BinaryEncoder;': multiple definitions
D/dalvikvm(  487): DexOpt: not verifying/optimizing 'Lorg/apache/commons/codec/BinaryDecoder;': multiple definitions
D/dalvikvm(  487): DexOpt: not verifying/optimizing 'Lorg/apache/commons/codec/EncoderException;': multiple definitions
D/dalvikvm(  487): DexOpt: not verifying/optimizing 'Lorg/apache/commons/codec/DecoderException;': multiple definitions
I/dalvikvm(  487): DexOpt: not resolving ambiguous class 'Lorg/apache/commons/codec/DecoderException;'
D/dalvikvm(  487): DexOpt: not verifying/optimizing 'Lorg/apache/commons/codec/net/QuotedPrintableCodec;': multiple definitions
D/dalvikvm(  487): DexOpt: not verifying/optimizing 'Lorg/apache/commons/codec/binary/Base64;': multiple definitions
D/dalvikvm(  487): DexOpt: not verifying/optimizing 'Lorg/apache/commons/logging/LogFactory;': multiple definitions
I/dalvikvm(  487): DexOpt: not resolving ambiguous class 'Lorg/apache/commons/logging/LogFactory;'
I/dalvikvm(  487): DexOpt: not resolving ambiguous class 'Lorg/apache/commons/logging/LogFactory;'
I/dalvikvm(  487): DexOpt: not resolving ambiguous class 'Lorg/apache/commons/logging/LogFactory;'
I/dalvikvm(  487): DexOpt: not resolving ambiguous class 'Lorg/apache/commons/logging/LogFactory;'
I/dalvikvm(  487): DexOpt: not resolving ambiguous class 'Lorg/apache/commons/codec/net/QuotedPrintableCodec;'
I/dalvikvm(  487): DexOpt: not resolving ambiguous class 'Lorg/apache/commons/logging/LogFactory;'
I/dalvikvm(  487): DexOpt: not resolving ambiguous class 'Lorg/apache/commons/logging/LogFactory;'
I/dalvikvm(  487): DexOpt: not resolving ambiguous class 'Lorg/apache/commons/codec/net/QuotedPrintableCodec;'
I/dalvikvm(  487): DexOpt: not resolving ambiguous class 'Lorg/apache/commons/logging/LogFactory;'
I/Surface (  299): Surface_lockCanvas
I/dalvikvm(  487): DexOpt: not resolving ambiguous class 'Lorg/apache/commons/logging/LogFactory;'
I/dalvikvm(  487): DexOpt: not resolving ambiguous class 'Lorg/apache/commons/logging/LogFactory;'
I/dalvikvm(  487): DexOpt: not resolving ambiguous class 'Lorg/apache/commons/logging/LogFactory;'
I/Surface (  299): Surface_lockCanvas
I/dalvikvm(  487): DexOpt: not resolving ambiguous class 'Lorg/apache/commons/codec/BinaryEncoder;'
I/dalvikvm(  487): DexOpt: not resolving ambiguous class 'Lorg/apache/commons/logging/LogFactory;'
I/Surface (  299): Surface_lockCanvas
D/dalvikvm(  487): DexOpt: load 112ms, verify+opt 546ms
I/Surface (  299): Surface_lockCanvas
I/Surface (  299): Surface_lockCanvas
I/Surface (  299): Surface_lockCanvas
I/Surface (  299): Surface_lockCanvas
I/Surface (  299): Surface_lockCanvas
I/Surface (  299): Surface_lockCanvas
I/Surface (  299): Surface_lockCanvas
I/Surface (  299): Surface_lockCanvas
I/Surface (  299): Surface_lockCanvas
I/Surface (  299): Surface_lockCanvas
I/Surface (  299): Surface_lockCanvas
I/Surface (  299): Surface_lockCanvas
I/Surface (  299): Surface_lockCanvas
I/Surface (  299): Surface_lockCanvas
I/dalvikvm(  299): DexOpt: mismatch dep signature for '/data/dalvik-cache/system@framework@framework.jar@classes.dex'
I/PackageManager(  299): Running dexopt on: XXX.XXXXXXX.XXXXXXXXX.XXXXXXXX
I/Surface (  299): Surface_lockCanvas
I/Surface (  299): Surface_lockCanvas
I/Surface (  299): Surface_lockCanvas
I/Surface (  299): Surface_lockCanvas
