W/PackageManager(  299): Unknown permission android.permission.READ_ATTACHMEN in package com.baidu.musicplayer
W/PackageManager(  299): Unknown permission android.Manifest.permission.FORCE_STOP_PACKAGES in package com.baidu.onekeywidget
W/PackageManager(  299): Unknown permission android.permission.ACCESS_GPS in package com.baidu.BaiduMap
W/PackageManager(  299): Unknown permission android.permission.VIBRATION in package com.baidu.input
W/PackageManager(  299): Not granting permission android.permission.SET_ACTIVITY_WATCHER to package com.baidu.input (protectionLevel=2 flags=0x8be45)
D/dalvikvm(  299): GC_CONCURRENT freed 625K, 20% free 5219K/6471K, paused 1ms+3ms
D/dalvikvm(  299): GC_EXPLICIT freed 256K, 23% free 5022K/6471K, paused 2ms+3ms
I/BootTime(  299): !@Total Package Scan Time:1709
I/BootTime(  299): !@Total Time Taken:12965
I/SystemServer(  299): !@endofPackageManager
I/SystemServer(  299): Account Manager
D/PackageManager(  299): generateServicesMap(android.accounts.AccountAuthenticator): 4 services unchanged
I/SystemServer(  299): Content Manager
W/PackageManager(  299): Unable to load service info ResolveInfo{410e2858 com.baidu.sync.service.ContactSyncAdapterService p=0 o=0 m=0x108000}
W/PackageManager(  299): org.xmlpull.v1.XmlPullParserException: Meta-data does not start with sync-adapter tag
W/PackageManager(  299): 	at android.content.pm.RegisteredServicesCache.parseServiceInfo(RegisteredServicesCache.java:391)
W/PackageManager(  299): 	at android.content.pm.RegisteredServicesCache.generateServicesMap(RegisteredServicesCache.java:262)
W/PackageManager(  299): 	at android.content.pm.RegisteredServicesCache.<init>(RegisteredServicesCache.java:106)
W/PackageManager(  299): 	at android.content.SyncAdaptersCache.<init>(SyncAdaptersCache.java:43)
W/PackageManager(  299): 	at android.content.SyncManager.<init>(SyncManager.java:300)
W/PackageManager(  299): 	at android.content.ContentService.getSyncManager(ContentService.java:65)
W/PackageManager(  299): 	at android.content.ContentService.<init>(ContentService.java:144)
W/PackageManager(  299): 	at android.content.ContentService.main(ContentService.java:520)
W/PackageManager(  299): 	at com.android.server.ServerThread.run(SystemServer.java:255)
D/PackageManager(  299): generateServicesMap(android.content.SyncAdapter): 7 services unchanged
D/DirEncryptionManager(  299): Unable to get DirEncryptService instance.
I/ActivityThread(  299): Pub settings: com.android.providers.settings.SettingsProvider
W/dalvikvm(  299): Refusing to reopen boot DEX '/system/framework/framework-yi.jar'
I/dalvikvm(  299): DexOpt: mismatch dep signature for '/data/dalvik-cache/system@framework@framework.jar@classes.dex'
D/dalvikvm(  299): ODEX file is stale or bad; removing and retrying (/data/dalvik-cache/system@app@SettingsProvider.apk@classes.dex)
I/SystemServer(  299): DirEncryptService.SystemReady
D/DirEncryptService(  299): Calling systemReady
I/SystemServer(  299): System Content Providers
D/dalvikvm(  299): DexOpt: --- BEGIN 'SettingsProvider.apk' (bootstrap=0) ---
D/dalvikvm(  398): DexOpt: load 7ms, verify+opt 50ms
D/dalvikvm(  299): DexOpt: --- END 'SettingsProvider.apk' (success) ---
D/dalvikvm(  299): DEX prep '/system/app/SettingsProvider.apk': unzip in 0ms, rewrite 130ms
I/ActivityThread(  299): Pub com.baidu.dp.impostor: com.baidu.providers.dp.ImpostorProvider
W/dalvikvm(  299): Refusing to reopen boot DEX '/system/framework/framework-yi.jar'
I/dalvikvm(  299): DexOpt: mismatch dep signature for '/data/dalvik-cache/system@framework@framework.jar@classes.dex'
D/dalvikvm(  299): ODEX file is stale or bad; removing and retrying (/data/dalvik-cache/system@app@DynamicPermissionProvider.apk@classes.dex)
D/dalvikvm(  299): DexOpt: --- BEGIN 'DynamicPermissionProvider.apk' (bootstrap=0) ---
D/SettingsProvider(  299): cache for settings table 'secure' rows=44; fullycached=true
D/SettingsProvider(  299): cache for settings table 'system' rows=140; fullycached=true
D/dalvikvm(  400): DexOpt: load 5ms, verify+opt 5ms
D/dalvikvm(  299): DexOpt: --- END 'DynamicPermissionProvider.apk' (success) ---
D/dalvikvm(  299): DEX prep '/system/app/DynamicPermissionProvider.apk': unzip in 0ms, rewrite 95ms
I/ActivityThread(  299): Pub com.baidu.dperm: com.baidu.providers.dp.DpProvider
I/SystemServer(  299): Lights Service
I/SystemServer(  299): Battery Service
D/BatteryService(  299): Led Charging Settings = true
D/BatteryService(  299): Led Low Battery Settings = true
D/BatteryService(  299): update start
D/BatteryService(  299): level:3 scale:100 status:2 health:2 present:true voltage: 3450 temperature: 355 technology: Li-ion AC powered:false USB powered:true icon:17303188 invalid charger:0
I/SystemServer(  299): Vibrator Service
D/PowerManagerService(  299): setScreenOffTimeouts mKeylightDelay=1500 mDimDelay=51500 mScreenOffDelay=7000 mDimScreen=true
D/PowerManagerService(  299): settings DB update : mDynamicAutoBrightnessRatioValueSetting : 100
D/PowerManagerService(  299): changeSlopeOfDynamicAutoBrightness : Points Array is null.
D/PowerManagerService(  299): lightSensorChangedLocked -1
D/PowerManagerService(  299): SettingsObserver : update : userActivity()
D/PowerManagerService(  299): reactivateScreenLocksLocked mProxIgnoredBecauseScreenTurnedOff=false
D/PowerManagerService(  299): setPowerState : mBootCompleted : false, newState |= ALL_BRIGHT
I/PowerManagerService(  299): Ulight 0x1->0x1f|0x0
D/PowerManagerService(  299): setLightBrightness : mButtonLight : 10
D/PowerManagerService(  299): setPowerState : mBootCompleted : false, newState |= ALL_BRIGHT
D/PowerManagerService(  299): setScreenOffTimeouts mKeylightDelay=1500 mDimDelay=51500 mScreenOffDelay=7000 mDimScreen=true
D/PowerManagerService(  299): initSupportedFrequency dvfs 
D/PowerManagerService(  299): initSupportedFrequency : FileNotFoundException dvfs
W/System.err(  299): java.io.FileNotFoundException: /sys/power/cpufreq_max_limit: open failed: ENOENT (No such file or directory)
W/System.err(  299): 	at libcore.io.IoBridge.open(IoBridge.java:425)
W/System.err(  299): 	at java.io.FileInputStream.<init>(FileInputStream.java:78)
W/System.err(  299): 	at java.io.FileInputStream.<init>(FileInputStream.java:105)
W/System.err(  299): 	at java.io.FileReader.<init>(FileReader.java:66)
W/System.err(  299): 	at com.android.server.PowerManagerService.initSupportedFrequency(PowerManagerService.java:4800)
W/System.err(  299): 	at com.android.server.PowerManagerService.initInThread(PowerManagerService.java:958)
W/System.err(  299): 	at com.android.server.PowerManagerService$3.onLooperPrepared(PowerManagerService.java:819)
W/System.err(  299): 	at android.os.HandlerThread.run(HandlerThread.java:59)
W/System.err(  299): Caused by: libcore.io.ErrnoException: open failed: ENOENT (No such file or directory)
W/System.err(  299): 	at libcore.io.Posix.open(Native Method)
W/System.err(  299): 	at libcore.io.BlockGuardOs.open(BlockGuardOs.java:110)
W/System.err(  299): 	at libcore.io.IoBridge.open(IoBridge.java:409)
W/System.err(  299): 	... 7 more
D/PowerManagerService(  299): setPowerState : mBootCompleted : false, newState |= ALL_BRIGHT
I/SystemServer(  299): Alarm Manager
D/AlarmManagerService(  299): Kernel timezone updated to -480 minutes west of GMT
W/AlarmManager(  299): FACTORY_ON= 0
W/AlarmManager(  299): FACTORY_ON= 0
I/SystemServer(  299): Init Watchdog
I/SystemServer(  299): Window Manager
D/InputDispatcher(  299): to control touch backlight at bottom
D/InputDispatcher(  299): setTouchKeyDeviceId : 0xffffffff
D/InputDispatcher(  299): setTouchscreenId : 0xffffffff
D/InputReader(  299): Constructor for InputReader()
V/WindowManager(  299): config_windowManagerDefaultRotation = 0
I/InputManager(  299): Initializing input manager
D/LockPatternUtils(  299): isPcwEnable = 10
W/StatusBarManager(  299): warning: no STATUS_BAR_SERVICE
D/dalvikvm(  299): GC_CONCURRENT freed 410K, 19% free 5279K/6471K, paused 1ms+4ms
D/SensorManager(  299): sensors_get_supported_func
D/SensorManager(  299): sensors_get_supported_func ret = 0
V/MediaPlayer(  299): decode(61, 0, 13894)
V/MediaPlayerService(   98): decode(37, 0, 13894)
V/MediaPlayerService(   98): player type = 3
V/MediaPlayerService(   98):  create StagefrightPlayer
V/AwesomePlayer(   98): setDefault
V/AwesomePlayer(   98): constructor
V/AwesomePlayer(   98): setDefault
I/AwesomePlayer(   98): reset
I/AwesomePlayer(   98): cancel player events
V/AwesomePlayer(   98): mAudioTrackVector clear
I/AwesomePlayer(   98): --mSystemTimeSourceForSync reset ok
V/AwesomePlayer(   98): setListener
V/StagefrightPlayer(   98): setAudioSink
V/AwesomePlayer(   98): setAudioSink
V/StagefrightPlayer(   98): setDataSource(37, 0, 13894)
V/AwesomePlayer(   98): setDataSource fd
I/AwesomePlayer(   98): cancel player events
V/AwesomePlayer(   98): mAudioTrackVector clear
I/AwesomePlayer(   98): --mSystemTimeSourceForSync reset ok
I/MediaExtractor(   98): Autodetected media content as 'application/ogg' with confidence 0.20
D/WindowManager(  299): mIsPreventWakeupEnable = 0
V/AwesomePlayer(   98): track of type 'audio/vorbis' does not publish bitrate
V/AwesomePlayer(   98): mBitrate = -1 bits/sec
V/AwesomePlayer(   98): current audio track (0)
V/AwesomePlayer(   98): current audio track (0) is added to vector[0]
V/AwesomePlayer(   98): setDataSource_l: Audio(1), Video(0)
I/AwesomePlayer(   98): AwesomePlayer::setDataSource_l():: This is not a DRM content
V/MediaPlayerService(   98): prepare
V/StagefrightPlayer(   98): prepareAsync
V/AwesomePlayer(   98): prepareAsync
V/MediaPlayerService(   98): wait for prepare
V/AwesomePlayer(   98): onPrepareAsyncEvent
I/AwesomePlayer(   98): initAudioDecoder start
V/BluetoothService.cpp(  299): initializeNativeDataNative
I/InputManager(  299): Starting input manager
E/WindowManager(  299): register TouchIntercepter
I/SystemServer(  299): Bluetooth Service
V/BluetoothService.cpp(  299): isEnabledNative
V/bluedroid(  299): bt_is_enabled
V/AwesomePlayer(   98): notifyListner_l() msg (5-MEDIA_SET_VIDEO_SIZE), ext1 (0), ext2 (0)
V/AudioCache(   98): notify(0x292a58, 5, 0, 0)
V/AudioCache(   98): ignored
V/AwesomePlayer(   98): notifyListner_l() msg (1-MEDIA_PREPARED), ext1 (0), ext2 (0)
V/AudioCache(   98): notify(0x292a58, 1, 0, 0)
V/AudioCache(   98): prepared
V/AudioCache(   98): wait - success
V/MediaPlayerService(   98): start
V/StagefrightPlayer(   98): start
V/AwesomePlayer(   98): play
I/AwesomePlayer(   98): AwesomePlayer::play_l():: this is not widevine!! 
I/AwesomePlayer(   98): AwesomePlayer::play_l():: This is not a DRM content
I/BluetoothProfileState(  299): Message:Entering Stable State
V/AudioCache(   98): open(48000, 2, 1, 4)
V/MediaPlayerService(   98): wait for playback complete
V/AudioCache(   98): write(0x298948, 4096)
V/AudioCache(   98): memcpy(0x42855000, 0x298948, 4096)
I/BluetoothProfileState(  299): Message:Entering Stable State
I/BluetoothProfileState(  299): Message:Entering Stable State
D/BluetoothService(  299): btPANEnable:::true
E/BluetoothService(  299): mSapAvailable was set to FALSE
V/AudioCache(   98): write(0x298948, 4096)
V/AudioCache(   98): memcpy(0x42856000, 0x298948, 4096)
V/AudioCache(   98): write(0x298948, 4096)
V/AudioCache(   98): memcpy(0x42857000, 0x298948, 4096)
V/AudioCache(   98): write(0x298948, 4096)
V/AudioCache(   98): memcpy(0x42858000, 0x298948, 4096)
V/BluetoothEventLoop.cpp(  299): initializeNativeDataNative
D/BluetoothAdapterStateMachine(  299): Enter PowerOff: -2
V/BluetoothA2dpService.cpp(  299): initNative
D/jniAvrcpService(  299): Registering avrcp class
I/SystemServer(  299): AvrcpStubService -->
V/AudioCache(   98): write(0x298948, 4096)
V/AudioCache(   98): memcpy(0x42859000, 0x298948, 4096)
V/AudioCache(   98): write(0x298948, 4096)
V/AudioCache(   98): memcpy(0x4285a000, 0x298948, 4096)
D/EventHub(  299): No input device configuration file found for device 'headset-keyboard'.
V/AudioCache(   98): write(0x298948, 4096)
V/AudioCache(   98): memcpy(0x4285b000, 0x298948, 4096)
E/OMXCodec(   98): [OMX.google.vorbis.decoder] err = -1011
V/AudioCache(   98): write(0x298948, 4096)
V/AudioCache(   98): memcpy(0x4285c000, 0x298948, 4096)
I/EventHub(  299): New device: id=1, fd=138, path='/dev/input/event7', name='headset-keyboard', classes=0x1, configuration='', keyLayout='/system/usr/keylayout/headset-keyboard.kl', keyCharacterMap='/system/usr/keychars/Generic.kcm', builtinKeyboard=false
V/AudioCache(   98): write(0x298948, 4096)
V/AudioCache(   98): memcpy(0x4285d000, 0x298948, 4096)
V/AudioCache(   98): write(0x298948, 4096)
V/AudioCache(   98): memcpy(0x4285e000, 0x298948, 4096)
V/AwesomePlayer(   98): MEDIA_PLAYBACK_COMPLETE
V/AwesomePlayer(   98): notifyListner_l() msg (2-MEDIA_PLAYBACK_COMPLETE), ext1 (0), ext2 (0)
V/AudioCache(   98): notify(0x292a58, 2, 0, 0)
V/AudioCache(   98): playback complete - thread will wake up later
V/AudioCache(   98): write(0x298948, 3348)
V/AudioCache(   98): memcpy(0x4285f000, 0x298948, 3348)
V/AudioCache(   98): wait - success
V/StagefrightPlayer(   98): reset
I/AwesomePlayer(   98): reset
I/AwesomePlayer(   98): cancel player events
V/AwesomePlayer(   98): mAudioTrackVector clear
I/OMXCodec(   98): [OMX.google.vorbis.decoder] stop() sendCommand(0x2, OMX_CommandStateSet, OMX_StateIdle)
I/OMXCodec(   98): [OMX.google.vorbis.decoder] stopped in state 1
I/AwesomePlayer(   98): --mSystemTimeSourceForSync reset ok
V/StagefrightPlayer(   98): ~StagefrightPlayer
V/StagefrightPlayer(   98): reset
I/AwesomePlayer(   98): reset
I/AwesomePlayer(   98): cancel player events
V/AwesomePlayer(   98): mAudioTrackVector clear
I/AwesomePlayer(   98): --mSystemTimeSourceForSync reset ok
V/AwesomePlayer(   98): destructor
I/AwesomePlayer(   98): reset
I/AwesomePlayer(   98): cancel player events
V/AwesomePlayer(   98): mAudioTrackVector clear
I/AwesomePlayer(   98): --mSystemTimeSourceForSync reset ok
V/AwesomePlayer(   98): ~AwesomePlayer()
V/MediaPlayer(  299): decode(62, 0, 12866)
V/MediaPlayerService(   98): decode(37, 0, 12866)
V/MediaPlayerService(   98): player type = 3
V/MediaPlayerService(   98):  create StagefrightPlayer
V/AwesomePlayer(   98): setDefault
V/AwesomePlayer(   98): constructor
V/AwesomePlayer(   98): setDefault
I/AwesomePlayer(   98): reset
I/AwesomePlayer(   98): cancel player events
V/AwesomePlayer(   98): mAudioTrackVector clear
I/AwesomePlayer(   98): --mSystemTimeSourceForSync reset ok
V/AwesomePlayer(   98): setListener
V/StagefrightPlayer(   98): setAudioSink
V/AwesomePlayer(   98): setAudioSink
V/StagefrightPlayer(   98): setDataSource(37, 0, 12866)
V/AwesomePlayer(   98): setDataSource fd
I/AwesomePlayer(   98): cancel player events
V/AwesomePlayer(   98): mAudioTrackVector clear
I/AwesomePlayer(   98): --mSystemTimeSourceForSync reset ok
I/MediaExtractor(   98): Autodetected media content as 'application/ogg' with confidence 0.20
V/AwesomePlayer(   98): track of type 'audio/vorbis' does not publish bitrate
V/AwesomePlayer(   98): mBitrate = -1 bits/sec
V/AwesomePlayer(   98): current audio track (0)
V/AwesomePlayer(   98): current audio track (0) is added to vector[0]
V/AwesomePlayer(   98): setDataSource_l: Audio(1), Video(0)
I/AwesomePlayer(   98): AwesomePlayer::setDataSource_l():: This is not a DRM content
V/MediaPlayerService(   98): prepare
V/StagefrightPlayer(   98): prepareAsync
V/AwesomePlayer(   98): prepareAsync
V/MediaPlayerService(   98): wait for prepare
V/AwesomePlayer(   98): onPrepareAsyncEvent
I/AwesomePlayer(   98): initAudioDecoder start
D/DynamicPermissionService(  299): Read premissions done
D/DynamicPermissionService(  299): Read pre-installed packages done
D/DynamicPermissionService(  299): Init from files done
V/AwesomePlayer(   98): notifyListner_l() msg (5-MEDIA_SET_VIDEO_SIZE), ext1 (0), ext2 (0)
V/AudioCache(   98): notify(0x28c718, 5, 0, 0)
V/AudioCache(   98): ignored
V/AwesomePlayer(   98): notifyListner_l() msg (1-MEDIA_PREPARED), ext1 (0), ext2 (0)
V/AudioCache(   98): notify(0x28c718, 1, 0, 0)
V/AudioCache(   98): prepared
V/AudioCache(   98): wait - success
V/MediaPlayerService(   98): start
V/StagefrightPlayer(   98): start
D/DynamicPermissionService(  299): Add DynamicPermissionService to SystemServer
V/AwesomePlayer(   98): play
I/AwesomePlayer(   98): AwesomePlayer::play_l():: this is not widevine!! 
I/AwesomePlayer(   98): AwesomePlayer::play_l():: This is not a DRM content
I/Ifttt   (  299): Ifttt Service
V/AudioCache(   98): open(48000, 2, 1, 4)
V/MediaPlayerService(   98): wait for playback complete
D/EventHub(  299): ledBitmask is set (LED_MISC)
I/EventHub(  299): New device: id=2, fd=145, path='/dev/input/event6', name='sec_touchscreen', classes=0x15, configuration='/system/usr/idc/sec_touchscreen.idc', keyLayout='/system/usr/keylayout/Generic.kl', keyCharacterMap='/system/usr/keychars/Generic.kcm', builtinKeyboard=false
V/AudioCache(   98): write(0x294030, 4096)
V/AudioCache(   98): memcpy(0x42955000, 0x294030, 4096)
V/AudioCache(   98): write(0x294030, 4096)
V/AudioCache(   98): memcpy(0x42956000, 0x294030, 4096)
V/AudioCache(   98): write(0x294030, 4096)
V/AudioCache(   98): memcpy(0x42957000, 0x294030, 4096)
V/AudioCache(   98): write(0x294030, 4096)
V/AudioCache(   98): memcpy(0x42958000, 0x294030, 4096)
V/AudioCache(   98): write(0x294030, 4096)
V/AudioCache(   98): memcpy(0x42959000, 0x294030, 4096)
D/SmartPowerService(  299): SmartPowerService create!!!
V/AudioCache(   98): write(0x294030, 4096)
V/AudioCache(   98): memcpy(0x4295a000, 0x294030, 4096)
V/AudioCache(   98): write(0x294030, 4096)
V/AudioCache(   98): memcpy(0x4295b000, 0x294030, 4096)
E/OMXCodec(   98): [OMX.google.vorbis.decoder] err = -1011
V/AudioCache(   98): write(0x294030, 4096)
V/AudioCache(   98): memcpy(0x4295c000, 0x294030, 4096)
V/AudioCache(   98): write(0x294030, 4096)
V/AudioCache(   98): memcpy(0x4295d000, 0x294030, 4096)
V/AudioCache(   98): write(0x294030, 4096)
V/AudioCache(   98): memcpy(0x4295e000, 0x294030, 4096)
D/QuickBootService(  299): Start the QuickBootService!!
D/QuickBootService(  299): QuickBootService created!
V/AudioCache(   98): write(0x294030, 4096)
V/AudioCache(   98): memcpy(0x4295f000, 0x294030, 4096)
V/AwesomePlayer(   98): MEDIA_PLAYBACK_COMPLETE
V/AwesomePlayer(   98): notifyListner_l() msg (2-MEDIA_PLAYBACK_COMPLETE), ext1 (0), ext2 (0)
V/AudioCache(   98): notify(0x28c718, 2, 0, 0)
V/AudioCache(   98): playback complete - thread will wake up later
V/AudioCache(   98): wait - success
V/StagefrightPlayer(   98): reset
I/AwesomePlayer(   98): reset
I/AwesomePlayer(   98): cancel player events
V/AwesomePlayer(   98): mAudioTrackVector clear
I/OMXCodec(   98): [OMX.google.vorbis.decoder] stop() sendCommand(0x3, OMX_CommandStateSet, OMX_StateIdle)
I/OMXCodec(   98): [OMX.google.vorbis.decoder] stopped in state 1
I/AwesomePlayer(   98): --mSystemTimeSourceForSync reset ok
V/StagefrightPlayer(   98): ~StagefrightPlayer
V/StagefrightPlayer(   98): reset
I/AwesomePlayer(   98): reset
I/AwesomePlayer(   98): cancel player events
V/AwesomePlayer(   98): mAudioTrackVector clear
I/AwesomePlayer(   98): --mSystemTimeSourceForSync reset ok
V/AwesomePlayer(   98): destructor
I/AwesomePlayer(   98): reset
I/AwesomePlayer(   98): cancel player events
V/AwesomePlayer(   98): mAudioTrackVector clear
I/AwesomePlayer(   98): --mSystemTimeSourceForSync reset ok
V/AwesomePlayer(   98): ~AwesomePlayer()
I/SystemServer(  299): Input Method Service
W/InputManagerService(  299): Couldn't create dir.: /data/system/inputmethod
D/EventHub(  299): No input device configuration file found for device 'orientation'.
I/PowerManagerService(  299): Light Animator Finished curIntValue=102
D/EventHub(  299): No input device configuration file found for device 'accelerometer'.
D/dalvikvm(  299): GC_CONCURRENT freed 381K, 17% free 5577K/6663K, paused 2ms+3ms
I/SystemServer(  299): Accessibility Manager
D/EventHub(  299): No input device configuration file found for device 'sprd-keypad'.
I/EventHub(  299): New device: id=5, fd=163, path='/dev/input/event5', name='sprd-keypad', classes=0x1, configuration='', keyLayout='/system/usr/keylayout/sprd-keypad.kl', keyCharacterMap='/system/usr/keychars/Generic.kcm', builtinKeyboard=false
D/PermissionCache(   95): checking android.permission.ACCESS_SURFACE_FLINGER for uid=1000 => granted (493 us)
I/SystemServer(  299): CustomeFrequencyManagerService
D/CustomFrequencyManagerService(  299): verifyDefaultCondition : Exception : java.io.FileNotFoundException: /sys/power/mali_lock: open failed: ENOENT (No such file or directory)
I/ActivityManager(  299): Config changed: {0 1.0 0mcc0mnc zh_CN layoutdir=0 sw320dp w320dp h508dp nrml long port ?uimode ?night -touch -keyb/v/h -nav/h s.2 themeChanged=0}
I/dalvikvm(  299): DexOpt: mismatch dep signature for '/data/dalvik-cache/system@framework@framework.jar@classes.dex'
I/PackageManager(  299): Running dexopt on: XXX.XXXXXXX.XXXXXXXXX.XXXXXXXXXXXX
D/EventHub(  299): No input device configuration file found for device 'geomagnetic_raw'.
D/dalvikvm(  299): GC_FOR_ALLOC freed 155K, 15% free 5995K/7047K, paused 67ms
D/EventHub(  299): No input device configuration file found for device 'geomagnetic'.
I/InputReader(  299): Device added: id=5, name='sprd-keypad', sources=0x00000101
D/InputReader(  299): TouchInputMapper::configureParameters() : set to default value DEVICE_TYPE_TOUCH_SCREEN
I/InputReader(  299):   Touch device 'sec_touchscreen' could not query the properties of its associated display 0.  The device will be inoperable until the display size becomes available.
D/InputReader(  299): MultiTouchMotionAccumulator: initial slot number is 0
I/InputReader(  299): Device added: id=2, name='sec_touchscreen', sources=0x00001103
D/InputDispatcher(  299): to control touch backlight at bottom
D/InputDispatcher(  299): setTouchKeyDeviceId : 0x2
I/InputReader(  299): Device added: id=1, name='headset-keyboard', sources=0x00000101
I/InputReader(  299): Reconfiguring input devices.  changes=0x00000004
I/InputReader(  299): Device reconfigured: id=2, name='sec_touchscreen', surface size is now 480x800, mode is 1
I/ActivityManager(  299): Config changed: {0 1.0 0mcc0mnc zh_CN layoutdir=0 sw320dp w320dp h508dp nrml long port ?uimode ?night finger -keyb/v/h -nav/h s.3 themeChanged=0}
D/dalvikvm(  430): DexOpt: load 26ms, verify+opt 112ms
I/dalvikvm(  299): DexOpt: mismatch dep signature for '/data/dalvik-cache/system@framework@framework.jar@classes.dex'
I/PackageManager(  299): Running dexopt on: XXX.XXXXX.XXXXXXXXXXXXXXX
I/SurfaceFlinger(   95): id=2(1) createSurface 0x3035f4 (1x1),1 flag=0, unnamed
I/Surface (  299): Surface_lockCanvas
I/SurfaceTextureClient(  299): connect(NATIVE_WINDOW_API_CPU)
I/SurfaceFlinger(   95): id=3(1) createSurface (16x16),-1 flag=20000, DimAnimatos
I/SurfaceFlinger(   95): !@Boot is finished (48406 ms)
E/SurfaceFlinger(   95): !@ SurfaceFlinger::bootFinished
I/WindowManager(  299): ******************** ENABLING SCREEN!
I/Surface (  299): Surface_lockCanvas
I/Surface (  299): Surface_lockCanvas
I/Surface (  299): Surface_lockCanvas
I/Surface (  299): Surface_lockCanvas
I/Surface (  299): Surface_lockCanvas
I/Surface (  299): Surface_lockCanvas
I/Surface (  299): Surface_lockCanvas
I/Surface (  299): Surface_lockCanvas
I/Surface (  299): Surface_lockCanvas
I/Surface (  299): Surface_lockCanvas
I/Surface (  299): Surface_lockCanvas
I/Surface (  299): Surface_lockCanvas
I/Surface (  299): Surface_lockCanvas
I/Surface (  299): Surface_lockCanvas
I/Surface (  299): Surface_lockCanvas
I/Surface (  299): Surface_lockCanvas
I/Surface (  299): Surface_lockCanvas
I/Surface (  299): Surface_lockCanvas
I/Surface (  299): Surface_lockCanvas
I/Surface (  299): Surface_lockCanvas
I/Surface (  299): Surface_lockCanvas
I/Surface (  299): Surface_lockCanvas
I/Surface (  299): Surface_lockCanvas
I/Surface (  299): Surface_lockCanvas
I/Surface (  299): Surface_lockCanvas
I/Surface (  299): Surface_lockCanvas
I/Surface (  299): Surface_lockCanvas
I/Surface (  299): Surface_lockCanvas
D/dalvikvm(  431): DexOpt: load 95ms, verify+opt 712ms
I/Surface (  299): Surface_lockCanvas
I/Surface (  299): Surface_lockCanvas
I/Surface (  299): Surface_lockCanvas
I/Surface (  299): Surface_lockCanvas
I/dalvikvm(  299): DexOpt: mismatch dep signature for '/data/dalvik-cache/system@framework@framework.jar@classes.dex'
I/PackageManager(  299): Running dexopt on: XXX.XXXXX.XXXXXXXXX
I/Surface (  299): Surface_lockCanvas
I/Surface (  299): Surface_lockCanvas
I/Surface (  299): Surface_lockCanvas
I/Surface (  299): Surface_lockCanvas
I/Surface (  299): Surface_lockCanvas
I/Surface (  299): Surface_lockCanvas
I/Surface (  299): Surface_lockCanvas
D/BatteryService(  299): update start
D/BatteryService(  299): level:3 scale:100 status:2 health:2 present:true voltage: 3452 temperature: 355 technology: Li-ion AC powered:false USB powered:true icon:17303188 invalid charger:0
I/Surface (  299): Surface_lockCanvas
I/Surface (  299): Surface_lockCanvas
I/Surface (  299): Surface_lockCanvas
I/Surface (  299): Surface_lockCanvas
I/Surface (  299): Surface_lockCanvas
I/Surface (  299): Surface_lockCanvas
I/Surface (  299): Surface_lockCanvas
I/Surface (  299): Surface_lockCanvas
I/Surface (  299): Surface_lockCanvas
I/Surface (  299): Surface_lockCanvas
I/Surface (  299): Surface_lockCanvas
D/dalvikvm(  434): DexOpt: 'Landroid/webkit/JavascriptInterface;' has an earlier definition; blocking out
D/dalvikvm(  434): DexOpt: 'Landroid/content/pm/IPackageDeleteObserver;' has an earlier definition; blocking out
D/dalvikvm(  434): DexOpt: 'Landroid/content/pm/IPackageDeleteObserver$Stub$Proxy;' has an earlier definition; blocking out
D/dalvikvm(  434): DexOpt: 'Landroid/content/pm/IPackageInstallObserver;' has an earlier definition; blocking out
D/dalvikvm(  434): DexOpt: 'Landroid/content/pm/IPackageInstallObserver$Stub$Proxy;' has an earlier definition; blocking out
D/dalvikvm(  434): DexOpt: 'Landroid/content/pm/IPackageInstallObserver$Stub;' has an earlier definition; blocking out
D/dalvikvm(  434): DexOpt: 'Landroid/content/pm/IPackageStatsObserver;' has an earlier definition; blocking out
D/dalvikvm(  434): DexOpt: 'Landroid/content/pm/IPackageStatsObserver$Stub$Proxy;' has an earlier definition; blocking out
D/dalvikvm(  434): DexOpt: 'Landroid/content/pm/IPackageStatsObserver$Stub;' has an earlier definition; blocking out
D/dalvikvm(  434): DexOpt: 'Landroid/content/pm/IPackageDataObserver;' has an earlier definition; blocking out
D/dalvikvm(  434): DexOpt: 'Landroid/content/pm/IPackageDataObserver$Stub$Proxy;' has an earlier definition; blocking out
D/dalvikvm(  434): DexOpt: 'Landroid/content/pm/IPackageDeleteObserver$Stub;' has an earlier definition; blocking out
D/dalvikvm(  434): DexOpt: 'Landroid/content/pm/IPackageDataObserver$Stub;' has an earlier definition; blocking out
D/dalvikvm(  434): DexOpt: 'Landroid/app/IProcessObserver;' has an earlier definition; blocking out
D/dalvikvm(  434): DexOpt: 'Landroid/app/IProcessObserver$Stub$Proxy;' has an earlier definition; blocking out
D/dalvikvm(  434): DexOpt: 'Landroid/app/IActivityWatcher;' has an earlier definition; blocking out
D/dalvikvm(  434): DexOpt: 'Landroid/app/IActivityWatcher$Stub;' has an earlier definition; blocking out
D/dalvikvm(  434): DexOpt: 'Landroid/app/IActivityWatcher$Stub$Proxy;' has an earlier definition; blocking out
D/dalvikvm(  434): DexOpt: 'Landroid/app/IProcessObserver$Stub;' has an earlier definition; blocking out
I/Surface (  299): Surface_lockCanvas
I/Surface (  299): Surface_lockCanvas
I/Surface (  299): Surface_lockCanvas
I/Surface (  299): Surface_lockCanvas
I/Surface (  299): Surface_lockCanvas
I/Surface (  299): Surface_lockCanvas
I/Surface (  299): Surface_lockCanvas
I/Surface (  299): Surface_lockCanvas
I/Surface (  299): Surface_lockCanvas
I/Surface (  299): Surface_lockCanvas
I/Surface (  299): Surface_lockCanvas
D/dalvikvm(  434): DexOpt: not verifying/optimizing 'Landroid/webkit/JavascriptInterface;': multiple definitions
D/dalvikvm(  434): DexOpt: not verifying/optimizing 'Landroid/content/pm/IPackageDeleteObserver;': multiple definitions
D/dalvikvm(  434): DexOpt: not verifying/optimizing 'Landroid/content/pm/IPackageDeleteObserver$Stub$Proxy;': multiple definitions
D/dalvikvm(  434): DexOpt: not verifying/optimizing 'Landroid/content/pm/IPackageInstallObserver;': multiple definitions
D/dalvikvm(  434): DexOpt: not verifying/optimizing 'Landroid/content/pm/IPackageInstallObserver$Stub$Proxy;': multiple definitions
D/dalvikvm(  434): DexOpt: not verifying/optimizing 'Landroid/content/pm/IPackageInstallObserver$Stub;': multiple definitions
D/dalvikvm(  434): DexOpt: not verifying/optimizing 'Landroid/content/pm/IPackageStatsObserver;': multiple definitions
D/dalvikvm(  434): DexOpt: not verifying/optimizing 'Landroid/content/pm/IPackageStatsObserver$Stub$Proxy;': multiple definitions
D/dalvikvm(  434): DexOpt: not verifying/optimizing 'Landroid/content/pm/IPackageStatsObserver$Stub;': multiple definitions
D/dalvikvm(  434): DexOpt: not verifying/optimizing 'Landroid/content/pm/IPackageDataObserver;': multiple definitions
D/dalvikvm(  434): DexOpt: not verifying/optimizing 'Landroid/content/pm/IPackageDataObserver$Stub$Proxy;': multiple definitions
D/dalvikvm(  434): DexOpt: not verifying/optimizing 'Landroid/content/pm/IPackageDeleteObserver$Stub;': multiple definitions
D/dalvikvm(  434): DexOpt: not verifying/optimizing 'Landroid/content/pm/IPackageDataObserver$Stub;': multiple definitions
D/dalvikvm(  434): DexOpt: not verifying/optimizing 'Landroid/app/IProcessObserver;': multiple definitions
D/dalvikvm(  434): DexOpt: not verifying/optimizing 'Landroid/app/IProcessObserver$Stub$Proxy;': multiple definitions
D/dalvikvm(  434): DexOpt: not verifying/optimizing 'Landroid/app/IActivityWatcher;': multiple definitions
D/dalvikvm(  434): DexOpt: not verifying/optimizing 'Landroid/app/IActivityWatcher$Stub;': multiple definitions
D/dalvikvm(  434): DexOpt: not verifying/optimizing 'Landroid/app/IActivityWatcher$Stub$Proxy;': multiple definitions
D/dalvikvm(  434): DexOpt: not verifying/optimizing 'Landroid/app/IProcessObserver$Stub;': multiple definitions
I/Surface (  299): Surface_lockCanvas
I/Surface (  299): Surface_lockCanvas
I/Surface (  299): Surface_lockCanvas
I/Surface (  299): Surface_lockCanvas
I/Surface (  299): Surface_lockCanvas
I/Surface (  299): Surface_lockCanvas
I/Surface (  299): Surface_lockCanvas
I/Surface (  299): Surface_lockCanvas
I/Surface (  299): Surface_lockCanvas
I/Surface (  299): Surface_lockCanvas
I/Surface (  299): Surface_lockCanvas
I/Surface (  299): Surface_lockCanvas
I/Surface (  299): Surface_lockCanvas
I/Surface (  299): Surface_lockCanvas
I/dalvikvm(  434): DexOpt: not resolving ambiguous class 'Landroid/app/IProcessObserver$Stub;'
I/dalvikvm(  434): DexOpt: not resolving ambiguous class 'Landroid/app/IActivityWatcher;'
I/dalvikvm(  434): DexOpt: not resolving ambiguous class 'Landroid/app/IActivityWatcher$Stub;'
I/Surface (  299): Surface_lockCanvas
I/dalvikvm(  434): DexOpt: not resolving ambiguous class 'Landroid/content/pm/IPackageInstallObserver;'
I/dalvikvm(  434): DexOpt: not resolving ambiguous class 'Landroid/content/pm/IPackageDeleteObserver$Stub;'
I/dalvikvm(  434): DexOpt: not resolving ambiguous class 'Landroid/content/pm/IPackageInstallObserver$Stub;'
I/Surface (  299): Surface_lockCanvas
I/Surface (  299): Surface_lockCanvas
I/Surface (  299): Surface_lockCanvas
W/dalvikvm(  434): DexOpt: resolve class illegal access: Lcom/baidu/android/pushservice/PushConstants; -> Lcom/baidu/android/silentupdate/a;
I/Surface (  299): Surface_lockCanvas
I/Surface (  299): Surface_lockCanvas
I/Surface (  299): Surface_lockCanvas
I/Surface (  299): Surface_lockCanvas
I/Surface (  299): Surface_lockCanvas
I/Surface (  299): Surface_lockCanvas
I/Surface (  299): Surface_lockCanvas
I/dalvikvm(  434): DexOpt: not resolving ambiguous class 'Landroid/app/IActivityWatcher$Stub;'
I/dalvikvm(  434): DexOpt: not resolving ambiguous class 'Landroid/app/IActivityWatcher;'
I/Surface (  299): Surface_lockCanvas
I/Surface (  299): Surface_lockCanvas
I/Surface (  299): Surface_lockCanvas
I/Surface (  299): Surface_lockCanvas
I/Surface (  299): Surface_lockCanvas
I/Surface (  299): Surface_lockCanvas
I/Surface (  299): Surface_lockCanvas
I/Surface (  299): Surface_lockCanvas
I/Surface (  299): Surface_lockCanvas
I/Surface (  299): Surface_lockCanvas
I/Surface (  299): Surface_lockCanvas
I/Surface (  299): Surface_lockCanvas
I/Surface (  299): Surface_lockCanvas
I/Surface (  299): Surface_lockCanvas
I/Surface (  299): Surface_lockCanvas
I/Surface (  299): Surface_lockCanvas
I/Surface (  299): Surface_lockCanvas
I/Surface (  299): Surface_lockCanvas
I/Surface (  299): Surface_lockCanvas
I/Surface (  299): Surface_lockCanvas
I/Surface (  299): Surface_lockCanvas
I/Surface (  299): Surface_lockCanvas
I/Surface (  299): Surface_lockCanvas
I/Surface (  299): Surface_lockCanvas
I/Surface (  299): Surface_lockCanvas
I/Surface (  299): Surface_lockCanvas
I/Surface (  299): Surface_lockCanvas
I/Surface (  299): Surface_lockCanvas
I/Surface (  299): Surface_lockCanvas
I/Surface (  299): Surface_lockCanvas
I/Surface (  299): Surface_lockCanvas
I/Surface (  299): Surface_lockCanvas
I/Surface (  299): Surface_lockCanvas
I/dalvikvm(  434): DexOpt: not resolving ambiguous class 'Landroid/content/pm/IPackageInstallObserver$Stub;'
I/dalvikvm(  434): DexOpt: not resolving ambiguous class 'Landroid/content/pm/IPackageInstallObserver$Stub;'
I/dalvikvm(  434): DexOpt: not resolving ambiguous class 'Landroid/content/pm/IPackageInstallObserver;'
I/Surface (  299): Surface_lockCanvas
I/Surface (  299): Surface_lockCanvas
I/Surface (  299): Surface_lockCanvas
I/Surface (  299): Surface_lockCanvas
I/Surface (  299): Surface_lockCanvas
I/Surface (  299): Surface_lockCanvas
I/Surface (  299): Surface_lockCanvas
I/Surface (  299): Surface_lockCanvas
I/dalvikvm(  434): DexOpt: not resolving ambiguous class 'Landroid/content/pm/IPackageStatsObserver;'
I/Surface (  299): Surface_lockCanvas
I/Surface (  299): Surface_lockCanvas
I/Surface (  299): Surface_lockCanvas
I/Surface (  299): Surface_lockCanvas
I/Surface (  299): Surface_lockCanvas
I/dalvikvm(  434): DexOpt: not resolving ambiguous class 'Landroid/content/pm/IPackageDataObserver$Stub;'
I/dalvikvm(  434): DexOpt: not resolving ambiguous class 'Landroid/content/pm/IPackageStatsObserver$Stub;'
I/dalvikvm(  434): DexOpt: not resolving ambiguous class 'Landroid/content/pm/IPackageStatsObserver$Stub;'
I/Surface (  299): Surface_lockCanvas
I/Surface (  299): Surface_lockCanvas
I/Surface (  299): Surface_lockCanvas
I/Surface (  299): Surface_lockCanvas
I/Surface (  299): Surface_lockCanvas
I/Surface (  299): Surface_lockCanvas
I/Surface (  299): Surface_lockCanvas
I/Surface (  299): Surface_lockCanvas
I/Surface (  299): Surface_lockCanvas
I/Surface (  299): Surface_lockCanvas
I/Surface (  299): Surface_lockCanvas
I/Surface (  299): Surface_lockCanvas
I/Surface (  299): Surface_lockCanvas
D/dalvikvm(  434): DexOpt: load 355ms, verify+opt 2907ms
I/Surface (  299): Surface_lockCanvas
I/Surface (  299): Surface_lockCanvas
I/Surface (  299): Surface_lockCanvas
I/Surface (  299): Surface_lockCanvas
I/Surface (  299): Surface_lockCanvas
I/Surface (  299): Surface_lockCanvas
I/Surface (  299): Surface_lockCanvas
I/Surface (  299): Surface_lockCanvas
I/Surface (  299): Surface_lockCanvas
I/Surface (  299): Surface_lockCanvas
I/Surface (  299): Surface_lockCanvas
I/Surface (  299): Surface_lockCanvas
I/Surface (  299): Surface_lockCanvas
I/Surface (  299): Surface_lockCanvas
I/Surface (  299): Surface_lockCanvas
I/Surface (  299): Surface_lockCanvas
I/Surface (  299): Surface_lockCanvas
I/Surface (  299): Surface_lockCanvas
I/Surface (  299): Surface_lockCanvas
I/Surface (  299): Surface_lockCanvas
I/Surface (  299): Surface_lockCanvas
I/dalvikvm(  299): DexOpt: mismatch dep signature for '/data/dalvik-cache/system@framework@framework.jar@classes.dex'
I/PackageManager(  299): Running dexopt on: XXX.XXXXX.XXXXXXXXXXXXX
I/Surface (  299): Surface_lockCanvas
I/Surface (  299): Surface_lockCanvas
I/Surface (  299): Surface_lockCanvas
I/Surface (  299): Surface_lockCanvas
I/Surface (  299): Surface_lockCanvas
I/Surface (  299): Surface_lockCanvas
I/Surface (  299): Surface_lockCanvas
I/Surface (  299): Surface_lockCanvas
I/Surface (  299): Surface_lockCanvas
I/Surface (  299): Surface_lockCanvas
I/Surface (  299): Surface_lockCanvas
I/Surface (  299): Surface_lockCanvas
I/Surface (  299): Surface_lockCanvas
I/Surface (  299): Surface_lockCanvas
I/Surface (  299): Surface_lockCanvas
I/Surface (  299): Surface_lockCanvas
I/Surface (  299): Surface_lockCanvas
I/Surface (  299): Surface_lockCanvas
I/Surface (  299): Surface_lockCanvas
I/Surface (  299): Surface_lockCanvas
I/Surface (  299): Surface_lockCanvas
I/Surface (  299): Surface_lockCanvas
I/Surface (  299): Surface_lockCanvas
I/Surface (  299): Surface_lockCanvas
I/Surface (  299): Surface_lockCanvas
I/Surface (  299): Surface_lockCanvas
I/Surface (  299): Surface_lockCanvas
I/Surface (  299): Surface_lockCanvas
I/Surface (  299): Surface_lockCanvas
I/Surface (  299): Surface_lockCanvas
I/Surface (  299): Surface_lockCanvas
I/Surface (  299): Surface_lockCanvas
I/Surface (  299): Surface_lockCanvas
I/Surface (  299): Surface_lockCanvas
I/Surface (  299): Surface_lockCanvas
I/Surface (  299): Surface_lockCanvas
I/Surface (  299): Surface_lockCanvas
I/Surface (  299): Surface_lockCanvas
I/Surface (  299): Surface_lockCanvas
I/Surface (  299): Surface_lockCanvas
I/Surface (  299): Surface_lockCanvas
I/Surface (  299): Surface_lockCanvas
I/Surface (  299): Surface_lockCanvas
I/Surface (  299): Surface_lockCanvas
I/Surface (  299): Surface_lockCanvas
I/Surface (  299): Surface_lockCanvas
I/Surface (  299): Surface_lockCanvas
I/Surface (  299): Surface_lockCanvas
I/Surface (  299): Surface_lockCanvas
I/Surface (  299): Surface_lockCanvas
I/Surface (  299): Surface_lockCanvas
I/Surface (  299): Surface_lockCanvas
I/Surface (  299): Surface_lockCanvas
I/Surface (  299): Surface_lockCanvas
D/dalvikvm(  437): DexOpt: load 153ms, verify+opt 1318ms
I/Surface (  299): Surface_lockCanvas
I/Surface (  299): Surface_lockCanvas
I/Surface (  299): Surface_lockCanvas
I/Surface (  299): Surface_lockCanvas
I/Surface (  299): Surface_lockCanvas
I/Surface (  299): Surface_lockCanvas
I/Surface (  299): Surface_lockCanvas
I/Surface (  299): Surface_lockCanvas
I/Surface (  299): Surface_lockCanvas
I/Surface (  299): Surface_lockCanvas
I/Surface (  299): Surface_lockCanvas
I/Surface (  299): Surface_lockCanvas
I/Surface (  299): Surface_lockCanvas
I/Surface (  299): Surface_lockCanvas
I/Surface (  299): Surface_lockCanvas
I/Surface (  299): Surface_lockCanvas
I/Surface (  299): Surface_lockCanvas
I/Surface (  299): Surface_lockCanvas
I/Surface (  299): Surface_lockCanvas
I/Surface (  299): Surface_lockCanvas
I/Surface (  299): Surface_lockCanvas
I/Surface (  299): Surface_lockCanvas
I/Surface (  299): Surface_lockCanvas
I/dalvikvm(  299): DexOpt: mismatch dep signature for '/data/dalvik-cache/system@framework@framework.jar@classes.dex'
I/PackageManager(  299): Running dexopt on: XXX.XXXXX.XXXXXXX.XXXX
I/Surface (  299): Surface_lockCanvas
I/Surface (  299): Surface_lockCanvas
I/Surface (  299): Surface_lockCanvas
I/Surface (  299): Surface_lockCanvas
I/Surface (  299): Surface_lockCanvas
I/Surface (  299): Surface_lockCanvas
I/Surface (  299): Surface_lockCanvas
I/Surface (  299): Surface_lockCanvas
I/Surface (  299): Surface_lockCanvas
I/Surface (  299): Surface_lockCanvas
I/Surface (  299): Surface_lockCanvas
I/Surface (  299): Surface_lockCanvas
I/Surface (  299): Surface_lockCanvas
I/Surface (  299): Surface_lockCanvas
I/Surface (  299): Surface_lockCanvas
I/Surface (  299): Surface_lockCanvas
I/Surface (  299): Surface_lockCanvas
I/Surface (  299): Surface_lockCanvas
I/Surface (  299): Surface_lockCanvas
I/Surface (  299): Surface_lockCanvas
I/Surface (  299): Surface_lockCanvas
I/Surface (  299): Surface_lockCanvas
D/dalvikvm(  438): DexOpt: 'Landroid/webkit/ClientCertRequestHandler;' has an earlier definition; blocking out
D/dalvikvm(  438): DexOpt: 'Landroid/webkit/JavascriptInterface;' has an earlier definition; blocking out
D/dalvikvm(  438): DexOpt: 'Landroid/webkit/JsResult;' has an earlier definition; blocking out
D/dalvikvm(  438): DexOpt: 'Landroid/webkit/WebHistoryItem;' has an earlier definition; blocking out
I/Surface (  299): Surface_lockCanvas
D/dalvikvm(  438): DexOpt: 'Landroid/webkit/WebView;' has an earlier definition; blocking out
D/dalvikvm(  438): DexOpt: 'Landroid/webkit/WebView$WebViewTransport;' has an earlier definition; blocking out
D/dalvikvm(  438): DexOpt: 'Landroid/webkit/WebView$PictureListener;' has an earlier definition; blocking out
D/dalvikvm(  438): DexOpt: 'Landroid/webkit/CacheManager;' has an earlier definition; blocking out
D/dalvikvm(  438): DexOpt: 'Landroid/webkit/WebView$HitTestResult;' has an earlier definition; blocking out
D/dalvikvm(  438): DexOpt: 'Landroid/webkit/CacheManager$CacheResult;' has an earlier definition; blocking out
D/dalvikvm(  438): DexOpt: 'Landroid/webkit/WebBackForwardListClient;' has an earlier definition; blocking out
D/dalvikvm(  438): DexOpt: 'Landroid/webkit/JsPromptResult;' has an earlier definition; blocking out
D/dalvikvm(  438): DexOpt: 'Landroid/webkit/CookieManager;' has an earlier definition; blocking out
D/dalvikvm(  438): DexOpt: 'Landroid/content/pm/IPackageDeleteObserver;' has an earlier definition; blocking out
D/dalvikvm(  438): DexOpt: 'Landroid/content/pm/IPackageInstallObserver;' has an earlier definition; blocking out
D/dalvikvm(  438): DexOpt: 'Landroid/content/pm/IPackageInstallObserver$Stub;' has an earlier definition; blocking out
D/dalvikvm(  438): DexOpt: 'Landroid/content/pm/IPackageDeleteObserver$Stub;' has an earlier definition; blocking out
D/dalvikvm(  438): DexOpt: 'Landroid/net/WebAddress;' has an earlier definition; blocking out
D/dalvikvm(  438): DexOpt: 'Landroid/app/IProcessObserver;' has an earlier definition; blocking out
D/dalvikvm(  438): DexOpt: 'Landroid/app/IProcessObserver$Stub$Proxy;' has an earlier definition; blocking out
D/dalvikvm(  438): DexOpt: 'Landroid/app/IActivityWatcher;' has an earlier definition; blocking out
D/dalvikvm(  438): DexOpt: 'Landroid/app/IActivityWatcher$Stub;' has an earlier definition; blocking out
D/dalvikvm(  438): DexOpt: 'Landroid/app/IActivityWatcher$Stub$Proxy;' has an earlier definition; blocking out
D/dalvikvm(  438): DexOpt: 'Landroid/app/IProcessObserver$Stub;' has an earlier definition; blocking out
I/Surface (  299): Surface_lockCanvas
I/Surface (  299): Surface_lockCanvas
I/Surface (  299): Surface_lockCanvas
I/Surface (  299): Surface_lockCanvas
I/Surface (  299): Surface_lockCanvas
I/Surface (  299): Surface_lockCanvas
I/Surface (  299): Surface_lockCanvas
I/Surface (  299): Surface_lockCanvas
I/Surface (  299): Surface_lockCanvas
I/Surface (  299): Surface_lockCanvas
I/Surface (  299): Surface_lockCanvas
I/Surface (  299): Surface_lockCanvas
I/Surface (  299): Surface_lockCanvas
I/Surface (  299): Surface_lockCanvas
I/Surface (  299): Surface_lockCanvas
I/Surface (  299): Surface_lockCanvas
I/Surface (  299): Surface_lockCanvas
I/Surface (  299): Surface_lockCanvas
I/Surface (  299): Surface_lockCanvas
I/Surface (  299): Surface_lockCanvas
I/Surface (  299): Surface_lockCanvas
D/dalvikvm(  438): DexOpt: not verifying/optimizing 'Landroid/webkit/ClientCertRequestHandler;': multiple definitions
D/dalvikvm(  438): DexOpt: not verifying/optimizing 'Landroid/webkit/JavascriptInterface;': multiple definitions
D/dalvikvm(  438): DexOpt: not verifying/optimizing 'Landroid/webkit/JsResult;': multiple definitions
D/dalvikvm(  438): DexOpt: not verifying/optimizing 'Landroid/webkit/WebHistoryItem;': multiple definitions
D/dalvikvm(  438): DexOpt: not verifying/optimizing 'Landroid/webkit/WebView;': multiple definitions
D/dalvikvm(  438): DexOpt: not verifying/optimizing 'Landroid/webkit/WebView$WebViewTransport;': multiple definitions
D/dalvikvm(  438): DexOpt: not verifying/optimizing 'Landroid/webkit/WebView$PictureListener;': multiple definitions
D/dalvikvm(  438): DexOpt: not verifying/optimizing 'Landroid/webkit/CacheManager;': multiple definitions
D/dalvikvm(  438): DexOpt: not verifying/optimizing 'Landroid/webkit/WebView$HitTestResult;': multiple definitions
D/dalvikvm(  438): DexOpt: not verifying/optimizing 'Landroid/webkit/CacheManager$CacheResult;': multiple definitions
D/dalvikvm(  438): DexOpt: not verifying/optimizing 'Landroid/webkit/WebBackForwardListClient;': multiple definitions
D/dalvikvm(  438): DexOpt: not verifying/optimizing 'Landroid/webkit/JsPromptResult;': multiple definitions
D/dalvikvm(  438): DexOpt: not verifying/optimizing 'Landroid/webkit/CookieManager;': multiple definitions
D/dalvikvm(  438): DexOpt: not verifying/optimizing 'Landroid/content/pm/IPackageDeleteObserver;': multiple definitions
D/dalvikvm(  438): DexOpt: not verifying/optimizing 'Landroid/content/pm/IPackageInstallObserver;': multiple definitions
D/dalvikvm(  438): DexOpt: not verifying/optimizing 'Landroid/content/pm/IPackageInstallObserver$Stub;': multiple definitions
D/dalvikvm(  438): DexOpt: not verifying/optimizing 'Landroid/content/pm/IPackageDeleteObserver$Stub;': multiple definitions
D/dalvikvm(  438): DexOpt: not verifying/optimizing 'Landroid/net/WebAddress;': multiple definitions
D/dalvikvm(  438): DexOpt: not verifying/optimizing 'Landroid/app/IProcessObserver;': multiple definitions
D/dalvikvm(  438): DexOpt: not verifying/optimizing 'Landroid/app/IProcessObserver$Stub$Proxy;': multiple definitions
D/dalvikvm(  438): DexOpt: not verifying/optimizing 'Landroid/app/IActivityWatcher;': multiple definitions
D/dalvikvm(  438): DexOpt: not verifying/optimizing 'Landroid/app/IActivityWatcher$Stub;': multiple definitions
D/dalvikvm(  438): DexOpt: not verifying/optimizing 'Landroid/app/IActivityWatcher$Stub$Proxy;': multiple definitions
D/dalvikvm(  438): DexOpt: not verifying/optimizing 'Landroid/app/IProcessObserver$Stub;': multiple definitions
I/Surface (  299): Surface_lockCanvas
I/Surface (  299): Surface_lockCanvas
I/Surface (  299): Surface_lockCanvas
I/dalvikvm(  438): DexOpt: not resolving ambiguous class 'Landroid/app/IActivityWatcher;'
I/dalvikvm(  438): DexOpt: not resolving ambiguous class 'Landroid/app/IProcessObserver$Stub;'
I/dalvikvm(  438): DexOpt: not resolving ambiguous class 'Landroid/app/IActivityWatcher$Stub;'
I/Surface (  299): Surface_lockCanvas
I/dalvikvm(  438): DexOpt: not resolving ambiguous class 'Landroid/content/pm/IPackageInstallObserver$Stub;'
I/dalvikvm(  438): DexOpt: not resolving ambiguous class 'Landroid/content/pm/IPackageInstallObserver;'
I/dalvikvm(  438): DexOpt: not resolving ambiguous class 'Landroid/content/pm/IPackageDeleteObserver$Stub;'
I/Surface (  299): Surface_lockCanvas
I/Surface (  299): Surface_lockCanvas
I/Surface (  299): Surface_lockCanvas
I/Surface (  299): Surface_lockCanvas
I/Surface (  299): Surface_lockCanvas
I/Surface (  299): Surface_lockCanvas
I/Surface (  299): Surface_lockCanvas
I/Surface (  299): Surface_lockCanvas
I/dalvikvm(  438): DexOpt: not resolving ambiguous class 'Landroid/webkit/WebView;'
I/Surface (  299): Surface_lockCanvas
I/Surface (  299): Surface_lockCanvas
I/dalvikvm(  438): DexOpt: not resolving ambiguous class 'Landroid/webkit/WebView$WebViewTransport;'
I/dalvikvm(  438): DexOpt: not resolving ambiguous class 'Landroid/webkit/CacheManager;'
I/dalvikvm(  438): DexOpt: not resolving ambiguous class 'Landroid/webkit/WebBackForwardListClient;'
I/dalvikvm(  438): DexOpt: not resolving ambiguous class 'Landroid/webkit/WebHistoryItem;'
I/dalvikvm(  438): DexOpt: not resolving ambiguous class 'Landroid/webkit/JsPromptResult;'
I/Surface (  299): Surface_lockCanvas
I/dalvikvm(  438): DexOpt: not resolving ambiguous class 'Landroid/webkit/JsResult;'
I/dalvikvm(  438): DexOpt: not resolving ambiguous class 'Landroid/webkit/CookieManager;'
I/dalvikvm(  438): DexOpt: not resolving ambiguous class 'Landroid/webkit/ClientCertRequestHandler;'
I/dalvikvm(  438): DexOpt: not resolving ambiguous class 'Landroid/webkit/WebView$HitTestResult;'
I/dalvikvm(  438): DexOpt: not resolving ambiguous class 'Landroid/webkit/CacheManager$CacheResult;'
I/dalvikvm(  438): DexOpt: not resolving ambiguous class 'Landroid/webkit/WebView;'
I/dalvikvm(  438): DexOpt: not resolving ambiguous class 'Landroid/webkit/WebView;'
I/dalvikvm(  438): DexOpt: not resolving ambiguous class 'Landroid/net/WebAddress;'
I/Surface (  299): Surface_lockCanvas
I/Surface (  299): Surface_lockCanvas
I/Surface (  299): Surface_lockCanvas
I/Surface (  299): Surface_lockCanvas
I/Surface (  299): Surface_lockCanvas
I/dalvikvm(  438): DexOpt: not resolving ambiguous class 'Landroid/webkit/WebView;'
I/dalvikvm(  438): DexOpt: not resolving ambiguous class 'Landroid/webkit/WebView;'
I/dalvikvm(  438): DexOpt: not resolving ambiguous class 'Landroid/webkit/CookieManager;'
I/Surface (  299): Surface_lockCanvas
I/dalvikvm(  438): DexOpt: not resolving ambiguous class 'Landroid/webkit/WebView;'
I/Surface (  299): Surface_lockCanvas
I/Surface (  299): Surface_lockCanvas
I/Surface (  299): Surface_lockCanvas
I/Surface (  299): Surface_lockCanvas
I/Surface (  299): Surface_lockCanvas
I/dalvikvm(  438): DexOpt: not resolving ambiguous class 'Landroid/webkit/CookieManager;'
I/Surface (  299): Surface_lockCanvas
I/Surface (  299): Surface_lockCanvas
I/Surface (  299): Surface_lockCanvas
I/Surface (  299): Surface_lockCanvas
I/Surface (  299): Surface_lockCanvas
I/Surface (  299): Surface_lockCanvas
I/Surface (  299): Surface_lockCanvas
I/Surface (  299): Surface_lockCanvas
I/Surface (  299): Surface_lockCanvas
I/Surface (  299): Surface_lockCanvas
I/Surface (  299): Surface_lockCanvas
I/Surface (  299): Surface_lockCanvas
I/Surface (  299): Surface_lockCanvas
I/Surface (  299): Surface_lockCanvas
