E/AXLOG   ( 1339): SideMenu-loading**EndU[1404381795151]**
E/AXLOG   ( 1339): Total-CameraUILoading(TSP)**EndU[1404381795151]**
V/MediaPlayer( 1939): getDuration
V/MediaPlayer-JNI( 1939): getDuration: 186018 (msec)
V/MediaPlayer-JNI( 1939): getCurrentPosition: 42971 (msec)
V/CameraEng(   97): OK  to camera_preview_streamon.
V/SprdCameraHardware(   97): STATE CAMERA_FUNC_START_PREVIEW // STATUS 0
V/SprdCameraHardware(   97): start to change_state.
V/SprdCameraHardware(   97): start to lock.
V/SprdCameraHardware(   97): start to mCameraState.
V/SprdCameraHardware(   97): state transition QCS_INTERNAL_RAW_REQUESTED --> QCS_PREVIEW_IN_PROGRESS
V/SprdCameraHardware(   97): start to getCameraStateStr.
V/SprdCameraHardware(   97): start to signal.
V/SprdCameraHardware(   97): start to unlock.
V/CameraEng(   97): OK to CAMERA_FUNC_START_PREVIEW.
D/CameraEng(   97): Sync(1) Enable: enabled
V/CameraEng(   97): OK to careate thread in preview mode.
V/SprdCameraHardware(   97): camera_start_preview X
V/SprdCameraHardware(   97): startPreview X,mRecordingMode=4980811.
V/SprdCameraHardware(   97): mLock:startPreview E.
V/SprdCameraHardware(   97): char* android::HAL_camera_device_get_parameters(camera_device*)
V/SprdCameraHardware(   97): getParameters: EX
V/SprdCameraHardware(   97): void android::HAL_camera_device_put_parameters(camera_device*, char*)
V/SprdCameraHardware(   97): int android::HAL_camera_device_start_preview(camera_device*)
V/SprdCameraHardware(   97): mLock:startPreview S.
V/SprdCameraHardware(   97): startPreview E
E/SprdCameraHardware(   97): startPreview is already in progress, doing nothing.
V/SprdCameraHardware(   97): mLock:startPreview E.
D/CameraEng(   97): ===============Start preview thread=====================.
D/CameraEng(   97): camera_preview_thread: got first preview.
D/CameraEng(   97): camera_preview_thread: unstable buffer. drop this buffer(1/1)
V/SecCamera-JNI-Cpp( 1339): setHasPreviewCallback: installed:1, manualBuffer:0
V/SecCamera-JNI-Cpp( 1339): get_native_camera: context=0x11683c0, camera=0x1034f90
V/SprdCameraHardware(   97): void android::HAL_camera_device_enable_msg_type(camera_device*, int32_t)
V/SprdCameraHardware(   97): mLock:enableMsgType S .
V/SprdCameraHardware(   97): mLock:enableMsgType E .
V/SecCamera-JNI-Cpp( 1339): Clearing callback buffers, 0 remained
V/CameraEngine( 1339): got message...{ what=1 when=0 }
V/CeStateStartingPreview( 1339): HandleMessage - 1
V/CameraEngine( 1339): changeEngineState => 4(CeStatePreviewing)
E/AXLOG   ( 1339): StartPreview**EndU[1404381795835]**
E/AXLOG   ( 1339): Total-CameraPreviewLoading**EndU[1404381795835]**
E/AXLOG   ( 1339): Total-Shot2Shot**EndU[1404381795835]**
V/CeRequestQueue( 1339): completeRequest
D/CeRequestQueue( 1339): [7 3 ]
V/CeRequestQueue( 1339): startFirstRequest
V/CeStatePreviewing( 1339): HandleRequest - 7
V/CameraEngine( 1339): doChangeParameterSync
V/SecCamera-JNI-Cpp( 1339): setParameters
V/SecCamera-JNI-Cpp( 1339): get_native_camera: context=0x11683c0, camera=0x1034f90
V/SprdCameraHardware(   97): int android::HAL_camera_device_set_parameters(camera_device*, const char*)
D/SprdCameraHardware(   97): setParameters: camera mode - camera
D/SprdCameraHardware(   97): setParameters: preview format (app 16, hal 15)
V/SprdCameraHardware(   97): camera hardware has been started already
V/CeRequestQueue( 1339): completeRequest
D/CeRequestQueue( 1339): [3 ]
V/CeRequestQueue( 1339): startFirstRequest
V/CeStatePreviewing( 1339): HandleRequest - 3
E/CeStatePreviewing( 1339): invalid request id for current state
V/CeRequestQueue( 1339): completeRequest
D/CeRequestQueue( 1339): []
V/Camera  ( 1339): onReceive [android.intent.action.BATTERY_CHANGED]
V/Camera  ( 1339): handleBatteryChanged : Level = 70/100, Status = 3, battPlugged = 0, battTemp = 390
I/gralloc.mali(   94): first time, try to initialize pmem
I/gralloc.mali(   94): PMEM_GET_TOTAL_SIZE fd=23,size=8388608,offset=0x0
E/gralloc.mali(   94): PMEM_GET_PHYS fd=23,phy_addr=0x0
I/gralloc.mali(   94): master_fd=23,pmem_master_base=0x43c2c000
I/gralloc.mali(   94): PERFORM_CREATE hnd=0x987a0,fd=24,offset=0x0,size=462848,base=0x4201a000,phys_addr=0xe200000
E/SecCameraCoreManager(   97): wxz: size: 0x70800, offset: 0xfe00000.
V/SprdCameraHardware(   97): void android::HAL_camera_device_disable_msg_type(camera_device*, int32_t)
V/SprdCameraHardware(   97): 'mLock:disableMsgType S.
V/SprdCameraHardware(   97): 'mLock:disableMsgType E.
V/SecCamera-JNI-Cpp( 1339): dataCallback(16, 0x1219010)
V/SecCamera-JNI-Cpp( 1339): copyAndPost: off=0, size=460800
V/SecCamera-JNI-Cpp( 1339): Allocating callback buffer
V/MediaPlayer( 1939): getDuration
V/MediaPlayer-JNI( 1939): getDuration: 186018 (msec)
V/MediaPlayer-JNI( 1939): getCurrentPosition: 43259 (msec)
D/dalvikvm( 1339): GC_FOR_ALLOC freed 2086K, 37% free 4645K/7303K, paused 26ms
I/gralloc.mali(   94): PERFORM_CREATE hnd=0x97868,fd=25,offset=0x71000,size=462848,base=0x43339000,phys_addr=0xe271000
I/gralloc.mali(   94): PERFORM_CREATE hnd=0xad770,fd=26,offset=0xe2000,size=462848,base=0x4442c000,phys_addr=0xe2e2000
I/gralloc.mali(   94): PERFORM_CREATE hnd=0xae740,fd=27,offset=0x153000,size=462848,base=0x4457f000,phys_addr=0xe353000
I/gralloc.mali(   94): PERFORM_CREATE hnd=0xaf878,fd=28,offset=0x1c4000,size=462848,base=0x44743000,phys_addr=0xe3c4000
I/gralloc.mali(   94): PERFORM_CREATE hnd=0xb09b0,fd=29,offset=0x235000,size=462848,base=0x44af4000,phys_addr=0xe435000
I/gralloc.mali(   94): PERFORM_CREATE hnd=0xb1b38,fd=30,offset=0x2a6000,size=462848,base=0x44e7d000,phys_addr=0xe4a6000
I/gralloc.mali(   94): PERFORM_CREATE hnd=0xb2b80,fd=31,offset=0x317000,size=462848,base=0x452a0000,phys_addr=0xe517000
D/dalvikvm(  233): GC_EXPLICIT freed 79K, 46% free 11215K/20487K, paused 8ms+9ms
V/MediaPlayer( 1939): getDuration
V/MediaPlayer-JNI( 1939): getDuration: 186018 (msec)
V/MediaPlayer-JNI( 1939): getCurrentPosition: 43990 (msec)
V/MediaPlayer( 1939): getDuration
V/MediaPlayer-JNI( 1939): getDuration: 186018 (msec)
V/MediaPlayer-JNI( 1939): getCurrentPosition: 44278 (msec)
E/Watchdog(  233): !@Sync 25
V/MediaPlayer( 1939): getDuration
V/MediaPlayer-JNI( 1939): getDuration: 186018 (msec)
V/MediaPlayer-JNI( 1939): getCurrentPosition: 45009 (msec)
V/MediaPlayer( 1939): getDuration
V/MediaPlayer-JNI( 1939): getDuration: 186018 (msec)
V/MediaPlayer-JNI( 1939): getCurrentPosition: 45270 (msec)
V/MediaPlayer( 1939): getDuration
V/MediaPlayer-JNI( 1939): getDuration: 186018 (msec)
V/MediaPlayer-JNI( 1939): getCurrentPosition: 46002 (msec)
V/MediaPlayer( 1939): getDuration
V/MediaPlayer-JNI( 1939): getDuration: 186018 (msec)
V/MediaPlayer-JNI( 1939): getCurrentPosition: 46289 (msec)
D/TrafficMonitorMain( 1451): performPoll mCurrentDDS = 0
D/Posix   (  233): ## MMS_TRACE: ##: setsockoptInt(): option = 18, value = 1.
D/Posix   (  233): ## MMS_TRACE: ##: setsockoptInt(): option = 6, value = 1.
V/MediaPlayer( 1939): getDuration
V/MediaPlayer-JNI( 1939): getDuration: 186018 (msec)
V/MediaPlayer-JNI( 1939): getCurrentPosition: 47020 (msec)
I/Surface ( 2184): Surface_lockCanvas
V/MediaPlayer( 1939): getDuration
V/MediaPlayer-JNI( 1939): getDuration: 186018 (msec)
V/MediaPlayer-JNI( 1939): getCurrentPosition: 47282 (msec)
W/SignalStrength(  233): getGsmLevel=4
W/SignalStrength(  233): getLevel=4 (SignalStrength: 20 -1 -1 -1 -1 -1 -1 -1 -1 -1 -1 -1 gsm|lte 4)
W/SignalStrength( 2184): getGsmLevel=4
W/SignalStrength( 2184): getLevel=4 (SignalStrength: 20 -1 -1 -1 -1 -1 -1 -1 -1 -1 -1 -1 gsm|lte 4)
W/SignalStrength(  233): getGsmDbm=-73
W/SignalStrength(  233): getDbm=-73
W/SignalStrength(  233): getGsmAsuLevel=20
W/SignalStrength(  233): getAsuLevel=20
V/MediaPlayer( 1939): getDuration
V/MediaPlayer-JNI( 1939): getDuration: 186018 (msec)
V/MediaPlayer-JNI( 1939): getCurrentPosition: 48013 (msec)
I/Surface ( 2184): Surface_lockCanvas
V/MediaPlayer( 1939): getDuration
V/MediaPlayer-JNI( 1939): getDuration: 186018 (msec)
V/MediaPlayer-JNI( 1939): getCurrentPosition: 48300 (msec)
V/MediaPlayer( 1939): getDuration
V/MediaPlayer-JNI( 1939): getDuration: 186018 (msec)
V/MediaPlayer-JNI( 1939): getCurrentPosition: 49006 (msec)
I/Surface ( 2184): Surface_lockCanvas
V/MediaPlayer( 1939): getDuration
V/MediaPlayer-JNI( 1939): getDuration: 186018 (msec)
V/MediaPlayer-JNI( 1939): getCurrentPosition: 49293 (msec)
V/MediaPlayer( 1939): getDuration
V/MediaPlayer-JNI( 1939): getDuration: 186018 (msec)
V/MediaPlayer-JNI( 1939): getCurrentPosition: 50024 (msec)
W/SignalStrength(  233): getGsmLevel=4
W/SignalStrength(  233): getLevel=4 (SignalStrength: 23 -1 -1 -1 -1 -1 -1 -1 -1 -1 -1 -1 gsm|lte 4)
W/SignalStrength( 2184): getGsmLevel=4
W/SignalStrength( 2184): getLevel=4 (SignalStrength: 23 -1 -1 -1 -1 -1 -1 -1 -1 -1 -1 -1 gsm|lte 4)
W/SignalStrength(  233): getGsmDbm=-67
W/SignalStrength(  233): getDbm=-67
W/SignalStrength(  233): getGsmAsuLevel=23
W/SignalStrength(  233): getAsuLevel=23
V/MediaPlayer( 1939): getDuration
V/MediaPlayer-JNI( 1939): getDuration: 186018 (msec)
V/MediaPlayer-JNI( 1939): getCurrentPosition: 50286 (msec)
V/MediaPlayer( 1939): getDuration
V/MediaPlayer-JNI( 1939): getDuration: 186018 (msec)
V/MediaPlayer-JNI( 1939): getCurrentPosition: 51017 (msec)
V/MediaPlayer( 1939): getDuration
V/MediaPlayer-JNI( 1939): getDuration: 186018 (msec)
V/MediaPlayer-JNI( 1939): getCurrentPosition: 51304 (msec)
D/Posix   (  233): ## MMS_TRACE: ##: setsockoptInt(): option = 18, value = 1.
D/Posix   (  233): ## MMS_TRACE: ##: setsockoptInt(): option = 6, value = 1.
D/StatusBar-TrafficView( 2184): has icc card = true
V/com.baidu.trafficmonitor.widget.provider.TrafficMonitorWidgetProvider( 1451): onReceive : com.baidu.trafficmonitor.widget.provider.TrafficMonitorWidgetProvider@40fde398 mReceiveBroadcastNum : 40
V/com.baidu.trafficmonitor.widget.provider.TrafficMonitorWidgetProvider( 1451): ACTION_NETWORK_STATS_UPDATE_WIDGET msg arrivied
E/com.baidu.trafficmonitor.widget.provider.TrafficMonitorWidgetProvider( 1451):  simInfo is null
V/MediaPlayer( 1939): getDuration
V/MediaPlayer-JNI( 1939): getDuration: 186018 (msec)
V/MediaPlayer-JNI( 1939): getCurrentPosition: 52010 (msec)
I/Surface ( 2184): Surface_lockCanvas
V/MediaPlayer( 1939): getDuration
V/MediaPlayer-JNI( 1939): getDuration: 186018 (msec)
V/MediaPlayer-JNI( 1939): getCurrentPosition: 52297 (msec)
W/SignalStrength(  233): getGsmLevel=4
W/SignalStrength(  233): getLevel=4 (SignalStrength: 24 -1 -1 -1 -1 -1 -1 -1 -1 -1 -1 -1 gsm|lte 4)
W/SignalStrength( 2184): getGsmLevel=4
W/SignalStrength( 2184): getLevel=4 (SignalStrength: 24 -1 -1 -1 -1 -1 -1 -1 -1 -1 -1 -1 gsm|lte 4)
W/SignalStrength(  233): getGsmDbm=-65
W/SignalStrength(  233): getDbm=-65
W/SignalStrength(  233): getGsmAsuLevel=24
W/SignalStrength(  233): getAsuLevel=24
V/MediaPlayer( 1939): getDuration
V/MediaPlayer-JNI( 1939): getDuration: 186018 (msec)
V/MediaPlayer-JNI( 1939): getCurrentPosition: 53029 (msec)
I/Surface ( 2184): Surface_lockCanvas
V/MediaPlayer( 1939): getDuration
V/MediaPlayer-JNI( 1939): getDuration: 186018 (msec)
V/MediaPlayer-JNI( 1939): getCurrentPosition: 53290 (msec)
V/MediaPlayer( 1939): getDuration
V/MediaPlayer-JNI( 1939): getDuration: 186018 (msec)
V/MediaPlayer-JNI( 1939): getCurrentPosition: 54047 (msec)
V/MediaPlayer( 1939): getDuration
V/MediaPlayer-JNI( 1939): getDuration: 186018 (msec)
V/MediaPlayer-JNI( 1939): getCurrentPosition: 54309 (msec)
V/MediaPlayer( 1939): getDuration
V/MediaPlayer-JNI( 1939): getDuration: 186018 (msec)
V/MediaPlayer-JNI( 1939): getCurrentPosition: 55040 (msec)
V/MediaPlayer( 1939): getDuration
V/MediaPlayer-JNI( 1939): getDuration: 186018 (msec)
V/MediaPlayer-JNI( 1939): getCurrentPosition: 55327 (msec)
I/InputReader(  233): Touch event's action is 0x0 (deviceType=0) [pCnt=1, pending(waiting finished signal)=0, s=0.129 ]
I/InputDispatcher(  233): Delivering touch to current input target: action: 0x0
I/InputDispatcher(  233): Delivering touch to current input target: action: 0x0
I/PowerManagerService(  233): Ulight 0x3->0x7|0x0
D/PowerManagerService(  233): setLightBrightness : mButtonLight : 255
V/MediaPlayer( 1939): getDuration
V/MediaPlayer-JNI( 1939): getDuration: 186018 (msec)
V/MediaPlayer-JNI( 1939): getCurrentPosition: 56033 (msec)
V/MediaPlayer( 1939): getDuration
V/MediaPlayer-JNI( 1939): getDuration: 186018 (msec)
V/MediaPlayer-JNI( 1939): getCurrentPosition: 56320 (msec)
V/AlarmManager(  233): waitForAlarm result :2
W/AlarmManager(  233): FACTORY_ON= 0
I/InputReader(  233): Touch event's action is 0x1 (deviceType=0) [pCnt=1, pending(waiting finished signal)=0, s=]
I/InputDispatcher(  233): Delivering touch to current input target: action: 0x1
I/InputDispatcher(  233): Delivering touch to current input target: action: 0x1
D/InputReader(  233): Input event: value=1
D/WindowManager(  233): interceptKeyTq keycode=25 screenIsOn=true keyguardActive=false
I/InputDispatcher(  233): Delivering key to current input target: action: 0x0
I/InputDispatcher(  233): Delivering key to current input target: action: 0x0
I/AudioService(  233): adjustStreamVolume: streamType 3, AllSoundMute 0
V/AudioPolicyManagerBase(   97): getDeviceForStrategy() strategy 0, device 2
V/AudioPolicyManagerBase(   97): getNewDevice() selected device 2
I/AudioService(  233): MSG_SET_SYSTEM_VOLUME: streamAlias 3, index 140
I/AudioService(  233): isMediaSilentMode false
V/AudioPolicyManagerBase(   97): getDeviceForStrategy() strategy 0, device 2
V/AudioPolicyManagerBase(   97): getNewDevice() selected device 2
V/AudioPolicyManagerBase(   97): getDeviceForStrategy() strategy 0, device 2
V/AudioPolicyManagerBase(   97): getNewDevice() selected device 2
V/AudioPolicyManagerBase(   97): setStreamVolumeIndex() stream 3, index 14
V/AudioPolicyManagerBase(   97): getDeviceForStrategy() strategy 0, device 2
V/AudioPolicyManagerBase(   97): getNewDevice() selected device 2
D/AudioPolicyManagerBase(   97): return MUSIC_SPK index=14
V/AudioPolicyManagerALSA(   97): setStreamVolume() for output 1 stream 3, volume 0.707946, delay 0
V/AudioPolicyService(   97): inserting command: 2 at index 0, num commands 0
V/AudioPolicyService(   97): AudioCommandThread() adding set volume stream 3, volume 0.707946, output 1
V/AudioPolicyService(   97): AudioCommandThread() waking up
V/AudioPolicyService(   97): AudioCommandThread() processing set volume stream 3,                             volume 0.707946, output 1
V/AudioPolicyService(   97): AudioCommandThread() going to sleep
V/AudioPolicyManagerBase(   97): getDeviceForStrategy() strategy 0, device 2
V/AudioPolicyManagerBase(   97): getNewDevice() selected device 2
V/AudioPolicyService(   97): inserting command: 3 at index 0, num commands 0
V/AudioPolicyService(   97): AudioCommandThread() adding set parameter string music_volume=0.7079457641;music_volume_index=14, io 1 ,delay 0
D/AudioService(  233): getStreamVolume(3)
V/AudioPolicyManagerBase(   97): getDeviceForStrategy() from cache strategy 0, device 2
V/AudioPolicyService(   97): AudioCommandThread() waking up
V/AudioPolicyService(   97): AudioCommandThread() processing set parameters string music_volume=0.7079457641;music_volume_index=14, io 1
V/AudioFlinger(   97): setParameters(): io 1, keyvalue music_volume=0.7079457641;music_volume_index=14, tid 214, calling tid 97
V/AudioFlinger(   97): ThreadBase::setParameters() music_volume=0.7079457641;music_volume_index=14
W/dalvikvm(  233): threadid=12: thread exiting with uncaught exception (group=0x40c66210)
D/AudioHardwareALSA(   97): ALSAStreamOps::setParameters() music_volume=0.7079457641;music_volume_index=14
I/AudioHardwareALSA(   97): volIndex=14
I/AudioHardwareALSA(   97): [setMusicVolumeIndex]mMusicVolumeIndex=15,music_volume_index= 14
I/AudioHardwareALSA(   97): [setMusicVolume][mOutput]mMusicVolumeIndex=14
E/AudioHardwareALSA(   97): mIsMusicVolumeIndex [15],MusicVolumeIndex[14]
I/AudioHardwareALSA(   97): volGain=0.707946
I/AudioHardwareALSA(   97): [setMusicVolume]mIsMusicVolume=1.000000,music_volume=0.707946
I/AudioHardwareALSA(   97): [setMusicVolume][mOutput]mMusicVolume=0.707946
E/AudioHardwareALSA(   97): mMusicVolume [1.000000]MusicVolume[0.707946]
V/AudioPolicyService(   97): AudioCommandThread() going to sleep
V/AudioPolicyManagerBase(   97): setStreamVolumeIndex() stream 10, index 14
V/AudioPolicyManagerBase(   97): getDeviceForStrategy() strategy 0, device 2
V/AudioPolicyManagerBase(   97): getNewDevice() selected device 2
D/AudioPolicyManagerBase(   97): return MUSIC_SPK index=14
V/AudioPolicyManagerALSA(   97): setStreamVolume() for output 1 stream 10, volume 0.707946, delay 0
V/AudioPolicyService(   97): inserting command: 2 at index 0, num commands 0
V/AudioPolicyService(   97): AudioCommandThread() adding set volume stream 10, volume 0.707946, output 1
V/AudioPolicyService(   97): AudioCommandThread() waking up
V/AudioPolicyService(   97): AudioCommandThread() processing set volume stream 10,                             volume 0.707946, output 1
V/AudioPolicyService(   97): AudioCommandThread() going to sleep
V/AudioPolicyManagerBase(   97): setStreamVolumeIndex() stream 9, index 14
V/AudioPolicyManagerBase(   97): getDeviceForStrategy() strategy 0, device 2
V/AudioPolicyManagerBase(   97): getNewDevice() selected device 2
D/AudioPolicyManagerBase(   97): return MUSIC_SPK index=14
V/AudioPolicyManagerALSA(   97): setStreamVolume() for output 1 stream 9, volume 0.707946, delay 0
V/AudioPolicyService(   97): inserting command: 2 at index 0, num commands 0
V/AudioPolicyService(   97): AudioCommandThread() adding set volume stream 9, volume 0.707946, output 1
V/AudioPolicyService(   97): AudioCommandThread() waking up
V/AudioPolicyService(   97): AudioCommandThread() processing set volume stream 9,                             volume 0.707946, output 1
V/AudioPolicyService(   97): AudioCommandThread() going to sleep
V/MediaPlayer( 1939): getDuration
V/MediaPlayer-JNI( 1939): getDuration: 186018 (msec)
V/MediaPlayer-JNI( 1939): getCurrentPosition: 57051 (msec)
E/android.os.Debug(  233): !@Dumpstate > dumpstate -k -t -n -z -d -o /data/log/dumpstate_sys_error
E/AndroidRuntime(  233): *** FATAL EXCEPTION IN SYSTEM PROCESS: android.server.ServerThread
E/AndroidRuntime(  233): java.lang.IllegalStateException: ActionBarView can only be used with android:layout_width="match_parent" (or fill_parent)
E/AndroidRuntime(  233): 	at com.android.internal.widget.ActionBarView.onMeasure(ActionBarView.java:860)
E/AndroidRuntime(  233): 	at android.view.View.measure(View.java:12997)
E/AndroidRuntime(  233): 	at android.view.ViewGroup.measureChildWithMargins(ViewGroup.java:9423)
E/AndroidRuntime(  233): 	at android.widget.FrameLayout.onMeasure(FrameLayout.java:293)
E/AndroidRuntime(  233): 	at com.android.internal.widget.ActionBarContainer.onMeasure(ActionBarContainer.java:173)
E/AndroidRuntime(  233): 	at android.view.View.measure(View.java:12997)
E/AndroidRuntime(  233): 	at android.view.ViewGroup.measureChildWithMargins(ViewGroup.java:9423)
E/AndroidRuntime(  233): 	at android.widget.LinearLayout.measureChildBeforeLayout(LinearLayout.java:1385)
E/AndroidRuntime(  233): 	at android.widget.LinearLayout.measureVertical(LinearLayout.java:670)
E/AndroidRuntime(  233): 	at android.widget.LinearLayout.onMeasure(LinearLayout.java:563)
E/AndroidRuntime(  233): 	at android.view.View.measure(View.java:12997)
E/AndroidRuntime(  233): 	at android.view.ViewGroup.measureChildWithMargins(ViewGroup.java:9423)
E/AndroidRuntime(  233): 	at android.widget.FrameLayout.onMeasure(FrameLayout.java:293)
E/AndroidRuntime(  233): 	at com.android.internal.policy.impl.PhoneWindow$DecorView.onMeasure(PhoneWindow.java:2092)
E/AndroidRuntime(  233): 	at android.view.View.measure(View.java:12997)
E/AndroidRuntime(  233): 	at android.view.ViewRootImpl.performTraversals(ViewRootImpl.java:1238)
E/AndroidRuntime(  233): 	at android.view.ViewRootImpl.handleMessage(ViewRootImpl.java:2670)
E/AndroidRuntime(  233): 	at android.os.Handler.dispatchMessage(Handler.java:99)
E/AndroidRuntime(  233): 	at android.os.Looper.loop(Looper.java:137)
E/AndroidRuntime(  233): 	at com.android.server.ServerThread.run(SystemServer.java:1069)
D/InputReader(  233): Input event: value=1
D/WindowManager(  233): interceptKeyTq keycode=26 screenIsOn=true keyguardActive=false
I/InputDispatcher(  233): Delivering key to current input target: action: 0x1
I/InputDispatcher(  233): Delivering key to current input target: action: 0x1
I/AudioService(  233): adjustStreamVolume: streamType 3, AllSoundMute 0
V/AudioPolicyManagerBase(   97): getDeviceForStrategy() strategy 0, device 2
V/AudioPolicyManagerBase(   97): getNewDevice() selected device 2
I/dumpstate( 2952): begin
V/MediaPlayer( 1939): getDuration
V/MediaPlayer-JNI( 1939): getDuration: 186018 (msec)
V/MediaPlayer-JNI( 1939): getCurrentPosition: 57339 (msec)
D/dalvikvm(  932): GC_CONCURRENT freed 394K, 33% free 3484K/5191K, paused 1ms+3ms
I/InputDispatcher(  233): Delivering key to current input target: action: 0x0
I/InputDispatcher(  233): Delivering key to current input target: action: 0x0
I/InputDispatcher(  233): Delivering key to current input target: action: 0x0
I/InputDispatcher(  233): Delivering key to current input target: action: 0x0
I/InputDispatcher(  233): Delivering key to current input target: action: 0x0
I/InputDispatcher(  233): Delivering key to current input target: action: 0x0
I/InputDispatcher(  233): Delivering key to current input target: action: 0x0
I/InputDispatcher(  233): Delivering key to current input target: action: 0x0
I/InputDispatcher(  233): Delivering key to current input target: action: 0x0
I/InputDispatcher(  233): Delivering key to current input target: action: 0x0
I/InputDispatcher(  233): Delivering key to current input target: action: 0x0
I/InputDispatcher(  233): Delivering key to current input target: action: 0x0
I/InputDispatcher(  233): Delivering key to current input target: action: 0x0
I/InputDispatcher(  233): Delivering key to current input target: action: 0x0
I/InputDispatcher(  233): Delivering key to current input target: action: 0x0
I/InputDispatcher(  233): Delivering key to current input target: action: 0x0
I/InputDispatcher(  233): Delivering key to current input target: action: 0x0
I/InputDispatcher(  233): Delivering key to current input target: action: 0x0
I/InputDispatcher(  233): Delivering key to current input target: action: 0x0
I/InputDispatcher(  233): Delivering key to current input target: action: 0x0
V/MediaPlayer( 1939): getDuration
V/MediaPlayer-JNI( 1939): getDuration: 186018 (msec)
V/MediaPlayer-JNI( 1939): getCurrentPosition: 58044 (msec)
I/InputDispatcher(  233): Delivering key to current input target: action: 0x0
I/InputDispatcher(  233): Delivering key to current input target: action: 0x0
I/InputDispatcher(  233): Delivering key to current input target: action: 0x0
I/InputDispatcher(  233): Delivering key to current input target: action: 0x0
I/InputDispatcher(  233): Delivering key to current input target: action: 0x0
I/InputDispatcher(  233): Delivering key to current input target: action: 0x0
I/InputDispatcher(  233): Delivering key to current input target: action: 0x0
I/InputDispatcher(  233): Delivering key to current input target: action: 0x0
I/InputDispatcher(  233): Delivering key to current input target: action: 0x0
I/InputDispatcher(  233): Delivering key to current input target: action: 0x0
I/InputDispatcher(  233): Delivering key to current input target: action: 0x0
I/InputDispatcher(  233): Delivering key to current input target: action: 0x0
V/MediaPlayer( 1939): getDuration
V/MediaPlayer-JNI( 1939): getDuration: 186018 (msec)
V/MediaPlayer-JNI( 1939): getCurrentPosition: 58358 (msec)
I/InputDispatcher(  233): Delivering key to current input target: action: 0x0
I/InputDispatcher(  233): Delivering key to current input target: action: 0x0
I/InputDispatcher(  233): Delivering key to current input target: action: 0x0
I/InputDispatcher(  233): Delivering key to current input target: action: 0x0
I/InputDispatcher(  233): Delivering key to current input target: action: 0x0
I/InputDispatcher(  233): Delivering key to current input target: action: 0x0
I/InputDispatcher(  233): Delivering key to current input target: action: 0x0
I/InputDispatcher(  233): Delivering key to current input target: action: 0x0
I/InputDispatcher(  233): Delivering key to current input target: action: 0x0
I/InputDispatcher(  233): Delivering key to current input target: action: 0x0
I/InputDispatcher(  233): Delivering key to current input target: action: 0x0
I/InputDispatcher(  233): Delivering key to current input target: action: 0x0
I/InputDispatcher(  233): Delivering key to current input target: action: 0x0
I/InputDispatcher(  233): Delivering key to current input target: action: 0x0
I/InputDispatcher(  233): Delivering key to current input target: action: 0x0
I/InputDispatcher(  233): Delivering key to current input target: action: 0x0
I/InputDispatcher(  233): Delivering key to current input target: action: 0x0
I/InputDispatcher(  233): Delivering key to current input target: action: 0x0
I/InputDispatcher(  233): Delivering key to current input target: action: 0x0
I/InputDispatcher(  233): Delivering key to current input target: action: 0x0
I/InputDispatcher(  233): Delivering key to current input target: action: 0x0
I/InputDispatcher(  233): Delivering key to current input target: action: 0x0
I/InputDispatcher(  233): Delivering key to current input target: action: 0x0
I/InputDispatcher(  233): Delivering key to current input target: action: 0x0
I/InputDispatcher(  233): Delivering key to current input target: action: 0x0
I/InputDispatcher(  233): Delivering key to current input target: action: 0x0
I/InputDispatcher(  233): Delivering key to current input target: action: 0x0
I/InputDispatcher(  233): Delivering key to current input target: action: 0x0
V/MediaPlayer( 1939): getDuration
V/MediaPlayer-JNI( 1939): getDuration: 186018 (msec)
V/MediaPlayer-JNI( 1939): getCurrentPosition: 59063 (msec)
I/InputDispatcher(  233): Delivering key to current input target: action: 0x0
I/InputDispatcher(  233): Delivering key to current input target: action: 0x0
I/InputDispatcher(  233): Delivering key to current input target: action: 0x0
I/InputDispatcher(  233): Delivering key to current input target: action: 0x0
D/PowerManagerService(  233): setScreenOffTimeouts mKeylightDelay=1500 mDimDelay=51500 mScreenOffDelay=7000 mDimScreen=true
D/PowerManagerService(  233): setScreenOffTimeouts mKeylightDelay=1500 mDimDelay=51500 mScreenOffDelay=7000 mDimScreen=true
D/InputReader(  233): Input event: value=0
V/AudioPolicyManagerBase(   97): getNewDevice() selected device 2
W/PowerManagerService(  233): Timer 0x7->0x3|0x3
I/PowerManagerService(  233): Ulight 0x7->0x3|0x0
D/PowerManagerService(  233): setLightBrightness : mButtonLight : 0
D/VoldCmdListener(   79): asec list
D/VoldCmdListener(   79): CommandListener::AsecCmd::runCommand -> -- 
I/InputDispatcher(  233): Delivering key to current input target: action: 0x0
I/InputDispatcher(  233): Delivering key to current input target: action: 0x0
I/ServiceManager(   78): service 'meminfo' died
V/AudioFlinger(   97): remove track (4097) and delete from mixer
I/ActivityThread( 2524): Removing dead content provider: settings
I/ActivityThread( 1339): Removing dead content provider: settings
I/ActivityThread( 1094): Removing dead content provider: settings
I/ActivityThread(  587): Removing dead content provider: settings
I/ActivityThread( 1426): Removing dead content provider: settings
I/ActivityThread( 1960): Removing dead content provider: settings
I/ActivityThread( 2444): Removing dead content provider: settings
I/ActivityThread( 1468): Removing dead content provider: settings
I/ActivityThread(  932): Removing dead content provider: settings
I/ActivityThread( 1939): Removing dead content provider: settings
I/ActivityThread( 1517): Removing dead content provider: settings
I/ActivityThread(  818): Removing dead content provider: settings
I/ActivityThread( 1189): Removing dead content provider: settings
I/ActivityThread( 1137): Removing dead content provider: settings
I/ActivityThread( 1055): Removing dead content provider: settings
I/ActivityThread( 1019): Removing dead content provider: settings
I/ActivityThread(  484): Removing dead content provider: settings
I/ActivityThread(  996): Removing dead content provider: settings
I/ActivityThread(  960): Removing dead content provider: settings
I/ActivityThread(  764): Removing dead content provider: settings
I/ActivityThread(  689): Removing dead content provider: settings
I/ActivityThread(  676): Removing dead content provider: settings
I/ActivityThread(  462): Removing dead content provider: settings
I/ActivityThread(  645): Removing dead content provider: settings
I/ActivityThread(  569): Removing dead content provider: settings
I/ActivityThread(  527): Removing dead content provider: settings
I/ActivityThread(  437): Removing dead content provider: settings
I/ActivityThread( 2184): Removing dead content provider: settings
E/AndroidRuntime( 1451): FATAL EXCEPTION: TrafficMonitor
E/AndroidRuntime( 1451): java.lang.RuntimeException: problem reading network stats
E/AndroidRuntime( 1451): 	at com.baidu.trafficmonitor.TrafficMonitorService.performPoll(TrafficMonitorService.java:479)
E/AndroidRuntime( 1451): 	at com.baidu.trafficmonitor.TrafficMonitorService$2.handleMessage(TrafficMonitorService.java:346)
E/AndroidRuntime( 1451): 	at android.os.Handler.dispatchMessage(Handler.java:95)
E/AndroidRuntime( 1451): 	at android.os.Looper.loop(Looper.java:137)
E/AndroidRuntime( 1451): 	at android.os.HandlerThread.run(HandlerThread.java:60)
E/AndroidRuntime( 1451): Caused by: android.os.DeadObjectException
E/AndroidRuntime( 1451): 	at android.os.BinderProxy.transact(Native Method)
E/AndroidRuntime( 1451): 	at android.net.INetworkStatsService$Stub$Proxy.forceUpdate(INetworkStatsService.java:411)
E/AndroidRuntime( 1451): 	at com.baidu.trafficmonitor.TrafficMonitorService.performPoll(TrafficMonitorService.java:424)
E/AndroidRuntime( 1451): 	... 4 more
E/AndroidRuntime( 1451): Error reporting crash
E/AndroidRuntime( 1451): android.os.DeadObjectException
E/AndroidRuntime( 1451): 	at android.os.BinderProxy.transact(Native Method)
E/AndroidRuntime( 1451): 	at android.app.ActivityManagerProxy.handleApplicationCrash(ActivityManagerNative.java:2981)
E/AndroidRuntime( 1451): 	at com.android.internal.os.RuntimeInit$UncaughtHandler.uncaughtException(RuntimeInit.java:153)
E/AndroidRuntime( 1451): 	at java.lang.ThreadGroup.uncaughtException(ThreadGroup.java:693)
E/AndroidRuntime( 1451): 	at java.lang.ThreadGroup.uncaughtException(ThreadGroup.java:690)
E/InputQueue-JNI( 1426): channel '413e7be8 com.android.settings/com.android.settings.Settings (client)' ~ Publisher closed input channel or an error occurred.  events=0x8
E/SurfaceTexture(   94): [SurfaceView] dequeueBuffer: SurfaceTexture has been abandoned!
I/SurfaceFlinger(   94): id=67 Removed Camerb idx=-2 Map Size=1
V/SprdCameraHardware( 2995): HAL_getNumberOfCameras,1.
W/ALSAModule( 2995): s_open try count is 0
I/Zygote  ( 2997): Preloading resources...
W/ALSAModule( 2995): audio_tune_hw4app_write2hardware No Application works on tune, we will use default nv item <12,music>
V/AudioPolicyService( 2995): AudioCommandThread() processing set volume stream 0,                             volume 75.250000, output 1
V/AudioPolicyService( 2995): inserting command: 2 at index 0, num commands 0
V/AudioPolicyService( 2995): AudioCommandThread() adding set volume stream 3, volume 55.000000, output 1
V/AudioPolicyService( 2995): AudioCommandThread() going to sleep
V/AudioPolicyManagerBase( 2995): getDeviceForStrategy() from cache strategy 0, device 0
I/ApplicationContext( 2997): IRDA Service ro.product.nam = kyletdzm
V/BluetoothEventLoop.cpp( 2997): classInitNative
V/BluetoothService.cpp( 2997): classInitNative
D/dalvikvm( 2997): GC_FOR_ALLOC freed 370K, 42% free 1498K/2560K, paused 12ms
W/Zygote  ( 2997): Class not found for preloading: android.text.TextDirectionHeuristics$CharCount
W/Zygote  ( 2997): Class not found for preloading: android.text.method.WordIterator$1
D/dalvikvm( 2997): GC_FOR_ALLOC freed 68K, 25% free 1942K/2560K, paused 103ms
I/dalvikvm( 2997): threadid=5: recursive native library load attempt (/system/lib/libwebcore.so)
D/dalvikvm( 2997): No JNI_OnLoad found in /system/lib/libchromium_net.so 0x0, skipping init
I/System  ( 2997): Loaded time zone names for  in 1736ms (1712ms in ICU)
I/Zygote  ( 2997): ...preloaded 1500 classes in 2613ms.
I/dalvikvm( 2997): System server process 3033 has been created
I/Zygote  ( 2997): Accepting command socket connections
W/PackageParser( 3033): No actions in intent filter at /system/app/Contacts.apk Binary XML file line #297
W/PackageParser( 3033): No actions in intent filter at /system/app/Contacts.apk Binary XML file line #410
I/SensorService( 3033): BMA222E / KXTJ2 Acceleration Sensor
I/SensorService( 3033): GP2A_PROX
I/RemoteDesktopService( 3033): RemoteDesktopService started (pid=3033)
I/sysproc ( 3033): System server: starting Android runtime.
I/sysproc ( 3033): System server: starting Android services.
I/sysproc ( 3033): !@endofsystem_init1()
I/SystemServer( 3033): Entered the Android system server!
D/SensorService( 3033): nuSensorService thread starting...
I/sysproc ( 3033): System server: entering thread pool.
I/SystemServer( 3033): !@SystemServer Thread begins...
I/SystemServer( 3033): Entropy Service
I/SystemServer( 3033): Power Manager
I/SystemServer( 3033): Activity Manager
I/ActivityManager( 3033): Memory class: 64
I/SystemServer( 3033): Telephony Registry
I/SystemServer( 3033): Package Manager
I/SystemServer( 3033): !@beginofPackageManager
D/dalvikvm( 3033): GC_CONCURRENT freed 512K, 26% free 3305K/4423K, paused 2ms+2ms
D/dalvikvm( 3033): GC_FOR_ALLOC freed 309K, 29% free 3175K/4423K, paused 36ms
D/dalvikvm( 3033): GC_FOR_ALLOC freed 254K, 29% free 3178K/4423K, paused 15ms
W/PackageManager( 3033): Library not found: /system/framework/com.samsung.ims.jar
W/PackageManager( 3033): Library not found: /system/framework/com.samsung.commonimsinterface.jar
D/dalvikvm( 3033): GC_CONCURRENT freed 749K, 31% free 3347K/4807K, paused 1ms+1ms
I/dalvikvm( 3033): Zip is good, but no classes.dex inside, and no .odex file in the same directory
W/PackageManager( 3033): Exception reading jar: /system/framework/framework-res-yi.apk
W/PackageManager( 3033): java.io.IOException: /system/framework/framework-res-yi.apk
W/PackageManager( 3033): 	at dalvik.system.DexFile.isDexOptNeeded(Native Method)
W/PackageManager( 3033): 	at com.android.server.pm.PackageManagerService.<init>(PackageManagerService.java:1321)
W/PackageManager( 3033): 	at com.android.server.pm.PackageManagerService.main(PackageManagerService.java:1110)
W/PackageManager( 3033): 	at com.android.server.ServerThread.run(SystemServer.java:220)
I/dalvikvm( 3033): Zip is good, but no classes.dex inside, and no .odex file in the same directory
W/PackageManager( 3033): Exception reading jar: /system/framework/twframework-res.apk
W/PackageManager( 3033): java.io.IOException: /system/framework/twframework-res.apk
W/PackageManager( 3033): 	at dalvik.system.DexFile.isDexOptNeeded(Native Method)
W/PackageManager( 3033): 	at com.android.server.pm.PackageManagerService.<init>(PackageManagerService.java:1321)
W/PackageManager( 3033): 	at com.android.server.pm.PackageManagerService.main(PackageManagerService.java:1110)
W/PackageManager( 3033): 	at com.android.server.ServerThread.run(SystemServer.java:220)
I/BootTime( 3033): Fail Safe scanning for:|XXXXXX|XXXXXXXXX|XXXXXXXXXXXXXXXXXXX
W/PackageParser( 3033): /system/framework/twframework-res.apk (at Binary XML file line #2): <manifest haha> specifies bad package name "touchwiz": must have at least one '.' separator
I/BootTime( 3033): Fail Safe scanning for:|XXXXXX|XXX|XXXXXXXXXXXXXXXXXXXXXX
I/BootTime( 3033): Fail Safe scanning for:|XXXXXX|XXX|XXXXXXXXXXXXXXXX
I/BootTime( 3033): Fail Safe scanning for:|XXXXXX|XXX|XXXXXXXXXXXXXXX
W/PackageManager( 3033): Package com.baidu.camera desires unavailable shared library com.google.android.media.effects; ignoring!
I/BootTime( 3033): Fail Safe scanning for:|XXXXXX|XXX|XXXXXXXXXXXXXX
I/BootTime( 3033): Fail Safe scanning for:|XXXXXX|XXX|XXXXXXXXXXXXXXXXXXXX
I/BootTime( 3033): Fail Safe scanning for:|XXXXXX|XXX|XXXXXXXXXXXXXXXXXXX
I/BootTime( 3033): Fail Safe scanning for:|XXXXXX|XXX|XXXXXXXXXXXXXX.XXX
W/PackageManager( 3033): Package com.baidu.gallery3d desires unavailable shared library com.google.android.media.effects; ignoring!
I/BootTime( 3033): Fail Safe scanning for:|XXXXXX|XXX|XXXXXXXXXXXXXX
D/dalvikvm( 3033): GC_CONCURRENT freed 220K, 26% free 3559K/4807K, paused 1ms+3ms
I/BootTime( 3033): Fail Safe scanning for:|XXXXXX|XXX|XXXXXXXXXXXX
I/BootTime( 3033): Fail Safe scanning for:|XXXXXX|XXX|XXXXXXXXXXXXXXXXXXXX
I/BootTime( 3033): Fail Safe scanning for:|XXXXXX|XXX|XXXXXXXXXXXXXXXXXXXXXXXX
I/BootTime( 3033): Fail Safe scanning for:|XXXXXX|XXX|XXXXXXXXXXXXXXXX
I/BootTime( 3033): Fail Safe scanning for:|XXXXXX|XXX|XXXXXXXXXXXXXX
I/BootTime( 3033): Fail Safe scanning for:|XXXXXX|XXX|XXXXXXXXXXXXXXXXXXXXXXX
I/BootTime( 3033): Fail Safe scanning for:|XXXXXX|XXX|XXXXXXXXXXXXX
I/BootTime( 3033): Fail Safe scanning for:|XXXXXX|XXX|XXXXXXXXXXXXXXXXXXXXX
I/BootTime( 3033): Fail Safe scanning for:|XXXXXX|XXX|XXXXXXXXXXXXXX
I/BootTime( 3033): Fail Safe scanning for:|XXXXXX|XXX|XXXXXXXXXXXX
I/BootTime( 3033): Fail Safe scanning for:|XXXXXX|XXX|XXXXXXXXXXXXXXX
I/BootTime( 3033): Fail Safe scanning for:|XXXXXX|XXX|XXXXXXXXXXXXXXXXXXXXX
I/BootTime( 3033): Fail Safe scanning for:|XXXXXX|XXX|XXXXXXXXXXXXXXXXXXXX
I/BootTime( 3033): Fail Safe scanning for:|XXXXXX|XXX|XXXXXXXXXXXXXXXXXXXX
D/dalvikvm( 3033): GC_CONCURRENT freed 158K, 20% free 3856K/4807K, paused 2ms+13ms
I/SurfaceFlinger(   94): id=75 Removed <pid_2992? idx=0 Map Size=0
I/SurfaceFlinger(   94): id=75 Removed <pid_2992? idx=-2 Map Size=0
I/BootTime( 3033): Fail Safe scanning for:|XXXXXX|XXX|XXXXXXXXXXXXXXXXXX
I/BootTime( 3033): Fail Safe scanning for:|XXXXXX|XXX|XXXXXXXXXXXXXXXX
I/BootTime( 3033): Fail Safe scanning for:|XXXXXX|XXX|XXXXXXXXXXXXXXXXX
I/BootTime( 3033): Fail Safe scanning for:|XXXXXX|XXX|XXXXXXXXXXXXXXXXXXX
I/BootTime( 3033): Fail Safe scanning for:|XXXXXX|XXX|XXXXXXXXXXXXXX
I/BootTime( 3033): Fail Safe scanning for:|XXXXXX|XXX|XXXXXXXXXXXX
I/BootTime( 3033): Fail Safe scanning for:|XXXXXX|XXX|XXXXXXXXXXXXXXXXXXXX
I/BootTime( 3033): Fail Safe scanning for:|XXXXXX|XXX|XXXXXXXXXXXXXXXXXXXX
I/BootTime( 3033): Fail Safe scanning for:|XXXXXX|XXX|XXXXXXXXXXXXXXXXXXXXXXXXXXX
I/BootTime( 3033): Fail Safe scanning for:|XXXXXX|XXX|XXXXXXXXXXXXXXXXXXXX
I/BootTime( 3033): Fail Safe scanning for:|XXXXXX|XXX|XXXXXXXXXXXXXXXXXXXXXX
I/BootTime( 3033): Fail Safe scanning for:|XXXXXX|XXX|XXXXXXXXXXXXXXX
I/BootTime( 3033): Fail Safe scanning for:|XXXXXX|XXX|XXXXXXXXXXXXXXXXXXXXXXXXXXXXX
I/BootTime( 3033): Fail Safe scanning for:|XXXXXX|XXX|XXXXXXXXX
I/BootTime( 3033): Fail Safe scanning for:|XXXXXX|XXX|XXXXXXXXXXXX
I/BootTime( 3033): Fail Safe scanning for:|XXXXXX|XXX|XXXXXXXXXXXX
I/BootTime( 3033): Fail Safe scanning for:|XXXXXX|XXX|XXXXXXXXXXX
W/PackageParser( 3033): Unknown element under <manifest>: user-permission at /system/app/HomePro.apk Binary XML file line #90
D/dalvikvm( 3033): GC_CONCURRENT freed 267K, 19% free 4041K/4935K, paused 1ms+2ms
I/BootTime( 3033): Fail Safe scanning for:|XXXXXX|XXX|XXXXXXXXXXXX
I/BootTime( 3033): Fail Safe scanning for:|XXXXXX|XXX|XXXXXXXXXXXXXXXXXXXXXXXX
I/BootTime( 3033): Fail Safe scanning for:|XXXXXX|XXX|XXXXXXXXXXXXXXXXX
I/BootTime( 3033): Fail Safe scanning for:|XXXXXX|XXX|XXXXXXXXXXXXXXXXXX
I/BootTime( 3033): Fail Safe scanning for:|XXXXXX|XXX|XXXXXXXXXXXXXXXXXX
I/BootTime( 3033): Fail Safe scanning for:|XXXXXX|XXX|XXXXXXXXXXXXXXXXXXXXXXXX
I/BootTime( 3033): Fail Safe scanning for:|XXXXXX|XXX|XXXXXXXXXXXXXXXX
I/BootTime( 3033): Fail Safe scanning for:|XXXXXX|XXX|XXXXXXXXXXXXXXXXXXX
I/BootTime( 3033): Fail Safe scanning for:|XXXXXX|XXX|XXXXXXXXXXXXXXXXXXXX
I/BootTime( 3033): Fail Safe scanning for:|XXXXXX|XXX|XXXXXXXXX
I/BootTime( 3033): Fail Safe scanning for:|XXXXXX|XXX|XXXXXXXXXXXXXX
I/BootTime( 3033): Fail Safe scanning for:|XXXXXX|XXX|XXXXXXXXXXXXXXXXX
I/BootTime( 3033): Fail Safe scanning for:|XXXXXX|XXX|XXXXXXXXXXXXX
W/PackageParser( 3033): No actions in intent filter at /system/app/SearchBox.apk Binary XML file line #917
W/PackageParser( 3033): No actions in intent filter at /system/app/SearchBox.apk Binary XML file line #948
I/BootTime( 3033): Fail Safe scanning for:|XXXXXX|XXX|XXXXXXXXXXXXXXXX
W/ResourceType( 3033): getEntry failing because entryIndex 794 is beyond type entryCount 784
W/ResourceType( 3033): Failure getting entry for 0x0103031a (t=2 e=794) in package 0 (error -2147483647)
W/ResourceType( 3033): getEntry failing because entryIndex 794 is beyond type entryCount 784
W/ResourceType( 3033): Failure getting entry for 0x0103031a (t=2 e=794) in package 0 (error -2147483647)
W/ResourceType( 3033): getEntry failing because entryIndex 794 is beyond type entryCount 784
W/ResourceType( 3033): Failure getting entry for 0x0103031a (t=2 e=794) in package 0 (error -2147483647)
W/ResourceType( 3033): getEntry failing because entryIndex 794 is beyond type entryCount 784
W/ResourceType( 3033): Failure getting entry for 0x0103031a (t=2 e=794) in package 0 (error -2147483647)
W/ResourceType( 3033): getEntry failing because entryIndex 794 is beyond type entryCount 784
W/ResourceType( 3033): Failure getting entry for 0x0103031a (t=2 e=794) in package 0 (error -2147483647)
W/ResourceType( 3033): getEntry failing because entryIndex 794 is beyond type entryCount 784
W/ResourceType( 3033): Failure getting entry for 0x0103031a (t=2 e=794) in package 0 (error -2147483647)
W/ResourceType( 3033): getEntry failing because entryIndex 794 is beyond type entryCount 784
W/ResourceType( 3033): Failure getting entry for 0x0103031a (t=2 e=794) in package 0 (error -2147483647)
W/ResourceType( 3033): getEntry failing because entryIndex 794 is beyond type entryCount 784
W/ResourceType( 3033): Failure getting entry for 0x0103031a (t=2 e=794) in package 0 (error -2147483647)
I/BootTime( 3033): Fail Safe scanning for:|XXXXXX|XXX|XXXXXXXXXXXX
D/dalvikvm( 3033): GC_CONCURRENT freed 236K, 18% free 4308K/5191K, paused 2ms+4ms
W/PackageParser( 3033): Problem in package /system/app/Settings.apk:
W/PackageParser( 3033): Unknown element under <activity>: category at /system/app/Settings.apk Binary XML file line #1044
I/BootTime( 3033): Fail Safe scanning for:|XXXXXX|XXX|XXXXXXXXXXXXXXXXXXXX
I/BootTime( 3033): Fail Safe scanning for:|XXXXXX|XXX|XXXXXXXXXXXXXXXXXXXXXXX
I/BootTime( 3033): Fail Safe scanning for:|XXXXXX|XXX|XXXXXXXXXXXX
W/ResourceType( 3033): getEntry failing because entryIndex 792 is beyond type entryCount 784
W/ResourceType( 3033): Failure getting entry for 0x01030318 (t=2 e=792) in package 0 (error -2147483647)
W/ResourceType( 3033): getEntry failing because entryIndex 792 is beyond type entryCount 784
W/ResourceType( 3033): Failure getting entry for 0x01030318 (t=2 e=792) in package 0 (error -2147483647)
W/ResourceType( 3033): getEntry failing because entryIndex 792 is beyond type entryCount 784
W/ResourceType( 3033): Failure getting entry for 0x01030318 (t=2 e=792) in package 0 (error -2147483647)
W/ResourceType( 3033): getEntry failing because entryIndex 792 is beyond type entryCount 784
W/ResourceType( 3033): Failure getting entry for 0x01030318 (t=2 e=792) in package 0 (error -2147483647)
I/BootTime( 3033): Fail Safe scanning for:|XXXXXX|XXX|XXXXXXXXXXXXXXXXXXXXX
I/BootTime( 3033): Fail Safe scanning for:|XXXXXX|XXX|XXXXXXXXXXXXXXXXXX
I/BootTime( 3033): Fail Safe scanning for:|XXXXXX|XXX|XXXXXXXXXXXXXXXXXXXXXXXXXX
I/BootTime( 3033): Fail Safe scanning for:|XXXXXX|XXX|XXXXXXXXXXXXXX
I/BootTime( 3033): Fail Safe scanning for:|XXXXXX|XXX|XXXXXXXXXXXXX
D/PackageManager( 3033): No files in app dir |XXXXXX|XXX
I/installd(  100): new connection
I/Installer( 3033): connecting...
I/BootTime( 3033): Fail Safe scanning for:|XXXX|XXX|XXXXXXXXXXXXXXXXXXXXXXXXXXXXXXXX.XXX
W/PackageManager( 3033): Package com.speedsoftware.rootexplorer desires unavailable shared library com.sec.android.app.multiwindow; ignoring!
I/BootTime( 3033): Fail Safe scanning for:|XXXX|XXX|XXXXXXXXXXXXXXXX.XXX
W/PackageParser( 3033): Problem in package /data/app/com.sina.weibo-1.apk:
W/PackageParser( 3033): Unknown element under <activity>: action at /data/app/com.sina.weibo-1.apk Binary XML file line #190
W/PackageParser( 3033): Problem in package /data/app/com.sina.weibo-1.apk:
W/PackageParser( 3033): Unknown element under <activity>: category at /data/app/com.sina.weibo-1.apk Binary XML file line #191
W/PackageParser( 3033): Problem in package /data/app/com.sina.weibo-1.apk:
W/PackageParser( 3033): Unknown element under <activity>: category at /data/app/com.sina.weibo-1.apk Binary XML file line #192
W/PackageParser( 3033): Problem in package /data/app/com.sina.weibo-1.apk:
W/PackageParser( 3033): Unknown element under <activity>: data at /data/app/com.sina.weibo-1.apk Binary XML file line #193
W/PackageParser( 3033): Problem in package /data/app/com.sina.weibo-1.apk:
W/PackageParser( 3033): Unknown element under <activity>: action at /data/app/com.sina.weibo-1.apk Binary XML file line #1613
W/PackageParser( 3033): Problem in package /data/app/com.sina.weibo-1.apk:
W/PackageParser( 3033): Unknown element under <activity>: category at /data/app/com.sina.weibo-1.apk Binary XML file line #1614
W/PackageParser( 3033): Problem in package /data/app/com.sina.weibo-1.apk:
W/PackageParser( 3033): Unknown element under <activity>: category at /data/app/com.sina.weibo-1.apk Binary XML file line #1615
W/PackageParser( 3033): Problem in package /data/app/com.sina.weibo-1.apk:
W/PackageParser( 3033): Unknown element under <activity>: data at /data/app/com.sina.weibo-1.apk Binary XML file line #1616
D/dalvikvm( 3033): GC_CONCURRENT freed 277K, 17% free 4560K/5447K, paused 1ms+4ms
W/PackageParser( 3033): Problem in package /data/app/com.sina.weibo-1.apk:
W/PackageParser( 3033): Unknown element under <activity>: action at /data/app/com.sina.weibo-1.apk Binary XML file line #1634
W/PackageParser( 3033): Problem in package /data/app/com.sina.weibo-1.apk:
W/PackageParser( 3033): Unknown element under <activity>: category at /data/app/com.sina.weibo-1.apk Binary XML file line #1635
W/PackageParser( 3033): Problem in package /data/app/com.sina.weibo-1.apk:
W/PackageParser( 3033): Unknown element under <activity>: category at /data/app/com.sina.weibo-1.apk Binary XML file line #1636
W/PackageParser( 3033): Problem in package /data/app/com.sina.weibo-1.apk:
W/PackageParser( 3033): Unknown element under <activity>: data at /data/app/com.sina.weibo-1.apk Binary XML file line #1637
W/PackageManager( 3033): Package com.sina.weibo has activity com.alipay.android.mini.window.sdk.MiniPayActivity with priority > 0, forcing to 0
I/BootTime( 3033): Fail Safe scanning for:|XXXX|XXX|XXXXXXXXXXXXXXXXXXXXXX.XXX
W/PackageManager( 3033): Package com.tencent.mobileqq desires unavailable shared library com.google.android.media.effects; ignoring!
W/PackageManager( 3033): Package com.tencent.mobileqq desires unavailable shared library com.motorola.hardware.frontcamera; ignoring!
I/BootTime( 3033): Fail Safe scanning for:|XXXX|XXX|XXXXXXXXXXXXXXXXXX.XXX
W/PackageParser( 3033): No actions in intent filter at /data/app/com.miui.mihome2-1.apk Binary XML file line #569
W/PackageParser( 3033): No actions in intent filter at /data/app/com.miui.mihome2-1.apk Binary XML file line #582
D/dalvikvm( 3033): GC_CONCURRENT freed 182K, 15% free 4951K/5767K, paused 1ms+6ms
I/PackageManager( 3033): Time to scan packages: 5.855 seconds
W/PackageManager( 3033): Removing dangling permission: com.sec.android.app.sysscope.permission.SYSSCOPE_ACCESS_SYSTEM_INFO from package null
W/PackageManager( 3033): Unknown permission android.Manifest.permission.FORCE_STOP_PACKAGES in package com.baiyi_mobile.security
W/PackageManager( 3033): Unknown permission com.htc.launcher.permission.WRITE_SETTINGS in package com.baiyi_mobile.security
W/PackageManager( 3033): Unknown permission com.htc.launcher.permission.READ_SETTINGS in package com.baiyi_mobile.security
W/PackageManager( 3033): Unknown permission android.permission.ADD_SYSTEM_SERVICE in package com.baidu.bsf.system
W/PackageManager( 3033): Unknown permission android.permission.WRITE_INTERNAL_STORAGE in package com.baidu.bsf.system
W/PackageManager( 3033): Unknown permission android.permission.READ_CALL_LOG in package com.miui.mihome2
W/PackageManager( 3033): Not granting permission android.permission.ACCESS_DOWNLOAD_MANAGER to package com.miui.mihome2 (protectionLevel=3 flags=0x18be44)
W/PackageManager( 3033): Unknown permission android.hardware.camera in package com.miui.mihome2
W/PackageManager( 3033): Not granting permission android.permission.STATUS_BAR to package com.miui.mihome2 (protectionLevel=3 flags=0x18be44)
W/PackageManager( 3033): Not granting permission android.permission.BIND_APPWIDGET to package com.miui.mihome2 (protectionLevel=3 flags=0x18be44)
W/PackageManager( 3033): Not granting permission android.permission.DELETE_PACKAGES to package com.miui.mihome2 (protectionLevel=3 flags=0x18be44)
W/PackageManager( 3033): Not granting permission android.permission.CALL_PRIVILEGED to package com.miui.mihome2 (protectionLevel=3 flags=0x18be44)
W/PackageManager( 3033): Unknown permission com.qihoo360.launcher.permission.READ_SETTINGS in package com.miui.mihome2
W/PackageManager( 3033): Unknown permission net.qihoo.launcher.permission.READ_SETTINGS in package com.miui.mihome2
W/PackageManager( 3033): Unknown permission com.nd.android.launcher.permission.READ_SETTINGS in package com.miui.mihome2
W/PackageManager( 3033): Unknown permission com.huawei.android.launcher.permission.READ_SETTINGS in package com.miui.mihome2
