I/Surface (  299): Surface_lockCanvas
I/Surface (  299): Surface_lockCanvas
I/Surface (  299): Surface_lockCanvas
I/Surface (  299): Surface_lockCanvas
I/Surface (  299): Surface_lockCanvas
I/Surface (  299): Surface_lockCanvas
I/Surface (  299): Surface_lockCanvas
I/dalvikvm(  544): DexOpt: not resolving ambiguous class 'Landroid/webkit/WebChromeClient;'
I/dalvikvm(  544): DexOpt: not resolving ambiguous class 'Landroid/webkit/WebViewClient;'
I/Surface (  299): Surface_lockCanvas
I/dalvikvm(  544): DexOpt: not resolving ambiguous class 'Landroid/webkit/WebViewClient;'
I/Surface (  299): Surface_lockCanvas
I/Surface (  299): Surface_lockCanvas
I/Surface (  299): Surface_lockCanvas
I/Surface (  299): Surface_lockCanvas
I/Surface (  299): Surface_lockCanvas
I/Surface (  299): Surface_lockCanvas
I/Surface (  299): Surface_lockCanvas
I/Surface (  299): Surface_lockCanvas
I/Surface (  299): Surface_lockCanvas
I/Surface (  299): Surface_lockCanvas
I/Surface (  299): Surface_lockCanvas
I/Surface (  299): Surface_lockCanvas
I/Surface (  299): Surface_lockCanvas
I/Surface (  299): Surface_lockCanvas
I/Surface (  299): Surface_lockCanvas
I/Surface (  299): Surface_lockCanvas
I/Surface (  299): Surface_lockCanvas
I/Surface (  299): Surface_lockCanvas
I/Surface (  299): Surface_lockCanvas
I/Surface (  299): Surface_lockCanvas
I/Surface (  299): Surface_lockCanvas
I/Surface (  299): Surface_lockCanvas
I/Surface (  299): Surface_lockCanvas
I/Surface (  299): Surface_lockCanvas
I/Surface (  299): Surface_lockCanvas
I/Surface (  299): Surface_lockCanvas
I/Surface (  299): Surface_lockCanvas
I/Surface (  299): Surface_lockCanvas
I/Surface (  299): Surface_lockCanvas
I/Surface (  299): Surface_lockCanvas
I/Surface (  299): Surface_lockCanvas
I/Surface (  299): Surface_lockCanvas
I/Surface (  299): Surface_lockCanvas
I/Surface (  299): Surface_lockCanvas
I/Surface (  299): Surface_lockCanvas
I/Surface (  299): Surface_lockCanvas
I/Surface (  299): Surface_lockCanvas
I/Surface (  299): Surface_lockCanvas
I/dalvikvm(  544): DexOpt: not resolving ambiguous class 'Landroid/webkit/WebChromeClient;'
I/dalvikvm(  544): DexOpt: not resolving ambiguous class 'Landroid/webkit/WebViewClient;'
I/Surface (  299): Surface_lockCanvas
I/Surface (  299): Surface_lockCanvas
I/Surface (  299): Surface_lockCanvas
I/Surface (  299): Surface_lockCanvas
I/Surface (  299): Surface_lockCanvas
I/Surface (  299): Surface_lockCanvas
I/Surface (  299): Surface_lockCanvas
I/Surface (  299): Surface_lockCanvas
I/dalvikvm(  544): DexOpt: not resolving ambiguous class 'Landroid/telephony/PhoneStateListener;'
I/Surface (  299): Surface_lockCanvas
I/dalvikvm(  544): DexOpt: not resolving ambiguous class 'Landroid/webkit/WebViewClient;'
I/Surface (  299): Surface_lockCanvas
I/dalvikvm(  544): DexOpt: not resolving ambiguous class 'Landroid/webkit/WebViewClient;'
I/Surface (  299): Surface_lockCanvas
I/Surface (  299): Surface_lockCanvas
I/Surface (  299): Surface_lockCanvas
I/Surface (  299): Surface_lockCanvas
I/Surface (  299): Surface_lockCanvas
I/Surface (  299): Surface_lockCanvas
I/dalvikvm(  544): DexOpt: not resolving ambiguous class 'Landroid/nfc/NdefMessage;'
I/Surface (  299): Surface_lockCanvas
I/Surface (  299): Surface_lockCanvas
I/Surface (  299): Surface_lockCanvas
I/Surface (  299): Surface_lockCanvas
I/Surface (  299): Surface_lockCanvas
I/Surface (  299): Surface_lockCanvas
I/dalvikvm(  544): DexOpt: not resolving ambiguous class 'Landroid/webkit/WebViewClient;'
I/Surface (  299): Surface_lockCanvas
I/Surface (  299): Surface_lockCanvas
I/Surface (  299): Surface_lockCanvas
I/Surface (  299): Surface_lockCanvas
I/Surface (  299): Surface_lockCanvas
I/Surface (  299): Surface_lockCanvas
I/Surface (  299): Surface_lockCanvas
I/Surface (  299): Surface_lockCanvas
I/Surface (  299): Surface_lockCanvas
I/Surface (  299): Surface_lockCanvas
I/Surface (  299): Surface_lockCanvas
I/Surface (  299): Surface_lockCanvas
I/Surface (  299): Surface_lockCanvas
I/Surface (  299): Surface_lockCanvas
I/Surface (  299): Surface_lockCanvas
I/Surface (  299): Surface_lockCanvas
I/Surface (  299): Surface_lockCanvas
I/dalvikvm(  544): DexOpt: not resolving ambiguous class 'Landroid/webkit/ValueCallback;'
I/Surface (  299): Surface_lockCanvas
I/Surface (  299): Surface_lockCanvas
I/Surface (  299): Surface_lockCanvas
I/Surface (  299): Surface_lockCanvas
I/Surface (  299): Surface_lockCanvas
I/Surface (  299): Surface_lockCanvas
I/Surface (  299): Surface_lockCanvas
D/dalvikvm(  544): DexOpt: load 559ms, verify+opt 5250ms
I/Surface (  299): Surface_lockCanvas
I/Surface (  299): Surface_lockCanvas
I/Surface (  299): Surface_lockCanvas
I/Surface (  299): Surface_lockCanvas
I/Surface (  299): Surface_lockCanvas
I/Surface (  299): Surface_lockCanvas
I/Surface (  299): Surface_lockCanvas
I/Surface (  299): Surface_lockCanvas
I/Surface (  299): Surface_lockCanvas
I/Surface (  299): Surface_lockCanvas
I/Surface (  299): Surface_lockCanvas
I/Surface (  299): Surface_lockCanvas
I/Surface (  299): Surface_lockCanvas
I/Surface (  299): Surface_lockCanvas
I/Surface (  299): Surface_lockCanvas
I/Surface (  299): Surface_lockCanvas
I/Surface (  299): Surface_lockCanvas
I/Surface (  299): Surface_lockCanvas
I/SystemServer(  299): Device Policy
I/Surface (  299): Surface_lockCanvas
I/Surface (  299): Surface_lockCanvas
I/SystemServer(  299): Enterprise Policy
I/Surface (  299): Surface_lockCanvas
I/EnterpriseDeviceManagerService(  299): handleDowngrade: Checking Downgrade...
I/Surface (  299): Surface_lockCanvas
I/Surface (  299): Surface_lockCanvas
I/Surface (  299): Surface_lockCanvas
I/Surface (  299): Surface_lockCanvas
I/Surface (  299): Surface_lockCanvas
I/Surface (  299): Surface_lockCanvas
I/Surface (  299): Surface_lockCanvas
I/Surface (  299): Surface_lockCanvas
I/Surface (  299): Surface_lockCanvas
I/Surface (  299): Surface_lockCanvas
I/Surface (  299): Surface_lockCanvas
I/Surface (  299): Surface_lockCanvas
I/Surface (  299): Surface_lockCanvas
I/Surface (  299): Surface_lockCanvas
I/ApplicationPolicy(  299): registerPackageChangeReceiver() : Done
I/ApplicationIconDb(  299): getApplicationIconChangedList  : 
I/ApplicationPolicy(  299): registerNetworkChangeReceiver
I/ApplicationPolicy(  299): registerNetworkChangeReceiver() : Done
I/Surface (  299): Surface_lockCanvas
I/Surface (  299): Surface_lockCanvas
I/Surface (  299): Surface_lockCanvas
I/EDM :   (  299): isRoamingSyncEnabled : true
I/Surface (  299): Surface_lockCanvas
I/Surface (  299): Surface_lockCanvas
I/keystore(  103): uid: 1000 action: t -> 3 state: 3 -> 3 retry: 4
D/EnterpriseVpnPolicy(  299): bindVpnInterfaces()
I/Surface (  299): Surface_lockCanvas
W/ActivityManager(  299): Unable to start service service: not found
W/PhoneRestrictionPolicy(  299):  >>> PhoneRestrictionPolicy.PhoneRestrictionPolicy()
I/Surface (  299): Surface_lockCanvas
I/SystemServer(  299): Enterprise Policymanager service created...
I/SystemServer(  299): Status Bar
I/SystemServer(  299): Clipboard Service
I/Surface (  299): Surface_lockCanvas
I/SystemServer(  299): ClipboardEx Service
I/SystemServer(  299): NetworkManagement Service
I/SystemServer(  299): Text Service Manager Service
W/TextServicesManagerService(  299): no available spell checker services found
I/SystemServer(  299): NetworkStats Service
I/SystemServer(  299): NetworkPolicy Service
I/Surface (  299): Surface_lockCanvas
I/SystemServer(  299): Wi-Fi P2pService
I/Surface (  299): Surface_lockCanvas
D/WifiP2pService(  299): P2pDisabledState
I/SystemServer(  299): Wi-Fi Service
E/CommandListener(   85): Failed to open /proc/sys/net/ipv6/conf/wlan0/disable_ipv6: No such file or directory
E/WifiStateMachine(  299): Failed to disable IPv6: java.lang.IllegalStateException: Unable to communicate to native daemon for disabling ipv6
I/Surface (  299): Surface_lockCanvas
D/WifiP2pService(  299): P2pDisabledState69633
D/WifiP2pService(  299): DefaultState69633
D/WifiP2pService(  299): P2pDisabledState69632
D/WifiP2pService(  299): DefaultState69632
D/WifiP2pService(  299): Full connection with WifiStateMachine established
W/System.err(  299): java.lang.NullPointerException
W/System.err(  299): 	at com.android.server.WifiService.<init>(WifiService.java:889)
W/System.err(  299): 	at com.android.server.ServerThread.run(SystemServer.java:519)
I/SystemServer(  299): Wi-Fi Display Service
D/WfdService(  299): InactiveState
D/WfdService(  299): Enter InactiveState
D/WfdService(  299): mAudioManager is null !
I/SystemServer(  299): Connectivity Service
I/Surface (  299): Surface_lockCanvas
D/ConnectivityService(  299): ConnectivityService starting up
I/Surface (  299): Surface_lockCanvas
E/MobileDataStateTracker(  299): default: Ignoring feature request because could not acquire PhoneService
E/MobileDataStateTracker(  299): default: Could not enable APN type "default"
D/Tethering(  299): Boot not complete yet.
D/Tethering(  299): Boot not complete yet.
D/NetworkManagementService(  299): Registering observer
D/NetworkManagementService(  299): Registering observer
I/SystemServer(  299): Throttle Service
I/SystemServer(  299): Mount Service
I/Surface (  299): Surface_lockCanvas
D/MountService(  299): MountService :: 
D/MountService(  299): got storage path: /mnt/extSdCard description:  SD  primary: false removable: true emulated: false mtpReserve: 0 allowMassStorage: false maxFileSize: 0 subsystem: sd activitySecureContainer: false
D/MountService(  299): got storage path: /mnt/sdcard description:  SD  primary: true removable: false emulated: true mtpReserve: 100 allowMassStorage: false maxFileSize: 0 subsystem: fuse activitySecureContainer: false
D/MountService(  299): using emulated external storage
I/SystemServer(  299): Notification Manager
D/STATUSBAR-NotificationService(  299): updateLightsLocked() : Turn off notification light
I/SystemServer(  299): Device Storage Monitor
I/SystemServer(  299): Location Manager
I/SystemServer(  299): Country Detector
I/SystemServer(  299): Search Service
I/SystemServer(  299): DropBox Service
I/SystemServer(  299): Wallpaper Service
I/Surface (  299): Surface_lockCanvas
I/SystemServer(  299): Audio Service
I/Surface (  299): Surface_lockCanvas
D/VoldCmdListener(   80): volume list
I/MountService(  299): Updating valid state unmounted
D/MountService(  299): updatePublicVolumeState :: path = /mnt/extSdCard, state = unmounted
D/MountService(  299): volume state changed for /mnt/extSdCard (null -> unmounted)
I/MountService(  299): Updating valid state removed
D/MountService(  299): updatePublicVolumeState :: path = /mnt/UsbDriveA, state = removed
D/MountService(  299): volume state changed for /mnt/UsbDriveA (null -> removed)
I/MountService(  299): Updating valid state removed
D/MountService(  299): updatePublicVolumeState :: path = /mnt/UsbDriveB, state = removed
D/MountService(  299): volume state changed for /mnt/UsbDriveB (null -> removed)
I/MountService(  299): Updating valid state removed
D/MountService(  299): updatePublicVolumeState :: path = /mnt/UsbDriveC, state = removed
D/MountService(  299): volume state changed for /mnt/UsbDriveC (null -> removed)
I/MountService(  299): Updating valid state removed
D/MountService(  299): updatePublicVolumeState :: path = /mnt/UsbDriveD, state = removed
D/MountService(  299): volume state changed for /mnt/UsbDriveD (null -> removed)
I/MountService(  299): Updating valid state removed
D/MountService(  299): updatePublicVolumeState :: path = /mnt/UsbDriveE, state = removed
D/MountService(  299): volume state changed for /mnt/UsbDriveE (null -> removed)
I/MountService(  299): Updating valid state removed
D/MountService(  299): updatePublicVolumeState :: path = /mnt/UsbDriveF, state = removed
D/MountService(  299): volume state changed for /mnt/UsbDriveF (null -> removed)
I/Surface (  299): Surface_lockCanvas
I/Surface (  299): Surface_lockCanvas
D/dalvikvm(  299): GC_CONCURRENT freed 684K, 15% free 7152K/8391K, paused 3ms+5ms
I/Surface (  299): Surface_lockCanvas
I/AudioService(  299):   Remote Control   registerMediaButtonIntent()
V/AudioPolicyManagerBase(   98): initStreamVolume() stream 0, min 0, max 5
V/AudioPolicyManagerBase(   98): setStreamVolumeIndex() stream 0, index 4
V/AudioPolicyManagerALSA(   98): setStreamVolume() for output 1 stream 0, volume 0.707946, delay 0
V/AudioPolicyService(   98): inserting command: 2 at index 0, num commands 0
V/AudioPolicyService(   98): AudioCommandThread() adding set volume stream 0, volume 0.710866, output 1
V/AudioPolicyService(   98): AudioCommandThread() waking up
V/AudioPolicyService(   98): AudioCommandThread() processing set volume stream 0,                             volume 0.710866, output 1
V/AudioPolicyService(   98): AudioCommandThread() going to sleep
V/AudioPolicyService(   98): inserting command: 4 at index 0, num commands 0
V/AudioPolicyService(   98): AudioCommandThread() adding set voice volume volume 0.800000
V/AudioPolicyService(   98): AudioCommandThread() waking up
V/AudioPolicyService(   98): AudioCommandThread() processing set voice volume volume 0.800000
D/AudioHardwareALSA(   98): setVoiceVolume=0.800000
V/AudioPolicyService(   98): AudioCommandThread() going to sleep
V/AudioPolicyManagerBase(   98): initStreamVolume() stream 1, min 0, max 7
V/AudioPolicyManagerBase(   98): setStreamVolumeIndex() stream 1, index 4
V/AudioPolicyManagerBase(   98): initStreamVolume() stream 2, min 0, max 7
V/AudioPolicyManagerBase(   98): setStreamVolumeIndex() stream 2, index 6
V/AudioPolicyManagerALSA(   98): setStreamVolume() for output 1 stream 2, volume 0.630957, delay 0
V/AudioPolicyService(   98): inserting command: 2 at index 0, num commands 0
V/AudioPolicyService(   98): AudioCommandThread() adding set volume stream 2, volume 0.630957, output 1
V/AudioPolicyService(   98): AudioCommandThread() waking up
V/AudioPolicyService(   98): AudioCommandThread() processing set volume stream 2,                             volume 0.630957, output 1
V/AudioPolicyService(   98): AudioCommandThread() going to sleep
V/AudioPolicyManagerBase(   98): initStreamVolume() stream 3, min 0, max 15
I/AudioService(  299): isMediaSilentMode false
V/AudioPolicyManagerBase(   98): setStreamVolumeIndex() stream 3, index 9
V/AudioPolicyManagerBase(   98): getNewDevice() selected device 0
V/AudioPolicyManagerBase(   98): getDeviceForStrategy() from cache strategy 0, device 2
D/AudioPolicyManagerBase(   98): return MUSIC_SPK index=9
V/AudioPolicyManagerALSA(   98): setStreamVolume() for output 1 stream 3, volume 0.125893, delay 0
V/AudioPolicyService(   98): inserting command: 2 at index 0, num commands 0
V/AudioPolicyService(   98): AudioCommandThread() adding set volume stream 3, volume 0.125893, output 1
V/AudioPolicyService(   98): AudioCommandThread() waking up
V/AudioPolicyService(   98): AudioCommandThread() processing set volume stream 3,                             volume 0.125893, output 1
V/AudioPolicyService(   98): AudioCommandThread() going to sleep
V/AudioPolicyManagerBase(   98): getNewDevice() selected device 0
V/AudioPolicyManagerBase(   98): getDeviceForStrategy() from cache strategy 0, device 2
V/AudioPolicyService(   98): inserting command: 3 at index 0, num commands 0
V/AudioPolicyService(   98): AudioCommandThread() adding set parameter string music_volume=0.1258925349;music_volume_index=9, io 1 ,delay 0
V/AudioPolicyService(   98): AudioCommandThread() waking up
V/AudioPolicyService(   98): AudioCommandThread() processing set parameters string music_volume=0.1258925349;music_volume_index=9, io 1
V/AudioFlinger(   98): setParameters(): io 1, keyvalue music_volume=0.1258925349;music_volume_index=9, tid 215, calling tid 98
V/AudioFlinger(   98): ThreadBase::setParameters() music_volume=0.1258925349;music_volume_index=9
V/AudioFlinger(   98): MixerThread 0x1159770 TID 216 waking up
V/AudioFlinger(   98): acquireWakeLock_l() AudioOut_1 status 0
D/AudioHardwareALSA(   98): ALSAStreamOps::setParameters() music_volume=0.1258925349;music_volume_index=9
I/AudioHardwareALSA(   98): volIndex=9
I/AudioHardwareALSA(   98): [setMusicVolumeIndex]mMusicVolumeIndex=0,music_volume_index= 9
I/AudioHardwareALSA(   98): [setMusicVolume][mOutput]mMusicVolumeIndex=9
E/AudioHardwareALSA(   98): mIsMusicVolumeIndex [7],MusicVolumeIndex[9]
I/AudioHardwareALSA(   98): volGain=0.125893
I/AudioHardwareALSA(   98): [setMusicVolume]mIsMusicVolume=0.000000,music_volume=0.125893
I/AudioHardwareALSA(   98): [setMusicVolume][mOutput]mMusicVolume=0.125893
E/AudioHardwareALSA(   98): mMusicVolume [1.000000]MusicVolume[0.125893]
V/AudioPolicyService(   98): AudioCommandThread() going to sleep
V/AudioPolicyManagerBase(   98): initStreamVolume() stream 4, min 0, max 7
V/AudioPolicyManagerBase(   98): setStreamVolumeIndex() stream 4, index 7
V/AudioPolicyManagerALSA(   98): setStreamVolume() for output 1 stream 4, volume 1.000000, delay 0
V/AudioPolicyService(   98): inserting command: 2 at index 0, num commands 0
V/AudioPolicyService(   98): AudioCommandThread() adding set volume stream 4, volume 1.000000, output 1
V/AudioPolicyService(   98): AudioCommandThread() waking up
V/AudioPolicyService(   98): AudioCommandThread() processing set volume stream 4,                             volume 1.000000, output 1
V/AudioPolicyService(   98): AudioCommandThread() going to sleep
V/AudioPolicyManagerBase(   98): initStreamVolume() stream 5, min 0, max 7
V/AudioPolicyManagerBase(   98): setStreamVolumeIndex() stream 5, index 5
V/AudioPolicyManagerALSA(   98): setStreamVolume() for output 1 stream 5, volume 0.398107, delay 0
V/AudioPolicyService(   98): inserting command: 2 at index 0, num commands 0
V/AudioPolicyService(   98): AudioCommandThread() adding set volume stream 5, volume 0.398107, output 1
V/AudioPolicyService(   98): AudioCommandThread() waking up
V/AudioPolicyService(   98): AudioCommandThread() processing set volume stream 5,                             volume 0.398107, output 1
V/AudioPolicyService(   98): AudioCommandThread() going to sleep
V/AudioPolicyManagerBase(   98): initStreamVolume() stream 6, min 0, max 15
I/Surface (  299): Surface_lockCanvas
V/AudioPolicyManagerBase(   98): setStreamVolumeIndex() stream 6, index 7
V/AudioPolicyManagerALSA(   98): checkAndSetVolume() cannot set stream 6 volume with force use = 0 for comm
V/AudioPolicyManagerBase(   98): initStreamVolume() stream 7, min 0, max 7
V/AudioPolicyManagerBase(   98): setStreamVolumeIndex() stream 7, index 7
V/AudioPolicyManagerBase(   98): computeVolume : Camera Shutter Sound volume 1.000000
V/AudioPolicyManagerALSA(   98): setStreamVolume() for output 1 stream 7, volume 1.000000, delay 0
V/AudioPolicyService(   98): inserting command: 2 at index 0, num commands 0
V/AudioPolicyService(   98): AudioCommandThread() adding set volume stream 7, volume 1.000000, output 1
V/AudioPolicyService(   98): AudioCommandThread() waking up
V/AudioPolicyService(   98): AudioCommandThread() processing set volume stream 7,                             volume 1.000000, output 1
V/AudioPolicyService(   98): AudioCommandThread() going to sleep
V/AudioPolicyManagerBase(   98): initStreamVolume() stream 8, min 0, max 15
V/AudioPolicyManagerBase(   98): setStreamVolumeIndex() stream 8, index 4
V/AudioPolicyManagerALSA(   98): setStreamVolume() for output 1 stream 8, volume 0.022387, delay 0
V/AudioPolicyService(   98): inserting command: 2 at index 0, num commands 0
V/AudioPolicyService(   98): AudioCommandThread() adding set volume stream 8, volume 0.032163, output 1
V/AudioPolicyService(   98): AudioCommandThread() waking up
V/AudioPolicyService(   98): AudioCommandThread() processing set volume stream 8,                             volume 0.032163, output 1
V/AudioPolicyService(   98): AudioCommandThread() going to sleep
V/AudioPolicyManagerBase(   98): initStreamVolume() stream 9, min 0, max 15
V/AudioPolicyManagerBase(   98): setStreamVolumeIndex() stream 9, index 9
V/AudioPolicyManagerBase(   98): getNewDevice() selected device 0
V/AudioPolicyManagerBase(   98): getDeviceForStrategy() from cache strategy 0, device 2
D/AudioPolicyManagerBase(   98): return MUSIC_SPK index=9
V/AudioPolicyManagerALSA(   98): setStreamVolume() for output 1 stream 9, volume 0.298538, delay 0
V/AudioPolicyService(   98): inserting command: 2 at index 0, num commands 0
V/AudioPolicyService(   98): AudioCommandThread() adding set volume stream 9, volume 0.298538, output 1
V/AudioPolicyService(   98): AudioCommandThread() waking up
V/AudioPolicyService(   98): AudioCommandThread() processing set volume stream 9,                             volume 0.298538, output 1
V/AudioPolicyService(   98): AudioCommandThread() going to sleep
V/AudioPolicyManagerBase(   98): initStreamVolume() stream 10, min 0, max 15
V/AudioPolicyManagerBase(   98): setStreamVolumeIndex() stream 10, index 9
V/AudioPolicyManagerBase(   98): getNewDevice() selected device 0
V/AudioPolicyManagerBase(   98): getDeviceForStrategy() from cache strategy 0, device 2
D/AudioPolicyManagerBase(   98): return MUSIC_SPK index=9
V/AudioPolicyManagerALSA(   98): setStreamVolume() for output 1 stream 10, volume 0.125893, delay 0
V/AudioPolicyService(   98): inserting command: 2 at index 0, num commands 0
V/AudioPolicyService(   98): AudioCommandThread() adding set volume stream 10, volume 0.125893, output 1
V/AudioPolicyService(   98): AudioCommandThread() waking up
V/AudioPolicyService(   98): AudioCommandThread() processing set volume stream 10,                             volume 0.125893, output 1
V/AudioPolicyService(   98): AudioCommandThread() going to sleep
V/AudioPolicyManagerBase(   98): initStreamVolume() stream 11, min 0, max 5
V/AudioPolicyManagerBase(   98): setStreamVolumeIndex() stream 11, index 4
V/AudioPolicyManagerALSA(   98): setStreamVolume() for output 1 stream 11, volume 0.707946, delay 0
V/AudioPolicyService(   98): inserting command: 2 at index 0, num commands 0
V/AudioPolicyService(   98): AudioCommandThread() adding set volume stream 11, volume 0.707946, output 1
V/AudioPolicyService(   98): AudioCommandThread() waking up
V/AudioPolicyService(   98): AudioCommandThread() processing set volume stream 11,                             volume 0.707946, output 1
V/AudioPolicyService(   98): AudioCommandThread() going to sleep
V/AudioPolicyManagerBase(   98): initStreamVolume() stream 12, min 0, max 5
V/AudioPolicyManagerBase(   98): setStreamVolumeIndex() stream 12, index 4
V/AudioPolicyManagerALSA(   98): setStreamVolume() for output 1 stream 12, volume 0.707946, delay 0
V/AudioPolicyService(   98): inserting command: 2 at index 0, num commands 0
V/AudioPolicyService(   98): AudioCommandThread() adding set volume stream 12, volume 0.707946, output 1
V/AudioPolicyService(   98): AudioCommandThread() waking up
V/AudioPolicyService(   98): AudioCommandThread() processing set volume stream 12,                             volume 0.707946, output 1
V/AudioPolicyService(   98): AudioCommandThread() going to sleep
V/AudioPolicyManagerBase(   98): initStreamVolume() stream 13, min 0, max 15
I/AudioService(  299): isMediaSilentMode false
V/AudioPolicyManagerBase(   98): setStreamVolumeIndex() stream 13, index 7
V/AudioPolicyManagerBase(   98): getNewDevice() selected device 0
V/AudioPolicyManagerBase(   98): getDeviceForStrategy() from cache strategy 0, device 2
D/AudioPolicyManagerBase(   98): return MUSIC_SPK index=9
V/AudioPolicyManagerBase(   98): getNewDevice() selected device 0
V/AudioPolicyManagerBase(   98): getDeviceForStrategy() from cache strategy 0, device 2
V/AudioPolicyManagerBase(   98): initStreamVolume() stream 14, min 0, max 15
V/AudioPolicyManagerBase(   98): setStreamVolumeIndex() stream 14, index 7
V/AudioPolicyManagerBase(   98): getNewDevice() selected device 0
V/AudioPolicyManagerBase(   98): getDeviceForStrategy() from cache strategy 0, device 2
D/AudioPolicyManagerBase(   98): return MUSIC_SPK index=9
V/AudioPolicyManagerBase(   98): initStreamVolume() stream 15, min 0, max 15
V/AudioPolicyManagerBase(   98): setStreamVolumeIndex() stream 15, index 7
V/AudioPolicyManagerBase(   98): getNewDevice() selected device 0
V/AudioPolicyManagerBase(   98): getDeviceForStrategy() from cache strategy 0, device 2
D/AudioPolicyManagerBase(   98): return MUSIC_SPK index=9
V/AudioPolicyManagerBase(   98): setStreamVolumeIndex() stream 8, index 12
V/AudioPolicyManagerALSA(   98): setStreamVolume() for output 1 stream 8, volume 0.354813, delay 0
V/AudioPolicyService(   98): inserting command: 2 at index 0, num commands 0
V/AudioPolicyService(   98): AudioCommandThread() adding set volume stream 8, volume 0.361265, output 1
V/AudioPolicyService(   98): AudioCommandThread() waking up
V/AudioPolicyService(   98): AudioCommandThread() processing set volume stream 8,                             volume 0.361265, output 1
V/AudioPolicyService(   98): AudioCommandThread() going to sleep
V/AudioPolicyManagerBase(   98): setStreamVolumeIndex() stream 9, index 9
V/AudioPolicyManagerBase(   98): getNewDevice() selected device 0
V/AudioPolicyManagerBase(   98): getDeviceForStrategy() from cache strategy 0, device 2
D/AudioPolicyManagerBase(   98): return MUSIC_SPK index=9
V/AudioPolicyManagerBase(   98): setStreamVolumeIndex() stream 10, index 9
V/AudioPolicyManagerBase(   98): getNewDevice() selected device 0
V/AudioPolicyManagerBase(   98): getDeviceForStrategy() from cache strategy 0, device 2
D/AudioPolicyManagerBase(   98): return MUSIC_SPK index=9
V/AudioPolicyManagerBase(   98): setStreamVolumeIndex() stream 11, index 4
V/AudioPolicyManagerBase(   98): setStreamVolumeIndex() stream 12, index 4
V/AudioPolicyManagerBase(   98): setStreamVolumeIndex() stream 14, index 7
V/AudioPolicyManagerBase(   98): getNewDevice() selected device 0
V/AudioPolicyManagerBase(   98): getDeviceForStrategy() from cache strategy 0, device 2
D/AudioPolicyManagerBase(   98): return MUSIC_SPK index=9
V/AudioPolicyManagerBase(   98): setStreamVolumeIndex() stream 15, index 7
V/AudioPolicyManagerBase(   98): getNewDevice() selected device 0
V/AudioPolicyManagerBase(   98): getDeviceForStrategy() from cache strategy 0, device 2
D/AudioPolicyManagerBase(   98): return MUSIC_SPK index=9
V/AudioFlinger(   98): registerClient() client 0x1177d58, pid 299
V/AudioFlinger(   98): sendConfigEvent() num events 1 event 0, param 0
V/AudioFlinger(   98): setParameters(): io 0, keyvalue toMono=0, tid 217, calling tid 299
V/AudioFlinger(   98): setParameters::  string = toMono=0 / ioHandle = 0 
V/AudioFlinger(   98): setParameters:: send AudioHAL 
D/AudioHardwareALSA(   98): LVVE AudioHardwareALSA::setParameters() toMono=0
D/AudioHardwareALSA(   98): AudioHardwareALSA::setParameters() toMono=0
E/AudioSystem(  299): isMediaServerStarted
I/SystemServer(  299): Dock Observer
W/DockObserver(  299): This kernel does not have dock station support
I/SystemServer(  299): Wired Accessory Observer
I/SystemServer(  299): Thermistor Observer
D/ThermistorObserver(  299): SIOPLevel : name : ReleasedSIOP  lockFrequency : -1(-1)  cpuMaxCore : 4  limitChargingCurrent : false  displayBrightness : -1  LcdFPS : 60
D/ThermistorObserver(  299): newProperDVFSLock : getSupportedFrequency : null
D/ThermistorObserver(  299): SIOPLevel : name : Level1  lockFrequency : 800000(-1)  cpuMaxCore : 4  limitChargingCurrent : false  displayBrightness : -1  LcdFPS : 40
D/ThermistorObserver(  299): newProperDVFSLock : getSupportedFrequency : null
D/ThermistorObserver(  299): SIOPLevel : name : Level2  lockFrequency : 800000(-1)  cpuMaxCore : 2  limitChargingCurrent : true  displayBrightness : 230  LcdFPS : 40
D/ThermistorObserver(  299): newProperDVFSLock : getSupportedFrequency : null
V/AudioFlinger(   98): processConfigEvents() remaining events 1
V/AudioFlinger(   98): PlaybackThread::audioConfigChanged_l, thread 0x1159770, event 0, param 0
W/AudioHardwareALSA(   98): alsa CTS latency lowered to 9000 from 21768
I/Surface (  299): Surface_lockCanvas
D/ThermistorObserver(  299): SIOPLevel : name : Level3  lockFrequency : 500000(-1)  cpuMaxCore : 2  limitChargingCurrent : true  displayBrightness : 230  LcdFPS : 40
D/ThermistorObserver(  299): newProperDVFSLock : getSupportedFrequency : null
D/ThermistorObserver(  299): SIOPLevel : name : Level4  lockFrequency : 500000(-1)  cpuMaxCore : 2  limitChargingCurrent : true  displayBrightness : 230  LcdFPS : 40
I/SystemServer(  299): USB Service
D/UsbSettingsManager(  299): settings file not found
D/UsbDeviceManager(  299): disable usb detecting module
D/UsbDeviceManager(  299): read '/sys/class/android_usb/android0/state', state = CONFIGURED
D/UsbDeviceManager(  299): initalized current function mtp,adb
D/UsbDeviceManager(  299): handleMessage -> MSG_UPDATE_STATE connected = 1,configured = 1
I/SystemServer(  299): UI Mode Manager Service
I/SystemServer(  299): Backup Service
V/BackupManagerService(  299): Initializing package tracking
V/BackupManagerService(  299): No ancestral data
I/Surface (  299): Surface_lockCanvas
V/BackupManagerService(  299): addPackageParticipantsLocked: all
I/BackupManagerService(  299): New app android never backed up; scheduling
I/BackupManagerService(  299): New app com.android.calendar never backed up; scheduling
I/Surface (  299): Surface_lockCanvas
I/BackupManagerService(  299): New app com.android.contacts never backed up; scheduling
I/BackupManagerService(  299): New app com.android.providers.settings never backed up; scheduling
I/BackupManagerService(  299): New app com.android.providers.userdictionary never backed up; scheduling
I/BackupManagerService(  299): New app com.android.sharedstoragebackup never backed up; scheduling
I/BackupManagerService(  299): New app com.baidu.antidisturbance never backed up; scheduling
I/BackupManagerService(  299): New app com.baidu.baiduclock never backed up; scheduling
I/BackupManagerService(  299): New app com.baidu.home2 never backed up; scheduling
I/BackupManagerService(  299): New app com.baidu.notepad never backed up; scheduling
I/Surface (  299): Surface_lockCanvas
I/BackupManagerService(  299): New app yi never backed up; scheduling
V/BackupManagerService(  299): Registering transport android/com.android.internal.backup.LocalTransport = com.android.internal.backup.LocalTransport@413e2110
V/BackupManagerService(  299): Registering transport com.android.server.enterprise/.EdmBackupTransport = com.android.server.enterprise.EdmBackupTransport@413ec740
V/BackupManagerService(  299): Starting with transport android/com.android.internal.backup.LocalTransport
V/BackupManagerService(  299): Google transport not present
D/BackupManagerService(  299): registerBaiduTransport
I/BackupManagerService(  299): Found stale backup journal, scheduling
I/BackupManagerService(  299):   android
I/BackupManagerService(  299):   com.android.calendar
I/BackupManagerService(  299):   com.android.contacts
I/BackupManagerService(  299):   com.android.providers.settings
I/BackupManagerService(  299):   com.android.providers.userdictionary
I/BackupManagerService(  299):   com.android.sharedstoragebackup
I/BackupManagerService(  299):   com.baidu.antidisturbance
I/BackupManagerService(  299):   com.baidu.baiduclock
I/BackupManagerService(  299):   com.baidu.home2
I/BackupManagerService(  299):   com.baidu.notepad
I/BackupManagerService(  299):   yi
I/BackupManagerService(  299): Backup enabled => true
W/AlarmManager(  299): FACTORY_ON= 0
I/SystemServer(  299): AppWidget Service
I/SystemServer(  299): Recognition Service
I/SystemServer(  299): DiskStats Service
I/SystemServer(  299): SamplingProfiler Service
I/SystemServer(  299): NetworkTimeUpdateService
I/SystemServer(  299): Tvout Service ro.tvout.enable = false
I/SystemServer(  299): IRDA Service ro.product.nam = kyletdzm
I/SystemServer(  299): MiniModeAppManager Service
D/SystemServer(  299): This escaping dexopt of minimode.jar is only for eng build
I/Surface (  299): Surface_lockCanvas
D/SystemServer(  299): /data/dalvik-cache/minimode.dex is copied from /data/dalvik-cache/system@framework@minimode.jar@classes.dex
D/SystemServer(  299): lastModfied time of /data/dalvik-cache/minimode.dex is changed to 1217592000
I/SystemServer(  299): Motion Recognition Service
E/MotionRecognitionService(  299):   Engine is not included
I/SystemServer(  299): VoIPInterfaceManager Service
D/VoIPInterfaceManager(  299): VoIPInterfaceManager()...
D/VoIPInterfaceManager(  299): START VOIPINTERFACE SRVICE
I/WindowManager(  299): SAFE MODE not enabled
D/dalvikvm(  299): JIT started for system_server
E/FaceDetectionService(  299): FaceDetectionService Started.
D/VibratorService(  299): JNI vibratorOff()
I/Surface (  299): Surface_lockCanvas
I/EnterpriseDeviceManagerService(  299): Check for migration from 1.0
I/EnterpriseDeviceManagerService(  299): Migration from 1.0 already done
D/PowerManagerService(  299): setScreenOffTimeouts mKeylightDelay=1500 mDimDelay=6500 mScreenOffDelay=7000 mDimScreen=true
W/EnterpriseDeviceManagerService(  299): systemReady
D/VibratorService(  299): JNI vibratorOn() : 1
W/EnterpriseDeviceManagerService(  299): loadActiveAdmins
I/ApplicationPermissionControlPolicy(  299): systemReady...
I/ApplicationPermissionControlPolicy(  299): reinforceApplicationPermissionControl
D/VibratorService(  299): JNI vibratorOn() : 21
I/Surface (  299): Surface_lockCanvas
I/SystemServer(  299): enterprisePolicy systemReady
D/STATUSBAR-NotificationService(  299): systemReady()
D/STATUSBAR-NotificationService(  299): PickupSettingsObserver - update()
D/STATUSBAR-NotificationService(  299): setPickupMotionEnabled:false
D/STATUSBAR-NotificationService(  299): pickupObserver.observe()
D/STATUSBAR-NotificationService(  299): motionObserver.observe()
D/STATUSBAR-NotificationService(  299): overturnObserver.observe();
D/PowerManagerService(  299): setPowerState : mBootCompleted : false, newState |= ALL_BRIGHT
D/WindowManager(  299): mIsPreventWakeupEnable = 0
I/Surface (  299): Surface_lockCanvas
D/PowerManagerService(  299): system ready!
D/PowerManagerService(  299): enableLightSensorLocked enable=false mAutoBrightessEnabled=false
I/ActivityManager(  299): System now ready
I/Zygote  (  299): Process: zygote socket opened
I/SystemServer(  299): Making services ready
D/SystemServer(  299): Starting service: Intent { cmp=xxxx }
I/Surface (  299): Surface_lockCanvas
I/ActivityManager(  299): Start proc app.processName for service hostingNameStr: pid=577 uid=1000 gids={3003, 1015, 1023, 1007, 1006, 3002, 3001, 2001, 3006}
D/NetworkManagementService(  299): enabling bandwidth control
I/Surface (  299): Surface_lockCanvas
W/dalvikvm(  577): Refusing to reopen boot DEX '/system/framework/framework-yi.jar'
I/Surface (  299): Surface_lockCanvas
I/Surface (  299): Surface_lockCanvas
I/Surface (  299): Surface_lockCanvas
I/Surface (  299): Surface_lockCanvas
D/SystemUIService(  577): loading: class com.android.systemui.statusbar.phone.PhoneStatusBar
I/Surface (  299): Surface_lockCanvas
D/dalvikvm(  577): GC_CONCURRENT freed 130K, 22% free 2618K/3335K, paused 1ms+2ms
I/Surface (  299): Surface_lockCanvas
D/SystemUIService(  577): running: com.android.systemui.statusbar.phone.PhoneStatusBar@40f96180
I/Surface (  299): Surface_lockCanvas
I/Surface (  299): Surface_lockCanvas
I/Surface (  299): Surface_lockCanvas
I/Surface (  299): Surface_lockCanvas
D/NetworkManagementService(  299): Registering observer
W/AlarmManager(  299): FACTORY_ON= 0
I/Surface (  299): Surface_lockCanvas
D/dalvikvm(  577): GC_FOR_ALLOC freed 341K, 26% free 2779K/3719K, paused 16ms
I/Surface (  299): Surface_lockCanvas
D/NetworkManagementService(  299): Registering observer
I/SystemServer(  299): thermistor systemReady
D/ThermistorObserver(  299): systemReady()
D/ThermistorObserver(  299): notifyLimitBrightness() : brightness : -1
D/ThermistorObserver(  299): Start Observing for SIOP.
D/UsbDeviceManager(  299): systemReady
D/UsbDeviceManager(  299): systemReady : massStorageSupported = false
D/UsbDeviceManager(  299): systemReady : mAdbEnabled = true, mUseUsbNotification = true
D/UsbHostManager(  299): systemReady
D/UsbDeviceManager(  299): handleMessage -> MSG_SYSTEM_READY
D/UsbDeviceManager(  299): updateUsbNotification : mConnected = true, mConfigured = true, mCurrentFunctions = mtp,adb
V/UiModeManager(  299): updateLocked, mLastBroadcastState =0 , oldAction = null
I/ActivityManager(  299): Config changed: {0 1.0 0mcc0mnc zh_CN layoutdir=0 sw320dp w320dp h508dp nrml long port finger -keyb/v/h -nav/h s.4 themeChanged=0}
W/RecognitionManagerService(  299): no available voice recognition services found
I/Surface (  299): Surface_lockCanvas
E/Watchdog(  299): !@Sync 0
D/ApplicationPolicy(  299): isStatusBarNotificationAllowed: packageName = android
D/STATUSBAR-NotificationService(  299): enqueueNotificationInternal - pkg:android, id:17040654
D/STATUSBAR-NotificationService(  299): Noti Alert - mSystemReady:true, AlertEnabled:true
D/UsbDeviceManager(  299): updateUsbNotification : notify id = 17040654, title = 
D/UsbDeviceManager(  299): updateAdbNotification : mAdbEnabled = true, mConnected = true, mAdbNotificationShown = false
D/UsbDeviceManager(  299): don't notify adb
D/UsbDeviceManager(  299): sending intent : ACTION_USB_STATE : connected = true, configured = true, functions = mtp,adb
I/Surface (  299): Surface_lockCanvas
I/Surface (  299): Surface_lockCanvas
I/Surface (  299): Surface_lockCanvas
W/InputManagerService(  299): Ignoring setImeWindowStatus of uid 1000 token: null
I/Surface (  299): Surface_lockCanvas
D/NetworkManagementService(  299): Registering observer
I/Surface (  299): Surface_lockCanvas
I/ActivityManager(  299): START {intent.toShortString} from pid 0
D/Posix   (  299): ## MMS_TRACE: ##: setsockoptInt(): option = 18, value = 1.
D/Posix   (  299): ## MMS_TRACE: ##: setsockoptInt(): option = 6, value = 1.
D/Posix   (  299): ## MMS_TRACE: ##: setsockoptInt(): option = 18, value = 1.
D/Posix   (  299): ## MMS_TRACE: ##: setsockoptInt(): option = 6, value = 1.
I/Surface (  299): Surface_lockCanvas
D/Posix   (  299): ## MMS_TRACE: ##: setsockoptInt(): option = 18, value = 1.
D/Posix   (  299): ## MMS_TRACE: ##: setsockoptInt(): option = 6, value = 1.
W/AlarmManager(  299): FACTORY_ON= 0
I/SystemServer(  299): !@End of System ServerThread
W/ThrottleService(  299): unable to find stats for iface rmnet0
I/ActivityManager(  299): Start proc app.processName for activity hostingNameStr: pid=633 uid=10039 gids={1015, 1023, 3003, 3002, 3001, 2001, 1006, 1007}
D/PowerManagerService(  299): setPowerState : mBootCompleted : false, newState |= ALL_BRIGHT
D/SmartPowerService(  299): receive broadcast! action = android.intent.action.BATTERY_CHANGED
D/SmartPowerService(  299): batteryLevel = 89
I/Surface (  299): Surface_lockCanvas
D/SmartPowerService(  299): receive broadcast! action = android.intent.action.BATTERY_CHANGED
D/SmartPowerService(  299): batteryLevel = 89
V/AlarmManager(  299): ClockReceiver onReceive() ACTION_TIME_TICK
W/AlarmManager(  299): FACTORY_ON= 0
D/SmartPowerService(  299): receive broadcast! action = android.intent.action.BATTERY_CHANGED
D/SmartPowerService(  299): batteryLevel = 89
I/Surface (  299): Surface_lockCanvas
I/dalvikvm(  633): Turning on JNI app bug workarounds for target SDK version 10...
I/Surface (  299): Surface_lockCanvas
D/DeviceInfo(  299): Trying to connect to SysScope Service
D/STATUSBAR-NotificationService(  299): cancelNotification - pkg:android, id:17303266
W/AlarmManager(  299): FACTORY_ON= 0
W/ActivityManager(  299): Unable to start service service: not found
V/UiModeManager(  299): updateLocked, mLastBroadcastState =0 , oldAction = null
I/Surface (  299): Surface_lockCanvas
I/Surface (  299): Surface_lockCanvas
D/dalvikvm(  577): GC_CONCURRENT freed 118K, 17% free 3653K/4359K, paused 1ms+2ms
I/Surface (  299): Surface_lockCanvas
I/Surface (  299): Surface_lockCanvas
D/gps_sirf(  299): sirf_open_gps_driver: called
D/gps_sirf(  299): start_delayed_tracker_upload success
D/gps_sirf(  299): sirf_get_gps_interface: sirf_get_gps_interface called, Line: 5721
D/gps_sirf(  299): sirf_gps_get_extension called : gps-xtra
D/gps_sirf(  299): sirf_gps_get_extension: interface gps-xtra not supported
D/gps_sirf(  299): sirf_gps_get_extension called : agps
D/gps_sirf(  299): sirf_gps_get_extension called : gps-ni
D/gps_sirf(  299): sirf_gps_get_extension called : gps-debug
D/gps_sirf(  299): sirf_gps_get_extension called : agps_ril
I/Surface (  299): Surface_lockCanvas
D/gps_sirf(  299): tracker_upload_thread entry
E/RecentTasksLoader(  577): Can't open file : java.io.FileNotFoundException: /data/data/com.android.systemui/files/LOCKED_TASK: open failed: ENOENT (No such file or directory)
I/Surface (  299): Surface_lockCanvas
I/Surface (  299): Surface_lockCanvas
D/dalvikvm(  577): GC_FOR_ALLOC freed 99K, 17% free 3855K/4615K, paused 46ms
I/dalvikvm-heap(  577): Grow heap (frag case) to 4.942MB for 679696-byte allocation
I/Surface (  299): Surface_lockCanvas
D/dalvikvm(  633): GC_CONCURRENT freed 131K, 20% free 2725K/3399K, paused 2ms+2ms
D/dalvikvm(  577): GC_FOR_ALLOC freed 1K, 16% free 4517K/5319K, paused 21ms
I/Surface (  299): Surface_lockCanvas
I/Surface (  299): Surface_lockCanvas
D/dalvikvm(  577): GC_CONCURRENT freed <1K, 16% free 4517K/5319K, paused 2ms+15ms
I/ActivityThread(  633): Pub com.baidu.home2.cloudstorage.provider: com.baidu.yi.sdk.cloudstorage.provider.CloudStorageProvider
I/Surface (  299): Surface_lockCanvas
I/Surface (  299): Surface_lockCanvas
I/ActivityThread(  633): Pub com.baidu.home2: com.baidu.launcher.db.LauncherProvider
I/ActivityThread(  633): Pub com.baidu.home2.ui.widget.baidu.weather: com.baidu.launcher.ui.widget.baidu.weather.provider.ForecastProvider
I/ActivityManager(  299): Start proc app.processName for content provider hostingNameStr: pid=657 uid=1000 gids={3003, 1015, 1023, 1007, 1006, 3002, 3001, 2001, 3006}
I/Surface (  299): Surface_lockCanvas
I/Surface (  299): Surface_lockCanvas
I/Surface (  299): Surface_lockCanvas
W/dalvikvm(  657): Refusing to reopen boot DEX '/system/framework/framework-yi.jar'
I/Surface (  299): Surface_lockCanvas
I/StatusBarManagerService(  299): registerStatusBar bar=com.android.internal.statusbar.IStatusBar$Stub$Proxy@414f2570
D/PhoneStatusBar(  577): disable: < expand icons alerts ticker system_info back home recent clock >
I/ActivityThread(  657): Pub com.baidu.bsy.channel: com.baidu.channel.ChannelProvider
I/ActivityThread(  657): Pub com.baidu.register.provider: com.baidu.register.util.RegProvider
I/Surface (  299): Surface_lockCanvas
I/ApplicationPolicy(  299): getActualApplicationStateEnabled() : true
I/Surface (  299): Surface_lockCanvas
I/Surface (  299): Surface_lockCanvas
I/ApplicationPolicy(  299): getActualApplicationStateEnabled() : true
I/Surface (  299): Surface_lockCanvas
D/dalvikvm(  299): GC_CONCURRENT freed 957K, 17% free 7458K/8967K, paused 3ms+6ms
I/ApplicationPolicy(  299): getActualApplicationStateEnabled() : true
I/Surface (  299): Surface_lockCanvas
I/ActivityManager(  299): Start proc app.processName for service hostingNameStr: pid=674 uid=10013 gids={1015, 1023, 1007, 3003}
I/Surface (  299): Surface_lockCanvas
I/Surface (  299): Surface_lockCanvas
I/ApplicationPolicy(  299): getActualApplicationStateEnabled() : true
I/Surface (  299): Surface_lockCanvas
W/dalvikvm(  674): Unable to resolve superclass of Lcom/baidu/map/location/d; (83)
W/dalvikvm(  674): Link of class 'Lcom/baidu/map/location/d;' failed
W/dalvikvm(  674): Unable to resolve superclass of Lcom/baidu/map/location/d; (83)
W/dalvikvm(  674): Link of class 'Lcom/baidu/map/location/d;' failed
I/dalvikvm(  674): Could not find method com.baidu.map.location.d.a, referenced from method com.baidu.map.location.BaiduNetworkLocationService.onBind
W/dalvikvm(  674): VFY: unable to resolve static method 917: Lcom/baidu/map/location/d;.a (Landroid/content/Context;)V
D/dalvikvm(  674): VFY: replacing opcode 0x71 at 0x00cb
D/dalvikvm(  674): Trying to load lib /data/data/com.baidu.map.location/lib/libnetworklocation.so 0x40f3fac0
D/dalvikvm(  674): Added shared lib /data/data/com.baidu.map.location/lib/libnetworklocation.so 0x40f3fac0
D/dalvikvm(  674): No JNI_OnLoad found in /data/data/com.baidu.map.location/lib/libnetworklocation.so 0x40f3fac0, skipping init
I/Surface (  299): Surface_lockCanvas
I/ApplicationPolicy(  299): getActualApplicationStateEnabled() : true
I/Surface (  299): Surface_lockCanvas
I/ApplicationPolicy(  299): getActualApplicationStateEnabled() : true
I/Surface (  299): Surface_lockCanvas
I/linguang(  633): mPackageManager=android.app.ApplicationPackageManager@40f83f00
I/Surface (  299): Surface_lockCanvas
I/Surface (  299): Surface_lockCanvas
I/ActivityManager(  299): Start proc app.processName for broadcast hostingNameStr: pid=695 uid=10035 gids={1015, 1023, 1024, 2001, 3003, 3007}
E/Baidu Home2(  633): AppsDataManager: cursor is NULL or can NOT move to first
I/Surface (  299): Surface_lockCanvas
D/STATUSBAR-StatusBarManagerService(  299): manageDisableList what=0x0 pkg=com.android.systemui
I/Surface (  299): Surface_lockCanvas
D/MountService(  299): isUsbMassStorageConnected :: ret = false
I/Surface (  299): Surface_lockCanvas
I/Baidu Home2(  633): Launcher: onCreate
D/StorageNotification(  577): Startup with UMS connection false (media state mounted)
I/Surface (  299): Surface_lockCanvas
D/SystemUIService(  577): loading: class com.android.systemui.power.PowerUI
D/SystemUIService(  577): running: com.android.systemui.power.PowerUI@4122a5b8
I/Surface (  299): Surface_lockCanvas
I/StorageNotification(  577): UMS connection changed to false (media state mounted)
I/ActivityThread(  695): Pub media: com.android.providers.media.MediaProvider
I/Surface (  299): Surface_lockCanvas
D/baidu_location_service(  674): baidu location service start1 ...674
D/baidu_location_client(  674): baidu location connected ...
I/Surface (  299): Surface_lockCanvas
D/dalvikvm(  674): Trying to load lib /data/data/com.baidu.map.location/lib/liblocSDK_2_5OEM.so 0x40f3fac0
D/dalvikvm(  674): Added shared lib /data/data/com.baidu.map.location/lib/liblocSDK_2_5OEM.so 0x40f3fac0
D/dalvikvm(  674): No JNI_OnLoad found in /data/data/com.baidu.map.location/lib/liblocSDK_2_5OEM.so 0x40f3fac0, skipping init
I/Surface (  299): Surface_lockCanvas
I/Surface (  299): Surface_lockCanvas
I/Surface (  299): Surface_lockCanvas
I/Surface (  299): Surface_lockCanvas
I/System.out(  674): DefaultRequestDirector http execute enter loop 
I/Surface (  299): Surface_lockCanvas
I/System.out(  674): DefaultRequestDirect http execute return 2exception!Connection to http://10.0.0.172:80 refused
I/Surface (  299): Surface_lockCanvas
I/Surface (  299): Surface_lockCanvas
I/System.out(  674): DefaultRequestDirector http execute enter loop 
D/dalvikvm(  674): GC_CONCURRENT freed 271K, 25% free 2457K/3271K, paused 1ms+1ms
I/Surface (  299): Surface_lockCanvas
I/System.out(  674): DefaultRequestDirect http execute return 2exception!Unable to resolve host "loc.map.baidu.com": No address associated with hostname
I/System.out(  674): DefaultRequestDirector http execute enter loop 
I/System.out(  674): DefaultRequestDirect http execute return 2exception!Connection to http://10.0.0.172:80 refused
E/NetworkLocation(  674): BaiduNetworkLocationProvider:BaiduNetworkLocationProvider : NetworkLocation Exception: network exception
I/Surface (  299): Surface_lockCanvas
D/dalvikvm(  633): GC_CONCURRENT freed 577K, 27% free 3175K/4295K, paused 2ms+2ms
I/Surface (  299): Surface_lockCanvas
I/Surface (  299): Surface_lockCanvas
I/Surface (  299): Surface_lockCanvas
D/WifiService(  299): New client listening to asynchronous messages
V/AudioFlinger(   98): releaseWakeLock_l() AudioOut_1
V/AudioFlinger(   98): MixerThread 0x1159770 TID 216 going to sleep
I/Surface (  299): Surface_lockCanvas
I/Surface (  299): Surface_lockCanvas
I/ActivityThread(  695): Pub downloads: com.android.providers.downloads.DownloadProvider
I/Surface (  299): Surface_lockCanvas
D/dalvikvm(  633): GC_CONCURRENT freed 430K, 25% free 3257K/4295K, paused 2ms+2ms
I/ActivityThread(  695): Pub drm: com.android.providers.drm.DrmProvider
I/DownloadManager(  695): in removeSpuriousFiles
I/Surface (  299): Surface_lockCanvas
I/ActivityThread(  695): Pub resmanager: com.android.providers.media.ResFileProvider
I/Surface (  299): Surface_lockCanvas
I/SurfaceFlinger(   95): id=4(1) createSurface 0x60e57c (480x1),1 flag=0, StatusBas
I/Surface (  299): Surface_lockCanvas
I/DownloadManager(  695): deleting spurious file /cache/hidden_volume.txt
D/dalvikvm(  633): GC_FOR_ALLOC freed 83K, 24% free 3292K/4295K, paused 49ms
I/DownloadManager(  695): deleting spurious file /cache/fota
D/STATUSBAR-NotificationService(  299): cancelAllNotifications()
I/Surface (  299): Surface_lockCanvas
I/Surface (  299): Surface_lockCanvas
I/Surface (  299): Surface_lockCanvas
D/MtpService(  695): addStorageLocked 65537 /mnt/sdcard
D/MtpService(  695): starting MTP server in MTP mode
D/MediaScanner(  695): MediaScanner - mSkipList (/mnt/sdcard/autonavidata50/,/mnt/sdcard/DioDict3B/)
I/ActivityManager(  299): Start proc app.processName for broadcast hostingNameStr: pid=722 uid=1000 gids={3003, 1015, 1023, 1007, 1006, 3002, 3001, 2001, 3006}
I/Surface (  299): Surface_lockCanvas
E/MtpServerJNI(  695): could not open MTP driver, errno: 2
D/MtpService(  695): addStorageLocked 65537 /mnt/sdcard
E/MtpServerJNI(  695): server is null in add_storage
I/Surface (  299): Surface_lockCanvas
E/MtpServerJNI(  695): server is null in run
E/MtpServerJNI(  695): server is null in cleanup
I/Surface (  299): Surface_lockCanvas
I/Surface (  299): Surface_lockCanvas
E/MTPRx   (  722): In MtpReceiverandroid.hardware.usb.action.USB_STATE
E/MTPRx   (  722):  value of dev_boot_completed is1
E/MTPRx   (  722):  booting is completed
E/MTPRx   (  722):  check value of boot_completed is
E/MTPRx   (  722):  check booting is not completed, so just return
I/Surface (  299): Surface_lockCanvas
D/dalvikvm(  633): GC_FOR_ALLOC freed 607K, 26% free 3548K/4743K, paused 99ms
