D/PHONESERVER(  146): [274] before timeout (1404660204)
D/PHONESERVER(  146): CHNMNG enter channel_manager_free_cmux cmux=/dev/ts0710mux5 
D/PHONESERVER(  146): CHNMNG enter channel_manager_free_cmux pty=0x37964 
D/PHONESERVER(  146): [263] Before remove wait array
D/PHONESERVER(  146): [0]:274 
D/PHONESERVER(  146): 
D/PHONESERVER(  146): [263] After remove wait array
D/PHONESERVER(  146): 
D/PHONESERVER(  146): Enter select_send_thread_run
D/PHONESERVER(  146): Leave select_send_thread_run
D/PHONESERVER(  146): CHNMNG Leave channel_manager_free_cmux cmux=/dev/ts0710mux5 
D/PHONESERVER(  146): [263] before signal (1404660204)
D/PHONESERVER(  146): [263] after signal (1404660204)
D/PHONESERVER(  146): Receive thread's TID [263] MUX :/dev/ts0710mux5 Waiting for resp  
E/DataRouter(  109): After the usb select 
E/DataRouter(  109): read usb data[len:1]
E/DataRouter(  109): read usb data message:A
E/DataRouter(  109): Before the usb select 
E/SMD     (   90): ***Received data notification[DR->SMD]***
E/SMD     (   90): Message:A
E/SMD     (   90): Sending data to SMD: Len = [1]
E/SMD     (   90):  buffer = [A]
E/SMD     (   90): Wrote 1 chars to SMD PORT fd=11 ch = 41
D/PHONESERVER(  146): [274] after timeout (1404660204)
D/PHONESERVER(  146): phoneserver mux adapt: generic cmd ATE0
E/DataRouter(  109): After the usb select 
E/DataRouter(  109): read usb data[len:1]
E/DataRouter(  109): read usb data message:T
E/DataRouter(  109): Before the usb select 
E/SMD     (   90): ***Received data notification[DR->SMD]***
E/SMD     (   90): Message:T
E/SMD     (   90): Sending data to SMD: Len = [1]
E/SMD     (   90):  buffer = [T]
E/SMD     (   90): Wrote 1 chars to SMD PORT fd=11 ch = 54
E/DataRouter(  109): After the usb select 
E/DataRouter(  109): read usb data[len:1]
E/DataRouter(  109): read usb data message:V
E/DataRouter(  109): Before the usb select 
E/SMD     (   90): ***Received data notification[DR->SMD]***
E/SMD     (   90): Message:V
E/SMD     (   90): Sending data to SMD: Len = [1]
E/SMD     (   90):  buffer = [V]
E/SMD     (   90): Wrote 1 chars to SMD PORT fd=11 ch = 56
E/DataRouter(  109): After the usb select 
E/DataRouter(  109): read usb data[len:1]
E/DataRouter(  109): read usb data message:1
E/DataRouter(  109): Before the usb select 
E/SMD     (   90): ***Received data notification[DR->SMD]***
E/SMD     (   90): Message:1
E/SMD     (   90): Sending data to SMD: Len = [1]
E/SMD     (   90):  buffer = [1]
E/SMD     (   90): Wrote 1 chars to SMD PORT fd=11 ch = 31
E/DataRouter(  109): After the usb select 
E/DataRouter(  109): read usb data[len:1]
E/DataRouter(  109): read usb data message:
E/DataRouter(  109): Before the usb select 
E/SMD     (   90): ***Received data notification[DR->SMD]***
E/SMD     (   90): Message:
E/SMD     (   90): Sending data to SMD: Len = [1]
E/SMD     (   90):  buffer = []
D/SPRDENG (  151): eng_server2modem: use SIM1 /dev/CHNPTY13
D/SPRDENG (  151): AT > ATV1
D/PHONESERVER(  146): Send thread's TID [274] CHNMNG:findNextEOL:
D/PHONESERVER(  146): Send thread's TID [274] CHNMNG:end findNextEOL:
E/SMD     (   90): Wrote 1 chars to SMD PORT fd=11 ch = d
D/PHONESERVER(  146): Send thread's TID [274] CHNMNG:findNextEOL:
D/PHONESERVER(  146): Send thread's TID [274] CHNMNG:end findNextEOL:
D/PHONESERVER(  146): Send thread's TID [274] PS_PTY : /dev/CHNPTY13 Received 5 bytes command[ATV1]
D/PHONESERVER(  146): Send thread TID [274] CHNMNG enter channel_manager_get_cmux 
D/PHONESERVER(  146): Before add wait array pty=0x37964
D/PHONESERVER(  146): Before add wait array
D/PHONESERVER(  146): 
D/PHONESERVER(  146): After add wait array
D/PHONESERVER(  146): [0]:274 
D/PHONESERVER(  146): 
D/PHONESERVER(  146): TYPE: GSM
D/PHONESERVER(  146): Send thread TID [274] CHNMNG Leave channel_manager_get_cmux:/dev/ts0710mux5 
D/PHONESERVER(  146): PS_CMUX cmux_regist_cmd_callback cmux:/dev/ts0710mux5
D/PHONESERVER(  146): PS_CMUX :/dev/ts0710mux5 cmux_write:ATV1:len=5
D/PHONESERVER(  146): Receive thread's TID [263] CHMNG:  receive data thread :mux=/dev/ts0710mux5:input:OK
D/PHONESERVER(  146): PS_CMUX cmux_deregist_cmd_callback cmux:/dev/ts0710mux5
D/PHONESERVER(  146): pty_write get lock
D/PHONESERVER(  146): PS_PTY:/dev/CHNPTY13   write :
D/PHONESERVER(  146): OK
D/PHONESERVER(  146): 
D/PHONESERVER(  146): pty_write free lock
D/SPRDENG (  151): eng_modem2server: use SIM1 /dev/CHNPTY13
D/SPRDENG (  151): AT < 
D/SPRDENG (  151): OK
D/SPRDENG (  151): 
E/SMD     (   90): After the Modem Read select 
E/SMD     (   90): Read 6 chars from SMD Modem file fd = 11
E/SMD     (   90):  Message: 
E/SMD     (   90): OK
E/SMD     (   90):  ERROR: 4
E/SMD     (   90): 
E/SMD     (   90): ication CO.
E/SMD     (   90): 
E/SMD     (   90): OK
E/SMD     (   90): ","SM"))
E/SMD     (   90): 
E/SMD     (   90): OK
E/SMD     (   90): G", "AC","PN", "FD","PU","PP","PC")
E/SMD     (   90): 
E/SMD     (   90): OK
E/SMD     (   90): 28-2013 12:11:48
E/SMD     (   90): 
E/SMD     (   90): OK
E/SMD     (   90): 
E/SMD     (   90): Before the Modem Read select 
E/DataRouter(  109): [socket:17]******* Received data notification *******
E/DataRouter(  109): [socket:17]read socket data[len:6]
E/DataRouter(  109): [socket:17]read socket data[message:
E/DataRouter(  109): OK
E/DataRouter(  109): 
E/DataRouter(  109): write [6] bytes of data to USB fd[13]
E/DataRouter(  109): [socket:17]dr_usb_write
D/PHONESERVER(  146): [274] before timeout (1404660204)
D/PHONESERVER(  146): CHNMNG enter channel_manager_free_cmux cmux=/dev/ts0710mux5 
D/PHONESERVER(  146): CHNMNG enter channel_manager_free_cmux pty=0x37964 
D/PHONESERVER(  146): [263] Before remove wait array
D/PHONESERVER(  146): [0]:274 
D/PHONESERVER(  146): 
D/PHONESERVER(  146): [263] After remove wait array
D/PHONESERVER(  146): 
D/PHONESERVER(  146): Enter select_send_thread_run
D/PHONESERVER(  146): Leave select_send_thread_run
D/PHONESERVER(  146): CHNMNG Leave channel_manager_free_cmux cmux=/dev/ts0710mux5 
D/PHONESERVER(  146): [263] before signal (1404660204)
E/DataRouter(  109): After the usb select 
E/DataRouter(  109): read usb data[len:1]
E/DataRouter(  109): read usb data message:A
E/DataRouter(  109): Before the usb select 
E/SMD     (   90): ***Received data notification[DR->SMD]***
E/SMD     (   90): Message:A
E/SMD     (   90): Sending data to SMD: Len = [1]
E/SMD     (   90):  buffer = [A]
E/SMD     (   90): Wrote 1 chars to SMD PORT fd=11 ch = 41
D/PHONESERVER(  146): [263] after signal (1404660204)
D/PHONESERVER(  146): Receive thread's TID [263] MUX :/dev/ts0710mux5 Waiting for resp  
D/PHONESERVER(  146): [274] after timeout (1404660204)
D/PHONESERVER(  146): phoneserver mux adapt: generic cmd ATV1
E/DataRouter(  109): After the usb select 
E/DataRouter(  109): read usb data[len:1]
E/DataRouter(  109): read usb data message:T
E/DataRouter(  109): Before the usb select 
E/SMD     (   90): ***Received data notification[DR->SMD]***
E/SMD     (   90): Message:T
E/SMD     (   90): Sending data to SMD: Len = [1]
E/SMD     (   90):  buffer = [T]
E/SMD     (   90): Wrote 1 chars to SMD PORT fd=11 ch = 54
E/DataRouter(  109): After the usb select 
E/DataRouter(  109): read usb data[len:1]
E/DataRouter(  109): read usb data message:+
E/DataRouter(  109): Before the usb select 
E/SMD     (   90): ***Received data notification[DR->SMD]***
E/SMD     (   90): Message:+
E/SMD     (   90): Sending data to SMD: Len = [1]
E/SMD     (   90):  buffer = [+]
E/SMD     (   90): Wrote 1 chars to SMD PORT fd=11 ch = 2b
E/DataRouter(  109): After the usb select 
E/DataRouter(  109): read usb data[len:1]
E/DataRouter(  109): read usb data message:C
E/DataRouter(  109): Before the usb select 
E/SMD     (   90): ***Received data notification[DR->SMD]***
E/SMD     (   90): Message:C
E/SMD     (   90): Sending data to SMD: Len = [1]
E/SMD     (   90):  buffer = [C]
E/SMD     (   90): Wrote 1 chars to SMD PORT fd=11 ch = 43
E/DataRouter(  109): After the usb select 
E/DataRouter(  109): read usb data[len:1]
E/DataRouter(  109): read usb data message:M
E/DataRouter(  109): Before the usb select 
E/SMD     (   90): ***Received data notification[DR->SMD]***
E/SMD     (   90): Message:M
E/SMD     (   90): Sending data to SMD: Len = [1]
E/SMD     (   90):  buffer = [M]
E/SMD     (   90): Wrote 1 chars to SMD PORT fd=11 ch = 4d
E/DataRouter(  109): After the usb select 
E/DataRouter(  109): read usb data[len:1]
E/DataRouter(  109): read usb data message:E
E/DataRouter(  109): Before the usb select 
E/SMD     (   90): ***Received data notification[DR->SMD]***
E/SMD     (   90): Message:E
E/SMD     (   90): Sending data to SMD: Len = [1]
E/SMD     (   90):  buffer = [E]
E/SMD     (   90): Wrote 1 chars to SMD PORT fd=11 ch = 45
E/DataRouter(  109): After the usb select 
E/DataRouter(  109): read usb data[len:1]
E/DataRouter(  109): read usb data message:E
E/DataRouter(  109): Before the usb select 
E/SMD     (   90): ***Received data notification[DR->SMD]***
E/SMD     (   90): Message:E
E/SMD     (   90): Sending data to SMD: Len = [1]
E/SMD     (   90):  buffer = [E]
E/SMD     (   90): Wrote 1 chars to SMD PORT fd=11 ch = 45
E/DataRouter(  109): After the usb select 
E/DataRouter(  109): read usb data[len:1]
E/DataRouter(  109): read usb data message:=
E/DataRouter(  109): Before the usb select 
E/SMD     (   90): ***Received data notification[DR->SMD]***
E/SMD     (   90): Message:=
E/SMD     (   90): Sending data to SMD: Len = [1]
E/SMD     (   90):  buffer = [=]
E/SMD     (   90): Wrote 1 chars to SMD PORT fd=11 ch = 3d
E/DataRouter(  109): After the usb select 
E/DataRouter(  109): read usb data[len:1]
E/DataRouter(  109): read usb data message:1
E/DataRouter(  109): Before the usb select 
E/SMD     (   90): ***Received data notification[DR->SMD]***
E/SMD     (   90): Message:1
E/SMD     (   90): Sending data to SMD: Len = [1]
E/SMD     (   90):  buffer = [1]
E/SMD     (   90): Wrote 1 chars to SMD PORT fd=11 ch = 31
E/DataRouter(  109): After the usb select 
E/DataRouter(  109): read usb data[len:1]
E/DataRouter(  109): read usb data message:
E/DataRouter(  109): Before the usb select 
E/SMD     (   90): ***Received data notification[DR->SMD]***
E/SMD     (   90): Message:
E/SMD     (   90): Sending data to SMD: Len = [1]
E/SMD     (   90):  buffer = []
D/SPRDENG (  151): eng_server2modem: use SIM1 /dev/CHNPTY13
D/SPRDENG (  151): AT > AT+CMEE=1
D/PHONESERVER(  146): Send thread's TID [274] CHNMNG:findNextEOL:
D/PHONESERVER(  146): Send thread's TID [274] CHNMNG:end findNextEOL:
E/SMD     (   90): Wrote 1 chars to SMD PORT fd=11 ch = d
D/PHONESERVER(  146): Send thread's TID [274] CHNMNG:findNextEOL:
D/PHONESERVER(  146): Send thread's TID [274] CHNMNG:end findNextEOL:
D/PHONESERVER(  146): Send thread's TID [274] PS_PTY : /dev/CHNPTY13 Received 10 bytes command[AT+CMEE=1]
D/PHONESERVER(  146): Send thread TID [274] CHNMNG enter channel_manager_get_cmux 
D/PHONESERVER(  146): Before add wait array pty=0x37964
D/PHONESERVER(  146): Before add wait array
D/PHONESERVER(  146): 
D/PHONESERVER(  146): After add wait array
D/PHONESERVER(  146): [0]:274 
D/PHONESERVER(  146): 
D/PHONESERVER(  146): TYPE: GSM
D/PHONESERVER(  146): Send thread TID [274] CHNMNG Leave channel_manager_get_cmux:/dev/ts0710mux5 
D/PHONESERVER(  146): PS_CMUX cmux_regist_cmd_callback cmux:/dev/ts0710mux5
D/PHONESERVER(  146): PS_CMUX :/dev/ts0710mux5 cmux_write:AT+CMEE=1:len=10
D/PHONESERVER(  146): Receive thread's TID [263] CHMNG:  receive data thread :mux=/dev/ts0710mux5:input:OK
D/PHONESERVER(  146): PS_CMUX cmux_deregist_cmd_callback cmux:/dev/ts0710mux5
D/PHONESERVER(  146): pty_write get lock
D/PHONESERVER(  146): PS_PTY:/dev/CHNPTY13   write :
D/PHONESERVER(  146): OK
D/PHONESERVER(  146): 
D/SPRDENG (  151): eng_modem2server: use SIM1 /dev/CHNPTY13
D/SPRDENG (  151): AT < 
D/SPRDENG (  151): OK
D/SPRDENG (  151): 
E/SMD     (   90): After the Modem Read select 
E/SMD     (   90): Read 6 chars from SMD Modem file fd = 11
E/SMD     (   90):  Message: 
E/SMD     (   90): OK
E/SMD     (   90):  ERROR: 4
E/SMD     (   90): 
E/SMD     (   90): ication CO.
E/SMD     (   90): 
E/SMD     (   90): OK
E/SMD     (   90): ","SM"))
E/SMD     (   90): 
E/SMD     (   90): OK
E/SMD     (   90): G", "AC","PN", "FD","PU","PP","PC")
E/SMD     (   90): 
E/SMD     (   90): OK
E/SMD     (   90): 28-2013 12:11:48
E/SMD     (   90): 
E/SMD     (   90): OK
E/SMD     (   90): 
E/SMD     (   90): Before the Modem Read select 
E/DataRouter(  109): [socket:17]******* Received data notification *******
E/DataRouter(  109): [socket:17]read socket data[len:6]
E/DataRouter(  109): [socket:17]read socket data[message:
E/DataRouter(  109): OK
E/DataRouter(  109): 
E/DataRouter(  109): write [6] bytes of data to USB fd[13]
E/DataRouter(  109): [socket:17]dr_usb_write
D/PHONESERVER(  146): pty_write free lock
D/PHONESERVER(  146): [274] before timeout (1404660204)
D/PHONESERVER(  146): CHNMNG enter channel_manager_free_cmux cmux=/dev/ts0710mux5 
D/PHONESERVER(  146): CHNMNG enter channel_manager_free_cmux pty=0x37964 
D/PHONESERVER(  146): [263] Before remove wait array
D/PHONESERVER(  146): [0]:274 
D/PHONESERVER(  146): 
D/PHONESERVER(  146): [263] After remove wait array
D/PHONESERVER(  146): 
D/PHONESERVER(  146): Enter select_send_thread_run
D/PHONESERVER(  146): Leave select_send_thread_run
D/PHONESERVER(  146): CHNMNG Leave channel_manager_free_cmux cmux=/dev/ts0710mux5 
D/PHONESERVER(  146): [263] before signal (1404660204)
D/PHONESERVER(  146): [263] after signal (1404660204)
D/PHONESERVER(  146): Receive thread's TID [263] MUX :/dev/ts0710mux5 Waiting for resp  
E/DataRouter(  109): After the usb select 
E/DataRouter(  109): read usb data[len:1]
E/DataRouter(  109): read usb data message:A
E/DataRouter(  109): Before the usb select 
E/SMD     (   90): ***Received data notification[DR->SMD]***
E/SMD     (   90): Message:A
E/SMD     (   90): Sending data to SMD: Len = [1]
E/SMD     (   90):  buffer = [A]
E/SMD     (   90): Wrote 1 chars to SMD PORT fd=11 ch = 41
D/PHONESERVER(  146): [274] after timeout (1404660204)
D/PHONESERVER(  146): phoneserver mux adapt: generic cmd AT+CMEE=1
E/DataRouter(  109): After the usb select 
E/DataRouter(  109): read usb data[len:1]
E/DataRouter(  109): read usb data message:T
E/DataRouter(  109): Before the usb select 
E/SMD     (   90): ***Received data notification[DR->SMD]***
E/SMD     (   90): Message:T
E/SMD     (   90): Sending data to SMD: Len = [1]
E/SMD     (   90):  buffer = [T]
E/SMD     (   90): Wrote 1 chars to SMD PORT fd=11 ch = 54
E/DataRouter(  109): After the usb select 
E/DataRouter(  109): read usb data[len:1]
E/DataRouter(  109): read usb data message:X
E/DataRouter(  109): Before the usb select 
E/SMD     (   90): ***Received data notification[DR->SMD]***
E/SMD     (   90): Message:X
E/SMD     (   90): Sending data to SMD: Len = [1]
E/SMD     (   90):  buffer = [X]
E/SMD     (   90): Wrote 1 chars to SMD PORT fd=11 ch = 58
E/DataRouter(  109): After the usb select 
E/DataRouter(  109): read usb data[len:1]
E/DataRouter(  109): read usb data message:4
E/DataRouter(  109): Before the usb select 
E/SMD     (   90): ***Received data notification[DR->SMD]***
E/SMD     (   90): Message:4
E/SMD     (   90): Sending data to SMD: Len = [1]
E/SMD     (   90):  buffer = [4]
E/SMD     (   90): Wrote 1 chars to SMD PORT fd=11 ch = 34
E/DataRouter(  109): After the usb select 
E/DataRouter(  109): read usb data[len:1]
E/DataRouter(  109): read usb data message:
E/DataRouter(  109): Before the usb select 
E/SMD     (   90): ***Received data notification[DR->SMD]***
E/SMD     (   90): Message:
E/SMD     (   90): Sending data to SMD: Len = [1]
E/SMD     (   90):  buffer = []
D/SPRDENG (  151): eng_server2modem: use SIM1 /dev/CHNPTY13
D/SPRDENG (  151): AT > ATX4
D/PHONESERVER(  146): Send thread's TID [274] CHNMNG:findNextEOL:
D/PHONESERVER(  146): Send thread's TID [274] CHNMNG:end findNextEOL:
E/SMD     (   90): Wrote 1 chars to SMD PORT fd=11 ch = d
D/PHONESERVER(  146): Send thread's TID [274] CHNMNG:findNextEOL:
D/PHONESERVER(  146): Send thread's TID [274] CHNMNG:end findNextEOL:
D/PHONESERVER(  146): Send thread's TID [274] PS_PTY : /dev/CHNPTY13 Received 5 bytes command[ATX4]
D/PHONESERVER(  146): Send thread TID [274] CHNMNG enter channel_manager_get_cmux 
D/PHONESERVER(  146): Before add wait array pty=0x37964
D/PHONESERVER(  146): Before add wait array
D/PHONESERVER(  146): 
D/PHONESERVER(  146): After add wait array
D/PHONESERVER(  146): [0]:274 
D/PHONESERVER(  146): 
D/PHONESERVER(  146): TYPE: GSM
D/PHONESERVER(  146): Send thread TID [274] CHNMNG Leave channel_manager_get_cmux:/dev/ts0710mux5 
D/PHONESERVER(  146): PS_CMUX cmux_regist_cmd_callback cmux:/dev/ts0710mux5
D/PHONESERVER(  146): PS_CMUX :/dev/ts0710mux5 cmux_write:ATX4:len=5
D/PHONESERVER(  146): Receive thread's TID [263] CHMNG:  receive data thread :mux=/dev/ts0710mux5:input:OK
D/PHONESERVER(  146): PS_CMUX cmux_deregist_cmd_callback cmux:/dev/ts0710mux5
D/PHONESERVER(  146): pty_write get lock
D/PHONESERVER(  146): PS_PTY:/dev/CHNPTY13   write :
D/PHONESERVER(  146): OK
D/PHONESERVER(  146): 
D/SPRDENG (  151): eng_modem2server: use SIM1 /dev/CHNPTY13
D/SPRDENG (  151): AT < 
D/SPRDENG (  151): OK
D/SPRDENG (  151): 
E/SMD     (   90): After the Modem Read select 
E/SMD     (   90): Read 6 chars from SMD Modem file fd = 11
E/SMD     (   90):  Message: 
E/SMD     (   90): OK
E/SMD     (   90):  ERROR: 4
E/SMD     (   90): 
E/SMD     (   90): ication CO.
E/SMD     (   90): 
E/SMD     (   90): OK
E/SMD     (   90): ","SM"))
E/SMD     (   90): 
E/SMD     (   90): OK
E/SMD     (   90): G", "AC","PN", "FD","PU","PP","PC")
E/SMD     (   90): 
E/SMD     (   90): OK
E/SMD     (   90): 28-2013 12:11:48
E/SMD     (   90): 
E/SMD     (   90): OK
E/SMD     (   90): 
E/SMD     (   90): Before the Modem Read select 
E/DataRouter(  109): [socket:17]******* Received data notification *******
E/DataRouter(  109): [socket:17]read socket data[len:6]
E/DataRouter(  109): [socket:17]read socket data[message:
E/DataRouter(  109): OK
E/DataRouter(  109): 
E/DataRouter(  109): write [6] bytes of data to USB fd[13]
E/DataRouter(  109): [socket:17]dr_usb_write
D/PHONESERVER(  146): pty_write free lock
D/PHONESERVER(  146): [274] before timeout (1404660204)
D/PHONESERVER(  146): CHNMNG enter channel_manager_free_cmux cmux=/dev/ts0710mux5 
E/DataRouter(  109): After the usb select 
E/DataRouter(  109): read usb data[len:1]
E/DataRouter(  109): read usb data message:A
E/DataRouter(  109): Before the usb select 
E/SMD     (   90): ***Received data notification[DR->SMD]***
E/SMD     (   90): Message:A
E/SMD     (   90): Sending data to SMD: Len = [1]
E/SMD     (   90):  buffer = [A]
E/SMD     (   90): Wrote 1 chars to SMD PORT fd=11 ch = 41
D/PHONESERVER(  146): CHNMNG enter channel_manager_free_cmux pty=0x37964 
D/PHONESERVER(  146): [263] Before remove wait array
D/PHONESERVER(  146): [0]:274 
D/PHONESERVER(  146): 
D/PHONESERVER(  146): [263] After remove wait array
D/PHONESERVER(  146): 
D/PHONESERVER(  146): Enter select_send_thread_run
D/PHONESERVER(  146): Leave select_send_thread_run
D/PHONESERVER(  146): CHNMNG Leave channel_manager_free_cmux cmux=/dev/ts0710mux5 
D/PHONESERVER(  146): [263] before signal (1404660204)
D/PHONESERVER(  146): [263] after signal (1404660204)
D/PHONESERVER(  146): Receive thread's TID [263] MUX :/dev/ts0710mux5 Waiting for resp  
D/PHONESERVER(  146): [274] after timeout (1404660204)
D/PHONESERVER(  146): phoneserver mux adapt: generic cmd ATX4
E/DataRouter(  109): After the usb select 
E/DataRouter(  109): read usb data[len:1]
E/DataRouter(  109): read usb data message:T
E/DataRouter(  109): Before the usb select 
E/SMD     (   90): ***Received data notification[DR->SMD]***
E/SMD     (   90): Message:T
E/SMD     (   90): Sending data to SMD: Len = [1]
E/SMD     (   90):  buffer = [T]
E/SMD     (   90): Wrote 1 chars to SMD PORT fd=11 ch = 54
E/DataRouter(  109): After the usb select 
E/DataRouter(  109): read usb data[len:1]
E/DataRouter(  109): read usb data message:&
E/DataRouter(  109): Before the usb select 
E/SMD     (   90): ***Received data notification[DR->SMD]***
E/SMD     (   90): Message:&
E/SMD     (   90): Sending data to SMD: Len = [1]
E/SMD     (   90):  buffer = [&]
E/SMD     (   90): Wrote 1 chars to SMD PORT fd=11 ch = 26
E/DataRouter(  109): After the usb select 
E/DataRouter(  109): read usb data[len:1]
E/DataRouter(  109): read usb data message:C
E/DataRouter(  109): Before the usb select 
E/SMD     (   90): ***Received data notification[DR->SMD]***
E/SMD     (   90): Message:C
E/SMD     (   90): Sending data to SMD: Len = [1]
E/SMD     (   90):  buffer = [C]
E/SMD     (   90): Wrote 1 chars to SMD PORT fd=11 ch = 43
E/DataRouter(  109): After the usb select 
E/DataRouter(  109): read usb data[len:1]
E/DataRouter(  109): read usb data message:1
E/DataRouter(  109): Before the usb select 
E/SMD     (   90): ***Received data notification[DR->SMD]***
E/SMD     (   90): Message:1
E/SMD     (   90): Sending data to SMD: Len = [1]
E/SMD     (   90):  buffer = [1]
E/SMD     (   90): Wrote 1 chars to SMD PORT fd=11 ch = 31
E/DataRouter(  109): After the usb select 
E/DataRouter(  109): read usb data[len:1]
E/DataRouter(  109): read usb data message:
E/DataRouter(  109): Before the usb select 
E/SMD     (   90): ***Received data notification[DR->SMD]***
E/SMD     (   90): Message:
E/SMD     (   90): Sending data to SMD: Len = [1]
E/SMD     (   90):  buffer = []
D/SPRDENG (  151): eng_server2modem: use SIM1 /dev/CHNPTY13
D/SPRDENG (  151): AT > AT&C1
D/PHONESERVER(  146): Send thread's TID [274] CHNMNG:findNextEOL:
D/PHONESERVER(  146): Send thread's TID [274] CHNMNG:end findNextEOL:
E/SMD     (   90): Wrote 1 chars to SMD PORT fd=11 ch = d
D/PHONESERVER(  146): Send thread's TID [274] CHNMNG:findNextEOL:
D/PHONESERVER(  146): Send thread's TID [274] CHNMNG:end findNextEOL:
D/PHONESERVER(  146): Send thread's TID [274] PS_PTY : /dev/CHNPTY13 Received 6 bytes command[AT&C1]
D/PHONESERVER(  146): Send thread TID [274] CHNMNG enter channel_manager_get_cmux 
D/PHONESERVER(  146): Before add wait array pty=0x37964
D/PHONESERVER(  146): Before add wait array
D/PHONESERVER(  146): 
D/PHONESERVER(  146): After add wait array
D/PHONESERVER(  146): [0]:274 
D/PHONESERVER(  146): 
D/PHONESERVER(  146): TYPE: GSM
D/PHONESERVER(  146): Send thread TID [274] CHNMNG Leave channel_manager_get_cmux:/dev/ts0710mux5 
D/PHONESERVER(  146): PS_CMUX cmux_regist_cmd_callback cmux:/dev/ts0710mux5
D/PHONESERVER(  146): PS_CMUX :/dev/ts0710mux5 cmux_write:AT&C1:len=6
D/PHONESERVER(  146): Receive thread's TID [263] CHMNG:  receive data thread :mux=/dev/ts0710mux5:input:OK
D/PHONESERVER(  146): PS_CMUX cmux_deregist_cmd_callback cmux:/dev/ts0710mux5
D/PHONESERVER(  146): pty_write get lock
D/PHONESERVER(  146): PS_PTY:/dev/CHNPTY13   write :
D/PHONESERVER(  146): OK
D/PHONESERVER(  146): 
D/PHONESERVER(  146): pty_write free lock
D/SPRDENG (  151): eng_modem2server: use SIM1 /dev/CHNPTY13
D/SPRDENG (  151): AT < 
D/SPRDENG (  151): OK
D/SPRDENG (  151): 
E/SMD     (   90): After the Modem Read select 
E/SMD     (   90): Read 6 chars from SMD Modem file fd = 11
E/SMD     (   90):  Message: 
E/SMD     (   90): OK
E/SMD     (   90):  ERROR: 4
E/SMD     (   90): 
E/SMD     (   90): ication CO.
E/SMD     (   90): 
E/SMD     (   90): OK
E/SMD     (   90): ","SM"))
E/SMD     (   90): 
E/SMD     (   90): OK
E/SMD     (   90): G", "AC","PN", "FD","PU","PP","PC")
E/SMD     (   90): 
E/SMD     (   90): OK
E/SMD     (   90): 28-2013 12:11:48
E/SMD     (   90): 
E/SMD     (   90): OK
E/SMD     (   90): 
E/SMD     (   90): Before the Modem Read select 
E/DataRouter(  109): [socket:17]******* Received data notification *******
E/DataRouter(  109): [socket:17]read socket data[len:6]
E/DataRouter(  109): [socket:17]read socket data[message:
E/DataRouter(  109): OK
E/DataRouter(  109): 
E/DataRouter(  109): write [6] bytes of data to USB fd[13]
E/DataRouter(  109): [socket:17]dr_usb_write
E/DataRouter(  109): After the usb select 
E/DataRouter(  109): read usb data[len:1]
E/DataRouter(  109): read usb data message:A
E/DataRouter(  109): Before the usb select 
E/SMD     (   90): ***Received data notification[DR->SMD]***
E/SMD     (   90): Message:A
E/SMD     (   90): Sending data to SMD: Len = [1]
E/SMD     (   90):  buffer = [A]
E/SMD     (   90): Wrote 1 chars to SMD PORT fd=11 ch = 41
D/PHONESERVER(  146): [274] before timeout (1404660204)
D/PHONESERVER(  146): CHNMNG enter channel_manager_free_cmux cmux=/dev/ts0710mux5 
D/PHONESERVER(  146): CHNMNG enter channel_manager_free_cmux pty=0x37964 
D/PHONESERVER(  146): [263] Before remove wait array
D/PHONESERVER(  146): [0]:274 
D/PHONESERVER(  146): 
D/PHONESERVER(  146): [263] After remove wait array
D/PHONESERVER(  146): 
D/PHONESERVER(  146): Enter select_send_thread_run
D/PHONESERVER(  146): Leave select_send_thread_run
D/PHONESERVER(  146): CHNMNG Leave channel_manager_free_cmux cmux=/dev/ts0710mux5 
D/PHONESERVER(  146): [263] before signal (1404660204)
D/PHONESERVER(  146): [263] after signal (1404660204)
D/PHONESERVER(  146): Receive thread's TID [263] MUX :/dev/ts0710mux5 Waiting for resp  
D/PHONESERVER(  146): [274] after timeout (1404660204)
D/PHONESERVER(  146): phoneserver mux adapt: generic cmd AT&C1
E/DataRouter(  109): After the usb select 
E/DataRouter(  109): read usb data[len:1]
E/DataRouter(  109): read usb data message:T
E/DataRouter(  109): Before the usb select 
E/SMD     (   90): ***Received data notification[DR->SMD]***
E/SMD     (   90): Message:T
E/SMD     (   90): Sending data to SMD: Len = [1]
E/SMD     (   90):  buffer = [T]
E/SMD     (   90): Wrote 1 chars to SMD PORT fd=11 ch = 54
E/DataRouter(  109): After the usb select 
E/DataRouter(  109): read usb data[len:1]
E/DataRouter(  109): read usb data message:E
E/DataRouter(  109): Before the usb select 
E/SMD     (   90): ***Received data notification[DR->SMD]***
E/SMD     (   90): Message:E
E/SMD     (   90): Sending data to SMD: Len = [1]
E/SMD     (   90):  buffer = [E]
E/SMD     (   90): Wrote 1 chars to SMD PORT fd=11 ch = 45
E/DataRouter(  109): After the usb select 
E/DataRouter(  109): read usb data[len:1]
E/DataRouter(  109): read usb data message:0
E/DataRouter(  109): Before the usb select 
E/SMD     (   90): ***Received data notification[DR->SMD]***
E/SMD     (   90): Message:0
E/SMD     (   90): Sending data to SMD: Len = [1]
E/SMD     (   90):  buffer = [0]
E/SMD     (   90): Wrote 1 chars to SMD PORT fd=11 ch = 30
E/DataRouter(  109): After the usb select 
E/DataRouter(  109): read usb data[len:1]
E/DataRouter(  109): read usb data message:
E/DataRouter(  109): Before the usb select 
E/SMD     (   90): ***Received data notification[DR->SMD]***
E/SMD     (   90): Message:
E/SMD     (   90): Sending data to SMD: Len = [1]
E/SMD     (   90):  buffer = []
D/SPRDENG (  151): eng_server2modem: use SIM1 /dev/CHNPTY13
D/SPRDENG (  151): AT > ATE0
D/PHONESERVER(  146): Send thread's TID [274] CHNMNG:findNextEOL:
D/PHONESERVER(  146): Send thread's TID [274] CHNMNG:end findNextEOL:
E/SMD     (   90): Wrote 1 chars to SMD PORT fd=11 ch = d
D/PHONESERVER(  146): Send thread's TID [274] CHNMNG:findNextEOL:
D/PHONESERVER(  146): Send thread's TID [274] CHNMNG:end findNextEOL:
D/PHONESERVER(  146): Send thread's TID [274] PS_PTY : /dev/CHNPTY13 Received 5 bytes command[ATE0]
D/PHONESERVER(  146): Send thread TID [274] CHNMNG enter channel_manager_get_cmux 
D/PHONESERVER(  146): Before add wait array pty=0x37964
D/PHONESERVER(  146): Before add wait array
D/PHONESERVER(  146): 
D/PHONESERVER(  146): After add wait array
D/PHONESERVER(  146): [0]:274 
D/PHONESERVER(  146): 
D/PHONESERVER(  146): TYPE: GSM
D/PHONESERVER(  146): Send thread TID [274] CHNMNG Leave channel_manager_get_cmux:/dev/ts0710mux5 
D/PHONESERVER(  146): PS_CMUX cmux_regist_cmd_callback cmux:/dev/ts0710mux5
D/PHONESERVER(  146): PS_CMUX :/dev/ts0710mux5 cmux_write:ATE0:len=5
D/PHONESERVER(  146): Receive thread's TID [263] CHMNG:  receive data thread :mux=/dev/ts0710mux5:input:OK
D/PHONESERVER(  146): PS_CMUX cmux_deregist_cmd_callback cmux:/dev/ts0710mux5
D/PHONESERVER(  146): pty_write get lock
D/PHONESERVER(  146): PS_PTY:/dev/CHNPTY13   write :
D/PHONESERVER(  146): OK
D/PHONESERVER(  146): 
D/SPRDENG (  151): eng_modem2server: use SIM1 /dev/CHNPTY13
D/SPRDENG (  151): AT < 
D/SPRDENG (  151): OK
D/SPRDENG (  151): 
E/SMD     (   90): After the Modem Read select 
E/SMD     (   90): Read 6 chars from SMD Modem file fd = 11
E/SMD     (   90):  Message: 
E/SMD     (   90): OK
E/SMD     (   90):  ERROR: 4
E/SMD     (   90): 
E/SMD     (   90): ication CO.
E/SMD     (   90): 
E/SMD     (   90): OK
E/SMD     (   90): ","SM"))
E/SMD     (   90): 
E/SMD     (   90): OK
E/SMD     (   90): G", "AC","PN", "FD","PU","PP","PC")
E/SMD     (   90): 
E/SMD     (   90): OK
E/SMD     (   90): 28-2013 12:11:48
E/SMD     (   90): 
E/SMD     (   90): OK
E/SMD     (   90): 
E/SMD     (   90): Before the Modem Read select 
E/DataRouter(  109): [socket:17]******* Received data notification *******
E/DataRouter(  109): [socket:17]read socket data[len:6]
E/DataRouter(  109): [socket:17]read socket data[message:
E/DataRouter(  109): OK
E/DataRouter(  109): 
E/DataRouter(  109): write [6] bytes of data to USB fd[13]
E/DataRouter(  109): [socket:17]dr_usb_write
D/PHONESERVER(  146): pty_write free lock
D/PHONESERVER(  146): [274] before timeout (1404660204)
D/PHONESERVER(  146): CHNMNG enter channel_manager_free_cmux cmux=/dev/ts0710mux5 
D/PHONESERVER(  146): CHNMNG enter channel_manager_free_cmux pty=0x37964 
D/PHONESERVER(  146): [263] Before remove wait array
D/PHONESERVER(  146): [0]:274 
D/PHONESERVER(  146): 
D/PHONESERVER(  146): [263] After remove wait array
D/PHONESERVER(  146): 
D/PHONESERVER(  146): Enter select_send_thread_run
D/PHONESERVER(  146): Leave select_send_thread_run
D/PHONESERVER(  146): CHNMNG Leave channel_manager_free_cmux cmux=/dev/ts0710mux5 
D/PHONESERVER(  146): [263] before signal (1404660204)
E/DataRouter(  109): After the usb select 
E/DataRouter(  109): read usb data[len:1]
E/DataRouter(  109): read usb data message:A
E/DataRouter(  109): Before the usb select 
E/SMD     (   90): ***Received data notification[DR->SMD]***
E/SMD     (   90): Message:A
E/SMD     (   90): Sending data to SMD: Len = [1]
E/SMD     (   90):  buffer = [A]
E/SMD     (   90): Wrote 1 chars to SMD PORT fd=11 ch = 41
D/PHONESERVER(  146): [263] after signal (1404660204)
D/PHONESERVER(  146): Receive thread's TID [263] MUX :/dev/ts0710mux5 Waiting for resp  
D/PHONESERVER(  146): [274] after timeout (1404660204)
D/PHONESERVER(  146): phoneserver mux adapt: generic cmd ATE0
E/DataRouter(  109): After the usb select 
E/DataRouter(  109): read usb data[len:1]
E/DataRouter(  109): read usb data message:T
E/DataRouter(  109): Before the usb select 
E/SMD     (   90): ***Received data notification[DR->SMD]***
E/SMD     (   90): Message:T
E/SMD     (   90): Sending data to SMD: Len = [1]
E/SMD     (   90):  buffer = [T]
E/SMD     (   90): Wrote 1 chars to SMD PORT fd=11 ch = 54
E/DataRouter(  109): After the usb select 
E/DataRouter(  109): read usb data[len:1]
E/DataRouter(  109): read usb data message:+
E/DataRouter(  109): Before the usb select 
E/SMD     (   90): ***Received data notification[DR->SMD]***
E/SMD     (   90): Message:+
E/SMD     (   90): Sending data to SMD: Len = [1]
E/SMD     (   90):  buffer = [+]
E/SMD     (   90): Wrote 1 chars to SMD PORT fd=11 ch = 2b
E/DataRouter(  109): After the usb select 
E/DataRouter(  109): read usb data[len:1]
E/DataRouter(  109): read usb data message:C
E/DataRouter(  109): Before the usb select 
E/SMD     (   90): ***Received data notification[DR->SMD]***
E/SMD     (   90): Message:C
E/SMD     (   90): Sending data to SMD: Len = [1]
E/SMD     (   90):  buffer = [C]
E/SMD     (   90): Wrote 1 chars to SMD PORT fd=11 ch = 43
E/DataRouter(  109): After the usb select 
E/DataRouter(  109): read usb data[len:2]
E/DataRouter(  109): read usb data message:ME
E/DataRouter(  109): Before the usb select 
E/SMD     (   90): ***Received data notification[DR->SMD]***
E/SMD     (   90): Path set is DATA_PATH_DR_SMD_MANAGER
E/SMD     (   90): Message:ME
E/SMD     (   90): Sending data to SMD: Len = [2]
E/SMD     (   90):  buffer = [ME]
E/SMD     (   90): Wrote 2 chars to SMD PORT fd=11 ch = 4d
E/DataRouter(  109): After the usb select 
E/DataRouter(  109): read usb data[len:1]
E/DataRouter(  109): read usb data message:E
E/DataRouter(  109): Before the usb select 
E/SMD     (   90): ***Received data notification[DR->SMD]***
E/SMD     (   90): Message:E
E/SMD     (   90): Sending data to SMD: Len = [1]
E/SMD     (   90):  buffer = [E]
E/SMD     (   90): Wrote 1 chars to SMD PORT fd=11 ch = 45
E/DataRouter(  109): After the usb select 
E/DataRouter(  109): read usb data[len:3]
E/DataRouter(  109): read usb data message:=1
E/DataRouter(  109): Before the usb select 
E/SMD     (   90): ***Received data notification[DR->SMD]***
E/SMD     (   90): Path set is DATA_PATH_DR_SMD_MANAGER
E/SMD     (   90): Message:=1
E/SMD     (   90): Sending data to SMD: Len = [3]
E/SMD     (   90):  buffer = [=1]
D/SPRDENG (  151): eng_server2modem: use SIM1 /dev/CHNPTY13
D/SPRDENG (  151): AT > AT+CMEE=1
D/PHONESERVER(  146): Send thread's TID [274] CHNMNG:findNextEOL:
D/PHONESERVER(  146): Send thread's TID [274] CHNMNG:end findNextEOL:
D/PHONESERVER(  146): Send thread's TID [274] CHNMNG:findNextEOL:
D/PHONESERVER(  146): Send thread's TID [274] CHNMNG:end findNextEOL:
D/PHONESERVER(  146): Send thread's TID [274] PS_PTY : /dev/CHNPTY13 Received 10 bytes command[AT+CMEE=1]
D/PHONESERVER(  146): Send thread TID [274] CHNMNG enter channel_manager_get_cmux 
D/PHONESERVER(  146): Before add wait array pty=0x37964
D/PHONESERVER(  146): Before add wait array
D/PHONESERVER(  146): 
D/PHONESERVER(  146): After add wait array
D/PHONESERVER(  146): [0]:274 
D/PHONESERVER(  146): 
D/PHONESERVER(  146): TYPE: GSM
D/PHONESERVER(  146): Send thread TID [274] CHNMNG Leave channel_manager_get_cmux:/dev/ts0710mux5 
D/PHONESERVER(  146): PS_CMUX cmux_regist_cmd_callback cmux:/dev/ts0710mux5
D/PHONESERVER(  146): PS_CMUX :/dev/ts0710mux5 cmux_write:AT+CMEE=1:len=10
D/PHONESERVER(  146): Receive thread's TID [263] CHMNG:  receive data thread :mux=/dev/ts0710mux5:input:OK
D/PHONESERVER(  146): PS_CMUX cmux_deregist_cmd_callback cmux:/dev/ts0710mux5
D/PHONESERVER(  146): pty_write get lock
D/PHONESERVER(  146): PS_PTY:/dev/CHNPTY13   write :
D/PHONESERVER(  146): OK
D/PHONESERVER(  146): 
D/PHONESERVER(  146): pty_write free lock
D/SPRDENG (  151): eng_modem2server: use SIM1 /dev/CHNPTY13
D/SPRDENG (  151): AT < 
D/SPRDENG (  151): OK
D/SPRDENG (  151): 
E/SMD     (   90): After the Modem Read select 
E/SMD     (   90): Read 6 chars from SMD Modem file fd = 11
E/SMD     (   90):  Message: 
E/SMD     (   90): OK
E/SMD     (   90):  ERROR: 4
E/SMD     (   90): 
E/SMD     (   90): ication CO.
E/SMD     (   90): 
E/SMD     (   90): OK
E/SMD     (   90): ","SM"))
E/SMD     (   90): 
E/SMD     (   90): OK
E/SMD     (   90): G", "AC","PN", "FD","PU","PP","PC")
E/SMD     (   90): 
E/SMD     (   90): OK
E/SMD     (   90): 28-2013 12:11:48
E/SMD     (   90): 
E/SMD     (   90): OK
E/SMD     (   90): 
E/SMD     (   90): Before the Modem Read select 
E/DataRouter(  109): [socket:17]******* Received data notification *******
E/DataRouter(  109): [socket:17]read socket data[len:6]
E/DataRouter(  109): [socket:17]read socket data[message:
E/DataRouter(  109): OK
E/DataRouter(  109): 
E/DataRouter(  109): write [6] bytes of data to USB fd[13]
E/DataRouter(  109): [socket:17]dr_usb_write
D/PHONESERVER(  146): [274] before timeout (1404660204)
D/PHONESERVER(  146): CHNMNG enter channel_manager_free_cmux cmux=/dev/ts0710mux5 
D/PHONESERVER(  146): CHNMNG enter channel_manager_free_cmux pty=0x37964 
D/PHONESERVER(  146): [263] Before remove wait array
D/PHONESERVER(  146): [0]:274 
D/PHONESERVER(  146): 
D/PHONESERVER(  146): [263] After remove wait array
D/PHONESERVER(  146): 
D/PHONESERVER(  146): Enter select_send_thread_run
D/PHONESERVER(  146): Leave select_send_thread_run
D/PHONESERVER(  146): CHNMNG Leave channel_manager_free_cmux cmux=/dev/ts0710mux5 
D/PHONESERVER(  146): [263] before signal (1404660204)
D/PHONESERVER(  146): [263] after signal (1404660204)
D/PHONESERVER(  146): Receive thread's TID [263] MUX :/dev/ts0710mux5 Waiting for resp  
D/PHONESERVER(  146): [274] after timeout (1404660204)
D/PHONESERVER(  146): phoneserver mux adapt: generic cmd AT+CMEE=1
E/SMD     (   90): Wrote 3 chars to SMD PORT fd=11 ch = 3d
E/DataRouter(  109): After the usb select 
E/DataRouter(  109): read usb data[len:1]
E/DataRouter(  109): read usb data message:A
E/DataRouter(  109): Before the usb select 
E/SMD     (   90): ***Received data notification[DR->SMD]***
E/SMD     (   90): Message:A
E/SMD     (   90): Sending data to SMD: Len = [1]
E/SMD     (   90):  buffer = [A]
E/SMD     (   90): Wrote 1 chars to SMD PORT fd=11 ch = 41
E/DataRouter(  109): After the usb select 
E/DataRouter(  109): read usb data[len:1]
E/DataRouter(  109): read usb data message:T
E/DataRouter(  109): Before the usb select 
E/SMD     (   90): ***Received data notification[DR->SMD]***
E/SMD     (   90): Message:T
E/SMD     (   90): Sending data to SMD: Len = [1]
E/SMD     (   90):  buffer = [T]
E/SMD     (   90): Wrote 1 chars to SMD PORT fd=11 ch = 54
E/DataRouter(  109): After the usb select 
E/DataRouter(  109): read usb data[len:1]
E/DataRouter(  109): read usb data message:+
E/DataRouter(  109): Before the usb select 
E/SMD     (   90): ***Received data notification[DR->SMD]***
E/SMD     (   90): Message:+
E/SMD     (   90): Sending data to SMD: Len = [1]
E/SMD     (   90):  buffer = [+]
E/SMD     (   90): Wrote 1 chars to SMD PORT fd=11 ch = 2b
E/DataRouter(  109): After the usb select 
E/DataRouter(  109): read usb data[len:1]
E/DataRouter(  109): read usb data message:G
E/DataRouter(  109): Before the usb select 
E/SMD     (   90): ***Received data notification[DR->SMD]***
E/SMD     (   90): Message:G
E/SMD     (   90): Sending data to SMD: Len = [1]
E/SMD     (   90):  buffer = [G]
E/SMD     (   90): Wrote 1 chars to SMD PORT fd=11 ch = 47
E/DataRouter(  109): After the usb select 
E/DataRouter(  109): read usb data[len:1]
E/DataRouter(  109): read usb data message:C
E/DataRouter(  109): Before the usb select 
E/SMD     (   90): ***Received data notification[DR->SMD]***
E/SMD     (   90): Message:C
E/SMD     (   90): Sending data to SMD: Len = [1]
E/SMD     (   90):  buffer = [C]
E/SMD     (   90): Wrote 1 chars to SMD PORT fd=11 ch = 43
E/DataRouter(  109): After the usb select 
E/DataRouter(  109): read usb data[len:1]
E/DataRouter(  109): read usb data message:A
E/DataRouter(  109): Before the usb select 
E/SMD     (   90): ***Received data notification[DR->SMD]***
E/SMD     (   90): Message:A
E/SMD     (   90): Sending data to SMD: Len = [1]
E/SMD     (   90):  buffer = [A]
E/SMD     (   90): Wrote 1 chars to SMD PORT fd=11 ch = 41
E/DataRouter(  109): After the usb select 
E/DataRouter(  109): read usb data[len:1]
E/DataRouter(  109): read usb data message:P
E/DataRouter(  109): Before the usb select 
E/SMD     (   90): ***Received data notification[DR->SMD]***
E/SMD     (   90): Message:P
E/SMD     (   90): Sending data to SMD: Len = [1]
E/SMD     (   90):  buffer = [P]
E/SMD     (   90): Wrote 1 chars to SMD PORT fd=11 ch = 50
E/DataRouter(  109): After the usb select 
E/DataRouter(  109): read usb data[len:1]
E/DataRouter(  109): read usb data message:
E/SMD     (   90): ***Received data notification[DR->SMD]***
E/SMD     (   90): Message:
E/SMD     (   90): Sending data to SMD: Len = [1]
E/SMD     (   90):  buffer = []
D/SPRDENG (  151): eng_server2modem: use SIM1 /dev/CHNPTY13
D/SPRDENG (  151): AT > AT+GCAP
D/SPRDENG (  151): eng_modem2server: use SIM1 /dev/CHNPTY13
D/PHONESERVER(  146): Send thread's TID [274] CHNMNG:findNextEOL:
D/PHONESERVER(  146): Send thread's TID [274] CHNMNG:end findNextEOL:
D/PHONESERVER(  146): Send thread's TID [274] PS_PTY : /dev/CHNPTY13 Received 8 bytes command[AT+GCAP]
D/PHONESERVER(  146): Send thread TID [274] CHNMNG enter channel_manager_get_cmux 
D/PHONESERVER(  146): Before add wait array pty=0x37964
D/PHONESERVER(  146): Before add wait array
D/PHONESERVER(  146): 
D/PHONESERVER(  146): After add wait array
D/PHONESERVER(  146): [0]:274 
D/PHONESERVER(  146): 
D/PHONESERVER(  146): TYPE: GSM
D/PHONESERVER(  146): Send thread TID [274] CHNMNG Leave channel_manager_get_cmux:/dev/ts0710mux5 
D/PHONESERVER(  146): PS_CMUX cmux_regist_cmd_callback cmux:/dev/ts0710mux5
D/PHONESERVER(  146): PS_CMUX :/dev/ts0710mux5 cmux_write:AT+GCAP:len=8
D/PHONESERVER(  146): Receive thread's TID [263] CHMNG:  receive data thread :mux=/dev/ts0710mux5:input:+CME ERROR: 4
D/PHONESERVER(  146): PS_CMUX cmux_deregist_cmd_callback cmux:/dev/ts0710mux5
D/PHONESERVER(  146): pty_write get lock
D/PHONESERVER(  146): PS_PTY:/dev/CHNPTY13   write :
D/PHONESERVER(  146): +CME ERROR: 4
D/PHONESERVER(  146): 
D/SPRDENG (  151): AT < 
D/SPRDENG (  151): +CME ERROR: 4
D/SPRDENG (  151): 
E/SMD     (   90): After the Modem Read select 
E/SMD     (   90): Read 17 chars from SMD Modem file fd = 11
E/SMD     (   90):  Message: 
E/SMD     (   90): +CME ERROR: 4
E/SMD     (   90): 
E/SMD     (   90): ication CO.
E/SMD     (   90): 
E/SMD     (   90): OK
E/SMD     (   90): ","SM"))
E/SMD     (   90): 
E/SMD     (   90): OK
E/SMD     (   90): G", "AC","PN", "FD","PU","PP","PC")
E/SMD     (   90): 
E/SMD     (   90): OK
E/SMD     (   90): 28-2013 12:11:48
E/SMD     (   90): 
E/SMD     (   90): OK
E/SMD     (   90): 
E/SMD     (   90): Before the Modem Read select 
E/DataRouter(  109): [socket:17]******* Received data notification *******
E/DataRouter(  109): [socket:17]read socket data[len:17]
E/DataRouter(  109): [socket:17]read socket data[message:
E/DataRouter(  109): +CME ERROR: 4
E/DataRouter(  109): 
E/DataRouter(  109): write [17] bytes of data to USB fd[13]
E/DataRouter(  109): [socket:17]dr_usb_write
D/PHONESERVER(  146): pty_write free lock
D/PHONESERVER(  146): [274] before timeout (1404660204)
D/PHONESERVER(  146): CHNMNG enter channel_manager_free_cmux cmux=/dev/ts0710mux5 
D/PHONESERVER(  146): CHNMNG enter channel_manager_free_cmux pty=0x37964 
D/PHONESERVER(  146): [263] Before remove wait array
D/PHONESERVER(  146): [0]:274 
D/PHONESERVER(  146): 
D/PHONESERVER(  146): [263] After remove wait array
D/PHONESERVER(  146): 
D/PHONESERVER(  146): Enter select_send_thread_run
D/PHONESERVER(  146): Leave select_send_thread_run
D/PHONESERVER(  146): CHNMNG Leave channel_manager_free_cmux cmux=/dev/ts0710mux5 
D/PHONESERVER(  146): [263] before signal (1404660204)
D/PHONESERVER(  146): [263] after signal (1404660204)
D/PHONESERVER(  146): Receive thread's TID [263] MUX :/dev/ts0710mux5 Waiting for resp  
D/PHONESERVER(  146): [274] after timeout (1404660204)
D/PHONESERVER(  146): phoneserver mux adapt: generic cmd AT+GCAP
E/SMD     (   90): Wrote 1 chars to SMD PORT fd=11 ch = d
E/DataRouter(  109): Before the usb select 
E/DataRouter(  109): After the usb select 
E/DataRouter(  109): read usb data[len:1]
E/DataRouter(  109): read usb data message:A
E/SMD     (   90): ***Received data notification[DR->SMD]***
E/SMD     (   90): Message:A
E/SMD     (   90): Sending data to SMD: Len = [1]
E/SMD     (   90):  buffer = [A]
E/SMD     (   90): Wrote 1 chars to SMD PORT fd=11 ch = 41
E/DataRouter(  109): Before the usb select 
E/DataRouter(  109): After the usb select 
E/DataRouter(  109): read usb data[len:1]
E/DataRouter(  109): read usb data message:T
E/SMD     (   90): ***Received data notification[DR->SMD]***
E/SMD     (   90): Message:T
E/SMD     (   90): Sending data to SMD: Len = [1]
E/SMD     (   90):  buffer = [T]
E/SMD     (   90): Wrote 1 chars to SMD PORT fd=11 ch = 54
E/DataRouter(  109): Before the usb select 
E/DataRouter(  109): After the usb select 
E/DataRouter(  109): read usb data[len:2]
E/DataRouter(  109): read usb data message:I
E/SMD     (   90): ***Received data notification[DR->SMD]***
E/SMD     (   90): Message:I
E/SMD     (   90): Sending data to SMD: Len = [2]
E/SMD     (   90):  buffer = [I]
D/SPRDENG (  151): eng_server2modem: use SIM1 /dev/CHNPTY13
D/SPRDENG (  151): AT > ATI
D/SPRDENG (  151): eng_modem2server: use SIM1 /dev/CHNPTY13
D/PHONESERVER(  146): Send thread's TID [274] CHNMNG:findNextEOL:
D/PHONESERVER(  146): Send thread's TID [274] CHNMNG:end findNextEOL:
D/PHONESERVER(  146): Send thread's TID [274] PS_PTY : /dev/CHNPTY13 Received 4 bytes command[ATI]
D/PHONESERVER(  146): Send thread TID [274] CHNMNG enter channel_manager_get_cmux 
D/PHONESERVER(  146): Before add wait array pty=0x37964
D/PHONESERVER(  146): Before add wait array
D/PHONESERVER(  146): 
D/PHONESERVER(  146): After add wait array
D/PHONESERVER(  146): [0]:274 
D/PHONESERVER(  146): 
D/PHONESERVER(  146): TYPE: GSM
D/PHONESERVER(  146): Send thread TID [274] CHNMNG Leave channel_manager_get_cmux:/dev/ts0710mux5 
D/PHONESERVER(  146): PS_CMUX cmux_regist_cmd_callback cmux:/dev/ts0710mux5
D/PHONESERVER(  146): PS_CMUX :/dev/ts0710mux5 cmux_write:ATI:len=4
D/PHONESERVER(  146): Receive thread's TID [263] CHMNG:  receive data thread :mux=/dev/ts0710mux5:input:+CME ERROR: 4
D/PHONESERVER(  146): PS_CMUX cmux_deregist_cmd_callback cmux:/dev/ts0710mux5
D/PHONESERVER(  146): pty_write get lock
D/PHONESERVER(  146): PS_PTY:/dev/CHNPTY13   write :
D/PHONESERVER(  146): +CME ERROR: 4
D/PHONESERVER(  146): 
D/SPRDENG (  151): AT < 
D/SPRDENG (  151): +CME ERROR: 4
D/SPRDENG (  151): 
E/SMD     (   90): After the Modem Read select 
E/SMD     (   90): Read 17 chars from SMD Modem file fd = 11
E/SMD     (   90):  Message: 
E/SMD     (   90): +CME ERROR: 4
E/SMD     (   90): 
E/SMD     (   90): ication CO.
E/SMD     (   90): 
E/SMD     (   90): OK
E/SMD     (   90): ","SM"))
E/SMD     (   90): 
E/SMD     (   90): OK
E/SMD     (   90): G", "AC","PN", "FD","PU","PP","PC")
E/SMD     (   90): 
E/SMD     (   90): OK
E/SMD     (   90): 28-2013 12:11:48
E/SMD     (   90): 
E/SMD     (   90): OK
E/SMD     (   90): 
E/SMD     (   90): Before the Modem Read select 
E/DataRouter(  109): [socket:17]******* Received data notification *******
E/DataRouter(  109): [socket:17]read socket data[len:17]
E/DataRouter(  109): [socket:17]read socket data[message:
E/DataRouter(  109): +CME ERROR: 4
E/DataRouter(  109): 
E/DataRouter(  109): write [17] bytes of data to USB fd[13]
E/DataRouter(  109): [socket:17]dr_usb_write
D/PHONESERVER(  146): pty_write free lock
D/PHONESERVER(  146): [274] before timeout (1404660204)
D/PHONESERVER(  146): CHNMNG enter channel_manager_free_cmux cmux=/dev/ts0710mux5 
D/PHONESERVER(  146): CHNMNG enter channel_manager_free_cmux pty=0x37964 
D/PHONESERVER(  146): [263] Before remove wait array
D/PHONESERVER(  146): [0]:274 
D/PHONESERVER(  146): 
D/PHONESERVER(  146): [263] After remove wait array
D/PHONESERVER(  146): 
D/PHONESERVER(  146): Enter select_send_thread_run
D/PHONESERVER(  146): Leave select_send_thread_run
D/PHONESERVER(  146): CHNMNG Leave channel_manager_free_cmux cmux=/dev/ts0710mux5 
D/PHONESERVER(  146): [263] before signal (1404660204)
D/PHONESERVER(  146): [263] after signal (1404660204)
D/PHONESERVER(  146): Receive thread's TID [263] MUX :/dev/ts0710mux5 Waiting for resp  
D/PHONESERVER(  146): [274] after timeout (1404660204)
D/PHONESERVER(  146): phoneserver mux adapt: generic cmd ATI
E/SMD     (   90): Wrote 2 chars to SMD PORT fd=11 ch = 49
E/DataRouter(  109): Before the usb select 
E/DataRouter(  109): After the usb select 
E/DataRouter(  109): read usb data[len:1]
E/DataRouter(  109): read usb data message:A
E/SMD     (   90): ***Received data notification[DR->SMD]***
E/SMD     (   90): Message:A
E/SMD     (   90): Sending data to SMD: Len = [1]
E/SMD     (   90):  buffer = [A]
E/SMD     (   90): Wrote 1 chars to SMD PORT fd=11 ch = 41
E/DataRouter(  109): Before the usb select 
E/DataRouter(  109): After the usb select 
E/DataRouter(  109): read usb data[len:1]
E/DataRouter(  109): read usb data message:T
E/SMD     (   90): ***Received data notification[DR->SMD]***
E/SMD     (   90): Message:T
E/SMD     (   90): Sending data to SMD: Len = [1]
E/SMD     (   90):  buffer = [T]
E/SMD     (   90): Wrote 1 chars to SMD PORT fd=11 ch = 54
E/DataRouter(  109): Before the usb select 
E/DataRouter(  109): After the usb select 
E/DataRouter(  109): read usb data[len:1]
E/DataRouter(  109): read usb data message:+
E/SMD     (   90): ***Received data notification[DR->SMD]***
E/SMD     (   90): Message:+
E/SMD     (   90): Sending data to SMD: Len = [1]
E/SMD     (   90):  buffer = [+]
E/SMD     (   90): Wrote 1 chars to SMD PORT fd=11 ch = 2b
E/DataRouter(  109): Before the usb select 
E/DataRouter(  109): After the usb select 
E/DataRouter(  109): read usb data[len:1]
E/DataRouter(  109): read usb data message:C
E/SMD     (   90): ***Received data notification[DR->SMD]***
E/SMD     (   90): Message:C
E/SMD     (   90): Sending data to SMD: Len = [1]
E/SMD     (   90):  buffer = [C]
E/SMD     (   90): Wrote 1 chars to SMD PORT fd=11 ch = 43
E/DataRouter(  109): Before the usb select 
E/DataRouter(  109): After the usb select 
E/DataRouter(  109): read usb data[len:1]
E/DataRouter(  109): read usb data message:P
E/SMD     (   90): ***Received data notification[DR->SMD]***
E/SMD     (   90): Message:P
E/SMD     (   90): Sending data to SMD: Len = [1]
E/SMD     (   90):  buffer = [P]
E/SMD     (   90): Wrote 1 chars to SMD PORT fd=11 ch = 50
E/DataRouter(  109): Before the usb select 
E/DataRouter(  109): After the usb select 
E/DataRouter(  109): read usb data[len:1]
