I/AwesomePlayer(   98): --mSystemTimeSourceForSync reset ok
V/AwesomePlayer(   98): ~AwesomePlayer()
V/MediaPlayer(  299): decode(363, 0, 7567)
V/MediaPlayerService(   98): decode(43, 0, 7567)
V/MediaPlayerService(   98): player type = 3
V/MediaPlayerService(   98):  create StagefrightPlayer
V/AwesomePlayer(   98): setDefault
V/AwesomePlayer(   98): constructor
V/AwesomePlayer(   98): setDefault
I/AwesomePlayer(   98): reset
I/AwesomePlayer(   98): cancel player events
V/AwesomePlayer(   98): mAudioTrackVector clear
I/AwesomePlayer(   98): --mSystemTimeSourceForSync reset ok
V/AwesomePlayer(   98): setListener
V/StagefrightPlayer(   98): setAudioSink
V/AwesomePlayer(   98): setAudioSink
V/StagefrightPlayer(   98): setDataSource(43, 0, 7567)
V/AwesomePlayer(   98): setDataSource fd
I/AwesomePlayer(   98): cancel player events
V/AwesomePlayer(   98): mAudioTrackVector clear
I/AwesomePlayer(   98): --mSystemTimeSourceForSync reset ok
I/MediaExtractor(   98): Autodetected media content as 'application/ogg' with confidence 0.20
V/AwesomePlayer(   98): track of type 'audio/vorbis' does not publish bitrate
V/AwesomePlayer(   98): mBitrate = -1 bits/sec
V/AwesomePlayer(   98): current audio track (0)
V/AwesomePlayer(   98): current audio track (0) is added to vector[0]
V/AwesomePlayer(   98): setDataSource_l: Audio(1), Video(0)
I/AwesomePlayer(   98): AwesomePlayer::setDataSource_l():: This is not a DRM content
V/MediaPlayerService(   98): prepare
V/StagefrightPlayer(   98): prepareAsync
V/AwesomePlayer(   98): prepareAsync
V/MediaPlayerService(   98): wait for prepare
V/AwesomePlayer(   98): onPrepareAsyncEvent
I/AwesomePlayer(   98): initAudioDecoder start
V/AwesomePlayer(   98): notifyListner_l() msg (5-MEDIA_SET_VIDEO_SIZE), ext1 (0), ext2 (0)
V/AudioCache(   98): notify(0x10d1140, 5, 0, 0)
V/AudioCache(   98): ignored
V/AwesomePlayer(   98): notifyListner_l() msg (1-MEDIA_PREPARED), ext1 (0), ext2 (0)
V/AudioCache(   98): notify(0x10d1140, 1, 0, 0)
V/AudioCache(   98): prepared
V/AudioCache(   98): wait - success
V/MediaPlayerService(   98): start
V/StagefrightPlayer(   98): start
V/AwesomePlayer(   98): play
I/AwesomePlayer(   98): AwesomePlayer::play_l():: this is not widevine!! 
I/AwesomePlayer(   98): AwesomePlayer::play_l():: This is not a DRM content
V/AudioCache(   98): open(44100, 2, 1, 4)
V/MediaPlayerService(   98): wait for playback complete
V/AudioCache(   98): write(0x1188ce8, 4096)
V/AudioCache(   98): memcpy(0x43425000, 0x1188ce8, 4096)
V/AudioCache(   98): write(0x1188ce8, 4096)
V/AudioCache(   98): memcpy(0x43426000, 0x1188ce8, 4096)
V/AudioCache(   98): write(0x1188ce8, 4096)
V/AudioCache(   98): memcpy(0x43427000, 0x1188ce8, 4096)
V/AudioCache(   98): write(0x1188ce8, 4096)
V/AudioCache(   98): memcpy(0x43428000, 0x1188ce8, 4096)
V/AudioCache(   98): write(0x1188ce8, 4096)
V/AudioCache(   98): memcpy(0x43429000, 0x1188ce8, 4096)
I//system/bin/fsck_msdos(   80): ** Phase 2 - Check Cluster Chains
V/AudioCache(   98): write(0x1188ce8, 4096)
V/AudioCache(   98): memcpy(0x4342a000, 0x1188ce8, 4096)
V/AudioCache(   98): write(0x1188ce8, 4096)
V/AudioCache(   98): memcpy(0x4342b000, 0x1188ce8, 4096)
V/AudioCache(   98): write(0x1188ce8, 4096)
V/AudioCache(   98): memcpy(0x4342c000, 0x1188ce8, 4096)
E/OMXCodec(   98): [OMX.google.vorbis.decoder] err = -1011
V/AudioCache(   98): write(0x1188ce8, 4096)
V/AudioCache(   98): memcpy(0x4342d000, 0x1188ce8, 4096)
V/AudioCache(   98): write(0x1188ce8, 4096)
V/AudioCache(   98): memcpy(0x4342e000, 0x1188ce8, 4096)
V/AwesomePlayer(   98): MEDIA_PLAYBACK_COMPLETE
V/AwesomePlayer(   98): notifyListner_l() msg (2-MEDIA_PLAYBACK_COMPLETE), ext1 (0), ext2 (0)
V/AudioCache(   98): notify(0x10d1140, 2, 0, 0)
V/AudioCache(   98): playback complete - thread will wake up later
V/AudioCache(   98): write(0x1188ce8, 384)
V/AudioCache(   98): memcpy(0x4342f000, 0x1188ce8, 384)
V/AudioCache(   98): wait - success
V/StagefrightPlayer(   98): reset
I/AwesomePlayer(   98): reset
I/AwesomePlayer(   98): cancel player events
V/AwesomePlayer(   98): mAudioTrackVector clear
I/OMXCodec(   98): [OMX.google.vorbis.decoder] stop() sendCommand(0xe, OMX_CommandStateSet, OMX_StateIdle)
I/OMXCodec(   98): [OMX.google.vorbis.decoder] stopped in state 1
I/AwesomePlayer(   98): --mSystemTimeSourceForSync reset ok
V/StagefrightPlayer(   98): ~StagefrightPlayer
V/StagefrightPlayer(   98): reset
I/AwesomePlayer(   98): reset
I/AwesomePlayer(   98): cancel player events
V/AwesomePlayer(   98): mAudioTrackVector clear
I/AwesomePlayer(   98): --mSystemTimeSourceForSync reset ok
V/AwesomePlayer(   98): destructor
I/AwesomePlayer(   98): reset
I/AwesomePlayer(   98): cancel player events
V/AwesomePlayer(   98): mAudioTrackVector clear
I/AwesomePlayer(   98): --mSystemTimeSourceForSync reset ok
V/AwesomePlayer(   98): ~AwesomePlayer()
D/dalvikvm(  299): GC_EXPLICIT freed 86K, 27% free 6742K/9159K, paused 4ms+18ms
I/ApplicationPolicy(  299): getActualApplicationStateEnabled() : true
D/BatteryService(  299): update start
D/BatteryService(  299): level:89 scale:100 status:2 health:2 present:true voltage: 4211 temperature: 371 technology: Li-ion AC powered:false USB powered:true icon:17303188 invalid charger:0
I/Baidu Home2(  633): HomeDataManager: getShortcutInfo com.android.email
I/Baidu Home2(  633): HomeDataManager: getShortcutInfo com.android.calendar
I/Baidu Home2(  633): HomeDataManager: getShortcutInfo com.baidu.notepad
I/ApplicationPolicy(  299): getActualApplicationStateEnabled() : true
I//system/bin/fsck_msdos(   80): ** Phase 3 - Checking Directories
D/dalvikvm(  877): Trying to load lib /data/data/com.baidu.input/files/inputcore_20131125 0x40f3ed78
D/gps_sirf(  299): [UART]SIRF_PAL_COM_UART_Close handle = 0
D/dalvikvm(  877): Added shared lib /data/data/com.baidu.input/files/inputcore_20131125 0x40f3ed78
I/ApplicationPolicy(  299): getActualApplicationStateEnabled() : true
V/WiredAccessoryObserver(  299): WirdAccessoryObserver::init()
W/WiredAccessoryObserver(  299): This kernel does not have wired headset support
W/WiredAccessoryObserver(  299): This kernel does not have wired headset support
D/UsbDeviceManager(  299): boot completed
D/UsbDeviceManager(  299): handleMessage -> MSG_BOOT_COMPLETED
D/UsbDeviceManager(  299): sending intent : ACTION_USB_STATE : connected = true, configured = true, functions = mtp,adb
D/SmartPowerService(  299): battery changed! level = 89, mIsTriggered = false
D/SmartPowerService(  299): battery low condition. value = 89,data 1 = 20
D/SmartPowerService(  299): receive broadcast! action = android.intent.action.BATTERY_CHANGED
D/SmartPowerService(  299): batteryLevel = 89
D/SmartPowerService(  299): battery changed! level = 89, mIsTriggered = false
D/SmartPowerService(  299): battery low condition. value = 89,data 1 = 20
D/BackupManagerService(  299): Connected to Baidu LocalTransportService ComponentInfo{com.baidu.bsf.service/com.baidu.backup.service.LocalTransportService}
V/BackupManagerService(  299): Registering transport com.baidu.bsf.service/com.baidu.backup.service.LocalTransportService = com.android.internal.backup.IBackupTransport$Stub$Proxy@41207658
V/UiModeManager(  299): updateLocked, mLastBroadcastState =0 , oldAction = null
I/Surface (  577): Surface_lockCanvas
I/Baidu Home2(  633): EventNumberUtil: onChange call = Thread-60
I/Email   (  818): ReconcilePopImapAccountsSync: start
I/Baidu Home2(  633): EventNumberUtil: onChange call = Thread-61
D/dalvikvm(  877): Trying to load lib /data/data/com.baidu.input/lib/libchiperencoder_v1_2_1.so 0x40f3ed78
D/dalvikvm(  877): Added shared lib /data/data/com.baidu.input/lib/libchiperencoder_v1_2_1.so 0x40f3ed78
V/PhoneStatusBar(  577): setLightsOn(true)
I/Baidu Home2(  633): EventNumberUtil: onChange unreadcall = 0
I/Baidu Home2(  633): EventNumberUtil: handleMessage MSG_EVENT_NUMBER_CALL = main
I/Baidu Home2(  633): EventNumberUtil: onChange msg = Thread-62
D/gps_sirf(  299): CSR_INFO : SLL Initialization success
D/gps_sirf(  299): SLL_Open() success
I/Baidu Home2(  633): EventNumberUtil: onChange call = Thread-63
I/Baidu Home2(  633): HomeDataManager: getShortcutInfo com.baidu.baiduclock
I/Baidu Home2(  633): HomeDataManager: getShortcutInfo com.baidu.flashlight
I/Baidu Home2(  633): HomeDataManager: getShortcutInfo com.android.calculator2
I/Baidu Home2(  633): HomeDataManager: getShortcutInfo com.baidu.directshare
I/Baidu Home2(  633): HomeDataManager: getShortcutInfo com.baidu.resmanager.filemanager
D/gps_sirf(  299): SET caps success
D/gps_sirf(  299): tracker_upload_thread exit
D/gps_sirf(  299): SIRF_PAL_HW_WriteON_OFF : 0
D/gps_sirf(  299): controlPowerWakeLock: called
D/gps_sirf(  299): CSR_INFO : GPS_WAKE_LOCK_DISABLE
I/Baidu Home2(  633): HomeDataManager: getShortcutInfo com.android.contacts
I/Baidu Home2(  633): HomeDataManager: getShortcutInfo com.android.contacts
I/Baidu Home2(  633): HomeDataManager: getShortcutInfo com.android.contacts
I/Baidu Home2(  633): HomeDataManager: getShortcutInfo com.baidu.browser.apps
I/Baidu Home2(  633): EventNumberUtil: handleEmailMessage EMAIL_EVENT_NUMBER_EMAIL = main
I/Baidu Home2(  633): EventNumberUtil: onChange unreadcall = 0
I/Baidu Home2(  633): HomeDataManager: getShortcutInfo com.baidu.help
I/Baidu Home2(  633): HomeDataManager: getShortcutInfo com.baidu.android.ota
D/CLIPBOARD(  633): Hide Clipboard dialog at Starting input: finished by someone else... !
I/Baidu Home2(  633): EventNumberUtil: onChange email = Thread-64
I/Baidu Home2(  633): HomeDataManager: getShortcutInfo com.baidu.camera
I/Baidu Home2(  633): HomeDataManager: getShortcutInfo com.baidu.gallery3d
I/Baidu Home2(  633): HomeDataManager: getShortcutInfo com.baidu.thememanager.ui
I/Baidu Home2(  633): HomeDataManager: getShortcutInfo com.baidu.appsearch
D/dalvikvm(  877): GC_EXPLICIT freed 330K, 26% free 2786K/3719K, paused 2ms+5ms
I/ClipboardServiceEx(  299): mCBPickerDialog enter case. MSG_DISMISS_DIALOG
I/BluetoothService(  299): Received BT_BOOTUP message
I/BluetoothService(  299): bluetoothOn -0
D/dalvikvm(  877): GC_EXPLICIT freed <1K, 26% free 2787K/3719K, paused 5ms+3ms
I/Baidu Home2(  633): EventNumberUtil: handleMessage MSG_EVENT_NUMBER_CALL = main
I/Baidu Home2(  633): HomeDataManager: getShortcutInfo com.android.settings
I/Surface (  577): Surface_lockCanvas
I/Baidu Home2(  633): HomeDataManager: getShortcutInfo com.baidu.musicplayer
I/Baidu Home2(  633): HomeDataManager: getShortcutInfo com.baiyi_mobile.security
I/Baidu Home2(  633): EventNumberUtil: onChange msg = Thread-65
D/FlyFlow (  942): [null: onCreate: -1][START]--------onCreate() begin
D/dalvikvm(  942): Trying to load lib /data/data/com.baidu.browser.apps/lib/libchiperencoder_v1_3_1_browser.so 0x40f3fe30
D/dalvikvm(  942): Added shared lib /data/data/com.baidu.browser.apps/lib/libchiperencoder_v1_3_1_browser.so 0x40f3fe30
D/FlyFlow (  942): [null: onCreate: -1][START]--------onCreate() end
W/FlyFlow (  942): [null: onCreate: -1]----BuildConfig.DEBUG=false
W/System.err(  942): java.io.FileNotFoundException: second.jar
W/System.err(  942): 	at android.content.res.AssetManager.openAsset(Native Method)
W/System.err(  942): 	at android.content.res.AssetManager.open(AssetManager.java)
W/System.err(  942): 	at android.content.res.AssetManager.open(AssetManager.java:289)
W/System.err(  942): 	at com.baidu.browser.core.c.d.a(Unknown Source)
W/System.err(  942): 	at com.baidu.browser.apps.BdApplication.onCreate(Unknown Source)
W/System.err(  942): 	at android.app.Instrumentation.callApplicationOnCreate(Instrumentation.java:973)
W/System.err(  942): 	at android.app.ActivityThread.handleBindApplication(ActivityThread.java:3930)
W/System.err(  942): 	at android.app.ActivityThread.access$1300(ActivityThread.java:128)
W/System.err(  942): 	at android.app.ActivityThread$H.handleMessage(ActivityThread.java:1199)
W/System.err(  942): 	at android.os.Handler.dispatchMessage(Handler.java:99)
W/System.err(  942): 	at android.os.Looper.loop(Looper.java:137)
W/System.err(  942): 	at android.app.ActivityThread.main(ActivityThread.java)
W/System.err(  942): 	at java.lang.reflect.Method.invokeNative(Native Method)
W/System.err(  942): 	at java.lang.reflect.Method.invoke(Method.java:511)
W/System.err(  942): 	at com.android.internal.os.ZygoteInit$MethodAndArgsCaller.run(ZygoteInit.java:994)
W/System.err(  942): 	at com.android.internal.os.ZygoteInit.main(ZygoteInit.java:761)
W/System.err(  942): 	at dalvik.system.NativeStart.main(Native Method)
E/FlyFlow (  942): [null: onCreate: -1][START]----inject time =22
D/BdPushServiceReceiver(  942): <<< received intent: Intent { act=android.intent.action.BOOT_COMPLETED flg=0x10 cmp=xxxx }
D/BdPushServiceReceiver(  942): [null: onReceive: -1]<<< boot complete >>>
I/Baidu Home2(  633): EventNumberUtil: onChange call = Thread-66
W/ResourceType(  633): No package identifier when getting value for resource number 0x00000000
I/Surface (  577): Surface_lockCanvas
I/Surface (  577): Surface_lockCanvas
D/dalvikvm(  942): GC_CONCURRENT freed 394K, 26% free 2908K/3911K, paused 2ms+22ms
I//system/bin/fsck_msdos(   80): ** Phase 4 - Checking for Lost Files
I/Baidu Home2(  633): EventNumberUtil: onChange call = Thread-67
I//system/bin/fsck_msdos(   80): FSNext block (8978) is correct, NumClusters (479062)
I//system/bin/fsck_msdos(   80): 3776 files, 1397576 free (349394 clusters)
D/dalvikvm(  877): GC_CONCURRENT freed 225K, 23% free 3022K/3911K, paused 2ms+2ms
W/ResourceType(  633): No package identifier when getting value for resource number 0x00000000
I/dalvikvm(  942): Could not find method com.baidu.browser.framework.a.aq.setWriteAheadLoggingEnabled, referenced from method com.baidu.browser.framework.a.aq.<init>
W/dalvikvm(  942): VFY: unable to resolve virtual method 14056: Lcom/baidu/browser/framework/a/aq;.setWriteAheadLoggingEnabled (Z)V
D/dalvikvm(  942): VFY: replacing opcode 0x6e at 0x0010
I/Vold    (   80): vfat -> Filesystem check completed OK
E/Vold    (   80): MDM :: sdCardWriteAccessBlocked 0
D/Vold    (   80): Fat::doMount mount(/dev/block/vold/179:97,/mnt/secure/staging,vfat,0x00000c8e,utf8,uid=1000,gid=1023,fmask=2,dmask=2,shortname=mixed)
I/Vold    (   80): Device /dev/block/vold/179:97, target /mnt/extSdCard mounted @ /mnt/secure/staging
D/Vold    (   80): Volume sdcard state changing 3 (Checking) -> 4 (Mounted)
I/MountService(  299): updating volume state mounted
D/MountService(  299): updatePublicVolumeState :: path = /mnt/sdcard, state = mounted
W/MountService(  299): Duplicate state transition (mounted -> mounted) for /mnt/sdcard
I/MountService(  299): notifyVolumeStateChanged:: path = /mnt/sdcard,old = mounted,new = mounted
D/MountService(  299): sendStorageIntent Intent { act=android.intent.action.MEDIA_MOUNTED dat=file:///mnt/sdcard (has extras) }
I/MountService(  299): onEvent:: raw= 605 Volume sdcard /mnt/extSdCard state changed from 3 (Checking) to 4 (Mounted) cooked =  605 Volume sdcard /mnt/extSdCard state changed from 3 (Checking) to 4 (Mounted)
I/MountService(  299): updating volume state mounted
D/MountService(  299): updatePublicVolumeState :: path = /mnt/extSdCard, state = mounted
D/MountService(  299): volume state changed for /mnt/extSdCard (checking -> mounted)
D/MtpService(  695): onStorageStateChanged /mnt/extSdCard checking -> mounted
D/MtpService(  695): addStorageLocked 131073 /mnt/extSdCard
E/MtpServerJNI(  695): server is null in add_storage
I/StorageNotification(  577): Media {/mnt/extSdCard} state changed from {checking} -> {mounted}
I/MountService(  299): notifyVolumeStateChanged:: path = /mnt/extSdCard,old = checking,new = mounted
D/STATUSBAR-NotificationService(  299): cancelNotification - pkg:XXX.XXXXXXX.XXXXXXXX, id:17301675
D/STATUSBAR-NotificationService(  299): updateLightsLocked() : Turn off notification light
D/MountService(  299): sendStorageIntent Intent { act=android.intent.action.MEDIA_MOUNTED dat=file:///mnt/extSdCard (has extras) }
I/Surface (  577): Surface_lockCanvas
I/YhdsEngine(  842): [AlarmEventMgr] event scheduled: com.dianxinos.optimizer.action.ALARM_EVENT_RT_UPDATE
W/AlarmManager(  299): FACTORY_ON= 0
D/YhdsEngine(  842): [AlarmEventMgr] schedule all pending events
I/Baidu Home2(  633): EventNumberUtil: onChange call = Thread-68
D/AttachmentService(  818): Count: 0
I/ActivityManager(  299): Start proc app.processName for broadcast hostingNameStr: pid=1015 uid=10016 gids={1007, 3003, 1015, 1023}
I/Baidu Home2(  633): EventNumberUtil: handleMessage MSG_EVENT_NUMBER_MSG = main
W/dalvikvm( 1015): Refusing to reopen boot DEX '/system/framework/framework-yi.jar'
I/Baidu Home2(  633): EventNumberUtil: onChange unreadcall = 0
I/Email   (  818): ReconcilePopImapAccountsSync: done
I/Baidu Home2(  633): EventNumberUtil: handleMessage MSG_EVENT_NUMBER_CALL = main
I/Baidu Home2(  633): EventNumberUtil: onChange msg = Thread-69
D/BaiduReceiver( 1015): action = android.intent.action.BOOT_COMPLETED
D/BaiduReceiver( 1015): ___pref.getBootCompleted()____true___!pref.getExistApp()__true
W/AlarmManager(  299): FACTORY_ON= 0
I/Baidu Home2(  633): EventNumberUtil: onChange unreadcall = 0
V/AlarmManager(  299): waitForAlarm result :4
I/Email   (  818): ReconcilePopImapAccountsSync: start
V/AlarmManager(  299): trigger WAKEUP Alarm{41484120 type 2 XXX.XXXXXXX.XXXXX}
I/Baidu Home2(  633): EventNumberUtil: handleMessage MSG_EVENT_NUMBER_CALL = main
I/Baidu Home2(  633): EventNumberUtil: onChange msg = Thread-70
I/Baidu Home2(  633): EventNumberUtil: onChange unreadcall = 0
D/BaiduLog( 1015): BaiduService onStart action:com.baiyi_mobile.security.service.ACTION_HANDLE_START_UP
I/ActivityManager(  299): Start proc app.processName for broadcast hostingNameStr: pid=1035 uid=10000 gids={3003, 1015, 1023}
D/STATUSBAR-NotificationService(  299): cancelNotification - pkg:XXX.XXXXXXX.XXXXX, id:268435457
I/Baidu Home2(  633): EventNumberUtil: handleMessage MSG_EVENT_NUMBER_CALL = main
W/AlarmManager(  299): FACTORY_ON= 0
D/BaiduLog( 1015): Daniel alarm 166 5 day begin.........
I/Baidu Home2(  633): EventNumberUtil: onChange msg = Thread-71
I/Email   (  818): ReconcilePopImapAccountsSync: done
W/AlarmManager(  299): FACTORY_ON= 0
W/AlarmManager(  299): FACTORY_ON= 0
W/AlarmManager(  299): FACTORY_ON= 0
I/Baidu Home2(  633): EventNumberUtil: handleEmailMessage EMAIL_EVENT_NUMBER_EMAIL = main
D/BaiduLog( 1015): Daniel alarm 166 5 day end.........
I/Baidu Home2(  633): EventNumberUtil: onChange email = Thread-72
W/dalvikvm( 1035): Refusing to reopen boot DEX '/system/framework/framework-yi.jar'
W/Mobads SDK(  633): **************load caceh**end********
W/AlarmManager(  299): FACTORY_ON= 0
I/Baidu Home2(  633): EventNumberUtil: handleEmailMessage EMAIL_EVENT_NUMBER_EMAIL = main
I/Baidu Home2(  633): EventNumberUtil: onChange email = Thread-73
I/ActivityThread( 1035): Pub templatesms: com.baidu.mms.templatesms.provider.TemplateSmsProvider
I/Baidu Home2(  633): EventNumberUtil: handleEmailMessage EMAIL_EVENT_NUMBER_EMAIL = main
I/Baidu Home2(  633): EventNumberUtil: onChange unreadcall = 0
I/Baidu Home2(  633): EventNumberUtil: onChange email = Thread-74
I/Baidu Home2(  633): EventNumberUtil: handleMessage MSG_EVENT_NUMBER_CALL = main
I/Baidu Home2(  633): EventNumberUtil: onChange msg = Thread-75
I/Baidu Home2(  633): EventNumberUtil: handleEmailMessage EMAIL_EVENT_NUMBER_EMAIL = main
I/Baidu Home2(  633): EventNumberUtil: onChange email = Thread-76
I/ActivityThread( 1035): Pub com.android.mms.SuggestionsProvider: com.android.mms.SuggestionsProvider
I/ActivityThread( 1035): Pub mms_temp_file: com.android.mms.TempFileProvider
I/ActivityThread( 1035): Pub com.android.Contacts.CallLocation: com.android.contacts.model.CallLocationProvider
I/ActivityThread( 1035): Pub blesssms: com.baidu.mms.blesssms.provider.BlessSmsProvider
I/YhdsEngine(  842): [AlarmEventMgr] event scheduled: com.dianxinos.optimizer.action.ALARM_EVENT_ANTISPAM_PROFILES_UPDATE
D/CountryDetector(  299): The first listener is added
I/YhdsEngine(  842): [AlarmEventMgr] event scheduled: com.dianxinos.optimizer.action.ALARM_EVENT_ANTISPAM_KEYWORDS_UPDATE
W/AlarmManager(  299): FACTORY_ON= 0
W/AlarmManager(  299): FACTORY_ON= 0
I/YhdsEngine(  842): [AlarmEventMgr] event scheduled: com.dianxinos.optimizer.action.ALARM_EVENT_ANTISPAM_PHONELABEL_UPDATE
V/MmsConfig( 1035): mnc/mcc: 
V/MmsConfig( 1035): tag: bool value: enabledMMS - true
V/MmsConfig( 1035): tag: int value: maxMessageSize - 307200
V/MmsConfig( 1035): tag: int value: maxImageHeight - 480
V/MmsConfig( 1035): tag: int value: maxImageWidth - 640
V/MmsConfig( 1035): tag: int value: defaultSMSMessagesPerThread - 500
V/MmsConfig( 1035): tag: int value: defaultMMSMessagesPerThread - 50
V/MmsConfig( 1035): tag: int value: minMessageCountPerThread - 10
V/MmsConfig( 1035): tag: int value: maxMessageCountPerThread - 5000
V/MmsConfig( 1035): tag: string value: uaProfUrl - http://www.zte.com.cn/mobile/uaprof/N807.xml
V/MmsConfig( 1035): tag: int value: recipientLimit - -1
V/MmsConfig( 1035): tag: int value: smsToMmsTextThreshold - 11
V/MmsConfig( 1035): tag: bool value: enableMultipartSMS - false
V/MmsConfig( 1035): tag: bool value: enableSlideDuration - true
V/MmsConfig( 1035): tag: int value: maxMessageTextSize - -1
D/DownloadManager( 1035): resetNotificationStatus
W/AlarmManager(  299): FACTORY_ON= 0
I/YhdsEngine(  842): [AlarmEventMgr] event scheduled: com.dianxinos.optimizer.action.ALARM_EVENT_RT_UPDATE
D/AutoUpdateContactCache( 1035): /data/data/com.android.contacts/files/.auto_update_contact is NOT found
I/Baidu Home2(  633): EventNumberUtil: handleMessage MSG_EVENT_NUMBER_MSG = main
W/AlarmManager(  299): FACTORY_ON= 0
I/Baidu Home2(  633): EventNumberUtil: onChange call = Thread-77
I/Baidu Home2(  633): EventNumberUtil: handleMessage MSG_EVENT_NUMBER_MSG = main
I/Mms/SimPara( 1035): sim para dump: ===================>
I/Mms/SimPara( 1035):     mSimCount = -1
I/Mms/SimPara( 1035):     mPreferredSmsSlot = -1
I/Mms/SimPara( 1035):     mPreferredVoiceSlot = -1
I/Mms/SimPara( 1035):     mSimList: []
D/DownloadManager( 1035): failedCount:0
I/Baidu Home2(  633): EventNumberUtil: handleMessage MSG_EVENT_NUMBER_MSG = main
I/Baidu Home2(  633): EventNumberUtil: onChange unreadcall = 0
I/Baidu Home2(  633): EventNumberUtil: handleEmailMessage EMAIL_EVENT_NUMBER_EMAIL = main
I/Baidu Home2(  633): EventNumberUtil: handleMessage MSG_EVENT_NUMBER_MSG = main
I/Baidu Home2(  633): EventNumberUtil: onChange email = Thread-78
I/Baidu Home2(  633): EventNumberUtil: handleMessage MSG_EVENT_NUMBER_CALL = main
I/Baidu Home2(  633): EventNumberUtil: onChange msg = Thread-79
I/Baidu Home2(  633): EventNumberUtil: handleMessage MSG_EVENT_NUMBER_MSG = main
I/Surface (  577): Surface_lockCanvas
D/dalvikvm(  842): GC_CONCURRENT freed 550K, 29% free 2789K/3911K, paused 1ms+2ms
D/dalvikvm( 1035): GC_CONCURRENT freed 388K, 24% free 2976K/3911K, paused 3ms+3ms
D/dalvikvm(  299): GC_CONCURRENT freed 759K, 24% free 7017K/9159K, paused 26ms+7ms
I/Surface (  577): Surface_lockCanvas
I/Surface (  577): Surface_lockCanvas
I/Surface (  577): Surface_lockCanvas
I/Surface (  577): Surface_lockCanvas
I/Surface (  577): Surface_lockCanvas
D/dalvikvm(  577): GC_CONCURRENT freed 7228K, 56% free 6172K/13959K, paused 2ms+13ms
I/Surface (  577): Surface_lockCanvas
I/Surface (  577): Surface_lockCanvas
I/Surface (  577): Surface_lockCanvas
I/Surface (  577): Surface_lockCanvas
I/Surface (  577): Surface_lockCanvas
I/Surface (  577): Surface_lockCanvas
I/Surface (  577): Surface_lockCanvas
I/Surface (  577): Surface_lockCanvas
I/Surface (  577): Surface_lockCanvas
I/Surface (  577): Surface_lockCanvas
I/Surface (  577): Surface_lockCanvas
I/Surface (  577): Surface_lockCanvas
I/Surface (  577): Surface_lockCanvas
I/Surface (  577): Surface_lockCanvas
D/dalvikvm(  754): GC_CONCURRENT freed 328K, 26% free 2731K/3655K, paused 3ms+37ms
I/Surface (  577): Surface_lockCanvas
I/Surface (  577): Surface_lockCanvas
I/Surface (  577): Surface_lockCanvas
I/Surface (  577): Surface_lockCanvas
I/Surface (  577): Surface_lockCanvas
D/STATUSBAR-NotificationService(  299): enqueueNotificationInternal - pkg:XXX.XXXXXXX.XXXXXXXX, id:1
E/NotificationService(  299): Ignoring notification with icon==0: Notification(contentView=null vibrate=null,sound=null,defaults=0x0,flags=0x62)
D/STATUSBAR-NotificationService(  299): Noti Alert - mSystemReady:true, AlertEnabled:true
D/TimingSmsService( 1035): onHandleIntent intent:Intent { act=com.baidu.mms.timingmessage.ACTION_SET_ALARM cmp=xxxx }
D/dalvikvm(  299): GC_EXPLICIT freed 59K, 24% free 7028K/9159K, paused 5ms+7ms
D/dalvikvm(  842): GC_CONCURRENT freed 313K, 24% free 2988K/3911K, paused 1ms+1ms
I/AccountTypeManager( 1035): Loaded meta-data for 2 account types, 1 accounts in 83ms(wall) 16ms(cpu)
D/STATUSBAR-NotificationService(  299): cancelNotification - pkg:XXX.XXXXXXX.XXXXXXXX, id:1
D/dalvikvm(  633): GC_EXPLICIT freed 1185K, 17% free 10117K/12103K, paused 8ms+33ms
I/Baidu Home2(  633): EventNumberUtil: handleEmailMessage EMAIL_EVENT_NUMBER_EMAIL = main
I/Baidu Home2(  633): EventNumberUtil: onChange email = Thread-80
D/dalvikvm( 1035): GC_CONCURRENT freed 262K, 22% free 3107K/3975K, paused 2ms+2ms
I/SimLockInfoResult(  802): num:0, lockType:0, lock_key:0, numRetry:0
I/SimLockInfoResult(  802): NOT_NEED numRetry: 0
W/ActivityManager(  299): Unable to start service service: not found
I/Baidu Home2(  633): EventNumberUtil: handleMessage MSG_EVENT_NUMBER_MSG = main
D/CAT     (  802): CatBIPManager: Inside CatBIPManager
D/CAT     (  802): CatService: Is running
D/CAT     (  802): CatService: NEW sInstance
D/CallManager(  802): registerPhone(CDMA Handler (com.android.internal.telephony.PhoneProxy) {40fd4518})
D/dalvikvm(  802): --- called into dvmAbstractMethodStub
D/AndroidRuntime(  802): Shutting down VM
W/dalvikvm(  802): threadid=1: thread exiting with uncaught exception (group=0x40c6f210)
E/AndroidRuntime(  802): FATAL EXCEPTION: main
E/AndroidRuntime(  802): java.lang.AbstractMethodError: abstract method not implemented
E/AndroidRuntime(  802): 	at com.android.internal.telephony.PhoneBase.getRingingCall(PhoneBase.java)
E/AndroidRuntime(  802): 	at com.android.internal.telephony.CallManager.registerPhone(CallManager.java:332)
E/AndroidRuntime(  802): 	at com.android.phone.PhoneApp.onCreate(PhoneApp.java:451)
E/AndroidRuntime(  802): 	at android.app.Instrumentation.callApplicationOnCreate(Instrumentation.java:973)
E/AndroidRuntime(  802): 	at android.app.LoadedApk.makeApplication(LoadedApk.java:492)
E/AndroidRuntime(  802): 	at android.app.ActivityThread.handleReceiver(ActivityThread.java:2120)
E/AndroidRuntime(  802): 	at android.app.ActivityThread.access$1500(ActivityThread.java:128)
E/AndroidRuntime(  802): 	at android.app.ActivityThread$H.handleMessage(ActivityThread.java:1211)
E/AndroidRuntime(  802): 	at android.os.Handler.dispatchMessage(Handler.java:99)
E/AndroidRuntime(  802): 	at android.os.Looper.loop(Looper.java:137)
E/AndroidRuntime(  802): 	at android.app.ActivityThread.main(ActivityThread.java)
E/AndroidRuntime(  802): 	at java.lang.reflect.Method.invokeNative(Native Method)
E/AndroidRuntime(  802): 	at java.lang.reflect.Method.invoke(Method.java:511)
E/AndroidRuntime(  802): 	at com.android.internal.os.ZygoteInit$MethodAndArgsCaller.run(ZygoteInit.java:994)
E/AndroidRuntime(  802): 	at com.android.internal.os.ZygoteInit.main(ZygoteInit.java:761)
E/AndroidRuntime(  802): 	at dalvik.system.NativeStart.main(Native Method)
E/android.os.Debug(  299): !@Dumpstate > dumpstate -k -t -n -z -d -o /data/log/dumpstate_app_error
I/dumpstate( 1094): begin
I/RecoverySystem(  299): Deleted: /cache/recovery/log
D/dalvikvm(  842): GC_CONCURRENT freed 341K, 22% free 3212K/4103K, paused 1ms+1ms
D/InputReader(  299): Completed BOOT_COMPLETED
D/InputReader(  299): MultiTouchMotionAccumulator: Slot number is initialized to 0
I/InputReader(  299): Touch event's action is 0x0 (deviceType=0) [pCnt=1, pending(waiting finished signal)=0, s=0.0 ]
I/InputDispatcher(  299): Delivering touch to current input target: action: 0x0
I/InputDispatcher(  299): Delivering touch to current input target: action: 0x0
W/Vibrator(  299): Vibrator.cancel()
I/PowerManagerService(  299): Ulight 0x3->0x7|0x0
D/PowerManagerService(  299): setLightBrightness : mButtonLight : 20
D/VibratorService(  299): JNI vibratorOff()
D/STATUSBAR-NotificationService(  299): updateLightsLocked() : Turn off notification light
I/SurfaceFlinger(   95): id=8(4) createSurface 0x619e5c (480x800),1 flag=0, TrackingViex
D/STATUSBAR-StatusBarManagerService(  299): setSystemUiVisibility(0x0)
D/STATUSBAR-StatusBarManagerService(  299): manageDisableList what=0x0 pkg=WindowManager.LayoutParams
D/GlRenderer(  577): initialize
D/GlRenderer(  577): initializeEgl
I/libEGL  (  577): eglCreateWindowSurface
D/STATUSBAR-StatusBarManagerService(  299): setSystemUiVisibility(0x0)
D/STATUSBAR-StatusBarManagerService(  299): manageDisableList what=0x0 pkg=WindowManager.LayoutParams
I/libEGL  (  577): eglCreateWindowSurface
W/System.err(  577): java.net.UnknownHostException: Unable to resolve host "cloud.os.baidu.com": No address associated with hostname
W/System.err(  577): 	at java.net.InetAddress.lookupHostByName(InetAddress.java:426)
W/System.err(  577): 	at java.net.InetAddress.getAllByNameImpl(InetAddress.java:242)
W/System.err(  577): 	at java.net.InetAddress.getAllByName(InetAddress.java:220)
W/System.err(  577): 	at libcore.net.http.HttpConnection.<init>(HttpConnection.java:71)
W/System.err(  577): 	at libcore.net.http.HttpConnection.<init>(HttpConnection.java:50)
W/System.err(  577): 	at libcore.net.http.HttpConnection$Address.connect(HttpConnection.java:351)
W/System.err(  577): 	at libcore.net.http.HttpConnectionPool.get(HttpConnectionPool.java:86)
W/System.err(  577): 	at libcore.net.http.HttpConnection.connect(HttpConnection.java:128)
W/System.err(  577): 	at libcore.net.http.HttpEngine.openSocketConnection(HttpEngine.java:308)
W/System.err(  577): 	at libcore.net.http.HttpEngine.connect(HttpEngine.java:303)
W/System.err(  577): 	at libcore.net.http.HttpEngine.sendSocketRequest(HttpEngine.java:282)
W/System.err(  577): 	at libcore.net.http.HttpEngine.sendRequest(HttpEngine.java:232)
W/System.err(  577): 	at libcore.net.http.HttpURLConnectionImpl.connect(HttpURLConnectionImpl.java:80)
W/System.err(  577): 	at com.android.systemui.statusbar.holiday.GifView$Service.doInBackground(GifView.java:193)
W/System.err(  577): 	at com.android.systemui.statusbar.holiday.GifView$Service.doInBackground(GifView.java:157)
W/System.err(  577): 	at android.os.AsyncTask$2.call(AsyncTask.java:264)
W/System.err(  577): 	at java.util.concurrent.FutureTask$Sync.innerRun(FutureTask.java:305)
W/System.err(  577): 	at java.util.concurrent.FutureTask.run(FutureTask.java:137)
W/System.err(  577): 	at android.os.AsyncTask$SerialExecutor$1.run(AsyncTask.java:208)
W/System.err(  577): 	at java.util.concurrent.ThreadPoolExecutor.runWorker(ThreadPoolExecutor.java:1076)
W/System.err(  577): 	at java.util.concurrent.ThreadPoolExecutor$Worker.run(ThreadPoolExecutor.java:569)
I/InputReader(  299): Touch event's action is 0x1 (deviceType=0) [pCnt=1, pending(waiting finished signal)=1, s=]
W/System.err(  577): 	at java.lang.Thread.run(Thread.java:856)
W/System.err(  577): Caused by: libcore.io.GaiException: getaddrinfo failed: EAI_NODATA (No address associated with hostname)
W/System.err(  577): 	at libcore.io.Posix.getaddrinfo(Native Method)
W/System.err(  577): 	at libcore.io.ForwardingOs.getaddrinfo(ForwardingOs.java:55)
W/System.err(  577): 	at java.net.InetAddress.lookupHostByName(InetAddress.java:411)
W/System.err(  577): 	... 21 more
I/InputDispatcher(  299): Delivering touch to current input target: action: 0x1
I/InputDispatcher(  299): Delivering touch to current input target: action: 0x1
D/dalvikvm(  842): GC_CONCURRENT freed 310K, 22% free 3324K/4231K, paused 1ms+2ms
D/NaiveLocationCodec(  842): load location db from ye_base.ldb
D/dalvikvm(  842): GC_FOR_ALLOC freed 54K, 21% free 3343K/4231K, paused 22ms
I/dalvikvm-heap(  842): Grow heap (frag case) to 4.068MB for 283836-byte allocation
D/dalvikvm(  842): GC_FOR_ALLOC freed 0K, 21% free 3620K/4551K, paused 20ms
W/PowerManagerService(  299): Timer 0x7->0x3|0x0
I/PowerManagerService(  299): Ulight 0x7->0x3|0x0
D/PowerManagerService(  299): setLightBrightness : mButtonLight : 0
I/InputReader(  299): Touch event's action is 0x0 (deviceType=0) [pCnt=1, pending(waiting finished signal)=0, s=0.1 ]
I/InputDispatcher(  299): Delivering touch to current input target: action: 0x0
I/InputDispatcher(  299): Delivering touch to current input target: action: 0x0
I/PowerManagerService(  299): Ulight 0x3->0x7|0x0
D/PowerManagerService(  299): setLightBrightness : mButtonLight : 20
I/InputReader(  299): Touch event's action is 0x1 (deviceType=0) [pCnt=1, pending(waiting finished signal)=1, s=]
I/InputDispatcher(  299): Delivering touch to current input target: action: 0x1
I/InputDispatcher(  299): Delivering touch to current input target: action: 0x1
D/dalvikvm(  842): GC_FOR_ALLOC freed 1073K, 32% free 3618K/5255K, paused 1048ms
D/dalvikvm(  299): GC_CONCURRENT freed 553K, 18% free 7550K/9159K, paused 2ms+6ms
W/Vibrator(  299): Vibrator.cancel()
D/VibratorService(  299): JNI vibratorOff()
D/STATUSBAR-NotificationService(  299): updateLightsLocked() : Turn off notification light
D/OpenGLRenderer(  577): Flushing caches (mode 0)
I/SurfaceFlinger(   95): id=8 Removed TrackingViex idx=3 Map Size=4
I/SurfaceFlinger(   95): id=8 Removed TrackingViex idx=-2 Map Size=4
D/QuickSwitchPanel(  577): ImageView onMeasure
D/QuickSwitchPanel(  577): ImageView onMeasure
D/dalvikvm(  842): JIT unchain all for threadid=12
D/STATUSBAR-StatusBarManagerService(  299): setSystemUiVisibility(0x0)
D/STATUSBAR-StatusBarManagerService(  299): manageDisableList what=0x0 pkg=WindowManager.LayoutParams
D/QuickSwitchPanel(  577): ImageView onLayout
W/InputManagerService(  299): Window already focused, ignoring focus gain of: com.android.internal.view.IInputMethodClient$Stub$Proxy@41442730
D/dalvikvm(  842): GC_CONCURRENT freed 187K, 34% free 3480K/5255K, paused 2ms+2ms
D/NaiveLocationCodec(  842): location codec init complete,time used(ms):6086
D/NaiveBayesianTextSpamFilter(  842): load kw db from assets/model.db
D/dalvikvm(  842): GC_FOR_ALLOC freed 74K, 34% free 3496K/5255K, paused 17ms
D/dalvikvm(  842): GC_CONCURRENT freed 48K, 27% free 3888K/5255K, paused 1ms+11ms
D/dalvikvm(  842): GC_FOR_ALLOC freed 192K, 27% free 4080K/5575K, paused 17ms
D/dalvikvm(  299): GC_CONCURRENT freed 409K, 11% free 8357K/9351K, paused 2ms+6ms
D/YhdsEngine(  842): [NaiveBayesianTextSpamFilter] readed: 353304 expected: 353304
D/dalvikvm(  842): GC_FOR_ALLOC freed 256K, 30% free 4337K/6151K, paused 16ms
W/PowerManagerService(  299): Timer 0x7->0x3|0x0
I/PowerManagerService(  299): Ulight 0x7->0x3|0x0
D/PowerManagerService(  299): setLightBrightness : mButtonLight : 0
D/dalvikvm(  842): GC_CONCURRENT freed 1239K, 27% free 5167K/6983K, paused 1ms+4ms
I/InputReader(  299): Touch event's action is 0x0 (deviceType=0) [pCnt=1, pending(waiting finished signal)=0, s=0.2 ]
I/InputDispatcher(  299): Delivering touch to current input target: action: 0x0
I/InputDispatcher(  299): Delivering touch to current input target: action: 0x0
I/InputDispatcher(  299): Delivering touch to current input target: action: 0x0
I/PowerManagerService(  299): Ulight 0x3->0x7|0x0
D/PowerManagerService(  299): setLightBrightness : mButtonLight : 20
I/InputReader(  299): Touch event's action is 0x1 (deviceType=0) [pCnt=1, pending(waiting finished signal)=0, s=]
I/InputDispatcher(  299): Delivering touch to current input target: action: 0x1
I/InputDispatcher(  299): Delivering touch to current input target: action: 0x1
I/InputDispatcher(  299): Delivering touch to current input target: action: 0x1
D/dalvikvm(  842): GC_CONCURRENT freed 255K, 18% free 5734K/6983K, paused 1ms+1ms
I/Baidu Home2(  633): LauncherProvider: update count = 1 allapplist _id=32 null presetID=2147483647 isPreset=0 visible=1 clickCount=0 container=-1000 itemType=10 strategy_table_id=-1 intent=#Intent;action=android.intent.action.MAIN;category=android.intent.category.LAUNCHER;launchFlags=0x10200000;component=com.sina.weibo/.SplashActivity;end sort_index=0
I/Baidu Home2(  633): PagedViewCellLayout: mPaddingLeft = 6, mPaddingRight = 6, mCellCountX = 4, mCellWidth = 108
I/Baidu Home2(  633): PagedViewCellLayout: newWidth = 480
I/Baidu Home2(  633): PagedViewCellLayout: mPaddingLeft = 6, mPaddingRight = 6, mCellCountX = 4, mCellWidth = 108
I/Baidu Home2(  633): PagedViewCellLayout: newWidth = 480
I/Baidu Home2(  633): PagedViewCellLayout: mPaddingLeft = 6, mPaddingRight = 6, mCellCountX = 4, mCellWidth = 108
I/Baidu Home2(  633): PagedViewCellLayout: newWidth = 480
I/Baidu Home2(  633): PagedViewCellLayout: mPaddingLeft = 6, mPaddingRight = 6, mCellCountX = 4, mCellWidth = 108
I/Baidu Home2(  633): PagedViewCellLayout: newWidth = 480
I/Baidu Home2(  633): PagedViewCellLayout: mPaddingLeft = 6, mPaddingRight = 6, mCellCountX = 4, mCellWidth = 108
I/Baidu Home2(  633): PagedViewCellLayout: newWidth = 480
I/Baidu Home2(  633): PagedViewCellLayout: mPaddingLeft = 6, mPaddingRight = 6, mCellCountX = 4, mCellWidth = 108
I/Baidu Home2(  633): PagedViewCellLayout: newWidth = 480
I/Baidu Home2(  633): PagedViewCellLayout: mPaddingLeft = 6, mPaddingRight = 6, mCellCountX = 4, mCellWidth = 108
I/Baidu Home2(  633): PagedViewCellLayout: newWidth = 480
I/Baidu Home2(  633): LauncherProvider: update count = 1 allapplist _id=31 null presetID=2147483647 isPreset=0 visible=1 clickCount=3 container=-1000 itemType=10 strategy_table_id=-1 intent=#Intent;action=android.intent.action.MAIN;category=android.intent.category.LAUNCHER;launchFlags=0x10200000;component=com.tencent.mobileqqi/com.tencent.mobileqq.activity.SplashActivity;end sort_index=1
I/Baidu Home2(  633): LauncherProvider: update count = 1 allapplist _id=1 null presetID=-1 isPreset=0 visible=1 clickCount=0 container=-1000 itemType=10 strategy_table_id=-1 intent=#Intent;action=android.intent.action.MAIN;category=android.intent.category.LAUNCHER;launchFlags=0x10200000;component=com.baiyi_mobile.security/.ui.MainSecurityActivity;end sort_index=2
I/Baidu Home2(  633): LauncherProvider: update count = 1 allapplist _id=2 null presetID=-1 isPreset=0 visible=1 clickCount=0 container=-1000 itemType=10 strategy_table_id=-1 intent=#Intent;action=android.intent.action.MAIN;category=android.intent.category.LAUNCHER;launchFlags=0x10200000;component=com.baidu.yi.userfeedback/.ui.UserFeedbackActivity;end sort_index=3
I/Baidu Home2(  633): LauncherProvider: update count = 1 allapplist _id=3 null presetID=-1 isPreset=0 visible=1 clickCount=0 container=-1000 itemType=10 strategy_table_id=-1 intent=#Intent;action=android.intent.action.MAIN;category=android.intent.category.LAUNCHER;launchFlags=0x10200000;component=com.sec.android.app.camera/.Camera;end sort_index=4
I/Baidu Home2(  633): LauncherProvider: update count = 1 allapplist _id=4 null presetID=-1 isPreset=0 visible=1 clickCount=2 container=-1000 itemType=10 strategy_table_id=-1 intent=#Intent;action=android.intent.action.MAIN;category=android.intent.category.LAUNCHER;launchFlags=0x10200000;component=com.baidu.appsearch/.LauncherActivity;end sort_index=5
I/Baidu Home2(  633): LauncherProvider: update count = 1 allapplist _id=5 null presetID=-1 isPreset=0 visible=1 clickCount=0 container=-1000 itemType=10 strategy_table_id=-1 intent=#Intent;action=android.intent.action.MAIN;category=android.intent.category.LAUNCHER;launchFlags=0x10200000;component=com.android.contacts/.activities.DialtactsActivity;end sort_index=6
I/Baidu Home2(  633): LauncherProvider: update count = 1 allapplist _id=6 null presetID=-1 isPreset=0 visible=1 clickCount=1 container=-1000 itemType=10 strategy_table_id=-1 intent=#Intent;action=android.intent.action.MAIN;category=android.intent.category.LAUNCHER;launchFlags=0x10200000;component=com.android.contacts/.activities.PeopleActivity;end sort_index=7
I/Baidu Home2(  633): LauncherProvider: update count = 1 allapplist _id=7 null presetID=-1 isPreset=0 visible=1 clickCount=0 container=-1000 itemType=10 strategy_table_id=-1 intent=#Intent;action=android.intent.action.MAIN;category=android.intent.category.LAUNCHER;launchFlags=0x10200000;component=com.android.contacts/com.android.mms.ui.ConversationList;end sort_index=8
I/Baidu Home2(  633): LauncherProvider: update count = 1 allapplist _id=8 null presetID=-1 isPreset=0 visible=1 clickCount=3 container=-1000 itemType=10 strategy_table_id=-1 intent=#Intent;action=android.intent.action.MAIN;category=android.intent.category.LAUNCHER;launchFlags=0x10200000;component=com.android.email/.activity.Welcome;end sort_index=9
I/Baidu Home2(  633): LauncherProvider: update count = 1 allapplist _id=9 null presetID=-1 isPreset=0 visible=1 clickCount=0 container=-1000 itemType=10 strategy_table_id=-1 intent=#Intent;action=android.intent.action.MAIN;category=android.intent.category.LAUNCHER;launchFlags=0x10200000;component=com.baidu.camera/.Camera;end sort_index=10
I/Baidu Home2(  633): LauncherProvider: update count = 1 allapplist _id=10 null presetID=-1 isPreset=0 visible=1 clickCount=0 container=-1000 itemType=10 strategy_table_id=-1 intent=#Intent;action=android.intent.action.MAIN;category=android.intent.category.LAUNCHER;launchFlags=0x10200000;component=com.baidu.gallery3d/.app.Gallery;end sort_index=11
I/Baidu Home2(  633): LauncherProvider: update count = 1 allapplist _id=11 null presetID=-1 isPreset=0 visible=1 clickCount=0 container=-1000 itemType=10 strategy_table_id=-1 intent=#Intent;action=android.intent.action.MAIN;category=android.intent.category.LAUNCHER;launchFlags=0x10200000;component=com.baidu.videoplayer/.activity.MediaPickerActivity;end sort_index=12
I/Baidu Home2(  633): LauncherProvider: update count = 1 allapplist _id=12 null presetID=-1 isPreset=0 visible=1 clickCount=1 container=-1000 itemType=10 strategy_table_id=-1 intent=#Intent;action=android.intent.action.MAIN;category=android.intent.category.LAUNCHER;launchFlags=0x10200000;component=com.baidu.musicplayer/.activity.MainFragmentActivity;end sort_index=13
I/Baidu Home2(  633): LauncherProvider: update count = 1 allapplist _id=13 null presetID=-1 isPreset=0 visible=1 clickCount=0 container=-1000 itemType=10 strategy_table_id=-1 intent=#Intent;action=android.intent.action.MAIN;category=android.intent.category.LAUNCHER;launchFlags=0x10200000;component=com.android.settings/.Settings;end sort_index=14
I/Baidu Home2(  633): LauncherProvider: update count = 1 allapplist _id=14 null presetID=-1 isPreset=0 visible=1 clickCount=0 container=-1000 itemType=10 strategy_table_id=-1 intent=#Intent;action=android.intent.action.MAIN;category=android.intent.category.LAUNCHER;launchFlags=0x10200000;component=com.baidu.notepad/.NotesList;end sort_index=15
I/Baidu Home2(  633): LauncherProvider: update count = 1 allapplist _id=15 null presetID=-1 isPreset=0 visible=1 clickCount=0 container=-1000 itemType=10 strategy_table_id=-1 intent=#Intent;action=android.intent.action.MAIN;category=android.intent.category.LAUNCHER;launchFlags=0x10200000;component=com.android.calendar/.AllInOneActivity;end sort_index=16
I/Baidu Home2(  633): LauncherProvider: update count = 1 allapplist _id=16 null presetID=-1 isPreset=0 visible=1 clickCount=0 container=-1000 itemType=10 strategy_table_id=-1 intent=#Intent;action=android.intent.action.MAIN;category=android.intent.category.LAUNCHER;launchFlags=0x10200000;component=com.baidu.baiduclock/.BaiduClock;end sort_index=17
I/Baidu Home2(  633): LauncherProvider: update count = 1 allapplist _id=17 null presetID=-1 isPreset=0 visible=1 clickCount=0 container=-1000 itemType=10 strategy_table_id=-1 intent=#Intent;action=android.intent.action.MAIN;category=android.intent.category.LAUNCHER;launchFlags=0x10200000;component=com.android.calculator2/.Calculator;end sort_index=18
I/Baidu Home2(  633): LauncherProvider: update count = 1 allapplist _id=18 null presetID=-1 isPreset=0 visible=1 clickCount=0 container=-1000 itemType=10 strategy_table_id=-1 intent=#Intent;action=android.intent.action.MAIN;category=android.intent.category.LAUNCHER;launchFlags=0x10200000;component=com.baidu.browser.apps/.BrowserActivity;end sort_index=19
I/Baidu Home2(  633): LauncherProvider: update count = 1 allapplist _id=19 null presetID=-1 isPreset=0 visible=1 clickCount=0 container=-1000 itemType=10 strategy_table_id=-1 intent=#Intent;action=android.intent.action.MAIN;category=android.intent.category.LAUNCHER;launchFlags=0x10200000;component=com.baidu.soundrecorder/.SoundRecorder;end sort_index=20
I/Baidu Home2(  633): LauncherProvider: update count = 1 allapplist _id=20 null presetID=-1 isPreset=0 visible=1 clickCount=4 container=-1000 itemType=10 strategy_table_id=-1 intent=#Intent;action=android.intent.action.MAIN;category=android.intent.category.LAUNCHER;launchFlags=0x10200000;component=com.baidu.resmanager.filemanager/.ui.MainActivity;end sort_index=21
I/Baidu Home2(  633): LauncherProvider: update count = 1 allapplist _id=21 null presetID=-1 isPreset=0 visible=1 clickCount=0 container=-1000 itemType=10 strategy_table_id=-1 intent=#Intent;action=android.intent.action.MAIN;category=android.intent.category.LAUNCHER;launchFlags=0x10200000;component=com.baidu.backuprestore/.UI.BackupRestoreActivity;end sort_index=22
I/Baidu Home2(  633): LauncherProvider: update count = 1 allapplist _id=22 null presetID=-1 isPreset=0 visible=1 clickCount=0 container=-1000 itemType=10 strategy_table_id=-1 intent=#Intent;action=android.intent.action.MAIN;category=android.intent.category.LAUNCHER;launchFlags=0x10200000;component=com.baidu.android.ota/.ui.OTAMainActivity;end sort_index=23
I/Baidu Home2(  633): LauncherProvider: update count = 1 allapplist _id=23 null presetID=-1 isPreset=0 visible=1 clickCount=0 container=-1000 itemType=10 strategy_table_id=-1 intent=#Intent;action=android.intent.action.MAIN;category=android.intent.category.LAUNCHER;launchFlags=0x10200000;component=com.android.providers.downloads.ui/.DownloadList;end sort_index=24
I/Baidu Home2(  633): LauncherProvider: update count = 1 allapplist _id=24 null presetID=-1 isPreset=0 visible=1 clickCount=0 container=-1000 itemType=10 strategy_table_id=-1 intent=#Intent;action=android.intent.action.MAIN;category=android.intent.category.LAUNCHER;launchFlags=0x10200000;component=com.baidu.thememanager.ui/.BaiduThemeActivity;end sort_index=25
I/Baidu Home2(  633): LauncherProvider: update count = 1 allapplist _id=25 null presetID=-1 isPreset=0 visible=1 clickCount=0 container=-1000 itemType=10 strategy_table_id=-1 intent=#Intent;action=android.intent.action.MAIN;category=android.intent.category.LAUNCHER;launchFlags=0x10200000;component=com.baidu.flashlight/.FlashLightActivity;end sort_index=26
I/Baidu Home2(  633): LauncherProvider: update count = 1 allapplist _id=26 null presetID=-1 isPreset=0 visible=1 clickCount=0 container=-1000 itemType=10 strategy_table_id=-1 intent=#Intent;action=android.intent.action.MAIN;category=android.intent.category.LAUNCHER;launchFlags=0x10200000;component=com.baidu.directshare/.MainActivity;end sort_index=27
I/Baidu Home2(  633): LauncherProvider: update count = 1 allapplist _id=27 null presetID=-1 isPreset=0 visible=1 clickCount=0 container=-1000 itemType=10 strategy_table_id=-1 intent=#Intent;action=android.intent.action.MAIN;category=android.intent.category.LAUNCHER;launchFlags=0x10200000;component=com.baidu.help/.MainActivity;end sort_index=28
I/Baidu Home2(  633): LauncherProvider: update count = 1 allapplist _id=28 null presetID=-1 isPreset=0 visible=1 clickCount=0 container=-1000 itemType=10 strategy_table_id=-1 intent=#Intent;action=android.intent.action.MAIN;category=android.intent.category.LAUNCHER;launchFlags=0x10200000;component=com.baidu.videoeditor/.activity.LuncherActivity;end sort_index=29
I/Baidu Home2(  633): LauncherProvider: update count = 1 allapplist _id=29 null presetID=-1 isPreset=0 visible=1 clickCount=0 container=-1000 itemType=10 strategy_table_id=-1 intent=#Intent;action=android.intent.action.MAIN;category=android.intent.category.LAUNCHER;launchFlags=0x10200000;component=com.baidu.searchbox/.MainActivity;end sort_index=30
I/Baidu Home2(  633): LauncherProvider: update count = 1 allapplist _id=30 null presetID=-1 isPreset=0 visible=1 clickCount=0 container=-1000 itemType=10 strategy_table_id=-1 intent=#Intent;action=android.intent.action.MAIN;category=android.intent.category.LAUNCHER;launchFlags=0x10200000;component=com.baidu.BaiduMap/com.baidu.baidumaps.WelcomeScreen;end sort_index=31
D/VoldCmdListener(   80): asec list
D/VoldCmdListener(   80): CommandListener::AsecCmd::runCommand -> -- 
D/dalvikvm(  299): GC_CONCURRENT freed 599K, 12% free 9190K/10375K, paused 2ms+7ms
W/PowerManagerService(  299): Timer 0x7->0x3|0x0
I/PowerManagerService(  299): Ulight 0x7->0x3|0x0
D/PowerManagerService(  299): setLightBrightness : mButtonLight : 0
D/InputReader(  299): Input event: value=1
D/WindowManager(  299): interceptKeyTq keycode=4 screenIsOn=true keyguardActive=false
I/PowerManagerService(  299): Ulight 0x3->0x7|0x0
D/PowerManagerService(  299): setLightBrightness : mButtonLight : 20
D/InputReader(  299): Input event: value=0
D/WindowManager(  299): interceptKeyTq keycode=4 screenIsOn=true keyguardActive=false
I/dumpstate( 1094): done
I/InputDispatcher(  299): Delivering key to current input target: action: 0x0
I/InputDispatcher(  299): Delivering key to current input target: action: 0x0
I/DRMEventReceiver(  299): DRMEventReceiver : onReceive
I/DRMEventReceiver(  299): DRMEventReceiver : onReceiveWithPrivilege intent.getTypenull
I/DRMEventReceiver(  299): DRMEventReceiver : beginStartingService
I/System.out(  299): start Service
V/PhoneStatusBar(  577): setLightsOn(true)
I/InputDispatcher(  299): Delivering key to current input target: action: 0x1
I/InputDispatcher(  299): Delivering key to current input target: action: 0x1
