D/PowerManagerService(  299): mNotificationTask : on
D/SensorManager(  299): registerListener :: handle = 1  name= BMA222E / KXTJ2 Acceleration Sensor delay= 200000 Listener= android.view.WindowOrientationListener$SensorEventListenerImpl@411be420
I/WindowManager(  299): No lock screen!
I/PowerManagerService(  299): Ulight 0x3->0x3|0x1
D/InputReader(  299): Input event: value=0
D/WindowManager(  299): interceptKeyTq keycode=26 screenIsOn=true keyguardActive=false
W/WindowManager(  299): Unable to find ITelephony interface.
I/PowerManagerService(  299): Light Animator Finished curIntValue=20
D/dalvikvm( 1490): DexOpt: --- END 'plugin-deploy.jar' (success) ---
D/dalvikvm( 1490): DEX prep '/data/data/com.baidu.android.ota/app_push_lib/plugin-deploy.jar': unzip in 28ms, rewrite 1207ms
I/PushServiceReceiver( 1490): start PushSerevice for ACTION_BOOT_COMPLETED or CONNECTIVITY_ACTION
D/SurfaceFlinger(   95): Screen about to return, flinger = 0x5e8ad8
I/Process ( 1490): Sending signal. PID: 1490 SIG: 9
I/ActivityManager(  299): Process com.baidu.android.ota:bdservice_v1 (pid 1490) has died.
I/FloatWindowItemUtil( 1391): where = null 20140706T232301Asia/Shanghai(0,186,28800,0,1404660181) 1404660181000
D/dalvikvm( 1427): GC_FOR_ALLOC freed 470K, 31% free 3464K/4999K, paused 69ms
D/MSF.C.NetConnTag( 1427): [E]try open Conn msfwifi.3g.qq.com:8080
D/Posix   ( 1427): ## MMS_TRACE: ##: setsockoptInt(): option = 1, value = 1.
D/Posix   ( 1427): ## MMS_TRACE: ##: setsockoptInt(): option = 9, value = 1.
D/MSF.C.NetConnTag( 1427): [E]open msfwifi.3g.qq.com:8080 failed connError_unreachable
I/ActivityManager(  299): Start proc app.processName for broadcast hostingNameStr: pid=1525 uid=10024 gids={3003, 1015, 1023, 1007, 1004, 2002}
D/dalvikvm( 1427): GC_CONCURRENT freed 171K, 32% free 3442K/4999K, paused 2ms+2ms
I/dalvikvm( 1525): Turning on JNI app bug workarounds for target SDK version 10...
E/WifiP2pStateTracker(  299): getNetworkInfo : NetworkInfo: type: wifi_p2p[], state: UNKNOWN/IDLE, reason: (unspecified), extra: (none), roaming: false, failover: false, isAvailable: false
V/WindowOrientationListener(  299): Proposed rotation changed!  proposedRotation=1, oldProposedRotation=-1currentRotation = 0
W/dalvikvm( 1525): Refusing to reopen boot DEX '/system/framework/framework-yi.jar'
I/PushServiceReceiver( 1525): start PushSerevice for ACTION_BOOT_COMPLETED or CONNECTIVITY_ACTION
D/dalvikvm( 1285): GC_CONCURRENT freed 1099K, 20% free 7776K/9671K, paused 3ms+4ms
I/ActivityManager(  299): Start proc app.processName for broadcast hostingNameStr: pid=1544 uid=10028 gids={3002, 3001}
I/Process ( 1525): Sending signal. PID: 1525 SIG: 9
I/ActivityManager(  299): Process com.baidu.yi.userfeedback:bdservice_v1 (pid 1525) has died.
W/PowerManagerService(  299): Timer 0x3->0x3|0x0
I/ActivityManager(  299): Start proc app.processName for broadcast hostingNameStr: pid=1563 uid=1000 gids={3003, 1015, 1023, 1007, 1006, 3002, 3001, 2001, 3006}
D/BluetoothBDAdrressReceiver( 1563): onReceive(), action: android.intent.action.BOOT_COMPLETED
W/ActivityManager(  299): Permission Denial: receiving Intent { act=android.intent.action.BOOT_COMPLETED flg=0x10 } to com.android.calendar requires android.permission.RECEIVE_BOOT_COMPLETED due to sender null (uid 1000)
D/BluetoothBDTestService( 1187): onCreate()
E/BluetoothBDTestService( 1187): onStart(), action: com.bluetoothtestapp.BtBDstartservice.BootComplete
E/BluetoothBDTestService( 1187): bd_address_path: /efs/bluetooth/bt_addr
E/BluetoothBDTestService( 1187): already exist!( /efs/bluetooth/bt_addr ), file length: 17
I/ActivityManager(  299): Start proc app.processName for broadcast hostingNameStr: pid=1576 uid=10032 gids={3003, 1015, 1023}
W/dalvikvm( 1391): VFY: unable to find class referenced in signature (Landroid/support/v4/app/Fragment;)
E/dalvikvm( 1391): Could not find class 'android.support.v4.app.Fragment', referenced from method com.baidu.mtjstatsdk.StatSDKService.onPause
W/dalvikvm( 1391): VFY: unable to resolve const-class 103 (Landroid/support/v4/app/Fragment;) in Lcom/baidu/mtjstatsdk/StatSDKService;
D/dalvikvm( 1391): VFY: replacing opcode 0x1c at 0x001d
W/dalvikvm( 1391): VFY: unable to find class referenced in signature (Landroid/support/v4/app/Fragment;)
E/dalvikvm( 1391): Could not find class 'android.support.v4.app.Fragment', referenced from method com.baidu.mtjstatsdk.StatSDKService.onResume
W/dalvikvm( 1391): VFY: unable to resolve const-class 103 (Landroid/support/v4/app/Fragment;) in Lcom/baidu/mtjstatsdk/StatSDKService;
D/dalvikvm( 1391): VFY: replacing opcode 0x1c at 0x001d
D/dalvikvm( 1391): GC_CONCURRENT freed 330K, 34% free 2591K/3911K, paused 2ms+2ms
W/CursorWrapperInner( 1391): Cursor finalized without prior close()
I/ActivityThread( 1576): Pub com.android.calendar: com.android.providers.calendar.CalendarProvider2
D/dalvikvm( 1285): GC_FOR_ALLOC freed 1271K, 25% free 7657K/10183K, paused 80ms
I/QQInitHandler( 1285): STEP_TROOPLIST cost: 798 ms at:0 ms
E/WifiP2pStateTracker(  299): getNetworkInfo : NetworkInfo: type: wifi_p2p[], state: UNKNOWN/IDLE, reason: (unspecified), extra: (none), roaming: false, failover: false, isAvailable: false
W/AlarmManager(  299): FACTORY_ON= 0
I/SimReceiver( 1035): onReceive action=android.intent.action.BOOT_COMPLETED
D/BaiduAutoPhotoManager( 1035): entering checkFontsChanged
V/MmsSystemEventReceiver( 1035): Intent received: Intent { act=android.intent.action.BOOT_COMPLETED flg=0x10 cmp=xxxx }
D/MessagingPreferenceActivity( 1035): setSystemSettingsMmsReceivePriority enabled = true
V/Mms:app ( 1035): updateHomeScreenIcon
W/AlarmManager(  299): FACTORY_ON= 0
D/Mms/Txn ( 1035): SmsReceiver: onReceiveWithPrivilege(). Slot Id = -1, Action = android.intent.action.BOOT_COMPLETED, result = 0
D/STATUSBAR-NotificationService(  299): cancelAllNotifications()
D/OpenGLRenderer(  633): Flushing caches (mode 2)
I/Launcher(  633): onTrimMemory call back
D/Mms/Txn ( 1035): Sms handleMessage :{ what=0 when=-2ms arg1=1 obj=Intent { act=android.intent.action.BOOT_COMPLETED flg=0x10 cmp=xxxx (has extras) } }
D/ExchangeService(  862): !!! EAS ExchangeService, onCreate
V/SmsReceiverService( 1035): handleMessage serviceId: 1 intent: Intent { act=android.intent.action.BOOT_COMPLETED flg=0x10 cmp=xxxx (has extras) }
V/SmsReceiverService( 1035): handleMessage action: android.intent.action.BOOT_COMPLETED error: 0
D/ExchangeService(  862): !!! EAS ExchangeService, onStartCommand, startingUp = false, running = false
D/MmsSmsDatabaseHelper( 1187): [MmsSmsDb] tableName: threads hasAutoIncrement: CREATE TABLE threads (_id INTEGER PRIMARY KEY AUTOINCREMENT,date INTEGER DEFAULT 0,message_count INTEGER DEFAULT 0,recipient_ids TEXT,snippet TEXT,snippet_cs INTEGER DEFAULT 0,read INTEGER DEFAULT 1,type INTEGER DEFAULT 0,error INTEGER DEFAULT 0,has_attachment INTEGER DEFAULT 0,last_used_simid INTEGER DEFAULT 0,date_set_top INTEGER NOT NULL DEFAULT 0) result: true
D/dalvikvm(  695): GC_CONCURRENT freed 213K, 24% free 2512K/3271K, paused 2ms+2ms
I/ApplicationPolicy(  299): getActualApplicationStateEnabled() : true
D/MmsSmsDatabaseHelper( 1187): [MmsSmsDb] tableName: canonical_addresses hasAutoIncrement: CREATE TABLE canonical_addresses (_id INTEGER PRIMARY KEY AUTOINCREMENT,address TEXT) result: true
D/MmsSmsDatabaseHelper( 1187): [getWritableDatabase] hasAutoIncrementThreads: true hasAutoIncrementAddresses: true
D/OpenGLRenderer(  633): Flushing caches (mode 2)
I/Launcher(  633): onTrimMemory call back
D/ExchangeService(  862): !!! EAS ExchangeService, onStartCommand, startingUp = true, running = false
E/MTPRx   (  722): In MtpReceiverandroid.intent.action.BOOT_COMPLETED
D/ExchangeService(  862): Reconciling accounts...
I/ApplicationPolicy(  299): getActualApplicationStateEnabled() : true
D/Mms:app ( 1035): updateHomeScreenIcon count 0
I/ApplicationPolicy(  299): getActualApplicationStateEnabled() : true
I/ApplicationPolicy(  299): getActualApplicationStateEnabled() : true
W/MTPRx   (  722): Inside BOOT COMPLETED  first_boot value is  = 1
W/MTPRx   (  722): Else condition for first_boot = 0
I/Email   (  818): ReconcilePopImapAccountsSync: start
V/AlarmManager(  299): waitForAlarm result :4
V/AlarmManager(  299): trigger WAKEUP Alarm{411b2288 type 2 android}
D/PowerManagerService(  299): setScreenOffTimeouts mKeylightDelay=1500 mDimDelay=6500 mScreenOffDelay=7000 mDimScreen=true
I/MediaScannerService(  695): start scanning volume internal: [/system/media]
I/QQInitHandler( 1285): STEP_GET_GENERAL_SETTINGS cost: 689 ms at:689 ms
I/Email   (  818): ReconcilePopImapAccountsSync: already running
E/WifiP2pStateTracker(  299): getNetworkInfo : NetworkInfo: type: wifi_p2p[], state: UNKNOWN/IDLE, reason: (unspecified), extra: (none), roaming: false, failover: false, isAvailable: false
D/ExchangeService(  862): !!! EAS ExchangeService, onStartCommand, startingUp = true, running = false
D/STATUSBAR-NotificationService(  299): cancelNotification - pkg:XXX.XXXXXXX.XXXXXXXXX, id:120
D/STATUSBAR-NotificationService(  299): cancelNotification - pkg:XXX.XXXXXXX.XXXXXXXXX, id:121
D/STATUSBAR-NotificationService(  299): cancelNotification - pkg:XXX.XXXXXXX.XXXXXXXXX, id:122
D/STATUSBAR-NotificationService(  299): cancelNotification - pkg:XXX.XXXXXXX.XXXXXXXX, id:123
D/PowerManagerService(  299): setScreenOffTimeouts mKeylightDelay=1500 mDimDelay=6500 mScreenOffDelay=7000 mDimScreen=true
D/Version ( 1285): [E]QQ_Version:4.6.13.6033
W/AlarmManager(  299): FACTORY_ON= 0
V/SmsReceiverService( 1035): moveOutboxMessagesToFailedBox messageCount: 0
D/Mms/Txn ( 1035): sendFirstQueuedMessage()
D/MediaScanner(  695): MediaScanner - mSkipList (/mnt/sdcard/autonavidata50/,/mnt/sdcard/DioDict3B/)
D/STATUSBAR-NotificationService(  299): cancelNotification - pkg:XXX.XXXXXXX.XXXXXXXXX, id:2130838282
E/MTPRx   (  722): Sd-Card path/mnt/extSdCard
D/STATUSBAR-NotificationService(  299): cancelNotification - pkg:XXX.XXXXXXX.XXXXXXXXX, id:2130838281
D/STATUSBAR-NotificationService(  299): cancelNotification - pkg:XXX.XXXXXXX.XXXXXXXXX, id:122
E/MTPRx   (  722): Status for mount/Unmount :mounted
E/MTPRx   (  722): SDcard is  available
D/STATUSBAR-NotificationService(  299): cancelNotification - pkg:XXX.XXXXXXX.XXXXXXXXX, id:2130838282
D/STATUSBAR-NotificationService(  299): cancelNotification - pkg:XXX.XXXXXXX.XXXXXXXXX, id:2130838281
D/STATUSBAR-NotificationService(  299): cancelNotification - pkg:XXX.XXXXXXX.XXXXXXXXX, id:2130838281
D/STATUSBAR-NotificationService(  299): cancelNotification - pkg:XXX.XXXXXXX.XXXXXXXXX, id:122
I/ActivityManager(  299): Start proc app.processName for broadcast hostingNameStr: pid=1616 uid=10045 gids={1006, 1015, 1023, 3003}
D/STATUSBAR-NotificationService(  299): cancelNotification - pkg:XXX.XXXXXXX.XXXXXXXXX, id:2130838281
I/Email   (  818): ReconcilePopImapAccountsSync: done
W/AlarmManager(  299): FACTORY_ON= 0
I/AutoMonitor( 1285): ActionLoginA, cost=20178
E/WifiP2pStateTracker(  299): getNetworkInfo : NetworkInfo: type: wifi_p2p[], state: UNKNOWN/IDLE, reason: (unspecified), extra: (none), roaming: false, failover: false, isAvailable: false
V/SmsReceiverService( 1035): unRegisterForServiceStateChanges
W/dalvikvm( 1616): Refusing to reopen boot DEX '/system/framework/seccamera.jar'
W/AlarmManager(  299): FACTORY_ON= 0
I/CameraBoot( 1616): Start Camera application
D/dalvikvm( 1285): GC_CONCURRENT freed 1187K, 20% free 8241K/10183K, paused 3ms+4ms
I/ActivityManager(  299): Start proc app.processName for broadcast hostingNameStr: pid=1636 uid=10046 gids={1006, 3003, 1015, 1023, 1007}
D/STATUSBAR-NotificationService(  299): cancelNotification - pkg:XXX.XXXXXXX.XXXXXXXX, id:123
D/Mms/Txn ( 1035): Sms finishStartingService
I/CalendarProvider2( 1576): Sending notification intent: Intent { act=android.intent.action.PROVIDER_CHANGED dat=content://com.android.calendar }
W/ContentResolver( 1576): Failed to get type for: content://com.android.calendar (Unknown URL content://com.android.calendar)
I/QQInitHandler( 1285): STEP_FRIENDLIST cost: 985 ms at:1674 ms
E/WifiP2pStateTracker(  299): getNetworkInfo : NetworkInfo: type: wifi_p2p[], state: UNKNOWN/IDLE, reason: (unspecified), extra: (none), roaming: false, failover: false, isAvailable: false
I/QQInitHandler( 1285): STEP_DISCUSSIONLIST cost: 52 ms at:1726 ms
E/WifiP2pStateTracker(  299): getNetworkInfo : NetworkInfo: type: wifi_p2p[], state: UNKNOWN/IDLE, reason: (unspecified), extra: (none), roaming: false, failover: false, isAvailable: false
I/QQInitHandler( 1285): STEP_PUBLIC_ACCOUNT_LIST cost: 21 ms at:1747 ms
E/WifiP2pStateTracker(  299): getNetworkInfo : NetworkInfo: type: wifi_p2p[], state: UNKNOWN/IDLE, reason: (unspecified), extra: (none), roaming: false, failover: false, isAvailable: false
D/STATUSBAR-StatusBarManagerService(  299): setSystemUiVisibility(0x0)
D/STATUSBAR-StatusBarManagerService(  299): manageDisableList what=0x0 pkg=WindowManager.LayoutParams
V/PhoneStatusBar(  577): setLightsOn(true)
I/QQInitHandler( 1285): STEP_GET_SUBACCOUNT_GET_BIND cost: 66 ms at:1813 ms
I/QQInitHandler( 1285): waiting general setting. opState=0
I/PushServiceReceiver( 1636): start PushSerevice for ACTION_BOOT_COMPLETED or CONNECTIVITY_ACTION
I/ActivityManager(  299): Start proc app.processName for broadcast hostingNameStr: pid=1650 uid=10046 gids={1006, 3003, 1015, 1023, 1007}
D/dalvikvm( 1636): GC_CONCURRENT freed 325K, 23% free 3025K/3911K, paused 2ms+1ms
I/Process ( 1636): Sending signal. PID: 1636 SIG: 9
I/ActivityManager(  299): Process com.baidu.searchbox:bdservice_v1 (pid 1636) has died.
D/dalvikvm( 1285): Trying to load lib /data/data/com.tencent.mobileqqi/lib/libNativeRQD.so 0x40f41618
D/dalvikvm( 1285): Added shared lib /data/data/com.tencent.mobileqqi/lib/libNativeRQD.so 0x40f41618
D/dalvikvm( 1285): No JNI_OnLoad found in /data/data/com.tencent.mobileqqi/lib/libNativeRQD.so 0x40f41618, skipping init
I/native_eup( 1285): setLogMode 6 current 4
D/STATUSBAR-NotificationService(  299): cancelNotification - pkg:XXX.XXXXXXX.XXXXXXXXX, id:10101
D/MSF.D.QLogImpl( 1285): [E]set UIN_REPORTLOG_LEVEL 1
I/SqliteDatabaseCpp( 1285): sqlite returned: error code = 5, msg = database is locked, db=/data/data/com_tencent_mobileqqi/databases/1263972314_db
E/SqliteDatabaseCpp( 1285): sqlite3_exec - Failed to set synchronous mode = 1(Normal) 
D/MobileQQ( 1285): [E]dispatchAE  onAccountChanged
D/MobileQQ( 1285): [E]dispatchAE  onAccountChanged
D/STATUSBAR-NotificationService(  299): cancelNotification - pkg:XXX.XXXXXXX.XXXXXXXXX, id:10101
D/MSF.D.QLogImpl( 1285): [E]set UIN_REPORTLOG_LEVEL 1
D/AppRuntime( 1285): [E]onRunningBackground 
D/AppRuntime( 1285): [E]onRunningBackground progress name is mobileqq isLogin = true
I/Favorites( 1285): [E]empty skey, call AccountManager.updateSKey
D/MSF.C.WTLoginCenter( 1427): [E]changeTokenAfterLogin checkIsNeedLoginWithPasswd 1 process:com.tencent.mobileqqi cmd:login.chgTok
D/STATUSBAR-NotificationService(  299): cancelNotification - pkg:XXX.XXXXXXX.XXXXXXXXX, id:2130838282
D/STATUSBAR-NotificationService(  299): cancelNotification - pkg:XXX.XXXXXXX.XXXXXXXXX, id:2130838281
D/STATUSBAR-NotificationService(  299): cancelNotification - pkg:XXX.XXXXXXX.XXXXXXXXX, id:122
D/STATUSBAR-NotificationService(  299): cancelNotification - pkg:XXX.XXXXXXX.XXXXXXXXX, id:2130838281
D/MSF.C.WTLoginCenter( 1427): [E]changeTokenAfterLogin checkIsNeedLoginWithPasswd 1 process:com.tencent.mobileqqi cmd:login.refreSid
D/MSF.C.WTLoginCenter( 1427): [E]changeTokenAfterLogin checkIsNeedLoginWithPasswd 1 process:com.tencent.mobileqqi cmd:login.chgTok
D/dalvikvm( 1427): GC_CONCURRENT freed 455K, 31% free 3498K/4999K, paused 2ms+2ms
D/MSF.C.WTLoginCenter( 1427): [E]changeTokenAfterLogin checkIsNeedLoginWithPasswd 1 process:com.tencent.mobileqqi cmd:login.chgTok
I/ActivityThread( 1650): Pub com.baidu.searchbox.downloads: com.baidu.searchbox.downloads.DownloadProvider
I/ActivityThread( 1650): Pub baidusearch_bookmark: com.baidu.searchbox.bookmark.BookmarkProvider
D/STATUSBAR-NotificationService(  299): cancelNotification - pkg:XXX.XXXXXXX.XXXXXXXXX, id:2130838282
D/STATUSBAR-NotificationService(  299): cancelNotification - pkg:XXX.XXXXXXX.XXXXXXXXX, id:2130838281
D/STATUSBAR-NotificationService(  299): cancelNotification - pkg:XXX.XXXXXXX.XXXXXXXXX, id:122
D/STATUSBAR-NotificationService(  299): cancelNotification - pkg:XXX.XXXXXXX.XXXXXXXXX, id:2130838281
D/dalvikvm( 1427): GC_CONCURRENT freed 448K, 29% free 3562K/4999K, paused 1ms+2ms
D/dalvikvm( 1650): GC_CONCURRENT freed 312K, 23% free 3016K/3911K, paused 2ms+2ms
D/dalvikvm( 1285): GC_CONCURRENT freed 1485K, 19% free 8728K/10759K, paused 3ms+22ms
D/dalvikvm( 1427): GC_FOR_ALLOC freed 511K, 29% free 3562K/4999K, paused 60ms
D/MSF.C.WTLoginCenter( 1427): [E]changeTokenAfterLogin checkIsNeedLoginWithPasswd 1 process:com.tencent.mobileqqi cmd:login.chgTok
D/dalvikvm( 1427): GC_CONCURRENT freed 1041K, 31% free 3600K/5191K, paused 2ms+2ms
D/dalvikvm( 1427): GC_FOR_ALLOC freed 513K, 31% free 3597K/5191K, paused 22ms
D/dalvikvm( 1427): GC_FOR_ALLOC freed 520K, 31% free 3588K/5191K, paused 47ms
D/STATUSBAR-NotificationService(  299): enqueueNotificationInternal - pkg:XXX.XXXXXXX.XXXXXXXXX, id:9527
E/NotificationService(  299): Ignoring notification with icon==0: Notification(contentView=null vibrate=null,sound=null,defaults=0x0,flags=0x62)
D/STATUSBAR-NotificationService(  299): Noti Alert - mSystemReady:true, AlertEnabled:true
D/dalvikvm( 1427): GC_CONCURRENT freed 503K, 31% free 3597K/5191K, paused 2ms+2ms
D/dalvikvm( 1427): GC_FOR_ALLOC freed 519K, 31% free 3589K/5191K, paused 42ms
D/dalvikvm( 1427): GC_FOR_ALLOC freed 511K, 31% free 3590K/5191K, paused 39ms
D/dalvikvm(  299): GC_EXPLICIT freed 1311K, 16% free 9912K/11783K, paused 4ms+29ms
I/SqliteDatabaseCpp( 1285): sqlite returned: error code = 1, msg = no such table: mr_friend_D005CE7AEEF46BD18515F783FB8E87FA_New, db=/data/data/com_tencent_mobileqqi/databases/1263972314_db
D/dalvikvm( 1427): GC_FOR_ALLOC freed 507K, 31% free 3594K/5191K, paused 28ms
I/ActivityManager(  299): Start proc app.processName for broadcast hostingNameStr: pid=1682 uid=10046 gids={1006, 3003, 1015, 1023, 1007}
D/dalvikvm(  877): GC_EXPLICIT freed 4K, 21% free 3421K/4295K, paused 2ms+2ms
D/dalvikvm( 1427): GC_FOR_ALLOC freed 829K, 31% free 3598K/5191K, paused 82ms
D/dalvikvm(  877): GC_EXPLICIT freed <1K, 21% free 3421K/4295K, paused 2ms+12ms
D/dalvikvm( 1427): GC_FOR_ALLOC freed 522K, 31% free 3588K/5191K, paused 58ms
D/dalvikvm( 1427): GC_CONCURRENT freed 503K, 31% free 3596K/5191K, paused 1ms+18ms
D/dalvikvm( 1427): GC_FOR_ALLOC freed 525K, 32% free 3581K/5191K, paused 39ms
W/AlarmManager(  299): FACTORY_ON= 0
D/dalvikvm( 1427): GC_FOR_ALLOC freed 502K, 31% free 3590K/5191K, paused 50ms
D/MSF.C.WTLoginCenter( 1427): [E]changeTokenAfterLogin checkIsNeedLoginWithPasswd 1 process:com.tencent.mobileqqi cmd:login.chgTok
D/dalvikvm( 1427): GC_CONCURRENT freed 506K, 31% free 3596K/5191K, paused 2ms+2ms
D/MSF.C.NetConnTag( 1427): [E]try open Conn msfwifi.3g.qq.com:8080
D/Posix   ( 1427): ## MMS_TRACE: ##: setsockoptInt(): option = 1, value = 1.
D/Posix   ( 1427): ## MMS_TRACE: ##: setsockoptInt(): option = 9, value = 1.
D/MSF.C.NetConnTag( 1427): [E]open msfwifi.3g.qq.com:8080 failed connError_unreachable
E/WifiP2pStateTracker(  299): getNetworkInfo : NetworkInfo: type: wifi_p2p[], state: UNKNOWN/IDLE, reason: (unspecified), extra: (none), roaming: false, failover: false, isAvailable: false
E/WifiP2pStateTracker(  299): getNetworkInfo : NetworkInfo: type: wifi_p2p[], state: UNKNOWN/IDLE, reason: (unspecified), extra: (none), roaming: false, failover: false, isAvailable: false
E/WifiP2pStateTracker(  299): getNetworkInfo : NetworkInfo: type: wifi_p2p[], state: UNKNOWN/IDLE, reason: (unspecified), extra: (none), roaming: false, failover: false, isAvailable: false
E/WifiP2pStateTracker(  299): getNetworkInfo : NetworkInfo: type: wifi_p2p[], state: UNKNOWN/IDLE, reason: (unspecified), extra: (none), roaming: false, failover: false, isAvailable: false
E/WifiP2pStateTracker(  299): getNetworkInfo : NetworkInfo: type: wifi_p2p[], state: UNKNOWN/IDLE, reason: (unspecified), extra: (none), roaming: false, failover: false, isAvailable: false
D/dalvikvm( 1427): GC_FOR_ALLOC freed 973K, 31% free 3591K/5191K, paused 49ms
D/dalvikvm( 1427): GC_CONCURRENT freed 484K, 31% free 3618K/5191K, paused 2ms+28ms
D/dalvikvm( 1682): GC_CONCURRENT freed 365K, 24% free 2999K/3911K, paused 2ms+2ms
D/dalvikvm( 1427): GC_FOR_ALLOC freed 529K, 31% free 3601K/5191K, paused 46ms
I/Process ( 1682): Sending signal. PID: 1682 SIG: 9
I/ActivityManager(  299): Process com.baidu.searchbox:bdservice_v1 (pid 1682) has died.
I/ActivityManager(  299): Start proc app.processName for broadcast hostingNameStr: pid=1708 uid=1000 gids={3003, 1015, 1023, 1007, 1006, 3002, 3001, 2001, 3006}
D/dalvikvm( 1427): GC_FOR_ALLOC freed 509K, 31% free 3603K/5191K, paused 98ms
D/dalvikvm( 1427): GC_CONCURRENT freed 509K, 31% free 3605K/5191K, paused 2ms+2ms
I/MediaScannerService(  695): done scanning volume internal
I/dalvikvm(  299): Jit: resizing JitTable from 4096 to 8192
I/MediaScannerService(  695): Delay the scanning....
W/dalvikvm( 1708): Refusing to reopen boot DEX '/system/framework/framework-yi.jar'
E/WifiP2pStateTracker(  299): getNetworkInfo : NetworkInfo: type: wifi_p2p[], state: UNKNOWN/IDLE, reason: (unspecified), extra: (none), roaming: false, failover: false, isAvailable: false
I/MediaScannerService(  695): start scanning volume external: [/mnt/extSdCard, /mnt/sdcard]
V/AlarmManager(  299): waitForAlarm result :4
V/AlarmManager(  299): trigger WAKEUP Alarm{41389a18 type 2 XXX.XXXXXXX.XXXXXXXXX.XXXXXXXX}
D/MediaScanner(  695): MediaScanner - mSkipList (/mnt/sdcard/autonavidata50/,/mnt/sdcard/DioDict3B/)
I/ActivityThread( 1708): Pub com.android.settings.SuggestionsProvider: com.android.settings.SuggestionsProvider
D/SuggestionsProvider( 1708): onCreate
D/STATUSBAR-NotificationService(  299): cancelNotification - pkg:XXX.XXXXXXX.XXXXXXXXX, id:2130838282
D/STATUSBAR-NotificationService(  299): cancelNotification - pkg:XXX.XXXXXXX.XXXXXXXXX, id:2130838281
D/STATUSBAR-NotificationService(  299): cancelNotification - pkg:XXX.XXXXXXX.XXXXXXXXX, id:122
D/STATUSBAR-NotificationService(  299): cancelNotification - pkg:XXX.XXXXXXX.XXXXXXXXX, id:2130838281
I/ActivityManager(  299): Start proc app.processName for broadcast hostingNameStr: pid=1726 uid=1000 gids={3003, 1015, 1023, 1007, 1006, 3002, 3001, 2001, 3006}
W/dalvikvm( 1726): Refusing to reopen boot DEX '/system/framework/framework-yi.jar'
W/AlarmManager(  299): FACTORY_ON= 0
W/AlarmManager(  299): FACTORY_ON= 0
D/TrafficMonitorMain( 1726): resetAdjustPeriod
D/TrafficMonitorMain( 1726): resetIptablesRules
D/BootReceivers( 1726): receive :::Intent { act=android.intent.action.BOOT_COMPLETED flg=0x10 cmp=xxxx }
D/TrafficMonitorMain( 1726): =========createIptables begin=========
D/TrafficMonitorMain( 1726): -------run script begin-------
I/ActivityManager(  299): Start proc app.processName for broadcast hostingNameStr: pid=1745 uid=10051 gids={1006, 3003, 1015, 1023, 1007}
I/dalvikvm( 1745): Turning on JNI app bug workarounds for target SDK version 11...
D/TrafficMonitorMain( 1726): runIptables path = sh /data/data/com.baidu.trafficmonitor/cache/baidusecurity.sh
W/ProcessStats(  299): Skipping unknown process pid 1753
D/dalvikvm(   96): GC_EXPLICIT freed 39K, 26% free 2348K/3139K, paused 4ms+45ms
D/dalvikvm(   96): GC_EXPLICIT freed <1K, 26% free 2348K/3139K, paused 3ms+2ms
I/System.out( 1285): Not a DRM File, opening notmally
D/dalvikvm(   96): GC_EXPLICIT freed <1K, 26% free 2348K/3139K, paused 2ms+2ms
D/dalvikvm( 1285): GC_CONCURRENT freed 1506K, 19% free 9282K/11335K, paused 3ms+28ms
I/System.out( 1285): buffer returned 
W/PowerManagerService(  299): Timer 0x3->0x1|0x0
I/PowerManagerService(  299): Ulight 0x3->0x1|0x0
D/dalvikvm( 1745): GC_CONCURRENT freed 322K, 23% free 3043K/3911K, paused 2ms+2ms
I/System.out( 1285): Not a DRM File, opening notmally
I/System.out( 1285): buffer returned 
D/dalvikvm( 1745): GC_CONCURRENT freed 145K, 18% free 3385K/4103K, paused 1ms+2ms
D/dalvikvm( 1745): Trying to load lib /data/data/com.sina.weibo/lib/libutility.so 0x40f47348
D/dalvikvm( 1745): Added shared lib /data/data/com.sina.weibo/lib/libutility.so 0x40f47348
D/dalvikvm( 1745): No JNI_OnLoad found in /data/data/com.sina.weibo/lib/libutility.so 0x40f47348, skipping init
I/ActivityThread( 1745): Pub com.sina.weibo.blogProvider: com.sina.weibo.datasource.SinaWeiboDBProvider
I/ActivityThread( 1745): Pub com.sina.weibo.picListProvider: com.sina.weibo.PictureListProvider
I/ActivityThread( 1745): Pub com.sina.weibo.userlog: com.sina.weibo.log.UserLogProvider
I/ActivityThread( 1745): Pub com.sina.weibo.sdkProvider: com.sina.weibo.datasource.SinaWeiboSdkProvider
I/ActivityThread( 1745): Pub com.sina.weibo.spProvider: com.sina.weibo.datasource.SinaWeiboSPProvider
D/dalvikvm( 1745): GC_CONCURRENT freed 191K, 18% free 3659K/4423K, paused 1ms+2ms
E/WifiP2pStateTracker(  299): getNetworkInfo : NetworkInfo: type: wifi_p2p[], state: UNKNOWN/IDLE, reason: (unspecified), extra: (none), roaming: false, failover: false, isAvailable: false
I/dalvikvm( 1285): Jit: resizing JitTable from 4096 to 8192
W/System.err( 1745): java.lang.NullPointerException
W/System.err( 1745): 	at android.telephony.TelephonyManager.getLine1Number(TelephonyManager.java:770)
W/System.err( 1745): 	at com.sina.weibo.WeiboApplication.onCreate(WeiboApplication.java:590)
W/System.err( 1745): 	at android.app.Instrumentation.callApplicationOnCreate(Instrumentation.java:973)
W/System.err( 1745): 	at android.app.ActivityThread.handleBindApplication(ActivityThread.java:3930)
W/System.err( 1745): 	at android.app.ActivityThread.access$1300(ActivityThread.java:128)
W/System.err( 1745): 	at android.app.ActivityThread$H.handleMessage(ActivityThread.java:1199)
W/System.err( 1745): 	at android.os.Handler.dispatchMessage(Handler.java:99)
W/System.err( 1745): 	at android.os.Looper.loop(Looper.java:137)
W/System.err( 1745): 	at android.app.ActivityThread.main(ActivityThread.java)
W/System.err( 1745): 	at java.lang.reflect.Method.invokeNative(Native Method)
W/System.err( 1745): 	at java.lang.reflect.Method.invoke(Method.java:511)
W/System.err( 1745): 	at com.android.internal.os.ZygoteInit$MethodAndArgsCaller.run(ZygoteInit.java:994)
W/System.err( 1745): 	at com.android.internal.os.ZygoteInit.main(ZygoteInit.java:761)
W/System.err( 1745): 	at dalvik.system.NativeStart.main(Native Method)
I/System.out( 1285): Not a DRM File, opening notmally
I/System.out( 1285): buffer returned 
D/Vitamio ( 1745): Processor	: ARMv7 Processor rev 1 (v7l)
D/Vitamio ( 1745): BogoMIPS	: 666.41
D/Vitamio ( 1745): Features	: swp half thumb fastmult vfp edsp thumbee neon vfpv3 
D/Vitamio ( 1745): CPU implementer	: 0x41
D/Vitamio ( 1745): CPU architecture: 7
D/Vitamio ( 1745): CPU variant	: 0x0
D/Vitamio ( 1745): CPU part	: 0xc05
D/Vitamio ( 1745): CPU revision	: 1
D/Vitamio ( 1745): Hardware	: SP8810
D/Vitamio ( 1745): Revision	: 0000
D/Vitamio ( 1745): Serial		: 0000000000000000
D/Vitamio ( 1745): CPU implementer:0x41
D/Vitamio ( 1745): Serial:0000000000000000
D/Vitamio ( 1745): CPU architecture:7
D/Vitamio ( 1745): Hardware:SP8810
D/Vitamio ( 1745): CPU revision:1
D/Vitamio ( 1745): CPU variant:0x0
D/Vitamio ( 1745): CPU part:0xc05
D/Vitamio ( 1745): Revision:0000
D/Vitamio ( 1745): BogoMIPS:666.41
D/Vitamio ( 1745): Features:swp half thumb fastmult vfp edsp thumbee neon vfpv3
D/Vitamio ( 1745): Processor:ARMv7 Processor rev 1 (v7l)
D/Vitamio ( 1745): CPU architecture: 7
D/Vitamio ( 1745): GET CPU FATURE: V5TE V6 VFP V7A VFPV3 NEON 
D/dalvikvm( 1745): Trying to load lib /data/data/com.sina.weibo/lib/libvinit.so 0x40f47348
D/dalvikvm( 1745): Added shared lib /data/data/com.sina.weibo/lib/libvinit.so 0x40f47348
I/Vitamio ( 1745): isNativeLibsInited, APP VERSION: 1220, Vitamio Library version: 1220
I/dalvikvm( 1745): DexOpt: mismatch dep signature for '/data/dalvik-cache/system@framework@framework.jar@classes.dex'
D/dalvikvm( 1745): ODEX file is stale or bad; removing and retrying (/data/data/com.sina.weibo/app_dex/appmarket1220.dex)
D/dalvikvm( 1745): DexOpt: --- BEGIN 'appmarket1220.jar' (bootstrap=0) ---
D/dalvikvm( 1285): GC_FOR_ALLOC freed 1182K, 19% free 9725K/11911K, paused 82ms
I/System.out( 1285): Not a DRM File, opening notmally
I/System.out( 1285): buffer returned 
I/InputReader(  299): Touch event's action is 0x0 (deviceType=0) [pCnt=1, pending(waiting finished signal)=0, s=0.6 ]
I/InputDispatcher(  299): Delivering touch to current input target: action: 0x0
I/InputDispatcher(  299): Delivering touch to current input target: action: 0x0
D/PowerManagerService(  299): reactivateScreenLocksLocked mProxIgnoredBecauseScreenTurnedOff=false
I/PowerManagerService(  299): Ulight 0x1->0x7|0x0
D/PowerManagerService(  299): setLightBrightness : mButtonLight : 20
I/InputReader(  299): Touch event's action is 0x1 (deviceType=0) [pCnt=1, pending(waiting finished signal)=0, s=]
I/InputDispatcher(  299): Delivering touch to current input target: action: 0x1
I/InputDispatcher(  299): Delivering touch to current input target: action: 0x1
I/System.out( 1285): Not a DRM File, opening notmally
I/ActivityManager(  299): START {intent.toShortString} from pid 1285
I/SurfaceFlinger(   95): id=11(2) createSurface (480x800),-1 flag=30004, FreezeSurfacf
D/ActivityManager(  299): Trying to launch applicationName
I/InputReader(  299): Reconfiguring input devices.  changes=0x00000004
I/InputReader(  299): Device reconfigured: id=2, name='sec_touchscreen', surface size is now 480x800, mode is 1
I/System.out( 1285): buffer returned 
I/ActivityManager(  299): Config changed: {0 1.0 0mcc0mnc zh_CN layoutdir=0 sw320dp w533dp h294dp nrml long land finger -keyb/v/h -nav/h s.5 themeChanged=0}
D/OpenGLRenderer(  577): Flushing caches (mode 0)
D/StrictMode(  754): StrictMode policy violation; ~duration=1 ms: android.os.StrictMode$StrictModeDiskReadViolation: policy=31 violation=2
D/StrictMode(  754): 	at android.os.StrictMode$AndroidBlockGuardPolicy.onReadFromDisk(StrictMode.java:1089)
D/StrictMode(  754): 	at libcore.io.BlockGuardOs.open(BlockGuardOs.java:106)
D/StrictMode(  754): 	at libcore.io.IoBridge.open(IoBridge.java:409)
D/StrictMode(  754): 	at java.io.FileInputStream.<init>(FileInputStream.java:78)
D/StrictMode(  754): 	at android.graphics.Typeface.getFontPathFlipFont(Typeface.java:349)
D/StrictMode(  754): 	at android.graphics.Typeface.SetFlipFonts(Typeface.java:392)
D/StrictMode(  754): 	at android.graphics.Typeface.SetAppTypeFace(Typeface.java:504)
D/StrictMode(  754): 	at android.app.Application.onConfigurationChanged(Application.java:92)
D/StrictMode(  754): 	at android.app.ActivityThread.performConfigurationChanged(ActivityThread.java:3478)
D/StrictMode(  754): 	at android.app.ActivityThread.handleConfigurationChanged(ActivityThread.java)
D/StrictMode(  754): 	at android.app.ActivityThread$H.handleMessage(ActivityThread.java:1234)
D/StrictMode(  754): 	at android.os.Handler.dispatchMessage(Handler.java:99)
D/StrictMode(  754): 	at android.os.Looper.loop(Looper.java:137)
D/StrictMode(  754): 	at android.app.ActivityThread.main(ActivityThread.java)
D/StrictMode(  754): 	at java.lang.reflect.Method.invokeNative(Native Method)
D/StrictMode(  754): 	at java.lang.reflect.Method.invoke(Method.java:511)
D/StrictMode(  754): 	at com.android.internal.os.ZygoteInit$MethodAndArgsCaller.run(ZygoteInit.java:994)
D/StrictMode(  754): 	at com.android.internal.os.ZygoteInit.main(ZygoteInit.java:761)
D/StrictMode(  754): 	at dalvik.system.NativeStart.main(Native Method)
D/OpenGLRenderer( 1285): Flushing caches (mode 0)
D/dalvikvm(  877): GC_EXPLICIT freed 5K, 21% free 3421K/4295K, paused 3ms+3ms
D/QuickSwitchPanel(  577): ImageView onMeasure
D/QuickSwitchPanel(  577): ImageView onMeasure
I/libEGL  (  577): eglCreateWindowSurface
D/dalvikvm(  877): GC_EXPLICIT freed 1K, 21% free 3427K/4295K, paused 2ms+19ms
D/QuickSwitchPanel(  577): ImageView onLayout
D/dalvikvm( 1772): DexOpt: load 189ms, verify+opt 804ms
D/dalvikvm(  877): GC_EXPLICIT freed 9K, 21% free 3423K/4295K, paused 2ms+2ms
I/Surface (  577): Surface_lockCanvas
D/StatusBar-TrafficView(  577): has icc card = false
V/WindowOrientationListener(  299): nearestRotation : 1   Angle: 98   tilt: 27
D/dalvikvm( 1745): DexOpt: --- END 'appmarket1220.jar' (success) ---
D/dalvikvm( 1745): DEX prep '/data/data/com.sina.weibo/app_dex/appmarket1220.jar': unzip in 66ms, rewrite 1733ms
I/dalvikvm( 1745): DexOpt: mismatch dep signature for '/data/dalvik-cache/system@framework@framework.jar@classes.dex'
D/dalvikvm( 1745): ODEX file is stale or bad; removing and retrying (/data/data/com.sina.weibo/app_dex/exlibs40.dex)
W/PowerManagerService(  299): Timer 0x7->0x3|0x0
I/PowerManagerService(  299): Ulight 0x7->0x3|0x0
D/PowerManagerService(  299): setLightBrightness : mButtonLight : 0
I/ActivityManager(  299): Start proc app.processName for service hostingNameStr: pid=1780 uid=10051 gids={1006, 3003, 1015, 1023, 1007}
W/AlarmManager(  299): FACTORY_ON= 0
D/QuickSwitchPanel(  577): ImageView onMeasure
I/dalvikvm( 1780): Turning on JNI app bug workarounds for target SDK version 11...
D/QuickSwitchPanel(  577): ImageView onMeasure
D/QuickSwitchPanel(  577): ImageView onLayout
D/dalvikvm( 1427): GC_FOR_ALLOC freed 819K, 31% free 3605K/5191K, paused 103ms
D/MSF.C.NetConnTag( 1427): [E]try open Conn msfwifi.3g.qq.com:8080
D/Posix   ( 1427): ## MMS_TRACE: ##: setsockoptInt(): option = 1, value = 1.
D/Posix   ( 1427): ## MMS_TRACE: ##: setsockoptInt(): option = 9, value = 1.
I/Surface (  577): Surface_lockCanvas
D/MSF.C.NetConnTag( 1427): [E]open msfwifi.3g.qq.com:8080 failed connError_unreachable
D/QuickSwitchPanel(  577): ImageView onMeasure
D/QuickSwitchPanel(  577): ImageView onMeasure
D/MSF.C.NetConnTag( 1427): [E]try open Conn msfwifi.3g.qq.com:8080
D/Posix   ( 1427): ## MMS_TRACE: ##: setsockoptInt(): option = 1, value = 1.
D/Posix   ( 1427): ## MMS_TRACE: ##: setsockoptInt(): option = 9, value = 1.
D/MSF.C.NetConnTag( 1427): [E]open msfwifi.3g.qq.com:8080 failed connError_unreachable
D/QuickSwitchPanel(  577): ImageView onLayout
D/dalvikvm( 1745): DexOpt: --- BEGIN 'exlibs40.jar' (bootstrap=0) ---
D/dalvikvm( 1285): Trying to load lib /data/data/com.tencent.mobileqqi/txlib/libamrnb.so 0x40f41618
D/dalvikvm( 1285): Added shared lib /data/data/com.tencent.mobileqqi/txlib/libamrnb.so 0x40f41618
D/dalvikvm( 1285): No JNI_OnLoad found in /data/data/com.tencent.mobileqqi/txlib/libamrnb.so 0x40f41618, skipping init
D/STATUSBAR-NotificationService(  299): cancelNotification - pkg:XXX.XXXXXXX.XXXXXXXXX, id:2130838282
D/STATUSBAR-NotificationService(  299): cancelNotification - pkg:XXX.XXXXXXX.XXXXXXXXX, id:2130838281
D/STATUSBAR-NotificationService(  299): cancelNotification - pkg:XXX.XXXXXXX.XXXXXXXXX, id:122
D/STATUSBAR-NotificationService(  299): cancelNotification - pkg:XXX.XXXXXXX.XXXXXXXXX, id:2130838281
D/dalvikvm( 1745): GC_CONCURRENT freed 810K, 27% free 3847K/5255K, paused 2ms+2ms
D/OpenGLRenderer( 1285): Flushing caches (mode 0)
D/dalvikvm( 1780): GC_CONCURRENT freed 297K, 22% free 3067K/3911K, paused 2ms+1ms
I/SurfaceFlinger(   95): id=10 Removed MainActivitz idx=1 Map Size=3
I/SurfaceFlinger(   95): id=10 Removed MainActivitz idx=-2 Map Size=3
E/WifiP2pStateTracker(  299): getNetworkInfo : NetworkInfo: type: wifi_p2p[], state: UNKNOWN/IDLE, reason: (unspecified), extra: (none), roaming: false, failover: false, isAvailable: false
I/System.out( 1285): Not a DRM File, opening notmally
I/System.out( 1285): buffer returned 
D/dalvikvm( 1780): GC_CONCURRENT freed 155K, 18% free 3436K/4167K, paused 2ms+2ms
D/dalvikvm( 1780): Trying to load lib /data/data/com.sina.weibo/lib/libutility.so 0x40f3c158
D/dalvikvm( 1780): Added shared lib /data/data/com.sina.weibo/lib/libutility.so 0x40f3c158
D/dalvikvm( 1780): No JNI_OnLoad found in /data/data/com.sina.weibo/lib/libutility.so 0x40f3c158, skipping init
D/dalvikvm( 1285): GC_CONCURRENT freed 1818K, 20% free 9994K/12359K, paused 3ms+21ms
I/ActivityThread( 1780): Pub com.sina.push.pushprovider.1004: com.sina.push.datacenter.PushProvider
D/dalvikvm( 1135): Trying to load lib /data/data/com.baidu.appsearch/lib/libshare_v2.so 0x40f42648
D/dalvikvm( 1135): Added shared lib /data/data/com.baidu.appsearch/lib/libshare_v2.so 0x40f42648
D/dalvikvm(  942): Trying to load lib /data/data/com.baidu.browser.apps/lib/libshare_v2.so 0x40f3fe30
D/dalvikvm(  942): Added shared lib /data/data/com.baidu.browser.apps/lib/libshare_v2.so 0x40f3fe30
D/dalvikvm(  877): Trying to load lib /data/data/com.baidu.input/lib/libshare_v2.so 0x40f3ed78
D/dalvikvm(  877): Added shared lib /data/data/com.baidu.input/lib/libshare_v2.so 0x40f3ed78
I/ActivityManager(  299): Start proc app.processName for broadcast hostingNameStr: pid=1805 uid=10011 gids={1015, 1023, 1006, 3003, 3002, 3001}
D/dalvikvm( 1780): GC_CONCURRENT freed 139K, 16% free 3841K/4551K, paused 1ms+2ms
I/SurfaceFlinger(   95): id=12(2) createSurface 0x60ad64 (800x480),1 flag=0, ChatActivitz
D/STATUSBAR-StatusBarManagerService(  299): setSystemUiVisibility(0x0)
D/STATUSBAR-StatusBarManagerService(  299): manageDisableList what=0x0 pkg=WindowManager.LayoutParams
D/GlRenderer( 1285): initialize
D/GlRenderer( 1285): initializeEgl
I/libEGL  ( 1285): eglCreateWindowSurface
I/System.out( 1285): Not a DRM File, opening notmally
I/System.out( 1285): buffer returned 
D/dalvikvm( 1805): Trying to load lib /data/data/com.baidu.BaiduMap/lib/libapp_BaiduMapApplib.so 0x40f3c5f0
D/dalvikvm( 1805): Added shared lib /data/data/com.baidu.BaiduMap/lib/libapp_BaiduMapApplib.so 0x40f3c5f0
D/dalvikvm( 1285): GC_FOR_ALLOC freed 608K, 19% free 10205K/12551K, paused 91ms
D/dalvikvm( 1805): Trying to load lib /data/data/com.baidu.BaiduMap/lib/libQuicProxy.so 0x40f3c5f0
D/dalvikvm( 1805): Added shared lib /data/data/com.baidu.BaiduMap/lib/libQuicProxy.so 0x40f3c5f0
I/dalvikvm( 1805): Could not find method android.content.Context.getExternalFilesDirs, referenced from method com.baidu.mapframework.common.util.StorageSettings.getAllStoragesV14
W/dalvikvm( 1805): VFY: unable to resolve virtual method 376: Landroid/content/Context;.getExternalFilesDirs (Ljava/lang/String;)[Ljava/io/File;
D/dalvikvm( 1805): VFY: replacing opcode 0x6e at 0x0180
I/dalvikvm( 1805): Could not find method android.os.StatFs.getAvailableBytes, referenced from method com.baidu.mapframework.common.util.StorageInformation.getAvailableBytes
W/dalvikvm( 1805): VFY: unable to resolve virtual method 1150: Landroid/os/StatFs;.getAvailableBytes ()J
D/dalvikvm( 1805): VFY: replacing opcode 0x6e at 0x000d
D/dalvikvm( 1805): GC_CONCURRENT freed 346K, 23% free 3026K/3911K, paused 2ms+1ms
W/System.err( 1780): java.lang.NullPointerException
W/System.err( 1780): 	at android.telephony.TelephonyManager.getLine1Number(TelephonyManager.java:770)
W/System.err( 1780): 	at com.sina.weibo.WeiboApplication.onCreate(WeiboApplication.java:590)
W/System.err( 1780): 	at android.app.Instrumentation.callApplicationOnCreate(Instrumentation.java:973)
W/System.err( 1780): 	at android.app.ActivityThread.handleBindApplication(ActivityThread.java:3930)
W/System.err( 1780): 	at android.app.ActivityThread.access$1300(ActivityThread.java:128)
W/System.err( 1780): 	at android.app.ActivityThread$H.handleMessage(ActivityThread.java:1199)
W/System.err( 1780): 	at android.os.Handler.dispatchMessage(Handler.java:99)
W/System.err( 1780): 	at android.os.Looper.loop(Looper.java:137)
W/System.err( 1780): 	at android.app.ActivityThread.main(ActivityThread.java)
W/System.err( 1780): 	at java.lang.reflect.Method.invokeNative(Native Method)
W/System.err( 1780): 	at java.lang.reflect.Method.invoke(Method.java:511)
W/System.err( 1780): 	at com.android.internal.os.ZygoteInit$MethodAndArgsCaller.run(ZygoteInit.java:994)
W/System.err( 1780): 	at com.android.internal.os.ZygoteInit.main(ZygoteInit.java:761)
W/System.err( 1780): 	at dalvik.system.NativeStart.main(Native Method)
D/dalvikvm( 1780): DexOpt: sleeping on flock(/data/data/com.sina.weibo/app_dex/exlibs40.dex)
I/System.out( 1285): Not a DRM File, opening notmally
I/System.out( 1285): buffer returned 
D/dalvikvm( 1780): GC_CONCURRENT freed 600K, 24% free 3788K/4935K, paused 2ms+11ms
D/dalvikvm( 1805): GC_FOR_ALLOC freed 104K, 23% free 3173K/4103K, paused 78ms
W/dalvikvm( 1650): No implementation found for native Lcom/baidu/sapi2/share/NativeCrypto;.nativeGetIV ()Ljava/lang/String;
W/dalvikvm( 1650): Exception Ljava/lang/UnsatisfiedLinkError; thrown while initializing Lcom/baidu/sapi2/share/NativeCrypto;
E/WifiP2pStateTracker(  299): getNetworkInfo : NetworkInfo: type: wifi_p2p[], state: UNKNOWN/IDLE, reason: (unspecified), extra: (none), roaming: false, failover: false, isAvailable: false
D/dalvikvm(  877): GC_EXPLICIT freed 729K, 28% free 3466K/4807K, paused 2ms+2ms
D/dalvikvm(  877): GC_EXPLICIT freed 23K, 29% free 3443K/4807K, paused 2ms+2ms
I/dalvikvm( 1650): Rejecting re-init on previously-failed class Lcom/baidu/sapi2/share/NativeCrypto; v=0x0
W/AlarmManager(  299): FACTORY_ON= 0
I/SurfaceFlinger(   95): id=13(3) createSurface (1598x482),-1 flag=20000, BlackSurfacf
I/ActivityManager(  299): Displayed shortComponentName: +4s932ms
I/SurfaceFlinger(   95): id=14(4) createSurface (802x958),-1 flag=20000, BlackSurfacf
D/dalvikvm( 1805): GC_CONCURRENT freed 190K, 18% free 3488K/4231K, paused 1ms+2ms
I/SurfaceFlinger(   95): id=15(5) createSurface (1598x482),-1 flag=20000, BlackSurfacf
W/AlarmManager(  299): FACTORY_ON= 0
I/SurfaceFlinger(   95): id=16(6) createSurface (802x958),-1 flag=20000, BlackSurfacf
D/dalvikvm(  842): GC_CONCURRENT freed 837K, 17% free 7111K/8519K, paused 2ms+2ms
I/SurfaceFlinger(   95): id=11 Removed FreezeSurfacf idx=9 Map Size=4
I/SurfaceFlinger(   95): id=13 Removed BlackSurfacf idx=5 Map Size=4
I/SurfaceFlinger(   95): id=11 Removed FreezeSurfacf idx=-2 Map Size=4
I/SurfaceFlinger(   95): id=14 Removed BlackSurfacf idx=5 Map Size=4
I/SurfaceFlinger(   95): id=13 Removed BlackSurfacf idx=-2 Map Size=4
I/SurfaceFlinger(   95): id=15 Removed BlackSurfacf idx=5 Map Size=4
I/SurfaceFlinger(   95): id=14 Removed BlackSurfacf idx=-2 Map Size=4
I/SurfaceFlinger(   95): id=16 Removed BlackSurfacf idx=5 Map Size=4
I/SurfaceFlinger(   95): id=15 Removed BlackSurfacf idx=-2 Map Size=4
I/SurfaceFlinger(   95): id=16 Removed BlackSurfacf idx=-2 Map Size=4
W/AlarmManager(  299): FACTORY_ON= 0
E/Watchdog(  299): !@Sync 2
W/System.err( 1780): java.text.ParseException: Unparseable date: "" (at offset 0)
W/System.err( 1780): 	at java.text.DateFormat.parse(DateFormat.java:626)
W/System.err( 1780): 	at com.sina.weibo.notification.hottopic.a.a(HotTopicConfiguration.java:177)
W/System.err( 1780): 	at com.sina.weibo.notification.hottopic.HotTopicService.a(HotTopicService.java:327)
W/System.err( 1780): 	at com.sina.weibo.notification.hottopic.HotTopicService.onStartCommand(HotTopicService.java:162)
W/System.err( 1780): 	at android.app.ActivityThread.handleServiceArgs(ActivityThread.java:2373)
W/System.err( 1780): 	at android.app.ActivityThread.access$1900(ActivityThread.java:128)
W/System.err( 1780): 	at android.app.ActivityThread$H.handleMessage(ActivityThread.java:1224)
W/System.err( 1780): 	at android.os.Handler.dispatchMessage(Handler.java:99)
W/System.err( 1780): 	at android.os.Looper.loop(Looper.java:137)
W/System.err( 1780): 	at android.app.ActivityThread.main(ActivityThread.java)
W/System.err( 1780): 	at java.lang.reflect.Method.invokeNative(Native Method)
W/System.err( 1780): 	at java.lang.reflect.Method.invoke(Method.java:511)
W/System.err( 1780): 	at com.android.internal.os.ZygoteInit$MethodAndArgsCaller.run(ZygoteInit.java:994)
W/System.err( 1780): 	at com.android.internal.os.ZygoteInit.main(ZygoteInit.java:761)
W/System.err( 1780): 	at dalvik.system.NativeStart.main(Native Method)
I/System.out( 1285): Not a DRM File, opening notmally
V/AlarmManager(  299): waitForAlarm result :8
W/ActivityManager(  299): Unable to start service service: not found
E/MTPRx   (  722): In MtpReceiverandroid.hardware.usb.action.USB_STATE
E/MTPRx   (  722):  value of dev_boot_completed is1
E/MTPRx   (  722):  booting is completed
E/MTPRx   (  722):  check value of boot_completed is1
E/MTPRx   (  722):  check booting is completed
E/MTPRx   (  722): Sd-Card path/mnt/extSdCard
E/MTPRx   (  722): Status for mount/Unmount :mounted
E/MTPRx   (  722): SDcard is  available
E/MTPRx   (  722): The value of first_boot is  1
E/MTPRx   (  722): [ 662] The value of first_boot is  1NORMAL SEQUENCE 
W/MTPRx   (  722): value of connected istrue
W/MTPRx   (  722): value of mtpEnabled istrue
W/MTPRx   (  722): value of ptpEnabled isfalse
E/MTPRx   (  722): Received USB_STATE with sdCardLaunch = 0
D/PowerManagerService(  299): setScreenOffTimeouts mKeylightDelay=1500 mDimDelay=6500 mScreenOffDelay=7000 mDimScreen=true
E/MTPRx   (  722): Sending NORMAL_BOOT to stack
I/System.out( 1285): buffer returned 
I/System.out(  722): noti = 17
E/MTPRx   (  722): file kieswifi.dat is not found
E/MTPRx   (  722): usb mode = 0
E/MTPRx   (  722): sending MTP_ICON_ENABLED to stack
E/MTPRx   (  722): else part ... so first time!!!
E/MTPPlaObsrvr(  722): inside setContext()
D/PowerManagerService(  299): setScreenOffTimeouts mKeylightDelay=1500 mDimDelay=6500 mScreenOffDelay=7000 mDimScreen=true
D/dalvikvm( 1285): GC_FOR_ALLOC freed 777K, 18% free 10538K/12807K, paused 97ms
D/dalvikvm( 1427): GC_CONCURRENT freed 380K, 31% free 3613K/5191K, paused 2ms+2ms
D/MSF.C.NetConnTag( 1427): [E]try open Conn msfwifi.3g.qq.com:8080
D/Posix   ( 1427): ## MMS_TRACE: ##: setsockoptInt(): option = 1, value = 1.
D/Posix   ( 1427): ## MMS_TRACE: ##: setsockoptInt(): option = 9, value = 1.
D/MSF.C.NetConnTag( 1427): [E]open msfwifi.3g.qq.com:8080 failed connError_unreachable
I/InputReader(  299): Touch event's action is 0x0 (deviceType=0) [pCnt=1, pending(waiting finished signal)=0, s=0.7 ]
I/InputDispatcher(  299): Delivering touch to current input target: action: 0x0
I/InputDispatcher(  299): Delivering touch to current input target: action: 0x0
I/PowerManagerService(  299): Ulight 0x3->0x7|0x0
D/PowerManagerService(  299): setLightBrightness : mButtonLight : 20
I/InputReader(  299): Touch event's action is 0x1 (deviceType=0) [pCnt=1, pending(waiting finished signal)=0, s=]
I/InputDispatcher(  299): Delivering touch to current input target: action: 0x1
I/InputDispatcher(  299): Delivering touch to current input target: action: 0x1
D/dalvikvm(  877): GC_EXPLICIT freed 4K, 29% free 3443K/4807K, paused 3ms+3ms
D/dalvikvm(  299): GC_EXPLICIT freed 937K, 17% free 9950K/11847K, paused 4ms+18ms
D/dalvikvm(  877): GC_EXPLICIT freed <1K, 29% free 3443K/4807K, paused 19ms+2ms
D/dalvikvm(  877): GC_FOR_ALLOC freed 7K, 29% free 3445K/4807K, paused 28ms
D/dalvikvm( 1796): DexOpt: load 741ms, verify+opt 3966ms
I/dalvikvm-heap(  877): Grow heap (frag case) to 4.903MB for 1048592-byte allocation
D/dalvikvm(  877): GC_CONCURRENT freed 0K, 25% free 4469K/5895K, paused 1ms+2ms
E/com.baidu.trafficmonitor.flowcompress.CompressSwitchTransact( 1726): ensureBinderGotted:ServiceManager.getService failed
D/TrafficMonitorMain( 1726): b = false
D/TrafficMonitorMain( 1726): -------run script end-------
D/TrafficMonitorMain( 1726): =========createIptables end code = -1 =========
D/TrafficMonitorMain( 1726): =========resetIptablesRules begin=========
D/TrafficMonitorMain( 1726): =========resetIptablesRules empty end=========
I/InputReader(  299): Touch event's action is 0x0 (deviceType=0) [pCnt=1, pending(waiting finished signal)=0, s=0.8 ]
I/InputDispatcher(  299): Delivering touch to current input target: action: 0x0
I/InputDispatcher(  299): Delivering touch to current input target: action: 0x0
D/dalvikvm( 1745): DexOpt: --- END 'exlibs40.jar' (success) ---
D/dalvikvm( 1745): DEX prep '/data/data/com.sina.weibo/app_dex/exlibs40.jar': unzip in 583ms, rewrite 6344ms
I/InputReader(  299): Touch event's action is 0x1 (deviceType=0) [pCnt=1, pending(waiting finished signal)=0, s=]
I/InputDispatcher(  299): Delivering touch to current input target: action: 0x1
I/InputDispatcher(  299): Delivering touch to current input target: action: 0x1
D/dalvikvm(  877): GC_FOR_ALLOC freed 702K, 23% free 5469K/7047K, paused 18ms
I/dalvikvm-heap(  877): Grow heap (frag case) to 6.017MB for 143536-byte allocation
D/dalvikvm(  877): GC_FOR_ALLOC freed 5K, 23% free 5604K/7239K, paused 15ms
D/dalvikvm(  877): GC_FOR_ALLOC freed 0K, 23% free 5604K/7239K, paused 16ms
D/PowerManagerService(  299): mIsSipVisible : true
D/PowerManagerService(  299): mIsSipVisible : true
I/SurfaceFlinger(   95): id=17(1) createSurface 0x613b94 (1x1),1 flag=0, InputMethoe
I/Surface (  877): Surface_lockCanvas
I/SurfaceTextureClient(  877): connect(NATIVE_WINDOW_API_CPU)
I/Surface (  877): Surface_lockCanvas
I/Surface (  877): Surface_lockCanvas
I/Surface (  877): Surface_lockCanvas
I/Surface (  877): Surface_lockCanvas
I/Surface (  877): Surface_lockCanvas
I/Surface (  877): Surface_lockCanvas
I/Surface (  877): Surface_lockCanvas
I/Surface (  877): Surface_lockCanvas
I/Surface (  877): Surface_lockCanvas
I/Surface (  877): Surface_lockCanvas
I/Surface (  877): Surface_lockCanvas
I/Surface (  877): Surface_lockCanvas
I/Surface (  877): Surface_lockCanvas
I/Surface (  877): Surface_lockCanvas
I/Surface (  877): Surface_lockCanvas
I/Surface (  877): Surface_lockCanvas
I/Surface (  877): Surface_lockCanvas
I/Surface (  877): Surface_lockCanvas
I/Surface (  877): Surface_lockCanvas
I/Surface (  877): Surface_lockCanvas
I/Surface (  877): Surface_lockCanvas
I/Surface (  877): Surface_lockCanvas
I/Surface (  877): Surface_lockCanvas
I/Surface (  877): Surface_lockCanvas
I/Surface (  877): Surface_lockCanvas
I/Surface (  877): Surface_lockCanvas
E/MTPPlaObsrvr(  722): playlist count is0
E/MTPPlaObsrvr(  722): Inside registerContentObserver
E/MtpService(  722): onCreate.
E/MtpService(  722): onStartCommand.
W/MTPRx   (  722): calling native method
E/MTPJNIInterface(  722): < MTP > Registering BroadCast receiver :::::
