I/ActivityManager(  234): Process com.baidu.searchbox:bdservice_v1 (pid 1103) has died.
I/ActivityManager(  234): Start proc app.processName for broadcast hostingNameStr: pid=1141 uid=1000 gids={3003, 1015, 1023, 1007, 1006, 3002, 3001, 3006}
W/AlarmManager(  234): FACTORY_ON= 0
W/AlarmManager(  234): FACTORY_ON= 0
I/ActivityManager(  234): Start proc app.processName for broadcast hostingNameStr: pid=1158 uid=10010 gids={3003, 1015, 1023, 1007, 1006}
I/ActivityManager(  234): Start proc app.processName for broadcast hostingNameStr: pid=1181 uid=10012 gids={3003, 1015, 1023}
V/AlarmManager(  234): waitForAlarm result :4
V/AlarmManager(  234): trigger WAKEUP Alarm{41603430 type 2 XXX.XXXXX.XXX.XXXXXX}
I/ActivityManager(  234): Start proc app.processName for broadcast hostingNameStr: pid=1197 uid=10032 gids={3003, 1015, 1023}
W/AlarmManager(  234): FACTORY_ON= 0
W/AlarmManager(  234): FACTORY_ON= 0
W/AlarmManager(  234): FACTORY_ON= 0
W/AlarmManager(  234): FACTORY_ON= 0
W/AlarmManager(  234): FACTORY_ON= 0
W/ActivityManager(  234): Timeout executing service: ServiceRecord{4149b448 com.baidu.map.location/.BaiduNetworkLocationService}
I/ActivityManager(  234): Crashing app skipping ANR: ProcessRecord{4149bd48 481:com.baidu.map.location/10013} Executing service com.baidu.map.location/.BaiduNetworkLocationService
V/AlarmManager(  234): waitForAlarm result :4
V/AlarmManager(  234): trigger WAKEUP Alarm{4167c758 type 2 XXX.XXXXXXX.XXXXXXXXX.XXXXXXXX}
W/AlarmManager(  234): FACTORY_ON= 0
D/BatteryService(  234): update start
D/BatteryService(  234): level:100 scale:100 status:2 health:2 present:true voltage: 4361 temperature: 380 technology: Li-ion AC powered:false USB powered:true icon:17303188 invalid charger:0
V/UiModeManager(  234): updateLocked, mLastBroadcastState =0 , oldAction = null
D/UsbDeviceManager(  234): USB UEVENT: {USB_STATE=CONFIGURED, SUBSYSTEM=android_usb, DEVPATH=/devices/virtual/android_usb/android0, SEQNUM=1254, ACTION=change}
D/UsbDeviceManager(  234): handleMessage -> MSG_UPDATE_STATE connected = 1,configured = 1
D/UsbDeviceManager(  234): updateUsbNotification : mConnected = true, mConfigured = true, mCurrentFunctions = mtp,adb
D/UsbDeviceManager(  234): updateAdbNotification : mAdbEnabled = true, mConnected = true, mAdbNotificationShown = false
D/UsbDeviceManager(  234): don't notify adb
D/UsbDeviceManager(  234): sending intent : ACTION_USB_STATE : connected = true, configured = true, functions = mtp,adb
D/BatteryService(  234): update start
D/BatteryService(  234): level:100 scale:100 status:2 health:2 present:true voltage: 4363 temperature: 373 technology: Li-ion AC powered:false USB powered:true icon:17303188 invalid charger:0
V/UiModeManager(  234): updateLocked, mLastBroadcastState =0 , oldAction = null
V/AlarmManager(  234): waitForAlarm result :8
W/AlarmManager(  234): FACTORY_ON= 0
W/PowerManagerService(  234): Timer 0x3->0x1|0x0
I/PowerManagerService(  234): Ulight 0x3->0x1|0x0
I/PowerManagerService(  234): Light Animator Finished curIntValue=20
V/AlarmManager(  234): waitForAlarm result :8
V/AlarmManager(  234): waitForAlarm result :2
V/AlarmManager(  234): ClockReceiver onReceive() ACTION_TIME_TICK
W/AlarmManager(  234): FACTORY_ON= 0
W/PowerManagerService(  234): Timer 0x1->0x0|0x0
D/PowerManagerService(  234): Screen__Off : Timeout
I/PowerManagerService(  234): Ulight 0x1->0x0|0x0
I/PowerManagerService(  234): Light Animator Finished curIntValue=0
W/PowerManagerService(  234): CurLockF mPS:0 mUS=0
W/PowerManagerService(  234): type=PARTIAL_WAKE_LOCK              'com.baidu.systemverify.VerificationService' active (mS=0)  activeT=60082
W/PowerManagerService(  234): mPokeLocks.size=0:
D/PowerManagerService(  234): sendNotificationLocked on=false
D/PowerManagerService(  234): mNotificationTask : off
D/BatteryService(  234): turn on LED for charging
D/VibratorService(  234): JNI vibratorOff()
W/InputManagerService(  234): Ignoring setImeWindowStatus of uid 1000 token: null
D/STATUSBAR-NotificationService(  234): ACTION_SCREEN_OFF
D/STATUSBAR-NotificationService(  234): updateLightsLocked() : Turn off notification light
W/ActivityManager(  234): Unable to start service service: not found
E/ActivityThread(  234): Failed to find provider info for com.qiyi.video.MyContentProvider
W/AlarmManager(  234): FACTORY_ON= 0
D/BatteryService(  234): update start
D/BatteryService(  234): level:100 scale:100 status:5 health:2 present:true voltage: 4365 temperature: 372 technology: Li-ion AC powered:false USB powered:true icon:17303188 invalid charger:0
V/UiModeManager(  234): updateLocked, mLastBroadcastState =0 , oldAction = null
D/BatteryService(  234): turn on LED for fully charged
D/BatteryService(  234): update start
W/PackageManager(  234): This app can not be enabled due to EDM policy. packageName = com.baidu.bsf.system
W/AlarmManager(  234): FACTORY_ON= 0
D/PowerManagerService(  234): reactivateScreenLocksLocked mProxIgnoredBecauseScreenTurnedOff=false
D/PowerManagerService(  234): Screen__On : acquireWakeLock flags=0x1000001a tag=keyguard uid=1000 pid=234   myUID=1000 myPID=234 myTID=290
D/PowerManagerService(  234): sendNotificationLocked on=true
I/PowerManagerService(  234): Ulight 0x0->0x4|0x0
D/PowerManagerService(  234): setLightBrightness : mButtonLight : 102
D/PowerManagerService(  234): mNotificationTask : on
D/BatteryService(  234): turn off LED
D/STATUSBAR-NotificationService(  234): enqueueToast()
W/InputManagerService(  234): Ignoring setImeWindowStatus of uid 1000 token: null
D/PowerManagerService(  234): acquireWakeLock flags=0xa tag=KEEP_SCREEN_ON_FLAG uid=1000 pid=234   myUID=1000 myPID=234 myTID=252
D/STATUSBAR-NotificationService(  234): ACTION_SCREEN_ON
D/STATUSBAR-NotificationService(  234): updateLightsLocked() : Turn off notification light
I/WindowManager(  234): Lock screen displayed!
I/PowerManagerService(  234): Ulight 0x7->0x7|0x1
W/AlarmManager(  234): FACTORY_ON= 0
I/PowerManagerService(  234): Light Animator Finished curIntValue=102
D/PowerManagerService(  234): acquireWakeLock flags=0x1000001a tag=keyguard uid=1000 pid=234   myUID=1000 myPID=234 myTID=290
W/WindowManager(  234): Window freeze timeout expired.
D/PowerManagerService(  234): enableUserActivity true
D/STATUSBAR-StatusBarManagerService(  234): manageDisableList what=0x0 pkg=android
D/PowerManagerService(  234): releaseWakeLockLocked flags=0x0 tag=keyguard myUID=1000 myPID=234 myTID=290
I/PowerManagerService(  234): Ulight 0x7->0x3|0x0
D/PowerManagerService(  234): setLightBrightness : mButtonLight : 0
D/STATUSBAR-NotificationService(  234): ACTION_USER_PRESENT
D/WifiService(  234): Receive Unlock screen
D/PhoneStatusBar(  339): disable: < expand icons alerts ticker system_info BACK HOME recent* CLOCK >
D/STATUSBAR-StatusBarManagerService(  234): setSystemUiVisibility(0x0)
D/STATUSBAR-StatusBarManagerService(  234): manageDisableList what=0x0 pkg=WindowManager.LayoutParams
D/PhoneStatusBar(  339): disable: < expand icons alerts ticker system_info back* home* recent clock* >
I/PowerManagerService(  234): Ulight 0x3->0x7|0x0
D/PowerManagerService(  234): setLightBrightness : mButtonLight : 102
D/VibratorService(  234): JNI vibratorOff()
D/STATUSBAR-NotificationService(  234): updateLightsLocked() : Turn off notification light
D/PowerManagerService(  234): releaseWakeLockLocked flags=0x0 tag=KEEP_SCREEN_ON_FLAG myUID=1000 myPID=234 myTID=289
D/VibratorService(  234): JNI vibratorOff()
D/STATUSBAR-NotificationService(  234): updateLightsLocked() : Turn off notification light
I/ActivityManager(  234): Process com.baidu.map.location (pid 481) has died.
D/STATUSBAR-StatusBarManagerService(  234): setSystemUiVisibility(0x0)
D/STATUSBAR-StatusBarManagerService(  234): manageDisableList what=0x0 pkg=WindowManager.LayoutParams
D/VibratorService(  234): JNI vibratorOff()
D/STATUSBAR-NotificationService(  234): updateLightsLocked() : Turn off notification light
D/STATUSBAR-StatusBarManagerService(  234): setSystemUiVisibility(0x0)
D/STATUSBAR-StatusBarManagerService(  234): manageDisableList what=0x0 pkg=WindowManager.LayoutParams
W/ThrottleService(  234): unable to find stats for iface rmnet0
W/AlarmManager(  234): FACTORY_ON= 0
I/ActivityManager(  234): START {act=android.settings.SETTINGS flg=0x10000000 cmp=xxxx} from pid 339
D/ActivityManager(  234): Trying to launch applicationName
D/VibratorService(  234): JNI vibratorOff()
D/STATUSBAR-NotificationService(  234): updateLightsLocked() : Turn off notification light
D/DEFERED_APP_VISIBILITY(  234): tweaking closing app
D/STATUSBAR-StatusBarManagerService(  234): setSystemUiVisibility(0x0)
D/STATUSBAR-StatusBarManagerService(  234): manageDisableList what=0x0 pkg=WindowManager.LayoutParams
D/PowerManagerService(  234): mIsSipVisible : false
I/ActivityManager(  234): Start proc app.processName for service hostingNameStr: pid=1288 uid=10013 gids={1015, 1023, 1007, 3003}
I/ActivityManager(  234): START {act=android.intent.action.MAIN cmp=xxxx (has extras)} from pid 1124
D/ActivityManager(  234): Trying to launch applicationName
E/AndroidRuntime( 1288): FATAL EXCEPTION: main
E/AndroidRuntime( 1288): java.lang.ExceptionInInitializerError
E/AndroidRuntime( 1288): 	at java.lang.Class.newInstanceImpl(Native Method)
E/AndroidRuntime( 1288): 	at java.lang.Class.newInstance(Class.java:1319)
E/AndroidRuntime( 1288): 	at android.app.ActivityThread.handleCreateService(ActivityThread.java:2248)
E/AndroidRuntime( 1288): 	at android.app.ActivityThread.access$1600(ActivityThread.java:128)
E/AndroidRuntime( 1288): 	at android.app.ActivityThread$H.handleMessage(ActivityThread.java:1215)
E/AndroidRuntime( 1288): 	at android.os.Handler.dispatchMessage(Handler.java:99)
E/AndroidRuntime( 1288): 	at android.os.Looper.loop(Looper.java:137)
E/AndroidRuntime( 1288): 	at android.app.ActivityThread.main(ActivityThread.java)
E/AndroidRuntime( 1288): 	at java.lang.reflect.Method.invokeNative(Native Method)
E/AndroidRuntime( 1288): 	at java.lang.reflect.Method.invoke(Method.java:511)
E/AndroidRuntime( 1288): 	at com.android.internal.os.ZygoteInit$MethodAndArgsCaller.run(ZygoteInit.java:994)
E/AndroidRuntime( 1288): 	at com.android.internal.os.ZygoteInit.main(ZygoteInit.java:761)
E/AndroidRuntime( 1288): 	at dalvik.system.NativeStart.main(Native Method)
E/AndroidRuntime( 1288): Caused by: java.lang.UnsatisfiedLinkError: Couldn't load networklocation: findLibrary returned null
E/AndroidRuntime( 1288): 	at java.lang.Runtime.loadLibrary(Runtime.java:365)
E/AndroidRuntime( 1288): 	at java.lang.System.loadLibrary(System.java:535)
E/AndroidRuntime( 1288): 	at com.baidu.map.location.BaiduNetworkLocationService.<clinit>(Unknown Source)
E/AndroidRuntime( 1288): 	... 13 more
W/PowerManagerService(  234): Timer 0x7->0x3|0x0
I/PowerManagerService(  234): Ulight 0x7->0x3|0x0
D/PowerManagerService(  234): setLightBrightness : mButtonLight : 0
D/BatteryService(  234): update start
D/BatteryService(  234): level:100 scale:100 status:5 health:2 present:true voltage: 4275 temperature: 376 technology: Li-ion AC powered:false USB powered:true icon:17303188 invalid charger:0
D/DEFERED_APP_VISIBILITY(  234): tweaking closing app
D/WindowManager(  234): finally selected target=Window{416b7ce8  ***  paused=false}
D/WindowManager(  234): finally selected target=Window{416b7ce8  ***  paused=false}
D/WindowManager(  234): finally selected target=Window{416b7ce8  ***  paused=false}
D/WindowManager(  234): finally selected target=Window{416b7ce8  ***  paused=false}
D/WindowManager(  234): finally selected target=Window{416b7ce8  ***  paused=false}
D/WindowManager(  234): finally selected target=Window{416b7ce8  ***  paused=false}
D/WindowManager(  234): finally selected target=Window{416b7ce8  ***  paused=false}
D/WindowManager(  234): finally selected target=Window{416b7ce8  ***  paused=false}
D/WindowManager(  234): finally selected target=Window{416b7ce8  ***  paused=false}
D/WindowManager(  234): finally selected target=Window{416b7ce8  ***  paused=false}
D/WindowManager(  234): finally selected target=Window{416b7ce8  ***  paused=false}
D/WindowManager(  234): finally selected target=Window{416b7ce8  ***  paused=false}
D/WindowManager(  234): finally selected target=Window{416b7ce8  ***  paused=false}
D/WindowManager(  234): finally selected target=Window{416b7ce8  ***  paused=false}
D/WindowManager(  234): finally selected target=Window{416b7ce8  ***  paused=false}
D/WindowManager(  234): finally selected target=Window{416b7ce8  ***  paused=false}
D/WindowManager(  234): finally selected target=Window{416b7ce8  ***  paused=false}
D/WindowManager(  234): finally selected target=Window{416b7ce8  ***  paused=false}
D/WindowManager(  234): finally selected target=Window{416b7ce8  ***  paused=false}
D/VoldCmdListener(   79): asec list
D/VoldCmdListener(   79): CommandListener::AsecCmd::runCommand -> -- 
D/WindowManager(  234): finally selected target=Window{416b7ce8  ***  paused=false}
D/STATUSBAR-StatusBarManagerService(  234): setSystemUiVisibility(0x0)
D/STATUSBAR-StatusBarManagerService(  234): manageDisableList what=0x0 pkg=WindowManager.LayoutParams
V/UiModeManager(  234): updateLocked, mLastBroadcastState =0 , oldAction = null
I/PowerManagerService(  234): Ulight 0x3->0x7|0x0
D/PowerManagerService(  234): setLightBrightness : mButtonLight : 102
I/ActivityManager(  234): Process com.baidu.map.location (pid 1288) has died.
W/ActivityManager(  234): Service crashed 2 times, stopping: ServiceRecord{4149b448 com.baidu.map.location/.BaiduNetworkLocationService}
D/STATUSBAR-StatusBarManagerService(  234): setSystemUiVisibility(0x0)
D/STATUSBAR-StatusBarManagerService(  234): manageDisableList what=0x0 pkg=WindowManager.LayoutParams
I/ActivityManager(  234): START {act=android.intent.action.MAIN cmp=xxxx (has extras)} from pid 1124
D/ActivityManager(  234): Trying to launch applicationName
D/STATUSBAR-StatusBarManagerService(  234): setSystemUiVisibility(0x0)
D/STATUSBAR-StatusBarManagerService(  234): manageDisableList what=0x0 pkg=WindowManager.LayoutParams
D/DEFERED_APP_VISIBILITY(  234): tweaking closing app
D/WindowManager(  234): finally selected target=Window{416bafa0  ***  paused=false}
D/WindowManager(  234): finally selected target=Window{416bafa0  ***  paused=false}
D/WindowManager(  234): finally selected target=Window{416bafa0  ***  paused=false}
D/WindowManager(  234): finally selected target=Window{416bafa0  ***  paused=false}
D/WindowManager(  234): finally selected target=Window{416bafa0  ***  paused=false}
D/WindowManager(  234): finally selected target=Window{416bafa0  ***  paused=false}
D/WindowManager(  234): finally selected target=Window{416bafa0  ***  paused=false}
D/WindowManager(  234): finally selected target=Window{416bafa0  ***  paused=false}
D/WindowManager(  234): finally selected target=Window{416bafa0  ***  paused=false}
D/WindowManager(  234): finally selected target=Window{416bafa0  ***  paused=false}
D/WindowManager(  234): finally selected target=Window{416bafa0  ***  paused=false}
D/WindowManager(  234): finally selected target=Window{416bafa0  ***  paused=false}
D/WindowManager(  234): finally selected target=Window{416bafa0  ***  paused=false}
D/WindowManager(  234): finally selected target=Window{416bafa0  ***  paused=false}
D/WindowManager(  234): finally selected target=Window{416bafa0  ***  paused=false}
D/WindowManager(  234): finally selected target=Window{416bafa0  ***  paused=false}
D/WindowManager(  234): finally selected target=Window{416bafa0  ***  paused=false}
D/WindowManager(  234): finally selected target=Window{416bafa0  ***  paused=false}
D/WindowManager(  234): finally selected target=Window{416bafa0  ***  paused=false}
D/WindowManager(  234): finally selected target=Window{416bafa0  ***  paused=false}
D/WindowManager(  234): finally selected target=Window{416bafa0  ***  paused=false}
W/PowerManagerService(  234): Timer 0x7->0x3|0x0
I/PowerManagerService(  234): Ulight 0x7->0x3|0x0
D/PowerManagerService(  234): setLightBrightness : mButtonLight : 0
I/ActivityManager(  234): Start proc app.processName for service hostingNameStr: pid=1349 uid=10035 gids={1015, 1023, 2001}
I/PowerManagerService(  234): Ulight 0x3->0x7|0x0
D/PowerManagerService(  234): setLightBrightness : mButtonLight : 102
I/ActivityManager(  234): START {act=android.intent.action.MAIN cat=[ xxx ] flg=0x10200000 cmp=xxxx} from pid 234
D/DEFERED_APP_VISIBILITY(  234): tweaking closing app
D/STATUSBAR-StatusBarManagerService(  234): setSystemUiVisibility(0x0)
D/STATUSBAR-StatusBarManagerService(  234): manageDisableList what=0x0 pkg=WindowManager.LayoutParams
W/InputManagerService(  234): Starting input on non-focused client com.android.internal.view.IInputMethodClient$Stub$Proxy@411c83d0 (uid=1000 pid=1124)
V/InputManagerService(  234): Starting input on non-focused client mCurClient info is ClientState{41535700 uid 10040 pid 427}
D/PowerManagerService(  234): mIsSipVisible : false
W/PowerManagerService(  234): Timer 0x7->0x3|0x0
I/PowerManagerService(  234): Ulight 0x7->0x3|0x0
D/PowerManagerService(  234): setLightBrightness : mButtonLight : 0
I/PowerManagerService(  234): Ulight 0x3->0x7|0x0
D/PowerManagerService(  234): setLightBrightness : mButtonLight : 102
I/ActivityManager(  234): START {act=android.intent.action.MAIN cat=[ xxx ] flg=0x10200000 cmp=xxxx bnds=[360,366][480,500]} from pid 427
I/ActivityManager(  234): Start proc app.processName for activity hostingNameStr: pid=1381 uid=10003 gids={3003, 1015, 1023, 1007, 1006, 3002, 3001}
D/DEFERED_APP_VISIBILITY(  234): tweaking closing app
D/STATUSBAR-StatusBarManagerService(  234): setSystemUiVisibility(0x0)
D/STATUSBAR-StatusBarManagerService(  234): manageDisableList what=0x0 pkg=WindowManager.LayoutParams
W/PowerManagerService(  234): Timer 0x7->0x3|0x0
I/PowerManagerService(  234): Ulight 0x7->0x3|0x0
D/PowerManagerService(  234): setLightBrightness : mButtonLight : 0
D/PowerManagerService(  234): mIsSipVisible : false
I/PowerManagerService(  234): Ulight 0x3->0x7|0x0
D/PowerManagerService(  234): setLightBrightness : mButtonLight : 102
I/ActivityManager(  234): START {act=android.intent.action.MAIN cat=[ xxx ] flg=0x10200000 pkg=com.baidu.appsearch cmp=xxxx bnds=[360,366][480,500]} from pid 1381
D/ActivityManager(  234): Trying to launch applicationName
D/DEFERED_APP_VISIBILITY(  234): tweaking closing app
D/STATUSBAR-NotificationService(  234): cancelNotification - pkg:XXX.XXXXX.XXXXXXXXX, id:2131230789
D/STATUSBAR-NotificationService(  234): cancelNotification - pkg:XXX.XXXXX.XXXXXXXXX, id:2131230792
D/STATUSBAR-NotificationService(  234): cancelNotification - pkg:XXX.XXXXX.XXXXXXXXX, id:2131230792
D/STATUSBAR-NotificationService(  234): cancelNotification - pkg:XXX.XXXXX.XXXXXXXXX, id:2131230794
D/STATUSBAR-NotificationService(  234): cancelNotification - pkg:XXX.XXXXX.XXXXXXXXX, id:2131230795
D/STATUSBAR-NotificationService(  234): cancelNotification - pkg:XXX.XXXXX.XXXXXXXXX, id:2131493634
D/STATUSBAR-NotificationService(  234): cancelNotification - pkg:XXX.XXXXX.XXXXXXXXX, id:2131493635
D/STATUSBAR-StatusBarManagerService(  234): setSystemUiVisibility(0x0)
D/STATUSBAR-StatusBarManagerService(  234): manageDisableList what=0x0 pkg=WindowManager.LayoutParams
W/BackupManagerService(  234): dataChanged but no participant pkg='com.android.providers.settings' uid=10003
D/PowerManagerService(  234): setScreenOffTimeouts mKeylightDelay=1500 mDimDelay=51500 mScreenOffDelay=7000 mDimScreen=true
W/PowerManagerService(  234): Timer 0x7->0x3|0x0
I/PowerManagerService(  234): Ulight 0x7->0x3|0x0
D/PowerManagerService(  234): setLightBrightness : mButtonLight : 0
V/AlarmManager(  234): waitForAlarm result :8
W/AlarmManager(  234): FACTORY_ON= 0
I/PowerManagerService(  234): Ulight 0x3->0x7|0x0
D/PowerManagerService(  234): setLightBrightness : mButtonLight : 102
I/ActivityManager(  234): START {pkg=com.baidu.appsearch cmp=xxxx} from pid 1381
D/ActivityManager(  234): Trying to launch applicationName
I/WindowManager(  234): WIN DEATH: Window{4143f010  ***  paused=false}
I/ActivityManager(  234): Process com.baidu.appsearch (pid 1381) has died.
D/DEFERED_APP_VISIBILITY(  234): tweaking closing app
D/DEFERED_APP_VISIBILITY(  234): tweaking closing app
I/WindowManager(  234): WIN DEATH: Window{417cc298  ***  paused=false}
D/STATUSBAR-StatusBarManagerService(  234): setSystemUiVisibility(0x0)
D/STATUSBAR-StatusBarManagerService(  234): manageDisableList what=0x0 pkg=WindowManager.LayoutParams
W/InputManagerService(  234): Got RemoteException sending setActive(false) notification to pid 1381 uid 10003
D/PowerManagerService(  234): mIsSipVisible : false
W/PowerManagerService(  234): Timer 0x7->0x3|0x0
I/PowerManagerService(  234): Ulight 0x7->0x3|0x0
D/PowerManagerService(  234): setLightBrightness : mButtonLight : 0
I/PowerManagerService(  234): Ulight 0x3->0x7|0x0
D/PowerManagerService(  234): setLightBrightness : mButtonLight : 102
I/ActivityManager(  234): START {act=android.intent.action.MAIN cat=[ xxx ] flg=0x10200000 cmp=xxxx bnds=[360,366][480,500]} from pid 427
I/ActivityManager(  234): Start proc app.processName for activity hostingNameStr: pid=1452 uid=10003 gids={3003, 1015, 1023, 1007, 1006, 3002, 3001}
D/DEFERED_APP_VISIBILITY(  234): tweaking closing app
I/ActivityManager(  234): START {act=android.intent.action.MAIN cat=[ xxx ] flg=0x10200000 pkg=com.baidu.appsearch cmp=xxxx bnds=[360,366][480,500]} from pid 1452
D/ActivityManager(  234): Trying to launch applicationName
D/DEFERED_APP_VISIBILITY(  234): tweaking closing app
D/STATUSBAR-NotificationService(  234): cancelNotification - pkg:XXX.XXXXX.XXXXXXXXX, id:2131230789
D/STATUSBAR-NotificationService(  234): cancelNotification - pkg:XXX.XXXXX.XXXXXXXXX, id:2131230792
D/STATUSBAR-NotificationService(  234): cancelNotification - pkg:XXX.XXXXX.XXXXXXXXX, id:2131230792
D/STATUSBAR-NotificationService(  234): cancelNotification - pkg:XXX.XXXXX.XXXXXXXXX, id:2131230794
D/STATUSBAR-NotificationService(  234): cancelNotification - pkg:XXX.XXXXX.XXXXXXXXX, id:2131230795
D/STATUSBAR-NotificationService(  234): cancelNotification - pkg:XXX.XXXXX.XXXXXXXXX, id:2131493634
D/STATUSBAR-NotificationService(  234): cancelNotification - pkg:XXX.XXXXX.XXXXXXXXX, id:2131493635
D/STATUSBAR-StatusBarManagerService(  234): setSystemUiVisibility(0x0)
D/STATUSBAR-StatusBarManagerService(  234): manageDisableList what=0x0 pkg=WindowManager.LayoutParams
V/AlarmManager(  234): waitForAlarm result :2
V/AlarmManager(  234): waitForAlarm result :8
V/AlarmManager(  234): ClockReceiver onReceive() ACTION_TIME_TICK
W/AlarmManager(  234): FACTORY_ON= 0
W/PowerManagerService(  234): Timer 0x7->0x3|0x0
I/PowerManagerService(  234): Ulight 0x7->0x3|0x0
D/PowerManagerService(  234): setLightBrightness : mButtonLight : 0
D/PowerManagerService(  234): mIsSipVisible : false
W/AlarmManager(  234): FACTORY_ON= 0
D/WifiService(  234): onDataConnectionStateChanged: state --1, networkType - GPRS
D/STATUSBAR-NotificationService(  234): cancelNotification - pkg:XXX.XXXXXXX.XXXXX, id:7
E/WifiP2pStateTracker(  234): getNetworkInfo : NetworkInfo: type: wifi_p2p[], state: UNKNOWN/IDLE, reason: (unspecified), extra: (none), roaming: false, failover: false, isAvailable: false
W/PackageManager(  234): This app can not be enabled due to EDM policy. packageName = com.baidu.appsearch
W/PackageManager(  234): This app can not be enabled due to EDM policy. packageName = com.baidu.appsearch
W/PackageManager(  234): This app can not be enabled due to EDM policy. packageName = com.baidu.appsearch
W/PackageManager(  234): This app can not be enabled due to EDM policy. packageName = com.baidu.appsearch
W/PackageManager(  234): This app can not be enabled due to EDM policy. packageName = com.baidu.appsearch
W/PackageManager(  234): This app can not be enabled due to EDM policy. packageName = com.baidu.appsearch
W/PackageManager(  234): This app can not be enabled due to EDM policy. packageName = com.baidu.appsearch
W/PackageManager(  234): This app can not be enabled due to EDM policy. packageName = com.baidu.appsearch
W/PackageManager(  234): This app can not be enabled due to EDM policy. packageName = com.baidu.appsearch
W/PackageManager(  234): This app can not be enabled due to EDM policy. packageName = com.baidu.appsearch
W/PackageManager(  234): This app can not be enabled due to EDM policy. packageName = com.baidu.appsearch
W/PackageManager(  234): This app can not be enabled due to EDM policy. packageName = com.baidu.appsearch
W/PackageManager(  234): This app can not be enabled due to EDM policy. packageName = com.baidu.appsearch
W/PackageManager(  234): This app can not be enabled due to EDM policy. packageName = com.baidu.appsearch
E/WifiP2pStateTracker(  234): getNetworkInfo : NetworkInfo: type: wifi_p2p[], state: UNKNOWN/IDLE, reason: (unspecified), extra: (none), roaming: false, failover: false, isAvailable: false
I/ActivityManager(  234): Start proc app.processName for broadcast hostingNameStr: pid=1512 uid=10003 gids={3003, 1015, 1023, 1007, 1006, 3002, 3001}
W/BackupManagerService(  234): dataChanged but no participant pkg='com.android.providers.settings' uid=10003
D/PowerManagerService(  234): setScreenOffTimeouts mKeylightDelay=1500 mDimDelay=51500 mScreenOffDelay=7000 mDimScreen=true
I/PowerManagerService(  234): Ulight 0x3->0x7|0x0
D/PowerManagerService(  234): setLightBrightness : mButtonLight : 102
W/BackupManagerService(  234): dataChanged but no participant pkg='com.android.providers.settings' uid=10003
D/PowerManagerService(  234): setScreenOffTimeouts mKeylightDelay=1500 mDimDelay=51500 mScreenOffDelay=7000 mDimScreen=true
E/ActivityThread( 1452): Failed to find provider info for com.baidu.launcher2.settings
I/ActivityManager(  234): Start proc app.processName for broadcast hostingNameStr: pid=1533 uid=10005 gids={3003, 1015, 1023, 1006, 1007}
I/ActivityManager(  234): START {pkg=com.baidu.appsearch cmp=xxxx (has extras)} from pid 1452
D/STATUSBAR-NotificationService(  234): cancelNotification - pkg:XXX.XXXXX.XXXXXXXXX, id:2131493635
D/ActivityManager(  234): Trying to launch applicationName
W/PowerManagerService(  234): Timer 0x7->0x3|0x0
I/PowerManagerService(  234): Ulight 0x7->0x3|0x0
D/PowerManagerService(  234): setLightBrightness : mButtonLight : 0
W/AlarmManager(  234): FACTORY_ON= 0
I/ActivityManager(  234): Start proc app.processName for broadcast hostingNameStr: pid=1565 uid=10011 gids={1015, 1023, 1006, 3003, 3002, 3001}
I/ActivityManager(  234): Process com.baidu.browser.apps:bdservice_v1 (pid 1533) has died.
I/WindowManager(  234): WIN DEATH: Window{41799a38  ***  paused=false}
I/ActivityManager(  234): Process com.baidu.appsearch (pid 1452) has died.
D/STATUSBAR-StatusBarManagerService(  234): setSystemUiVisibility(0x0)
D/STATUSBAR-StatusBarManagerService(  234): manageDisableList what=0x0 pkg=WindowManager.LayoutParams
W/InputManagerService(  234): Got RemoteException sending setActive(false) notification to pid 1452 uid 10003
D/PowerManagerService(  234): mIsSipVisible : false
I/ActivityManager(  234): Start proc app.processName for broadcast hostingNameStr: pid=1584 uid=10023 gids={2001, 3003, 1015, 1023}
I/ActivityManager(  234): Process com.baidu.BaiduMap:bdservice_v1 (pid 1565) has died.
D/DEFERED_APP_VISIBILITY(  234): tweaking closing app
D/DEFERED_APP_VISIBILITY(  234): tweaking closing app
I/ActivityManager(  234): Start proc app.processName for broadcast hostingNameStr: pid=1603 uid=10024 gids={3003, 1015, 1023, 1007, 1004, 2002}
I/ActivityManager(  234): Process com.baidu.android.ota:bdservice_v1 (pid 1584) has died.
I/ActivityManager(  234): Start proc app.processName for broadcast hostingNameStr: pid=1623 uid=10046 gids={1006, 3003, 1015, 1023, 1007}
I/ActivityManager(  234): Process com.baidu.yi.userfeedback:bdservice_v1 (pid 1603) has died.
I/PowerManagerService(  234): Ulight 0x3->0x7|0x0
D/PowerManagerService(  234): setLightBrightness : mButtonLight : 102
D/VibratorService(  234): JNI vibratorOff()
D/STATUSBAR-NotificationService(  234): updateLightsLocked() : Turn off notification light
D/STATUSBAR-StatusBarManagerService(  234): setSystemUiVisibility(0x0)
D/STATUSBAR-StatusBarManagerService(  234): manageDisableList what=0x0 pkg=WindowManager.LayoutParams
D/WifiService(  234): onDataConnectionStateChanged: state --1, networkType - EDGE
I/ActivityManager(  234): Process com.baidu.searchbox:bdservice_v1 (pid 1623) has died.
D/STATUSBAR-NotificationService(  234): cancelNotification - pkg:XXX.XXXXXXX.XXXXX, id:7
D/STATUSBAR-NotificationService(  234): cancelNotification - pkg:XXX.XXXXXXX.XXXXX, id:7
D/STATUSBAR-NotificationService(  234): cancelNotification - pkg:XXX.XXXXXXX.XXXXX, id:7
D/STATUSBAR-NotificationService(  234): cancelNotification - pkg:XXX.XXXXXXX.XXXXX, id:7
D/STATUSBAR-NotificationService(  234): cancelNotification - pkg:XXX.XXXXXXX.XXXXX, id:7
D/STATUSBAR-NotificationService(  234): cancelNotification - pkg:XXX.XXXXXXX.XXXXX, id:7
D/STATUSBAR-NotificationService(  234): cancelNotification - pkg:XXX.XXXXXXX.XXXXX, id:7
D/STATUSBAR-NotificationService(  234): cancelNotification - pkg:XXX.XXXXXXX.XXXXX, id:7
D/STATUSBAR-NotificationService(  234): cancelNotification - pkg:XXX.XXXXXXX.XXXXX, id:7
D/STATUSBAR-NotificationService(  234): cancelNotification - pkg:XXX.XXXXXXX.XXXXX, id:7
I/ActivityManager(  234): Start proc app.processName for broadcast hostingNameStr: pid=1643 uid=10005 gids={3003, 1015, 1023, 1006, 1007}
D/STATUSBAR-NotificationService(  234): cancelNotification - pkg:XXX.XXXXXXX.XXXXX, id:7
D/STATUSBAR-NotificationService(  234): cancelNotification - pkg:XXX.XXXXXXX.XXXXX, id:7
D/STATUSBAR-NotificationService(  234): cancelNotification - pkg:XXX.XXXXXXX.XXXXX, id:7
D/STATUSBAR-NotificationService(  234): cancelNotification - pkg:XXX.XXXXXXX.XXXXX, id:7
D/STATUSBAR-NotificationService(  234): cancelNotification - pkg:XXX.XXXXXXX.XXXXX, id:7
D/STATUSBAR-NotificationService(  234): cancelNotification - pkg:XXX.XXXXXXX.XXXXX, id:7
D/STATUSBAR-NotificationService(  234): cancelNotification - pkg:XXX.XXXXXXX.XXXXX, id:7
D/STATUSBAR-NotificationService(  234): cancelNotification - pkg:XXX.XXXXXXX.XXXXX, id:7
D/STATUSBAR-NotificationService(  234): cancelNotification - pkg:XXX.XXXXXXX.XXXXX, id:7
D/STATUSBAR-NotificationService(  234): cancelNotification - pkg:XXX.XXXXXXX.XXXXX, id:7
D/STATUSBAR-NotificationService(  234): cancelNotification - pkg:XXX.XXXXXXX.XXXXX, id:7
I/ActivityManager(  234): Start proc app.processName for broadcast hostingNameStr: pid=1657 uid=10011 gids={1015, 1023, 1006, 3003, 3002, 3001}
E/WifiP2pStateTracker(  234): getNetworkInfo : NetworkInfo: type: wifi_p2p[], state: UNKNOWN/IDLE, reason: (unspecified), extra: (none), roaming: false, failover: false, isAvailable: false
I/ActivityManager(  234): Process com.baidu.browser.apps:bdservice_v1 (pid 1643) has died.
I/ActivityManager(  234): Start proc app.processName for broadcast hostingNameStr: pid=1675 uid=10023 gids={2001, 3003, 1015, 1023}
I/ActivityManager(  234): Process com.baidu.BaiduMap:bdservice_v1 (pid 1657) has died.
I/ActivityManager(  234): Start proc app.processName for broadcast hostingNameStr: pid=1692 uid=10024 gids={3003, 1015, 1023, 1007, 1004, 2002}
I/ActivityManager(  234): Process com.baidu.android.ota:bdservice_v1 (pid 1675) has died.
I/ActivityManager(  234): Start proc app.processName for broadcast hostingNameStr: pid=1709 uid=10046 gids={1006, 3003, 1015, 1023, 1007}
I/ActivityManager(  234): Process com.baidu.yi.userfeedback:bdservice_v1 (pid 1692) has died.
I/ActivityManager(  234): Start proc app.processName for broadcast hostingNameStr: pid=1727 uid=10005 gids={3003, 1015, 1023, 1006, 1007}
I/ActivityManager(  234): Process com.baidu.searchbox:bdservice_v1 (pid 1709) has died.
I/ActivityManager(  234): START {act=android.settings.WIFI_SETTINGS flg=0x10000000 cmp=xxxx} from pid 339
D/VibratorService(  234): JNI vibratorOff()
D/ActivityManager(  234): Trying to launch applicationName
D/VibratorService(  234): JNI vibratorOn() : 1
D/VibratorService(  234): JNI vibratorOn() : 21
D/VibratorService(  234): JNI vibratorOff()
D/STATUSBAR-NotificationService(  234): updateLightsLocked() : Turn off notification light
D/DEFERED_APP_VISIBILITY(  234): tweaking closing app
I/ActivityManager(  234): Start proc app.processName for broadcast hostingNameStr: pid=1744 uid=10011 gids={1015, 1023, 1006, 3003, 3002, 3001}
I/ActivityManager(  234): Process com.baidu.browser.apps:bdservice_v1 (pid 1727) has died.
D/STATUSBAR-StatusBarManagerService(  234): setSystemUiVisibility(0x0)
D/STATUSBAR-StatusBarManagerService(  234): manageDisableList what=0x0 pkg=WindowManager.LayoutParams
I/ActivityManager(  234): Start proc app.processName for service hostingNameStr: pid=1760 uid=10003 gids={3003, 1015, 1023, 1007, 1006, 3002, 3001}
I/ActivityManager(  234): Start proc app.processName for broadcast hostingNameStr: pid=1775 uid=10023 gids={2001, 3003, 1015, 1023}
D/PowerManagerService(  234): mIsSipVisible : false
I/ActivityManager(  234): Process com.baidu.BaiduMap:bdservice_v1 (pid 1744) has died.
W/PowerManagerService(  234): Timer 0x7->0x3|0x0
I/PowerManagerService(  234): Ulight 0x7->0x3|0x0
D/PowerManagerService(  234): setLightBrightness : mButtonLight : 0
I/ActivityManager(  234): Start proc app.processName for broadcast hostingNameStr: pid=1792 uid=10024 gids={3003, 1015, 1023, 1007, 1004, 2002}
I/ActivityManager(  234): Process com.baidu.android.ota:bdservice_v1 (pid 1775) has died.
I/ActivityManager(  234): Start proc app.processName for broadcast hostingNameStr: pid=1814 uid=10046 gids={1006, 3003, 1015, 1023, 1007}
I/ActivityManager(  234): Process com.baidu.yi.userfeedback:bdservice_v1 (pid 1792) has died.
I/PowerManagerService(  234): Ulight 0x3->0x7|0x0
D/PowerManagerService(  234): setLightBrightness : mButtonLight : 102
E/ActivityThread( 1760): Failed to find provider info for com.baidu.launcher2.settings
D/STATUSBAR-NotificationService(  234): cancelNotification - pkg:XXX.XXXXX.XXXXXXXXX, id:2131493635
I/ActivityManager(  234): START {act=android.intent.action.MAIN cmp=xxxx (has extras)} from pid 1124
D/ActivityManager(  234): Trying to launch applicationName
I/ActivityManager(  234): Start proc app.processName for broadcast hostingNameStr: pid=1849 uid=10005 gids={3003, 1015, 1023, 1006, 1007}
I/ActivityManager(  234): Process com.baidu.searchbox:bdservice_v1 (pid 1814) has died.
I/ActivityManager(  234): Start proc app.processName for broadcast hostingNameStr: pid=1865 uid=10011 gids={1015, 1023, 1006, 3003, 3002, 3001}
W/PowerManagerService(  234): Timer 0x7->0x3|0x0
I/PowerManagerService(  234): Ulight 0x7->0x3|0x0
D/PowerManagerService(  234): setLightBrightness : mButtonLight : 0
I/ActivityManager(  234): Process com.baidu.browser.apps:bdservice_v1 (pid 1849) has died.
I/ActivityManager(  234): Start proc app.processName for broadcast hostingNameStr: pid=1882 uid=10023 gids={2001, 3003, 1015, 1023}
D/STATUSBAR-StatusBarManagerService(  234): setSystemUiVisibility(0x0)
D/STATUSBAR-StatusBarManagerService(  234): manageDisableList what=0x0 pkg=WindowManager.LayoutParams
I/ActivityManager(  234): Process com.baidu.BaiduMap:bdservice_v1 (pid 1865) has died.
E/AndroidRuntime( 1124): FATAL EXCEPTION: main
E/AndroidRuntime( 1124): java.lang.NoSuchFieldError: android.widget.EditText.mPasteEvent
E/AndroidRuntime( 1124): 	at android.widget.EditText.onFocusChanged(EditText.java:147)
E/AndroidRuntime( 1124): 	at android.view.View.handleFocusGainInternal(View.java:3829)
E/AndroidRuntime( 1124): 	at android.view.View.requestFocus(View.java:5541)
E/AndroidRuntime( 1124): 	at android.widget.ScrollView.onRequestFocusInDescendants(ScrollView.java:1772)
E/AndroidRuntime( 1124): 	at android.view.ViewGroup.requestFocus(ViewGroup.java:4253)
E/AndroidRuntime( 1124): 	at android.view.ViewGroup.onRequestFocusInDescendants(ViewGroup.java:4335)
E/AndroidRuntime( 1124): 	at android.view.ViewGroup.requestFocus(ViewGroup.java:4247)
E/AndroidRuntime( 1124): 	at android.view.ViewGroup.onRequestFocusInDescendants(ViewGroup.java:4335)
E/AndroidRuntime( 1124): 	at android.view.ViewGroup.requestFocus(ViewGroup.java:4247)
E/AndroidRuntime( 1124): 	at android.view.ViewGroup.onRequestFocusInDescendants(ViewGroup.java:4335)
E/AndroidRuntime( 1124): 	at android.view.ViewGroup.requestFocus(ViewGroup.java:4247)
E/AndroidRuntime( 1124): 	at android.view.ViewGroup.onRequestFocusInDescendants(ViewGroup.java:4335)
E/AndroidRuntime( 1124): 	at android.view.ViewGroup.requestFocus(ViewGroup.java:4247)
E/AndroidRuntime( 1124): 	at android.view.ViewGroup.onRequestFocusInDescendants(ViewGroup.java:4335)
E/AndroidRuntime( 1124): 	at android.view.ViewGroup.requestFocus(ViewGroup.java:4247)
E/AndroidRuntime( 1124): 	at android.view.ViewGroup.onRequestFocusInDescendants(ViewGroup.java:4335)
E/AndroidRuntime( 1124): 	at android.view.ViewGroup.requestFocus(ViewGroup.java:4247)
E/AndroidRuntime( 1124): 	at android.view.ViewGroup.onRequestFocusInDescendants(ViewGroup.java:4335)
E/AndroidRuntime( 1124): 	at android.view.ViewGroup.requestFocus(ViewGroup.java:4247)
E/AndroidRuntime( 1124): 	at android.view.ViewGroup.onRequestFocusInDescendants(ViewGroup.java:4335)
E/AndroidRuntime( 1124): 	at android.view.ViewGroup.requestFocus(ViewGroup.java:4253)
E/AndroidRuntime( 1124): 	at android.view.View.requestFocus(View.java:5491)
E/AndroidRuntime( 1124): 	at android.view.ViewRootImpl.performTraversals(ViewRootImpl.java:1809)
E/AndroidRuntime( 1124): 	at android.view.ViewRootImpl.handleMessage(ViewRootImpl.java:2670)
E/AndroidRuntime( 1124): 	at android.os.Handler.dispatchMessage(Handler.java:99)
E/AndroidRuntime( 1124): 	at android.os.Looper.loop(Looper.java:137)
E/AndroidRuntime( 1124): 	at android.app.ActivityThread.main(ActivityThread.java)
E/AndroidRuntime( 1124): 	at java.lang.reflect.Method.invokeNative(Native Method)
E/AndroidRuntime( 1124): 	at java.lang.reflect.Method.invoke(Method.java:511)
E/AndroidRuntime( 1124): 	at com.android.internal.os.ZygoteInit$MethodAndArgsCaller.run(ZygoteInit.java:994)
E/AndroidRuntime( 1124): 	at com.android.internal.os.ZygoteInit.main(ZygoteInit.java:761)
E/AndroidRuntime( 1124): 	at dalvik.system.NativeStart.main(Native Method)
W/ActivityManager(  234):   Force finishing activity com.android.settings/.SubSettings
W/ActivityManager(  234):   Force finishing activity com.android.settings/.Settings$WifiSettingsActivity
V/AlarmManager(  234): waitForAlarm result :8
D/DEFERED_APP_VISIBILITY(  234): tweaking closing app
D/DEFERED_APP_VISIBILITY(  234): tweaking closing app
D/WindowManager(  234): finally selected target=Window{417bfda8  ***  paused=true}
D/WindowManager(  234): finally selected target=Window{417bfda8  ***  paused=true}
D/WindowManager(  234): finally selected target=Window{417bfda8  ***  paused=true}
D/WindowManager(  234): finally selected target=Window{417bfda8  ***  paused=true}
D/WindowManager(  234): finally selected target=Window{417bfda8  ***  paused=true}
D/WindowManager(  234): finally selected target=Window{417bfda8  ***  paused=true}
D/WindowManager(  234): finally selected target=Window{417bfda8  ***  paused=true}
D/WindowManager(  234): finally selected target=Window{417bfda8  ***  paused=true}
D/WindowManager(  234): finally selected target=Window{417bfda8  ***  paused=true}
D/WindowManager(  234): finally selected target=Window{417bfda8  ***  paused=true}
D/WindowManager(  234): finally selected target=Window{417bfda8  ***  paused=true}
D/WindowManager(  234): finally selected target=Window{417bfda8  ***  paused=true}
D/WindowManager(  234): finally selected target=Window{417bfda8  ***  paused=true}
D/WindowManager(  234): finally selected target=Window{417bfda8  ***  paused=true}
D/WindowManager(  234): finally selected target=Window{417bfda8  ***  paused=true}
D/WindowManager(  234): finally selected target=Window{417bfda8  ***  paused=true}
D/WindowManager(  234): finally selected target=Window{417bfda8  ***  paused=true}
D/WindowManager(  234): finally selected target=Window{417bfda8  ***  paused=true}
D/WindowManager(  234): finally selected target=Window{417bfda8  ***  paused=true}
D/WindowManager(  234): finally selected target=Window{417bfda8  ***  paused=true}
D/VoldCmdListener(   79): asec list
D/VoldCmdListener(   79): CommandListener::AsecCmd::runCommand -> -- 
V/AlarmManager(  234): waitForAlarm result :4
V/AlarmManager(  234): trigger WAKEUP Alarm{417028e8 type 2 XXX.XXXXX.XXXXXXX.XXX}
D/STATUSBAR-StatusBarManagerService(  234): setSystemUiVisibility(0x0)
D/STATUSBAR-StatusBarManagerService(  234): manageDisableList what=0x0 pkg=WindowManager.LayoutParams
D/STATUSBAR-StatusBarManagerService(  234): setSystemUiVisibility(0x0)
D/STATUSBAR-StatusBarManagerService(  234): manageDisableList what=0x0 pkg=WindowManager.LayoutParams
I/ActivityManager(  234): Start proc app.processName for broadcast hostingNameStr: pid=1938 uid=10024 gids={3003, 1015, 1023, 1007, 1004, 2002}
W/ProcessStats(  234): Skipping unknown process pid 1940
I/ActivityManager(  234): Process com.baidu.android.ota:bdservice_v1 (pid 1882) has died.
D/PowerManagerService(  234): mIsSipVisible : false
I/ActivityManager(  234): Start proc app.processName for broadcast hostingNameStr: pid=1957 uid=10046 gids={1006, 3003, 1015, 1023, 1007}
I/ActivityManager(  234): Process com.baidu.yi.userfeedback:bdservice_v1 (pid 1938) has died.
I/ActivityManager(  234): Start proc app.processName for broadcast hostingNameStr: pid=1976 uid=10005 gids={3003, 1015, 1023, 1006, 1007}
I/ActivityManager(  234): Process com.baidu.searchbox:bdservice_v1 (pid 1957) has died.
I/ActivityManager(  234): Start proc app.processName for broadcast hostingNameStr: pid=1994 uid=10011 gids={1015, 1023, 1006, 3003, 3002, 3001}
I/ActivityManager(  234): Process com.baidu.browser.apps:bdservice_v1 (pid 1976) has died.
V/AlarmManager(  234): waitForAlarm result :2
I/ActivityManager(  234): Start proc app.processName for broadcast hostingNameStr: pid=2011 uid=10023 gids={2001, 3003, 1015, 1023}
I/ActivityManager(  234): Process com.baidu.BaiduMap:bdservice_v1 (pid 1994) has died.
I/ActivityManager(  234): Start proc app.processName for broadcast hostingNameStr: pid=2028 uid=10024 gids={3003, 1015, 1023, 1007, 1004, 2002}
I/ActivityManager(  234): Process com.baidu.android.ota:bdservice_v1 (pid 2011) has died.
I/ActivityManager(  234): Start proc app.processName for broadcast hostingNameStr: pid=2045 uid=10046 gids={1006, 3003, 1015, 1023, 1007}
I/ActivityManager(  234): Process com.baidu.yi.userfeedback:bdservice_v1 (pid 2028) has died.
W/AlarmManager(  234): FACTORY_ON= 0
E/WifiP2pStateTracker(  234): getNetworkInfo : NetworkInfo: type: wifi_p2p[], state: UNKNOWN/IDLE, reason: (unspecified), extra: (none), roaming: false, failover: false, isAvailable: false
W/AlarmManager(  234): FACTORY_ON= 0
E/WifiP2pStateTracker(  234): getNetworkInfo : NetworkInfo: type: wifi_p2p[], state: UNKNOWN/IDLE, reason: (unspecified), extra: (none), roaming: false, failover: false, isAvailable: false
W/AlarmManager(  234): FACTORY_ON= 0
E/WifiP2pStateTracker(  234): getNetworkInfo : NetworkInfo: type: wifi_p2p[], state: UNKNOWN/IDLE, reason: (unspecified), extra: (none), roaming: false, failover: false, isAvailable: false
I/ActivityManager(  234): Process com.baidu.searchbox:bdservice_v1 (pid 2045) has died.
W/AlarmManager(  234): FACTORY_ON= 0
W/AlarmManager(  234): FACTORY_ON= 0
D/BatteryService(  234): update start
D/BatteryService(  234): level:100 scale:100 status:5 health:2 present:true voltage: 4356 temperature: 381 technology: Li-ion AC powered:false USB powered:true icon:17303188 invalid charger:0
V/UiModeManager(  234): updateLocked, mLastBroadcastState =0 , oldAction = null
D/STATUSBAR-NotificationService(  234): cancelNotification - pkg:XXX.XXXXX.XXXXXXXXX, id:2131493635
W/AlarmManager(  234): FACTORY_ON= 0
D/UsbDeviceManager(  234): USB UEVENT: {USB_STATE=CONFIGURED, SUBSYSTEM=android_usb, DEVPATH=/devices/virtual/android_usb/android0, SEQNUM=1310, ACTION=change}
D/UsbDeviceManager(  234): handleMessage -> MSG_UPDATE_STATE connected = 1,configured = 1
D/UsbDeviceManager(  234): updateUsbNotification : mConnected = true, mConfigured = true, mCurrentFunctions = mtp,adb
D/UsbDeviceManager(  234): updateAdbNotification : mAdbEnabled = true, mConnected = true, mAdbNotificationShown = false
D/UsbDeviceManager(  234): don't notify adb
D/UsbDeviceManager(  234): sending intent : ACTION_USB_STATE : connected = true, configured = true, functions = mtp,adb
V/AlarmManager(  234): waitForAlarm result :8
W/AlarmManager(  234): FACTORY_ON= 0
V/AlarmManager(  234): waitForAlarm result :8
V/AlarmManager(  234): waitForAlarm result :2
V/AlarmManager(  234): ClockReceiver onReceive() ACTION_TIME_TICK
W/AlarmManager(  234): FACTORY_ON= 0
W/PowerManagerService(  234): Timer 0x3->0x1|0x0
I/PowerManagerService(  234): Ulight 0x3->0x1|0x0
I/PowerManagerService(  234): Light Animator Finished curIntValue=20
W/PowerManagerService(  234): Timer 0x1->0x0|0x0
D/PowerManagerService(  234): Screen__Off : Timeout
I/PowerManagerService(  234): Ulight 0x1->0x0|0x0
I/PowerManagerService(  234): Light Animator Finished curIntValue=0
W/PowerManagerService(  234): CurLockF mPS:0 mUS=0
W/PowerManagerService(  234): type=PARTIAL_WAKE_LOCK              'com.baidu.systemverify.VerificationService' active (mS=0)  activeT=189804
W/PowerManagerService(  234): mPokeLocks.size=0:
D/PowerManagerService(  234): sendNotificationLocked on=false
D/PowerManagerService(  234): mNotificationTask : off
W/AlarmManager(  234): FACTORY_ON= 0
D/BatteryService(  234): turn on LED for fully charged
D/VibratorService(  234): JNI vibratorOff()
D/STATUSBAR-NotificationService(  234): ACTION_SCREEN_OFF
D/STATUSBAR-NotificationService(  234): updateLightsLocked() : Turn off notification light
W/AlarmManager(  234): FACTORY_ON= 0
V/AlarmManager(  234): waitForAlarm result :4
V/AlarmManager(  234): trigger WAKEUP Alarm{416aa228 type 2 android}
W/ActivityManager(  234): Unable to start service service: not found
E/ActivityThread(  234): Failed to find provider info for com.qiyi.video.MyContentProvider
D/PowerManagerService(  234): enableUserActivity false
D/STATUSBAR-StatusBarManagerService(  234): manageDisableList what=0x1000000 pkg=android
D/PhoneStatusBar(  339): disable: < expand icons alerts ticker system_info back home RECENT* clock >
D/STATUSBAR-StatusBarManagerService(  234): setSystemUiVisibility(0xe00000)
D/STATUSBAR-StatusBarManagerService(  234): manageDisableList what=0xe00000 pkg=WindowManager.LayoutParams
D/PhoneStatusBar(  339): disable: < expand icons alerts ticker system_info BACK* HOME* RECENT CLOCK* >
W/WindowManager(  234): Window freeze timeout expired.
V/AlarmManager(  234): waitForAlarm result :8
W/PowerManagerService(  234): Timer 0x0->0x0|0x0
D/BatteryService(  234): update start
D/BatteryService(  234): level:100 scale:100 status:5 health:2 present:true voltage: 4361 temperature: 375 technology: Li-ion AC powered:false USB powered:true icon:17303188 invalid charger:0
V/UiModeManager(  234): updateLocked, mLastBroadcastState =0 , oldAction = null
D/STATUSBAR-NotificationService(  234): cancelNotification - pkg:XXX.XXXXX.XXXXXXXXX, id:2131493635
D/BatteryService(  234): turn on LED for fully charged
V/AlarmManager(  234): waitForAlarm result :2
V/AlarmManager(  234): waitForAlarm result :8
V/AlarmManager(  234): ClockReceiver onReceive() ACTION_TIME_TICK
W/AlarmManager(  234): FACTORY_ON= 0
V/AlarmManager(  234): waitForAlarm result :2
W/AlarmManager(  234): FACTORY_ON= 0
V/AlarmManager(  234): waitForAlarm result :1
V/AlarmManager(  234): trigger WAKEUP Alarm{418ce850 type 0 XXX.XXXXX.XXXXXXXXX}
D/BatteryService(  234): update start
D/BatteryService(  234): level:100 scale:100 status:5 health:2 present:true voltage: 4363 temperature: 380 technology: Li-ion AC powered:false USB powered:true icon:17303188 invalid charger:0
D/STATUSBAR-NotificationService(  234): cancelNotification - pkg:XXX.XXXXX.XXXXXXXXX, id:2131493635
V/UiModeManager(  234): updateLocked, mLastBroadcastState =0 , oldAction = null
D/BatteryService(  234): turn on LED for fully charged
V/AlarmManager(  234): waitForAlarm result :2
V/AlarmManager(  234): waitForAlarm result :8
V/AlarmManager(  234): ClockReceiver onReceive() ACTION_TIME_TICK
W/AlarmManager(  234): FACTORY_ON= 0
D/BatteryService(  234): update start
D/BatteryService(  234): level:100 scale:100 status:5 health:2 present:true voltage: 4363 temperature: 378 technology: Li-ion AC powered:false USB powered:true icon:17303188 invalid charger:0
V/UiModeManager(  234): updateLocked, mLastBroadcastState =0 , oldAction = null
D/STATUSBAR-NotificationService(  234): cancelNotification - pkg:XXX.XXXXX.XXXXXXXXX, id:2131493635
D/BatteryService(  234): turn on LED for fully charged
D/BatteryService(  234): update start
D/BatteryService(  234): update start
V/AlarmManager(  234): waitForAlarm result :8
V/AlarmManager(  234): waitForAlarm result :2
V/AlarmManager(  234): ClockReceiver onReceive() ACTION_TIME_TICK
W/AlarmManager(  234): FACTORY_ON= 0
V/AlarmManager(  234): waitForAlarm result :2
W/AlarmManager(  234): FACTORY_ON= 0
D/BatteryService(  234): update start
D/BatteryService(  234): level:100 scale:100 status:5 health:2 present:true voltage: 4306 temperature: 373 technology: Li-ion AC powered:false USB powered:true icon:17303188 invalid charger:0
V/UiModeManager(  234): updateLocked, mLastBroadcastState =0 , oldAction = null
D/STATUSBAR-NotificationService(  234): cancelNotification - pkg:XXX.XXXXX.XXXXXXXXX, id:2131493635
D/BatteryService(  234): turn on LED for fully charged
V/AlarmManager(  234): waitForAlarm result :8
V/AlarmManager(  234): waitForAlarm result :2
V/AlarmManager(  234): ClockReceiver onReceive() ACTION_TIME_TICK
W/AlarmManager(  234): FACTORY_ON= 0
I/ActivityManager(  234): Process com.android.settings (pid 1124) has died.
I/WindowManager(  234): WIN DEATH: Window{416bafa0  ***  paused=false}
