E/AudioHardwareALSA(   97): organ_volIndex=4
E/AudioHardwareALSA(   97): organ_streamIndex=1
E/AudioHardwareALSA(   97): setOrgan() 1,OnOff[1],volume[4]
W/ALSAModule(   97): audio_tune_hw4app_register tat=[12] volume_type=[0] volume_level=[4]
W/ALSAModule(   97): audio_tune_hw4app_policy bitmap=0x00001000 is 12
W/ALSAModule(   97): audio_tune_hw4app_write2hardware can't locate the right mFactoryRouteRCVMode [0]
W/ALSAModule(   97): audio_tune_hw4app_write2hardware will apply [12,music] vol_type0, vol_level4, eq_type0, device_mode3 to audio hardware
E/AudioHardwareALSA(   97): setOrgan=1
V/AudioFlinger(   97): mWaitWorkCV.broadcast
V/AudioFlinger(   97): MixerThread 0x10cd768 TID 218 waking up
V/AudioFlinger(   97): acquireWakeLock_l() AudioOut_1 status 0
V/AudioFlinger(   97): releasing 36 from 234
V/AudioFlinger(   97):  decremented refcount to 0
V/AudioFlinger(   97): purging stale effects
V/AudioPolicyService(   97): releaseOutput() tid 97
V/AudioPolicyManagerBase(   97): releaseOutput() 1
V/AudioFlinger(   97): remove track (4097) and delete from mixer
V/AudioFlinger(   97): PlaybackThread::Track destructor
W/AudioHardwareALSA(   97): glx [AndroidPlayback_Speaker_normal] gggggggggggggggggggggggggg snd_pcm_writei
W/ALSAModule(   97): s_open not need reentrant protecting, green channel
W/ALSAModule(   97): luther don't need to wait for cp....
W/ALSAModule(   97): oooooooooooooooo s_open Enter incall=0
W/ALSAModule(   97): s_open got lock1
W/ALSAModule(   97): s_open got lock2, yeah
W/ALSAModule(   97): you do not want to mute audio path
W/ALSAModule(   97): close snd_pcm_drain
W/ALSAModule(   97): close snd_pcm_drain done & ret=0
W/ALSAModule(   97): close snd_pcm_close
W/ALSAModule(   97): close OK
V/ALSAModule(   97): initially, setHardwareParams: buffer size: 882, latency: 21768
V/ALSAModule(   97): Set PLAYBACK PCM format to S16_LE (Signed 16 bit Little Endian)
V/ALSAModule(   97): Using 2 channels for PLAYBACK.
V/ALSAModule(   97): Set PLAYBACK sample rate to 44100 HZ
V/ALSAModule(   97): snd_pcm_hw_params_set_buffer_size_near: get buffer size: 960
V/ALSAModule(   97): snd_pcm_hw_params_set_buffer_time_near: get latency: 21768
V/ALSAModule(   97): finally, setHardwareParams: snd_pcm_get_params: buffer time: 21768, buffer size: 960, period time: 3628, period size: 160
I/ALSAModule(   97): Initialized ALSA PLAYBACK device AndroidPlayback_Speaker_normal
W/ALSAModule(   97): [ Open ] s_audio_path_route to mode=0 BeingMode=0 0x00000002
W/ALSAModule(   97): alsa-phone ringtone special process, speaker to 1 later
W/ALSAModule(   97): qqqqqqqqqqqqqqqq s_open Exit
W/AudioHardwareALSA(   97): alsa-phone ringtone special process, speaker to 1 now [data 3840 bytes]
I/SurfaceFlinger(   94): id=69 Removed SubSettingt idx=1 Map Size=5
I/SurfaceFlinger(   94): id=69 Removed SubSettingt idx=-2 Map Size=5
I/WindowManager(  234): WIN DEATH: Window{415fa2a0  ***  paused=false}
I/ActivityManager(  234): Process com.android.settings (pid 2234) has died.
I/SurfaceFlinger(   94): id=68 Removed SubSettingt idx=2 Map Size=4
I/SurfaceFlinger(   94): id=68 Removed SubSettingt idx=-2 Map Size=4
I/WindowManager(  234): WIN DEATH: Window{415da240  ***  paused=true}
I/WindowManager(  234): WIN DEATH: Window{415d1cb8  ***  paused=false}
I/Baidu Home2(  427): EventNumberUtil: onChange call = Thread-94
I/SurfaceFlinger(   94): id=71(9) createSurface 0x158359c (480x800),1 flag=0, Launches
D/STATUSBAR-StatusBarManagerService(  234): setSystemUiVisibility(0x0)
D/STATUSBAR-StatusBarManagerService(  234): manageDisableList what=0x0 pkg=WindowManager.LayoutParams
V/PhoneStatusBar(  339): setLightsOn(true)
D/GlRenderer(  427): initialize
D/GlRenderer(  427): initializeEgl
I/libEGL  (  427): eglCreateWindowSurface
I/Baidu Home2(  427): EventNumberUtil: onChange unreadcall = 0
W/InputManagerService(  234): Got RemoteException sending setActive(false) notification to pid 2234 uid 1000
V/AudioFlinger(   97): getNextBuffer() no more data for track 4098 on thread 0x10cd768
V/AudioFlinger(   97): stop(4098), calling thread 234
V/AudioFlinger(   97): (> STOPPED) => STOPPED (4098) on thread 0x10cd768
V/AudioPolicyService(   97): stopOutput() tid 97
D/AudioPolicyManagerALSA(   97): stopOutput() output=1, stream=1, sesssion=37
V/AudioPolicyManagerBase(   97): stopOutput() output 1, stream 1, session 37
V/AudioPolicyManagerBase(   97): changeRefCount() stream 1, count 0
V/AudioPolicyManagerBase(   97): getNewDevice() selected device 0
V/AudioPolicyManagerALSA(   97): AudioPolicyManagerBase::setOutputDevice() output 1 device 0 delayMs 18
V/AudioPolicyManagerALSA(   97): setOutputDevice() setting same device 0 or null device for output 1
V/AudioFlinger(   97): TrackBase::reset
I/Surface (  339): Surface_lockCanvas
I/Surface (  339): Surface_lockCanvas
D/dalvikvm( 1158): GC_EXPLICIT freed 4K, 25% free 4468K/5895K, paused 2ms+3ms
D/PowerManagerService(  234): mIsSipVisible : false
I/SurfaceFlinger(   94): id=70 Removed 应用出现问颙 idx=4 Map Size=4
I/SurfaceFlinger(   94): id=70 Removed 应用出现问颙 idx=-2 Map Size=4
D/dalvikvm( 1158): GC_EXPLICIT freed <1K, 25% free 4468K/5895K, paused 2ms+4ms
D/dalvikvm( 1158): GC_EXPLICIT freed <1K, 25% free 4468K/5895K, paused 2ms+2ms
I/Baidu Home2(  427): EventNumberUtil: handleMessage MSG_EVENT_NUMBER_CALL = main
I/Baidu Home2(  427): EventNumberUtil: onChange msg = Thread-95
I/Baidu Home2(  427): EventNumberUtil: handleEmailMessage EMAIL_EVENT_NUMBER_EMAIL = main
I/Baidu Home2(  427): EventNumberUtil: onChange email = Thread-96
I/Baidu Home2(  427): EventNumberUtil: handleMessage MSG_EVENT_NUMBER_MSG = main
I/InputReader(  234): Touch event's action is 0x0 (deviceType=0) [pCnt=1, pending(waiting finished signal)=0, s=0.64 ]
I/InputDispatcher(  234): Delivering touch to current input target: action: 0x0
I/InputDispatcher(  234): Delivering touch to current input target: action: 0x0
I/InputDispatcher(  234): Delivering touch to current input target: action: 0x0
I/InputReader(  234): Touch event's action is 0x1 (deviceType=0) [pCnt=1, pending(waiting finished signal)=0, s=]
I/InputDispatcher(  234): Delivering touch to current input target: action: 0x1
I/InputDispatcher(  234): Delivering touch to current input target: action: 0x1
I/InputDispatcher(  234): Delivering touch to current input target: action: 0x1
I/Baidu Home2(  427): Launcher.Workspace: snapToScreen 1
I/InputReader(  234): Touch event's action is 0x0 (deviceType=0) [pCnt=1, pending(waiting finished signal)=0, s=0.65 ]
I/InputDispatcher(  234): Delivering touch to current input target: action: 0x0
I/InputDispatcher(  234): Delivering touch to current input target: action: 0x0
I/InputDispatcher(  234): Delivering touch to current input target: action: 0x0
I/InputReader(  234): Touch event's action is 0x1 (deviceType=0) [pCnt=1, pending(waiting finished signal)=0, s=]
I/InputDispatcher(  234): Delivering touch to current input target: action: 0x1
I/InputDispatcher(  234): Delivering touch to current input target: action: 0x1
I/InputDispatcher(  234): Delivering touch to current input target: action: 0x1
I/Baidu Home2(  427): Launcher.Workspace: snapToScreen 2
I/InputReader(  234): Touch event's action is 0x0 (deviceType=0) [pCnt=1, pending(waiting finished signal)=0, s=0.66 ]
I/InputDispatcher(  234): Delivering touch to current input target: action: 0x0
I/InputDispatcher(  234): Delivering touch to current input target: action: 0x0
I/InputDispatcher(  234): Delivering touch to current input target: action: 0x0
I/InputReader(  234): Touch event's action is 0x1 (deviceType=0) [pCnt=1, pending(waiting finished signal)=0, s=]
I/InputDispatcher(  234): Delivering touch to current input target: action: 0x1
I/InputDispatcher(  234): Delivering touch to current input target: action: 0x1
I/InputDispatcher(  234): Delivering touch to current input target: action: 0x1
I/Baidu Home2(  427): Launcher.Workspace: snapToScreen 3
I/InputReader(  234): Touch event's action is 0x0 (deviceType=0) [pCnt=1, pending(waiting finished signal)=0, s=0.67 ]
I/InputDispatcher(  234): Delivering touch to current input target: action: 0x0
I/InputDispatcher(  234): Delivering touch to current input target: action: 0x0
I/InputDispatcher(  234): Delivering touch to current input target: action: 0x0
I/InputReader(  234): Touch event's action is 0x1 (deviceType=0) [pCnt=1, pending(waiting finished signal)=0, s=]
I/InputDispatcher(  234): Delivering touch to current input target: action: 0x1
I/InputDispatcher(  234): Delivering touch to current input target: action: 0x1
I/InputDispatcher(  234): Delivering touch to current input target: action: 0x1
I/Baidu Home2(  427): Launcher.Workspace: snapToScreen 2
V/AudioFlinger(   97): Audio hardware entering standby, mixer 0x10cd768, mSuspended 0
D/LVVE_Engine(   97): LVVEFS_Rx_Command LVVEFS_COMMAND_RESET returns success
W/AudioHardwareALSA(   97): AudioStreamOutALSA::standby snd_pcm_drain start ...
W/AudioHardwareALSA(   97): AudioStreamOutALSA::standby snd_pcm_drain finish ...
V/AudioFlinger(   97): releaseWakeLock_l() AudioOut_1
V/AudioFlinger(   97): MixerThread 0x10cd768 TID 218 going to sleep
I/InputReader(  234): Touch event's action is 0x0 (deviceType=0) [pCnt=1, pending(waiting finished signal)=0, s=0.68 ]
I/InputDispatcher(  234): Delivering touch to current input target: action: 0x0
I/InputDispatcher(  234): Delivering touch to current input target: action: 0x0
I/InputDispatcher(  234): Delivering touch to current input target: action: 0x0
I/InputReader(  234): Touch event's action is 0x1 (deviceType=0) [pCnt=1, pending(waiting finished signal)=0, s=]
I/InputDispatcher(  234): Delivering touch to current input target: action: 0x1
I/InputDispatcher(  234): Delivering touch to current input target: action: 0x1
I/InputDispatcher(  234): Delivering touch to current input target: action: 0x1
I/AudioPolicyManagerBase(   97): getSituationVolume: isBTConnected:0 isHeadConnected:0
V/AudioPolicyManagerBase(   97): getParamFromPolicy  deviceInt = 0, situationInt = 1, situationVolume = 0.500000
D/AudioService(  234): playSoundEffect()
V/AudioFlinger(   97): createTrack() sessionId: 0
V/AudioFlinger(   97): createTrack() lSessionId: 38
V/AudioFlinger(   97): Track constructor name 4097, calling thread 234
V/AudioFlinger(   97): acquiring 38 from 234
V/AudioFlinger(   97):  added new entry for 38
V/AudioFlinger(   97): start(4097), calling thread 234 session 38
V/AudioFlinger(   97): ? => ACTIVE (4097) on thread 0x10f1a28
V/AudioPolicyService(   97): startOutput() tid 221
V/AudioPolicyManagerBase(   97): startOutput() output 1, stream 1, session 38
V/AudioPolicyManagerBase(   97): getDeviceForStrategy() from cache strategy 0, device 2
V/AudioPolicyManagerBase(   97): changeRefCount() stream 1, count 1
V/AudioPolicyManagerBase(   97): getDeviceForStrategy() from cache strategy 0, device 2
V/AudioPolicyManagerBase(   97): getNewDevice() selected device 2
V/AudioPolicyManagerALSA(   97): AudioPolicyManagerBase::setOutputDevice() output 1 device 2 delayMs 0
V/AudioPolicyManagerALSA(   97): setOutputDevice() setting same device 2 or null device for output 1
D/AudioPolicyManagerALSA(   97): startOutput() output=1, stream=1, session=38, phoneState=0
E/AudioFlinger(   97): addTrack_l streamType (4)
E/AudioFlinger(   97): addTrack_l streamType (0, 1) for mStreamTypes[stream].volume[0.251189]
D/AudioHardwareALSA(   97): ALSAStreamOps::setParameters() start_output_streamtype=1;start_output_streamvol=4
E/AudioHardwareALSA(   97): organ_volIndex=4
E/AudioHardwareALSA(   97): organ_streamIndex=1
E/AudioHardwareALSA(   97): setOrgan() 1,OnOff[1],volume[4]
W/ALSAModule(   97): audio_tune_hw4app_register tat=[12] volume_type=[0] volume_level=[4]
W/ALSAModule(   97): audio_tune_hw4app_policy bitmap=0x00001000 is 12
W/ALSAModule(   97): audio_tune_hw4app_write2hardware can't locate the right mFactoryRouteRCVMode [0]
W/ALSAModule(   97): audio_tune_hw4app_write2hardware will apply [12,music] vol_type0, vol_level4, eq_type0, device_mode3 to audio hardware
E/AudioHardwareALSA(   97): setOrgan=1
V/AudioFlinger(   97): mWaitWorkCV.broadcast
V/AudioFlinger(   97): MixerThread 0x10cd768 TID 218 waking up
V/AudioFlinger(   97): acquireWakeLock_l() AudioOut_1 status 0
V/AudioFlinger(   97): releasing 37 from 234
V/AudioFlinger(   97):  decremented refcount to 0
V/AudioFlinger(   97): purging stale effects
V/AudioPolicyService(   97): releaseOutput() tid 97
V/AudioPolicyManagerBase(   97): releaseOutput() 1
V/AudioFlinger(   97): remove track (4098) and delete from mixer
V/AudioFlinger(   97): PlaybackThread::Track destructor
D/PasswordPolicy(  427): PXY-isChangeRequested returning default value
I/ActivityManager(  234): START {act=android.intent.action.MAIN cat=[ xxx ] flg=0x10200000 cmp=xxxx bnds=[120,516][240,650]} from pid 427
I/SurfaceFlinger(   94): id=72(20) createSurface 0x1590e7c (1x1),2 flag=400, musicplayes
W/AudioHardwareALSA(   97): glx [AndroidPlayback_Speaker_normal] gggggggggggggggggggggggggg snd_pcm_writei
W/ALSAModule(   97): s_open not need reentrant protecting, green channel
W/ALSAModule(   97): luther don't need to wait for cp....
W/ALSAModule(   97): oooooooooooooooo s_open Enter incall=0
W/ALSAModule(   97): s_open got lock1
W/ALSAModule(   97): s_open got lock2, yeah
W/ALSAModule(   97): you do not want to mute audio path
W/ALSAModule(   97): close snd_pcm_drain
W/ALSAModule(   97): close snd_pcm_drain done & ret=0
W/ALSAModule(   97): close snd_pcm_close
W/ALSAModule(   97): close OK
V/ALSAModule(   97): initially, setHardwareParams: buffer size: 882, latency: 21768
V/ALSAModule(   97): Set PLAYBACK PCM format to S16_LE (Signed 16 bit Little Endian)
V/ALSAModule(   97): Using 2 channels for PLAYBACK.
V/ALSAModule(   97): Set PLAYBACK sample rate to 44100 HZ
V/ALSAModule(   97): snd_pcm_hw_params_set_buffer_size_near: get buffer size: 960
V/ALSAModule(   97): snd_pcm_hw_params_set_buffer_time_near: get latency: 21768
V/ALSAModule(   97): finally, setHardwareParams: snd_pcm_get_params: buffer time: 21768, buffer size: 960, period time: 3628, period size: 160
I/ALSAModule(   97): Initialized ALSA PLAYBACK device AndroidPlayback_Speaker_normal
W/ALSAModule(   97): [ Open ] s_audio_path_route to mode=0 BeingMode=0 0x00000002
W/ALSAModule(   97): alsa-phone ringtone special process, speaker to 1 later
W/ALSAModule(   97): qqqqqqqqqqqqqqqq s_open Exit
W/AudioHardwareALSA(   97): alsa-phone ringtone special process, speaker to 1 now [data 3840 bytes]
I/Surface (  234): Surface_lockCanvas
I/SurfaceTextureClient(  234): connect(NATIVE_WINDOW_API_CPU)
I/Baidu Home2(  427): LauncherProvider: update count = 1 allapplist _id=11 null presetID=-1 isPreset=0 visible=1 clickCount=1 container=-1000 itemType=10 strategy_table_id=-1 intent=#Intent;action=android.intent.action.MAIN;category=android.intent.category.LAUNCHER;launchFlags=0x10200000;component=com.baidu.musicplayer/.activity.MainFragmentActivity;end sort_index=10
D/ActivityManager(  234): Trying to launch applicationName
D/DEFERED_APP_VISIBILITY(  234): tweaking closing app
D/OpenGLRenderer(  427): Flushing caches (mode 2)
I/Launcher(  427): onTrimMemory call back
D/OpenGLRenderer(  427): Flushing caches (mode 0)
V/AudioFlinger(   97): getNextBuffer() no more data for track 4097 on thread 0x10cd768
V/AudioFlinger(   97): stop(4097), calling thread 234
V/AudioFlinger(   97): (> STOPPED) => STOPPED (4097) on thread 0x10cd768
V/AudioPolicyService(   97): stopOutput() tid 97
D/AudioPolicyManagerALSA(   97): stopOutput() output=1, stream=1, sesssion=38
V/AudioPolicyManagerBase(   97): stopOutput() output 1, stream 1, session 38
V/AudioPolicyManagerBase(   97): changeRefCount() stream 1, count 0
V/AudioPolicyManagerBase(   97): getNewDevice() selected device 0
V/AudioPolicyManagerALSA(   97): AudioPolicyManagerBase::setOutputDevice() output 1 device 0 delayMs 18
V/AudioPolicyManagerALSA(   97): setOutputDevice() setting same device 0 or null device for output 1
I/Surface (  339): Surface_lockCanvas
V/AudioFlinger(   97): TrackBase::reset
V/MusicPlayer( 1181): [BaiduMp3Logger:] Create logger [MainFragmentActivity] 
I/MusicPlayer( 1181): [MainFragmentActivity:] ++++onCreate start
I/SurfaceFlinger(   94): id=71 Removed Launches idx=1 Map Size=4
I/SurfaceFlinger(   94): id=71 Removed Launches idx=-2 Map Size=4
V/MusicPlayer( 1181): [BaiduMp3Logger:] Create logger [MusicUtils] 
V/MusicPlayer( 1181): [BaiduMp3Logger:] Create logger [LocalMusicFragment] 
V/MusicPlayer( 1181): [BaiduMp3Logger:] Create logger [NetRootPageFragment] 
I/MusicPlayer( 1181): [MainFragmentActivity:] insert built-in list begin
I/MusicPlayer( 1181): [MainFragmentActivity:] insert built-in list end
V/MusicPlayer( 1181): [BaiduMp3Logger:] Create logger [UBCUtil] 
I/MusicPlayer( 1181): [MainFragmentActivity:] ++++onCreate end
D/dalvikvm( 1181): GC_CONCURRENT freed 459K, 28% free 2876K/3975K, paused 2ms+2ms
V/MusicPlayer( 1181): [BaiduMp3Logger:] Create logger [NetRootView] 
D/dalvikvm( 1181): GC_FOR_ALLOC freed 53K, 27% free 2949K/4039K, paused 14ms
I/dalvikvm-heap( 1181): Grow heap (frag case) to 4.071MB for 635812-byte allocation
D/dalvikvm( 1181): GC_CONCURRENT freed 1K, 24% free 3569K/4679K, paused 2ms+2ms
D/AbsListView( 1181): Get MotionRecognitionManager
W/System.err( 1181): java.lang.NullPointerException
W/System.err( 1181): 	at com.baidu.algorithm.aes.AES.encrypt(AES.java:73)
W/System.err( 1181): 	at com.baidu.music.log.LogHelper.getMCEncode(LogHelper.java:508)
W/System.err( 1181): 	at com.baidu.music.log.LogHelper.getProduct(LogHelper.java:527)
W/System.err( 1181): 	at com.baidu.music.log.LogHelper.getCommonUrl(LogHelper.java:450)
W/System.err( 1181): 	at com.baidu.music.log.OnlineDataLog.sendFirstLaunch(OnlineDataLog.java:119)
W/System.err( 1181): 	at com.baidu.music.onlinedata.OnlineManagerEngine.init(OnlineManagerEngine.java:20)
W/System.err( 1181): 	at com.baidu.music.onlinedata.OnlineManagerEngine.<init>(OnlineManagerEngine.java:15)
W/System.err( 1181): 	at com.baidu.music.onlinedata.OnlineManagerEngine.getInstance(OnlineManagerEngine.java:36)
W/System.err( 1181): 	at com.baidu.musicplayer.widget.FocusImageViewGroup.initView(FocusImageViewGroup.java:227)
W/System.err( 1181): 	at com.baidu.musicplayer.widget.FocusImageViewGroup.<init>(FocusImageViewGroup.java:105)
W/System.err( 1181): 	at com.baidu.musicplayer.widget.FocusImageViewGroup.<init>(FocusImageViewGroup.java:99)
W/System.err( 1181): 	at java.lang.reflect.Constructor.constructNative(Native Method)
W/System.err( 1181): 	at java.lang.reflect.Constructor.newInstance(Constructor.java:417)
W/System.err( 1181): 	at android.view.LayoutInflater.createView(LayoutInflater.java:586)
W/System.err( 1181): 	at android.view.LayoutInflater.createViewFromTag(LayoutInflater.java:680)
W/System.err( 1181): 	at android.view.LayoutInflater.rInflate(LayoutInflater.java:739)
W/System.err( 1181): 	at android.view.LayoutInflater.inflate(LayoutInflater.java:489)
W/System.err( 1181): 	at android.view.LayoutInflater.inflate(LayoutInflater.java:396)
W/System.err( 1181): 	at android.view.LayoutInflater.inflate(LayoutInflater.java:352)
W/System.err( 1181): 	at com.baidu.musicplayer.widget.NetMainView.init(NetMainView.java:118)
W/System.err( 1181): 	at com.baidu.musicplayer.widget.NetMainView.<init>(NetMainView.java:99)
W/System.err( 1181): 	at java.lang.reflect.Constructor.constructNative(Native Method)
W/System.err( 1181): 	at java.lang.reflect.Constructor.newInstance(Constructor.java:417)
W/System.err( 1181): 	at android.view.LayoutInflater.createView(LayoutInflater.java:586)
W/System.err( 1181): 	at android.view.LayoutInflater.createViewFromTag(LayoutInflater.java:680)
W/System.err( 1181): 	at android.view.LayoutInflater.rInflate(LayoutInflater.java:739)
W/System.err( 1181): 	at android.view.LayoutInflater.inflate(LayoutInflater.java:489)
W/System.err( 1181): 	at android.view.LayoutInflater.inflate(LayoutInflater.java:396)
W/System.err( 1181): 	at com.baidu.musicplayer.activity.NetRootPageFragment.onCreateView(NetRootPageFragment.java:53)
W/System.err( 1181): 	at android.support.v4.app.FragmentManagerImpl.moveToState(FragmentManager.java:870)
W/System.err( 1181): 	at android.support.v4.app.FragmentManagerImpl.moveToState(FragmentManager.java:1080)
W/System.err( 1181): 	at android.support.v4.app.BackStackRecord.run(BackStackRecord.java:622)
W/System.err( 1181): 	at android.support.v4.app.FragmentManagerImpl.execPendingActions(FragmentManager.java:1416)
W/System.err( 1181): 	at android.support.v4.app.FragmentActivity.onStart(FragmentActivity.java:505)
W/System.err( 1181): 	at com.baidu.musicplayer.activity.MainFragmentActivity.onStart(MainFragmentActivity.java:768)
W/System.err( 1181): 	at android.app.Instrumentation.callActivityOnStart(Instrumentation.java:1137)
W/System.err( 1181): 	at android.app.Activity.performStart(Activity.java:4589)
W/System.err( 1181): 	at android.app.ActivityThread.performLaunchActivity(ActivityThread.java:1943)
W/System.err( 1181): 	at android.app.ActivityThread.handleLaunchActivity(ActivityThread.java:1995)
W/System.err( 1181): 	at android.app.ActivityThread.access$600(ActivityThread.java:128)
W/System.err( 1181): 	at android.app.ActivityThread$H.handleMessage(ActivityThread.java:1161)
W/System.err( 1181): 	at android.os.Handler.dispatchMessage(Handler.java:99)
W/System.err( 1181): 	at android.os.Looper.loop(Looper.java:137)
W/System.err( 1181): 	at android.app.ActivityThread.main(ActivityThread.java)
W/System.err( 1181): 	at java.lang.reflect.Method.invokeNative(Native Method)
W/System.err( 1181): 	at java.lang.reflect.Method.invoke(Method.java:511)
W/System.err( 1181): 	at com.android.internal.os.ZygoteInit$MethodAndArgsCaller.run(ZygoteInit.java:994)
W/System.err( 1181): 	at com.android.internal.os.ZygoteInit.main(ZygoteInit.java:761)
W/System.err( 1181): 	at dalvik.system.NativeStart.main(Native Method)
D/LogHelper( 1181): +++writeUrltoDb..
D/LogDbHelper( 1181): +++DatabaseHelper create new database!!!
W/System.err( 1181): java.lang.NullPointerException
W/System.err( 1181): 	at com.baidu.algorithm.aes.AES.encrypt(AES.java:73)
W/System.err( 1181): 	at com.baidu.music.log.LogHelper.getMCEncode(LogHelper.java:508)
W/System.err( 1181): 	at com.baidu.music.log.LogHelper.getProduct(LogHelper.java:527)
W/System.err( 1181): 	at com.baidu.music.log.LogHelper.getCommonUrl(LogHelper.java:450)
W/System.err( 1181): 	at com.baidu.music.log.OnlineDataLog$1.run(OnlineDataLog.java:45)
D/ThreadPool( 1181): Put Job-0 into thread pool!
D/dalvikvm( 1181): GC_FOR_ALLOC freed 880K, 31% free 3629K/5191K, paused 17ms
V/MusicPlayer( 1181): [BaiduMp3Logger:] Create logger [DownloadController] 
D/dalvikvm( 1181): GC_FOR_ALLOC freed 20K, 28% free 3753K/5191K, paused 14ms
I/dalvikvm-heap( 1181): Grow heap (frag case) to 5.327MB for 1129360-byte allocation
D/dalvikvm( 1181): GC_CONCURRENT freed <1K, 24% free 4855K/6343K, paused 1ms+2ms
D/AbsListView( 1181): Get MotionRecognitionManager
I/MusicPlayer( 1181): [LocalMusicFragment:] LocalMusicFragment onActivityCreated
D/MusicPlayer( 1181): [MainFragmentActivity:] ++++onStart
W/Mobads SDK( 1181): **************load caceh**start********
I/MusicPlayer( 1181): +++StartTask starting,
W/Mobads SDK( 1181): is_first_resume=true
I/System.out( 1181): DefaultRequestDirector http execute enter loop 
I/MusicPlayer( 1181): [LocalMusicFragment:] download count is 0
V/MusicPlayer( 1181): [BaiduMp3Logger:] Create logger [MusicPlayService] 
D/MusicPlayer( 1181): [MusicPlayService:] +++Service onCreate
V/MediaPlayer-JNI( 1181): native_setup
V/MediaPlayer( 1181): constructor
V/AudioFlinger(   97): registerClient() client 0x10c1210, pid 1181
V/AudioFlinger(   97): sendConfigEvent() num events 1 event 0, param 0
V/AudioFlinger(   97): acquiring 39 from 1181
V/AudioFlinger(   97):  added new entry for 39
V/MediaPlayer( 1181): setListener
V/AudioFlinger(   97): processConfigEvents() remaining events 1
V/AudioFlinger(   97): PlaybackThread::audioConfigChanged_l, thread 0x10cd768, event 0, param 0
W/AudioHardwareALSA(   97): alsa CTS latency lowered to 9000 from 21768
V/MediaPlayer-JNI( 1181): native_setup
V/MediaPlayer( 1181): constructor
V/AudioFlinger(   97): acquiring 40 from 1181
V/AudioFlinger(   97):  added new entry for 40
V/MediaPlayer( 1181): setListener
V/MediaPlayer-JNI( 1181): setAudioStreamType: 3
V/MediaPlayer( 1181): MediaPlayer::setAudioStreamType
I/AudioService(  234):   Remote Control   registerMediaButtonIntent()
V/MusicPlayer( 1181): [BaiduMp3Logger:] Create logger [com.baidu.musicplayer.http.AbstractHttpApi] 
D/PowerManagerService(  234): setScreenOffTimeouts mKeylightDelay=1500 mDimDelay=51500 mScreenOffDelay=7000 mDimScreen=true
V/MusicPlayer( 1181): [BaiduMp3Logger:] Create logger [TingSdkInterface] 
V/MusicPlayer( 1181): [BaiduMp3Logger:] Create logger [OnlineDataController] 
V/MusicPlayer( 1181): [BaiduMp3Logger:] Create logger [OnlineDataManager] 
V/MusicPlayer( 1181): [BaiduMp3Logger:] Create logger [XmlParserHttpApi] 
D/MusicPlayer( 1181): [MusicPlayService:] +++no  network use ,,error!!
E/music service( 1181): the sdk:4.0.4
W/PowerManagerService(  234): Timer 0x7->0x3|0x0
I/PowerManagerService(  234): Ulight 0x7->0x3|0x0
D/PowerManagerService(  234): setLightBrightness : mButtonLight : 0
D/MusicPlayer( 1181): [MusicPlayService:] +++Service onStart
D/MusicPlayer( 1181): [MusicPlayService:] +++Service onStart
V/MusicPlayer( 1181): [BaiduMp3Logger:] Create logger [DownloadService] 
D/MusicPlayer( 1181): [DownloadService:] +++onCreate()!!!!
V/MusicPlayer( 1181): [BaiduMp3Logger:] Create logger [DownloadNotification] 
D/MusicPlayer( 1181): [BaiduMusicProvider:] +++insertInternal,uri:content://BaiduMusic/music_merge,match:3
D/mMediaProviderObserver( 1181): +++insertInternal ,merge mediastore data!!
D/MusicPlayer( 1181): [BaiduMusicProvider:] +++insertInternal, merge mediastore data!!
D/MusicPlayer( 1181): [BaiduMusicProvider:] +++mergeMediastoreToMusicInfo,begin!!!
D/MusicPlayer( 1181): [BaiduMusicProvider:] +++merge,musicinfo has no data!!!
D/MusicPlayer( 1181): [BaiduMusicProvider:] +++getStorageAudioCursor,filterString:,storageType:externalContent
D/MusicPlayer( 1181): [BaiduMusicProvider:] +++query,url:content://BaiduMusic/download,table:4
D/MusicPlayer( 1181): [DownloadController:] +++trimDatabase,delete size;0
D/DownloadService( 1181): +++buildListThread run begin!!
D/MusicPlayer( 1181): [BaiduMusicProvider:] +++query,url:content://BaiduMusic/download,table:4
I/DownloadService( 1181): +++buildListThread run end!!
V/DownloadService( 1181): +++Service onStart
D/MusicPlayer( 1181): [DownloadService:] +++onBind!!
D/MusicPlayer( 1181): [MusicPlayService:] +++Service onStart
I/MusicPlayer( 1181): [BaiduMusicProvider:] +++merge,mediaStore has no data too!!
I/MusicPlayer( 1181): [BaiduMusicProvider:] +++mergeMediastoreToMusicInfo,cost time (first merge): 27
I/MusicPlayer( 1181): [BaiduMusicProvider:] +++mergeMediastoreToMusicInfo merge: 0 records
D/MusicPlayer( 1181): [BaiduMusicProvider:] +++query,url:content://BaiduMusic/local/playlists,table:19
I/System.out( 1181): DefaultRequestDirect http execute return 2exception!Unable to resolve host "nsclick.baidu.com": No address associated with hostname
D/LogHelper( 1181): IOException trying to execute request for java.net.UnknownHostException: Unable to resolve host "nsclick.baidu.com": No address associated with hostname
D/Job     ( 1181): Job-0 finished, bye!
D/MusicPlayer( 1181): [BaiduMusicProvider:] +++query,url:content://BaiduMusic/local/musicInfo,table:0
V/MusicPlayer( 1181): [BaiduMp3Logger:] Create logger [PlayingActivity] 
E/PersistenceDataHelper( 1181): rebuild relationship between db & sdcard images cost 40 milliseconds
D/dalvikvm( 1181): GC_FOR_ALLOC freed 565K, 19% free 6031K/7367K, paused 21ms
D/dalvikvm( 1181): GC_FOR_ALLOC freed 741K, 23% free 6022K/7751K, paused 21ms
D/dalvikvm( 1181): GC_FOR_ALLOC freed 735K, 23% free 6015K/7751K, paused 18ms
I/SurfaceFlinger(   94): id=73(1) createSurface 0x1590fec (1x1),2 flag=400, MainFragmentActivitz
V/PhoneStatusBar(  339): setLightsOn(true)
D/STATUSBAR-StatusBarManagerService(  234): setSystemUiVisibility(0x0)
D/STATUSBAR-StatusBarManagerService(  234): manageDisableList what=0x0 pkg=WindowManager.LayoutParams
D/dalvikvm( 1181): GC_FOR_ALLOC freed 729K, 23% free 6023K/7751K, paused 17ms
D/dalvikvm( 1181): GC_FOR_ALLOC freed 726K, 23% free 6024K/7751K, paused 18ms
D/dalvikvm( 1181): GC_FOR_ALLOC freed 733K, 23% free 6018K/7751K, paused 17ms
V/CustomViewBehind( 1181): behind INVISIBLE
D/dalvikvm( 1181): GC_FOR_ALLOC freed 544K, 20% free 6222K/7751K, paused 16ms
D/MusicPlayer( 1181): [BaiduMusicProvider:] +++query,url:content://BaiduMusic/local/playlists,table:19
D/MusicPlayer( 1181): [BaiduMusicProvider:] +++query,url:content://BaiduMusic/local/musicInfo,table:0
D/MusicPlayer( 1181): [DownloadService:] ++ handle DOWNLOAD_MESSAGE_LOAD_DATA_COMPLETED
I/MusicPlayer( 1181): [DownloadService:] +++startAllDownload,running thread:0
E/liyl    ( 1181): startAllDownload mRunningThread >> 0
V/MusicPlayer( 1181): [BaiduMp3Logger:] Create logger [DownloadHelper] 
D/MusicPlayer( 1181): [DownloadHelper:] +++network available = true
I/MusicPlayer( 1181): [DownloadService:] +++startAllDownload,networkAvailable:true
I/MusicPlayer( 1181): [DownloadService:] pendingInfo = null
D/MusicPlayer( 1181): [MainFragmentActivity:] +++mDownloadServiceConnection!!
I/MusicPlayer( 1181): [LocalMusicFragment:] download count is 0
I/MusicPlayer( 1181): Delay start
D/ImageManager( 1181): registerOutOfMemoryBroadcastReceiver 
D/ImageManager( 1181): validate()
D/ImageManager( 1181): dir length of /data/data/com.baidu.musicplayer/files/baidu/music_sdk/cache is : 0
D/ImageManager( 1181): number of files removed : 0
I/MusicPlayer( 1181): Delay end
D/MusicPlayer( 1181): [BaiduMusicProvider:] +++query,url:content://BaiduMusic/local/ubc,table:23
D/MusicPlayer( 1181): [BaiduMusicProvider:] +++query,url:content://BaiduMusic/local/musicInfo,table:0
I/MusicPlayer( 1181): [UBCUtil:] submit record date is 2014-05-17
I/MusicPlayer( 1181): [UBCUtil:] no need to submit ubc record
I/ClipboardServiceEx(  234): Send intent for dismiss clipboard dialog inside hideCurrentInputLocked() !
D/CLIPBOARD(  427): Hide Clipboard dialog at Starting input: finished by someone else... !
W/SignalStrength(  234): getGsmLevel=4
W/SignalStrength(  234): getLevel=4 (SignalStrength: 18 -1 -1 -1 -1 -1 -1 -1 -1 -1 -1 -1 gsm|lte 4)
W/SignalStrength(  339): getGsmLevel=4
W/SignalStrength(  339): getLevel=4 (SignalStrength: 18 -1 -1 -1 -1 -1 -1 -1 -1 -1 -1 -1 gsm|lte 4)
D/dalvikvm( 1158): GC_EXPLICIT freed 4K, 25% free 4468K/5895K, paused 2ms+40ms
D/PowerManagerService(  234): mIsSipVisible : false
I/wpa_supplicant(  691): wlan0: CTRL-EVENT-NO-CONNECTION
D/dalvikvm( 1158): GC_EXPLICIT freed <1K, 25% free 4468K/5895K, paused 2ms+3ms
D/dalvikvm( 1158): GC_EXPLICIT freed <1K, 25% free 4468K/5895K, paused 2ms+2ms
D/MusicPlayer( 1181): [LocalMusicFragment:] updateListView
D/CLIPBOARD( 1181): Hide Clipboard dialog at Starting input: finished by someone else... !
I/Surface ( 1181): Surface_lockCanvas
I/SurfaceTextureClient( 1181): connect(NATIVE_WINDOW_API_CPU)
D/MusicPlayer( 1181): [BaiduMusicProvider:] +++query,url:content://BaiduMusic/local/playlists,table:19
V/AlarmManager(  234): waitForAlarm result :8
W/AlarmManager(  234): FACTORY_ON= 0
I/SurfaceFlinger(   94): id=74(2) createSurface 0x1590cb4 (1x1),1 flag=0, 网络提礻
I/Surface ( 1181): Surface_lockCanvas
D/MusicPlayer( 1181): [LocalMusicFragment:] ++++ count is 4
I/onLoadFinished( 1181): sort_key: 1
I/onLoadFinished( 1181): sort_key: 2
I/onLoadFinished( 1181): sort_key: 3
I/onLoadFinished( 1181): sort_key: 4
D/MusicPlayer( 1181): [BaiduMusicProvider:] +++query,url:content://BaiduMusic/local/playlists,table:19
I/Surface ( 1181): Surface_lockCanvas
I/SurfaceTextureClient( 1181): connect(NATIVE_WINDOW_API_CPU)
I/SurfaceFlinger(   94): id=72 Removed musicplayes idx=4 Map Size=5
I/SurfaceFlinger(   94): id=72 Removed musicplayes idx=-2 Map Size=5
I/ActivityManager(  234): Displayed shortComponentName: +2s772ms (total +37s972ms)
I/playListid( 1181): playlist id = 1cursor pos = 0
D/MusicPlayer( 1181): [BaiduMusicProvider:] +++query,url:content://BaiduMusic/local/musicInfo,table:0
I/playListid( 1181): playlist id = 1cursor pos = 0
D/MusicPlayer( 1181): [BaiduMusicProvider:] +++query,url:content://BaiduMusic/local/musicInfo,table:0
D/dalvikvm( 1181): GC_CONCURRENT freed 253K, 11% free 7208K/8071K, paused 2ms+4ms
W/CursorWrapperInner( 1181): Cursor finalized without prior close()
I/playListid( 1181): playlist id = 1cursor pos = 0
D/MusicPlayer( 1181): [BaiduMusicProvider:] +++query,url:content://BaiduMusic/local/musicInfo,table:0
I/playListid( 1181): playlist id = 2cursor pos = 1
D/MusicPlayer( 1181): [BaiduMusicProvider:] +++query,url:content://BaiduMusic/local/musicInfo,table:0
I/playListid( 1181): playlist id = 3cursor pos = 2
D/MusicPlayer( 1181): [BaiduMusicProvider:] +++query,url:content://BaiduMusic/local/musicInfo,table:0
I/playListid( 1181): playlist id = 4cursor pos = 3
D/MusicPlayer( 1181): [BaiduMusicProvider:] +++query,url:content://BaiduMusic/local/musicInfo,table:0
I/Surface ( 1181): Surface_lockCanvas
I/MusicPlayer( 1181): AuthenTask excute
V/MusicPlayer( 1181): [BaiduMp3Logger:] Create logger [Helpers] 
D/MusicPlayer( 1181): [Helpers:] +++network is not available
E/WifiP2pStateTracker(  234): getNetworkInfo : NetworkInfo: type: wifi_p2p[], state: UNKNOWN/IDLE, reason: (unspecified), extra: (none), roaming: false, failover: false, isAvailable: false
I/Surface ( 1181): Surface_lockCanvas
V/AudioFlinger(   97): Audio hardware entering standby, mixer 0x10cd768, mSuspended 0
D/LVVE_Engine(   97): LVVEFS_Rx_Command LVVEFS_COMMAND_RESET returns success
W/AudioHardwareALSA(   97): AudioStreamOutALSA::standby snd_pcm_drain start ...
W/AudioHardwareALSA(   97): AudioStreamOutALSA::standby snd_pcm_drain finish ...
V/AudioFlinger(   97): releaseWakeLock_l() AudioOut_1
V/AudioFlinger(   97): MixerThread 0x10cd768 TID 218 going to sleep
W/Mobads SDK( 1181): **************load caceh**end********
I/Surface ( 1181): Surface_lockCanvas
I/Surface ( 1181): Surface_lockCanvas
I/Surface ( 1181): Surface_lockCanvas
I/Surface ( 1181): Surface_lockCanvas
I/Surface ( 1181): Surface_lockCanvas
I/Surface ( 1181): Surface_lockCanvas
I/Surface ( 1181): Surface_lockCanvas
I/Surface ( 1181): Surface_lockCanvas
I/InputReader(  234): Touch event's action is 0x0 (deviceType=0) [pCnt=1, pending(waiting finished signal)=0, s=0.69 ]
I/InputDispatcher(  234): Delivering touch to current input target: action: 0x0
I/InputDispatcher(  234): Delivering touch to current input target: action: 0x0
I/PowerManagerService(  234): Ulight 0x3->0x7|0x0
D/PowerManagerService(  234): setLightBrightness : mButtonLight : 102
I/Surface ( 1181): Surface_lockCanvas
I/InputReader(  234): Touch event's action is 0x1 (deviceType=0) [pCnt=1, pending(waiting finished signal)=1, s=]
I/InputDispatcher(  234): Delivering touch to current input target: action: 0x1
I/InputDispatcher(  234): Delivering touch to current input target: action: 0x1
I/Surface ( 1181): Surface_lockCanvas
I/Surface ( 1181): Surface_lockCanvas
I/AudioPolicyManagerBase(   97): getSituationVolume: isBTConnected:0 isHeadConnected:0
V/AudioPolicyManagerBase(   97): getParamFromPolicy  deviceInt = 0, situationInt = 1, situationVolume = 0.500000
D/AudioService(  234): playSoundEffect()
V/AudioFlinger(   97): createTrack() sessionId: 0
V/AudioFlinger(   97): createTrack() lSessionId: 41
V/AudioFlinger(   97): Track constructor name 4098, calling thread 234
V/AudioFlinger(   97): acquiring 41 from 234
V/AudioFlinger(   97):  added new entry for 41
V/AudioFlinger(   97): start(4098), calling thread 234 session 41
V/AudioFlinger(   97): ? => ACTIVE (4098) on thread 0x10f7668
V/AudioPolicyService(   97): startOutput() tid 97
V/AudioPolicyManagerBase(   97): startOutput() output 1, stream 1, session 41
V/AudioPolicyManagerBase(   97): getDeviceForStrategy() from cache strategy 0, device 2
V/AudioPolicyManagerBase(   97): changeRefCount() stream 1, count 1
V/AudioPolicyManagerBase(   97): getDeviceForStrategy() from cache strategy 0, device 2
V/AudioPolicyManagerBase(   97): getNewDevice() selected device 2
V/AudioPolicyManagerALSA(   97): AudioPolicyManagerBase::setOutputDevice() output 1 device 2 delayMs 0
V/AudioPolicyManagerALSA(   97): setOutputDevice() setting same device 2 or null device for output 1
D/AudioPolicyManagerALSA(   97): startOutput() output=1, stream=1, session=41, phoneState=0
E/AudioFlinger(   97): addTrack_l streamType (4)
E/AudioFlinger(   97): addTrack_l streamType (0, 1) for mStreamTypes[stream].volume[0.251189]
D/AudioHardwareALSA(   97): ALSAStreamOps::setParameters() start_output_streamtype=1;start_output_streamvol=4
E/AudioHardwareALSA(   97): organ_volIndex=4
E/AudioHardwareALSA(   97): organ_streamIndex=1
E/AudioHardwareALSA(   97): setOrgan() 1,OnOff[1],volume[4]
W/ALSAModule(   97): audio_tune_hw4app_register tat=[12] volume_type=[0] volume_level=[4]
W/ALSAModule(   97): audio_tune_hw4app_policy bitmap=0x00001000 is 12
W/ALSAModule(   97): audio_tune_hw4app_write2hardware can't locate the right mFactoryRouteRCVMode [0]
W/ALSAModule(   97): audio_tune_hw4app_write2hardware will apply [12,music] vol_type0, vol_level4, eq_type0, device_mode3 to audio hardware
E/AudioHardwareALSA(   97): setOrgan=1
V/AudioFlinger(   97): mWaitWorkCV.broadcast
V/AudioFlinger(   97): MixerThread 0x10cd768 TID 218 waking up
V/AudioFlinger(   97): acquireWakeLock_l() AudioOut_1 status 0
V/AudioFlinger(   97): releasing 38 from 234
V/AudioFlinger(   97):  decremented refcount to 0
V/AudioFlinger(   97): purging stale effects
V/AudioPolicyService(   97): releaseOutput() tid 221
V/AudioPolicyManagerBase(   97): releaseOutput() 1
V/AudioFlinger(   97): remove track (4097) and delete from mixer
V/AudioFlinger(   97): PlaybackThread::Track destructor
I/Surface ( 1181): Surface_lockCanvas
W/AudioHardwareALSA(   97): glx [AndroidPlayback_Speaker_normal] gggggggggggggggggggggggggg snd_pcm_writei
W/ALSAModule(   97): s_open not need reentrant protecting, green channel
W/ALSAModule(   97): luther don't need to wait for cp....
W/ALSAModule(   97): oooooooooooooooo s_open Enter incall=0
W/ALSAModule(   97): s_open got lock1
W/ALSAModule(   97): s_open got lock2, yeah
W/ALSAModule(   97): you do not want to mute audio path
W/ALSAModule(   97): close snd_pcm_drain
W/ALSAModule(   97): close snd_pcm_drain done & ret=0
W/ALSAModule(   97): close snd_pcm_close
W/ALSAModule(   97): close OK
V/ALSAModule(   97): initially, setHardwareParams: buffer size: 882, latency: 21768
V/ALSAModule(   97): Set PLAYBACK PCM format to S16_LE (Signed 16 bit Little Endian)
V/ALSAModule(   97): Using 2 channels for PLAYBACK.
V/ALSAModule(   97): Set PLAYBACK sample rate to 44100 HZ
V/ALSAModule(   97): snd_pcm_hw_params_set_buffer_size_near: get buffer size: 960
V/ALSAModule(   97): snd_pcm_hw_params_set_buffer_time_near: get latency: 21768
V/ALSAModule(   97): finally, setHardwareParams: snd_pcm_get_params: buffer time: 21768, buffer size: 960, period time: 3628, period size: 160
I/ALSAModule(   97): Initialized ALSA PLAYBACK device AndroidPlayback_Speaker_normal
W/ALSAModule(   97): [ Open ] s_audio_path_route to mode=0 BeingMode=0 0x00000002
W/ALSAModule(   97): alsa-phone ringtone special process, speaker to 1 later
W/ALSAModule(   97): qqqqqqqqqqqqqqqq s_open Exit
W/AudioHardwareALSA(   97): alsa-phone ringtone special process, speaker to 1 now [data 3840 bytes]
I/Surface ( 1181): Surface_lockCanvas
I/Surface ( 1181): Surface_lockCanvas
I/Surface ( 1181): Surface_lockCanvas
I/Surface ( 1181): Surface_lockCanvas
W/InputManagerService(  234): Window already focused, ignoring focus gain of: com.android.internal.view.IInputMethodClient$Stub$Proxy@416625c8
V/AudioFlinger(   97): getNextBuffer() no more data for track 4098 on thread 0x10cd768
V/AudioFlinger(   97): stop(4098), calling thread 234
V/AudioFlinger(   97): (> STOPPED) => STOPPED (4098) on thread 0x10cd768
V/AudioPolicyService(   97): stopOutput() tid 221
D/AudioPolicyManagerALSA(   97): stopOutput() output=1, stream=1, sesssion=41
V/AudioPolicyManagerBase(   97): stopOutput() output 1, stream 1, session 41
V/AudioPolicyManagerBase(   97): changeRefCount() stream 1, count 0
V/AudioPolicyManagerBase(   97): getNewDevice() selected device 0
V/AudioPolicyManagerALSA(   97): AudioPolicyManagerBase::setOutputDevice() output 1 device 0 delayMs 18
V/AudioPolicyManagerALSA(   97): setOutputDevice() setting same device 0 or null device for output 1
V/AudioFlinger(   97): TrackBase::reset
I/Surface ( 1181): Surface_lockCanvas
I/Surface ( 1181): Surface_lockCanvas
I/Surface ( 1181): Surface_lockCanvas
I/Surface ( 1181): Surface_lockCanvas
I/SurfaceFlinger(   94): id=74 Removed 网络提礻 idx=3 Map Size=4
I/SurfaceFlinger(   94): id=74 Removed 网络提礻 idx=-2 Map Size=4
I/InputReader(  234): Touch event's action is 0x0 (deviceType=0) [pCnt=1, pending(waiting finished signal)=0, s=0.70 ]
I/InputDispatcher(  234): Delivering touch to current input target: action: 0x0
I/InputDispatcher(  234): Delivering touch to current input target: action: 0x0
I/InputReader(  234): Touch event's action is 0x1 (deviceType=0) [pCnt=1, pending(waiting finished signal)=0, s=]
I/InputDispatcher(  234): Delivering touch to current input target: action: 0x1
I/InputDispatcher(  234): Delivering touch to current input target: action: 0x1
I/AudioPolicyManagerBase(   97): getSituationVolume: isBTConnected:0 isHeadConnected:0
V/AudioPolicyManagerBase(   97): getParamFromPolicy  deviceInt = 0, situationInt = 1, situationVolume = 0.500000
D/AudioService(  234): playSoundEffect()
V/AudioFlinger(   97): createTrack() sessionId: 0
V/AudioFlinger(   97): createTrack() lSessionId: 42
V/AudioFlinger(   97): Track constructor name 4097, calling thread 234
V/AudioFlinger(   97): acquiring 42 from 234
V/AudioFlinger(   97):  added new entry for 42
V/AudioFlinger(   97): start(4097), calling thread 234 session 42
V/AudioFlinger(   97): ? => ACTIVE (4097) on thread 0x10f1a28
V/AudioPolicyService(   97): startOutput() tid 227
V/AudioPolicyManagerBase(   97): startOutput() output 1, stream 1, session 42
V/AudioPolicyManagerBase(   97): getDeviceForStrategy() from cache strategy 0, device 2
V/AudioPolicyManagerBase(   97): changeRefCount() stream 1, count 1
V/AudioPolicyManagerBase(   97): getDeviceForStrategy() from cache strategy 0, device 2
V/AudioPolicyManagerBase(   97): getNewDevice() selected device 2
V/AudioPolicyManagerALSA(   97): AudioPolicyManagerBase::setOutputDevice() output 1 device 2 delayMs 0
V/AudioPolicyManagerALSA(   97): setOutputDevice() setting same device 2 or null device for output 1
D/AudioPolicyManagerALSA(   97): startOutput() output=1, stream=1, session=42, phoneState=0
E/AudioFlinger(   97): addTrack_l streamType (4)
E/AudioFlinger(   97): addTrack_l streamType (0, 1) for mStreamTypes[stream].volume[0.251189]
D/AudioHardwareALSA(   97): ALSAStreamOps::setParameters() start_output_streamtype=1;start_output_streamvol=4
E/AudioHardwareALSA(   97): organ_volIndex=4
E/AudioHardwareALSA(   97): organ_streamIndex=1
E/AudioHardwareALSA(   97): setOrgan() 1,OnOff[1],volume[4]
W/ALSAModule(   97): audio_tune_hw4app_register tat=[12] volume_type=[0] volume_level=[4]
W/ALSAModule(   97): audio_tune_hw4app_policy bitmap=0x00001000 is 12
W/ALSAModule(   97): audio_tune_hw4app_write2hardware can't locate the right mFactoryRouteRCVMode [0]
W/ALSAModule(   97): audio_tune_hw4app_write2hardware will apply [12,music] vol_type0, vol_level4, eq_type0, device_mode3 to audio hardware
E/AudioHardwareALSA(   97): setOrgan=1
V/AudioFlinger(   97): mWaitWorkCV.broadcast
V/AudioFlinger(   97): releasing 41 from 234
V/AudioFlinger(   97):  decremented refcount to 0
V/AudioFlinger(   97): purging stale effects
V/AudioPolicyService(   97): releaseOutput() tid 221
V/AudioPolicyManagerBase(   97): releaseOutput() 1
V/AudioFlinger(   97): remove track (4098) and delete from mixer
V/AudioFlinger(   97): PlaybackThread::Track destructor
D/PasswordPolicy( 1181): PXY-isChangeRequested returning default value
I/ActivityManager(  234): START {cmp=xxxx} from pid 1181
D/ActivityManager(  234): Trying to launch applicationName
D/dalvikvm( 1181): GC_FOR_ALLOC freed 328K, 11% free 8266K/9287K, paused 22ms
D/com.baidu.musicplayer.playing.PlayingCircularSeekBar( 1181): init cost 32
D/PlayingActity( 1181): onCreate cost 120
D/dalvikvm( 1181): GC_FOR_ALLOC freed 93K, 11% free 9774K/10887K, paused 22ms
D/PlayingActity( 1181): onResume cost 36
D/MusicPlayer( 1181): [MusicPlayService:] +++Service onStart
D/MusicPlayer( 1181): [BaiduMusicProvider:] +++query,url:content://BaiduMusic/local/musicInfo,table:0
D/MusicPlayer( 1181): [BaiduMusicProvider:] +++query,url:content://BaiduMusic/local/musicInfo,table:0
D/MusicPlayer( 1181): [MusicPlayService:] ++isLyricReady,audioId:-1,lyric id:-1
D/ImageGetter( 1181): +++stopImageGetter,!!
D/ImageGetter( 1181): +++startImageGetter,begin!!
D/ImageGetter( 1181): +++startLyricGetter2,error data!!
D/MusicPlayer( 1181): [BaiduMusicProvider:] +++query,url:content://BaiduMusic/local/musicInfo,table:0
V/AudioFlinger(   97): getNextBuffer() no more data for track 4097 on thread 0x10cd768
V/AudioFlinger(   97): stop(4097), calling thread 234
V/AudioFlinger(   97): (> STOPPED) => STOPPED (4097) on thread 0x10cd768
V/AudioPolicyService(   97): stopOutput() tid 221
D/AudioPolicyManagerALSA(   97): stopOutput() output=1, stream=1, sesssion=42
V/AudioPolicyManagerBase(   97): stopOutput() output 1, stream 1, session 42
V/AudioPolicyManagerBase(   97): changeRefCount() stream 1, count 0
V/AudioPolicyManagerBase(   97): getNewDevice() selected device 0
V/AudioPolicyManagerALSA(   97): AudioPolicyManagerBase::setOutputDevice() output 1 device 0 delayMs 18
V/AudioPolicyManagerALSA(   97): setOutputDevice() setting same device 0 or null device for output 1
D/MusicPlayer( 1181): [BaiduMusicProvider:] +++query,url:content://BaiduMusic/local/musicInfo,table:0
V/AudioFlinger(   97): TrackBase::reset
D/LYRIC   ( 1181): LYRIC mNowLyricAudioId = 0, mPlayService.getAudioId() = -1
I/SurfaceFlinger(   94): id=75(3) createSurface 0x1594984 (1x1),1 flag=400, PlayingActivitz
V/PhoneStatusBar(  339): setLightsOn(true)
D/STATUSBAR-StatusBarManagerService(  234): setSystemUiVisibility(0x0)
D/STATUSBAR-StatusBarManagerService(  234): manageDisableList what=0x0 pkg=WindowManager.LayoutParams
D/GlRenderer( 1181): initialize
D/GlRenderer( 1181): initializeEgl
D/libEGL  ( 1181): loaded /system/lib/egl/libEGL_mali.so
D/libEGL  ( 1181): loaded /system/lib/egl/libGLESv1_CM_mali.so
D/libEGL  ( 1181): loaded /system/lib/egl/libGLESv2_mali.so
D/dalvikvm( 1181): GC_FOR_ALLOC freed 1190K, 17% free 10230K/12231K, paused 29ms
I/libEGL  ( 1181): eglCreateWindowSurface
D/OpenGLRenderer( 1181): Enabling debug mode 0
D/MusicPlayer( 1181): [BaiduMusicProvider:] +++query,url:content://BaiduMusic/local/musicInfo,table:0
D/MusicPlayer( 1181): [BaiduMusicProvider:] +++query,url:content://BaiduMusic/local/musicInfo,table:0
I/ClipboardServiceEx(  234): Send intent for dismiss clipboard dialog inside hideCurrentInputLocked() !
D/dalvikvm( 1158): GC_EXPLICIT freed 4K, 25% free 4468K/5895K, paused 3ms+3ms
D/dalvikvm( 1158): GC_EXPLICIT freed <1K, 25% free 4468K/5895K, paused 2ms+5ms
D/dalvikvm( 1181): GC_FOR_ALLOC freed 293K, 12% free 11381K/12807K, paused 20ms
I/dalvikvm-heap( 1181): Grow heap (frag case) to 13.094MB for 1463056-byte allocation
D/dalvikvm( 1181): GC_FOR_ALLOC freed 3K, 11% free 12807K/14279K, paused 23ms
W/ResourceType(  234): Skipping entry 0x7f040009 in package table 0 because it is not complex!
I/ActivityManager(  234): Displayed shortComponentName: +585ms
D/DEFERED_APP_VISIBILITY(  234): tweaking closing app
W/ResourceType(  234): Skipping entry 0x7f040007 in package table 0 because it is not complex!
I/SurfaceFlinger(   94): id=73 Removed MainFragmentActivitz idx=1 Map Size=4
I/SurfaceFlinger(   94): id=73 Removed MainFragmentActivitz idx=-2 Map Size=4
D/MusicPlayer( 1181): [MainFragmentActivity:] ++++onStop
W/PowerManagerService(  234): Timer 0x7->0x3|0x0
I/PowerManagerService(  234): Ulight 0x7->0x3|0x0
D/PowerManagerService(  234): setLightBrightness : mButtonLight : 0
E/DataRouter(  108): After the usb select 
E/DataRouter(  108): read length is zero
E/DataRouter(  108): dr_usb_deinit
E/DataRouter(  108): dr_usb_init
E/DataRouter(  108): USB Interface is open with 0xd
E/DataRouter(  108): USB interface is now configured for usb_fd = 0xd
E/DataRouter(  108): pcsyncreset
D/UsbDeviceManager(  234): USB UEVENT: {USB_STATE=CONFIGURED, SUBSYSTEM=android_usb, DEVPATH=/devices/virtual/android_usb/android0, SEQNUM=1373, ACTION=change}
D/UsbDeviceManager(  234): handleMessage -> MSG_UPDATE_STATE connected = 1,configured = 1
D/UsbDeviceManager(  234): updateUsbNotification : mConnected = true, mConfigured = true, mCurrentFunctions = mtp,adb
D/UsbDeviceManager(  234): updateAdbNotification : mAdbEnabled = true, mConnected = true, mAdbNotificationShown = false
D/UsbDeviceManager(  234): don't notify adb
D/UsbDeviceManager(  234): sending intent : ACTION_USB_STATE : connected = true, configured = true, functions = mtp,adb
E/DataRouter(  108): read usb data[len:0]
E/DataRouter(  108): read usb data message:
E/DataRouter(  108): Before the usb select 
E/SMD     (   89): ***Received data notification[DR->SMD]***
E/SMD     (   89): Path set is DATA_PATH_DR_SMD_MANAGER
E/SMD     (   89): Message:
E/SMD     (   89): Sending data to SMD: Len = [3]
E/SMD     (   89):  buffer = []
E/SMD     (   89): Wrote 3 chars to SMD PORT fd=11 ch = 81
E/DataRouter(  108): After the usb select 
E/DataRouter(  108): read usb data[len:1]
E/DataRouter(  108): read usb data message:A
E/DataRouter(  108): Before the usb select 
E/SMD     (   89): ***Received data notification[DR->SMD]***
E/SMD     (   89): Message:A
E/SMD     (   89): Sending data to SMD: Len = [1]
E/SMD     (   89):  buffer = [A]
