D/PHONESERVER(  146): Send thread's TID [394] CHNMNG:findNextEOL:
D/PHONESERVER(  146): Send thread's TID [394] CHNMNG:end findNextEOL:
E/SMD     (   89): Wrote 1 chars to SMD PORT fd=11 ch = d
D/PHONESERVER(  146): Send thread's TID [394] CHNMNG:findNextEOL:
D/PHONESERVER(  146): Send thread's TID [394] CHNMNG:end findNextEOL:
D/PHONESERVER(  146): Send thread's TID [394] PS_PTY : /dev/CHNPTY13 Received 10 bytes command[AT+WS46=?]
D/PHONESERVER(  146): Send thread TID [394] CHNMNG enter channel_manager_get_cmux 
D/PHONESERVER(  146): Before add wait array pty=0x37964
D/PHONESERVER(  146): Before add wait array
D/PHONESERVER(  146): 
D/PHONESERVER(  146): After add wait array
D/PHONESERVER(  146): [0]:394 
D/PHONESERVER(  146): 
D/PHONESERVER(  146): TYPE: GSM
D/PHONESERVER(  146): Send thread TID [394] CHNMNG Leave channel_manager_get_cmux:/dev/ts0710mux5 
D/PHONESERVER(  146): PS_CMUX cmux_regist_cmd_callback cmux:/dev/ts0710mux5
D/PHONESERVER(  146): PS_CMUX :/dev/ts0710mux5 cmux_write:AT+WS46=?:len=10
D/PHONESERVER(  146): Receive thread's TID [383] CHMNG:  receive data thread :mux=/dev/ts0710mux5:input:+CME ERROR: 4
D/PHONESERVER(  146): PS_CMUX cmux_deregist_cmd_callback cmux:/dev/ts0710mux5
D/PHONESERVER(  146): pty_write get lock
D/PHONESERVER(  146): PS_PTY:/dev/CHNPTY13   write :
D/PHONESERVER(  146): +CME ERROR: 4
D/PHONESERVER(  146): 
D/PHONESERVER(  146): pty_write free lock
D/SPRDENG (  151): eng_modem2server: use SIM1 /dev/CHNPTY13
D/SPRDENG (  151): AT < 
D/SPRDENG (  151): +CME ERROR: 4
D/SPRDENG (  151): 
E/SMD     (   89): After the Modem Read select 
E/SMD     (   89): Read 17 chars from SMD Modem file fd = 11
E/SMD     (   89):  Message: 
E/SMD     (   89): +CME ERROR: 4
E/SMD     (   89): 
E/SMD     (   89): OK
E/SMD     (   89): tion CO.
E/SMD     (   89): 
E/SMD     (   89): OK
E/SMD     (   89): ","SM"))
E/SMD     (   89): 
E/SMD     (   89): OK
E/SMD     (   89): G", "AC","PN", "FD","PU","PP","PC")
E/SMD     (   89): 
E/SMD     (   89): OK
E/SMD     (   89): 28-2013 12:11:48
E/SMD     (   89): 
E/SMD     (   89): OK
E/SMD     (   89): 
E/SMD     (   89): Before the Modem Read select 
E/DataRouter(  108): [socket:17]******* Received data notification *******
E/DataRouter(  108): [socket:17]read socket data[len:17]
E/DataRouter(  108): [socket:17]read socket data[message:
E/DataRouter(  108): +CME ERROR: 4
E/DataRouter(  108): 
E/DataRouter(  108): write [17] bytes of data to USB fd[13]
E/DataRouter(  108): [socket:17]dr_usb_write
D/PHONESERVER(  146): [394] before timeout (1400321276)
D/PHONESERVER(  146): CHNMNG enter channel_manager_free_cmux cmux=/dev/ts0710mux5 
D/PHONESERVER(  146): CHNMNG enter channel_manager_free_cmux pty=0x37964 
D/PHONESERVER(  146): [383] Before remove wait array
D/PHONESERVER(  146): [0]:394 
D/PHONESERVER(  146): 
D/PHONESERVER(  146): [383] After remove wait array
D/PHONESERVER(  146): 
D/PHONESERVER(  146): Enter select_send_thread_run
D/PHONESERVER(  146): Leave select_send_thread_run
D/PHONESERVER(  146): CHNMNG Leave channel_manager_free_cmux cmux=/dev/ts0710mux5 
D/PHONESERVER(  146): [383] before signal (1400321276)
D/PHONESERVER(  146): [383] after signal (1400321276)
D/PHONESERVER(  146): Receive thread's TID [383] MUX :/dev/ts0710mux5 Waiting for resp  
D/PHONESERVER(  146): [394] after timeout (1400321276)
D/PHONESERVER(  146): phoneserver mux adapt: generic cmd AT+WS46=?
E/DataRouter(  108): After the usb select 
E/DataRouter(  108): read usb data[len:1]
E/DataRouter(  108): read usb data message:A
E/DataRouter(  108): Before the usb select 
E/SMD     (   89): ***Received data notification[DR->SMD]***
E/SMD     (   89): Message:A
E/SMD     (   89): Sending data to SMD: Len = [1]
E/SMD     (   89):  buffer = [A]
E/SMD     (   89): Wrote 1 chars to SMD PORT fd=11 ch = 41
E/DataRouter(  108): After the usb select 
D/WindowManager(  234): finally selected target=Window{41692920  ***  paused=false}
E/DataRouter(  108): read usb data[len:2]
E/DataRouter(  108): read usb data message:T+
E/DataRouter(  108): Before the usb select 
E/SMD     (   89): ***Received data notification[DR->SMD]***
E/SMD     (   89): Path set is DATA_PATH_DR_SMD_MANAGER
E/SMD     (   89): Message:T+
E/SMD     (   89): Sending data to SMD: Len = [2]
E/SMD     (   89):  buffer = [T+]
E/SMD     (   89): Wrote 2 chars to SMD PORT fd=11 ch = 54
E/DataRouter(  108): After the usb select 
E/DataRouter(  108): read usb data[len:1]
E/DataRouter(  108): read usb data message:C
E/DataRouter(  108): Before the usb select 
E/SMD     (   89): ***Received data notification[DR->SMD]***
E/SMD     (   89): Message:C
E/SMD     (   89): Sending data to SMD: Len = [1]
E/SMD     (   89):  buffer = [C]
E/SMD     (   89): Wrote 1 chars to SMD PORT fd=11 ch = 43
E/DataRouter(  108): After the usb select 
E/DataRouter(  108): read usb data[len:2]
E/DataRouter(  108): read usb data message:GM
E/DataRouter(  108): Before the usb select 
E/SMD     (   89): ***Received data notification[DR->SMD]***
E/SMD     (   89): Path set is DATA_PATH_DR_SMD_MANAGER
E/SMD     (   89): Message:GM
E/SMD     (   89): Sending data to SMD: Len = [2]
E/SMD     (   89):  buffer = [GM]
E/SMD     (   89): Wrote 2 chars to SMD PORT fd=11 ch = 47
E/DataRouter(  108): After the usb select 
E/DataRouter(  108): read usb data[len:1]
E/DataRouter(  108): read usb data message:I
E/DataRouter(  108): Before the usb select 
E/SMD     (   89): ***Received data notification[DR->SMD]***
E/SMD     (   89): Message:I
E/SMD     (   89): Sending data to SMD: Len = [1]
E/SMD     (   89):  buffer = [I]
E/SMD     (   89): Wrote 1 chars to SMD PORT fd=11 ch = 49
E/DataRouter(  108): After the usb select 
E/DataRouter(  108): read usb data[len:1]
E/DataRouter(  108): read usb data message:
E/DataRouter(  108): Before the usb select 
E/SMD     (   89): ***Received data notification[DR->SMD]***
E/SMD     (   89): Message:
E/SMD     (   89): Sending data to SMD: Len = [1]
E/SMD     (   89):  buffer = []
D/SPRDENG (  151): eng_server2modem: use SIM1 /dev/CHNPTY13
D/SPRDENG (  151): AT > AT+CGMI
D/PHONESERVER(  146): Send thread's TID [394] CHNMNG:findNextEOL:
D/PHONESERVER(  146): Send thread's TID [394] CHNMNG:end findNextEOL:
E/SMD     (   89): Wrote 1 chars to SMD PORT fd=11 ch = d
D/PHONESERVER(  146): Send thread's TID [394] CHNMNG:findNextEOL:
D/PHONESERVER(  146): Send thread's TID [394] CHNMNG:end findNextEOL:
D/PHONESERVER(  146): Send thread's TID [394] PS_PTY : /dev/CHNPTY13 Received 8 bytes command[AT+CGMI]
D/PHONESERVER(  146): Send thread TID [394] CHNMNG enter channel_manager_get_cmux 
D/PHONESERVER(  146): Before add wait array pty=0x37964
D/PHONESERVER(  146): Before add wait array
D/PHONESERVER(  146): 
D/PHONESERVER(  146): After add wait array
D/PHONESERVER(  146): [0]:394 
D/PHONESERVER(  146): 
D/PHONESERVER(  146): TYPE: GSM
D/PHONESERVER(  146): Send thread TID [394] CHNMNG Leave channel_manager_get_cmux:/dev/ts0710mux5 
D/PHONESERVER(  146): PS_CMUX cmux_regist_cmd_callback cmux:/dev/ts0710mux5
D/PHONESERVER(  146): PS_CMUX :/dev/ts0710mux5 cmux_write:AT+CGMI:len=8
D/PHONESERVER(  146): Receive thread's TID [383] CHMNG:  receive data thread :mux=/dev/ts0710mux5:input:Spreadtrum Communication CO.
D/PHONESERVER(  146): pty_write get lock
D/PHONESERVER(  146): PS_PTY:/dev/CHNPTY13   write :
D/PHONESERVER(  146): Spreadtrum Communication CO.
D/PHONESERVER(  146): 
D/SPRDENG (  151): eng_modem2server: use SIM1 /dev/CHNPTY13
D/PHONESERVER(  146): pty_write free lock
D/PHONESERVER(  146): Receive thread's TID [383] MUX :/dev/ts0710mux5 Waiting for resp  
D/PHONESERVER(  146): Receive thread's TID [383] CHMNG:  receive data thread :mux=/dev/ts0710mux5:input:OK
D/PHONESERVER(  146): PS_CMUX cmux_deregist_cmd_callback cmux:/dev/ts0710mux5
D/PHONESERVER(  146): pty_write get lock
D/PHONESERVER(  146): PS_PTY:/dev/CHNPTY13   write :
D/PHONESERVER(  146): OK
D/PHONESERVER(  146): 
D/PHONESERVER(  146): pty_write free lock
D/PHONESERVER(  146): [394] before timeout (1400321276)
D/PHONESERVER(  146): CHNMNG enter channel_manager_free_cmux cmux=/dev/ts0710mux5 
D/PHONESERVER(  146): CHNMNG enter channel_manager_free_cmux pty=0x37964 
D/PHONESERVER(  146): [383] Before remove wait array
D/PHONESERVER(  146): [0]:394 
D/PHONESERVER(  146): 
D/PHONESERVER(  146): [383] After remove wait array
D/PHONESERVER(  146): 
D/PHONESERVER(  146): Enter select_send_thread_run
D/PHONESERVER(  146): Leave select_send_thread_run
D/PHONESERVER(  146): CHNMNG Leave channel_manager_free_cmux cmux=/dev/ts0710mux5 
D/PHONESERVER(  146): [383] before signal (1400321276)
D/PHONESERVER(  146): [383] after signal (1400321276)
D/PHONESERVER(  146): Receive thread's TID [383] MUX :/dev/ts0710mux5 Waiting for resp  
D/PHONESERVER(  146): [394] after timeout (1400321276)
D/PHONESERVER(  146): phoneserver mux adapt: generic cmd AT+CGMI
D/SPRDENG (  151): AT < 
D/SPRDENG (  151): Spreadtrum Communication CO.
D/SPRDENG (  151): 
D/SPRDENG (  151): OK
D/SPRDENG (  151): 
E/SMD     (   89): After the Modem Read select 
E/SMD     (   89): Read 38 chars from SMD Modem file fd = 11
E/SMD     (   89):  Message: 
E/SMD     (   89): Spreadtrum Communication CO.
E/SMD     (   89): 
E/SMD     (   89): OK
E/SMD     (   89): ","SM"))
E/SMD     (   89): 
E/SMD     (   89): OK
E/SMD     (   89): G", "AC","PN", "FD","PU","PP","PC")
E/SMD     (   89): 
E/SMD     (   89): OK
E/SMD     (   89): 28-2013 12:11:48
E/SMD     (   89): 
E/SMD     (   89): OK
E/SMD     (   89): 
E/SMD     (   89): Before the Modem Read select 
E/DataRouter(  108): [socket:17]******* Received data notification *******
E/DataRouter(  108): [socket:17]read socket data[len:38]
E/DataRouter(  108): [socket:17]read socket data[message:
E/DataRouter(  108): Spreadtrum Communication CO.
E/DataRouter(  108): 
E/DataRouter(  108): OK
E/DataRouter(  108): 
E/DataRouter(  108): write [38] bytes of data to USB fd[13]
E/DataRouter(  108): [socket:17]dr_usb_write
E/DataRouter(  108): After the usb select 
E/DataRouter(  108): read usb data[len:1]
E/DataRouter(  108): read usb data message:A
E/DataRouter(  108): Before the usb select 
E/SMD     (   89): ***Received data notification[DR->SMD]***
E/SMD     (   89): Message:A
E/SMD     (   89): Sending data to SMD: Len = [1]
E/SMD     (   89):  buffer = [A]
E/SMD     (   89): Wrote 1 chars to SMD PORT fd=11 ch = 41
E/DataRouter(  108): After the usb select 
E/DataRouter(  108): read usb data[len:1]
E/DataRouter(  108): read usb data message:T
E/DataRouter(  108): Before the usb select 
E/SMD     (   89): ***Received data notification[DR->SMD]***
E/SMD     (   89): Message:T
E/SMD     (   89): Sending data to SMD: Len = [1]
E/SMD     (   89):  buffer = [T]
E/SMD     (   89): Wrote 1 chars to SMD PORT fd=11 ch = 54
E/DataRouter(  108): After the usb select 
E/DataRouter(  108): read usb data[len:1]
E/DataRouter(  108): read usb data message:+
E/DataRouter(  108): Before the usb select 
E/SMD     (   89): ***Received data notification[DR->SMD]***
E/SMD     (   89): Message:+
E/SMD     (   89): Sending data to SMD: Len = [1]
E/SMD     (   89):  buffer = [+]
E/SMD     (   89): Wrote 1 chars to SMD PORT fd=11 ch = 2b
E/DataRouter(  108): After the usb select 
E/DataRouter(  108): read usb data[len:3]
E/DataRouter(  108): read usb data message:CGM
E/DataRouter(  108): Before the usb select 
E/SMD     (   89): ***Received data notification[DR->SMD]***
E/SMD     (   89): Path set is DATA_PATH_DR_SMD_MANAGER
E/SMD     (   89): Message:CGM
E/SMD     (   89): Sending data to SMD: Len = [3]
E/SMD     (   89):  buffer = [CGM]
E/SMD     (   89): Wrote 3 chars to SMD PORT fd=11 ch = 43
E/DataRouter(  108): After the usb select 
E/DataRouter(  108): read usb data[len:1]
E/DataRouter(  108): read usb data message:M
E/DataRouter(  108): Before the usb select 
E/SMD     (   89): ***Received data notification[DR->SMD]***
E/SMD     (   89): Message:M
E/SMD     (   89): Sending data to SMD: Len = [1]
E/SMD     (   89):  buffer = [M]
E/SMD     (   89): Wrote 1 chars to SMD PORT fd=11 ch = 4d
E/DataRouter(  108): After the usb select 
E/DataRouter(  108): read usb data[len:1]
E/DataRouter(  108): read usb data message:
E/DataRouter(  108): Before the usb select 
E/SMD     (   89): ***Received data notification[DR->SMD]***
E/SMD     (   89): Message:
E/SMD     (   89): Sending data to SMD: Len = [1]
E/SMD     (   89):  buffer = []
D/SPRDENG (  151): eng_server2modem: use SIM1 /dev/CHNPTY13
D/SPRDENG (  151): AT > AT+CGMM
D/PHONESERVER(  146): Send thread's TID [394] CHNMNG:findNextEOL:
D/PHONESERVER(  146): Send thread's TID [394] CHNMNG:end findNextEOL:
E/SMD     (   89): Wrote 1 chars to SMD PORT fd=11 ch = d
D/PHONESERVER(  146): Send thread's TID [394] CHNMNG:findNextEOL:
D/PHONESERVER(  146): Send thread's TID [394] CHNMNG:end findNextEOL:
D/PHONESERVER(  146): Send thread's TID [394] PS_PTY : /dev/CHNPTY13 Received 8 bytes command[AT+CGMM]
D/PHONESERVER(  146): Send thread TID [394] CHNMNG enter channel_manager_get_cmux 
D/PHONESERVER(  146): Before add wait array pty=0x37964
D/PHONESERVER(  146): Before add wait array
D/PHONESERVER(  146): 
D/PHONESERVER(  146): After add wait array
D/PHONESERVER(  146): [0]:394 
D/PHONESERVER(  146): 
D/PHONESERVER(  146): TYPE: GSM
D/PHONESERVER(  146): Send thread TID [394] CHNMNG Leave channel_manager_get_cmux:/dev/ts0710mux5 
D/PHONESERVER(  146): PS_CMUX cmux_regist_cmd_callback cmux:/dev/ts0710mux5
D/PHONESERVER(  146): PS_CMUX :/dev/ts0710mux5 cmux_write:AT+CGMM:len=8
D/PHONESERVER(  146): Receive thread's TID [383] CHMNG:  receive data thread :mux=/dev/ts0710mux5:input:V1.0.1-B7
D/PHONESERVER(  146): pty_write get lock
D/PHONESERVER(  146): PS_PTY:/dev/CHNPTY13   write :
D/PHONESERVER(  146): V1.0.1-B7
D/PHONESERVER(  146): 
D/PHONESERVER(  146): pty_write free lock
D/PHONESERVER(  146): Receive thread's TID [383] MUX :/dev/ts0710mux5 Waiting for resp  
D/PHONESERVER(  146): Receive thread's TID [383] CHMNG:  receive data thread :mux=/dev/ts0710mux5:input:OK
D/PHONESERVER(  146): PS_CMUX cmux_deregist_cmd_callback cmux:/dev/ts0710mux5
D/PHONESERVER(  146): pty_write get lock
D/PHONESERVER(  146): PS_PTY:/dev/CHNPTY13   write :
D/PHONESERVER(  146): OK
D/PHONESERVER(  146): 
D/SPRDENG (  151): eng_modem2server: use SIM1 /dev/CHNPTY13
D/SPRDENG (  151): AT < 
D/SPRDENG (  151): V1.0.1-B7
D/SPRDENG (  151): 
D/SPRDENG (  151): OK
D/SPRDENG (  151): 
D/WindowManager(  234): finally selected target=Window{41692920  ***  paused=false}
E/SMD     (   89): After the Modem Read select 
E/SMD     (   89): Read 19 chars from SMD Modem file fd = 11
E/SMD     (   89):  Message: 
E/SMD     (   89): V1.0.1-B7
E/SMD     (   89): 
E/SMD     (   89): OK
E/SMD     (   89): ication CO.
E/SMD     (   89): 
E/SMD     (   89): OK
E/SMD     (   89): ","SM"))
E/SMD     (   89): 
E/SMD     (   89): OK
E/SMD     (   89): G", "AC","PN", "FD","PU","PP","PC")
E/SMD     (   89): 
E/SMD     (   89): OK
E/SMD     (   89): 28-2013 12:11:48
E/SMD     (   89): 
E/SMD     (   89): OK
E/SMD     (   89): 
E/SMD     (   89): Before the Modem Read select 
E/DataRouter(  108): [socket:17]******* Received data notification *******
E/DataRouter(  108): [socket:17]read socket data[len:19]
E/DataRouter(  108): [socket:17]read socket data[message:
E/DataRouter(  108): V1.0.1-B7
E/DataRouter(  108): 
E/DataRouter(  108): OK
E/DataRouter(  108): 
E/DataRouter(  108): write [19] bytes of data to USB fd[13]
E/DataRouter(  108): [socket:17]dr_usb_write
D/PHONESERVER(  146): pty_write free lock
D/PHONESERVER(  146): [394] before timeout (1400321276)
D/PHONESERVER(  146): CHNMNG enter channel_manager_free_cmux cmux=/dev/ts0710mux5 
D/PHONESERVER(  146): CHNMNG enter channel_manager_free_cmux pty=0x37964 
D/PHONESERVER(  146): [383] Before remove wait array
D/PHONESERVER(  146): [0]:394 
D/PHONESERVER(  146): 
D/PHONESERVER(  146): [383] After remove wait array
D/PHONESERVER(  146): 
D/PHONESERVER(  146): Enter select_send_thread_run
D/PHONESERVER(  146): Leave select_send_thread_run
D/PHONESERVER(  146): CHNMNG Leave channel_manager_free_cmux cmux=/dev/ts0710mux5 
D/PHONESERVER(  146): [383] before signal (1400321276)
D/PHONESERVER(  146): [383] after signal (1400321276)
D/PHONESERVER(  146): Receive thread's TID [383] MUX :/dev/ts0710mux5 Waiting for resp  
D/PHONESERVER(  146): [394] after timeout (1400321276)
D/PHONESERVER(  146): phoneserver mux adapt: generic cmd AT+CGMM
E/DataRouter(  108): After the usb select 
E/DataRouter(  108): read usb data[len:1]
E/DataRouter(  108): read usb data message:A
E/DataRouter(  108): Before the usb select 
E/SMD     (   89): ***Received data notification[DR->SMD]***
E/SMD     (   89): Message:A
E/SMD     (   89): Sending data to SMD: Len = [1]
E/SMD     (   89):  buffer = [A]
E/SMD     (   89): Wrote 1 chars to SMD PORT fd=11 ch = 41
E/DataRouter(  108): After the usb select 
E/DataRouter(  108): read usb data[len:1]
E/DataRouter(  108): read usb data message:T
E/DataRouter(  108): Before the usb select 
E/SMD     (   89): ***Received data notification[DR->SMD]***
E/SMD     (   89): Message:T
E/SMD     (   89): Sending data to SMD: Len = [1]
E/SMD     (   89):  buffer = [T]
E/SMD     (   89): Wrote 1 chars to SMD PORT fd=11 ch = 54
E/DataRouter(  108): After the usb select 
E/DataRouter(  108): read usb data[len:1]
E/DataRouter(  108): read usb data message:+
E/DataRouter(  108): Before the usb select 
E/SMD     (   89): ***Received data notification[DR->SMD]***
E/SMD     (   89): Message:+
E/SMD     (   89): Sending data to SMD: Len = [1]
E/SMD     (   89):  buffer = [+]
E/SMD     (   89): Wrote 1 chars to SMD PORT fd=11 ch = 2b
E/DataRouter(  108): After the usb select 
E/DataRouter(  108): read usb data[len:1]
E/DataRouter(  108): read usb data message:C
E/DataRouter(  108): Before the usb select 
E/SMD     (   89): ***Received data notification[DR->SMD]***
E/SMD     (   89): Message:C
E/SMD     (   89): Sending data to SMD: Len = [1]
E/SMD     (   89):  buffer = [C]
E/SMD     (   89): Wrote 1 chars to SMD PORT fd=11 ch = 43
E/DataRouter(  108): After the usb select 
E/DataRouter(  108): read usb data[len:1]
E/DataRouter(  108): read usb data message:G
E/DataRouter(  108): Before the usb select 
E/SMD     (   89): ***Received data notification[DR->SMD]***
E/SMD     (   89): Message:G
E/SMD     (   89): Sending data to SMD: Len = [1]
E/SMD     (   89):  buffer = [G]
E/SMD     (   89): Wrote 1 chars to SMD PORT fd=11 ch = 47
E/DataRouter(  108): After the usb select 
E/DataRouter(  108): read usb data[len:1]
E/DataRouter(  108): read usb data message:M
E/DataRouter(  108): Before the usb select 
E/SMD     (   89): ***Received data notification[DR->SMD]***
E/SMD     (   89): Message:M
E/SMD     (   89): Sending data to SMD: Len = [1]
E/SMD     (   89):  buffer = [M]
E/SMD     (   89): Wrote 1 chars to SMD PORT fd=11 ch = 4d
D/WindowManager(  234): finally selected target=Window{41692920  ***  paused=false}
E/DataRouter(  108): After the usb select 
E/DataRouter(  108): read usb data[len:2]
E/DataRouter(  108): read usb data message:R
E/DataRouter(  108): Before the usb select 
E/SMD     (   89): ***Received data notification[DR->SMD]***
E/SMD     (   89): Message:R
E/SMD     (   89): Sending data to SMD: Len = [2]
E/SMD     (   89):  buffer = [R]
D/SPRDENG (  151): eng_server2modem: use SIM1 /dev/CHNPTY13
D/SPRDENG (  151): AT > AT+CGMR
D/PHONESERVER(  146): Send thread's TID [394] CHNMNG:findNextEOL:
D/PHONESERVER(  146): Send thread's TID [394] CHNMNG:end findNextEOL:
D/PHONESERVER(  146): Send thread's TID [394] CHNMNG:findNextEOL:
D/PHONESERVER(  146): Send thread's TID [394] CHNMNG:end findNextEOL:
D/PHONESERVER(  146): Send thread's TID [394] PS_PTY : /dev/CHNPTY13 Received 8 bytes command[AT+CGMR]
D/PHONESERVER(  146): Send thread TID [394] CHNMNG enter channel_manager_get_cmux 
D/PHONESERVER(  146): Before add wait array pty=0x37964
D/PHONESERVER(  146): Before add wait array
D/PHONESERVER(  146): 
D/PHONESERVER(  146): After add wait array
D/PHONESERVER(  146): [0]:394 
D/PHONESERVER(  146): 
D/PHONESERVER(  146): TYPE:NWM
D/PHONESERVER(  146): Send thread TID [394] CHNMNG Leave channel_manager_get_cmux:/dev/ts0710mux8 
D/PHONESERVER(  146): PS_CMUX cmux_regist_cmd_callback cmux:/dev/ts0710mux8
D/PHONESERVER(  146): PS_CMUX :/dev/ts0710mux8 cmux_write:AT+CGMR:len=8
D/PHONESERVER(  146): Receive thread's TID [386] CHMNG:  receive data thread :mux=/dev/ts0710mux8:input:CP_PRODUCT:SAMSUNG_SP_12B.W12.28_KYLE_V1.0_R1.5.6
D/PHONESERVER(  146): 
D/PHONESERVER(  146): pty_write get lock
D/PHONESERVER(  146): PS_PTY:/dev/CHNPTY13   write :
D/PHONESERVER(  146): CP_PRODUCT:SAMSUNG_SP_12B.W12.28_KYLE_V1.0_R1.5.6
D/PHONESERVER(  146): 
D/PHONESERVER(  146): 
D/PHONESERVER(  146): pty_write free lock
D/PHONESERVER(  146): Receive thread's TID [386] MUX :/dev/ts0710mux8 Waiting for resp  
D/PHONESERVER(  146): Receive thread's TID [386] CHMNG:  receive data thread :mux=/dev/ts0710mux8:input:S7568ZMMH2
D/PHONESERVER(  146): 
D/PHONESERVER(  146): pty_write get lock
D/PHONESERVER(  146): PS_PTY:/dev/CHNPTY13   write :
D/PHONESERVER(  146): S7568ZMMH2
D/PHONESERVER(  146): 
D/PHONESERVER(  146): 
D/SPRDENG (  151): eng_modem2server: use SIM1 /dev/CHNPTY13
D/PHONESERVER(  146): pty_write free lock
D/PHONESERVER(  146): Receive thread's TID [386] MUX :/dev/ts0710mux8 Waiting for resp  
D/PHONESERVER(  146): Receive thread's TID [386] CHMNG:  receive data thread :mux=/dev/ts0710mux8:input:GT-S7568
D/PHONESERVER(  146): 
D/PHONESERVER(  146): pty_write get lock
D/PHONESERVER(  146): PS_PTY:/dev/CHNPTY13   write :
D/PHONESERVER(  146): GT-S7568
D/PHONESERVER(  146): 
D/PHONESERVER(  146): 
D/PHONESERVER(  146): pty_write free lock
D/PHONESERVER(  146): Receive thread's TID [386] MUX :/dev/ts0710mux8 Waiting for resp  
D/PHONESERVER(  146): Receive thread's TID [386] CHMNG:  receive data thread :mux=/dev/ts0710mux8:input:CP_HW_VER
D/PHONESERVER(  146): 
D/PHONESERVER(  146): pty_write get lock
D/PHONESERVER(  146): PS_PTY:/dev/CHNPTY13   write :
D/PHONESERVER(  146): CP_HW_VER
D/PHONESERVER(  146): 
D/PHONESERVER(  146): 
D/PHONESERVER(  146): [394] before timeout (1400321276)
D/PHONESERVER(  146): pty_write free lock
D/PHONESERVER(  146): Receive thread's TID [386] MUX :/dev/ts0710mux8 Waiting for resp  
D/PHONESERVER(  146): Receive thread's TID [386] CHMNG:  receive data thread :mux=/dev/ts0710mux8:input:08-28-2013 12:11:48
D/PHONESERVER(  146): pty_write get lock
D/PHONESERVER(  146): PS_PTY:/dev/CHNPTY13   write :
D/PHONESERVER(  146): 08-28-2013 12:11:48
D/PHONESERVER(  146): 
D/PHONESERVER(  146): pty_write free lock
D/PHONESERVER(  146): Receive thread's TID [386] MUX :/dev/ts0710mux8 Waiting for resp  
D/PHONESERVER(  146): Receive thread's TID [386] CHMNG:  receive data thread :mux=/dev/ts0710mux8:input:OK
D/PHONESERVER(  146): PS_CMUX cmux_deregist_cmd_callback cmux:/dev/ts0710mux8
D/PHONESERVER(  146): pty_write get lock
D/PHONESERVER(  146): PS_PTY:/dev/CHNPTY13   write :
D/PHONESERVER(  146): OK
D/PHONESERVER(  146): 
E/SMD     (   89): Wrote 2 chars to SMD PORT fd=11 ch = 52
D/PHONESERVER(  146): pty_write free lock
D/PHONESERVER(  146): CHNMNG enter channel_manager_free_cmux cmux=/dev/ts0710mux8 
D/PHONESERVER(  146): CHNMNG enter channel_manager_free_cmux pty=0x37964 
D/PHONESERVER(  146): [386] Before remove wait array
D/PHONESERVER(  146): [0]:394 
D/PHONESERVER(  146): 
D/PHONESERVER(  146): [386] After remove wait array
D/PHONESERVER(  146): 
D/PHONESERVER(  146): Enter select_send_thread_run
D/PHONESERVER(  146): Leave select_send_thread_run
D/PHONESERVER(  146): CHNMNG Leave channel_manager_free_cmux cmux=/dev/ts0710mux8 
D/PHONESERVER(  146): [386] before signal (1400321276)
D/PHONESERVER(  146): [386] after signal (1400321276)
D/PHONESERVER(  146): Receive thread's TID [386] MUX :/dev/ts0710mux8 Waiting for resp  
D/PHONESERVER(  146): [394] after timeout (1400321276)
D/PHONESERVER(  146): phoneserver mux adapt: generic cmd AT+CGMR
D/SPRDENG (  151): AT < 
D/SPRDENG (  151): CP_PRODUCT:SAMSUNG_SP_12B.W12.28_KYLE_V1.0_R1.5.6
D/SPRDENG (  151): 
D/SPRDENG (  151): 
D/SPRDENG (  151): S7568ZMMH2
D/SPRDENG (  151): 
D/SPRDENG (  151): 
D/SPRDENG (  151): GT-S7568
D/SPRDENG (  151): 
D/SPRDENG (  151): 
D/SPRDENG (  151): CP_HW_VER
D/SPRDENG (  151): 
D/SPRDENG (  151): 
D/SPRDENG (  151): 08-28-2013 12:11:48
D/SPRDENG (  151): 
D/SPRDENG (  151): OK
D/SPRDENG (  151): 
E/SMD     (   89): After the Modem Read select 
E/SMD     (   89): Read 121 chars from SMD Modem file fd = 11
E/SMD     (   89):  Message: 
E/SMD     (   89): CP_PRODUCT:SAMSUNG_SP_12B.W12.28_KYLE_V1.0_R1.5.6
E/SMD     (   89): 
E/SMD     (   89): 
E/SMD     (   89): S7568ZMMH2
E/SMD     (   89): 
E/SMD     (   89): 
E/SMD     (   89): GT-S7568
E/SMD     (   89): 
E/SMD     (   89): 
E/SMD     (   89): CP_HW_VER
E/SMD     (   89): 
E/SMD     (   89): 
E/SMD     (   89): 08-28-2013 12:11:48
E/SMD     (   89): 
E/SMD     (   89): OK
E/SMD     (   89): 
E/SMD     (   89): Before the Modem Read select 
E/DataRouter(  108): [socket:17]******* Received data notification *******
E/DataRouter(  108): [socket:17]read socket data[len:121]
E/DataRouter(  108): [socket:17]read socket data[message:
E/DataRouter(  108): CP_PRODUCT:SAMSUNG_SP_12B.W12.28_KYLE_V1.0_R1.5.6
E/DataRouter(  108): 
E/DataRouter(  108): 
E/DataRouter(  108): S7568ZMMH2
E/DataRouter(  108): 
E/DataRouter(  108): 
E/DataRouter(  108): GT-S7568
E/DataRouter(  108): 
E/DataRouter(  108): 
E/DataRouter(  108): CP_HW_VER
E/DataRouter(  108): 
E/DataRouter(  108): 
E/DataRouter(  108): 08-28-2013 12:11:48
E/DataRouter(  108): 
E/DataRouter(  108): OK
E/DataRouter(  108): 
E/DataRouter(  108): write [121] bytes of data to USB fd[13]
E/DataRouter(  108): [socket:17]dr_usb_write
E/DataRouter(  108): After the usb select 
E/DataRouter(  108): read usb data[len:1]
E/DataRouter(  108): read usb data message:A
E/DataRouter(  108): Before the usb select 
E/SMD     (   89): ***Received data notification[DR->SMD]***
E/SMD     (   89): Message:A
E/SMD     (   89): Sending data to SMD: Len = [1]
E/SMD     (   89):  buffer = [A]
E/SMD     (   89): Wrote 1 chars to SMD PORT fd=11 ch = 41
E/DataRouter(  108): After the usb select 
E/DataRouter(  108): read usb data[len:1]
E/DataRouter(  108): read usb data message:T
E/DataRouter(  108): Before the usb select 
E/SMD     (   89): ***Received data notification[DR->SMD]***
E/SMD     (   89): Message:T
E/SMD     (   89): Sending data to SMD: Len = [1]
E/SMD     (   89):  buffer = [T]
E/SMD     (   89): Wrote 1 chars to SMD PORT fd=11 ch = 54
E/DataRouter(  108): After the usb select 
E/DataRouter(  108): read usb data[len:1]
E/DataRouter(  108): read usb data message:+
E/DataRouter(  108): Before the usb select 
E/SMD     (   89): ***Received data notification[DR->SMD]***
E/SMD     (   89): Message:+
E/SMD     (   89): Sending data to SMD: Len = [1]
E/SMD     (   89):  buffer = [+]
E/SMD     (   89): Wrote 1 chars to SMD PORT fd=11 ch = 2b
E/DataRouter(  108): After the usb select 
E/DataRouter(  108): read usb data[len:1]
E/DataRouter(  108): read usb data message:C
E/DataRouter(  108): Before the usb select 
E/SMD     (   89): ***Received data notification[DR->SMD]***
E/SMD     (   89): Message:C
E/SMD     (   89): Sending data to SMD: Len = [1]
E/SMD     (   89):  buffer = [C]
E/SMD     (   89): Wrote 1 chars to SMD PORT fd=11 ch = 43
E/DataRouter(  108): After the usb select 
E/DataRouter(  108): read usb data[len:1]
E/DataRouter(  108): read usb data message:G
E/DataRouter(  108): Before the usb select 
E/SMD     (   89): ***Received data notification[DR->SMD]***
E/SMD     (   89): Message:G
E/SMD     (   89): Sending data to SMD: Len = [1]
E/SMD     (   89):  buffer = [G]
E/SMD     (   89): Wrote 1 chars to SMD PORT fd=11 ch = 47
E/DataRouter(  108): After the usb select 
E/DataRouter(  108): read usb data[len:1]
E/DataRouter(  108): read usb data message:S
E/SMD     (   89): ***Received data notification[DR->SMD]***
E/SMD     (   89): Message:S
E/SMD     (   89): Sending data to SMD: Len = [1]
E/SMD     (   89):  buffer = [S]
E/SMD     (   89): Wrote 1 chars to SMD PORT fd=11 ch = 53
E/DataRouter(  108): Before the usb select 
E/DataRouter(  108): After the usb select 
E/DataRouter(  108): read usb data[len:1]
E/DataRouter(  108): read usb data message:N
E/SMD     (   89): ***Received data notification[DR->SMD]***
E/SMD     (   89): Message:N
E/SMD     (   89): Sending data to SMD: Len = [1]
E/SMD     (   89):  buffer = [N]
E/SMD     (   89): Wrote 1 chars to SMD PORT fd=11 ch = 4e
E/DataRouter(  108): Before the usb select 
E/DataRouter(  108): After the usb select 
E/DataRouter(  108): read usb data[len:1]
E/DataRouter(  108): read usb data message:
E/SMD     (   89): ***Received data notification[DR->SMD]***
E/SMD     (   89): Message:
E/SMD     (   89): Sending data to SMD: Len = [1]
E/SMD     (   89):  buffer = []
D/SPRDENG (  151): eng_server2modem: use SIM1 /dev/CHNPTY13
D/SPRDENG (  151): AT > AT+CGSN
D/PHONESERVER(  146): Send thread's TID [394] CHNMNG:findNextEOL:
D/PHONESERVER(  146): Send thread's TID [394] CHNMNG:end findNextEOL:
D/PHONESERVER(  146): Send thread's TID [394] CHNMNG:findNextEOL:
D/PHONESERVER(  146): Send thread's TID [394] CHNMNG:end findNextEOL:
D/PHONESERVER(  146): Send thread's TID [394] PS_PTY : /dev/CHNPTY13 Received 8 bytes command[AT+CGSN]
D/PHONESERVER(  146): Send thread TID [394] CHNMNG enter channel_manager_get_cmux 
D/PHONESERVER(  146): Before add wait array pty=0x37964
D/PHONESERVER(  146): Before add wait array
D/PHONESERVER(  146): 
D/PHONESERVER(  146): After add wait array
D/PHONESERVER(  146): [0]:394 
D/PHONESERVER(  146): 
D/PHONESERVER(  146): TYPE:NWM
D/PHONESERVER(  146): Send thread TID [394] CHNMNG Leave channel_manager_get_cmux:/dev/ts0710mux8 
D/PHONESERVER(  146): PS_CMUX cmux_regist_cmd_callback cmux:/dev/ts0710mux8
D/PHONESERVER(  146): PS_CMUX :/dev/ts0710mux8 cmux_write:AT+CGSN:len=8
D/SPRDENG (  151): eng_modem2server: use SIM1 /dev/CHNPTY13
D/PHONESERVER(  146): Receive thread's TID [386] CHMNG:  receive data thread :mux=/dev/ts0710mux8:input:357558056513787
D/PHONESERVER(  146): pty_write get lock
D/PHONESERVER(  146): PS_PTY:/dev/CHNPTY13   write :
D/PHONESERVER(  146): 357558056513787
D/PHONESERVER(  146): 
D/PHONESERVER(  146): [394] before timeout (1400321277)
D/PHONESERVER(  146): pty_write free lock
D/PHONESERVER(  146): Receive thread's TID [386] MUX :/dev/ts0710mux8 Waiting for resp  
D/PHONESERVER(  146): Receive thread's TID [386] CHMNG:  receive data thread :mux=/dev/ts0710mux8:input:OK
D/PHONESERVER(  146): PS_CMUX cmux_deregist_cmd_callback cmux:/dev/ts0710mux8
D/PHONESERVER(  146): pty_write get lock
D/PHONESERVER(  146): PS_PTY:/dev/CHNPTY13   write :
D/PHONESERVER(  146): OK
D/PHONESERVER(  146): 
D/SPRDENG (  151): AT < 
D/SPRDENG (  151): 357558056513787
D/SPRDENG (  151): 
D/SPRDENG (  151): OK
D/SPRDENG (  151): 
E/SMD     (   89): After the Modem Read select 
E/SMD     (   89): Read 25 chars from SMD Modem file fd = 11
E/SMD     (   89):  Message: 
E/SMD     (   89): 357558056513787
E/SMD     (   89): 
E/SMD     (   89): OK
E/SMD     (   89): 2B.W12.28_KYLE_V1.0_R1.5.6
E/SMD     (   89): 
E/SMD     (   89): 
E/SMD     (   89): S7568ZMMH2
E/SMD     (   89): 
E/SMD     (   89): 
E/SMD     (   89): GT-S7568
E/SMD     (   89): 
E/SMD     (   89): 
E/SMD     (   89): CP_HW_VER
E/SMD     (   89): 
E/SMD     (   89): 
E/SMD     (   89): 08-28-2013 12:11:48
E/SMD     (   89): 
E/SMD     (   89): OK
E/SMD     (   89): 
E/SMD     (   89): Before the Modem Read select 
E/DataRouter(  108): [socket:17]******* Received data notification *******
E/DataRouter(  108): [socket:17]read socket data[len:25]
E/DataRouter(  108): [socket:17]read socket data[message:
E/DataRouter(  108): 357558056513787
E/DataRouter(  108): 
E/DataRouter(  108): OK
E/DataRouter(  108): 
E/DataRouter(  108): write [25] bytes of data to USB fd[13]
E/DataRouter(  108): [socket:17]dr_usb_write
D/PHONESERVER(  146): pty_write free lock
D/PHONESERVER(  146): CHNMNG enter channel_manager_free_cmux cmux=/dev/ts0710mux8 
D/PHONESERVER(  146): CHNMNG enter channel_manager_free_cmux pty=0x37964 
D/PHONESERVER(  146): [386] Before remove wait array
D/PHONESERVER(  146): [0]:394 
D/PHONESERVER(  146): 
D/PHONESERVER(  146): [386] After remove wait array
D/PHONESERVER(  146): 
D/PHONESERVER(  146): Enter select_send_thread_run
D/PHONESERVER(  146): Leave select_send_thread_run
D/PHONESERVER(  146): CHNMNG Leave channel_manager_free_cmux cmux=/dev/ts0710mux8 
D/PHONESERVER(  146): [386] before signal (1400321277)
D/PHONESERVER(  146): [386] after signal (1400321277)
D/PHONESERVER(  146): Receive thread's TID [386] MUX :/dev/ts0710mux8 Waiting for resp  
D/PHONESERVER(  146): [394] after timeout (1400321277)
D/PHONESERVER(  146): phoneserver mux adapt: generic cmd AT+CGSN
E/SMD     (   89): Wrote 1 chars to SMD PORT fd=11 ch = d
E/DataRouter(  108): Before the usb select 
E/DataRouter(  108): After the usb select 
D/WindowManager(  234): finally selected target=Window{41692920  ***  paused=false}
E/DataRouter(  108): read usb data[len:3]
E/DataRouter(  108): read usb data message:ATI
E/SMD     (   89): ***Received data notification[DR->SMD]***
E/SMD     (   89): Path set is DATA_PATH_DR_SMD_MANAGER
E/SMD     (   89): Message:ATI
E/SMD     (   89): Sending data to SMD: Len = [3]
E/SMD     (   89):  buffer = [ATI]
E/SMD     (   89): Wrote 3 chars to SMD PORT fd=11 ch = 41
E/DataRouter(  108): Before the usb select 
E/DataRouter(  108): After the usb select 
E/DataRouter(  108): read usb data[len:1]
E/DataRouter(  108): read usb data message:
E/SMD     (   89): ***Received data notification[DR->SMD]***
E/SMD     (   89): Message:
E/SMD     (   89): Sending data to SMD: Len = [1]
E/SMD     (   89):  buffer = []
D/SPRDENG (  151): eng_server2modem: use SIM1 /dev/CHNPTY13
D/SPRDENG (  151): AT > ATI
D/PHONESERVER(  146): Send thread's TID [394] CHNMNG:findNextEOL:
D/PHONESERVER(  146): Send thread's TID [394] CHNMNG:end findNextEOL:
D/PHONESERVER(  146): Send thread's TID [394] CHNMNG:findNextEOL:
D/PHONESERVER(  146): Send thread's TID [394] CHNMNG:end findNextEOL:
D/PHONESERVER(  146): Send thread's TID [394] PS_PTY : /dev/CHNPTY13 Received 4 bytes command[ATI]
D/PHONESERVER(  146): Send thread TID [394] CHNMNG enter channel_manager_get_cmux 
D/PHONESERVER(  146): Before add wait array pty=0x37964
D/PHONESERVER(  146): Before add wait array
D/PHONESERVER(  146): 
D/PHONESERVER(  146): After add wait array
D/PHONESERVER(  146): [0]:394 
D/PHONESERVER(  146): 
D/PHONESERVER(  146): TYPE: GSM
D/PHONESERVER(  146): Send thread TID [394] CHNMNG Leave channel_manager_get_cmux:/dev/ts0710mux5 
D/PHONESERVER(  146): PS_CMUX cmux_regist_cmd_callback cmux:/dev/ts0710mux5
D/PHONESERVER(  146): PS_CMUX :/dev/ts0710mux5 cmux_write:ATI:len=4
D/PHONESERVER(  146): Receive thread's TID [383] CHMNG:  receive data thread :mux=/dev/ts0710mux5:input:+CME ERROR: 4
D/PHONESERVER(  146): PS_CMUX cmux_deregist_cmd_callback cmux:/dev/ts0710mux5
D/PHONESERVER(  146): pty_write get lock
D/PHONESERVER(  146): PS_PTY:/dev/CHNPTY13   write :
D/PHONESERVER(  146): +CME ERROR: 4
D/PHONESERVER(  146): 
D/PHONESERVER(  146): pty_write free lock
D/SPRDENG (  151): eng_modem2server: use SIM1 /dev/CHNPTY13
D/SPRDENG (  151): AT < 
D/SPRDENG (  151): +CME ERROR: 4
D/SPRDENG (  151): 
E/SMD     (   89): After the Modem Read select 
E/SMD     (   89): Read 17 chars from SMD Modem file fd = 11
E/SMD     (   89):  Message: 
E/SMD     (   89): +CME ERROR: 4
E/SMD     (   89): 
E/SMD     (   89): 
E/SMD     (   89): OK
E/SMD     (   89): 2B.W12.28_KYLE_V1.0_R1.5.6
E/SMD     (   89): 
E/SMD     (   89): 
E/SMD     (   89): S7568ZMMH2
E/SMD     (   89): 
E/SMD     (   89): 
E/SMD     (   89): GT-S7568
E/SMD     (   89): 
E/SMD     (   89): 
E/SMD     (   89): CP_HW_VER
E/SMD     (   89): 
E/SMD     (   89): 
E/SMD     (   89): 08-28-2013 12:11:48
E/SMD     (   89): 
E/SMD     (   89): OK
E/SMD     (   89): 
E/SMD     (   89): Before the Modem Read select 
E/DataRouter(  108): [socket:17]******* Received data notification *******
E/DataRouter(  108): [socket:17]read socket data[len:17]
E/DataRouter(  108): [socket:17]read socket data[message:
E/DataRouter(  108): +CME ERROR: 4
E/DataRouter(  108): 
E/DataRouter(  108): write [17] bytes of data to USB fd[13]
E/DataRouter(  108): [socket:17]dr_usb_write
D/PHONESERVER(  146): [394] before timeout (1400321277)
D/PHONESERVER(  146): CHNMNG enter channel_manager_free_cmux cmux=/dev/ts0710mux5 
D/PHONESERVER(  146): CHNMNG enter channel_manager_free_cmux pty=0x37964 
D/PHONESERVER(  146): [383] Before remove wait array
D/PHONESERVER(  146): [0]:394 
D/PHONESERVER(  146): 
D/PHONESERVER(  146): [383] After remove wait array
D/PHONESERVER(  146): 
D/PHONESERVER(  146): Enter select_send_thread_run
D/PHONESERVER(  146): Leave select_send_thread_run
D/PHONESERVER(  146): CHNMNG Leave channel_manager_free_cmux cmux=/dev/ts0710mux5 
D/PHONESERVER(  146): [383] before signal (1400321277)
D/PHONESERVER(  146): [383] after signal (1400321277)
D/PHONESERVER(  146): Receive thread's TID [383] MUX :/dev/ts0710mux5 Waiting for resp  
D/PHONESERVER(  146): [394] after timeout (1400321277)
D/PHONESERVER(  146): phoneserver mux adapt: generic cmd ATI
E/SMD     (   89): Wrote 1 chars to SMD PORT fd=11 ch = d
E/DataRouter(  108): Before the usb select 
E/DataRouter(  108): After the usb select 
E/DataRouter(  108): read usb data[len:1]
E/DataRouter(  108): read usb data message:A
E/SMD     (   89): ***Received data notification[DR->SMD]***
E/SMD     (   89): Message:A
E/SMD     (   89): Sending data to SMD: Len = [1]
E/SMD     (   89):  buffer = [A]
E/SMD     (   89): Wrote 1 chars to SMD PORT fd=11 ch = 41
E/DataRouter(  108): Before the usb select 
E/DataRouter(  108): After the usb select 
E/DataRouter(  108): read usb data[len:1]
E/DataRouter(  108): read usb data message:T
E/SMD     (   89): ***Received data notification[DR->SMD]***
E/SMD     (   89): Message:T
E/SMD     (   89): Sending data to SMD: Len = [1]
E/SMD     (   89):  buffer = [T]
E/SMD     (   89): Wrote 1 chars to SMD PORT fd=11 ch = 54
E/DataRouter(  108): Before the usb select 
E/DataRouter(  108): After the usb select 
E/DataRouter(  108): read usb data[len:1]
E/DataRouter(  108): read usb data message:*
E/SMD     (   89): ***Received data notification[DR->SMD]***
E/SMD     (   89): Message:*
E/SMD     (   89): Sending data to SMD: Len = [1]
E/SMD     (   89):  buffer = [*]
E/SMD     (   89): Wrote 1 chars to SMD PORT fd=11 ch = 2a
E/DataRouter(  108): Before the usb select 
E/DataRouter(  108): After the usb select 
E/DataRouter(  108): read usb data[len:1]
E/DataRouter(  108): read usb data message:C
E/SMD     (   89): ***Received data notification[DR->SMD]***
E/SMD     (   89): Message:C
E/SMD     (   89): Sending data to SMD: Len = [1]
E/SMD     (   89):  buffer = [C]
E/SMD     (   89): Wrote 1 chars to SMD PORT fd=11 ch = 43
E/DataRouter(  108): Before the usb select 
E/DataRouter(  108): After the usb select 
E/DataRouter(  108): read usb data[len:1]
E/DataRouter(  108): read usb data message:N
E/SMD     (   89): ***Received data notification[DR->SMD]***
E/SMD     (   89): Message:N
E/SMD     (   89): Sending data to SMD: Len = [1]
E/SMD     (   89):  buffer = [N]
E/SMD     (   89): Wrote 1 chars to SMD PORT fd=11 ch = 4e
E/DataRouter(  108): Before the usb select 
E/DataRouter(  108): After the usb select 
E/DataRouter(  108): read usb data[len:1]
E/DataRouter(  108): read usb data message:T
E/SMD     (   89): ***Received data notification[DR->SMD]***
E/SMD     (   89): Message:T
E/SMD     (   89): Sending data to SMD: Len = [1]
E/SMD     (   89):  buffer = [T]
E/SMD     (   89): Wrote 1 chars to SMD PORT fd=11 ch = 54
E/DataRouter(  108): Before the usb select 
E/DataRouter(  108): After the usb select 
E/DataRouter(  108): read usb data[len:3]
E/DataRouter(  108): read usb data message:I=2
E/SMD     (   89): ***Received data notification[DR->SMD]***
E/SMD     (   89): Path set is DATA_PATH_DR_SMD_MANAGER
E/SMD     (   89): Message:I=2
E/SMD     (   89): Sending data to SMD: Len = [3]
E/SMD     (   89):  buffer = [I=2]
E/SMD     (   89): Wrote 3 chars to SMD PORT fd=11 ch = 49
E/DataRouter(  108): Before the usb select 
E/DataRouter(  108): After the usb select 
E/DataRouter(  108): read usb data[len:1]
E/DataRouter(  108): read usb data message:
E/SMD     (   89): ***Received data notification[DR->SMD]***
E/SMD     (   89): Message:
E/SMD     (   89): Sending data to SMD: Len = [1]
E/SMD     (   89):  buffer = []
D/SPRDENG (  151): eng_server2modem: use SIM1 /dev/CHNPTY13
D/SPRDENG (  151): AT > AT*CNTI=2
D/PHONESERVER(  146): Send thread's TID [394] CHNMNG:findNextEOL:
D/PHONESERVER(  146): Send thread's TID [394] CHNMNG:end findNextEOL:
D/PHONESERVER(  146): Send thread's TID [394] CHNMNG:findNextEOL:
D/PHONESERVER(  146): Send thread's TID [394] CHNMNG:end findNextEOL:
D/PHONESERVER(  146): Send thread's TID [394] PS_PTY : /dev/CHNPTY13 Received 10 bytes command[AT*CNTI=2]
D/PHONESERVER(  146): Send thread TID [394] CHNMNG enter channel_manager_get_cmux 
D/PHONESERVER(  146): Before add wait array pty=0x37964
D/PHONESERVER(  146): Before add wait array
D/PHONESERVER(  146): 
D/PHONESERVER(  146): After add wait array
D/PHONESERVER(  146): [0]:394 
D/PHONESERVER(  146): 
D/PHONESERVER(  146): TYPE: GSM
D/PHONESERVER(  146): Send thread TID [394] CHNMNG Leave channel_manager_get_cmux:/dev/ts0710mux5 
D/PHONESERVER(  146): PS_CMUX cmux_regist_cmd_callback cmux:/dev/ts0710mux5
D/PHONESERVER(  146): PS_CMUX :/dev/ts0710mux5 cmux_write:AT*CNTI=2:len=10
D/PHONESERVER(  146): Receive thread's TID [383] CHMNG:  receive data thread :mux=/dev/ts0710mux5:input:+CME ERROR: 4
D/PHONESERVER(  146): PS_CMUX cmux_deregist_cmd_callback cmux:/dev/ts0710mux5
D/PHONESERVER(  146): pty_write get lock
D/PHONESERVER(  146): PS_PTY:/dev/CHNPTY13   write :
D/PHONESERVER(  146): +CME ERROR: 4
D/PHONESERVER(  146): 
D/PHONESERVER(  146): pty_write free lock
D/SPRDENG (  151): eng_modem2server: use SIM1 /dev/CHNPTY13
D/SPRDENG (  151): AT < 
D/SPRDENG (  151): +CME ERROR: 4
D/SPRDENG (  151): 
E/SMD     (   89): After the Modem Read select 
E/SMD     (   89): Read 17 chars from SMD Modem file fd = 11
E/SMD     (   89):  Message: 
E/SMD     (   89): +CME ERROR: 4
E/SMD     (   89): 
E/SMD     (   89): 
E/SMD     (   89): OK
E/SMD     (   89): 2B.W12.28_KYLE_V1.0_R1.5.6
E/SMD     (   89): 
E/SMD     (   89): 
E/SMD     (   89): S7568ZMMH2
E/SMD     (   89): 
E/SMD     (   89): 
E/SMD     (   89): GT-S7568
E/SMD     (   89): 
E/SMD     (   89): 
E/SMD     (   89): CP_HW_VER
E/SMD     (   89): 
E/SMD     (   89): 
E/SMD     (   89): 08-28-2013 12:11:48
E/SMD     (   89): 
E/SMD     (   89): OK
E/SMD     (   89): 
E/SMD     (   89): Before the Modem Read select 
E/DataRouter(  108): [socket:17]******* Received data notification *******
E/DataRouter(  108): [socket:17]read socket data[len:17]
E/DataRouter(  108): [socket:17]read socket data[message:
E/DataRouter(  108): +CME ERROR: 4
E/DataRouter(  108): 
E/DataRouter(  108): write [17] bytes of data to USB fd[13]
E/DataRouter(  108): [socket:17]dr_usb_write
D/PHONESERVER(  146): [394] before timeout (1400321277)
D/PHONESERVER(  146): CHNMNG enter channel_manager_free_cmux cmux=/dev/ts0710mux5 
D/PHONESERVER(  146): CHNMNG enter channel_manager_free_cmux pty=0x37964 
D/PHONESERVER(  146): [383] Before remove wait array
D/PHONESERVER(  146): [0]:394 
D/PHONESERVER(  146): 
D/PHONESERVER(  146): [383] After remove wait array
D/PHONESERVER(  146): 
D/PHONESERVER(  146): Enter select_send_thread_run
D/PHONESERVER(  146): Leave select_send_thread_run
D/PHONESERVER(  146): CHNMNG Leave channel_manager_free_cmux cmux=/dev/ts0710mux5 
D/WindowManager(  234): finally selected target=Window{41692920  ***  paused=false}
D/PHONESERVER(  146): [383] before signal (1400321277)
D/PHONESERVER(  146): [383] after signal (1400321277)
D/PHONESERVER(  146): Receive thread's TID [383] MUX :/dev/ts0710mux5 Waiting for resp  
D/PHONESERVER(  146): [394] after timeout (1400321277)
D/PHONESERVER(  146): phoneserver mux adapt: generic cmd AT*CNTI=2
E/SMD     (   89): Wrote 1 chars to SMD PORT fd=11 ch = d
E/DataRouter(  108): Before the usb select 
E/DataRouter(  108): After the usb select 
E/DataRouter(  108): read usb data[len:1]
E/DataRouter(  108): read usb data message:A
E/SMD     (   89): ***Received data notification[DR->SMD]***
E/SMD     (   89): Message:A
E/SMD     (   89): Sending data to SMD: Len = [1]
E/SMD     (   89):  buffer = [A]
E/SMD     (   89): Wrote 1 chars to SMD PORT fd=11 ch = 41
E/DataRouter(  108): Before the usb select 
E/DataRouter(  108): After the usb select 
E/DataRouter(  108): read usb data[len:1]
E/DataRouter(  108): read usb data message:T
E/SMD     (   89): ***Received data notification[DR->SMD]***
E/SMD     (   89): Message:T
E/SMD     (   89): Sending data to SMD: Len = [1]
E/SMD     (   89):  buffer = [T]
E/SMD     (   89): Wrote 1 chars to SMD PORT fd=11 ch = 54
E/DataRouter(  108): Before the usb select 
E/DataRouter(  108): After the usb select 
E/DataRouter(  108): read usb data[len:1]
E/DataRouter(  108): read usb data message:+
E/SMD     (   89): ***Received data notification[DR->SMD]***
E/SMD     (   89): Message:+
E/SMD     (   89): Sending data to SMD: Len = [1]
E/SMD     (   89):  buffer = [+]
E/SMD     (   89): Wrote 1 chars to SMD PORT fd=11 ch = 2b
E/DataRouter(  108): Before the usb select 
E/DataRouter(  108): After the usb select 
E/DataRouter(  108): read usb data[len:1]
E/DataRouter(  108): read usb data message:W
E/SMD     (   89): ***Received data notification[DR->SMD]***
E/SMD     (   89): Message:W
E/SMD     (   89): Sending data to SMD: Len = [1]
E/SMD     (   89):  buffer = [W]
E/SMD     (   89): Wrote 1 chars to SMD PORT fd=11 ch = 57
E/DataRouter(  108): Before the usb select 
E/DataRouter(  108): After the usb select 
E/DataRouter(  108): read usb data[len:1]
E/DataRouter(  108): read usb data message:S
E/SMD     (   89): ***Received data notification[DR->SMD]***
E/SMD     (   89): Message:S
E/SMD     (   89): Sending data to SMD: Len = [1]
E/SMD     (   89):  buffer = [S]
E/SMD     (   89): Wrote 1 chars to SMD PORT fd=11 ch = 53
E/DataRouter(  108): Before the usb select 
E/DataRouter(  108): After the usb select 
E/DataRouter(  108): read usb data[len:1]
E/DataRouter(  108): read usb data message:4
E/SMD     (   89): ***Received data notification[DR->SMD]***
E/SMD     (   89): Message:4
E/SMD     (   89): Sending data to SMD: Len = [1]
E/SMD     (   89):  buffer = [4]
E/SMD     (   89): Wrote 1 chars to SMD PORT fd=11 ch = 34
E/DataRouter(  108): Before the usb select 
E/DataRouter(  108): After the usb select 
E/DataRouter(  108): read usb data[len:1]
E/DataRouter(  108): read usb data message:6
E/SMD     (   89): ***Received data notification[DR->SMD]***
E/SMD     (   89): Message:6
E/SMD     (   89): Sending data to SMD: Len = [1]
E/SMD     (   89):  buffer = [6]
E/SMD     (   89): Wrote 1 chars to SMD PORT fd=11 ch = 36
E/DataRouter(  108): Before the usb select 
E/DataRouter(  108): After the usb select 
E/DataRouter(  108): read usb data[len:1]
E/DataRouter(  108): read usb data message:=
E/SMD     (   89): ***Received data notification[DR->SMD]***
E/SMD     (   89): Message:=
E/SMD     (   89): Sending data to SMD: Len = [1]
E/SMD     (   89):  buffer = [=]
E/SMD     (   89): Wrote 1 chars to SMD PORT fd=11 ch = 3d
E/DataRouter(  108): Before the usb select 
E/DataRouter(  108): After the usb select 
E/DataRouter(  108): read usb data[len:1]
E/DataRouter(  108): read usb data message:?
E/SMD     (   89): ***Received data notification[DR->SMD]***
E/SMD     (   89): Message:?
E/SMD     (   89): Sending data to SMD: Len = [1]
E/SMD     (   89):  buffer = [?]
E/SMD     (   89): Wrote 1 chars to SMD PORT fd=11 ch = 3f
E/DataRouter(  108): Before the usb select 
E/DataRouter(  108): After the usb select 
E/DataRouter(  108): read usb data[len:1]
E/DataRouter(  108): read usb data message:
E/SMD     (   89): ***Received data notification[DR->SMD]***
E/SMD     (   89): Message:
E/SMD     (   89): Sending data to SMD: Len = [1]
E/SMD     (   89):  buffer = []
D/SPRDENG (  151): eng_server2modem: use SIM1 /dev/CHNPTY13
D/SPRDENG (  151): AT > AT+WS46=?
D/PHONESERVER(  146): Send thread's TID [394] CHNMNG:findNextEOL:
D/PHONESERVER(  146): Send thread's TID [394] CHNMNG:end findNextEOL:
D/PHONESERVER(  146): Send thread's TID [394] CHNMNG:findNextEOL:
D/PHONESERVER(  146): Send thread's TID [394] CHNMNG:end findNextEOL:
D/PHONESERVER(  146): Send thread's TID [394] PS_PTY : /dev/CHNPTY13 Received 10 bytes command[AT+WS46=?]
D/PHONESERVER(  146): Send thread TID [394] CHNMNG enter channel_manager_get_cmux 
D/PHONESERVER(  146): Before add wait array pty=0x37964
D/PHONESERVER(  146): Before add wait array
D/PHONESERVER(  146): 
D/PHONESERVER(  146): After add wait array
D/PHONESERVER(  146): [0]:394 
D/PHONESERVER(  146): 
D/PHONESERVER(  146): TYPE: GSM
D/PHONESERVER(  146): Send thread TID [394] CHNMNG Leave channel_manager_get_cmux:/dev/ts0710mux5 
D/PHONESERVER(  146): PS_CMUX cmux_regist_cmd_callback cmux:/dev/ts0710mux5
D/PHONESERVER(  146): PS_CMUX :/dev/ts0710mux5 cmux_write:AT+WS46=?:len=10
D/PHONESERVER(  146): Receive thread's TID [383] CHMNG:  receive data thread :mux=/dev/ts0710mux5:input:+CME ERROR: 4
D/PHONESERVER(  146): PS_CMUX cmux_deregist_cmd_callback cmux:/dev/ts0710mux5
D/PHONESERVER(  146): pty_write get lock
D/PHONESERVER(  146): PS_PTY:/dev/CHNPTY13   write :
D/PHONESERVER(  146): +CME ERROR: 4
D/PHONESERVER(  146): 
D/PHONESERVER(  146): pty_write free lock
E/SMD     (   89): Wrote 1 chars to SMD PORT fd=11 ch = d
