I/WindowManager(  234): WIN DEATH: Window{416b7ce8  ***  paused=false}
I/WindowManager(  234): WIN DEATH: Window{417bfda8  ***  paused=true}
I/WindowManager(  234): WIN DEATH: Window{414fe958  ***  paused=false}
I/WindowManager(  234): WIN DEATH: Window{41700768  ***  paused=false}
I/WindowManager(  234): WINDOW DIED Window{416b7ce8  ***  paused=false}
D/BatteryService(  234): update start
D/BatteryService(  234): level:100 scale:100 status:5 health:2 present:true voltage: 4299 temperature: 370 technology: Li-ion AC powered:false USB powered:true icon:17303188 invalid charger:0
D/BatteryService(  234): turn on LED for fully charged
V/UiModeManager(  234): updateLocked, mLastBroadcastState =0 , oldAction = null
D/STATUSBAR-NotificationService(  234): cancelNotification - pkg:XXX.XXXXX.XXXXXXXXX, id:2131493635
D/PowerManagerService(  234): setScreenOffTimeouts mKeylightDelay=1500 mDimDelay=51500 mScreenOffDelay=7000 mDimScreen=true
D/PowerManagerService(  234): reactivateScreenLocksLocked mProxIgnoredBecauseScreenTurnedOff=false
D/PowerManagerService(  234): Screen__On : acquireWakeLock flags=0x1000001a tag=keyguard uid=1000 pid=234   myUID=1000 myPID=234 myTID=290
D/PowerManagerService(  234): sendNotificationLocked on=true
I/PowerManagerService(  234): Ulight 0x0->0x4|0x0
D/PowerManagerService(  234): setLightBrightness : mButtonLight : 102
D/PowerManagerService(  234): mNotificationTask : on
D/BatteryService(  234): turn off LED
I/WindowManager(  234): Lock screen displayed!
I/PowerManagerService(  234): Ulight 0x7->0x7|0x1
D/STATUSBAR-NotificationService(  234): ACTION_SCREEN_ON
D/STATUSBAR-NotificationService(  234): updateLightsLocked() : Turn off notification light
W/AlarmManager(  234): FACTORY_ON= 0
I/PowerManagerService(  234): Light Animator Finished curIntValue=102
D/PowerManagerService(  234): acquireWakeLock flags=0x1000001a tag=keyguard uid=1000 pid=234   myUID=1000 myPID=234 myTID=290
D/PowerManagerService(  234): acquireWakeLock flags=0x1000001a tag=keyguard uid=1000 pid=234   myUID=1000 myPID=234 myTID=290
D/PowerManagerService(  234): enableUserActivity true
D/STATUSBAR-StatusBarManagerService(  234): manageDisableList what=0x0 pkg=android
D/PowerManagerService(  234): releaseWakeLockLocked flags=0x0 tag=keyguard myUID=1000 myPID=234 myTID=290
I/PowerManagerService(  234): Ulight 0x7->0x3|0x0
D/PowerManagerService(  234): setLightBrightness : mButtonLight : 0
D/STATUSBAR-NotificationService(  234): ACTION_USER_PRESENT
D/PhoneStatusBar(  339): disable: < expand icons alerts ticker system_info BACK HOME recent* CLOCK >
D/WifiService(  234): Receive Unlock screen
D/STATUSBAR-StatusBarManagerService(  234): setSystemUiVisibility(0x0)
D/STATUSBAR-StatusBarManagerService(  234): manageDisableList what=0x0 pkg=WindowManager.LayoutParams
D/PhoneStatusBar(  339): disable: < expand icons alerts ticker system_info back* home* recent clock* >
W/InputManagerService(  234): Window already focused, ignoring focus gain of: com.android.internal.view.IInputMethodClient$Stub$Proxy@4158f1d0
I/PowerManagerService(  234): Ulight 0x3->0x7|0x0
D/PowerManagerService(  234): setLightBrightness : mButtonLight : 102
D/VibratorService(  234): JNI vibratorOff()
D/STATUSBAR-NotificationService(  234): updateLightsLocked() : Turn off notification light
D/STATUSBAR-StatusBarManagerService(  234): setSystemUiVisibility(0x0)
D/STATUSBAR-StatusBarManagerService(  234): manageDisableList what=0x0 pkg=WindowManager.LayoutParams
I/ActivityManager(  234): START {act=android.settings.SETTINGS flg=0x10000000 cmp=xxxx} from pid 339
I/ActivityManager(  234): Start proc app.processName for activity hostingNameStr: pid=2234 uid=1000 gids={3003, 1015, 1023, 1007, 1006, 3002, 3001, 3006}
D/VibratorService(  234): JNI vibratorOff()
D/STATUSBAR-NotificationService(  234): updateLightsLocked() : Turn off notification light
D/DEFERED_APP_VISIBILITY(  234): tweaking closing app
D/STATUSBAR-StatusBarManagerService(  234): setSystemUiVisibility(0x0)
D/STATUSBAR-StatusBarManagerService(  234): manageDisableList what=0x0 pkg=WindowManager.LayoutParams
D/PowerManagerService(  234): mIsSipVisible : false
I/ActivityManager(  234): START {act=android.intent.action.MAIN cmp=xxxx (has extras)} from pid 2234
D/ActivityManager(  234): Trying to launch applicationName
D/STATUSBAR-StatusBarManagerService(  234): setSystemUiVisibility(0x0)
D/STATUSBAR-StatusBarManagerService(  234): manageDisableList what=0x0 pkg=WindowManager.LayoutParams
D/DEFERED_APP_VISIBILITY(  234): tweaking closing app
D/WindowManager(  234): finally selected target=Window{414c5de0  ***  paused=false}
D/WindowManager(  234): finally selected target=Window{414c5de0  ***  paused=false}
D/WindowManager(  234): finally selected target=Window{414c5de0  ***  paused=false}
D/WindowManager(  234): finally selected target=Window{414c5de0  ***  paused=false}
D/WindowManager(  234): finally selected target=Window{414c5de0  ***  paused=false}
D/WindowManager(  234): finally selected target=Window{414c5de0  ***  paused=false}
D/WindowManager(  234): finally selected target=Window{414c5de0  ***  paused=false}
D/WindowManager(  234): finally selected target=Window{414c5de0  ***  paused=false}
D/WindowManager(  234): finally selected target=Window{414c5de0  ***  paused=false}
D/WindowManager(  234): finally selected target=Window{414c5de0  ***  paused=false}
D/WindowManager(  234): finally selected target=Window{414c5de0  ***  paused=false}
D/WindowManager(  234): finally selected target=Window{414c5de0  ***  paused=false}
D/WindowManager(  234): finally selected target=Window{414c5de0  ***  paused=false}
D/WindowManager(  234): finally selected target=Window{414c5de0  ***  paused=false}
D/WindowManager(  234): finally selected target=Window{414c5de0  ***  paused=false}
D/WindowManager(  234): finally selected target=Window{414c5de0  ***  paused=false}
V/AlarmManager(  234): waitForAlarm result :2
V/AlarmManager(  234): waitForAlarm result :8
V/AlarmManager(  234): ClockReceiver onReceive() ACTION_TIME_TICK
W/AlarmManager(  234): FACTORY_ON= 0
D/WindowManager(  234): finally selected target=Window{414c5de0  ***  paused=false}
D/WindowManager(  234): finally selected target=Window{414c5de0  ***  paused=false}
D/WindowManager(  234): finally selected target=Window{414c5de0  ***  paused=false}
D/WindowManager(  234): finally selected target=Window{414c5de0  ***  paused=false}
D/STATUSBAR-StatusBarManagerService(  234): setSystemUiVisibility(0x0)
D/STATUSBAR-StatusBarManagerService(  234): manageDisableList what=0x0 pkg=WindowManager.LayoutParams
D/DEFERED_APP_VISIBILITY(  234): tweaking closing app
I/ActivityManager(  234): START {cmp=xxxx} from pid 2234
D/ActivityManager(  234): Trying to launch applicationName
I/ActivityManager(  234): START {act=android.intent.action.MAIN cat=[ xxx ] flg=0x10000000 cmp=xxxx} from pid 981
D/ActivityManager(  234): Trying to launch applicationName
D/DEFERED_APP_VISIBILITY(  234): tweaking closing app
D/DEFERED_APP_VISIBILITY(  234): tweaking closing app
D/WindowManager(  234): finally selected target=Window{414c5de0  ***  paused=false}
D/WindowManager(  234): finally selected target=Window{414c5de0  ***  paused=false}
D/WindowManager(  234): finally selected target=Window{414c5de0  ***  paused=false}
D/WindowManager(  234): finally selected target=Window{414c5de0  ***  paused=false}
D/WindowManager(  234): finally selected target=Window{414c5de0  ***  paused=false}
D/WindowManager(  234): finally selected target=Window{414c5de0  ***  paused=false}
D/WindowManager(  234): finally selected target=Window{414c5de0  ***  paused=false}
D/WindowManager(  234): finally selected target=Window{414c5de0  ***  paused=false}
D/WindowManager(  234): finally selected target=Window{414c5de0  ***  paused=false}
D/STATUSBAR-NotificationService(  234): cancelNotification - pkg:XXX.XXXXX.XXXXXXX.XXX, id:0
D/WindowManager(  234): finally selected target=Window{414c5de0  ***  paused=false}
E/WifiP2pStateTracker(  234): getNetworkInfo : NetworkInfo: type: wifi_p2p[], state: UNKNOWN/IDLE, reason: (unspecified), extra: (none), roaming: false, failover: false, isAvailable: false
E/WifiP2pStateTracker(  234): getNetworkInfo : NetworkInfo: type: wifi_p2p[], state: UNKNOWN/IDLE, reason: (unspecified), extra: (none), roaming: false, failover: false, isAvailable: false
I/ActivityManager(  234): START {act=com.baidu.action.ota.NETWORK_CONNECT_FAILED flg=0x10000000 cmp=xxxx} from pid 981
D/WindowManager(  234): finally selected target=Window{414c5de0  ***  paused=false}
D/WindowManager(  234): finally selected target=Window{414c5de0  ***  paused=false}
D/WindowManager(  234): finally selected target=Window{414c5de0  ***  paused=false}
D/ActivityManager(  234): Trying to launch applicationName
D/WindowManager(  234): finally selected target=Window{414c5de0  ***  paused=false}
D/WindowManager(  234): finally selected target=Window{414c5de0  ***  paused=false}
D/WindowManager(  234): finally selected target=Window{414c5de0  ***  paused=false}
D/WindowManager(  234): finally selected target=Window{414c5de0  ***  paused=false}
D/WindowManager(  234): finally selected target=Window{414c5de0  ***  paused=false}
D/WindowManager(  234): finally selected target=Window{414c5de0  ***  paused=false}
D/WindowManager(  234): finally selected target=Window{414c5de0  ***  paused=false}
D/WindowManager(  234): finally selected target=Window{414c5de0  ***  paused=false}
D/WindowManager(  234): finally selected target=Window{414c5de0  ***  paused=false}
D/WindowManager(  234): finally selected target=Window{414c5de0  ***  paused=false}
D/STATUSBAR-StatusBarManagerService(  234): setSystemUiVisibility(0x0)
D/STATUSBAR-StatusBarManagerService(  234): manageDisableList what=0x0 pkg=WindowManager.LayoutParams
D/STATUSBAR-NotificationService(  234): cancelNotification - pkg:XXX.XXXXX.XXXXXXX.XXX, id:0
W/PowerManagerService(  234): Timer 0x7->0x3|0x0
I/PowerManagerService(  234): Ulight 0x7->0x3|0x0
D/PowerManagerService(  234): setLightBrightness : mButtonLight : 0
I/PowerManagerService(  234): Ulight 0x3->0x7|0x0
D/PowerManagerService(  234): setLightBrightness : mButtonLight : 102
D/STATUSBAR-StatusBarManagerService(  234): setSystemUiVisibility(0x0)
D/STATUSBAR-StatusBarManagerService(  234): manageDisableList what=0x0 pkg=WindowManager.LayoutParams
D/DEFERED_APP_VISIBILITY(  234): tweaking closing app
W/InputManagerService(  234): Starting input on non-focused client com.android.internal.view.IInputMethodClient$Stub$Proxy@41704318 (uid=1000 pid=2234)
V/InputManagerService(  234): Starting input on non-focused client mCurClient info is ClientState{4155b570 uid 10023 pid 981}
D/STATUSBAR-NotificationService(  234): cancelNotification - pkg:XXX.XXXXX.XXXXXXX.XXX, id:0
D/PowerManagerService(  234): mIsSipVisible : false
D/STATUSBAR-StatusBarManagerService(  234): setSystemUiVisibility(0x0)
D/STATUSBAR-StatusBarManagerService(  234): manageDisableList what=0x0 pkg=WindowManager.LayoutParams
W/InputManagerService(  234): Starting input on non-focused client com.android.internal.view.IInputMethodClient$Stub$Proxy@411b0bf8 (uid=10023 pid=981)
V/InputManagerService(  234): Starting input on non-focused client mCurClient info is ClientState{418da310 uid 1000 pid 2234}
D/PowerManagerService(  234): mIsSipVisible : false
D/DEFERED_APP_VISIBILITY(  234): tweaking closing app
D/WindowManager(  234): finally selected target=Window{415d1cb8  ***  paused=false}
D/WindowManager(  234): finally selected target=Window{415d1cb8  ***  paused=false}
D/WindowManager(  234): finally selected target=Window{415d1cb8  ***  paused=false}
D/WindowManager(  234): finally selected target=Window{415d1cb8  ***  paused=false}
D/WindowManager(  234): finally selected target=Window{415d1cb8  ***  paused=false}
D/WindowManager(  234): finally selected target=Window{415d1cb8  ***  paused=false}
D/WindowManager(  234): finally selected target=Window{415d1cb8  ***  paused=false}
D/WindowManager(  234): finally selected target=Window{415d1cb8  ***  paused=false}
D/WindowManager(  234): finally selected target=Window{415d1cb8  ***  paused=false}
D/WindowManager(  234): finally selected target=Window{415d1cb8  ***  paused=false}
D/WindowManager(  234): finally selected target=Window{415d1cb8  ***  paused=false}
D/WindowManager(  234): finally selected target=Window{415d1cb8  ***  paused=false}
D/WindowManager(  234): finally selected target=Window{415d1cb8  ***  paused=false}
D/WindowManager(  234): finally selected target=Window{415d1cb8  ***  paused=false}
D/WindowManager(  234): finally selected target=Window{415d1cb8  ***  paused=false}
D/WindowManager(  234): finally selected target=Window{415d1cb8  ***  paused=false}
D/WindowManager(  234): finally selected target=Window{415d1cb8  ***  paused=false}
D/WindowManager(  234): finally selected target=Window{415d1cb8  ***  paused=false}
D/WindowManager(  234): finally selected target=Window{415d1cb8  ***  paused=false}
D/WindowManager(  234): finally selected target=Window{415d1cb8  ***  paused=false}
D/WindowManager(  234): finally selected target=Window{415d1cb8  ***  paused=false}
D/WindowManager(  234): finally selected target=Window{415d1cb8  ***  paused=false}
I/ActivityManager(  234): START {act=android.intent.action.MAIN cmp=xxxx (has extras)} from pid 2234
D/ActivityManager(  234): Trying to launch applicationName
D/STATUSBAR-StatusBarManagerService(  234): setSystemUiVisibility(0x0)
D/STATUSBAR-StatusBarManagerService(  234): manageDisableList what=0x0 pkg=WindowManager.LayoutParams
D/DEFERED_APP_VISIBILITY(  234): tweaking closing app
D/WindowManager(  234): finally selected target=Window{414c5de0  ***  paused=false}
D/WindowManager(  234): finally selected target=Window{414c5de0  ***  paused=false}
D/WindowManager(  234): finally selected target=Window{414c5de0  ***  paused=false}
D/WindowManager(  234): finally selected target=Window{414c5de0  ***  paused=false}
D/WindowManager(  234): finally selected target=Window{414c5de0  ***  paused=false}
D/WindowManager(  234): finally selected target=Window{414c5de0  ***  paused=false}
D/WindowManager(  234): finally selected target=Window{414c5de0  ***  paused=false}
D/WindowManager(  234): finally selected target=Window{414c5de0  ***  paused=false}
D/WindowManager(  234): finally selected target=Window{414c5de0  ***  paused=false}
D/WindowManager(  234): finally selected target=Window{414c5de0  ***  paused=false}
D/WindowManager(  234): finally selected target=Window{414c5de0  ***  paused=false}
D/WindowManager(  234): finally selected target=Window{414c5de0  ***  paused=false}
D/WindowManager(  234): finally selected target=Window{414c5de0  ***  paused=false}
D/WindowManager(  234): finally selected target=Window{414c5de0  ***  paused=false}
D/WindowManager(  234): finally selected target=Window{414c5de0  ***  paused=false}
D/WindowManager(  234): finally selected target=Window{414c5de0  ***  paused=false}
D/WindowManager(  234): finally selected target=Window{414c5de0  ***  paused=false}
D/WindowManager(  234): finally selected target=Window{414c5de0  ***  paused=false}
D/WindowManager(  234): finally selected target=Window{414c5de0  ***  paused=false}
D/WindowManager(  234): finally selected target=Window{414c5de0  ***  paused=false}
D/WindowManager(  234): finally selected target=Window{414c5de0  ***  paused=false}
W/PowerManagerService(  234): Timer 0x7->0x3|0x0
I/PowerManagerService(  234): Ulight 0x7->0x3|0x0
D/PowerManagerService(  234): setLightBrightness : mButtonLight : 0
I/PowerManagerService(  234): Ulight 0x3->0x7|0x0
D/PowerManagerService(  234): setLightBrightness : mButtonLight : 102
W/InputManagerService(  234): Window already focused, ignoring focus gain of: com.android.internal.view.IInputMethodClient$Stub$Proxy@415fe178
I/ActivityManager(  234): START {act=android.intent.action.MAIN cmp=xxxx (has extras)} from pid 2234
D/ActivityManager(  234): Trying to launch applicationName
D/STATUSBAR-StatusBarManagerService(  234): setSystemUiVisibility(0x0)
D/STATUSBAR-StatusBarManagerService(  234): manageDisableList what=0x0 pkg=WindowManager.LayoutParams
D/DEFERED_APP_VISIBILITY(  234): tweaking closing app
D/WindowManager(  234): finally selected target=Window{415dcce0  ***  paused=false}
D/WindowManager(  234): finally selected target=Window{415dcce0  ***  paused=false}
D/WindowManager(  234): finally selected target=Window{415dcce0  ***  paused=false}
D/WindowManager(  234): finally selected target=Window{415dcce0  ***  paused=false}
D/WindowManager(  234): finally selected target=Window{415dcce0  ***  paused=false}
D/WindowManager(  234): finally selected target=Window{415dcce0  ***  paused=false}
D/WindowManager(  234): finally selected target=Window{415dcce0  ***  paused=false}
D/WindowManager(  234): finally selected target=Window{415dcce0  ***  paused=false}
D/WindowManager(  234): finally selected target=Window{415dcce0  ***  paused=false}
D/WindowManager(  234): finally selected target=Window{415dcce0  ***  paused=false}
D/WindowManager(  234): finally selected target=Window{415dcce0  ***  paused=false}
D/WindowManager(  234): finally selected target=Window{415dcce0  ***  paused=false}
D/WindowManager(  234): finally selected target=Window{415dcce0  ***  paused=false}
D/WindowManager(  234): finally selected target=Window{415dcce0  ***  paused=false}
D/WindowManager(  234): finally selected target=Window{415dcce0  ***  paused=false}
D/WindowManager(  234): finally selected target=Window{415dcce0  ***  paused=false}
D/WindowManager(  234): finally selected target=Window{415dcce0  ***  paused=false}
D/WindowManager(  234): finally selected target=Window{415dcce0  ***  paused=false}
D/WindowManager(  234): finally selected target=Window{415dcce0  ***  paused=false}
D/WindowManager(  234): finally selected target=Window{415dcce0  ***  paused=false}
D/WindowManager(  234): finally selected target=Window{415dcce0  ***  paused=false}
W/PowerManagerService(  234): Timer 0x7->0x3|0x0
I/PowerManagerService(  234): Ulight 0x7->0x3|0x0
D/PowerManagerService(  234): setLightBrightness : mButtonLight : 0
I/PowerManagerService(  234): Ulight 0x3->0x7|0x0
D/PowerManagerService(  234): setLightBrightness : mButtonLight : 102
W/InputManagerService(  234): Window already focused, ignoring focus gain of: com.android.internal.view.IInputMethodClient$Stub$Proxy@41211e28
D/STATUSBAR-StatusBarManagerService(  234): setSystemUiVisibility(0x0)
D/STATUSBAR-StatusBarManagerService(  234): manageDisableList what=0x0 pkg=WindowManager.LayoutParams
D/DEFERED_APP_VISIBILITY(  234): tweaking closing app
W/PowerManagerService(  234): Timer 0x7->0x3|0x0
I/PowerManagerService(  234): Ulight 0x7->0x3|0x0
D/PowerManagerService(  234): setLightBrightness : mButtonLight : 0
V/AlarmManager(  234): waitForAlarm result :2
W/AlarmManager(  234): FACTORY_ON= 0
D/BatteryService(  234): update start
D/BatteryService(  234): level:100 scale:100 status:5 health:2 present:true voltage: 4361 temperature: 368 technology: Li-ion AC powered:false USB powered:true icon:17303188 invalid charger:0
V/UiModeManager(  234): updateLocked, mLastBroadcastState =0 , oldAction = null
D/STATUSBAR-NotificationService(  234): cancelNotification - pkg:XXX.XXXXX.XXXXXXXXX, id:2131493635
I/ActivityManager(  234): START {act=android.intent.action.MAIN cat=[ xxx ] flg=0x10200000 cmp=xxxx} from pid 234
D/DEFERED_APP_VISIBILITY(  234): tweaking closing app
D/STATUSBAR-StatusBarManagerService(  234): setSystemUiVisibility(0x0)
D/STATUSBAR-StatusBarManagerService(  234): manageDisableList what=0x0 pkg=WindowManager.LayoutParams
W/InputManagerService(  234): Starting input on non-focused client com.android.internal.view.IInputMethodClient$Stub$Proxy@41704318 (uid=1000 pid=2234)
V/InputManagerService(  234): Starting input on non-focused client mCurClient info is ClientState{41535700 uid 10040 pid 427}
D/PowerManagerService(  234): mIsSipVisible : false
W/PowerManagerService(  234): Timer 0x3->0x3|0x0
I/PowerManagerService(  234): Ulight 0x3->0x7|0x0
D/PowerManagerService(  234): setLightBrightness : mButtonLight : 102
D/VibratorService(  234): JNI vibratorOff()
D/STATUSBAR-NotificationService(  234): updateLightsLocked() : Turn off notification light
D/STATUSBAR-StatusBarManagerService(  234): setSystemUiVisibility(0x0)
D/STATUSBAR-StatusBarManagerService(  234): manageDisableList what=0x0 pkg=WindowManager.LayoutParams
W/PowerManagerService(  234): Timer 0x7->0x3|0x0
I/PowerManagerService(  234): Ulight 0x7->0x3|0x0
D/PowerManagerService(  234): setLightBrightness : mButtonLight : 0
I/PowerManagerService(  234): Ulight 0x3->0x7|0x0
D/PowerManagerService(  234): setLightBrightness : mButtonLight : 102
I/ActivityManager(  234): START {act=android.settings.SETTINGS flg=0x10000000 cmp=xxxx} from pid 339
D/VibratorService(  234): JNI vibratorOff()
D/STATUSBAR-NotificationService(  234): updateLightsLocked() : Turn off notification light
V/AlarmManager(  234): waitForAlarm result :8
W/AlarmManager(  234): FACTORY_ON= 0
D/DEFERED_APP_VISIBILITY(  234): tweaking closing app
D/DEFERED_APP_VISIBILITY(  234): tweaking closing app
D/STATUSBAR-StatusBarManagerService(  234): setSystemUiVisibility(0x0)
D/STATUSBAR-StatusBarManagerService(  234): manageDisableList what=0x0 pkg=WindowManager.LayoutParams
D/PowerManagerService(  234): mIsSipVisible : false
I/ActivityManager(  234): START {act=android.intent.action.MAIN cmp=xxxx (has extras)} from pid 2234
D/ActivityManager(  234): Trying to launch applicationName
D/STATUSBAR-StatusBarManagerService(  234): setSystemUiVisibility(0x0)
D/STATUSBAR-StatusBarManagerService(  234): manageDisableList what=0x0 pkg=WindowManager.LayoutParams
D/DEFERED_APP_VISIBILITY(  234): tweaking closing app
D/WindowManager(  234): finally selected target=Window{414c5de0  ***  paused=false}
D/WindowManager(  234): finally selected target=Window{414c5de0  ***  paused=false}
D/WindowManager(  234): finally selected target=Window{414c5de0  ***  paused=false}
D/WindowManager(  234): finally selected target=Window{414c5de0  ***  paused=false}
D/WindowManager(  234): finally selected target=Window{414c5de0  ***  paused=false}
D/WindowManager(  234): finally selected target=Window{414c5de0  ***  paused=false}
D/WindowManager(  234): finally selected target=Window{414c5de0  ***  paused=false}
D/WindowManager(  234): finally selected target=Window{414c5de0  ***  paused=false}
D/WindowManager(  234): finally selected target=Window{414c5de0  ***  paused=false}
D/WindowManager(  234): finally selected target=Window{414c5de0  ***  paused=false}
D/WindowManager(  234): finally selected target=Window{414c5de0  ***  paused=false}
D/WindowManager(  234): finally selected target=Window{414c5de0  ***  paused=false}
D/WindowManager(  234): finally selected target=Window{414c5de0  ***  paused=false}
D/WindowManager(  234): finally selected target=Window{414c5de0  ***  paused=false}
D/WindowManager(  234): finally selected target=Window{414c5de0  ***  paused=false}
D/WindowManager(  234): finally selected target=Window{414c5de0  ***  paused=false}
D/WindowManager(  234): finally selected target=Window{414c5de0  ***  paused=false}
D/WindowManager(  234): finally selected target=Window{414c5de0  ***  paused=false}
D/UsbDeviceManager(  234): USB UEVENT: {USB_STATE=DISCONNECTED, SUBSYSTEM=android_usb, DEVPATH=/devices/virtual/android_usb/android0, SEQNUM=1369, ACTION=change}
D/WindowManager(  234): finally selected target=Window{414c5de0  ***  paused=false}
D/WindowManager(  234): finally selected target=Window{414c5de0  ***  paused=false}
D/WindowManager(  234): finally selected target=Window{414c5de0  ***  paused=false}
W/PowerManagerService(  234): Timer 0x7->0x3|0x0
I/PowerManagerService(  234): Ulight 0x7->0x3|0x0
D/PowerManagerService(  234): setLightBrightness : mButtonLight : 0
D/UsbDeviceManager(  234): USB UEVENT: {USB_STATE=CONNECTED, SUBSYSTEM=android_usb, DEVPATH=/devices/virtual/android_usb/android0, SEQNUM=1370, ACTION=change}
D/UsbDeviceManager(  234): handleMessage -> MSG_UPDATE_STATE connected = 1,configured = 0
D/UsbDeviceManager(  234): USB UEVENT: {USB_STATE=CONFIGURED, SUBSYSTEM=android_usb, DEVPATH=/devices/virtual/android_usb/android0, SEQNUM=1371, ACTION=change}
D/UsbDeviceManager(  234): updateUsbNotification : mConnected = true, mConfigured = false, mCurrentFunctions = mtp,adb
D/UsbDeviceManager(  234): updateAdbNotification : mAdbEnabled = true, mConnected = true, mAdbNotificationShown = false
D/UsbDeviceManager(  234): don't notify adb
D/UsbDeviceManager(  234): sending intent : ACTION_USB_STATE : connected = true, configured = false, functions = mtp,adb
D/UsbDeviceManager(  234): handleMessage -> MSG_UPDATE_STATE connected = 1,configured = 1
D/UsbDeviceManager(  234): updateUsbNotification : mConnected = true, mConfigured = true, mCurrentFunctions = mtp,adb
D/UsbDeviceManager(  234): updateAdbNotification : mAdbEnabled = true, mConnected = true, mAdbNotificationShown = false
D/UsbDeviceManager(  234): don't notify adb
D/UsbDeviceManager(  234): sending intent : ACTION_USB_STATE : connected = true, configured = true, functions = mtp,adb
I/PowerManagerService(  234): Ulight 0x3->0x7|0x0
D/PowerManagerService(  234): setLightBrightness : mButtonLight : 102
I/ActivityManager(  234): START {act=android.intent.action.MAIN cmp=xxxx} from pid 2234
D/ActivityManager(  234): Trying to launch applicationName
D/DEFERED_APP_VISIBILITY(  234): tweaking closing app
D/WindowManager(  234): finally selected target=Window{416224f8  ***  paused=false}
D/WindowManager(  234): finally selected target=Window{416224f8  ***  paused=false}
D/WindowManager(  234): finally selected target=Window{416224f8  ***  paused=false}
D/WindowManager(  234): finally selected target=Window{416224f8  ***  paused=false}
D/WindowManager(  234): finally selected target=Window{416224f8  ***  paused=false}
D/WindowManager(  234): finally selected target=Window{416224f8  ***  paused=false}
D/WindowManager(  234): finally selected target=Window{416224f8  ***  paused=false}
D/WindowManager(  234): finally selected target=Window{416224f8  ***  paused=false}
D/WindowManager(  234): finally selected target=Window{416224f8  ***  paused=false}
D/WindowManager(  234): finally selected target=Window{416224f8  ***  paused=false}
D/WindowManager(  234): finally selected target=Window{416224f8  ***  paused=false}
D/WindowManager(  234): finally selected target=Window{416224f8  ***  paused=false}
D/WindowManager(  234): finally selected target=Window{416224f8  ***  paused=false}
D/WindowManager(  234): finally selected target=Window{416224f8  ***  paused=false}
D/WindowManager(  234): finally selected target=Window{416224f8  ***  paused=false}
D/WindowManager(  234): finally selected target=Window{416224f8  ***  paused=false}
D/WindowManager(  234): finally selected target=Window{416224f8  ***  paused=false}
D/WindowManager(  234): finally selected target=Window{416224f8  ***  paused=false}
D/WindowManager(  234): finally selected target=Window{416224f8  ***  paused=false}
D/WindowManager(  234): finally selected target=Window{416224f8  ***  paused=false}
D/WindowManager(  234): finally selected target=Window{416224f8  ***  paused=false}
D/WindowManager(  234): finally selected target=Window{416224f8  ***  paused=false}
D/WindowManager(  234): finally selected target=Window{416224f8  ***  paused=false}
D/WindowManager(  234): finally selected target=Window{416224f8  ***  paused=false}
D/WindowManager(  234): finally selected target=Window{416224f8  ***  paused=false}
D/WindowManager(  234): finally selected target=Window{416224f8  ***  paused=false}
D/WindowManager(  234): finally selected target=Window{416224f8  ***  paused=false}
D/WindowManager(  234): finally selected target=Window{416224f8  ***  paused=false}
D/WindowManager(  234): finally selected target=Window{416224f8  ***  paused=false}
D/WindowManager(  234): finally selected target=Window{416224f8  ***  paused=false}
D/STATUSBAR-StatusBarManagerService(  234): setSystemUiVisibility(0x0)
D/STATUSBAR-StatusBarManagerService(  234): manageDisableList what=0x0 pkg=WindowManager.LayoutParams
W/InputManagerService(  234): Starting input on non-focused client com.android.internal.view.IInputMethodClient$Stub$Proxy@41704318 (uid=1000 pid=2234)
V/InputManagerService(  234): Starting input on non-focused client mCurClient info is ClientState{4174f530 uid 10010 pid 1158}
W/PowerManagerService(  234): Timer 0x7->0x3|0x0
I/PowerManagerService(  234): Ulight 0x7->0x3|0x0
D/PowerManagerService(  234): setLightBrightness : mButtonLight : 0
D/PowerManagerService(  234): mIsSipVisible : false
I/PowerManagerService(  234): Ulight 0x3->0x7|0x0
D/PowerManagerService(  234): setLightBrightness : mButtonLight : 102
I/ActivityManager(  234): START {cmp=xxxx (has extras)} from pid 1158
D/ActivityManager(  234): Trying to launch applicationName
--------- beginning of /dev/log/main
D/PHONESERVER(  146): Receive thread's TID [380] CHMNG:  receive data thread :mux=/dev/ts0710mux2:input:+CME ERROR: 3
D/PHONESERVER(  146): PS_CMUX cmux_deregist_cmd_callback cmux:/dev/ts0710mux2
D/PHONESERVER(  146): pty_write get lock
D/PHONESERVER(  146): PS_PTY:/dev/CHNPTY13   write :
D/PHONESERVER(  146): +CME ERROR: 3
D/PHONESERVER(  146): 
D/PHONESERVER(  146): pty_write free lock
D/SPRDENG (  151): eng_modem2server: use SIM1 /dev/CHNPTY13
D/SPRDENG (  151): AT < 
D/SPRDENG (  151): +CME ERROR: 3
D/SPRDENG (  151): 
E/SMD     (   89): After the Modem Read select 
E/SMD     (   89): Read 17 chars from SMD Modem file fd = 11
E/SMD     (   89):  Message: 
E/SMD     (   89): +CME ERROR: 3
E/SMD     (   89): 
E/SMD     (   89): ","AO","OI", "OX","AI","IR", "AB","AG", "AC","PN", "FD","PU","PP","PC")
E/SMD     (   89): 
E/SMD     (   89): OK
E/SMD     (   89): 28-2013 12:11:48
E/SMD     (   89): 
E/SMD     (   89): OK
E/SMD     (   89): 
E/SMD     (   89): Before the Modem Read select 
E/DataRouter(  108): [socket:17]******* Received data notification *******
E/DataRouter(  108): [socket:17]read socket data[len:17]
E/DataRouter(  108): [socket:17]read socket data[message:
E/DataRouter(  108): +CME ERROR: 3
E/DataRouter(  108): 
E/DataRouter(  108): write [17] bytes of data to USB fd[13]
E/DataRouter(  108): [socket:17]dr_usb_write
D/PHONESERVER(  146): [394] before timeout (1400321219)
D/PHONESERVER(  146): CHNMNG enter channel_manager_free_cmux cmux=/dev/ts0710mux2 
D/PHONESERVER(  146): CHNMNG enter channel_manager_free_cmux pty=0x37964 
D/PHONESERVER(  146): [380] Before remove wait array
D/PHONESERVER(  146): [0]:394 
D/PHONESERVER(  146): 
D/PHONESERVER(  146): [380] After remove wait array
D/PHONESERVER(  146): 
D/PHONESERVER(  146): Enter select_send_thread_run
D/PHONESERVER(  146): Leave select_send_thread_run
D/PHONESERVER(  146): CHNMNG Leave channel_manager_free_cmux cmux=/dev/ts0710mux2 
D/PHONESERVER(  146): [380] before signal (1400321219)
E/DataRouter(  108): After the usb select 
D/PHONESERVER(  146): [380] after signal (1400321219)
D/PHONESERVER(  146): Receive thread's TID [380] MUX :/dev/ts0710mux2 Waiting for resp  
D/PHONESERVER(  146): [394] after timeout (1400321219)
D/PHONESERVER(  146): phoneserver mux adapt: generic cmd AT+CLCK="PP",2
E/DataRouter(  108): read usb data[len:1]
E/DataRouter(  108): read usb data message:A
E/DataRouter(  108): Before the usb select 
E/SMD     (   89): ***Received data notification[DR->SMD]***
E/SMD     (   89): Message:A
E/SMD     (   89): Sending data to SMD: Len = [1]
E/SMD     (   89):  buffer = [A]
E/SMD     (   89): Wrote 1 chars to SMD PORT fd=11 ch = 41
E/DataRouter(  108): After the usb select 
E/DataRouter(  108): read usb data[len:1]
E/DataRouter(  108): read usb data message:T
E/DataRouter(  108): Before the usb select 
E/SMD     (   89): ***Received data notification[DR->SMD]***
E/SMD     (   89): Message:T
E/SMD     (   89): Sending data to SMD: Len = [1]
E/SMD     (   89):  buffer = [T]
E/SMD     (   89): Wrote 1 chars to SMD PORT fd=11 ch = 54
E/DataRouter(  108): After the usb select 
E/DataRouter(  108): read usb data[len:1]
E/DataRouter(  108): read usb data message:+
E/DataRouter(  108): Before the usb select 
E/SMD     (   89): ***Received data notification[DR->SMD]***
E/SMD     (   89): Message:+
E/SMD     (   89): Sending data to SMD: Len = [1]
E/SMD     (   89):  buffer = [+]
E/SMD     (   89): Wrote 1 chars to SMD PORT fd=11 ch = 2b
E/DataRouter(  108): After the usb select 
E/DataRouter(  108): read usb data[len:1]
E/DataRouter(  108): read usb data message:C
E/DataRouter(  108): Before the usb select 
E/SMD     (   89): ***Received data notification[DR->SMD]***
E/SMD     (   89): Message:C
E/SMD     (   89): Sending data to SMD: Len = [1]
E/SMD     (   89):  buffer = [C]
E/SMD     (   89): Wrote 1 chars to SMD PORT fd=11 ch = 43
E/DataRouter(  108): After the usb select 
E/DataRouter(  108): read usb data[len:1]
E/DataRouter(  108): read usb data message:L
E/DataRouter(  108): Before the usb select 
E/SMD     (   89): ***Received data notification[DR->SMD]***
E/SMD     (   89): Message:L
E/SMD     (   89): Sending data to SMD: Len = [1]
E/SMD     (   89):  buffer = [L]
E/SMD     (   89): Wrote 1 chars to SMD PORT fd=11 ch = 4c
E/DataRouter(  108): After the usb select 
E/DataRouter(  108): read usb data[len:1]
E/DataRouter(  108): read usb data message:C
E/DataRouter(  108): Before the usb select 
E/SMD     (   89): ***Received data notification[DR->SMD]***
E/SMD     (   89): Message:C
E/SMD     (   89): Sending data to SMD: Len = [1]
E/SMD     (   89):  buffer = [C]
E/SMD     (   89): Wrote 1 chars to SMD PORT fd=11 ch = 43
W/Resources( 1158): Converting to string: TypedValue{t=0x10/d=0x0 a=-1}
W/Resources( 1158): Converting to string: TypedValue{t=0x10/d=0x0 a=-1}
E/DataRouter(  108): After the usb select 
E/DataRouter(  108): read usb data[len:1]
E/DataRouter(  108): read usb data message:K
E/DataRouter(  108): Before the usb select 
E/SMD     (   89): ***Received data notification[DR->SMD]***
E/SMD     (   89): Message:K
E/SMD     (   89): Sending data to SMD: Len = [1]
E/SMD     (   89):  buffer = [K]
E/SMD     (   89): Wrote 1 chars to SMD PORT fd=11 ch = 4b
E/DataRouter(  108): After the usb select 
E/DataRouter(  108): read usb data[len:1]
E/DataRouter(  108): read usb data message:=
E/DataRouter(  108): Before the usb select 
E/SMD     (   89): ***Received data notification[DR->SMD]***
E/SMD     (   89): Message:=
E/SMD     (   89): Sending data to SMD: Len = [1]
E/SMD     (   89):  buffer = [=]
E/SMD     (   89): Wrote 1 chars to SMD PORT fd=11 ch = 3d
E/DataRouter(  108): After the usb select 
E/DataRouter(  108): read usb data[len:1]
E/DataRouter(  108): read usb data message:"
E/DataRouter(  108): Before the usb select 
E/SMD     (   89): ***Received data notification[DR->SMD]***
E/SMD     (   89): Message:"
E/SMD     (   89): Sending data to SMD: Len = [1]
E/SMD     (   89):  buffer = ["]
E/SMD     (   89): Wrote 1 chars to SMD PORT fd=11 ch = 22
E/DataRouter(  108): After the usb select 
E/DataRouter(  108): read usb data[len:1]
E/DataRouter(  108): read usb data message:P
E/DataRouter(  108): Before the usb select 
E/SMD     (   89): ***Received data notification[DR->SMD]***
E/SMD     (   89): Message:P
E/SMD     (   89): Sending data to SMD: Len = [1]
E/SMD     (   89):  buffer = [P]
E/SMD     (   89): Wrote 1 chars to SMD PORT fd=11 ch = 50
E/DataRouter(  108): After the usb select 
E/DataRouter(  108): read usb data[len:1]
E/DataRouter(  108): read usb data message:C
E/DataRouter(  108): Before the usb select 
E/SMD     (   89): ***Received data notification[DR->SMD]***
E/SMD     (   89): Message:C
E/SMD     (   89): Sending data to SMD: Len = [1]
E/SMD     (   89):  buffer = [C]
E/SMD     (   89): Wrote 1 chars to SMD PORT fd=11 ch = 43
E/DataRouter(  108): After the usb select 
E/DataRouter(  108): read usb data[len:1]
E/DataRouter(  108): read usb data message:"
E/DataRouter(  108): Before the usb select 
E/SMD     (   89): ***Received data notification[DR->SMD]***
E/SMD     (   89): Message:"
E/SMD     (   89): Sending data to SMD: Len = [1]
E/SMD     (   89):  buffer = ["]
E/SMD     (   89): Wrote 1 chars to SMD PORT fd=11 ch = 22
E/DataRouter(  108): After the usb select 
E/DataRouter(  108): read usb data[len:1]
E/DataRouter(  108): read usb data message:,
E/DataRouter(  108): Before the usb select 
E/SMD     (   89): ***Received data notification[DR->SMD]***
E/SMD     (   89): Message:,
E/SMD     (   89): Sending data to SMD: Len = [1]
E/SMD     (   89):  buffer = [,]
E/SMD     (   89): Wrote 1 chars to SMD PORT fd=11 ch = 2c
E/DataRouter(  108): After the usb select 
E/DataRouter(  108): read usb data[len:1]
E/DataRouter(  108): read usb data message:2
E/DataRouter(  108): Before the usb select 
E/SMD     (   89): ***Received data notification[DR->SMD]***
E/SMD     (   89): Message:2
E/SMD     (   89): Sending data to SMD: Len = [1]
E/SMD     (   89):  buffer = [2]
E/SMD     (   89): Wrote 1 chars to SMD PORT fd=11 ch = 32
E/DataRouter(  108): After the usb select 
E/DataRouter(  108): read usb data[len:1]
E/DataRouter(  108): read usb data message:
E/DataRouter(  108): Before the usb select 
E/SMD     (   89): ***Received data notification[DR->SMD]***
E/SMD     (   89): Message:
E/SMD     (   89): Sending data to SMD: Len = [1]
E/SMD     (   89):  buffer = []
D/SPRDENG (  151): eng_server2modem: use SIM1 /dev/CHNPTY13
D/SPRDENG (  151): AT > AT+CLCK="PC",2
D/PHONESERVER(  146): Send thread's TID [394] CHNMNG:findNextEOL:
D/PHONESERVER(  146): Send thread's TID [394] CHNMNG:end findNextEOL:
D/PHONESERVER(  146): Send thread's TID [394] CHNMNG:findNextEOL:
D/PHONESERVER(  146): Send thread's TID [394] CHNMNG:end findNextEOL:
D/PHONESERVER(  146): Send thread's TID [394] PS_PTY : /dev/CHNPTY13 Received 15 bytes command[AT+CLCK="PC",2]
D/PHONESERVER(  146): Send thread TID [394] CHNMNG enter channel_manager_get_cmux 
D/PHONESERVER(  146): Before add wait array pty=0x37964
D/PHONESERVER(  146): Before add wait array
D/PHONESERVER(  146): 
D/PHONESERVER(  146): After add wait array
D/PHONESERVER(  146): [0]:394 
D/PHONESERVER(  146): 
D/PHONESERVER(  146): TYPE: SSM
D/PHONESERVER(  146): Send thread TID [394] CHNMNG Leave channel_manager_get_cmux:/dev/ts0710mux2 
D/PHONESERVER(  146): PS_CMUX cmux_regist_cmd_callback cmux:/dev/ts0710mux2
D/PHONESERVER(  146): PS_CMUX :/dev/ts0710mux2 cmux_write:AT+CLCK="PC",2:len=15
D/PHONESERVER(  146): Receive thread's TID [380] CHMNG:  receive data thread :mux=/dev/ts0710mux2:input:+CME ERROR: 3
D/PHONESERVER(  146): PS_CMUX cmux_deregist_cmd_callback cmux:/dev/ts0710mux2
D/PHONESERVER(  146): pty_write get lock
D/PHONESERVER(  146): PS_PTY:/dev/CHNPTY13   write :
D/PHONESERVER(  146): +CME ERROR: 3
D/PHONESERVER(  146): 
D/PHONESERVER(  146): pty_write free lock
D/SPRDENG (  151): eng_modem2server: use SIM1 /dev/CHNPTY13
D/SPRDENG (  151): AT < 
D/SPRDENG (  151): +CME ERROR: 3
D/SPRDENG (  151): 
E/SMD     (   89): After the Modem Read select 
E/SMD     (   89): Read 17 chars from SMD Modem file fd = 11
E/SMD     (   89):  Message: 
E/SMD     (   89): +CME ERROR: 3
E/SMD     (   89): 
E/SMD     (   89): ","AO","OI", "OX","AI","IR", "AB","AG", "AC","PN", "FD","PU","PP","PC")
E/SMD     (   89): 
E/SMD     (   89): OK
E/SMD     (   89): 28-2013 12:11:48
E/SMD     (   89): 
E/SMD     (   89): OK
E/SMD     (   89): 
E/SMD     (   89): Before the Modem Read select 
E/DataRouter(  108): [socket:17]******* Received data notification *******
E/DataRouter(  108): [socket:17]read socket data[len:17]
E/DataRouter(  108): [socket:17]read socket data[message:
E/DataRouter(  108): +CME ERROR: 3
E/DataRouter(  108): 
E/DataRouter(  108): write [17] bytes of data to USB fd[13]
E/DataRouter(  108): [socket:17]dr_usb_write
D/PHONESERVER(  146): [394] before timeout (1400321219)
D/PHONESERVER(  146): CHNMNG enter channel_manager_free_cmux cmux=/dev/ts0710mux2 
D/PHONESERVER(  146): CHNMNG enter channel_manager_free_cmux pty=0x37964 
D/PHONESERVER(  146): [380] Before remove wait array
D/PHONESERVER(  146): [0]:394 
D/PHONESERVER(  146): 
D/PHONESERVER(  146): [380] After remove wait array
D/PHONESERVER(  146): 
D/PHONESERVER(  146): Enter select_send_thread_run
D/PHONESERVER(  146): Leave select_send_thread_run
D/PHONESERVER(  146): CHNMNG Leave channel_manager_free_cmux cmux=/dev/ts0710mux2 
D/PHONESERVER(  146): [380] before signal (1400321219)
D/PHONESERVER(  146): [380] after signal (1400321219)
D/PHONESERVER(  146): Receive thread's TID [380] MUX :/dev/ts0710mux2 Waiting for resp  
D/PHONESERVER(  146): [394] after timeout (1400321219)
D/PHONESERVER(  146): phoneserver mux adapt: generic cmd AT+CLCK="PC",2
E/SMD     (   89): Wrote 1 chars to SMD PORT fd=11 ch = d
E/DataRouter(  108): After the usb select 
E/DataRouter(  108): read usb data[len:1]
E/DataRouter(  108): read usb data message:A
E/DataRouter(  108): Before the usb select 
E/SMD     (   89): ***Received data notification[DR->SMD]***
E/SMD     (   89): Message:A
E/SMD     (   89): Sending data to SMD: Len = [1]
E/SMD     (   89):  buffer = [A]
E/SMD     (   89): Wrote 1 chars to SMD PORT fd=11 ch = 41
E/DataRouter(  108): After the usb select 
E/DataRouter(  108): read usb data[len:1]
E/DataRouter(  108): read usb data message:T
E/DataRouter(  108): Before the usb select 
E/SMD     (   89): ***Received data notification[DR->SMD]***
E/SMD     (   89): Message:T
E/SMD     (   89): Sending data to SMD: Len = [1]
E/SMD     (   89):  buffer = [T]
E/SMD     (   89): Wrote 1 chars to SMD PORT fd=11 ch = 54
E/DataRouter(  108): After the usb select 
E/DataRouter(  108): read usb data[len:1]
E/DataRouter(  108): read usb data message:+
E/DataRouter(  108): Before the usb select 
E/SMD     (   89): ***Received data notification[DR->SMD]***
E/SMD     (   89): Message:+
E/SMD     (   89): Sending data to SMD: Len = [1]
E/SMD     (   89):  buffer = [+]
E/SMD     (   89): Wrote 1 chars to SMD PORT fd=11 ch = 2b
E/DataRouter(  108): After the usb select 
E/DataRouter(  108): read usb data[len:3]
E/DataRouter(  108): read usb data message:CUS
E/DataRouter(  108): Before the usb select 
E/SMD     (   89): ***Received data notification[DR->SMD]***
E/SMD     (   89): Path set is DATA_PATH_DR_SMD_MANAGER
E/SMD     (   89): Message:CUS
E/SMD     (   89): Sending data to SMD: Len = [3]
E/SMD     (   89):  buffer = [CUS]
E/SMD     (   89): Wrote 3 chars to SMD PORT fd=11 ch = 43
E/DataRouter(  108): After the usb select 
E/DataRouter(  108): read usb data[len:1]
E/DataRouter(  108): read usb data message:D
E/DataRouter(  108): Before the usb select 
E/SMD     (   89): ***Received data notification[DR->SMD]***
E/SMD     (   89): Message:D
E/SMD     (   89): Sending data to SMD: Len = [1]
E/SMD     (   89):  buffer = [D]
E/SMD     (   89): Wrote 1 chars to SMD PORT fd=11 ch = 44
E/DataRouter(  108): After the usb select 
E/DataRouter(  108): read usb data[len:1]
E/DataRouter(  108): read usb data message:=
E/DataRouter(  108): Before the usb select 
E/SMD     (   89): ***Received data notification[DR->SMD]***
E/SMD     (   89): Message:=
E/SMD     (   89): Sending data to SMD: Len = [1]
E/SMD     (   89):  buffer = [=]
E/SMD     (   89): Wrote 1 chars to SMD PORT fd=11 ch = 3d
E/DataRouter(  108): After the usb select 
E/DataRouter(  108): read usb data[len:1]
E/DataRouter(  108): read usb data message:?
E/DataRouter(  108): Before the usb select 
E/SMD     (   89): ***Received data notification[DR->SMD]***
E/SMD     (   89): Message:?
E/SMD     (   89): Sending data to SMD: Len = [1]
E/SMD     (   89):  buffer = [?]
E/SMD     (   89): Wrote 1 chars to SMD PORT fd=11 ch = 3f
E/DataRouter(  108): After the usb select 
E/DataRouter(  108): read usb data[len:1]
E/DataRouter(  108): read usb data message:
E/DataRouter(  108): Before the usb select 
E/SMD     (   89): ***Received data notification[DR->SMD]***
E/SMD     (   89): Message:
E/SMD     (   89): Sending data to SMD: Len = [1]
E/SMD     (   89):  buffer = []
D/SPRDENG (  151): eng_server2modem: use SIM1 /dev/CHNPTY13
D/SPRDENG (  151): AT > AT+CUSD=?
D/SPRDENG (  151): eng_modem2server: use SIM1 /dev/CHNPTY13
D/PHONESERVER(  146): Send thread's TID [394] CHNMNG:findNextEOL:
D/PHONESERVER(  146): Send thread's TID [394] CHNMNG:end findNextEOL:
D/PHONESERVER(  146): Send thread's TID [394] PS_PTY : /dev/CHNPTY13 Received 10 bytes command[AT+CUSD=?]
D/PHONESERVER(  146): Send thread TID [394] CHNMNG enter channel_manager_get_cmux 
D/PHONESERVER(  146): Before add wait array pty=0x37964
D/PHONESERVER(  146): Before add wait array
D/PHONESERVER(  146): 
D/PHONESERVER(  146): After add wait array
D/PHONESERVER(  146): [0]:394 
D/PHONESERVER(  146): 
D/PHONESERVER(  146): TYPE: SSM
D/PHONESERVER(  146): Send thread TID [394] CHNMNG Leave channel_manager_get_cmux:/dev/ts0710mux2 
D/PHONESERVER(  146): PS_CMUX cmux_regist_cmd_callback cmux:/dev/ts0710mux2
D/PHONESERVER(  146): PS_CMUX :/dev/ts0710mux2 cmux_write:AT+CUSD=?:len=10
D/PHONESERVER(  146): Receive thread's TID [380] CHMNG:  receive data thread :mux=/dev/ts0710mux2:input:+CUSD: (0-2)
D/PHONESERVER(  146): pty_write get lock
D/PHONESERVER(  146): PS_PTY:/dev/CHNPTY13   write :
D/PHONESERVER(  146): +CUSD: (0-2)
D/PHONESERVER(  146): 
D/PHONESERVER(  146): pty_write free lock
D/PHONESERVER(  146): Receive thread's TID [380] MUX :/dev/ts0710mux2 Waiting for resp  
D/PHONESERVER(  146): Receive thread's TID [380] CHMNG:  receive data thread :mux=/dev/ts0710mux2:input:OK
D/PHONESERVER(  146): PS_CMUX cmux_deregist_cmd_callback cmux:/dev/ts0710mux2
D/PHONESERVER(  146): pty_write get lock
D/PHONESERVER(  146): PS_PTY:/dev/CHNPTY13   write :
D/PHONESERVER(  146): OK
D/PHONESERVER(  146): 
D/PHONESERVER(  146): pty_write free lock
D/PHONESERVER(  146): [394] before timeout (1400321219)
D/PHONESERVER(  146): CHNMNG enter channel_manager_free_cmux cmux=/dev/ts0710mux2 
D/PHONESERVER(  146): CHNMNG enter channel_manager_free_cmux pty=0x37964 
D/PHONESERVER(  146): [380] Before remove wait array
D/PHONESERVER(  146): [0]:394 
D/PHONESERVER(  146): 
D/PHONESERVER(  146): [380] After remove wait array
D/PHONESERVER(  146): 
D/PHONESERVER(  146): Enter select_send_thread_run
D/PHONESERVER(  146): Leave select_send_thread_run
D/PHONESERVER(  146): CHNMNG Leave channel_manager_free_cmux cmux=/dev/ts0710mux2 
D/PHONESERVER(  146): [380] before signal (1400321219)
D/PHONESERVER(  146): [380] after signal (1400321219)
D/PHONESERVER(  146): Receive thread's TID [380] MUX :/dev/ts0710mux2 Waiting for resp  
D/PHONESERVER(  146): [394] after timeout (1400321219)
E/SMD     (   89): Wrote 1 chars to SMD PORT fd=11 ch = d
D/SPRDENG (  151): AT < 
D/SPRDENG (  151): +CUSD: (0-2)
D/SPRDENG (  151): 
D/SPRDENG (  151): OK
D/SPRDENG (  151): 
E/SMD     (   89): After the Modem Read select 
E/SMD     (   89): Read 22 chars from SMD Modem file fd = 11
E/SMD     (   89):  Message: 
E/SMD     (   89): +CUSD: (0-2)
E/SMD     (   89): 
E/SMD     (   89): OK
E/SMD     (   89): O","OI", "OX","AI","IR", "AB","AG", "AC","PN", "FD","PU","PP","PC")
E/SMD     (   89): 
E/SMD     (   89): OK
E/SMD     (   89): 28-2013 12:11:48
E/SMD     (   89): 
E/SMD     (   89): OK
E/SMD     (   89): 
E/SMD     (   89): Before the Modem Read select 
E/DataRouter(  108): [socket:17]******* Received data notification *******
E/DataRouter(  108): [socket:17]read socket data[len:22]
E/DataRouter(  108): [socket:17]read socket data[message:
E/DataRouter(  108): +CUSD: (0-2)
E/DataRouter(  108): 
E/DataRouter(  108): OK
E/DataRouter(  108): 
E/DataRouter(  108): write [22] bytes of data to USB fd[13]
E/DataRouter(  108): [socket:17]dr_usb_write
E/DataRouter(  108): After the usb select 
E/DataRouter(  108): read usb data[len:1]
E/DataRouter(  108): read usb data message:A
E/DataRouter(  108): Before the usb select 
E/SMD     (   89): ***Received data notification[DR->SMD]***
E/SMD     (   89): Message:A
E/SMD     (   89): Sending data to SMD: Len = [1]
E/SMD     (   89):  buffer = [A]
E/SMD     (   89): Wrote 1 chars to SMD PORT fd=11 ch = 41
E/DataRouter(  108): After the usb select 
E/DataRouter(  108): read usb data[len:1]
E/DataRouter(  108): read usb data message:T
E/DataRouter(  108): Before the usb select 
E/SMD     (   89): ***Received data notification[DR->SMD]***
E/SMD     (   89): Message:T
E/SMD     (   89): Sending data to SMD: Len = [1]
E/SMD     (   89):  buffer = [T]
E/SMD     (   89): Wrote 1 chars to SMD PORT fd=11 ch = 54
E/DataRouter(  108): After the usb select 
E/DataRouter(  108): read usb data[len:1]
E/DataRouter(  108): read usb data message:+
E/SMD     (   89): ***Received data notification[DR->SMD]***
E/SMD     (   89): Message:+
E/SMD     (   89): Sending data to SMD: Len = [1]
E/SMD     (   89):  buffer = [+]
E/SMD     (   89): Wrote 1 chars to SMD PORT fd=11 ch = 2b
E/DataRouter(  108): Before the usb select 
E/DataRouter(  108): After the usb select 
E/DataRouter(  108): read usb data[len:1]
E/DataRouter(  108): read usb data message:C
E/SMD     (   89): ***Received data notification[DR->SMD]***
E/SMD     (   89): Message:C
E/SMD     (   89): Sending data to SMD: Len = [1]
E/SMD     (   89):  buffer = [C]
E/SMD     (   89): Wrote 1 chars to SMD PORT fd=11 ch = 43
E/DataRouter(  108): Before the usb select 
E/DataRouter(  108): After the usb select 
E/DataRouter(  108): read usb data[len:1]
E/DataRouter(  108): read usb data message:N
E/SMD     (   89): ***Received data notification[DR->SMD]***
E/SMD     (   89): Message:N
E/SMD     (   89): Sending data to SMD: Len = [1]
E/SMD     (   89):  buffer = [N]
E/SMD     (   89): Wrote 1 chars to SMD PORT fd=11 ch = 4e
E/DataRouter(  108): Before the usb select 
E/DataRouter(  108): After the usb select 
E/DataRouter(  108): read usb data[len:1]
E/DataRouter(  108): read usb data message:M
E/SMD     (   89): ***Received data notification[DR->SMD]***
E/SMD     (   89): Message:M
