V/AudioPolicyService(  740): AudioCommandThread() going to sleep
V/AudioPolicyManagerBase(  740): getNewDevice() selected device 0
V/AudioPolicyManagerBase(  740): getDeviceForStrategy() from cache strategy 0, device 2
V/AudioPolicyService(  740): inserting command: 3 at index 0, num commands 0
V/AudioPolicyService(  740): AudioCommandThread() adding set parameter string music_volume=0.0630957410;music_volume_index=7, io 1 ,delay 0
V/AudioPolicyService(  740): AudioCommandThread() waking up
V/AudioPolicyService(  740): AudioCommandThread() processing set parameters string music_volume=0.0630957410;music_volume_index=7, io 1
V/AudioFlinger(  740): setParameters(): io 1, keyvalue music_volume=0.0630957410;music_volume_index=7, tid 766, calling tid 740
V/AudioFlinger(  740): ThreadBase::setParameters() music_volume=0.0630957410;music_volume_index=7
V/AudioFlinger(  740): MixerThread 0x14c1788 TID 769 waking up
V/AudioFlinger(  740): acquireWakeLock_l() AudioOut_1 status 0
D/AudioHardwareALSA(  740): ALSAStreamOps::setParameters() music_volume=0.0630957410;music_volume_index=7
I/AudioHardwareALSA(  740): volIndex=7
I/AudioHardwareALSA(  740): [setMusicVolumeIndex]mMusicVolumeIndex=0,music_volume_index= 7
I/AudioHardwareALSA(  740): [setMusicVolume][mOutput]mMusicVolumeIndex=7
E/AudioHardwareALSA(  740): mIsMusicVolumeIndex [7],MusicVolumeIndex[7]
I/AudioHardwareALSA(  740): volGain=0.063096
I/AudioHardwareALSA(  740): [setMusicVolume]mIsMusicVolume=0.000000,music_volume=0.063096
I/AudioHardwareALSA(  740): [setMusicVolume][mOutput]mMusicVolume=0.063096
E/AudioHardwareALSA(  740): mMusicVolume [1.000000]MusicVolume[0.063096]
V/AudioPolicyService(  740): AudioCommandThread() going to sleep
V/AudioPolicyManagerBase(  740): initStreamVolume() stream 4, min 0, max 7
V/AudioPolicyManagerBase(  740): setStreamVolumeIndex() stream 4, index 7
V/AudioPolicyManagerALSA(  740): setStreamVolume() for output 1 stream 4, volume 1.000000, delay 0
V/AudioPolicyService(  740): inserting command: 2 at index 0, num commands 0
V/AudioPolicyService(  740): AudioCommandThread() adding set volume stream 4, volume 1.000000, output 1
V/AudioPolicyService(  740): AudioCommandThread() waking up
V/AudioPolicyService(  740): AudioCommandThread() processing set volume stream 4,                             volume 1.000000, output 1
V/AudioPolicyService(  740): AudioCommandThread() going to sleep
V/AudioPolicyManagerBase(  740): initStreamVolume() stream 5, min 0, max 7
V/AudioPolicyManagerBase(  740): setStreamVolumeIndex() stream 5, index 5
V/AudioPolicyManagerALSA(  740): setStreamVolume() for output 1 stream 5, volume 0.398107, delay 0
V/AudioPolicyService(  740): inserting command: 2 at index 0, num commands 0
V/AudioPolicyService(  740): AudioCommandThread() adding set volume stream 5, volume 0.398107, output 1
V/AudioPolicyService(  740): AudioCommandThread() waking up
V/AudioPolicyService(  740): AudioCommandThread() processing set volume stream 5,                             volume 0.398107, output 1
V/AudioPolicyService(  740): AudioCommandThread() going to sleep
V/AudioPolicyManagerBase(  740): initStreamVolume() stream 6, min 0, max 15
V/AudioPolicyManagerBase(  740): setStreamVolumeIndex() stream 6, index 7
V/AudioPolicyManagerALSA(  740): checkAndSetVolume() cannot set stream 6 volume with force use = 0 for comm
V/AudioPolicyManagerBase(  740): initStreamVolume() stream 7, min 0, max 7
V/AudioPolicyManagerBase(  740): setStreamVolumeIndex() stream 7, index 7
V/AudioPolicyManagerBase(  740): computeVolume : Camera Shutter Sound volume 1.000000
V/AudioPolicyManagerALSA(  740): setStreamVolume() for output 1 stream 7, volume 1.000000, delay 0
V/AudioPolicyService(  740): inserting command: 2 at index 0, num commands 0
V/AudioPolicyService(  740): AudioCommandThread() adding set volume stream 7, volume 1.000000, output 1
V/AudioPolicyService(  740): AudioCommandThread() waking up
V/AudioPolicyService(  740): AudioCommandThread() processing set volume stream 7,                             volume 1.000000, output 1
V/AudioPolicyService(  740): AudioCommandThread() going to sleep
V/AudioPolicyManagerBase(  740): initStreamVolume() stream 8, min 0, max 15
V/AudioPolicyManagerBase(  740): setStreamVolumeIndex() stream 8, index 4
V/AudioPolicyManagerALSA(  740): setStreamVolume() for output 1 stream 8, volume 0.022387, delay 0
V/AudioPolicyService(  740): inserting command: 2 at index 0, num commands 0
V/AudioPolicyService(  740): AudioCommandThread() adding set volume stream 8, volume 0.032163, output 1
V/AudioPolicyService(  740): AudioCommandThread() waking up
V/AudioPolicyService(  740): AudioCommandThread() processing set volume stream 8,                             volume 0.032163, output 1
V/AudioPolicyService(  740): AudioCommandThread() going to sleep
V/AudioPolicyManagerBase(  740): initStreamVolume() stream 9, min 0, max 15
V/AudioPolicyManagerBase(  740): setStreamVolumeIndex() stream 9, index 7
V/AudioPolicyManagerBase(  740): getNewDevice() selected device 0
V/AudioPolicyManagerBase(  740): getDeviceForStrategy() from cache strategy 0, device 2
D/AudioPolicyManagerBase(  740): return MUSIC_SPK index=7
V/AudioPolicyManagerALSA(  740): setStreamVolume() for output 1 stream 9, volume 0.211349, delay 0
V/AudioPolicyService(  740): inserting command: 2 at index 0, num commands 0
V/AudioPolicyService(  740): AudioCommandThread() adding set volume stream 9, volume 0.211349, output 1
V/AudioPolicyService(  740): AudioCommandThread() waking up
V/AudioPolicyService(  740): AudioCommandThread() processing set volume stream 9,                             volume 0.211349, output 1
V/AudioPolicyService(  740): AudioCommandThread() going to sleep
V/AudioPolicyManagerBase(  740): initStreamVolume() stream 10, min 0, max 15
V/AudioPolicyManagerBase(  740): setStreamVolumeIndex() stream 10, index 7
V/AudioPolicyManagerBase(  740): getNewDevice() selected device 0
V/AudioPolicyManagerBase(  740): getDeviceForStrategy() from cache strategy 0, device 2
D/AudioPolicyManagerBase(  740): return MUSIC_SPK index=7
V/AudioPolicyManagerALSA(  740): setStreamVolume() for output 1 stream 10, volume 0.063096, delay 0
V/AudioPolicyService(  740): inserting command: 2 at index 0, num commands 0
V/AudioPolicyService(  740): AudioCommandThread() adding set volume stream 10, volume 0.063096, output 1
V/AudioPolicyService(  740): AudioCommandThread() waking up
V/AudioPolicyService(  740): AudioCommandThread() processing set volume stream 10,                             volume 0.063096, output 1
V/AudioPolicyService(  740): AudioCommandThread() going to sleep
V/AudioPolicyManagerBase(  740): initStreamVolume() stream 11, min 0, max 5
V/AudioPolicyManagerBase(  740): setStreamVolumeIndex() stream 11, index 4
V/AudioPolicyManagerALSA(  740): setStreamVolume() for output 1 stream 11, volume 0.707946, delay 0
V/AudioPolicyService(  740): inserting command: 2 at index 0, num commands 0
V/AudioPolicyService(  740): AudioCommandThread() adding set volume stream 11, volume 0.707946, output 1
V/AudioPolicyService(  740): AudioCommandThread() waking up
V/AudioPolicyService(  740): AudioCommandThread() processing set volume stream 11,                             volume 0.707946, output 1
V/AudioPolicyService(  740): AudioCommandThread() going to sleep
V/AudioPolicyManagerBase(  740): initStreamVolume() stream 12, min 0, max 5
V/AudioPolicyManagerBase(  740): setStreamVolumeIndex() stream 12, index 4
V/AudioPolicyManagerALSA(  740): setStreamVolume() for output 1 stream 12, volume 0.707946, delay 0
V/AudioPolicyService(  740): inserting command: 2 at index 0, num commands 0
V/AudioPolicyService(  740): AudioCommandThread() adding set volume stream 12, volume 0.707946, output 1
V/AudioPolicyService(  740): AudioCommandThread() waking up
V/AudioPolicyService(  740): AudioCommandThread() processing set volume stream 12,                             volume 0.707946, output 1
V/AudioPolicyService(  740): AudioCommandThread() going to sleep
V/AudioPolicyManagerBase(  740): initStreamVolume() stream 13, min 0, max 15
I/AudioService(  771): isMediaSilentMode false
V/AudioPolicyManagerBase(  740): setStreamVolumeIndex() stream 13, index 7
V/AudioPolicyManagerBase(  740): getNewDevice() selected device 0
V/AudioPolicyManagerBase(  740): getDeviceForStrategy() from cache strategy 0, device 2
D/AudioPolicyManagerBase(  740): return MUSIC_SPK index=7
V/AudioPolicyManagerBase(  740): getNewDevice() selected device 0
V/AudioPolicyManagerBase(  740): getDeviceForStrategy() from cache strategy 0, device 2
V/AudioPolicyManagerBase(  740): initStreamVolume() stream 14, min 0, max 15
V/AudioPolicyManagerBase(  740): setStreamVolumeIndex() stream 14, index 7
V/AudioPolicyManagerBase(  740): getNewDevice() selected device 0
V/AudioPolicyManagerBase(  740): getDeviceForStrategy() from cache strategy 0, device 2
D/AudioPolicyManagerBase(  740): return MUSIC_SPK index=7
V/AudioPolicyManagerBase(  740): initStreamVolume() stream 15, min 0, max 15
V/AudioPolicyManagerBase(  740): setStreamVolumeIndex() stream 15, index 7
V/AudioPolicyManagerBase(  740): getNewDevice() selected device 0
V/AudioPolicyManagerBase(  740): getDeviceForStrategy() from cache strategy 0, device 2
D/AudioPolicyManagerBase(  740): return MUSIC_SPK index=7
V/AudioPolicyManagerBase(  740): setStreamVolumeIndex() stream 8, index 12
V/AudioPolicyManagerALSA(  740): setStreamVolume() for output 1 stream 8, volume 0.354813, delay 0
V/AudioPolicyService(  740): inserting command: 2 at index 0, num commands 0
V/AudioPolicyService(  740): AudioCommandThread() adding set volume stream 8, volume 0.361265, output 1
V/AudioPolicyService(  740): AudioCommandThread() waking up
V/AudioPolicyService(  740): AudioCommandThread() processing set volume stream 8,                             volume 0.361265, output 1
V/AudioPolicyService(  740): AudioCommandThread() going to sleep
V/AudioPolicyManagerBase(  740): setStreamVolumeIndex() stream 9, index 7
V/AudioPolicyManagerBase(  740): getNewDevice() selected device 0
V/AudioPolicyManagerBase(  740): getDeviceForStrategy() from cache strategy 0, device 2
D/AudioPolicyManagerBase(  740): return MUSIC_SPK index=7
V/AudioPolicyManagerBase(  740): setStreamVolumeIndex() stream 10, index 7
V/AudioPolicyManagerBase(  740): getNewDevice() selected device 0
V/AudioPolicyManagerBase(  740): getDeviceForStrategy() from cache strategy 0, device 2
D/AudioPolicyManagerBase(  740): return MUSIC_SPK index=7
V/AudioPolicyManagerBase(  740): setStreamVolumeIndex() stream 11, index 4
V/AudioPolicyManagerBase(  740): setStreamVolumeIndex() stream 12, index 4
V/AudioPolicyManagerBase(  740): setStreamVolumeIndex() stream 14, index 7
V/AudioPolicyManagerBase(  740): getNewDevice() selected device 0
V/AudioPolicyManagerBase(  740): getDeviceForStrategy() from cache strategy 0, device 2
D/AudioPolicyManagerBase(  740): return MUSIC_SPK index=7
V/AudioPolicyManagerBase(  740): setStreamVolumeIndex() stream 15, index 7
V/AudioPolicyManagerBase(  740): getNewDevice() selected device 0
V/AudioPolicyManagerBase(  740): getDeviceForStrategy() from cache strategy 0, device 2
D/AudioPolicyManagerBase(  740): return MUSIC_SPK index=7
V/AudioFlinger(  740): registerClient() client 0x14e1e20, pid 771
V/AudioFlinger(  740): sendConfigEvent() num events 1 event 0, param 0
V/AudioFlinger(  740): setParameters(): io 0, keyvalue toMono=0, tid 740, calling tid 771
V/AudioFlinger(  740): setParameters::  string = toMono=0 / ioHandle = 0 
V/AudioFlinger(  740): setParameters:: send AudioHAL 
D/AudioHardwareALSA(  740): LVVE AudioHardwareALSA::setParameters() toMono=0
D/AudioHardwareALSA(  740): AudioHardwareALSA::setParameters() toMono=0
E/AudioSystem(  771): isMediaServerStarted
V/AudioFlinger(  740): processConfigEvents() remaining events 1
V/AudioFlinger(  740): PlaybackThread::audioConfigChanged_l, thread 0x14c1788, event 0, param 0
W/AudioHardwareALSA(  740): alsa CTS latency lowered to 9000 from 21768
I/SystemServer(  771): Dock Observer
W/DockObserver(  771): This kernel does not have dock station support
I/SystemServer(  771): Wired Accessory Observer
I/SystemServer(  771): Thermistor Observer
D/ThermistorObserver(  771): SIOPLevel : name : ReleasedSIOP  lockFrequency : -1(-1)  cpuMaxCore : 4  limitChargingCurrent : false  displayBrightness : -1  LcdFPS : 60
D/ThermistorObserver(  771): newProperDVFSLock : getSupportedFrequency : null
D/ThermistorObserver(  771): SIOPLevel : name : Level1  lockFrequency : 800000(-1)  cpuMaxCore : 4  limitChargingCurrent : false  displayBrightness : -1  LcdFPS : 40
D/ThermistorObserver(  771): newProperDVFSLock : getSupportedFrequency : null
D/ThermistorObserver(  771): SIOPLevel : name : Level2  lockFrequency : 800000(-1)  cpuMaxCore : 2  limitChargingCurrent : true  displayBrightness : 230  LcdFPS : 40
D/ThermistorObserver(  771): newProperDVFSLock : getSupportedFrequency : null
D/ThermistorObserver(  771): SIOPLevel : name : Level3  lockFrequency : 500000(-1)  cpuMaxCore : 2  limitChargingCurrent : true  displayBrightness : 230  LcdFPS : 40
D/ThermistorObserver(  771): newProperDVFSLock : getSupportedFrequency : null
D/ThermistorObserver(  771): SIOPLevel : name : Level4  lockFrequency : 500000(-1)  cpuMaxCore : 2  limitChargingCurrent : true  displayBrightness : 230  LcdFPS : 40
I/SystemServer(  771): USB Service
D/UsbSettingsManager(  771): settings file not found
D/UsbDeviceManager(  771): disable usb detecting module
D/UsbDeviceManager(  771): read '/sys/class/android_usb/android0/state', state = CONFIGURED
D/UsbDeviceManager(  771): initalized current function mtp,adb
D/UsbDeviceManager(  771): handleMessage -> MSG_UPDATE_STATE connected = 1,configured = 1
I/SystemServer(  771): UI Mode Manager Service
I/SystemServer(  771): Backup Service
V/BackupManagerService(  771): No ancestral data
D/dalvikvm(  771): GC_CONCURRENT freed 579K, 18% free 5730K/6919K, paused 2ms+7ms
D/BackupManagerService(  771): registerBaiduTransport
I/BackupManagerService(  771): Found stale backup journal, scheduling
I/BackupManagerService(  771):   android
I/BackupManagerService(  771):   com.android.browser
I/BackupManagerService(  771):   com.android.calendar
I/BackupManagerService(  771):   com.android.contacts
I/BackupManagerService(  771):   com.android.providers.settings
I/BackupManagerService(  771):   com.android.providers.userdictionary
I/BackupManagerService(  771):   com.android.sharedstoragebackup
I/BackupManagerService(  771):   com.baidu.antidisturbance
I/BackupManagerService(  771):   com.baidu.baiduclock
I/BackupManagerService(  771):   com.baidu.home2
I/BackupManagerService(  771):   com.baidu.notepad
I/BackupManagerService(  771):   yi
I/BackupManagerService(  771): Backup enabled => true
W/AlarmManager(  771): FACTORY_ON= 0
I/SystemServer(  771): AppWidget Service
I/SystemServer(  771): Recognition Service
I/SystemServer(  771): DiskStats Service
I/SystemServer(  771): SamplingProfiler Service
I/SystemServer(  771): NetworkTimeUpdateService
I/SystemServer(  771): Tvout Service ro.tvout.enable = false
I/SystemServer(  771): IRDA Service ro.product.nam = kyletdzm
I/SystemServer(  771): MiniModeAppManager Service
D/SystemServer(  771): This escaping dexopt of minimode.jar is only for eng build
D/SystemServer(  771): /data/dalvik-cache/minimode.dex is copied from /data/dalvik-cache/system@framework@minimode.jar@classes.dex
D/SystemServer(  771): lastModfied time of /data/dalvik-cache/minimode.dex is changed to 1217592000
I/SystemServer(  771): Motion Recognition Service
E/MotionRecognitionService(  771):   Engine is not included
I/SystemServer(  771): VoIPInterfaceManager Service
D/VoIPInterfaceManager(  771): VoIPInterfaceManager()...
D/VoIPInterfaceManager(  771): START VOIPINTERFACE SRVICE
I/WindowManager(  771): SAFE MODE not enabled
D/dalvikvm(  771): JIT started for system_server
E/FaceDetectionService(  771): FaceDetectionService Started.
D/VibratorService(  771): JNI vibratorOff()
I/EnterpriseDeviceManagerService(  771): Check for migration from 1.0
I/EnterpriseDeviceManagerService(  771): Migration from 1.0 already done
D/VibratorService(  771): JNI vibratorOn() : 1
D/PowerManagerService(  771): setScreenOffTimeouts mKeylightDelay=1500 mDimDelay=51500 mScreenOffDelay=7000 mDimScreen=true
W/EnterpriseDeviceManagerService(  771): systemReady
W/EnterpriseDeviceManagerService(  771): loadActiveAdmins
W/BluetoothPolicyService(  771): com.android.server.enterprise.EdmStorageProvider$SettingNotFoundException: Admin data is null
D/VibratorService(  771): JNI vibratorOn() : 21
W/BluetoothPolicyService(  771): com.android.server.enterprise.EdmStorageProvider$SettingNotFoundException: Admin data is null
I/ApplicationPermissionControlPolicy(  771): systemReady...
I/ApplicationPermissionControlPolicy(  771): reinforceApplicationPermissionControl
D/dalvikvm(  771): --- called into dvmAbstractMethodStub
W/dalvikvm(  771): threadid=12: thread exiting with uncaught exception (group=0x40c66210)
E/android.os.Debug(  771): !@Dumpstate > dumpstate -k -t -n -z -d -o /data/log/dumpstate_sys_error
I/dumpstate(  860): begin
E/AndroidRuntime(  771): *** FATAL EXCEPTION IN SYSTEM PROCESS: android.server.ServerThread
E/AndroidRuntime(  771): java.lang.AbstractMethodError: abstract method not implemented
E/AndroidRuntime(  771): 	at android.content.pm.IPackageManager$Stub.verifyGrantExternalPermissions(IPackageManager.java)
E/AndroidRuntime(  771): 	at com.android.server.enterprise.EnterpriseDeviceManagerService.verifyEnterprisePayload(EnterpriseDeviceManagerService.java:910)
E/AndroidRuntime(  771): 	at com.android.server.enterprise.EnterpriseDeviceManagerService.systemReady(EnterpriseDeviceManagerService.java:632)
E/AndroidRuntime(  771): 	at com.android.server.ServerThread.run(SystemServer.java:893)
E/DataRouter(  107): After the usb select 
E/DataRouter(  107): read length is zero
E/DataRouter(  107): dr_usb_deinit
E/DataRouter(  107): dr_usb_init
E/DataRouter(  107): USB Interface is open with 0xd
E/DataRouter(  107): USB interface is now configured for usb_fd = 0xd
E/DataRouter(  107): pcsyncreset
E/SMD     (   88): ***Received data notification[DR->SMD]***
E/SMD     (   88): Path set is DATA_PATH_DR_SMD_MANAGER
E/SMD     (   88): Message:\81
E/SMD     (   88): Sending data to SMD: Len = [3]
E/SMD     (   88):  buffer = [\81]
E/SMD     (   88): Wrote 3 chars to SMD PORT fd=11 ch = 81
E/DataRouter(  107): read usb data[len:0]
E/DataRouter(  107): read usb data message:
E/DataRouter(  107): Before the usb select 
D/UsbDeviceManager(  771): USB UEVENT: {USB_STATE=CONFIGURED, SUBSYSTEM=android_usb, DEVPATH=/devices/virtual/android_usb/android0, SEQNUM=1304, ACTION=change}
D/UsbDeviceManager(  771): handleMessage -> MSG_UPDATE_STATE connected = 1,configured = 1
E/DataRouter(  107): After the usb select 
E/DataRouter(  107): read usb data[len:1]
E/DataRouter(  107): read usb data message:A
E/DataRouter(  107): Before the usb select 
E/SMD     (   88): ***Received data notification[DR->SMD]***
E/SMD     (   88): Message:A
E/SMD     (   88): Sending data to SMD: Len = [1]
E/SMD     (   88):  buffer = [A]
E/SMD     (   88): Wrote 1 chars to SMD PORT fd=11 ch = 41
E/DataRouter(  107): After the usb select 
E/DataRouter(  107): read usb data[len:1]
E/DataRouter(  107): read usb data message:T
E/DataRouter(  107): Before the usb select 
E/SMD     (   88): ***Received data notification[DR->SMD]***
E/SMD     (   88): Message:T
E/SMD     (   88): Sending data to SMD: Len = [1]
E/SMD     (   88):  buffer = [T]
E/SMD     (   88): Wrote 1 chars to SMD PORT fd=11 ch = 54
E/DataRouter(  107): After the usb select 
E/DataRouter(  107): read usb data[len:1]
E/DataRouter(  107): read usb data message:

E/DataRouter(  107): Before the usb select 
E/SMD     (   88): ***Received data notification[DR->SMD]***
E/SMD     (   88): Message:

E/SMD     (   88): Sending data to SMD: Len = [1]
E/SMD     (   88):  buffer = [
]
D/SPRDENG (  145): eng_server2modem: use SIM1 /dev/CHNPTY13
D/SPRDENG (  145): AT > \81
D/PHONESERVER(  140): Send thread's TID [312] CHNMNG:findNextEOL:
D/PHONESERVER(  140): Send thread's TID [312] CHNMNG:end findNextEOL:
E/SMD     (   88): Wrote 1 chars to SMD PORT fd=11 ch = d
D/PHONESERVER(  140): Send thread's TID [312] CHNMNG:findNextEOL:
D/PHONESERVER(  140): Send thread's TID [312] CHNMNG:end findNextEOL:
D/PHONESERVER(  140): Send thread's TID [312] PS_PTY : /dev/CHNPTY13 Received 2 bytes command[\81
]
D/PHONESERVER(  140): 
D/PHONESERVER(  140):  Can not find a correct command router for cmd: \81

D/PHONESERVER(  140): pty_write get lock
D/PHONESERVER(  140): PS_PTY:/dev/CHNPTY13   write :

D/PHONESERVER(  140): ERROR

D/PHONESERVER(  140): 
D/SPRDENG (  145): eng_modem2server: use SIM1 /dev/CHNPTY13
D/SPRDENG (  145): AT < 

D/SPRDENG (  145): ERROR

D/SPRDENG (  145): 
E/SMD     (   88): After the Modem Read select 
E/SMD     (   88): Read 9 chars from SMD Modem file fd = 11
E/SMD     (   88):  Message: 

E/SMD     (   88): ERROR

E/SMD     (   88): 
E/SMD     (   88): Before the Modem Read select 
E/DataRouter(  107): [socket:17]******* Received data notification *******
E/DataRouter(  107): [socket:17]read socket data[len:9]
E/DataRouter(  107): [socket:17]read socket data[message:

E/DataRouter(  107): ERROR

E/DataRouter(  107): 
E/DataRouter(  107): write [9] bytes of data to USB fd[13]
E/DataRouter(  107): [socket:17]dr_usb_write
D/PHONESERVER(  140): pty_write free lock
E/DataRouter(  107): After the usb select 
E/DataRouter(  107): read usb data[len:1]
E/DataRouter(  107): read usb data message:A
E/DataRouter(  107): Before the usb select 
E/SMD     (   88): ***Received data notification[DR->SMD]***
E/SMD     (   88): Message:A
E/SMD     (   88): Sending data to SMD: Len = [1]
E/SMD     (   88):  buffer = [A]
E/SMD     (   88): Wrote 1 chars to SMD PORT fd=11 ch = 41
E/DataRouter(  107): After the usb select 
E/DataRouter(  107): read usb data[len:1]
E/DataRouter(  107): read usb data message:T
E/DataRouter(  107): Before the usb select 
E/SMD     (   88): ***Received data notification[DR->SMD]***
E/SMD     (   88): Message:T
E/SMD     (   88): Sending data to SMD: Len = [1]
E/SMD     (   88):  buffer = [T]
E/SMD     (   88): Wrote 1 chars to SMD PORT fd=11 ch = 54
E/DataRouter(  107): After the usb select 
E/DataRouter(  107): read usb data[len:1]
E/DataRouter(  107): read usb data message:+
E/DataRouter(  107): Before the usb select 
E/SMD     (   88): ***Received data notification[DR->SMD]***
E/SMD     (   88): Message:+
E/SMD     (   88): Sending data to SMD: Len = [1]
E/SMD     (   88):  buffer = [+]
E/SMD     (   88): Wrote 1 chars to SMD PORT fd=11 ch = 2b
E/DataRouter(  107): After the usb select 
E/DataRouter(  107): read usb data[len:1]
E/DataRouter(  107): read usb data message:C
E/DataRouter(  107): Before the usb select 
E/SMD     (   88): ***Received data notification[DR->SMD]***
E/SMD     (   88): Message:C
E/SMD     (   88): Sending data to SMD: Len = [1]
E/SMD     (   88):  buffer = [C]
E/SMD     (   88): Wrote 1 chars to SMD PORT fd=11 ch = 43
E/DataRouter(  107): After the usb select 
E/DataRouter(  107): read usb data[len:1]
E/DataRouter(  107): read usb data message:G
E/DataRouter(  107): Before the usb select 
E/SMD     (   88): ***Received data notification[DR->SMD]***
E/SMD     (   88): Message:G
E/SMD     (   88): Sending data to SMD: Len = [1]
E/SMD     (   88):  buffer = [G]
E/SMD     (   88): Wrote 1 chars to SMD PORT fd=11 ch = 47
E/DataRouter(  107): After the usb select 
E/DataRouter(  107): read usb data[len:1]
E/DataRouter(  107): read usb data message:M
E/DataRouter(  107): Before the usb select 
E/SMD     (   88): ***Received data notification[DR->SMD]***
E/SMD     (   88): Message:M
E/SMD     (   88): Sending data to SMD: Len = [1]
E/SMD     (   88):  buffer = [M]
E/SMD     (   88): Wrote 1 chars to SMD PORT fd=11 ch = 4d
E/DataRouter(  107): After the usb select 
E/DataRouter(  107): read usb data[len:1]
E/DataRouter(  107): read usb data message:I
E/DataRouter(  107): Before the usb select 
E/SMD     (   88): ***Received data notification[DR->SMD]***
E/SMD     (   88): Message:I
E/SMD     (   88): Sending data to SMD: Len = [1]
E/SMD     (   88):  buffer = [I]
E/SMD     (   88): Wrote 1 chars to SMD PORT fd=11 ch = 49
E/DataRouter(  107): After the usb select 
E/DataRouter(  107): read usb data[len:1]
E/DataRouter(  107): read usb data message:

E/DataRouter(  107): Before the usb select 
E/SMD     (   88): ***Received data notification[DR->SMD]***
E/SMD     (   88): Message:

E/SMD     (   88): Sending data to SMD: Len = [1]
E/SMD     (   88):  buffer = [
]
D/SPRDENG (  145): eng_server2modem: use SIM1 /dev/CHNPTY13
D/SPRDENG (  145): AT > AT+CGMI
D/PHONESERVER(  140): Send thread's TID [312] CHNMNG:findNextEOL:
D/PHONESERVER(  140): Send thread's TID [312] CHNMNG:end findNextEOL:
D/PHONESERVER(  140): Send thread's TID [312] CHNMNG:findNextEOL:
D/PHONESERVER(  140): Send thread's TID [312] CHNMNG:end findNextEOL:
D/PHONESERVER(  140): Send thread's TID [312] PS_PTY : /dev/CHNPTY13 Received 8 bytes command[AT+CGMI
]
D/PHONESERVER(  140): Send thread TID [312] CHNMNG enter channel_manager_get_cmux 
D/PHONESERVER(  140): Before add wait array pty=0x37964
D/PHONESERVER(  140): Before add wait array
D/PHONESERVER(  140): 
D/PHONESERVER(  140): After add wait array
D/PHONESERVER(  140): [0]:312 
D/PHONESERVER(  140): 
D/PHONESERVER(  140): TYPE: GSM
D/PHONESERVER(  140): Send thread TID [312] CHNMNG Leave channel_manager_get_cmux:/dev/ts0710mux5 
D/PHONESERVER(  140): PS_CMUX cmux_regist_cmd_callback cmux:/dev/ts0710mux5
D/PHONESERVER(  140): PS_CMUX :/dev/ts0710mux5 cmux_write:AT+CGMI
:len=8
D/PHONESERVER(  140): Receive thread's TID [301] CHMNG:  receive data thread :mux=/dev/ts0710mux5:input:Spreadtrum Communication CO.

D/PHONESERVER(  140): pty_write get lock
D/PHONESERVER(  140): PS_PTY:/dev/CHNPTY13   write :

D/PHONESERVER(  140): Spreadtrum Communication CO.

D/PHONESERVER(  140): 
D/SPRDENG (  145): eng_modem2server: use SIM1 /dev/CHNPTY13
D/PHONESERVER(  140): pty_write free lock
D/PHONESERVER(  140): Receive thread's TID [301] MUX :/dev/ts0710mux5 Waiting for resp  
D/PHONESERVER(  140): Receive thread's TID [301] CHMNG:  receive data thread :mux=/dev/ts0710mux5:input:OK

D/PHONESERVER(  140): PS_CMUX cmux_deregist_cmd_callback cmux:/dev/ts0710mux5
D/PHONESERVER(  140): pty_write get lock
D/PHONESERVER(  140): PS_PTY:/dev/CHNPTY13   write :

D/PHONESERVER(  140): OK

D/PHONESERVER(  140): 
D/PHONESERVER(  140): pty_write free lock
D/PHONESERVER(  140): PS_PTY also be cleared before pty_clear_wait_resp_flag pty:/dev/CHNPTY13
E/SMD     (   88): Wrote 1 chars to SMD PORT fd=11 ch = d
D/PHONESERVER(  140): [312] before timeout (1402158523)
D/PHONESERVER(  140): CHNMNG enter channel_manager_free_cmux cmux=/dev/ts0710mux5 
D/PHONESERVER(  140): CHNMNG enter channel_manager_free_cmux pty=0x37964 
D/PHONESERVER(  140): [301] Before remove wait array
D/PHONESERVER(  140): [0]:312 
D/PHONESERVER(  140): 
D/PHONESERVER(  140): [301] After remove wait array
D/PHONESERVER(  140): 
D/PHONESERVER(  140): Enter select_send_thread_run
D/PHONESERVER(  140): Leave select_send_thread_run
D/PHONESERVER(  140): CHNMNG Leave channel_manager_free_cmux cmux=/dev/ts0710mux5 
D/PHONESERVER(  140): [301] before signal (1402158523)
D/PHONESERVER(  140): [301] after signal (1402158523)
D/PHONESERVER(  140): Receive thread's TID [301] MUX :/dev/ts0710mux5 Waiting for resp  
D/PHONESERVER(  140): [312] after timeout (1402158523)
D/PHONESERVER(  140): phoneserver mux adapt: generic cmd AT+CGMI

D/SPRDENG (  145): AT < 

D/SPRDENG (  145): Spreadtrum Communication CO.

D/SPRDENG (  145): 

D/SPRDENG (  145): OK

D/SPRDENG (  145): 
E/SMD     (   88): After the Modem Read select 
E/SMD     (   88): Read 38 chars from SMD Modem file fd = 11
E/SMD     (   88):  Message: 

E/SMD     (   88): Spreadtrum Communication CO.

E/SMD     (   88): 

E/SMD     (   88): OK

E/SMD     (   88): 
E/SMD     (   88): Before the Modem Read select 
E/DataRouter(  107): [socket:17]******* Received data notification *******
E/DataRouter(  107): [socket:17]read socket data[len:38]
E/DataRouter(  107): [socket:17]read socket data[message:

E/DataRouter(  107): Spreadtrum Communication CO.

E/DataRouter(  107): 

E/DataRouter(  107): OK

E/DataRouter(  107): 
E/DataRouter(  107): write [38] bytes of data to USB fd[13]
E/DataRouter(  107): [socket:17]dr_usb_write
E/DataRouter(  107): After the usb select 
E/DataRouter(  107): read usb data[len:1]
E/DataRouter(  107): read usb data message:A
E/DataRouter(  107): Before the usb select 
E/SMD     (   88): ***Received data notification[DR->SMD]***
E/SMD     (   88): Message:A
E/SMD     (   88): Sending data to SMD: Len = [1]
E/SMD     (   88):  buffer = [A]
E/SMD     (   88): Wrote 1 chars to SMD PORT fd=11 ch = 41
E/DataRouter(  107): After the usb select 
E/DataRouter(  107): read usb data[len:1]
E/DataRouter(  107): read usb data message:T
E/DataRouter(  107): Before the usb select 
E/SMD     (   88): ***Received data notification[DR->SMD]***
E/SMD     (   88): Message:T
E/SMD     (   88): Sending data to SMD: Len = [1]
E/SMD     (   88):  buffer = [T]
E/SMD     (   88): Wrote 1 chars to SMD PORT fd=11 ch = 54
V/AudioFlinger(  740): releaseWakeLock_l() AudioOut_1
V/AudioFlinger(  740): MixerThread 0x14c1788 TID 769 going to sleep
E/DataRouter(  107): After the usb select 
E/DataRouter(  107): read usb data[len:1]
E/DataRouter(  107): read usb data message:+
E/DataRouter(  107): Before the usb select 
E/SMD     (   88): ***Received data notification[DR->SMD]***
E/SMD     (   88): Message:+
E/SMD     (   88): Sending data to SMD: Len = [1]
E/SMD     (   88):  buffer = [+]
E/SMD     (   88): Wrote 1 chars to SMD PORT fd=11 ch = 2b
E/DataRouter(  107): After the usb select 
E/DataRouter(  107): read usb data[len:1]
E/DataRouter(  107): read usb data message:C
E/DataRouter(  107): Before the usb select 
E/SMD     (   88): ***Received data notification[DR->SMD]***
E/SMD     (   88): Message:C
E/SMD     (   88): Sending data to SMD: Len = [1]
E/SMD     (   88):  buffer = [C]
E/SMD     (   88): Wrote 1 chars to SMD PORT fd=11 ch = 43
E/DataRouter(  107): After the usb select 
E/DataRouter(  107): read usb data[len:1]
E/DataRouter(  107): read usb data message:G
E/DataRouter(  107): Before the usb select 
E/SMD     (   88): ***Received data notification[DR->SMD]***
E/SMD     (   88): Message:G
E/SMD     (   88): Sending data to SMD: Len = [1]
E/SMD     (   88):  buffer = [G]
E/SMD     (   88): Wrote 1 chars to SMD PORT fd=11 ch = 47
E/DataRouter(  107): After the usb select 
E/DataRouter(  107): read usb data[len:1]
E/DataRouter(  107): read usb data message:M
E/DataRouter(  107): Before the usb select 
E/SMD     (   88): ***Received data notification[DR->SMD]***
E/SMD     (   88): Message:M
E/SMD     (   88): Sending data to SMD: Len = [1]
E/SMD     (   88):  buffer = [M]
E/SMD     (   88): Wrote 1 chars to SMD PORT fd=11 ch = 4d
E/DataRouter(  107): After the usb select 
E/DataRouter(  107): read usb data[len:1]
E/DataRouter(  107): read usb data message:M
E/DataRouter(  107): Before the usb select 
E/SMD     (   88): ***Received data notification[DR->SMD]***
E/SMD     (   88): Message:M
E/SMD     (   88): Sending data to SMD: Len = [1]
E/SMD     (   88):  buffer = [M]
E/SMD     (   88): Wrote 1 chars to SMD PORT fd=11 ch = 4d
E/DataRouter(  107): After the usb select 
E/DataRouter(  107): read usb data[len:1]
E/DataRouter(  107): read usb data message:

E/DataRouter(  107): Before the usb select 
E/SMD     (   88): ***Received data notification[DR->SMD]***
E/SMD     (   88): Message:

E/SMD     (   88): Sending data to SMD: Len = [1]
E/SMD     (   88):  buffer = [
]
D/SPRDENG (  145): eng_server2modem: use SIM1 /dev/CHNPTY13
D/SPRDENG (  145): AT > AT+CGMM
D/PHONESERVER(  140): Send thread's TID [312] CHNMNG:findNextEOL:
D/PHONESERVER(  140): Send thread's TID [312] CHNMNG:end findNextEOL:
D/PHONESERVER(  140): Send thread's TID [312] CHNMNG:findNextEOL:
D/PHONESERVER(  140): Send thread's TID [312] CHNMNG:end findNextEOL:
D/PHONESERVER(  140): Send thread's TID [312] PS_PTY : /dev/CHNPTY13 Received 8 bytes command[AT+CGMM
]
D/PHONESERVER(  140): Send thread TID [312] CHNMNG enter channel_manager_get_cmux 
D/PHONESERVER(  140): Before add wait array pty=0x37964
D/PHONESERVER(  140): Before add wait array
D/PHONESERVER(  140): 
D/PHONESERVER(  140): After add wait array
D/PHONESERVER(  140): [0]:312 
D/PHONESERVER(  140): 
D/PHONESERVER(  140): TYPE: GSM
D/PHONESERVER(  140): Send thread TID [312] CHNMNG Leave channel_manager_get_cmux:/dev/ts0710mux5 
D/PHONESERVER(  140): PS_CMUX cmux_regist_cmd_callback cmux:/dev/ts0710mux5
D/PHONESERVER(  140): PS_CMUX :/dev/ts0710mux5 cmux_write:AT+CGMM
:len=8
D/PHONESERVER(  140): Receive thread's TID [301] CHMNG:  receive data thread :mux=/dev/ts0710mux5:input:V1.0.1-B7

D/PHONESERVER(  140): pty_write get lock
D/PHONESERVER(  140): PS_PTY:/dev/CHNPTY13   write :

D/PHONESERVER(  140): V1.0.1-B7

D/PHONESERVER(  140): 
D/SPRDENG (  145): eng_modem2server: use SIM1 /dev/CHNPTY13
D/PHONESERVER(  140): pty_write free lock
D/PHONESERVER(  140): Receive thread's TID [301] MUX :/dev/ts0710mux5 Waiting for resp  
D/PHONESERVER(  140): Receive thread's TID [301] CHMNG:  receive data thread :mux=/dev/ts0710mux5:input:OK

D/PHONESERVER(  140): PS_CMUX cmux_deregist_cmd_callback cmux:/dev/ts0710mux5
D/PHONESERVER(  140): pty_write get lock
D/PHONESERVER(  140): PS_PTY:/dev/CHNPTY13   write :

D/PHONESERVER(  140): OK

D/PHONESERVER(  140): 
D/PHONESERVER(  140): pty_write free lock
E/SMD     (   88): Wrote 1 chars to SMD PORT fd=11 ch = d
D/PHONESERVER(  140): [312] before timeout (1402158524)
D/PHONESERVER(  140): CHNMNG enter channel_manager_free_cmux cmux=/dev/ts0710mux5 
D/PHONESERVER(  140): CHNMNG enter channel_manager_free_cmux pty=0x37964 
D/PHONESERVER(  140): [301] Before remove wait array
D/PHONESERVER(  140): [0]:312 
D/PHONESERVER(  140): 
D/PHONESERVER(  140): [301] After remove wait array
D/PHONESERVER(  140): 
D/PHONESERVER(  140): Enter select_send_thread_run
D/PHONESERVER(  140): Leave select_send_thread_run
D/PHONESERVER(  140): CHNMNG Leave channel_manager_free_cmux cmux=/dev/ts0710mux5 
D/PHONESERVER(  140): [301] before signal (1402158524)
D/PHONESERVER(  140): [301] after signal (1402158524)
D/PHONESERVER(  140): Receive thread's TID [301] MUX :/dev/ts0710mux5 Waiting for resp  
D/PHONESERVER(  140): [312] after timeout (1402158524)
D/PHONESERVER(  140): phoneserver mux adapt: generic cmd AT+CGMM

D/SPRDENG (  145): AT < 

D/SPRDENG (  145): V1.0.1-B7

D/SPRDENG (  145): 

D/SPRDENG (  145): OK

D/SPRDENG (  145): 
E/SMD     (   88): After the Modem Read select 
E/SMD     (   88): Read 19 chars from SMD Modem file fd = 11
E/SMD     (   88):  Message: 

E/SMD     (   88): V1.0.1-B7

E/SMD     (   88): 

E/SMD     (   88): OK

E/SMD     (   88): ication CO.

E/SMD     (   88): 

E/SMD     (   88): OK

E/SMD     (   88): 
E/SMD     (   88): Before the Modem Read select 
E/DataRouter(  107): [socket:17]******* Received data notification *******
E/DataRouter(  107): [socket:17]read socket data[len:19]
E/DataRouter(  107): [socket:17]read socket data[message:

E/DataRouter(  107): V1.0.1-B7

E/DataRouter(  107): 

E/DataRouter(  107): OK

E/DataRouter(  107): 
E/DataRouter(  107): write [19] bytes of data to USB fd[13]
E/DataRouter(  107): [socket:17]dr_usb_write
E/DataRouter(  107): After the usb select 
E/DataRouter(  107): read usb data[len:1]
E/DataRouter(  107): read usb data message:A
E/DataRouter(  107): Before the usb select 
E/SMD     (   88): ***Received data notification[DR->SMD]***
E/SMD     (   88): Message:A
E/SMD     (   88): Sending data to SMD: Len = [1]
E/SMD     (   88):  buffer = [A]
E/SMD     (   88): Wrote 1 chars to SMD PORT fd=11 ch = 41
E/DataRouter(  107): After the usb select 
E/DataRouter(  107): read usb data[len:1]
E/DataRouter(  107): read usb data message:T
E/DataRouter(  107): Before the usb select 
E/SMD     (   88): ***Received data notification[DR->SMD]***
E/SMD     (   88): Message:T
E/SMD     (   88): Sending data to SMD: Len = [1]
E/SMD     (   88):  buffer = [T]
E/SMD     (   88): Wrote 1 chars to SMD PORT fd=11 ch = 54
E/DataRouter(  107): After the usb select 
E/DataRouter(  107): read usb data[len:1]
E/DataRouter(  107): read usb data message:%
E/DataRouter(  107): Before the usb select 
E/SMD     (   88): ***Received data notification[DR->SMD]***
E/SMD     (   88): Message:%
E/SMD     (   88): Sending data to SMD: Len = [1]
E/SMD     (   88):  buffer = [%]
E/SMD     (   88): Wrote 1 chars to SMD PORT fd=11 ch = 25
E/DataRouter(  107): After the usb select 
E/DataRouter(  107): read usb data[len:1]
E/DataRouter(  107): read usb data message:I
E/DataRouter(  107): Before the usb select 
E/SMD     (   88): ***Received data notification[DR->SMD]***
E/SMD     (   88): Message:I
E/SMD     (   88): Sending data to SMD: Len = [1]
E/SMD     (   88):  buffer = [I]
E/SMD     (   88): Wrote 1 chars to SMD PORT fd=11 ch = 49
E/DataRouter(  107): After the usb select 
E/DataRouter(  107): read usb data[len:1]
E/DataRouter(  107): read usb data message:P
E/DataRouter(  107): Before the usb select 
E/SMD     (   88): ***Received data notification[DR->SMD]***
E/SMD     (   88): Message:P
E/SMD     (   88): Sending data to SMD: Len = [1]
E/SMD     (   88):  buffer = [P]
E/SMD     (   88): Wrote 1 chars to SMD PORT fd=11 ch = 50
E/DataRouter(  107): After the usb select 
E/DataRouter(  107): read usb data[len:1]
E/DataRouter(  107): read usb data message:S
E/DataRouter(  107): Before the usb select 
E/SMD     (   88): ***Received data notification[DR->SMD]***
E/SMD     (   88): Message:S
E/SMD     (   88): Sending data to SMD: Len = [1]
E/SMD     (   88):  buffer = [S]
E/SMD     (   88): Wrote 1 chars to SMD PORT fd=11 ch = 53
E/DataRouter(  107): After the usb select 
E/DataRouter(  107): read usb data[len:1]
E/DataRouter(  107): read usb data message:Y
E/DataRouter(  107): Before the usb select 
E/SMD     (   88): ***Received data notification[DR->SMD]***
E/SMD     (   88): Message:Y
E/SMD     (   88): Sending data to SMD: Len = [1]
E/SMD     (   88):  buffer = [Y]
E/SMD     (   88): Wrote 1 chars to SMD PORT fd=11 ch = 59
D/VoldCmdListener(   78): asec list
D/VoldCmdListener(   78): CommandListener::AsecCmd::runCommand -> -- 
E/DataRouter(  107): After the usb select 
E/DataRouter(  107): read usb data[len:1]
E/DataRouter(  107): read usb data message:S
E/DataRouter(  107): Before the usb select 
E/SMD     (   88): ***Received data notification[DR->SMD]***
E/SMD     (   88): Message:S
E/SMD     (   88): Sending data to SMD: Len = [1]
E/SMD     (   88):  buffer = [S]
E/SMD     (   88): Wrote 1 chars to SMD PORT fd=11 ch = 53
E/DataRouter(  107): After the usb select 
E/DataRouter(  107): read usb data[len:1]
E/DataRouter(  107): read usb data message:?
E/DataRouter(  107): Before the usb select 
E/SMD     (   88): ***Received data notification[DR->SMD]***
E/SMD     (   88): Message:?
E/SMD     (   88): Sending data to SMD: Len = [1]
E/SMD     (   88):  buffer = [?]
E/SMD     (   88): Wrote 1 chars to SMD PORT fd=11 ch = 3f
E/DataRouter(  107): After the usb select 
E/DataRouter(  107): read usb data[len:1]
E/DataRouter(  107): read usb data message:

E/DataRouter(  107): Before the usb select 
E/SMD     (   88): ***Received data notification[DR->SMD]***
E/SMD     (   88): Message:

E/SMD     (   88): Sending data to SMD: Len = [1]
E/SMD     (   88):  buffer = [
]
D/SPRDENG (  145): eng_server2modem: use SIM1 /dev/CHNPTY13
D/SPRDENG (  145): AT > AT%IPSYS?
D/PHONESERVER(  140): Send thread's TID [312] CHNMNG:findNextEOL:
D/PHONESERVER(  140): Send thread's TID [312] CHNMNG:end findNextEOL:
E/SMD     (   88): Wrote 1 chars to SMD PORT fd=11 ch = d
D/PHONESERVER(  140): Send thread's TID [312] CHNMNG:findNextEOL:
D/PHONESERVER(  140): Send thread's TID [312] CHNMNG:end findNextEOL:
D/PHONESERVER(  140): Send thread's TID [312] PS_PTY : /dev/CHNPTY13 Received 10 bytes command[AT%IPSYS?
]
D/PHONESERVER(  140): Send thread TID [312] CHNMNG enter channel_manager_get_cmux 
D/PHONESERVER(  140): Before add wait array pty=0x37964
D/PHONESERVER(  140): Before add wait array
D/PHONESERVER(  140): 
D/PHONESERVER(  140): After add wait array
D/PHONESERVER(  140): [0]:312 
D/PHONESERVER(  140): 
D/PHONESERVER(  140): TYPE: GSM
D/PHONESERVER(  140): Send thread TID [312] CHNMNG Leave channel_manager_get_cmux:/dev/ts0710mux5 
D/PHONESERVER(  140): PS_CMUX cmux_regist_cmd_callback cmux:/dev/ts0710mux5
D/PHONESERVER(  140): PS_CMUX :/dev/ts0710mux5 cmux_write:AT%IPSYS?
:len=10
D/PHONESERVER(  140): Receive thread's TID [301] CHMNG:  receive data thread :mux=/dev/ts0710mux5:input:+CME ERROR: 4

D/PHONESERVER(  140): PS_CMUX cmux_deregist_cmd_callback cmux:/dev/ts0710mux5
D/PHONESERVER(  140): pty_write get lock
D/PHONESERVER(  140): PS_PTY:/dev/CHNPTY13   write :

D/PHONESERVER(  140): +CME ERROR: 4

D/PHONESERVER(  140): 
D/SPRDENG (  145): eng_modem2server: use SIM1 /dev/CHNPTY13
D/SPRDENG (  145): AT < 

D/SPRDENG (  145): +CME ERROR: 4

D/SPRDENG (  145): 
E/SMD     (   88): After the Modem Read select 
E/SMD     (   88): Read 17 chars from SMD Modem file fd = 11
E/SMD     (   88):  Message: 

E/SMD     (   88): +CME ERROR: 4

E/SMD     (   88): 

E/SMD     (   88): ication CO.

E/SMD     (   88): 

E/SMD     (   88): OK

E/SMD     (   88): 
E/SMD     (   88): Before the Modem Read select 
E/DataRouter(  107): [socket:17]******* Received data notification *******
E/DataRouter(  107): [socket:17]read socket data[len:17]
E/DataRouter(  107): [socket:17]read socket data[message:

E/DataRouter(  107): +CME ERROR: 4

E/DataRouter(  107): 
E/DataRouter(  107): write [17] bytes of data to USB fd[13]
E/DataRouter(  107): [socket:17]dr_usb_write
D/PHONESERVER(  140): pty_write free lock
D/PHONESERVER(  140): [312] before timeout (1402158525)
D/PHONESERVER(  140): CHNMNG enter channel_manager_free_cmux cmux=/dev/ts0710mux5 
D/PHONESERVER(  140): CHNMNG enter channel_manager_free_cmux pty=0x37964 
D/PHONESERVER(  140): [301] Before remove wait array
D/PHONESERVER(  140): [0]:312 
D/PHONESERVER(  140): 
D/PHONESERVER(  140): [301] After remove wait array
D/PHONESERVER(  140): 
D/PHONESERVER(  140): Enter select_send_thread_run
D/PHONESERVER(  140): Leave select_send_thread_run
D/PHONESERVER(  140): CHNMNG Leave channel_manager_free_cmux cmux=/dev/ts0710mux5 
D/PHONESERVER(  140): [301] before signal (1402158525)
D/PHONESERVER(  140): [301] after signal (1402158525)
D/PHONESERVER(  140): Receive thread's TID [301] MUX :/dev/ts0710mux5 Waiting for resp  
D/PHONESERVER(  140): [312] after timeout (1402158525)
D/PHONESERVER(  140): phoneserver mux adapt: generic cmd AT%IPSYS?

E/DataRouter(  107): After the usb select 
E/DataRouter(  107): read usb data[len:1]
E/DataRouter(  107): read usb data message:A
E/DataRouter(  107): Before the usb select 
E/SMD     (   88): ***Received data notification[DR->SMD]***
E/SMD     (   88): Message:A
E/SMD     (   88): Sending data to SMD: Len = [1]
E/SMD     (   88):  buffer = [A]
E/SMD     (   88): Wrote 1 chars to SMD PORT fd=11 ch = 41
E/DataRouter(  107): After the usb select 
E/DataRouter(  107): read usb data[len:1]
E/DataRouter(  107): read usb data message:T
E/DataRouter(  107): Before the usb select 
E/SMD     (   88): ***Received data notification[DR->SMD]***
E/SMD     (   88): Message:T
E/SMD     (   88): Sending data to SMD: Len = [1]
E/SMD     (   88):  buffer = [T]
E/SMD     (   88): Wrote 1 chars to SMD PORT fd=11 ch = 54
E/DataRouter(  107): After the usb select 
E/DataRouter(  107): read usb data[len:1]
E/DataRouter(  107): read usb data message:E
E/DataRouter(  107): Before the usb select 
E/SMD     (   88): ***Received data notification[DR->SMD]***
E/SMD     (   88): Message:E
E/SMD     (   88): Sending data to SMD: Len = [1]
E/SMD     (   88):  buffer = [E]
E/SMD     (   88): Wrote 1 chars to SMD PORT fd=11 ch = 45
E/DataRouter(  107): After the usb select 
E/DataRouter(  107): read usb data[len:1]
E/DataRouter(  107): read usb data message:0
E/DataRouter(  107): Before the usb select 
E/SMD     (   88): ***Received data notification[DR->SMD]***
E/SMD     (   88): Message:0
E/SMD     (   88): Sending data to SMD: Len = [1]
E/SMD     (   88):  buffer = [0]
E/SMD     (   88): Wrote 1 chars to SMD PORT fd=11 ch = 30
E/DataRouter(  107): After the usb select 
E/DataRouter(  107): read usb data[len:1]
E/DataRouter(  107): read usb data message:

E/DataRouter(  107): Before the usb select 
E/SMD     (   88): ***Received data notification[DR->SMD]***
E/SMD     (   88): Message:

E/SMD     (   88): Sending data to SMD: Len = [1]
E/SMD     (   88):  buffer = [
]
D/SPRDENG (  145): eng_server2modem: use SIM1 /dev/CHNPTY13
D/SPRDENG (  145): AT > ATE0
D/SPRDENG (  145): eng_modem2server: use SIM1 /dev/CHNPTY13
D/PHONESERVER(  140): Send thread's TID [312] CHNMNG:findNextEOL:
D/PHONESERVER(  140): Send thread's TID [312] CHNMNG:end findNextEOL:
D/PHONESERVER(  140): Send thread's TID [312] PS_PTY : /dev/CHNPTY13 Received 5 bytes command[ATE0
]
D/PHONESERVER(  140): Send thread TID [312] CHNMNG enter channel_manager_get_cmux 
D/PHONESERVER(  140): Before add wait array pty=0x37964
D/PHONESERVER(  140): Before add wait array
D/PHONESERVER(  140): 
D/PHONESERVER(  140): After add wait array
D/PHONESERVER(  140): [0]:312 
D/PHONESERVER(  140): 
D/PHONESERVER(  140): TYPE: GSM
D/PHONESERVER(  140): Send thread TID [312] CHNMNG Leave channel_manager_get_cmux:/dev/ts0710mux5 
D/PHONESERVER(  140): PS_CMUX cmux_regist_cmd_callback cmux:/dev/ts0710mux5
D/PHONESERVER(  140): PS_CMUX :/dev/ts0710mux5 cmux_write:ATE0
:len=5
D/PHONESERVER(  140): Receive thread's TID [301] CHMNG:  receive data thread :mux=/dev/ts0710mux5:input:OK

D/PHONESERVER(  140): PS_CMUX cmux_deregist_cmd_callback cmux:/dev/ts0710mux5
D/PHONESERVER(  140): pty_write get lock
D/PHONESERVER(  140): PS_PTY:/dev/CHNPTY13   write :

D/PHONESERVER(  140): OK

D/PHONESERVER(  140): 
D/SPRDENG (  145): AT < 

D/SPRDENG (  145): OK

D/SPRDENG (  145): 
E/SMD     (   88): After the Modem Read select 
E/SMD     (   88): Read 6 chars from SMD Modem file fd = 11
E/SMD     (   88):  Message: 

E/SMD     (   88): OK

E/SMD     (   88):  ERROR: 4

E/SMD     (   88): 

E/SMD     (   88): ication CO.

E/SMD     (   88): 

E/SMD     (   88): OK

E/SMD     (   88): 
E/SMD     (   88): Before the Modem Read select 
E/DataRouter(  107): [socket:17]******* Received data notification *******
E/DataRouter(  107): [socket:17]read socket data[len:6]
E/DataRouter(  107): [socket:17]read socket data[message:

E/DataRouter(  107): OK

E/DataRouter(  107): 
E/DataRouter(  107): write [6] bytes of data to USB fd[13]
E/DataRouter(  107): [socket:17]dr_usb_write
D/PHONESERVER(  140): pty_write free lock
D/PHONESERVER(  140): [312] before timeout (1402158525)
D/PHONESERVER(  140): CHNMNG enter channel_manager_free_cmux cmux=/dev/ts0710mux5 
D/PHONESERVER(  140): CHNMNG enter channel_manager_free_cmux pty=0x37964 
D/PHONESERVER(  140): [301] Before remove wait array
D/PHONESERVER(  140): [0]:312 
D/PHONESERVER(  140): 
D/PHONESERVER(  140): [301] After remove wait array
D/PHONESERVER(  140): 
D/PHONESERVER(  140): Enter select_send_thread_run
D/PHONESERVER(  140): Leave select_send_thread_run
D/PHONESERVER(  140): CHNMNG Leave channel_manager_free_cmux cmux=/dev/ts0710mux5 
D/PHONESERVER(  140): [301] before signal (1402158525)
D/PHONESERVER(  140): [301] after signal (1402158525)
D/PHONESERVER(  140): Receive thread's TID [301] MUX :/dev/ts0710mux5 Waiting for resp  
D/PHONESERVER(  140): [312] after timeout (1402158525)
D/PHONESERVER(  140): phoneserver mux adapt: generic cmd ATE0

E/SMD     (   88): Wrote 1 chars to SMD PORT fd=11 ch = d
E/DataRouter(  107): After the usb select 
E/DataRouter(  107): read usb data[len:1]
E/DataRouter(  107): read usb data message:A
E/DataRouter(  107): Before the usb select 
E/SMD     (   88): ***Received data notification[DR->SMD]***
E/SMD     (   88): Message:A
E/SMD     (   88): Sending data to SMD: Len = [1]
E/SMD     (   88):  buffer = [A]
E/SMD     (   88): Wrote 1 chars to SMD PORT fd=11 ch = 41
E/DataRouter(  107): After the usb select 
E/DataRouter(  107): read usb data[len:1]
E/DataRouter(  107): read usb data message:T
E/DataRouter(  107): Before the usb select 
E/SMD     (   88): ***Received data notification[DR->SMD]***
E/SMD     (   88): Message:T
E/SMD     (   88): Sending data to SMD: Len = [1]
E/SMD     (   88):  buffer = [T]
E/SMD     (   88): Wrote 1 chars to SMD PORT fd=11 ch = 54
E/DataRouter(  107): After the usb select 
E/DataRouter(  107): read usb data[len:1]
E/DataRouter(  107): read usb data message:V
E/DataRouter(  107): Before the usb select 
E/SMD     (   88): ***Received data notification[DR->SMD]***
E/SMD     (   88): Message:V
E/SMD     (   88): Sending data to SMD: Len = [1]
E/SMD     (   88):  buffer = [V]
E/SMD     (   88): Wrote 1 chars to SMD PORT fd=11 ch = 56
E/DataRouter(  107): After the usb select 
E/DataRouter(  107): read usb data[len:1]
E/DataRouter(  107): read usb data message:1
E/DataRouter(  107): Before the usb select 
E/SMD     (   88): ***Received data notification[DR->SMD]***
E/SMD     (   88): Message:1
E/SMD     (   88): Sending data to SMD: Len = [1]
E/SMD     (   88):  buffer = [1]
E/SMD     (   88): Wrote 1 chars to SMD PORT fd=11 ch = 31
E/DataRouter(  107): After the usb select 
E/DataRouter(  107): read usb data[len:1]
E/DataRouter(  107): read usb data message:

E/DataRouter(  107): Before the usb select 
E/SMD     (   88): ***Received data notification[DR->SMD]***
E/SMD     (   88): Message:

E/SMD     (   88): Sending data to SMD: Len = [1]
E/SMD     (   88):  buffer = [
]
D/SPRDENG (  145): eng_server2modem: use SIM1 /dev/CHNPTY13
D/SPRDENG (  145): AT > ATV1
