V/AudioPolicyService(  584): inserting command: 2 at index 0, num commands 0
V/AudioPolicyService(  584): AudioCommandThread() adding set volume stream 3, volume 55.000000, output 1
V/AudioPolicyService(  584): AudioCommandThread() waking up
V/AudioPolicyService(  584): AudioCommandThread() processing set volume stream 3,                             volume 55.000000, output 1
V/AudioPolicyService(  584): AudioCommandThread() going to sleep
V/AudioPolicyManagerBase(  584): getNewDevice() selected device 0
V/AudioPolicyManagerBase(  584): getDeviceForStrategy() from cache strategy 0, device 0
V/AudioPolicyManagerBase(  584): setStreamVolume() for output 1 stream 4, volume 76.000000, delay 0
V/AudioPolicyService(  584): inserting command: 2 at index 0, num commands 0
V/AudioPolicyService(  584): AudioCommandThread() adding set volume stream 4, volume 76.000000, output 1
V/AudioPolicyService(  584): AudioCommandThread() waking up
V/AudioPolicyService(  584): AudioCommandThread() processing set volume stream 4,                             volume 76.000000, output 1
V/AudioPolicyService(  584): AudioCommandThread() going to sleep
V/AudioPolicyManagerBase(  584): setStreamVolume() for output 1 stream 5, volume 75.000000, delay 0
V/AudioPolicyService(  584): inserting command: 2 at index 0, num commands 0
V/AudioPolicyService(  584): AudioCommandThread() adding set volume stream 5, volume 75.000000, output 1
V/AudioPolicyService(  584): AudioCommandThread() waking up
V/AudioPolicyService(  584): AudioCommandThread() processing set volume stream 5,                             volume 75.000000, output 1
V/AudioPolicyService(  584): AudioCommandThread() going to sleep
V/AudioPolicyManagerBase(  584): checkAndSetVolume() cannot set stream 6 volume with force use = 0 for comm
V/AudioPolicyManagerBase(  584): setStreamVolume() for output 1 stream 7, volume 72.000000, delay 0
V/AudioPolicyService(  584): inserting command: 2 at index 0, num commands 0
V/AudioPolicyService(  584): AudioCommandThread() adding set volume stream 7, volume 72.000000, output 1
V/AudioPolicyService(  584): AudioCommandThread() waking up
V/AudioPolicyService(  584): AudioCommandThread() processing set volume stream 7,                             volume 72.000000, output 1
V/AudioPolicyService(  584): AudioCommandThread() going to sleep
V/AudioPolicyManagerBase(  584): setStreamVolume() for output 1 stream 8, volume 1.000000, delay 0
V/AudioPolicyService(  584): inserting command: 2 at index 0, num commands 0
V/AudioPolicyService(  584): AudioCommandThread() adding set volume stream 8, volume 1.000000, output 1
V/AudioPolicyService(  584): AudioCommandThread() waking up
V/AudioPolicyService(  584): AudioCommandThread() processing set volume stream 8,                             volume 1.000000, output 1
V/AudioPolicyService(  584): AudioCommandThread() going to sleep
V/AudioPolicyManagerBase(  584): getNewDevice() selected device 0
V/AudioPolicyManagerBase(  584): getDeviceForStrategy() from cache strategy 0, device 0
D/AudioPolicyManagerBase(  584): return MUSIC_SPK index=1
V/AudioPolicyManagerBase(  584): setStreamVolume() for output 1 stream 9, volume 55.000000, delay 0
V/AudioPolicyService(  584): inserting command: 2 at index 0, num commands 0
V/AudioPolicyService(  584): AudioCommandThread() adding set volume stream 9, volume 55.000000, output 1
V/AudioPolicyService(  584): AudioCommandThread() waking up
V/AudioPolicyService(  584): AudioCommandThread() processing set volume stream 9,                             volume 55.000000, output 1
V/AudioPolicyService(  584): AudioCommandThread() going to sleep
V/AudioPolicyManagerBase(  584): getNewDevice() selected device 0
V/AudioPolicyManagerBase(  584): getDeviceForStrategy() from cache strategy 0, device 0
D/AudioPolicyManagerBase(  584): return MUSIC_SPK index=1
V/AudioPolicyManagerBase(  584): setStreamVolume() for output 1 stream 10, volume 1.000000, delay 0
V/AudioPolicyService(  584): inserting command: 2 at index 0, num commands 0
V/AudioPolicyService(  584): AudioCommandThread() adding set volume stream 10, volume 1.000000, output 1
V/AudioPolicyService(  584): AudioCommandThread() waking up
V/AudioPolicyService(  584): AudioCommandThread() processing set volume stream 10,                             volume 1.000000, output 1
V/AudioPolicyService(  584): AudioCommandThread() going to sleep
V/AudioPolicyManagerBase(  584): setStreamVolume() for output 1 stream 11, volume 76.000000, delay 0
V/AudioPolicyService(  584): inserting command: 2 at index 0, num commands 0
V/AudioPolicyService(  584): AudioCommandThread() adding set volume stream 11, volume 76.000000, output 1
V/AudioPolicyService(  584): AudioCommandThread() waking up
V/AudioPolicyService(  584): AudioCommandThread() processing set volume stream 11,                             volume 76.000000, output 1
V/AudioPolicyService(  584): AudioCommandThread() going to sleep
V/AudioPolicyManagerBase(  584): setStreamVolume() for output 1 stream 12, volume 76.000000, delay 0
V/AudioPolicyService(  584): inserting command: 2 at index 0, num commands 0
V/AudioPolicyService(  584): AudioCommandThread() adding set volume stream 12, volume 76.000000, output 1
V/AudioPolicyService(  584): AudioCommandThread() waking up
V/AudioPolicyService(  584): AudioCommandThread() processing set volume stream 12,                             volume 76.000000, output 1
V/AudioPolicyService(  584): AudioCommandThread() going to sleep
V/AudioPolicyManagerBase(  584): getNewDevice() selected device 0
V/AudioPolicyManagerBase(  584): getDeviceForStrategy() from cache strategy 0, device 0
D/AudioPolicyManagerBase(  584): return MUSIC_SPK index=1
V/AudioPolicyManagerBase(  584): getNewDevice() selected device 0
V/AudioPolicyManagerBase(  584): getDeviceForStrategy() from cache strategy 0, device 0
V/AudioPolicyManagerBase(  584): getNewDevice() selected device 0
V/AudioPolicyManagerBase(  584): getDeviceForStrategy() from cache strategy 0, device 0
D/AudioPolicyManagerBase(  584): return MUSIC_SPK index=1
V/AudioPolicyManagerBase(  584): getNewDevice() selected device 0
V/AudioPolicyManagerBase(  584): getDeviceForStrategy() from cache strategy 0, device 0
D/AudioPolicyManagerBase(  584): return MUSIC_SPK index=1
V/AudioPolicyManagerBase(  584): getDeviceForStrategy() strategy 0, device 2
V/AudioPolicyManagerBase(  584): getDeviceForStrategy() strategy 1, device 1
V/AudioPolicyManagerBase(  584): getDeviceForStrategy() strategy 2, device 2
V/AudioPolicyManagerBase(  584): getDeviceForStrategy() strategy 0, device 2
V/AudioPolicyManagerBase(  584): getDeviceForStrategy() strategy 3, device 2
V/AudioPolicyManagerBase(  584): getDeviceForStrategy() strategy 4, device 2
V/AudioFlinger(  584): Audio hardware entering standby, mixer 0x15c9780, mSuspended 0
D/LVVE_Engine(  584): LVVEFS_Rx_Command LVVEFS_COMMAND_RESET returns success
W/AudioHardwareALSA(  584): AudioStreamOutALSA::standby snd_pcm_drain start ...
W/AudioHardwareALSA(  584): AudioStreamOutALSA::standby snd_pcm_drain finish ...
V/AudioFlinger(  584): MixerThread 0x15c9780 TID 613 going to sleep
D/Audio_Control_CSC(  584): get_CS_ISO_Code country_code = CN
D/Audio_Control_CSC(  584): checkCSCAndSetSysProperty() mark property to audio.country when including SalesCodes
D/Audio_Control_CSC(  584): get_CS_ISO_Code country_code = CN
D/Audio_Control_CSC(  584): checkCSCAndSetSysProperty()_mCount = 3, mValue_salescode = CHM
D/Audio_Control_CSC(  584): checkCSCAndSetSysProperty()_gEPSalesCodes = SPR
D/Audio_Control_CSC(  584): checkCSCAndSetSysProperty()_gEPSalesCodes = VMU
D/Audio_Control_CSC(  584): checkCSCAndSetSysProperty()_gEPSalesCodes = BST
D/Audio_Control_CSC(  584): getCameraShutterOn()_mbIsShutterOn = 1
V/AudioPolicyManagerBase(  584): setSystemProperty() property ro.camera.sound.forced, value 1
V/AudioPolicyManagerBase(  584): ENFORCED_AUDIBLE cannot be muted
I/AudioPolicyService(  584): Loaded audio policy from Samsung SPRD audio policy HAL (audio_policy)
V/AudioPolicyService(  584): loadEffects() loading effect bassboost
V/AudioPolicyService(  584): loadEffects() loading effect virtualizer
V/AudioPolicyService(  584): loadEffects() loading effect equalizer
V/AudioPolicyService(  584): loadEffects() loading effect volume
V/AudioPolicyService(  584): loadEffects() loading effect reverb_env_aux
V/AudioPolicyService(  584): loadEffects() loading effect reverb_env_ins
V/AudioPolicyService(  584): loadEffects() loading effect reverb_pre_aux
V/AudioPolicyService(  584): loadEffects() loading effect reverb_pre_ins
V/AudioPolicyService(  584): loadEffects() loading effect visualizer
V/AudioPolicyService(  584): loadEffects() loading effect agc
V/AudioPolicyService(  584): loadEffects() loading effect aec
V/AudioPolicyService(  584): loadEffects() loading effect ns
V/BluetoothEventLoop.cpp(  586): classInitNative
V/BluetoothService.cpp(  586): classInitNative
D/dalvikvm(  586): GC_FOR_ALLOC freed 363K, 40% free 1560K/2560K, paused 12ms
W/Zygote  (  586): Class not found for preloading: android.text.TextDirectionHeuristics$CharCount
W/Zygote  (  586): Class not found for preloading: android.text.method.WordIterator$1
I/dalvikvm(  586): threadid=5: recursive native library load attempt (/system/lib/libwebcore.so)
D/dalvikvm(  586): No JNI_OnLoad found in /system/lib/libchromium_net.so 0x0, skipping init
W/Zygote  (  586): Class not found for preloading: android.widget.EdgeGlow
D/dalvikvm(  586): GC_FOR_ALLOC freed 80K, 23% free 1991K/2560K, paused 14ms
E/PhonePolicy(  586): Could not preload class for phone policy: com.android.internal.policy.impl.PhoneWindow$ContextMenuCallback
I/System  (  586): Loaded time zone names for  in 990ms (975ms in ICU)
I/Zygote  (  586): ...preloaded 1500 classes in 1222ms.
D/dalvikvm(  586): GC_FOR_ALLOC freed 233K, 12% free 2270K/2560K, paused 18ms
I/System  (  586): Loaded time zone names for en_US in 416ms (410ms in ICU)
I/System  (  586): Loaded time zone names for zh_CN in 411ms (406ms in ICU)
I/Zygote  (  586): ...preloaded 2307 classes in 2129ms.
I/Zygote  (  586): !@EndofpreloadClasses()
D/dalvikvm(  586): GC_EXPLICIT freed 893K, 29% free 2334K/3267K, paused 1ms+2ms
D/dalvikvm(  586): GC_EXPLICIT freed 7K, 29% free 2328K/3267K, paused 2ms+1ms
D/dalvikvm(  586): GC_EXPLICIT freed <1K, 29% free 2328K/3267K, paused 2ms+2ms
I/dalvikvm(  586): System server process 617 has been created
I/Zygote  (  586): Accepting command socket connections
W/PackageParser(  617): No actions in intent filter at /system/app/Contacts.apk Binary XML file line #297
W/PackageParser(  617): /system/framework/twframework-res.apk (at Binary XML file line #2): <manifest haha> specifies bad package name "touchwiz": must have at least one '.' separator
W/PackageParser(  617): No actions in intent filter at /system/app/Contacts.apk Binary XML file line #410
D/dalvikvm(  617): GC_CONCURRENT freed 98K, 28% free 2750K/3783K, paused 2ms+3ms
W/PackageParser(  617): No actions in intent filter at /system/app/SearchBox.apk Binary XML file line #917
W/PackageParser(  617): No actions in intent filter at /system/app/SearchBox.apk Binary XML file line #948
W/PackageParser(  617): Unknown element under <manifest>: user-permission at /system/app/HomePro.apk Binary XML file line #90
D/dalvikvm(  617): GC_CONCURRENT freed 258K, 26% free 3550K/4743K, paused 1ms+4ms
W/PackageParser(  617): Problem in package /system/app/Settings.apk:
W/PackageParser(  617): Unknown element under <activity>: category at /system/app/Settings.apk Binary XML file line #1044
I/sysproc (  617): !@beginofsystem_init1()
I/sysproc (  617): Entered system_init()
I/sysproc (  617): ServiceManager: 0x214808
D/SensorService(  617): nuSensorService starting...
I/BootTime(  617): Prefetch Time Taken:762
I/SensorService(  617): BMA222E / KXTJ2 Acceleration Sensor
I/SensorService(  617): GP2A_PROX
I/RemoteDesktopService(  617): RemoteDesktopService started (pid=617)
I/sysproc (  617): System server: starting Android runtime.
I/sysproc (  617): System server: starting Android services.
I/sysproc (  617): !@endofsystem_init1()
I/SystemServer(  617): Entered the Android system server!
D/SensorService(  617): nuSensorService thread starting...
I/sysproc (  617): System server: entering thread pool.
I/SystemServer(  617): !@SystemServer Thread begins...
I/SystemServer(  617): Entropy Service
I/SystemServer(  617): Power Manager
I/SystemServer(  617): Activity Manager
I/ActivityManager(  617): Memory class: 64
D/dalvikvm(  617): GC_CONCURRENT freed 619K, 29% free 3957K/5511K, paused 2ms+3ms
D/TelephonyRegistry(  617): Block apn list: []
I/SystemServer(  617): Telephony Registry
I/SystemServer(  617): Package Manager
I/SystemServer(  617): !@beginofPackageManager
D/dalvikvm(  617): GC_FOR_ALLOC freed 449K, 31% free 3827K/5511K, paused 23ms
D/dalvikvm(  617): GC_FOR_ALLOC freed 98K, 31% free 3813K/5511K, paused 20ms
D/dalvikvm(  617): GC_FOR_ALLOC freed 474K, 35% free 3814K/5831K, paused 21ms
W/PackageManager(  617): Library not found: /system/framework/com.samsung.ims.jar
W/PackageManager(  617): Library not found: /system/framework/com.samsung.commonimsinterface.jar
I/dalvikvm(  617): Zip is good, but no classes.dex inside, and no .odex file in the same directory
I/dalvikvm(  617): Zip is good, but no classes.dex inside, and no .odex file in the same directory
W/PackageManager(  617): Exception reading jar: /system/framework/framework-res-yi.apk
W/PackageManager(  617): java.io.IOException: /system/framework/framework-res-yi.apk
W/PackageManager(  617): 	at dalvik.system.DexFile.isDexOptNeeded(Native Method)
W/PackageManager(  617): 	at com.android.server.pm.PackageManagerService.<init>(PackageManagerService.java:1321)
W/PackageManager(  617): 	at com.android.server.pm.PackageManagerService.main(PackageManagerService.java:1110)
W/PackageManager(  617): 	at com.android.server.ServerThread.run(SystemServer.java:220)
W/PackageManager(  617): Exception reading jar: /system/framework/twframework-res.apk
W/PackageManager(  617): java.io.IOException: /system/framework/twframework-res.apk
W/PackageManager(  617): 	at dalvik.system.DexFile.isDexOptNeeded(Native Method)
W/PackageManager(  617): 	at com.android.server.pm.PackageManagerService.<init>(PackageManagerService.java:1321)
W/PackageManager(  617): 	at com.android.server.pm.PackageManagerService.main(PackageManagerService.java:1110)
W/PackageManager(  617): 	at com.android.server.ServerThread.run(SystemServer.java:220)
I/BootTime(  617): Fail Safe scanning for:|XXXXXX|XXXXXXXXX|XXXXXXXXXXXXXXXXXXX
W/PackageParser(  617): /system/framework/twframework-res.apk (at Binary XML file line #2): <manifest haha> specifies bad package name "touchwiz": must have at least one '.' separator
W/PackageManager(  617): Package com.baidu.camera desires unavailable shared library com.google.android.media.effects; ignoring!
W/PackageManager(  617): Package com.baidu.gallery3d desires unavailable shared library com.google.android.media.effects; ignoring!
D/PackageManager(  617): No files in app dir |XXXXXX|XXX
I/installd(   99): new connection
I/BootTime(  617): Fail Safe scanning for:|XXXX|XXX|XXXXXXXXXXXXXXXXXXXXXXXXXXXXXXXX.XXX
I/Installer(  617): connecting...
W/PackageManager(  617): Package com.speedsoftware.rootexplorer desires unavailable shared library com.sec.android.app.multiwindow; ignoring!
I/PackageManager(  617): Time to scan packages: 0.894 seconds
W/PackageManager(  617): Removing dangling permission: com.sec.android.app.sysscope.permission.SYSSCOPE_ACCESS_SYSTEM_INFO from package null
W/PackageManager(  617): Unknown permission com.android.launcher.permission.READ_SETTINGS in package com.baiyi_mobile.security
W/PackageManager(  617): Unknown permission android.Manifest.permission.FORCE_STOP_PACKAGES in package com.baiyi_mobile.security
W/PackageManager(  617): Unknown permission com.htc.launcher.permission.WRITE_SETTINGS in package com.baiyi_mobile.security
W/PackageManager(  617): Unknown permission com.htc.launcher.permission.READ_SETTINGS in package com.baiyi_mobile.security
W/PackageManager(  617): Unknown permission android.permission.ADD_SYSTEM_SERVICE in package com.baidu.bsf.system
W/PackageManager(  617): Unknown permission android.permission.WRITE_INTERNAL_STORAGE in package com.baidu.bsf.system
W/PackageManager(  617): Unknown permission android.permission.READ_CALL_LOG in package com.android.contacts
W/PackageManager(  617): Unknown permission android.permission.WRITE_CALL_LOG in package com.android.contacts
W/PackageManager(  617): Unknown permission com.google.android.googleapps.permission.GOOGLE_AUTH.mail in package com.android.contacts
W/PackageManager(  617): Unknown permission android.permission.ADD_SYSTEM_SERVICE in package com.android.phone
W/PackageManager(  617): Unknown permission com.android.smspush.WAPPUSH_MANAGER_BIND in package com.android.phone
W/PackageManager(  617): Unknown permission android.permission.READ_CALL_LOG in package com.baidu.antidisturbance
W/PackageManager(  617): Unknown permission android.permission.WRITE_CALL_LOG in package com.baidu.antidisturbance
W/PackageManager(  617): Unknown permission android.permission.READ_EXTERNAL_STORAGE in package com.baidu.videoeditor
W/PackageManager(  617): Unknown permission android.permission.RECORD_VIDEO in package com.baidu.videoeditor
W/PackageManager(  617): Unknown permission com.sec.android.app.twdvfs.DVFS_BOOSTER_PERMISSION in package com.android.MtpApplication
W/PackageManager(  617): Unknown permission com.google.android.googleapps.permission.GOOGLE_AUTH in package com.android.providers.calendar
W/PackageManager(  617): Unknown permission com.google.android.googleapps.permission.GOOGLE_AUTH.cl in package com.android.providers.calendar
W/PackageManager(  617): Unknown permission android.permission.ACCESS_DEV_STORAGE in package com.sec.android.app.camera
W/PackageManager(  617): Unknown permission android.permission.READ_EXTERNAL_STORAGE in package com.sec.android.app.camera
W/PackageManager(  617): Unknown permission com.samsung.helphub.permission.GET_DATA in package com.sec.android.app.camera
W/PackageManager(  617): Unknown permission com.samsung.helphub.permission.WRITE_DATA in package com.sec.android.app.camera
W/PackageManager(  617): Unknown permission com.sec.android.app.twdvfs.DVFS_BOOSTER_PERMISSION in package com.sec.android.app.camera
W/PackageManager(  617): Unknown permission android.permission.DISABLE_STATUS_BAR in package com.baidu.setupwizard
W/PackageManager(  617): Unknown permission android.permission.RAISED_THREAD_PRIORITY in package com.baidu.setupwizard
W/PackageManager(  617): Unknown permission android.permission.WRITE_OWNER_DATA in package com.baidu.thememanager.ui
W/PackageManager(  617): Unknown permission android.permission.READ_OWNER_DATA in package com.baidu.thememanager.ui
W/PackageManager(  617): Unknown permission com.google.android.googleapps.permission.GOOGLE_AUTH.mail in package com.android.calendar
W/PackageManager(  617): Unknown permission com.android.launcher.permission.READ_SETTINGS in package com.baidu.appsearch
W/PackageManager(  617): Unknown permission com.android.launcher.permission.WRITE_SETTINGS in package com.baidu.appsearch
W/PackageManager(  617): Unknown permission com.htc.launcher.permission.READ_SETTINGS in package com.baidu.appsearch
W/PackageManager(  617): Unknown permission com.htc.launcher.permission.WRITE_SETTINGS in package com.baidu.appsearch
W/PackageManager(  617): Unknown permission org.adw.launcher.permission.READ_SETTINGS in package com.baidu.appsearch
W/PackageManager(  617): Unknown permission org.adw.launcher.permission.WRITE_SETTINGS in package com.baidu.appsearch
W/PackageManager(  617): Unknown permission com.fede.launcher.permission.READ_SETTINGS in package com.baidu.appsearch
W/PackageManager(  617): Unknown permission com.fede.launcher.permission.WRITE_SETTINGS in package com.baidu.appsearch
W/PackageManager(  617): Unknown permission com.qihoo360.launcher.permission.READ_SETTINGS in package com.baidu.appsearch
W/PackageManager(  617): Unknown permission com.qihoo360.launcher.permission.WRITE_SETTINGS in package com.baidu.appsearch
W/PackageManager(  617): Unknown permission net.qihoo.launcher.permission.READ_SETTINGS in package com.baidu.appsearch
W/PackageManager(  617): Unknown permission net.qihoo.launcher.permission.WRITE_SETTINGS in package com.baidu.appsearch
W/PackageManager(  617): Unknown permission com.lge.launcher.permission.READ_SETTINGS in package com.baidu.appsearch
W/PackageManager(  617): Unknown permission com.lge.launcher.permission.WRITE_SETTINGS in package com.baidu.appsearch
W/PackageManager(  617): Unknown permission com.sec.android.app.twlauncher.settings.READ_SETTINGS in package com.baidu.appsearch
W/PackageManager(  617): Unknown permission com.sec.android.app.twlauncher.settings.WRITE_SETTINGS in package com.baidu.appsearch
W/PackageManager(  617): Unknown permission org.adwfreak.launcher.permission.READ_SETTINGS in package com.baidu.appsearch
W/PackageManager(  617): Unknown permission org.adwfreak.launcher.permission.WRITE_SETTINGS in package com.baidu.appsearch
W/PackageManager(  617): Not granting permission android.permission.FORCE_STOP_PACKAGES to package com.baidu.appsearch (protectionLevel=2 flags=0x8be45)
W/PackageManager(  617): Unknown permission android.permission.READ_CALL_LOG in package com.baidu.appsearch
W/PackageManager(  617): Unknown permission android.permission.WRITE_CALL_LOG in package com.baidu.appsearch
W/PackageManager(  617): Not granting permission android.permission.SET_ACTIVITY_WATCHER to package com.baidu.appsearch (protectionLevel=2 flags=0x8be45)
W/PackageManager(  617): Unknown permission android.permission.ACCESS_MOBILE_STATE in package com.baidu.android.ota
W/PackageManager(  617): Unknown permission com.android.launcher.permission.READ_SETTINGS in package com.inveno.flow
W/PackageManager(  617): Unknown permission android.permission.WRITE_CALL_LOG in package com.baidu.backuprestore
W/PackageManager(  617): Unknown permission android.permission.READ_CALL_LOG in package com.baidu.backuprestore
W/PackageManager(  617): Unknown permission android.permission.WRITE_OWNER_DATA in package com.baidu.bsf.service
W/PackageManager(  617): Unknown permission android.permission.ADD_SYSTEM_SERVICE in package com.baidu.bsf.service
W/PackageManager(  617): Unknown permission com.stericsson.permission.SEND_RIL_OEM_HOOK in package android
W/PackageManager(  617): Unknown permission com.android.launcher.permission.READ_SETTINGS in package android
W/PackageManager(  617): Unknown permission com.sec.android.app.twdvfs.DVFS_BOOSTER_PERMISSION in package android
W/PackageManager(  617): Unknown permission com.google.android.googleapps.permission.GOOGLE_AUTH in package com.android.settings
W/PackageManager(  617): Unknown permission com.android.launcher.permission.READ_SETTINGS in package com.android.settings
W/PackageManager(  617): Unknown permission com.android.launcher.permission.WRITE_SETTINGS in package com.android.settings
W/PackageManager(  617): Unknown permission com.google.android.googleapps.permission.GOOGLE_AUTH in package com.android.providers.contacts
W/PackageManager(  617): Unknown permission com.google.android.googleapps.permission.GOOGLE_AUTH.cp in package com.android.providers.contacts
W/PackageManager(  617): Unknown permission android.permission.BACKUP_DATA in package com.baidu.browser.apps
W/PackageManager(  617): Not granting permission android.permission.SET_ACTIVITY_WATCHER to package com.baidu.browser.apps (protectionLevel=2 flags=0x8be45)
W/PackageManager(  617): Unknown permission com.android.launcher.permission.READ_SETTINGS in package com.baidu.browser.apps
W/PackageManager(  617): Unknown permission com.huawei.android.launcher.permission.READ_SETTINGS in package com.baidu.browser.apps
W/PackageManager(  617): Unknown permission com.qihoo360.launcher.permission.READ_SETTINGS in package com.baidu.browser.apps
W/PackageManager(  617): Unknown permission net.qihoo.launcher.permission.READ_SETTINGS in package com.baidu.browser.apps
W/PackageManager(  617): Unknown permission com.nd.android.launcher.permission.READ_SETTINGS in package com.baidu.browser.apps
W/PackageManager(  617): Unknown permission com.bbk.launcher2.permission.READ_SETTINGS in package com.baidu.browser.apps
W/PackageManager(  617): Unknown permission com.lge.launcher.permission.READ_SETTINGS in package com.baidu.browser.apps
W/PackageManager(  617): Unknown permission com.htc.launcher.permission.READ_SETTINGS in package com.baidu.browser.apps
W/PackageManager(  617): Unknown permission com.fede.launcher.permission.READ_SETTINGS in package com.baidu.browser.apps
W/PackageManager(  617): Unknown permission com.tencent.qqlauncher.permission.READ_SETTINGS in package com.baidu.browser.apps
W/PackageManager(  617): Unknown permission org.adw.launcher.permission.READ_SETTINGS in package com.baidu.browser.apps
W/PackageManager(  617): Unknown permission org.adwfreak.launcher.permission.READ_SETTINGS in package com.baidu.browser.apps
W/PackageManager(  617): Unknown permission org.adw.launcher_donut.permission.READ_SETTINGS in package com.baidu.browser.apps
W/PackageManager(  617): Unknown permission com.yulong.android.launcher.permission.READ_SETTINGS in package com.baidu.browser.apps
W/PackageManager(  617): Unknown permission com.android.mylauncher.permission.READ_SETTINGS in package com.baidu.browser.apps
W/PackageManager(  617): Unknown permission com.google.android.providers.settings.permission.READ_GSETTINGS in package com.baidu.map.location
W/PackageManager(  617): Unknown permission com.google.android.providers.settings.permission.WRITE_GSETTINGS in package com.baidu.map.location
W/PackageManager(  617): Unknown permission com.google.android.providers.gsf.permission.READ_GSERVICES in package com.baidu.map.location
W/PackageManager(  617): Unknown permission android.permission.READ_CALL_LOG in package com.baidu.searchbox
W/PackageManager(  617): Unknown permission com.android.launcher.permission.READ_SETTINGS in package com.baidu.searchbox
W/PackageManager(  617): Not granting permission android.permission.SET_ACTIVITY_WATCHER to package com.baidu.searchbox (protectionLevel=2 flags=0x8be65)
W/PackageManager(  617): Unknown permission android.permission.ACCESS_SUPERUSER in package com.speedsoftware.rootexplorer
W/PackageManager(  617): Unknown permission com.android.vending.CHECK_LICENSE in package com.speedsoftware.rootexplorer
W/PackageManager(  617): Unknown permission baidu.permission.USE_UBC in package com.baidu.home2
W/PackageManager(  617): Unknown permission android.permission.READ_TING_MP3 in package com.baidu.musicplayer
W/PackageManager(  617): Unknown permission android.permission.WRITE_TING_MP3 in package com.baidu.musicplayer
W/PackageManager(  617): Unknown permission android.hardware.sensor.accelerometer in package com.baidu.musicplayer
W/PackageManager(  617): Unknown permission android.permission.READ_ATTACHMEN in package com.baidu.musicplayer
W/PackageManager(  617): Unknown permission android.Manifest.permission.FORCE_STOP_PACKAGES in package com.baidu.onekeywidget
W/PackageManager(  617): Unknown permission android.permission.ACCESS_GPS in package com.baidu.BaiduMap
W/PackageManager(  617): Unknown permission com.android.launcher.permission.READ_SETTINGS in package com.baidu.BaiduMap
W/PackageManager(  617): Unknown permission com.android.launcher.permission.WRITE_SETTINGS in package com.baidu.BaiduMap
W/PackageManager(  617): Unknown permission android.permission.VIBRATION in package com.baidu.input
W/PackageManager(  617): Not granting permission android.permission.SET_ACTIVITY_WATCHER to package com.baidu.input (protectionLevel=2 flags=0x8be45)
W/PackageManager(  617): Unknown permission com.android.launcher.permission.READ_SETTINGS in package com.baidu.baiduclock
D/dalvikvm(  617): GC_EXPLICIT freed 1365K, 36% free 4274K/6599K, paused 2ms+3ms
I/BootTime(  617): !@Total Package Scan Time:12
I/BootTime(  617): !@Total Time Taken:1337
I/SystemServer(  617): !@endofPackageManager
I/SystemServer(  617): Account Manager
D/PackageManager(  617): generateServicesMap(android.accounts.AccountAuthenticator): 3 services unchanged
I/SystemServer(  617): Content Manager
W/PackageManager(  617): Unable to load service info ResolveInfo{411223a8 com.baidu.sync.service.ContactSyncAdapterService p=0 o=0 m=0x108000}
W/PackageManager(  617): org.xmlpull.v1.XmlPullParserException: Meta-data does not start with sync-adapter tag
W/PackageManager(  617): 	at android.content.pm.RegisteredServicesCache.parseServiceInfo(RegisteredServicesCache.java:391)
W/PackageManager(  617): 	at android.content.pm.RegisteredServicesCache.generateServicesMap(RegisteredServicesCache.java:262)
W/PackageManager(  617): 	at android.content.pm.RegisteredServicesCache.<init>(RegisteredServicesCache.java:106)
W/PackageManager(  617): 	at android.content.SyncAdaptersCache.<init>(SyncAdaptersCache.java:43)
W/PackageManager(  617): 	at android.content.SyncManager.<init>(SyncManager.java:300)
W/PackageManager(  617): 	at android.content.ContentService.getSyncManager(ContentService.java:65)
W/PackageManager(  617): 	at android.content.ContentService.<init>(ContentService.java:144)
W/PackageManager(  617): 	at android.content.ContentService.main(ContentService.java:520)
W/PackageManager(  617): 	at com.android.server.ServerThread.run(SystemServer.java:255)
D/PackageManager(  617): generateServicesMap(android.content.SyncAdapter): 6 services unchanged
D/DirEncryptionManager(  617): Unable to get DirEncryptService instance.
I/SystemServer(  617): DirEncryptService.SystemReady
D/DirEncryptService(  617): Calling systemReady
I/ActivityThread(  617): Pub settings: com.android.providers.settings.SettingsProvider
I/SystemServer(  617): System Content Providers
I/ActivityThread(  617): Pub com.baidu.dp.impostor: com.baidu.providers.dp.ImpostorProvider
I/ActivityThread(  617): Pub com.baidu.dperm: com.baidu.providers.dp.DpProvider
D/SettingsProvider(  617): cache for settings table 'secure' rows=38; fullycached=true
D/SettingsProvider(  617): cache for settings table 'system' rows=115; fullycached=true
I/SystemServer(  617): Lights Service
I/SystemServer(  617): Battery Service
D/BatteryService(  617): Led Charging Settings = true
D/BatteryService(  617): Led Low Battery Settings = true
D/BatteryService(  617): update start
D/dalvikvm(  617): GC_CONCURRENT freed 260K, 32% free 4525K/6599K, paused 2ms+4ms
D/BatteryService(  617): level:98 scale:100 status:2 health:2 present:true voltage: 4361 temperature: 370 technology: Li-ion AC powered:false USB powered:true icon:17303188 invalid charger:0
I/SystemServer(  617): Vibrator Service
D/PowerManagerService(  617): setScreenOffTimeouts mKeylightDelay=1500 mDimDelay=51500 mScreenOffDelay=7000 mDimScreen=true
D/PowerManagerService(  617): settings DB update : mDynamicAutoBrightnessRatioValueSetting : 100
D/PowerManagerService(  617): changeSlopeOfDynamicAutoBrightness : Points Array is null.
D/PowerManagerService(  617): lightSensorChangedLocked -1
D/PowerManagerService(  617): SettingsObserver : update : userActivity()
D/PowerManagerService(  617): reactivateScreenLocksLocked mProxIgnoredBecauseScreenTurnedOff=false
D/PowerManagerService(  617): setPowerState : mBootCompleted : false, newState |= ALL_BRIGHT
I/PowerManagerService(  617): Ulight 0x1->0xf|0x0
D/PowerManagerService(  617): setLightBrightness : mButtonLight : 102
D/PowerManagerService(  617): setPowerState : mBootCompleted : false, newState |= ALL_BRIGHT
D/PowerManagerService(  617): setScreenOffTimeouts mKeylightDelay=1500 mDimDelay=51500 mScreenOffDelay=7000 mDimScreen=true
D/PowerManagerService(  617): initSupportedFrequency dvfs 
W/System.err(  617): java.io.FileNotFoundException: /sys/power/cpufreq_max_limit: open failed: ENOENT (No such file or directory)
W/System.err(  617): 	at libcore.io.IoBridge.open(IoBridge.java:425)
W/System.err(  617): 	at java.io.FileInputStream.<init>(FileInputStream.java:78)
W/System.err(  617): 	at java.io.FileInputStream.<init>(FileInputStream.java:105)
W/System.err(  617): 	at java.io.FileReader.<init>(FileReader.java:66)
W/System.err(  617): 	at com.android.server.PowerManagerService.initSupportedFrequency(PowerManagerService.java:4800)
W/System.err(  617): 	at com.android.server.PowerManagerService.initInThread(PowerManagerService.java:958)
W/System.err(  617): 	at com.android.server.PowerManagerService$3.onLooperPrepared(PowerManagerService.java:819)
W/System.err(  617): 	at android.os.HandlerThread.run(HandlerThread.java:59)
W/System.err(  617): Caused by: libcore.io.ErrnoException: open failed: ENOENT (No such file or directory)
W/System.err(  617): 	at libcore.io.Posix.open(Native Method)
W/System.err(  617): 	at libcore.io.BlockGuardOs.open(BlockGuardOs.java:110)
W/System.err(  617): 	at libcore.io.IoBridge.open(IoBridge.java:409)
W/System.err(  617): 	... 7 more
D/AlarmManagerService(  617): Kernel timezone updated to -480 minutes west of GMT
D/PowerManagerService(  617): initSupportedFrequency : FileNotFoundException dvfs
D/PowerManagerService(  617): setPowerState : mBootCompleted : false, newState |= ALL_BRIGHT
I/SystemServer(  617): Alarm Manager
W/AlarmManager(  617): FACTORY_ON= 0
W/AlarmManager(  617): FACTORY_ON= 0
I/SystemServer(  617): Init Watchdog
I/SystemServer(  617): Window Manager
D/InputDispatcher(  617): to control touch backlight at bottom
D/InputDispatcher(  617): setTouchKeyDeviceId : 0xffffffff
D/InputDispatcher(  617): setTouchscreenId : 0xffffffff
D/InputReader(  617): Constructor for InputReader()
V/WindowManager(  617): config_windowManagerDefaultRotation = 0
I/InputManager(  617): Initializing input manager
D/LockPatternUtils(  617): isPcwEnable = null
D/SensorManager(  617): sensors_get_supported_func
D/SensorManager(  617): sensors_get_supported_func ret = 0
W/StatusBarManager(  617): warning: no STATUS_BAR_SERVICE
D/WindowManager(  617): mIsPreventWakeupEnable = 0
V/MediaPlayer(  617): decode(116, 0, 13894)
V/MediaPlayerService(  584): decode(37, 0, 13894)
V/MediaPlayerService(  584): player type = 3
V/MediaPlayerService(  584):  create StagefrightPlayer
V/AwesomePlayer(  584): setDefault
V/AwesomePlayer(  584): constructor
V/AwesomePlayer(  584): setDefault
I/AwesomePlayer(  584): reset
I/AwesomePlayer(  584): cancel player events
V/AwesomePlayer(  584): mAudioTrackVector clear
I/AwesomePlayer(  584): --mSystemTimeSourceForSync reset ok
V/AwesomePlayer(  584): setListener
V/StagefrightPlayer(  584): setAudioSink
V/AwesomePlayer(  584): setAudioSink
V/StagefrightPlayer(  584): setDataSource(37, 0, 13894)
V/AwesomePlayer(  584): setDataSource fd
I/AwesomePlayer(  584): cancel player events
V/AwesomePlayer(  584): mAudioTrackVector clear
I/AwesomePlayer(  584): --mSystemTimeSourceForSync reset ok
I/MediaExtractor(  584): Autodetected media content as 'application/ogg' with confidence 0.20
V/AwesomePlayer(  584): track of type 'audio/vorbis' does not publish bitrate
V/AwesomePlayer(  584): mBitrate = -1 bits/sec
V/AwesomePlayer(  584): current audio track (0)
V/AwesomePlayer(  584): current audio track (0) is added to vector[0]
V/AwesomePlayer(  584): setDataSource_l: Audio(1), Video(0)
I/AwesomePlayer(  584): AwesomePlayer::setDataSource_l():: This is not a DRM content
V/MediaPlayerService(  584): prepare
V/StagefrightPlayer(  584): prepareAsync
V/AwesomePlayer(  584): prepareAsync
V/MediaPlayerService(  584): wait for prepare
V/BluetoothService.cpp(  617): initializeNativeDataNative
I/InputManager(  617): Starting input manager
E/WindowManager(  617): register TouchIntercepter
I/SystemServer(  617): Bluetooth Service
V/BluetoothService.cpp(  617): isEnabledNative
V/bluedroid(  617): bt_is_enabled
I/BluetoothProfileState(  617): Message:Entering Stable State
V/AwesomePlayer(  584): onPrepareAsyncEvent
I/AwesomePlayer(  584): initAudioDecoder start
I/BluetoothProfileState(  617): Message:Entering Stable State
I/BluetoothProfileState(  617): Message:Entering Stable State
D/BluetoothService(  617): btPANEnable:::true
E/BluetoothService(  617): mSapAvailable was set to FALSE
V/AwesomePlayer(  584): notifyListner_l() msg (5-MEDIA_SET_VIDEO_SIZE), ext1 (0), ext2 (0)
V/AudioCache(  584): notify(0x15e0458, 5, 0, 0)
V/AudioCache(  584): ignored
V/AwesomePlayer(  584): notifyListner_l() msg (1-MEDIA_PREPARED), ext1 (0), ext2 (0)
V/AudioCache(  584): notify(0x15e0458, 1, 0, 0)
V/AudioCache(  584): prepared
V/AudioCache(  584): wait - success
V/MediaPlayerService(  584): start
V/StagefrightPlayer(  584): start
V/BluetoothEventLoop.cpp(  617): initializeNativeDataNative
D/BluetoothAdapterStateMachine(  617): Enter PowerOff: -2
V/BluetoothA2dpService.cpp(  617): initNative
V/AwesomePlayer(  584): play
I/AwesomePlayer(  584): AwesomePlayer::play_l():: this is not widevine!! 
I/AwesomePlayer(  584): AwesomePlayer::play_l():: This is not a DRM content
D/jniAvrcpService(  617): Registering avrcp class
W/AutoLaunchController(  617): No command broadcast blacklist file found.
I/SystemServer(  617): AvrcpStubService -->
V/AudioCache(  584): open(48000, 2, 1, 4)
V/MediaPlayerService(  584): wait for playback complete
V/AudioCache(  584): write(0x15f92a8, 4096)
V/AudioCache(  584): memcpy(0x42634000, 0x15f92a8, 4096)
D/EventHub(  617): No input device configuration file found for device 'headset-keyboard'.
I/EventHub(  617): New device: id=1, fd=141, path='/dev/input/event7', name='headset-keyboard', classes=0x1, configuration='', keyLayout='/system/usr/keylayout/headset-keyboard.kl', keyCharacterMap='/system/usr/keychars/Generic.kcm', builtinKeyboard=false
V/AudioCache(  584): write(0x15f92a8, 4096)
V/AudioCache(  584): memcpy(0x42635000, 0x15f92a8, 4096)
D/DynamicPermissionService(  617): Read premissions done
V/AudioCache(  584): write(0x15f92a8, 4096)
V/AudioCache(  584): memcpy(0x42636000, 0x15f92a8, 4096)
V/AudioCache(  584): write(0x15f92a8, 4096)
V/AudioCache(  584): memcpy(0x42637000, 0x15f92a8, 4096)
V/AudioCache(  584): write(0x15f92a8, 4096)
V/AudioCache(  584): memcpy(0x42638000, 0x15f92a8, 4096)
D/DynamicPermissionService(  617): Read pre-installed packages done
D/DynamicPermissionService(  617): Init from files done
V/AudioCache(  584): write(0x15f92a8, 4096)
V/AudioCache(  584): memcpy(0x42639000, 0x15f92a8, 4096)
V/AudioCache(  584): write(0x15f92a8, 4096)
V/AudioCache(  584): memcpy(0x4263a000, 0x15f92a8, 4096)
E/OMXCodec(  584): [OMX.google.vorbis.decoder] err = -1011
V/AudioCache(  584): write(0x15f92a8, 4096)
V/AudioCache(  584): memcpy(0x4263b000, 0x15f92a8, 4096)
D/DynamicPermissionService(  617): Add DynamicPermissionService to SystemServer
I/Ifttt   (  617): Ifttt Service
V/AudioCache(  584): write(0x15f92a8, 4096)
V/AudioCache(  584): memcpy(0x4263c000, 0x15f92a8, 4096)
V/AudioCache(  584): write(0x15f92a8, 4096)
V/AudioCache(  584): memcpy(0x4263d000, 0x15f92a8, 4096)
V/AwesomePlayer(  584): MEDIA_PLAYBACK_COMPLETE
V/AwesomePlayer(  584): notifyListner_l() msg (2-MEDIA_PLAYBACK_COMPLETE), ext1 (0), ext2 (0)
V/AudioCache(  584): notify(0x15e0458, 2, 0, 0)
V/AudioCache(  584): playback complete - thread will wake up later
V/AudioCache(  584): write(0x15f92a8, 3348)
V/AudioCache(  584): memcpy(0x4263e000, 0x15f92a8, 3348)
V/AudioCache(  584): wait - success
V/StagefrightPlayer(  584): reset
I/AwesomePlayer(  584): reset
I/AwesomePlayer(  584): cancel player events
V/AwesomePlayer(  584): mAudioTrackVector clear
I/OMXCodec(  584): [OMX.google.vorbis.decoder] stop() sendCommand(0x1, OMX_CommandStateSet, OMX_StateIdle)
I/OMXCodec(  584): [OMX.google.vorbis.decoder] stopped in state 1
I/AwesomePlayer(  584): --mSystemTimeSourceForSync reset ok
V/StagefrightPlayer(  584): ~StagefrightPlayer
V/StagefrightPlayer(  584): reset
I/AwesomePlayer(  584): reset
I/AwesomePlayer(  584): cancel player events
V/AwesomePlayer(  584): mAudioTrackVector clear
I/AwesomePlayer(  584): --mSystemTimeSourceForSync reset ok
V/AwesomePlayer(  584): destructor
I/AwesomePlayer(  584): reset
I/AwesomePlayer(  584): cancel player events
V/AwesomePlayer(  584): mAudioTrackVector clear
I/AwesomePlayer(  584): --mSystemTimeSourceForSync reset ok
V/AwesomePlayer(  584): ~AwesomePlayer()
V/MediaPlayer(  617): decode(117, 0, 12866)
V/MediaPlayerService(  584): decode(37, 0, 12866)
V/MediaPlayerService(  584): player type = 3
V/MediaPlayerService(  584):  create StagefrightPlayer
V/AwesomePlayer(  584): setDefault
V/AwesomePlayer(  584): constructor
V/AwesomePlayer(  584): setDefault
I/AwesomePlayer(  584): reset
I/AwesomePlayer(  584): cancel player events
V/AwesomePlayer(  584): mAudioTrackVector clear
I/AwesomePlayer(  584): --mSystemTimeSourceForSync reset ok
V/AwesomePlayer(  584): setListener
V/StagefrightPlayer(  584): setAudioSink
V/AwesomePlayer(  584): setAudioSink
V/StagefrightPlayer(  584): setDataSource(37, 0, 12866)
V/AwesomePlayer(  584): setDataSource fd
I/AwesomePlayer(  584): cancel player events
V/AwesomePlayer(  584): mAudioTrackVector clear
I/AwesomePlayer(  584): --mSystemTimeSourceForSync reset ok
I/MediaExtractor(  584): Autodetected media content as 'application/ogg' with confidence 0.20
D/EventHub(  617): ledBitmask is set (LED_MISC)
I/EventHub(  617): New device: id=2, fd=146, path='/dev/input/event6', name='sec_touchscreen', classes=0x15, configuration='/system/usr/idc/sec_touchscreen.idc', keyLayout='/system/usr/keylayout/Generic.kl', keyCharacterMap='/system/usr/keychars/Generic.kcm', builtinKeyboard=false
V/AwesomePlayer(  584): track of type 'audio/vorbis' does not publish bitrate
V/AwesomePlayer(  584): mBitrate = -1 bits/sec
V/AwesomePlayer(  584): current audio track (0)
V/AwesomePlayer(  584): current audio track (0) is added to vector[0]
V/AwesomePlayer(  584): setDataSource_l: Audio(1), Video(0)
I/AwesomePlayer(  584): AwesomePlayer::setDataSource_l():: This is not a DRM content
V/MediaPlayerService(  584): prepare
V/StagefrightPlayer(  584): prepareAsync
V/AwesomePlayer(  584): prepareAsync
V/MediaPlayerService(  584): wait for prepare
V/AwesomePlayer(  584): onPrepareAsyncEvent
I/AwesomePlayer(  584): initAudioDecoder start
D/SmartPowerService(  617): SmartPowerService create!!!
D/QuickBootService(  617): Start the QuickBootService!!
D/QuickBootService(  617): QuickBootService created!
V/AwesomePlayer(  584): notifyListner_l() msg (5-MEDIA_SET_VIDEO_SIZE), ext1 (0), ext2 (0)
V/AudioCache(  584): notify(0x15e0458, 5, 0, 0)
V/AudioCache(  584): ignored
V/AwesomePlayer(  584): notifyListner_l() msg (1-MEDIA_PREPARED), ext1 (0), ext2 (0)
V/AudioCache(  584): notify(0x15e0458, 1, 0, 0)
V/AudioCache(  584): prepared
V/AudioCache(  584): wait - success
V/MediaPlayerService(  584): start
V/StagefrightPlayer(  584): start
V/AwesomePlayer(  584): play
I/AwesomePlayer(  584): AwesomePlayer::play_l():: this is not widevine!! 
I/AwesomePlayer(  584): AwesomePlayer::play_l():: This is not a DRM content
V/AudioCache(  584): open(48000, 2, 1, 4)
V/MediaPlayerService(  584): wait for playback complete
V/AudioCache(  584): write(0x15f4610, 4096)
V/AudioCache(  584): memcpy(0x42734000, 0x15f4610, 4096)
V/AudioCache(  584): write(0x15f4610, 4096)
V/AudioCache(  584): memcpy(0x42735000, 0x15f4610, 4096)
V/AudioCache(  584): write(0x15f4610, 4096)
V/AudioCache(  584): memcpy(0x42736000, 0x15f4610, 4096)
V/AudioCache(  584): write(0x15f4610, 4096)
V/AudioCache(  584): memcpy(0x42737000, 0x15f4610, 4096)
E/OMXCodec(  584): [OMX.google.vorbis.decoder] err = -1011
D/EventHub(  617): No input device configuration file found for device 'orientation'.
V/AudioCache(  584): write(0x15f4610, 4096)
V/AudioCache(  584): memcpy(0x42738000, 0x15f4610, 4096)
V/AudioCache(  584): write(0x15f4610, 4096)
V/AudioCache(  584): memcpy(0x42739000, 0x15f4610, 4096)
V/AudioCache(  584): write(0x15f4610, 4096)
V/AudioCache(  584): memcpy(0x4273a000, 0x15f4610, 4096)
V/AudioCache(  584): write(0x15f4610, 4096)
V/AudioCache(  584): memcpy(0x4273b000, 0x15f4610, 4096)
V/AudioCache(  584): write(0x15f4610, 4096)
V/AudioCache(  584): memcpy(0x4273c000, 0x15f4610, 4096)
V/AudioCache(  584): write(0x15f4610, 4096)
V/AudioCache(  584): memcpy(0x4273d000, 0x15f4610, 4096)
V/AudioCache(  584): write(0x15f4610, 4096)
V/AudioCache(  584): memcpy(0x4273e000, 0x15f4610, 4096)
V/AwesomePlayer(  584): MEDIA_PLAYBACK_COMPLETE
V/AwesomePlayer(  584): notifyListner_l() msg (2-MEDIA_PLAYBACK_COMPLETE), ext1 (0), ext2 (0)
V/AudioCache(  584): notify(0x15e0458, 2, 0, 0)
V/AudioCache(  584): playback complete - thread will wake up later
V/AudioCache(  584): wait - success
V/StagefrightPlayer(  584): reset
I/AwesomePlayer(  584): reset
I/AwesomePlayer(  584): cancel player events
V/AwesomePlayer(  584): mAudioTrackVector clear
I/OMXCodec(  584): [OMX.google.vorbis.decoder] stop() sendCommand(0x2, OMX_CommandStateSet, OMX_StateIdle)
I/OMXCodec(  584): [OMX.google.vorbis.decoder] stopped in state 1
I/AwesomePlayer(  584): --mSystemTimeSourceForSync reset ok
V/StagefrightPlayer(  584): ~StagefrightPlayer
V/StagefrightPlayer(  584): reset
I/AwesomePlayer(  584): reset
I/AwesomePlayer(  584): cancel player events
V/AwesomePlayer(  584): mAudioTrackVector clear
I/AwesomePlayer(  584): --mSystemTimeSourceForSync reset ok
V/AwesomePlayer(  584): destructor
I/AwesomePlayer(  584): reset
I/AwesomePlayer(  584): cancel player events
V/AwesomePlayer(  584): mAudioTrackVector clear
I/AwesomePlayer(  584): --mSystemTimeSourceForSync reset ok
V/AwesomePlayer(  584): ~AwesomePlayer()
I/SystemServer(  617): Input Method Service
W/InputManagerService(  617): Couldn't create dir.: /data/system/inputmethod
D/dalvikvm(  617): GC_CONCURRENT freed 360K, 29% free 4716K/6599K, paused 2ms+3ms
D/EventHub(  617): No input device configuration file found for device 'accelerometer'.
I/SystemServer(  617): Accessibility Manager
I/SystemServer(  617): CustomeFrequencyManagerService
D/CustomFrequencyManagerService(  617): verifyDefaultCondition : Exception : java.io.FileNotFoundException: /sys/power/mali_lock: open failed: ENOENT (No such file or directory)
I/ActivityManager(  617): Config changed: {0 1.0 0mcc0mnc zh_CN layoutdir=0 sw320dp w320dp h508dp nrml long port ?uimode ?night -touch -keyb/v/h -nav/h s.2 themeChanged=0}
D/EventHub(  617): No input device configuration file found for device 'sprd-keypad'.
I/EventHub(  617): New device: id=5, fd=165, path='/dev/input/event5', name='sprd-keypad', classes=0x1, configuration='', keyLayout='/system/usr/keylayout/sprd-keypad.kl', keyCharacterMap='/system/usr/keychars/Generic.kcm', builtinKeyboard=false
I/PowerManagerService(  617): Light Animator Finished curIntValue=102
I/SystemServer(  617): Device Policy
D/EventHub(  617): No input device configuration file found for device 'geomagnetic_raw'.
I/SystemServer(  617): Enterprise Policy
I/EnterpriseDeviceManagerService(  617): handleDowngrade: Checking Downgrade...
D/EventHub(  617): No input device configuration file found for device 'geomagnetic'.
I/InputReader(  617): Device added: id=5, name='sprd-keypad', sources=0x00000101
D/InputReader(  617): TouchInputMapper::configureParameters() : set to default value DEVICE_TYPE_TOUCH_SCREEN
I/InputReader(  617):   Touch device 'sec_touchscreen' could not query the properties of its associated display 0.  The device will be inoperable until the display size becomes available.
D/InputReader(  617): MultiTouchMotionAccumulator: initial slot number is 0
I/InputReader(  617): Device added: id=2, name='sec_touchscreen', sources=0x00001103
D/InputDispatcher(  617): to control touch backlight at bottom
D/InputDispatcher(  617): setTouchKeyDeviceId : 0x2
I/InputReader(  617): Device added: id=1, name='headset-keyboard', sources=0x00000101
I/InputReader(  617): Reconfiguring input devices.  changes=0x00000004
I/InputReader(  617): Device reconfigured: id=2, name='sec_touchscreen', surface size is now 480x800, mode is 1
I/ActivityManager(  617): Config changed: {0 1.0 0mcc0mnc zh_CN layoutdir=0 sw320dp w320dp h508dp nrml long port ?uimode ?night finger -keyb/v/h -nav/h s.3 themeChanged=0}
I/ApplicationPolicy(  617): registerPackageChangeReceiver() : Done
I/ApplicationIconDb(  617): getApplicationIconChangedList  : 
I/ApplicationPolicy(  617): registerNetworkChangeReceiver
I/ApplicationPolicy(  617): registerNetworkChangeReceiver() : Done
I/EDM :   (  617): isRoamingSyncEnabled : true
I/keystore(  101): uid: 1000 action: t -> 3 state: 3 -> 3 retry: 4
D/EnterpriseVpnPolicy(  617): bindVpnInterfaces()
W/ActivityManager(  617): Unable to start service service: not found
W/PhoneRestrictionPolicy(  617):  >>> PhoneRestrictionPolicy.PhoneRestrictionPolicy()
I/SystemServer(  617): Enterprise Policymanager service created...
I/SystemServer(  617): Status Bar
I/SystemServer(  617): Clipboard Service
I/SystemServer(  617): ClipboardEx Service
I/SystemServer(  617): NetworkManagement Service
I/SystemServer(  617): Text Service Manager Service
W/TextServicesManagerService(  617): no available spell checker services found
I/SystemServer(  617): NetworkStats Service
I/SystemServer(  617): NetworkPolicy Service
I/SystemServer(  617): Wi-Fi P2pService
D/WifiP2pService(  617): P2pDisabledState
I/SystemServer(  617): Wi-Fi Service
E/CommandListener(  585): Failed to open /proc/sys/net/ipv6/conf/wlan0/disable_ipv6: No such file or directory
E/WifiStateMachine(  617): Failed to disable IPv6: java.lang.IllegalStateException: Unable to communicate to native daemon for disabling ipv6
D/WifiP2pService(  617): P2pDisabledState69633
D/WifiP2pService(  617): DefaultState69633
W/System.err(  617): java.lang.NullPointerException
W/System.err(  617): 	at com.android.server.WifiService.<init>(WifiService.java:889)
W/System.err(  617): 	at com.android.server.ServerThread.run(SystemServer.java:519)
D/WifiP2pService(  617): P2pDisabledState69632
D/WifiP2pService(  617): DefaultState69632
D/WifiP2pService(  617): Full connection with WifiStateMachine established
I/SystemServer(  617): Wi-Fi Display Service
