D/WfdService(  617): InactiveState
D/WfdService(  617): Enter InactiveState
D/WfdService(  617): mAudioManager is null !
I/SystemServer(  617): Connectivity Service
D/ConnectivityService(  617): ConnectivityService starting up
E/MobileDataStateTracker(  617): default: Ignoring feature request because could not acquire PhoneService
E/MobileDataStateTracker(  617): default: Could not enable APN type "default"
D/Tethering(  617): Boot not complete yet.
D/Tethering(  617): Boot not complete yet.
D/NetworkManagementService(  617): Registering observer
D/NetworkManagementService(  617): Registering observer
I/SystemServer(  617): Throttle Service
I/SystemServer(  617): Mount Service
D/MountService(  617): got storage path: /mnt/sdcard description: USB primary: true removable: false emulated: true mtpReserve: 100 allowMassStorage: false maxFileSize: 0
D/MountService(  617): got storage path: /mnt/extSdCard description: SD  primary: false removable: true emulated: false mtpReserve: 0 allowMassStorage: false maxFileSize: 0
D/MountService(  617): got storage path: /mnt/UsbDriveA description: USB primary: false removable: true emulated: false mtpReserve: 0 allowMassStorage: false maxFileSize: 0
D/MountService(  617): got storage path: /mnt/UsbDriveB description: USB primary: false removable: true emulated: false mtpReserve: 0 allowMassStorage: false maxFileSize: 0
D/MountService(  617): got storage path: /mnt/UsbDriveC description: USB primary: false removable: true emulated: false mtpReserve: 0 allowMassStorage: false maxFileSize: 0
D/MountService(  617): got storage path: /mnt/UsbDriveD description: USB primary: false removable: true emulated: false mtpReserve: 0 allowMassStorage: false maxFileSize: 0
D/MountService(  617): got storage path: /mnt/UsbDriveE description: USB primary: false removable: true emulated: false mtpReserve: 0 allowMassStorage: false maxFileSize: 0
D/MountService(  617): got storage path: /mnt/UsbDriveF description: USB primary: false removable: true emulated: false mtpReserve: 0 allowMassStorage: false maxFileSize: 0
D/MountService(  617): using emulated external storage
I/SystemServer(  617): Notification Manager
D/STATUSBAR-NotificationService(  617): updateLightsLocked() : Turn off notification light
I/SystemServer(  617): Device Storage Monitor
I/SystemServer(  617): Location Manager
I/SystemServer(  617): Country Detector
I/SystemServer(  617): Search Service
I/SystemServer(  617): DropBox Service
I/SystemServer(  617): Wallpaper Service
I/SystemServer(  617): Audio Service
D/VoldCmdListener(   78): volume list
I/MountService(  617): Updating valid state unmounted
D/MountService(  617): updatePublicVolumeState :: path = /mnt/extSdCard, state = unmounted
D/MountService(  617): volume state changed for /mnt/extSdCard (null -> unmounted)
I/MountService(  617): Updating valid state removed
D/MountService(  617): updatePublicVolumeState :: path = /mnt/UsbDriveA, state = removed
D/MountService(  617): volume state changed for /mnt/UsbDriveA (null -> removed)
I/MountService(  617): Updating valid state removed
D/MountService(  617): updatePublicVolumeState :: path = /mnt/UsbDriveB, state = removed
D/MountService(  617): volume state changed for /mnt/UsbDriveB (null -> removed)
I/MountService(  617): Updating valid state removed
D/MountService(  617): updatePublicVolumeState :: path = /mnt/UsbDriveC, state = removed
D/MountService(  617): volume state changed for /mnt/UsbDriveC (null -> removed)
I/MountService(  617): Updating valid state removed
D/MountService(  617): updatePublicVolumeState :: path = /mnt/UsbDriveD, state = removed
D/MountService(  617): volume state changed for /mnt/UsbDriveD (null -> removed)
I/MountService(  617): Updating valid state removed
D/MountService(  617): updatePublicVolumeState :: path = /mnt/UsbDriveE, state = removed
D/MountService(  617): volume state changed for /mnt/UsbDriveE (null -> removed)
I/MountService(  617): Updating valid state removed
D/MountService(  617): updatePublicVolumeState :: path = /mnt/UsbDriveF, state = removed
D/MountService(  617): volume state changed for /mnt/UsbDriveF (null -> removed)
V/AudioPolicyManagerBase(  584): initStreamVolume() stream 0, min 0, max 5
V/AudioPolicyManagerBase(  584): setStreamVolumeIndex() stream 0, index 4
V/AudioPolicyManagerALSA(  584): setStreamVolume() for output 1 stream 0, volume 0.707946, delay 0
V/AudioPolicyService(  584): inserting command: 2 at index 0, num commands 0
V/AudioPolicyService(  584): AudioCommandThread() adding set volume stream 0, volume 0.710866, output 1
V/AudioPolicyService(  584): AudioCommandThread() waking up
V/AudioPolicyService(  584): AudioCommandThread() processing set volume stream 0,                             volume 0.710866, output 1
V/AudioPolicyService(  584): AudioCommandThread() going to sleep
V/AudioPolicyService(  584): inserting command: 4 at index 0, num commands 0
V/AudioPolicyService(  584): AudioCommandThread() adding set voice volume volume 0.800000
V/AudioPolicyService(  584): AudioCommandThread() waking up
V/AudioPolicyService(  584): AudioCommandThread() processing set voice volume volume 0.800000
D/AudioHardwareALSA(  584): setVoiceVolume=0.800000
V/AudioPolicyService(  584): AudioCommandThread() going to sleep
V/AudioPolicyManagerBase(  584): initStreamVolume() stream 1, min 0, max 7
V/AudioPolicyManagerBase(  584): setStreamVolumeIndex() stream 1, index 4
V/AudioPolicyManagerALSA(  584): setStreamVolume() for output 1 stream 1, volume 0.251189, delay 0
V/AudioPolicyService(  584): inserting command: 2 at index 0, num commands 0
V/AudioPolicyService(  584): AudioCommandThread() adding set volume stream 1, volume 0.251189, output 1
V/AudioPolicyService(  584): AudioCommandThread() waking up
V/AudioPolicyService(  584): AudioCommandThread() processing set volume stream 1,                             volume 0.251189, output 1
V/AudioPolicyService(  584): AudioCommandThread() going to sleep
V/AudioPolicyManagerBase(  584): initStreamVolume() stream 2, min 0, max 7
V/AudioPolicyManagerBase(  584): setStreamVolumeIndex() stream 2, index 5
V/AudioPolicyManagerALSA(  584): setStreamVolume() for output 1 stream 2, volume 0.398107, delay 0
V/AudioPolicyService(  584): inserting command: 2 at index 0, num commands 0
V/AudioPolicyService(  584): AudioCommandThread() adding set volume stream 2, volume 0.398107, output 1
V/AudioPolicyService(  584): AudioCommandThread() waking up
V/AudioPolicyService(  584): AudioCommandThread() processing set volume stream 2,                             volume 0.398107, output 1
V/AudioPolicyService(  584): AudioCommandThread() going to sleep
V/AudioPolicyManagerBase(  584): initStreamVolume() stream 3, min 0, max 15
I/AudioService(  617): isMediaSilentMode false
V/AudioPolicyManagerBase(  584): setStreamVolumeIndex() stream 3, index 7
V/AudioPolicyManagerBase(  584): getNewDevice() selected device 0
V/AudioPolicyManagerBase(  584): getDeviceForStrategy() from cache strategy 0, device 2
D/AudioPolicyManagerBase(  584): return MUSIC_SPK index=7
V/AudioPolicyManagerALSA(  584): setStreamVolume() for output 1 stream 3, volume 0.063096, delay 0
V/AudioPolicyService(  584): inserting command: 2 at index 0, num commands 0
V/AudioPolicyService(  584): AudioCommandThread() adding set volume stream 3, volume 0.063096, output 1
V/AudioPolicyService(  584): AudioCommandThread() waking up
V/AudioPolicyService(  584): AudioCommandThread() processing set volume stream 3,                             volume 0.063096, output 1
V/AudioPolicyService(  584): AudioCommandThread() going to sleep
V/AudioPolicyManagerBase(  584): getNewDevice() selected device 0
V/AudioPolicyManagerBase(  584): getDeviceForStrategy() from cache strategy 0, device 2
V/AudioPolicyService(  584): inserting command: 3 at index 0, num commands 0
V/AudioPolicyService(  584): AudioCommandThread() adding set parameter string music_volume=0.0630957410;music_volume_index=7, io 1 ,delay 0
V/AudioPolicyService(  584): AudioCommandThread() waking up
V/AudioPolicyService(  584): AudioCommandThread() processing set parameters string music_volume=0.0630957410;music_volume_index=7, io 1
V/AudioFlinger(  584): setParameters(): io 1, keyvalue music_volume=0.0630957410;music_volume_index=7, tid 610, calling tid 584
V/AudioFlinger(  584): ThreadBase::setParameters() music_volume=0.0630957410;music_volume_index=7
V/AudioFlinger(  584): MixerThread 0x15c9780 TID 613 waking up
V/AudioFlinger(  584): acquireWakeLock_l() AudioOut_1 status 0
D/AudioHardwareALSA(  584): ALSAStreamOps::setParameters() music_volume=0.0630957410;music_volume_index=7
I/AudioHardwareALSA(  584): volIndex=7
I/AudioHardwareALSA(  584): [setMusicVolumeIndex]mMusicVolumeIndex=0,music_volume_index= 7
I/AudioHardwareALSA(  584): [setMusicVolume][mOutput]mMusicVolumeIndex=7
E/AudioHardwareALSA(  584): mIsMusicVolumeIndex [7],MusicVolumeIndex[7]
I/AudioHardwareALSA(  584): volGain=0.063096
I/AudioHardwareALSA(  584): [setMusicVolume]mIsMusicVolume=0.000000,music_volume=0.063096
I/AudioHardwareALSA(  584): [setMusicVolume][mOutput]mMusicVolume=0.063096
E/AudioHardwareALSA(  584): mMusicVolume [1.000000]MusicVolume[0.063096]
V/AudioPolicyService(  584): AudioCommandThread() going to sleep
V/AudioPolicyManagerBase(  584): initStreamVolume() stream 4, min 0, max 7
V/AudioPolicyManagerBase(  584): setStreamVolumeIndex() stream 4, index 7
V/AudioPolicyManagerALSA(  584): setStreamVolume() for output 1 stream 4, volume 1.000000, delay 0
V/AudioPolicyService(  584): inserting command: 2 at index 0, num commands 0
V/AudioPolicyService(  584): AudioCommandThread() adding set volume stream 4, volume 1.000000, output 1
V/AudioPolicyService(  584): AudioCommandThread() waking up
V/AudioPolicyService(  584): AudioCommandThread() processing set volume stream 4,                             volume 1.000000, output 1
V/AudioPolicyService(  584): AudioCommandThread() going to sleep
V/AudioPolicyManagerBase(  584): initStreamVolume() stream 5, min 0, max 7
V/AudioPolicyManagerBase(  584): setStreamVolumeIndex() stream 5, index 5
V/AudioPolicyManagerALSA(  584): setStreamVolume() for output 1 stream 5, volume 0.398107, delay 0
V/AudioPolicyService(  584): inserting command: 2 at index 0, num commands 0
V/AudioPolicyService(  584): AudioCommandThread() adding set volume stream 5, volume 0.398107, output 1
V/AudioPolicyService(  584): AudioCommandThread() waking up
V/AudioPolicyService(  584): AudioCommandThread() processing set volume stream 5,                             volume 0.398107, output 1
V/AudioPolicyService(  584): AudioCommandThread() going to sleep
V/AudioPolicyManagerBase(  584): initStreamVolume() stream 6, min 0, max 15
V/AudioPolicyManagerBase(  584): setStreamVolumeIndex() stream 6, index 7
V/AudioPolicyManagerALSA(  584): checkAndSetVolume() cannot set stream 6 volume with force use = 0 for comm
V/AudioPolicyManagerBase(  584): initStreamVolume() stream 7, min 0, max 7
V/AudioPolicyManagerBase(  584): setStreamVolumeIndex() stream 7, index 7
V/AudioPolicyManagerBase(  584): computeVolume : Camera Shutter Sound volume 1.000000
V/AudioPolicyManagerALSA(  584): setStreamVolume() for output 1 stream 7, volume 1.000000, delay 0
V/AudioPolicyService(  584): inserting command: 2 at index 0, num commands 0
V/AudioPolicyService(  584): AudioCommandThread() adding set volume stream 7, volume 1.000000, output 1
V/AudioPolicyService(  584): AudioCommandThread() waking up
V/AudioPolicyService(  584): AudioCommandThread() processing set volume stream 7,                             volume 1.000000, output 1
V/AudioPolicyService(  584): AudioCommandThread() going to sleep
V/AudioPolicyManagerBase(  584): initStreamVolume() stream 8, min 0, max 15
V/AudioPolicyManagerBase(  584): setStreamVolumeIndex() stream 8, index 4
V/AudioPolicyManagerALSA(  584): setStreamVolume() for output 1 stream 8, volume 0.022387, delay 0
V/AudioPolicyService(  584): inserting command: 2 at index 0, num commands 0
V/AudioPolicyService(  584): AudioCommandThread() adding set volume stream 8, volume 0.032163, output 1
V/AudioPolicyService(  584): AudioCommandThread() waking up
V/AudioPolicyService(  584): AudioCommandThread() processing set volume stream 8,                             volume 0.032163, output 1
V/AudioPolicyService(  584): AudioCommandThread() going to sleep
V/AudioPolicyManagerBase(  584): initStreamVolume() stream 9, min 0, max 15
V/AudioPolicyManagerBase(  584): setStreamVolumeIndex() stream 9, index 7
V/AudioPolicyManagerBase(  584): getNewDevice() selected device 0
V/AudioPolicyManagerBase(  584): getDeviceForStrategy() from cache strategy 0, device 2
D/AudioPolicyManagerBase(  584): return MUSIC_SPK index=7
V/AudioPolicyManagerALSA(  584): setStreamVolume() for output 1 stream 9, volume 0.211349, delay 0
V/AudioPolicyService(  584): inserting command: 2 at index 0, num commands 0
V/AudioPolicyService(  584): AudioCommandThread() adding set volume stream 9, volume 0.211349, output 1
V/AudioPolicyService(  584): AudioCommandThread() waking up
V/AudioPolicyService(  584): AudioCommandThread() processing set volume stream 9,                             volume 0.211349, output 1
V/AudioPolicyService(  584): AudioCommandThread() going to sleep
V/AudioPolicyManagerBase(  584): initStreamVolume() stream 10, min 0, max 15
V/AudioPolicyManagerBase(  584): setStreamVolumeIndex() stream 10, index 7
V/AudioPolicyManagerBase(  584): getNewDevice() selected device 0
V/AudioPolicyManagerBase(  584): getDeviceForStrategy() from cache strategy 0, device 2
D/AudioPolicyManagerBase(  584): return MUSIC_SPK index=7
V/AudioPolicyManagerALSA(  584): setStreamVolume() for output 1 stream 10, volume 0.063096, delay 0
V/AudioPolicyService(  584): inserting command: 2 at index 0, num commands 0
V/AudioPolicyService(  584): AudioCommandThread() adding set volume stream 10, volume 0.063096, output 1
V/AudioPolicyService(  584): AudioCommandThread() waking up
V/AudioPolicyService(  584): AudioCommandThread() processing set volume stream 10,                             volume 0.063096, output 1
V/AudioPolicyService(  584): AudioCommandThread() going to sleep
V/AudioPolicyManagerBase(  584): initStreamVolume() stream 11, min 0, max 5
V/AudioPolicyManagerBase(  584): setStreamVolumeIndex() stream 11, index 4
V/AudioPolicyManagerALSA(  584): setStreamVolume() for output 1 stream 11, volume 0.707946, delay 0
V/AudioPolicyService(  584): inserting command: 2 at index 0, num commands 0
V/AudioPolicyService(  584): AudioCommandThread() adding set volume stream 11, volume 0.707946, output 1
V/AudioPolicyService(  584): AudioCommandThread() waking up
V/AudioPolicyService(  584): AudioCommandThread() processing set volume stream 11,                             volume 0.707946, output 1
V/AudioPolicyService(  584): AudioCommandThread() going to sleep
V/AudioPolicyManagerBase(  584): initStreamVolume() stream 12, min 0, max 5
V/AudioPolicyManagerBase(  584): setStreamVolumeIndex() stream 12, index 4
V/AudioPolicyManagerALSA(  584): setStreamVolume() for output 1 stream 12, volume 0.707946, delay 0
V/AudioPolicyService(  584): inserting command: 2 at index 0, num commands 0
V/AudioPolicyService(  584): AudioCommandThread() adding set volume stream 12, volume 0.707946, output 1
V/AudioPolicyService(  584): AudioCommandThread() waking up
V/AudioPolicyService(  584): AudioCommandThread() processing set volume stream 12,                             volume 0.707946, output 1
V/AudioPolicyService(  584): AudioCommandThread() going to sleep
V/AudioPolicyManagerBase(  584): initStreamVolume() stream 13, min 0, max 15
I/AudioService(  617): isMediaSilentMode false
V/AudioPolicyManagerBase(  584): setStreamVolumeIndex() stream 13, index 7
V/AudioPolicyManagerBase(  584): getNewDevice() selected device 0
V/AudioPolicyManagerBase(  584): getDeviceForStrategy() from cache strategy 0, device 2
D/AudioPolicyManagerBase(  584): return MUSIC_SPK index=7
V/AudioPolicyManagerBase(  584): getNewDevice() selected device 0
V/AudioPolicyManagerBase(  584): getDeviceForStrategy() from cache strategy 0, device 2
V/AudioPolicyManagerBase(  584): initStreamVolume() stream 14, min 0, max 15
V/AudioPolicyManagerBase(  584): setStreamVolumeIndex() stream 14, index 7
V/AudioPolicyManagerBase(  584): getNewDevice() selected device 0
V/AudioPolicyManagerBase(  584): getDeviceForStrategy() from cache strategy 0, device 2
D/AudioPolicyManagerBase(  584): return MUSIC_SPK index=7
V/AudioPolicyManagerBase(  584): initStreamVolume() stream 15, min 0, max 15
V/AudioPolicyManagerBase(  584): setStreamVolumeIndex() stream 15, index 7
V/AudioPolicyManagerBase(  584): getNewDevice() selected device 0
V/AudioPolicyManagerBase(  584): getDeviceForStrategy() from cache strategy 0, device 2
D/AudioPolicyManagerBase(  584): return MUSIC_SPK index=7
V/AudioPolicyManagerBase(  584): setStreamVolumeIndex() stream 8, index 12
V/AudioPolicyManagerALSA(  584): setStreamVolume() for output 1 stream 8, volume 0.354813, delay 0
V/AudioPolicyService(  584): inserting command: 2 at index 0, num commands 0
V/AudioPolicyService(  584): AudioCommandThread() adding set volume stream 8, volume 0.361265, output 1
V/AudioPolicyService(  584): AudioCommandThread() waking up
V/AudioPolicyService(  584): AudioCommandThread() processing set volume stream 8,                             volume 0.361265, output 1
V/AudioPolicyService(  584): AudioCommandThread() going to sleep
V/AudioPolicyManagerBase(  584): setStreamVolumeIndex() stream 9, index 7
V/AudioPolicyManagerBase(  584): getNewDevice() selected device 0
V/AudioPolicyManagerBase(  584): getDeviceForStrategy() from cache strategy 0, device 2
D/AudioPolicyManagerBase(  584): return MUSIC_SPK index=7
V/AudioPolicyManagerBase(  584): setStreamVolumeIndex() stream 10, index 7
V/AudioPolicyManagerBase(  584): getNewDevice() selected device 0
V/AudioPolicyManagerBase(  584): getDeviceForStrategy() from cache strategy 0, device 2
D/AudioPolicyManagerBase(  584): return MUSIC_SPK index=7
V/AudioPolicyManagerBase(  584): setStreamVolumeIndex() stream 11, index 4
V/AudioPolicyManagerBase(  584): setStreamVolumeIndex() stream 12, index 4
V/AudioPolicyManagerBase(  584): setStreamVolumeIndex() stream 14, index 7
V/AudioPolicyManagerBase(  584): getNewDevice() selected device 0
V/AudioPolicyManagerBase(  584): getDeviceForStrategy() from cache strategy 0, device 2
D/AudioPolicyManagerBase(  584): return MUSIC_SPK index=7
V/AudioPolicyManagerBase(  584): setStreamVolumeIndex() stream 15, index 7
V/AudioPolicyManagerBase(  584): getNewDevice() selected device 0
V/AudioPolicyManagerBase(  584): getDeviceForStrategy() from cache strategy 0, device 2
D/AudioPolicyManagerBase(  584): return MUSIC_SPK index=7
V/AudioFlinger(  584): registerClient() client 0x15cbb10, pid 617
V/AudioFlinger(  584): sendConfigEvent() num events 1 event 0, param 0
V/AudioFlinger(  584): setParameters(): io 0, keyvalue toMono=0, tid 584, calling tid 617
V/AudioFlinger(  584): setParameters::  string = toMono=0 / ioHandle = 0 
V/AudioFlinger(  584): setParameters:: send AudioHAL 
D/AudioHardwareALSA(  584): LVVE AudioHardwareALSA::setParameters() toMono=0
D/AudioHardwareALSA(  584): AudioHardwareALSA::setParameters() toMono=0
E/AudioSystem(  617): isMediaServerStarted
I/SystemServer(  617): Dock Observer
W/DockObserver(  617): This kernel does not have dock station support
I/SystemServer(  617): Wired Accessory Observer
V/AudioFlinger(  584): processConfigEvents() remaining events 1
V/AudioFlinger(  584): PlaybackThread::audioConfigChanged_l, thread 0x15c9780, event 0, param 0
W/AudioHardwareALSA(  584): alsa CTS latency lowered to 9000 from 21768
I/SystemServer(  617): Thermistor Observer
D/ThermistorObserver(  617): SIOPLevel : name : ReleasedSIOP  lockFrequency : -1(-1)  cpuMaxCore : 4  limitChargingCurrent : false  displayBrightness : -1  LcdFPS : 60
D/ThermistorObserver(  617): newProperDVFSLock : getSupportedFrequency : null
D/ThermistorObserver(  617): SIOPLevel : name : Level1  lockFrequency : 800000(-1)  cpuMaxCore : 4  limitChargingCurrent : false  displayBrightness : -1  LcdFPS : 40
D/ThermistorObserver(  617): newProperDVFSLock : getSupportedFrequency : null
D/ThermistorObserver(  617): SIOPLevel : name : Level2  lockFrequency : 800000(-1)  cpuMaxCore : 2  limitChargingCurrent : true  displayBrightness : 230  LcdFPS : 40
D/ThermistorObserver(  617): newProperDVFSLock : getSupportedFrequency : null
D/ThermistorObserver(  617): SIOPLevel : name : Level3  lockFrequency : 500000(-1)  cpuMaxCore : 2  limitChargingCurrent : true  displayBrightness : 230  LcdFPS : 40
D/ThermistorObserver(  617): newProperDVFSLock : getSupportedFrequency : null
D/ThermistorObserver(  617): SIOPLevel : name : Level4  lockFrequency : 500000(-1)  cpuMaxCore : 2  limitChargingCurrent : true  displayBrightness : 230  LcdFPS : 40
I/SystemServer(  617): USB Service
D/UsbSettingsManager(  617): settings file not found
D/UsbDeviceManager(  617): disable usb detecting module
D/UsbDeviceManager(  617): read '/sys/class/android_usb/android0/state', state = CONFIGURED
D/UsbDeviceManager(  617): initalized current function mtp,adb
D/UsbDeviceManager(  617): handleMessage -> MSG_UPDATE_STATE connected = 1,configured = 1
I/SystemServer(  617): UI Mode Manager Service
I/SystemServer(  617): Backup Service
V/BackupManagerService(  617): No ancestral data
D/dalvikvm(  617): GC_CONCURRENT freed 426K, 19% free 5867K/7239K, paused 3ms+4ms
D/BackupManagerService(  617): registerBaiduTransport
I/BackupManagerService(  617): Found stale backup journal, scheduling
I/BackupManagerService(  617):   android
I/BackupManagerService(  617):   com.android.browser
I/BackupManagerService(  617):   com.android.calendar
I/BackupManagerService(  617):   com.android.contacts
I/BackupManagerService(  617):   com.android.providers.settings
I/BackupManagerService(  617):   com.android.providers.userdictionary
I/BackupManagerService(  617):   com.android.sharedstoragebackup
I/BackupManagerService(  617):   com.baidu.antidisturbance
I/BackupManagerService(  617):   com.baidu.baiduclock
I/BackupManagerService(  617):   com.baidu.home2
I/BackupManagerService(  617):   com.baidu.notepad
I/BackupManagerService(  617):   yi
I/BackupManagerService(  617): Backup enabled => true
W/AlarmManager(  617): FACTORY_ON= 0
I/SystemServer(  617): AppWidget Service
I/SystemServer(  617): Recognition Service
I/SystemServer(  617): DiskStats Service
I/SystemServer(  617): SamplingProfiler Service
I/SystemServer(  617): NetworkTimeUpdateService
I/SystemServer(  617): Tvout Service ro.tvout.enable = false
I/SystemServer(  617): IRDA Service ro.product.nam = kyletdzm
I/SystemServer(  617): MiniModeAppManager Service
D/SystemServer(  617): This escaping dexopt of minimode.jar is only for eng build
D/SystemServer(  617): /data/dalvik-cache/minimode.dex is copied from /data/dalvik-cache/system@framework@minimode.jar@classes.dex
D/SystemServer(  617): lastModfied time of /data/dalvik-cache/minimode.dex is changed to 1217592000
I/SystemServer(  617): Motion Recognition Service
E/MotionRecognitionService(  617):   Engine is not included
I/SystemServer(  617): VoIPInterfaceManager Service
D/VoIPInterfaceManager(  617): VoIPInterfaceManager()...
D/VoIPInterfaceManager(  617): START VOIPINTERFACE SRVICE
E/FaceDetectionService(  617): FaceDetectionService Started.
D/VibratorService(  617): JNI vibratorOff()
I/WindowManager(  617): SAFE MODE not enabled
D/dalvikvm(  617): JIT started for system_server
D/VibratorService(  617): JNI vibratorOn() : 1
I/EnterpriseDeviceManagerService(  617): Check for migration from 1.0
I/EnterpriseDeviceManagerService(  617): Migration from 1.0 already done
D/PowerManagerService(  617): setScreenOffTimeouts mKeylightDelay=1500 mDimDelay=51500 mScreenOffDelay=7000 mDimScreen=true
W/EnterpriseDeviceManagerService(  617): systemReady
W/EnterpriseDeviceManagerService(  617): loadActiveAdmins
W/BluetoothPolicyService(  617): com.android.server.enterprise.EdmStorageProvider$SettingNotFoundException: Admin data is null
D/VibratorService(  617): JNI vibratorOn() : 21
W/BluetoothPolicyService(  617): com.android.server.enterprise.EdmStorageProvider$SettingNotFoundException: Admin data is null
I/ApplicationPermissionControlPolicy(  617): systemReady...
I/ApplicationPermissionControlPolicy(  617): reinforceApplicationPermissionControl
D/dalvikvm(  617): --- called into dvmAbstractMethodStub
W/dalvikvm(  617): threadid=12: thread exiting with uncaught exception (group=0x40c4e210)
E/android.os.Debug(  617): !@Dumpstate > dumpstate -k -t -n -z -d -o /data/log/dumpstate_sys_error
E/AndroidRuntime(  617): *** FATAL EXCEPTION IN SYSTEM PROCESS: android.server.ServerThread
E/AndroidRuntime(  617): java.lang.AbstractMethodError: abstract method not implemented
E/AndroidRuntime(  617): 	at android.content.pm.IPackageManager$Stub.verifyGrantExternalPermissions(IPackageManager.java)
E/AndroidRuntime(  617): 	at com.android.server.enterprise.EnterpriseDeviceManagerService.verifyEnterprisePayload(EnterpriseDeviceManagerService.java:910)
E/AndroidRuntime(  617): 	at com.android.server.enterprise.EnterpriseDeviceManagerService.systemReady(EnterpriseDeviceManagerService.java:632)
E/AndroidRuntime(  617): 	at com.android.server.ServerThread.run(SystemServer.java:893)
I/dumpstate(  706): begin
V/AudioFlinger(  584): releaseWakeLock_l() AudioOut_1
V/AudioFlinger(  584): MixerThread 0x15c9780 TID 613 going to sleep
D/VoldCmdListener(   78): asec list
D/VoldCmdListener(   78): CommandListener::AsecCmd::runCommand -> -- 
I/dumpstate(  706): done
I/Process (  617): Sending signal. PID: 617 SIG: 9
I/ServiceManager(   77): service 'telephony.registry' died
I/ServiceManager(   77): service 'mdm.remotedesktop' died
I/ServiceManager(   77): service 'DirEncryptService' died
I/ServiceManager(   77): service 'meminfo' died
I/ServiceManager(   77): service 'gfxinfo' died
I/ServiceManager(   77): service 'cpuinfo' died
I/ServiceManager(   77): service 'power' died
I/ServiceManager(   77): service 'usagestats' died
I/ServiceManager(   77): service 'account' died
I/ServiceManager(   77): service 'alarm' died
I/ServiceManager(   77): service 'batteryinfo' died
I/ServiceManager(   77): service 'permission' died
I/ServiceManager(   77): service 'input_method' died
I/ServiceManager(   77): service 'content' died
I/ServiceManager(   77): service 'package' died
I/ServiceManager(   77): service 'vibrator' died
I/ServiceManager(   77): service 'activity' died
I/ServiceManager(   77): service 'sensorservice' died
I/ServiceManager(   77): service 'entropy' died
I/ServiceManager(   77): service 'battery' died
I/ServiceManager(   77): service 'accessibility' died
I/ServiceManager(   77): service 'CustomFrequencyManagerService' died
I/ServiceManager(   77): service 'samsung.facedetection_service' died
I/ServiceManager(   77): service 'SmartPowerService' died
I/ServiceManager(   77): service 'QuickBootService' died
I/ServiceManager(   77): service 'NotificationDefenseService' died
I/ServiceManager(   77): service 'AccessControllManager' died
I/ServiceManager(   77): service 'device_info' died
I/ServiceManager(   77): service 'bluetooth' died
I/ServiceManager(   77): service 'bluetooth_a2dp' died
I/ServiceManager(   77): service 'bluetooth_avrcp' died
I/ServiceManager(   77): service 'BroadcastManagerService' died
I/ServiceManager(   77): service 'DynamicPermissionService' died
I/ServiceManager(   77): service 'device_policy' died
I/ServiceManager(   77): service 'Ifttt' died
I/ServiceManager(   77): service 'window' died
I/ServiceManager(   77): service 'hardware' died
I/ServiceManager(   77): service 'eas_account_policy' died
I/ServiceManager(   77): service 'application_policy' died
I/ServiceManager(   77): service 'location_policy' died
I/ServiceManager(   77): service 'email_account_policy' died
I/ServiceManager(   77): service 'security_policy' died
I/ServiceManager(   77): service 'password_policy' died
I/ServiceManager(   77): service 'restriction_policy' died
I/ServiceManager(   77): service 'misc_policy' died
I/ServiceManager(   77): service 'roaming_policy' died
I/ServiceManager(   77): service 'wifi_policy' died
I/ServiceManager(   77): service 'bluetooth_policy' died
I/ServiceManager(   77): service 'firewall_policy' died
I/ServiceManager(   77): service 'email_policy' died
I/ServiceManager(   77): service 'vpn_policy' died
I/ServiceManager(   77): service 'enterprise_vpn_policy' died
I/ServiceManager(   77): service 'apn_settings_policy' died
I/ServiceManager(   77): service 'remoteinjection' died
I/ServiceManager(   77): service 'date_time_policy' died
I/ServiceManager(   77): service 'phone_restriction_policy' died
I/ServiceManager(   77): service 'browser_policy' died
I/ServiceManager(   77): service 'kioskmode' died
I/ServiceManager(   77): service 'apppermission_control_policy' died
I/ServiceManager(   77): service 'netstats' died
I/ServiceManager(   77): service 'enterprise_policy' died
I/ServiceManager(   77): service 'clipboard' died
I/ServiceManager(   77): service 'edm_proxy' died
I/ServiceManager(   77): service 'netpolicy' died
I/ServiceManager(   77): service 'clipboardEx' died
I/ServiceManager(   77): service 'textservices' died
I/ServiceManager(   77): service 'network_management' died
I/ServiceManager(   77): service 'statusbar' died
I/ServiceManager(   77): service 'wifip2p' died
I/ServiceManager(   77): service 'wifi' died
I/ServiceManager(   77): service 'wfd' died
I/ServiceManager(   77): service 'connectivity' died
I/ServiceManager(   77): service 'throttle' died
I/ServiceManager(   77): service 'notification' died
I/ServiceManager(   77): service 'devicestoragemonitor' died
I/ServiceManager(   77): service 'location' died
I/ServiceManager(   77): service 'country_detector' died
I/ServiceManager(   77): service 'search' died
I/ServiceManager(   77): service 'dropbox' died
I/ServiceManager(   77): service 'wallpaper' died
I/ServiceManager(   77): service 'mount' died
I/ServiceManager(   77): service 'audio' died
I/ServiceManager(   77): service 'backup' died
I/ServiceManager(   77): service 'appwidget' died
I/ServiceManager(   77): service 'diskstats' died
I/ServiceManager(   77): service 'samplingprofiler' died
I/ServiceManager(   77): service 'mini_mode_app_manager' died
I/ServiceManager(   77): service 'motion_recognition' died
I/ServiceManager(   77): service 'voip' died
I/ServiceManager(   77): service 'usb' died
I/ServiceManager(   77): service 'uimode' died
W/AudioFlinger(  584): power manager service died !!!
V/AudioFlinger(  584): removeNotificationClient() 0x15cbb10, pid 617
V/AudioFlinger(  584): 617 died, releasing its sessions
E/installd(   99): eof
E/installd(   99): failed to read size
I/installd(   99): closing connection
I/Zygote  (  586): Exit zygote because system server (617) has terminated
I/ServiceManager(   77): service 'media.audio_flinger' died
I/ServiceManager(   77): service 'media.audio_policy' died
I/ServiceManager(   77): service 'media.player' died
I/ServiceManager(   77): service 'media.camera' died
I/Netd    (  741): Netd 1.0 starting
D/AndroidRuntime(  742): 
D/AndroidRuntime(  742): >>>>>> AndroidRuntime START com.android.internal.os.ZygoteInit <<<<<<
D/AndroidRuntime(  742): CheckJNI is OFF
D/AndroidRuntime(  742): setted country_code = china
D/AndroidRuntime(  742): setted countryiso_code = CN
D/AndroidRuntime(  742): setted sales_code = CHM
D/AndroidRuntime(  742): readGMSProperty: start
D/AndroidRuntime(  742): readGMSProperty: already setted!!
D/AndroidRuntime(  742): readGMSProperty: end
I/        (  740): ServiceManager: 0x1439488
V/AudioHardwareALSA(  740): libsecril-client.so is loaded
W/ALSAModule(  740): alsa release [ incall ] partial wake lock
W/ALSAModule(  740): alsa release [ playback ] partial wake lock
W/ALSAModule(  740): alsa release [ capture ] partial wake lock
W/ALSAModule(  740): [ clear ] sync2ril pipe start ...
W/ALSAModule(  740): [ clear ] sync2ril pipe done ...
W/ALSAModule(  740): OOOOO ^-^ OOOOO: cp_type=0 :OOOOO ^-^ OOOOO
W/ALSAModule(  740): mmi_audio_loop_thread waiting for new command
D/LVVE_Engine(  740): LVVE_Engine::setDebugMode(): debugMode=[1]
D/LVVE_Engine(  740): LVVE_Engine::setMode(): mode=[0]
I/AudioFlinger(  740): Loaded primary audio interface from LEGACY Audio HW HAL (audio)
I/AudioFlinger(  740): Using 'LEGACY Audio HW HAL' (audio.primary) as the primary audio interface
I/AudioFlinger(  740): Loaded a2dp audio interface from A2DP Audio HW HAL (audio)
D/AudioHardwareALSA(  740): setMode called to enable voice path mode=0 mMode=0
V/AudioHardwareALSA(  740): AudioHardwareALSA::setRxMute state : 0 force : 1 
V/AudioHardwareALSA(  740): ### incall mode SetRxMute0, returnVal 0
W/AudioHardwareALSA(  740): 7777777777777777 setMasterVolume called for devices 00000000 in mode 0...
V/MediaPlayerService(  740): MediaPlayerService created
I/CameraService(  740): CameraService started (pid=740)
V/SprdCameraHardware(  740): int android::HAL_getNumberOfCameras()
V/SprdCameraHardware(  740): HAL_getNumberOfCameras,1.
V/AudioPolicyService(  740): AudioCommandThread() going to sleep
V/AudioFlinger(  740): registerClient() client 0x14b4ab0, pid 740
V/AudioFlinger(  740): openOutput(), Device 2, SamplingRate 0, Format 0, Channels 0, flags 0
D/AudioHardwareALSA(  740): openOutputStream called for devices: 0x00000002
W/AudioHardwareALSA(  740): 3333333333333333 s_open openOutputStream called for devices 00000002 in mode 0...
W/ALSAModule(  740): s_open reentrant protecting try lock
W/ALSAModule(  740): s_open reentrant protecting got lock
W/ALSAModule(  740): luther don't need to wait for cp....
W/ALSAModule(  740): oooooooooooooooo s_open Enter incall=0
W/ALSAModule(  740): s_open got lock1
W/ALSAModule(  740): s_open try to get lock2 ... mLockMode=1
W/ALSAModule(  740): s_open try count is 0
W/ALSAModule(  740): s_open got lock2, yeah
W/ALSAModule(  740): alsa aquire [ playback ] partial wake lock
W/ALSAModule(  740): open called for devices 00000002 in mode 0...[incall=0]
W/ALSAModule(  740): =================================================================================
W/ALSAModule(  740): xxxxxxxxxxxxxxxxxxx Exit phone call & Force reset audio codec xxxxxxxxxxxxxxxxxxx
W/ALSAModule(  740): =================================================================================
V/AudioPolicyService(  740): AudioCommandThread() going to sleep
D/LibQmg_native(  742): register_android_app_LibQmg
I/SamplingProfilerIntegration(  742): Profiling disabled.
I/Zygote  (  742): !@beginofpreloadClasses()
I/Zygote  (  742): !@beginofpreloadResources()
D/dalvikvm(  742): GC_EXPLICIT freed 30K, 82% free 473K/2560K, paused 1ms+0ms
I/Zygote  (  742): Preloading classes...
I/Zygote  (  742): Preloading resources...
I/Zygote  (  742): ...preloaded 0 resources in 0ms.
D/dalvikvm(  742): GC_EXPLICIT freed 10K, 81% free 502K/2560K, paused 0ms+1ms
I/Zygote  (  742): ...preloaded 31 resources in 33ms.
I/Zygote  (  742): !@End of preloadResources()
D/dalvikvm(  742): GC_FOR_ALLOC freed 154K, 68% free 840K/2560K, paused 5ms
W/Zygote  (  742): Class not found for preloading: android.app.ContextImpl$32
W/Zygote  (  742): Class not found for preloading: android.app.ContextImpl$33
I/ApplicationContext(  742): IRDA Service ro.product.nam = kyletdzm
V/BluetoothAudioGateway.cpp(  742): classInitNative
V/BT HSHFP(  742): classInitNative
D/TextLayoutCache(  742): Using debug level: 0 - Debug Enabled: 0
W/Zygote  (  742): Class not found for preloading: android.media.AudioManager$2
I/dalvikvm(  742): threadid=5: recursive native library load attempt (/system/lib/libmedia_jni.so)
D/MtpDeviceJNI(  742): register_android_mtp_MtpDevice
W/ALSAModule(  740): alsa release [ incall ] partial wake lock
W/ALSAModule(  740): [ clear ] sync2ril pipe start ...
W/ALSAModule(  740): [ clear ] sync2ril pipe done ...
V/ALSAModule(  740): initially, setHardwareParams: buffer size: 882, latency: 200000
V/ALSAModule(  740): Set PLAYBACK PCM format to S16_LE (Signed 16 bit Little Endian)
V/ALSAModule(  740): Using 2 channels for PLAYBACK.
V/ALSAModule(  740): Set PLAYBACK sample rate to 44100 HZ
V/ALSAModule(  740): snd_pcm_hw_params_set_buffer_size_near: get buffer size: 960
V/ALSAModule(  740): snd_pcm_hw_params_set_buffer_time_near: get latency: 21768
V/ALSAModule(  740): finally, setHardwareParams: snd_pcm_get_params: buffer time: 21768, buffer size: 960, period time: 3628, period size: 160
I/ALSAModule(  740): Initialized ALSA PLAYBACK device AndroidPlayback_Speaker_normal
I/ALSAModule(  740): alsa-phone audio all PA off .....
W/ALSAModule(  740): audio_tune_hw4app_write2hardware No Application works on tune, we will use default nv item <12,music>
W/ALSAModule(  740): audio_tune_hw4app_write2hardware can't locate the right mFactoryRouteRCVMode [0]
W/ALSAModule(  740): audio_tune_hw4app_write2hardware will apply [12,music] vol_type0, vol_level1, eq_type0, device_mode3 to audio hardware
W/ALSAModule(  740): [ Open ] s_audio_path_route to mode=0 BeingMode=0 0x00000002
W/ALSAModule(  740): alsa-phone ringtone special process, speaker to 1 later
W/ALSAModule(  740): alsa release [ playback ] partial wake lock
W/ALSAModule(  740): s_open release lock mLockMode=0
W/ALSAModule(  740): qqqqqqqqqqqqqqqq s_open Exit
D/SoundBooster(  740): SoundBoosterInit(): sampleRate=44100
D/LVVE_Engine(  740): LVVEFS_Rx_Command LVVEFS_COMMAND_RESET returns success
W/AudioHardwareALSA(  740): alsa streamout constructor
V/AudioFlinger(  740): openOutput() openOutputStream returned output 0x14b4b20, SamplingRate 44100, Format 1, Channels 3, status 0
W/AudioHardwareALSA(  740): ALSAStreamOps::bufferSize(): bufferSize: 960, periodSize: 160, channels: 2
W/AudioHardwareALSA(  740): ALSAStreamOps::bufferSize(): return bytes = 3840
I/AudioMixer(  740): AudioMixer::AudioMixer  (960, 44100)
I/AudioFlinger(  740): AudioFlinger::openOutput() created mixer output: ID 1 thread 0x14c1788
W/AudioHardwareALSA(  740): alsa CTS latency lowered to 9000 from 21768
V/AudioFlinger(  740): PlaybackThread::audioConfigChanged_l, thread 0x14c1788, event 0, param 0
W/AudioHardwareALSA(  740): alsa CTS latency lowered to 9000 from 21768
V/AudioPolicyManagerBase(  740): AudioPolicyManagerBase::setOutputDevice() output 1 device 2 delayMs 0
V/AudioPolicyService(  740): inserting command: 3 at index 0, num commands 0
V/AudioPolicyService(  740): AudioCommandThread() adding set parameter string routing=2, io 1 ,delay 0
I/dalvikvm(  742): threadid=5: recursive native library load attempt (/system/lib/libmedia_jni.so)
I/dalvikvm(  742): threadid=5: recursive native library load attempt (/system/lib/libmedia_jni.so)
V/AudioPolicyService(  740): AudioCommandThread() waking up
V/AudioPolicyService(  740): AudioCommandThread() processing set parameters string routing=2, io 1
V/AudioFlinger(  740): setParameters(): io 1, keyvalue routing=2, tid 766, calling tid 740
V/AudioFlinger(  740): ThreadBase::setParameters() routing=2
I/AudioFlinger(  740): AudioFlinger's thread 0x14c1788 ready to run
W/AudioHardwareALSA(  740): alsa CTS latency lowered to 9000 from 21768
W/AudioFlinger(  740): Thread AudioOut_1 cannot connect to the power manager service
D/AudioHardwareALSA(  740): ALSAStreamOps::setParameters() routing=2
W/AudioHardwareALSA(  740): 2222222222222222 s_route setParameters called for devices 00000002 in mode 0...
W/ALSAModule(  740): route called for devices 00000002 in mode 0...
W/ALSAModule(  740): the same, direct return
D/LVVE_Engine(  740): LVVE_Engine::setDevice(): device=[2]
D/LVVE_Engine(  740): LVVE_Engine::setDevice(): 22222  device=[2]
V/AudioPolicyService(  740): AudioCommandThread() going to sleep
V/AudioPolicyManagerBase(  740): applyStreamVolumes() for output 1 and device 2
V/AudioPolicyManagerBase(  740): setStreamVolume() for output 1 stream 0, volume 76.000000, delay 0
V/AudioPolicyService(  740): inserting command: 2 at index 0, num commands 0
V/AudioPolicyService(  740): AudioCommandThread() adding set volume stream 0, volume 75.250000, output 1
V/AudioPolicyService(  740): AudioCommandThread() waking up
V/AudioPolicyService(  740): AudioCommandThread() processing set volume stream 0,                             volume 75.250000, output 1
V/AudioPolicyService(  740): AudioCommandThread() going to sleep
V/AudioPolicyService(  740): inserting command: 4 at index 0, num commands 0
V/AudioPolicyService(  740): AudioCommandThread() adding set voice volume volume 1.000000
V/AudioPolicyService(  740): AudioCommandThread() waking up
V/AudioPolicyService(  740): AudioCommandThread() processing set voice volume volume 1.000000
D/AudioHardwareALSA(  740): setVoiceVolume=1.000000
V/AudioPolicyService(  740): AudioCommandThread() going to sleep
V/AudioPolicyManagerBase(  740): setStreamVolume() for output 1 stream 1, volume 76.000000, delay 0
V/AudioPolicyService(  740): inserting command: 2 at index 0, num commands 0
V/AudioPolicyService(  740): AudioCommandThread() adding set volume stream 1, volume 76.000000, output 1
V/AudioPolicyService(  740): AudioCommandThread() waking up
V/AudioPolicyService(  740): AudioCommandThread() processing set volume stream 1,                             volume 76.000000, output 1
V/AudioPolicyService(  740): AudioCommandThread() going to sleep
V/AudioPolicyManagerBase(  740): setStreamVolume() for output 1 stream 2, volume 76.000000, delay 0
V/AudioPolicyService(  740): inserting command: 2 at index 0, num commands 0
V/AudioPolicyService(  740): AudioCommandThread() adding set volume stream 2, volume 76.000000, output 1
V/AudioPolicyService(  740): AudioCommandThread() waking up
V/AudioPolicyService(  740): AudioCommandThread() processing set volume stream 2,                             volume 76.000000, output 1
V/AudioPolicyService(  740): AudioCommandThread() going to sleep
V/AudioPolicyManagerBase(  740): getNewDevice() selected device 0
V/AudioPolicyManagerBase(  740): getDeviceForStrategy() from cache strategy 0, device 0
D/AudioPolicyManagerBase(  740): return MUSIC_SPK index=1
V/AudioPolicyManagerBase(  740): setStreamVolume() for output 1 stream 3, volume 55.000000, delay 0
V/AudioPolicyService(  740): inserting command: 2 at index 0, num commands 0
V/AudioPolicyService(  740): AudioCommandThread() adding set volume stream 3, volume 55.000000, output 1
V/AudioPolicyService(  740): AudioCommandThread() waking up
V/AudioPolicyService(  740): AudioCommandThread() processing set volume stream 3,                             volume 55.000000, output 1
V/AudioPolicyService(  740): AudioCommandThread() going to sleep
V/AudioPolicyManagerBase(  740): getNewDevice() selected device 0
V/AudioPolicyManagerBase(  740): getDeviceForStrategy() from cache strategy 0, device 0
V/AudioPolicyManagerBase(  740): setStreamVolume() for output 1 stream 4, volume 76.000000, delay 0
V/AudioPolicyService(  740): inserting command: 2 at index 0, num commands 0
V/AudioPolicyService(  740): AudioCommandThread() adding set volume stream 4, volume 76.000000, output 1
V/AudioPolicyService(  740): AudioCommandThread() waking up
V/AudioPolicyService(  740): AudioCommandThread() processing set volume stream 4,                             volume 76.000000, output 1
V/AudioPolicyService(  740): AudioCommandThread() going to sleep
V/AudioPolicyManagerBase(  740): setStreamVolume() for output 1 stream 5, volume 75.000000, delay 0
V/AudioPolicyService(  740): inserting command: 2 at index 0, num commands 0
V/AudioPolicyService(  740): AudioCommandThread() adding set volume stream 5, volume 75.000000, output 1
V/AudioPolicyService(  740): AudioCommandThread() waking up
V/AudioPolicyService(  740): AudioCommandThread() processing set volume stream 5,                             volume 75.000000, output 1
V/AudioPolicyService(  740): AudioCommandThread() going to sleep
V/AudioPolicyManagerBase(  740): checkAndSetVolume() cannot set stream 6 volume with force use = 0 for comm
V/AudioPolicyManagerBase(  740): setStreamVolume() for output 1 stream 7, volume 72.000000, delay 0
V/AudioPolicyService(  740): inserting command: 2 at index 0, num commands 0
V/AudioPolicyService(  740): AudioCommandThread() adding set volume stream 7, volume 72.000000, output 1
V/AudioPolicyService(  740): AudioCommandThread() waking up
V/AudioPolicyService(  740): AudioCommandThread() processing set volume stream 7,                             volume 72.000000, output 1
V/AudioPolicyService(  740): AudioCommandThread() going to sleep
V/AudioPolicyManagerBase(  740): setStreamVolume() for output 1 stream 8, volume 1.000000, delay 0
V/AudioPolicyService(  740): inserting command: 2 at index 0, num commands 0
V/AudioPolicyService(  740): AudioCommandThread() adding set volume stream 8, volume 1.000000, output 1
V/AudioPolicyService(  740): AudioCommandThread() waking up
V/AudioPolicyService(  740): AudioCommandThread() processing set volume stream 8,                             volume 1.000000, output 1
V/AudioPolicyService(  740): AudioCommandThread() going to sleep
V/AudioPolicyManagerBase(  740): getNewDevice() selected device 0
V/AudioPolicyManagerBase(  740): getDeviceForStrategy() from cache strategy 0, device 0
D/AudioPolicyManagerBase(  740): return MUSIC_SPK index=1
V/AudioPolicyManagerBase(  740): setStreamVolume() for output 1 stream 9, volume 55.000000, delay 0
V/AudioPolicyService(  740): inserting command: 2 at index 0, num commands 0
V/AudioPolicyService(  740): AudioCommandThread() adding set volume stream 9, volume 55.000000, output 1
V/AudioPolicyService(  740): AudioCommandThread() waking up
V/AudioPolicyService(  740): AudioCommandThread() processing set volume stream 9,                             volume 55.000000, output 1
V/AudioPolicyService(  740): AudioCommandThread() going to sleep
V/AudioPolicyManagerBase(  740): getNewDevice() selected device 0
V/AudioPolicyManagerBase(  740): getDeviceForStrategy() from cache strategy 0, device 0
D/AudioPolicyManagerBase(  740): return MUSIC_SPK index=1
V/AudioPolicyManagerBase(  740): setStreamVolume() for output 1 stream 10, volume 1.000000, delay 0
V/AudioPolicyService(  740): inserting command: 2 at index 0, num commands 0
V/AudioPolicyService(  740): AudioCommandThread() adding set volume stream 10, volume 1.000000, output 1
V/AudioPolicyService(  740): AudioCommandThread() waking up
V/AudioPolicyService(  740): AudioCommandThread() processing set volume stream 10,                             volume 1.000000, output 1
V/AudioPolicyService(  740): AudioCommandThread() going to sleep
V/AudioPolicyManagerBase(  740): setStreamVolume() for output 1 stream 11, volume 76.000000, delay 0
V/AudioPolicyService(  740): inserting command: 2 at index 0, num commands 0
V/AudioPolicyService(  740): AudioCommandThread() adding set volume stream 11, volume 76.000000, output 1
V/AudioPolicyService(  740): AudioCommandThread() waking up
V/AudioPolicyService(  740): AudioCommandThread() processing set volume stream 11,                             volume 76.000000, output 1
V/AudioPolicyService(  740): AudioCommandThread() going to sleep
V/AudioPolicyManagerBase(  740): setStreamVolume() for output 1 stream 12, volume 76.000000, delay 0
V/AudioPolicyService(  740): inserting command: 2 at index 0, num commands 0
V/AudioPolicyService(  740): AudioCommandThread() adding set volume stream 12, volume 76.000000, output 1
V/AudioPolicyService(  740): AudioCommandThread() waking up
V/AudioPolicyService(  740): AudioCommandThread() processing set volume stream 12,                             volume 76.000000, output 1
V/AudioPolicyService(  740): AudioCommandThread() going to sleep
V/AudioPolicyManagerBase(  740): getNewDevice() selected device 0
V/AudioPolicyManagerBase(  740): getDeviceForStrategy() from cache strategy 0, device 0
D/AudioPolicyManagerBase(  740): return MUSIC_SPK index=1
V/AudioPolicyManagerBase(  740): getNewDevice() selected device 0
V/AudioPolicyManagerBase(  740): getDeviceForStrategy() from cache strategy 0, device 0
V/AudioPolicyManagerBase(  740): getNewDevice() selected device 0
V/AudioPolicyManagerBase(  740): getDeviceForStrategy() from cache strategy 0, device 0
D/AudioPolicyManagerBase(  740): return MUSIC_SPK index=1
V/AudioPolicyManagerBase(  740): getNewDevice() selected device 0
V/AudioPolicyManagerBase(  740): getDeviceForStrategy() from cache strategy 0, device 0
D/AudioPolicyManagerBase(  740): return MUSIC_SPK index=1
V/AudioPolicyManagerBase(  740): getDeviceForStrategy() strategy 0, device 2
V/AudioPolicyManagerBase(  740): getDeviceForStrategy() strategy 1, device 1
V/AudioPolicyManagerBase(  740): getDeviceForStrategy() strategy 2, device 2
V/AudioPolicyManagerBase(  740): getDeviceForStrategy() strategy 0, device 2
V/AudioPolicyManagerBase(  740): getDeviceForStrategy() strategy 3, device 2
V/AudioPolicyManagerBase(  740): getDeviceForStrategy() strategy 4, device 2
V/AudioFlinger(  740): Audio hardware entering standby, mixer 0x14c1788, mSuspended 0
D/LVVE_Engine(  740): LVVEFS_Rx_Command LVVEFS_COMMAND_RESET returns success
W/AudioHardwareALSA(  740): AudioStreamOutALSA::standby snd_pcm_drain start ...
W/AudioHardwareALSA(  740): AudioStreamOutALSA::standby snd_pcm_drain finish ...
V/AudioFlinger(  740): MixerThread 0x14c1788 TID 769 going to sleep
W/Zygote  (  742): Class not found for preloading: android.media.IRemoteControlClientDispatcher
W/Zygote  (  742): Class not found for preloading: android.media.IRemoteControlClientDispatcher$Stub
D/Audio_Control_CSC(  740): get_CS_ISO_Code country_code = CN
D/Audio_Control_CSC(  740): checkCSCAndSetSysProperty() mark property to audio.country when including SalesCodes
D/Audio_Control_CSC(  740): get_CS_ISO_Code country_code = CN
D/Audio_Control_CSC(  740): checkCSCAndSetSysProperty()_mCount = 3, mValue_salescode = CHM
D/Audio_Control_CSC(  740): checkCSCAndSetSysProperty()_gEPSalesCodes = SPR
D/Audio_Control_CSC(  740): checkCSCAndSetSysProperty()_gEPSalesCodes = VMU
