--------- beginning of /dev/log/main
W/logwrapper(   64): Unable to background process (No such file or directory)
I//system/bin/e2fsck(    1): e2fsck 1.41.11 (14-Mar-2010)
I//system/bin/e2fsck(    1): /dev/block/mmcblk0p12: clean, 9892/102960 files, 184090/411387 blocks
W/logwrapper(   67): Unable to background process (No such file or directory)
I//system/bin/e2fsck(    1): e2fsck 1.41.11 (14-Mar-2010)
I//system/bin/e2fsck(    1): /dev/block/mmcblk0p8: clean, 13/46080 files, 5976/184320 blocks
W/logwrapper(   70): Unable to background process (No such file or directory)
I//system/bin/e2fsck(    1): e2fsck 1.41.11 (14-Mar-2010)
I//system/bin/e2fsck(    1): /dev/block/mmcblk0p3: clean, 32/640 files, 1128/2560 blocks
D/RAWDATAD(   79): Start RAWDATAD
D/RAWDATAD(   79): init_productinfo, BLOCK_NUM=3
D/RAWDATAD(   79): ==================init_productinfo Start==================
D/RAWDATAD(   79): init_productinfo: handle block[0]
D/RAWDATAD(   79): rawdata_check_block: partition=0, block=0
D/RAWDATAD(   79): read_mmc_partition: patrname=/dev/block/mmcblk0p8,offset=0
D/RAWDATAD(   79): read_mmc_partition: rsize=4096; size=4096
D/RAWDATAD(   79): dump_data: First 10 data
D/RAWDATAD(   79): data[0]=0x0
D/RAWDATAD(   79): data[1]=0x0
D/RAWDATAD(   79): data[2]=0x0
D/RAWDATAD(   79): data[3]=0x0
D/RAWDATAD(   79): data[4]=0x0
D/RAWDATAD(   79): data[5]=0x0
D/RAWDATAD(   79): data[6]=0x0
D/RAWDATAD(   79): data[7]=0x0
D/RAWDATAD(   79): data[8]=0x0
D/RAWDATAD(   79): data[9]=0x0
D/RAWDATAD(   79): dump_data: Last 10 data
D/RAWDATAD(   79): data[3066]=0x0
D/RAWDATAD(   79): data[3067]=0x0
D/RAWDATAD(   79): data[3068]=0x0
D/RAWDATAD(   79): data[3069]=0x0
D/RAWDATAD(   79): data[3070]=0x0
D/RAWDATAD(   79): data[3071]=0x0
D/RAWDATAD(   79): data[3072]=0x0
D/RAWDATAD(   79): data[3073]=0x0
D/RAWDATAD(   79): data[3074]=0x0
D/RAWDATAD(   79): data[3075]=0x0
D/RAWDATAD(   79): dump_data: Extra 10 data
D/RAWDATAD(   79): data[3076]=0x0
D/RAWDATAD(   79): data[3077]=0x0
D/RAWDATAD(   79): data[3078]=0x0
D/RAWDATAD(   79): data[3079]=0x0
D/RAWDATAD(   79): data[3080]=0x0
D/RAWDATAD(   79): data[3081]=0x0
D/RAWDATAD(   79): data[3082]=0x0
D/RAWDATAD(   79): data[3083]=0x0
D/RAWDATAD(   79): data[3084]=0x0
D/RAWDATAD(   79): data[3085]=0x0
D/RAWDATAD(   79): rawdata_check_block: ret=0x0, crc_old=0x0, crc_calc=0xa83de3b1
D/RAWDATAD(   79): init_productinfo: Read /productinfo/productinfo.bin from /dev/block/mmcblk0p8 ERROR
D/RAWDATAD(   79): rawdata_check_block: partition=1, block=0
D/RAWDATAD(   79): read_mmc_partition: patrname=/dev/block/mmcblk0p9,offset=0
D/RAWDATAD(   79): read_mmc_partition: rsize=4096; size=4096
D/RAWDATAD(   79): dump_data: First 10 data
D/RAWDATAD(   79): data[0]=0x0
D/RAWDATAD(   79): data[1]=0x0
D/RAWDATAD(   79): data[2]=0x0
D/RAWDATAD(   79): data[3]=0x0
D/RAWDATAD(   79): data[4]=0x0
D/RAWDATAD(   79): data[5]=0x0
D/RAWDATAD(   79): data[6]=0x0
D/RAWDATAD(   79): data[7]=0x0
D/RAWDATAD(   79): data[8]=0x0
D/RAWDATAD(   79): data[9]=0x0
D/RAWDATAD(   79): dump_data: Last 10 data
D/RAWDATAD(   79): data[3066]=0x0
D/RAWDATAD(   79): data[3067]=0x0
D/RAWDATAD(   79): data[3068]=0x0
D/RAWDATAD(   79): data[3069]=0x0
D/RAWDATAD(   79): data[3070]=0x0
D/RAWDATAD(   79): data[3071]=0x0
D/RAWDATAD(   79): data[3072]=0x0
D/RAWDATAD(   79): data[3073]=0x0
D/RAWDATAD(   79): data[3074]=0x0
D/RAWDATAD(   79): data[3075]=0x0
D/RAWDATAD(   79): dump_data: Extra 10 data
D/RAWDATAD(   79): data[3076]=0x0
D/RAWDATAD(   79): data[3077]=0x0
D/RAWDATAD(   79): data[3078]=0x0
D/RAWDATAD(   79): data[3079]=0x0
D/RAWDATAD(   79): data[3080]=0x0
D/RAWDATAD(   79): data[3081]=0x0
D/RAWDATAD(   79): data[3082]=0x0
D/RAWDATAD(   79): data[3083]=0x0
D/RAWDATAD(   79): data[3084]=0x0
D/RAWDATAD(   79): data[3085]=0x0
D/RAWDATAD(   79): rawdata_check_block: ret=0x0, crc_old=0x0, crc_calc=0x99c09ba7
D/RAWDATAD(   79): init_productinfo: Read /productinfo/productinfo.bin from /dev/block/mmcblk0p9 ERROR
D/RAWDATAD(   79): init_productinfo: /productinfo/productinfo.bin valid1=-1; valid2=-1
D/RAWDATAD(   79): init_productinfo: Get /productinfo/productinfo.bin CRC error
D/RAWDATAD(   79): init_productinfo: Won't create file /productinfo/productinfo.bin
D/RAWDATAD(   79): ==================init_productinfo End==================
D/RAWDATAD(   79): ==================init_productinfo Start==================
D/RAWDATAD(   79): init_productinfo: handle block[1]
D/RAWDATAD(   79): rawdata_check_block: partition=0, block=1
D/RAWDATAD(   79): read_mmc_partition: patrname=/dev/block/mmcblk0p8,offset=4096
D/RAWDATAD(   79): read_mmc_partition: rsize=4096; size=4096
D/RAWDATAD(   79): dump_data: First 10 data
D/RAWDATAD(   79): data[0]=0x31
D/RAWDATAD(   79): data[1]=0x0
D/RAWDATAD(   79): data[2]=0x0
D/RAWDATAD(   79): data[3]=0x0
D/RAWDATAD(   79): data[4]=0x32
D/RAWDATAD(   79): data[5]=0x0
D/RAWDATAD(   79): data[6]=0x0
D/RAWDATAD(   79): data[7]=0x0
D/RAWDATAD(   79): data[8]=0x33
D/RAWDATAD(   79): data[9]=0x0
D/RAWDATAD(   79): dump_data: Last 10 data
D/RAWDATAD(   79): data[3066]=0x0
D/RAWDATAD(   79): data[3067]=0x0
D/RAWDATAD(   79): data[3068]=0x0
D/RAWDATAD(   79): data[3069]=0x0
D/RAWDATAD(   79): data[3070]=0x0
D/RAWDATAD(   79): data[3071]=0x0
D/RAWDATAD(   79): data[3072]=0x0
D/RAWDATAD(   79): data[3073]=0x0
D/RAWDATAD(   79): data[3074]=0x0
D/RAWDATAD(   79): data[3075]=0x0
D/RAWDATAD(   79): dump_data: Extra 10 data
D/RAWDATAD(   79): data[3076]=0x0
D/RAWDATAD(   79): data[3077]=0x0
D/RAWDATAD(   79): data[3078]=0x0
D/RAWDATAD(   79): data[3079]=0x0
D/RAWDATAD(   79): data[3080]=0x0
D/RAWDATAD(   79): data[3081]=0x0
D/RAWDATAD(   79): data[3082]=0x0
D/RAWDATAD(   79): data[3083]=0x0
D/RAWDATAD(   79): data[3084]=0x0
D/RAWDATAD(   79): data[3085]=0x0
D/RAWDATAD(   79): rawdata_check_block: ret=0x0, crc_old=0x0, crc_calc=0xa55a18f5
D/RAWDATAD(   79): init_productinfo: Read /productinfo/factorymode.file from /dev/block/mmcblk0p8 ERROR
D/RAWDATAD(   79): rawdata_check_block: partition=1, block=1
D/RAWDATAD(   79): read_mmc_partition: patrname=/dev/block/mmcblk0p9,offset=4096
D/RAWDATAD(   79): read_mmc_partition: rsize=4096; size=4096
D/RAWDATAD(   79): dump_data: First 10 data
D/RAWDATAD(   79): data[0]=0x51
D/RAWDATAD(   79): data[1]=0x0
D/RAWDATAD(   79): data[2]=0x0
D/RAWDATAD(   79): data[3]=0x0
D/RAWDATAD(   79): data[4]=0x52
D/RAWDATAD(   79): data[5]=0x0
D/RAWDATAD(   79): data[6]=0x0
D/RAWDATAD(   79): data[7]=0x0
D/RAWDATAD(   79): data[8]=0x53
D/RAWDATAD(   79): data[9]=0x0
D/RAWDATAD(   79): dump_data: Last 10 data
D/RAWDATAD(   79): data[3066]=0x0
D/RAWDATAD(   79): data[3067]=0x0
D/RAWDATAD(   79): data[3068]=0x0
D/RAWDATAD(   79): data[3069]=0x0
D/RAWDATAD(   79): data[3070]=0x0
D/RAWDATAD(   79): data[3071]=0x0
D/RAWDATAD(   79): data[3072]=0x0
D/RAWDATAD(   79): data[3073]=0x0
D/RAWDATAD(   79): data[3074]=0x0
D/RAWDATAD(   79): data[3075]=0x0
D/RAWDATAD(   79): dump_data: Extra 10 data
D/RAWDATAD(   79): data[3076]=0x0
D/RAWDATAD(   79): data[3077]=0x0
D/RAWDATAD(   79): data[3078]=0x0
D/RAWDATAD(   79): data[3079]=0x0
D/RAWDATAD(   79): data[3080]=0x0
D/RAWDATAD(   79): data[3081]=0x0
D/RAWDATAD(   79): data[3082]=0x0
D/RAWDATAD(   79): data[3083]=0x0
D/RAWDATAD(   79): data[3084]=0x0
D/RAWDATAD(   79): data[3085]=0x0
D/RAWDATAD(   79): rawdata_check_block: ret=0x0, crc_old=0x0, crc_calc=0xe9aa0d2c
D/RAWDATAD(   79): init_productinfo: Read /productinfo/factorymode.file from /dev/block/mmcblk0p9 ERROR
D/RAWDATAD(   79): init_productinfo: /productinfo/factorymode.file valid1=-1; valid2=-1
D/RAWDATAD(   79): init_productinfo: Get /productinfo/factorymode.file CRC error
D/RAWDATAD(   79): init_productinfo: Won't create file /productinfo/factorymode.file
D/RAWDATAD(   79): ==================init_productinfo End==================
D/RAWDATAD(   79): ==================init_productinfo Start==================
D/RAWDATAD(   79): init_productinfo: handle block[2]
D/RAWDATAD(   79): rawdata_check_block: partition=0, block=2
D/RAWDATAD(   79): read_mmc_partition: patrname=/dev/block/mmcblk0p8,offset=8192
D/sprd_monitor(   81): open ttyNK3!
D/RAWDATAD(   79): read_mmc_partition: rsize=4096; size=4096
D/RAWDATAD(   79): dump_data: First 10 data
D/RAWDATAD(   79): data[0]=0x2
D/RAWDATAD(   79): data[1]=0x80
D/RAWDATAD(   79): data[2]=0x0
D/RAWDATAD(   79): data[3]=0x0
D/RAWDATAD(   79): data[4]=0x2
D/RAWDATAD(   79): data[5]=0x80
D/RAWDATAD(   79): data[6]=0x1
D/RAWDATAD(   79): data[7]=0x0
D/RAWDATAD(   79): data[8]=0x2
D/RAWDATAD(   79): data[9]=0x80
D/RAWDATAD(   79): dump_data: Last 10 data
D/RAWDATAD(   79): data[3066]=0x0
D/RAWDATAD(   79): data[3067]=0x0
D/RAWDATAD(   79): data[3068]=0x0
D/RAWDATAD(   79): data[3069]=0x0
D/RAWDATAD(   79): data[3070]=0x0
D/RAWDATAD(   79): data[3071]=0x0
D/RAWDATAD(   79): data[3072]=0x0
D/RAWDATAD(   79): data[3073]=0x0
D/RAWDATAD(   79): data[3074]=0x0
D/RAWDATAD(   79): data[3075]=0x0
D/RAWDATAD(   79): dump_data: Extra 10 data
D/RAWDATAD(   79): data[3076]=0x0
D/RAWDATAD(   79): data[3077]=0x0
D/RAWDATAD(   79): data[3078]=0x0
D/RAWDATAD(   79): data[3079]=0x0
D/RAWDATAD(   79): data[3080]=0x0
D/RAWDATAD(   79): data[3081]=0x0
D/RAWDATAD(   79): data[3082]=0x0
D/RAWDATAD(   79): data[3083]=0x0
D/RAWDATAD(   79): data[3084]=0x0
D/RAWDATAD(   79): data[3085]=0x0
D/RAWDATAD(   79): rawdata_check_block: ret=0x0, crc_old=0x0, crc_calc=0xcbbf64ab
D/RAWDATAD(   79): init_productinfo: Read /productinfo/alarm_flag from /dev/block/mmcblk0p8 ERROR
D/RAWDATAD(   79): rawdata_check_block: partition=1, block=2
D/RAWDATAD(   79): read_mmc_partition: patrname=/dev/block/mmcblk0p9,offset=8192
D/ICD     (   85): icd detects normal mode
D/ICD     (   85): icd runs
D/RAWDATAD(   79): read_mmc_partition: rsize=4096; size=4096
D/RAWDATAD(   79): dump_data: First 10 data
D/RAWDATAD(   79): data[0]=0x2
D/RAWDATAD(   79): data[1]=0x80
D/RAWDATAD(   79): data[2]=0x0
D/RAWDATAD(   79): data[3]=0x0
D/RAWDATAD(   79): data[4]=0x2
D/RAWDATAD(   79): data[5]=0x80
D/RAWDATAD(   79): data[6]=0x1
D/RAWDATAD(   79): data[7]=0x0
D/RAWDATAD(   79): data[8]=0x2
D/RAWDATAD(   79): data[9]=0x80
D/RAWDATAD(   79): dump_data: Last 10 data
D/RAWDATAD(   79): data[3066]=0x0
D/RAWDATAD(   79): data[3067]=0x0
D/RAWDATAD(   79): data[3068]=0x0
D/RAWDATAD(   79): data[3069]=0x0
D/RAWDATAD(   79): data[3070]=0x0
D/RAWDATAD(   79): data[3071]=0x0
D/RAWDATAD(   79): data[3072]=0x0
D/RAWDATAD(   79): data[3073]=0x0
D/RAWDATAD(   79): data[3074]=0x0
D/RAWDATAD(   79): data[3075]=0x0
D/RAWDATAD(   79): dump_data: Extra 10 data
D/RAWDATAD(   79): data[3076]=0x0
D/RAWDATAD(   79): data[3077]=0x0
D/RAWDATAD(   79): data[3078]=0x0
D/RAWDATAD(   79): data[3079]=0x0
D/RAWDATAD(   79): data[3080]=0x0
D/RAWDATAD(   79): data[3081]=0x0
D/RAWDATAD(   79): data[3082]=0x0
D/RAWDATAD(   79): data[3083]=0x0
D/RAWDATAD(   79): data[3084]=0x0
D/RAWDATAD(   79): data[3085]=0x0
D/RAWDATAD(   79): rawdata_check_block: ret=0x0, crc_old=0x0, crc_calc=0x1008d284
D/RAWDATAD(   79): init_productinfo: Read /productinfo/alarm_flag from /dev/block/mmcblk0p9 ERROR
D/RAWDATAD(   79): init_productinfo: /productinfo/alarm_flag valid1=-1; valid2=-1
D/RAWDATAD(   79): init_productinfo: Get /productinfo/alarm_flag CRC error
D/RAWDATAD(   79): init_productinfo: Won't create file /productinfo/alarm_flag
D/RAWDATAD(   79): ==================init_productinfo End==================
D/RAWDATAD(   79): Can't add watch for /productinfo/.
E/MODEMD  (   82):  modemd start!!  
E/MODEMD  (   82): gv_debug_level : 0  
D/MFSERIAL(  104): mfserail started!
D/MFSERIAL(  104): at_mux1_devname: /dev/ts0710mux11, uart_devname: /dev/ttyS1, have_phoneserver: 1
E/DataRouter(  107): Main entered
E/DataRouter(  107): switchUser
E/DataRouter(  107): monitor_usb_thread
E/DataRouter(  107): server_init
E/DataRouter(  107): Initialise USB and start the thread 
E/DataRouter(  107): dr_usb_init
E/DataRouter(  107): USB Interface is open with 0xd
E/DataRouter(  107): USB interface is now configured for usb_fd = 0xd
E/DataRouter(  107): THREAD LAUNCH 
D/ICD     (   85): icd (1)
E/DataRouter(  107): monitor_data_of_usb
E/DataRouter(  107): USB monitor thread launched, usb_fd= 0xd
E/DataRouter(  107): init_cur_sock
E/DataRouter(  107): Before the usb select 
I/macloader(   98): WIFI MAC is valid
E/nvitemd (   80): Malloc vbpipe buffer success : 262144
E/nvitemd (   80): modem length : 8388608
E/nvitemd (   80): modem emmc dev : /dev/block/mmcblk0p7
E/nvitemd (   80): dsp emmc dev : /dev/block/mmcblk0p7
E/nvitemd (   80): reopen vbpipe
I//system/xbin/busybox(   75): run-parts: /system/etc/init.d: No such file or directory
D/Kies    (   87): Main entered
D/connfw  (   91): Main entered
D/connfw  (   91): switchUser
D/connfw  (   91): connect_dr_socket
E/DTT     (   89): Main entered
E/DTT     (   89): connect_dr_socket
E/DataRouter(  107): conntected socket:14
E/DataRouter(  107): Add monitoring socket[index0 socket:14]
I/NPS_MOBEX(   92): Feature_Init
I/NPS_MOBEX(   92): Get_feature_xml
I/DEBUG   (   84): debuggerd: Aug 28 2013 13:51:32
D/Kies    (   87): switchUser
D/Kies    (   87): dr_pcsync_init
D/Kies    (   87): dr_pcsync_launch_monitor_thread
D/Kies    (   87): connect_dr_socket
D/Kies    (   87): __pcsync_monitor_thread
D/Kies    (   87): Waiting for MOBEX connection
I/Netd    (   83): Netd 1.0 starting
E/SMD     (   88): SMD Main entered
E/SMD     (   88): smd_init start 
E/SMD     (   88): smd Interface open failed errno is 2 -1
I/NPS_MOBEX(   92): [Feature_Init]GetBasemodel=GT-I9100
I/NPS_MOBEX(   92): [Feature_Init]feature_NPS=Splanner,Normal,Normal,none_FmRadio,Normal,Normal,Normal,Normal,Normal,Normal,Normal,Boost,Normal,Normal,Normal,Normal
I/NPS_MOBEX(   92): [Feature_Init]feature_DR=SN_IMEI_FILE,Ril_Sales,Normal,MSISDN_File,Normal,GT-I9100,Normal,Normal,Normal
I/NPS_MOBEX(   92): [Feature_Init]feature_APP=Device,Calendar,Contents,Phonebook,Message,Phonebook_com.android.exchange,Phonebook_com.google,Phonebook_com.osp.app.signin
I/NPS_MOBEX(   92): task Start
I/NPS_MOBEX(   92): wscMessageGet msgid:4097
I/NPS_MOBEX(   92): wifi_wscDataServiceStart
I/NPS_MOBEX(   92): wifi Create server_sockid: 11
I/NPS_MOBEX(   92): wifi_wscDataServiceConnect
I/NPS_MOBEX(   92): wifi_wscDataServiceConnect START
E/DataRouter(  107): After the usb select 
E/DataRouter(  107): read usb data[len:1]
E/DataRouter(  107): read usb data message:A
E/DataRouter(  107): Before the usb select 
D/connfw  (   91): [DR->CONNFW]Received data notification
D/connfw  (   91): NOT DEFINE
D/connfw  (   91): Message:A
E/DataRouter(  107): [socket:14]******* Received data notification *******
E/DataRouter(  107): After the usb select 
E/DataRouter(  107): read usb data[len:1]
E/DataRouter(  107): read usb data message:T
E/DataRouter(  107): Before the usb select 
D/connfw  (   91): [DR->CONNFW]Received data notification
D/connfw  (   91): NOT DEFINE
D/connfw  (   91): Message:T
E/DataRouter(  107): [socket:14]******* Received data notification *******
E/DataRouter(  107): After the usb select 
E/DataRouter(  107): read usb data[len:1]
E/DataRouter(  107): read usb data message:

E/DataRouter(  107): Before the usb select 
D/connfw  (   91): [DR->CONNFW]Received data notification
D/connfw  (   91): NOT DEFINE
D/connfw  (   91): Message:

E/DataRouter(  107): [socket:14]******* Received data notification *******
D/sprd_monitor(   81): start phoneserver!
D/PHONESERVER(  140): chnmng start phone server!
D/PHONESERVER(  140): 
D/PHONESERVER(  140):  Phoneserver version: SP8802S_R1.0.0016+ Fri Sep 25 20:37:05 CST 2009 
D/PHONESERVER(  140): CHNMNG: open mux:/dev/ts0710mux0 !
D/PHONESERVER(  140):  
D/SPRDENG (  145): eng_mcinit: persist.msms.phone_count is , n=0
D/SPRDENG_PCCLIENT(  143): eng_pcclient califlag=0, engtest=0
D/SPRDENG_PCCLIENT(  143): eng_modemreset_thread: persist.sys.sprd.modemreset is 1, n=1
E/MODEMD  (   82): vbpipe2 open : 11  
E/MODEMD  (   82): Start Modemd for Loop 
D/SPRDENG_PCCLIENT(  143): eng_modemreset_thread: Unable bind server modem, waiting...
E/MODEMD  (   82): modemd_listenaccept_thread: Waiting for new connect ...
D/SPRDENG_PCCLIENT(  143): eng_modemreset_thread, fd=17, pipe_fd=14
D/SPRDENG_PCCLIENT(  143): eng_modemreset_thread: waiting for server modem
E/MODEMD  (   82): modemd_listenaccept_thread: accept client n=15
E/MODEMD  (   82): modemd_listenaccept_thread: fill 15 to client[0]
E/MODEMD  (   82): modemd_listenaccept_thread: Waiting for new connect ...
E/DataRouter(  107): conntected socket:15
E/DataRouter(  107): Add monitoring socket[index1 socket:15]
E/SMD     (   88): smd Interface open failed errno is 2 -1
I/        (   95): ServiceManager: 0x51e048
I/SurfaceFlinger(   93): SurfaceFlinger is starting
I/SurfaceFlinger(   93): SurfaceFlinger's main thread ready to run. Initializing graphics H/W...
D/AndroidRuntime(   94): 
D/AndroidRuntime(   94): >>>>>> AndroidRuntime START com.android.internal.os.ZygoteInit <<<<<<
D/AndroidRuntime(   94): CheckJNI is OFF
D/AndroidRuntime(   94): setted country_code = china
D/AndroidRuntime(   94): setted countryiso_code = CN
D/AndroidRuntime(   94): setted sales_code = CHM
D/AndroidRuntime(   94): readGMSProperty: start
D/AndroidRuntime(   94): readGMSProperty: already setted!!
D/AndroidRuntime(   94): readGMSProperty: end
--------- beginning of /dev/log/system
I/Vold    (   78): Vold 2.1 (the revenge) firing up
E/Vold    (   78): created DirEncryptionManager
D/Vold    (   78): Volume sdcard state changing -1 (Initializing) -> 0 (No-Media)
D/Vold    (   78): Volume sda state changing -1 (Initializing) -> 0 (No-Media)
D/Vold    (   78): Volume sdb state changing -1 (Initializing) -> 0 (No-Media)
D/Vold    (   78): Volume sdc state changing -1 (Initializing) -> 0 (No-Media)
D/Vold    (   78): Volume sdd state changing -1 (Initializing) -> 0 (No-Media)
D/Vold    (   78): Volume sde state changing -1 (Initializing) -> 0 (No-Media)
D/Vold    (   78): Volume sdf state changing -1 (Initializing) -> 0 (No-Media)
I/gralloc.mali(   93): using (fd=15)
I/gralloc.mali(   93): id           = sc8810fb
I/gralloc.mali(   93): xres         = 480 px
I/gralloc.mali(   93): yres         = 800 px
I/gralloc.mali(   93): xres_virtual = 480 px
I/gralloc.mali(   93): yres_virtual = 1600 px
I/gralloc.mali(   93): bpp          = 32
I/gralloc.mali(   93): r            =  0:8
I/gralloc.mali(   93): g            =  8:8
I/gralloc.mali(   93): b            = 16:8
I/gralloc.mali(   93): width        = 45 mm (270.933319 dpi)
I/gralloc.mali(   93): height       = 75 mm (270.933319 dpi)
I/gralloc.mali(   93): refresh rate = 57.87 Hz
D/DirectVolume(   78): DirectVolume::readId -> path '/sys/devices/platform/sprd-sdhci.0/mmc_host/mmc1/mmc1:1234/block/mmcblk1/device/cid' 
D/DirectVolume(   78): DirectVolume::readId -> id '02544d5341303247049c3000d800a200' 
D/DirectVolume(   78): DirectVolume::handleDiskAdded -> mDiskMajor 179, mDiskMinor 96, NPARTS:1
D/Vold    (   78): Volume sdcard state changing 0 (No-Media) -> 2 (Pending)
D/DirectVolume(   78): DirectVolume::handlePartitionAdded -> major 179, minor 97, PARTN 1
D/Vold    (   78): Volume sdcard state changing 2 (Pending) -> 1 (Idle-Unmounted)
I/recovery(  167): Recovery image already installed 
D/libEGL  (   93): loaded /system/lib/egl/libEGL_mali.so
D/libEGL  (   93): loaded /system/lib/egl/libGLESv1_CM_mali.so
D/libEGL  (   93): loaded /system/lib/egl/libGLESv2_mali.so
I/libEGL  (   93): eglCreateWindowSurface
I/SurfaceFlinger(   93): EGL informations:
I/SurfaceFlinger(   93): # of configs : 21
I/SurfaceFlinger(   93): vendor    : Android
I/SurfaceFlinger(   93): version   : 1.4 Android META-EGL
I/SurfaceFlinger(   93): extensions: EGL_KHR_image EGL_KHR_image_base EGL_KHR_image_pixmap EGL_KHR_gl_texture_2D_image EGL_KHR_gl_texture_cubemap_image EGL_KHR_gl_renderbuffer_image EGL_KHR_fence_sync EGL_ANDROID_image_native_buffer 
I/SurfaceFlinger(   93): Client API: OpenGL ES
I/SurfaceFlinger(   93): EGLSurface: 8-8-8-8, config=0x10
I/SurfaceFlinger(   93): OpenGL informations:
I/SurfaceFlinger(   93): vendor    : ARM
I/SurfaceFlinger(   93): renderer  : Mali-300
I/SurfaceFlinger(   93): version   : OpenGL ES-CM 1.1
I/SurfaceFlinger(   93): extensions: GL_OES_byte_coordinates GL_OES_fixed_point GL_OES_single_precision GL_OES_matrix_get GL_OES_read_format GL_OES_compressed_paletted_texture GL_OES_point_size_array GL_OES_point_sprite GL_OES_texture_npot GL_OES_query_matrix GL_OES_matrix_palette GL_OES_extended_matrix_palette GL_OES_compressed_ETC1_RGB8_texture GL_OES_EGL_image GL_OES_draw_texture GL_OES_depth_texture GL_OES_packed_depth_stencil GL_EXT_texture_format_BGRA8888 GL_OES_framebuffer_object GL_OES_stencil8 GL_OES_depth24 GL_ARM_rgba8 GL_OES_EGL_image_external GL_OES_EGL_sync GL_OES_rgb8_rgba8 GL_EXT_multisampled_render_to_texture GL_OES_texture_cube_map GL_EXT_discard_framebuffer 
I/SurfaceFlinger(   93): GL_MAX_TEXTURE_SIZE = 4096
I/SurfaceFlinger(   93): GL_MAX_VIEWPORT_DIMS = 4096 x 4096
I/SurfaceFlinger(   93): flags = 00000000
E/DataRouter(  107): conntected socket:16
E/DataRouter(  107): Add monitoring socket[index2 socket:16]
D/        (  180): ModuleManager::preloadUpdateModules.
D/        (  180): [ModuleService] download config file not found.
D/        (  180): ModuleManager::preloadModules.
I/        (  179): ServiceManager: 0x1c50680
E/        (  179): WordSegService instantiate
E/        (  179): WordSegService created
E/        (  179): WordSegService r = 0/n
D/        (  180): ModuleManager::loadModule,moduleLibName = libyi_backup_module.so, autoInit = 0.
D/        (  180): ModuleManager::getModuleByName,moduleName = backup_module.
D/        (  180): [ModuleService] module:backup_module not find in loadedmodules.
D/        (  180): [ModuleService] we load original so.
D/        (  180): ModuleManager::getModuleByName,moduleName = backup_module.
D/        (  180): [ModuleService] module:backup_module not find in loadedmodules.
D/        (  180): [ModuleService] module:backup_module loaded successfully.
D/        (  180): ModuleManager::loadModule,moduleLibName = libyi_compress_module.so, autoInit = 0.
D/        (  180): ModuleManager::getModuleByName,moduleName = compress_module.
D/        (  180): [ModuleService] module:compress_module not find in loadedmodules.
D/        (  180): [ModuleService] we load original so.
D/        (  180): ModuleManager::getModuleByName,moduleName = compress_module.
D/        (  180): [ModuleService] module:compress_module not find in loadedmodules.
D/        (  180): [ModuleService] module:compress_module loaded successfully.
D/        (  180): ModuleManager::loadModule,moduleLibName = libyi_serviceext_module.so, autoInit = 1.
D/        (  180): ModuleManager::getModuleByName,moduleName = serviceext_module.
D/        (  180): [ModuleService] module:serviceext_module not find in loadedmodules.
D/        (  180): [ModuleService] we load original so.
D/        (  180): [ModuleService]original so. file serviceext_module not exiest.
E/SMD     (   88): smd Interface open failed errno is 2 -1
I/SurfaceFlinger(   93): id=1(1) createSurface 0x194a47c (480x800),4 flag=0, <pid_176?
D/libEGL  (  176): loaded /system/lib/egl/libEGL_mali.so
D/libEGL  (  176): loaded /system/lib/egl/libGLESv1_CM_mali.so
D/libEGL  (  176): loaded /system/lib/egl/libGLESv2_mali.so
I/libEGL  (  176): eglCreateWindowSurface
W/SPRDENG_PCCLIENT(  143): [13]/dev/umts_router --> /dev/pts/1
D/SPRDENG_PCCLIENT(  143): async_symlink /dev/pts/1 /dev/umts_router
D/SPRDENG_PCCLIENT(  143): async_symlink finished /dev/pts/1 /dev/umts_router
D/PHONESERVER(  140): CHNMNG: open mux:/dev/ts0710mux1 !
D/PHONESERVER(  140):  
I/logwrapper(   75): /system/xbin/busybox terminated by exit(0)
D/PHONESERVER(  140): CHNMNG: open mux:/dev/ts0710mux2 !
D/PHONESERVER(  140):  
D/PHONESERVER(  140): CHNMNG: open mux:/dev/ts0710mux3 !
D/PHONESERVER(  140):  
D/PHONESERVER(  140): CHNMNG: open mux:/dev/ts0710mux4 !
D/PHONESERVER(  140):  
D/PHONESERVER(  140): CHNMNG: open mux:/dev/ts0710mux5 !
D/PHONESERVER(  140):  
D/PHONESERVER(  140): CHNMNG: open mux:/dev/ts0710mux6 !
D/PHONESERVER(  140):  
D/PHONESERVER(  140): CHNMNG: open mux:/dev/ts0710mux7 !
D/PHONESERVER(  140):  
D/PHONESERVER(  140): CHNMNG: open mux:/dev/ts0710mux8 !
D/PHONESERVER(  140):  
D/PHONESERVER(  140): CHNMNG: open mux:/dev/ts0710mux9 !
D/PHONESERVER(  140):  
D/PHONESERVER(  140): CHNMNG: open mux:/dev/ts0710mux10 !
D/PHONESERVER(  140):  
D/PHONESERVER(  140): CHNMNG: open mux:/dev/ts0710mux11 !
D/PHONESERVER(  140):  
D/PHONESERVER(  140): CHNMNG: open mux:/dev/ts0710mux12 !
D/PHONESERVER(  140):  
D/PHONESERVER(  140): CHNMNG: open mux:/dev/ts0710mux13 !
D/PHONESERVER(  140):  
D/PHONESERVER(  140): CHNMNG: open mux:/dev/ts0710mux14 !
D/PHONESERVER(  140):  
D/PHONESERVER(  140): chnmng_find_buffer!
D/PHONESERVER(  140): CHNMNG: open mux:/dev/ts0710mux1 fd=27  !
D/PHONESERVER(  140):  
D/PHONESERVER(  140): CHNMNG: after open mux:/dev/ts0710mux1 fd=27  !
D/PHONESERVER(  140):  
D/PHONESERVER(  140): chnmng_find_buffer!
D/PHONESERVER(  140): CHNMNG: open mux:/dev/ts0710mux2 fd=28  !
D/PHONESERVER(  140):  
D/PHONESERVER(  140): CHNMNG: after open mux:/dev/ts0710mux2 fd=28  !
D/PHONESERVER(  140):  
D/PHONESERVER(  140): chnmng_find_buffer!
D/PHONESERVER(  140): CHNMNG: open mux:/dev/ts0710mux3 fd=29  !
D/PHONESERVER(  140):  
D/PHONESERVER(  140): CHNMNG: after open mux:/dev/ts0710mux3 fd=29  !
D/PHONESERVER(  140):  
D/PHONESERVER(  140): chnmng_find_buffer!
D/PHONESERVER(  140): CHNMNG: open mux:/dev/ts0710mux4 fd=30  !
D/PHONESERVER(  140):  
D/PHONESERVER(  140): CHNMNG: after open mux:/dev/ts0710mux4 fd=30  !
D/PHONESERVER(  140):  
D/PHONESERVER(  140): chnmng_find_buffer!
D/PHONESERVER(  140): CHNMNG: open mux:/dev/ts0710mux5 fd=31  !
D/PHONESERVER(  140):  
D/PHONESERVER(  140): CHNMNG: after open mux:/dev/ts0710mux5 fd=31  !
D/PHONESERVER(  140):  
D/PHONESERVER(  140): chnmng_find_buffer!
D/PHONESERVER(  140): CHNMNG: open mux:/dev/ts0710mux6 fd=32  !
D/PHONESERVER(  140):  
D/PHONESERVER(  140): CHNMNG: after open mux:/dev/ts0710mux6 fd=32  !
D/PHONESERVER(  140):  
D/PHONESERVER(  140): chnmng_find_buffer!
D/PHONESERVER(  140): CHNMNG: open mux:/dev/ts0710mux7 fd=33  !
D/PHONESERVER(  140):  
D/PHONESERVER(  140): CHNMNG: after open mux:/dev/ts0710mux7 fd=33  !
D/PHONESERVER(  140):  
D/PHONESERVER(  140): chnmng_find_buffer!
D/PHONESERVER(  140): CHNMNG: open mux:/dev/ts0710mux8 fd=34  !
D/PHONESERVER(  140):  
D/PHONESERVER(  140): CHNMNG: after open mux:/dev/ts0710mux8 fd=34  !
D/PHONESERVER(  140):  
D/PHONESERVER(  140): chnmng_find_buffer!
D/PHONESERVER(  140): CHNMNG: open mux:/dev/ts0710mux9 fd=35  !
D/PHONESERVER(  140):  
D/PHONESERVER(  140): CHNMNG: after open mux:/dev/ts0710mux9 fd=35  !
D/PHONESERVER(  140):  
D/PHONESERVER(  140): chnmng_find_buffer!
D/PHONESERVER(  140): CHNMNG: open mux:/dev/ts0710mux10 fd=36  !
D/PHONESERVER(  140):  
D/PHONESERVER(  140): CHNMNG: after open mux:/dev/ts0710mux10 fd=36  !
D/PHONESERVER(  140):  
D/PHONESERVER(  140): PS_PTY also be cleared before pty_clear_wait_resp_flag pty:(null)
D/PHONESERVER(  140): PS_PTY also be cleared before pty_clear_wait_resp_flag pty:(null)
D/PHONESERVER(  140): PS_PTY also be cleared before pty_clear_wait_resp_flag pty:(null)
D/PHONESERVER(  140): PS_PTY also be cleared before pty_clear_wait_resp_flag pty:(null)
D/PHONESERVER(  140): PS_PTY also be cleared before pty_clear_wait_resp_flag pty:(null)
D/PHONESERVER(  140): PS_PTY also be cleared before pty_clear_wait_resp_flag pty:(null)
D/PHONESERVER(  140): CHNMNG:to open /dev/ptmx !
D/PHONESERVER(  140): CHNMNG:/dev/ptmx opened!
D/PHONESERVER(  140): CHNMNG:/dev/ptmx opened rett=0 ptn=0!
D/PHONESERVER(  140): CHNMNG get pty OK mpty=37!
D/PHONESERVER(  140): async_symlink /dev/pts/0 /dev/CHNPTY0
E/SMD     (   88): smd Interface is open with 0xb
E/SMD     (   88): smd Interface is open with 0xb
E/SMD     (   88): m_setparms
E/SMD     (   88): [115200:8N1]
E/SMD     (   88): [S/W flow control : off]
E/SMD     (   88): [H/W flow control : off]
E/SMD     (   88): -
E/SMD     (   88): [*] dr_smd_ril_open_client sucess 1d0c340
E/SMD     (   88): [dr_smd_ril_init] dr_smd_ril_open_client successful 
E/SMD     (   88): [*] RegisterUnsolicitedHandler() successfully done 
E/SMD     (   88): [dr_smd_ril_init] dr_smd_ril_register_UnSol_Hdlr successful 
E/SMD     (   88): [*] Connect_RILD()  done 
E/SMD     (   88): [dr_smd_ril_init] dr_smd_ril_Connect successful 
E/SMD     (   88): [dr_smd_ril_init] dr_smd_ril_Connect successful 
E/SMD     (   88): [dr_smd_ril_init] successful 
E/SMD     (   88): Data Routerdr_smd_ril_init Successfully done  
E/SMD     (   88): start pin ctrl to use secril
E/DataRouter(  107): conntected socket:17
E/DataRouter(  107): Add monitoring socket[index3 socket:17]
E/SMD     (   88): Before the Modem Read select 
I/        (   96): ServiceManager: 0x17d7488
E/SamsungPowerSound(  178): -------- SamsungPowerSoundPlayer Constuctor ---------
I/ServiceManager(  178): Waiting for service media.audio_policy...
V/AudioHardwareALSA(   96): libsecril-client.so is loaded
W/ALSAModule(   96): alsa release [ incall ] partial wake lock
W/ALSAModule(   96): alsa release [ playback ] partial wake lock
W/ALSAModule(   96): alsa release [ capture ] partial wake lock
W/ALSAModule(   96): [ clear ] sync2ril pipe start ...
W/ALSAModule(   96): [ clear ] sync2ril pipe done ...
W/ALSAModule(   96): OOOOO ^-^ OOOOO: cp_type=0 :OOOOO ^-^ OOOOO
W/ALSAModule(   96): mmi_audio_loop_thread waiting for new command
E/DataRouter(  107): After the usb select 
E/DataRouter(  107): read usb data[len:1]
E/DataRouter(  107): read usb data message:A
E/DataRouter(  107): Before the usb select 
D/connfw  (   91): [DR->CONNFW]Received data notification
D/connfw  (   91): NOT DEFINE
D/connfw  (   91): Message:A
E/DTT     (   89): [DR->DTT]Received data notification
E/DTT     (   89): NOT DEFINE
E/DTT     (   89): Message:A
D/Kies    (   87): [DR->KIES]Received data notification
D/Kies    (   87): NOT DEFINE
D/Kies    (   87): Message:A
E/SMD     (   88): ***Received data notification[DR->SMD]***
E/SMD     (   88): Message:A
E/SMD     (   88): Sending data to SMD: Len = [1]
E/SMD     (   88):  buffer = [A]
E/DataRouter(  107): [socket:14]******* Received data notification *******
E/DataRouter(  107): [socket:15]******* Received data notification *******
E/DataRouter(  107): [socket:16]******* Received data notification *******
E/SMD     (   88): Wrote 1 chars to SMD PORT fd=11 ch = 41
E/DataRouter(  107): After the usb select 
E/DataRouter(  107): read usb data[len:1]
E/DataRouter(  107): read usb data message:T
E/DataRouter(  107): Before the usb select 
D/connfw  (   91): [DR->CONNFW]Received data notification
D/connfw  (   91): NOT DEFINE
D/connfw  (   91): Message:T
E/DTT     (   89): [DR->DTT]Received data notification
E/DTT     (   89): NOT DEFINE
E/DTT     (   89): Message:T
D/Kies    (   87): [DR->KIES]Received data notification
D/Kies    (   87): NOT DEFINE
D/Kies    (   87): Message:T
E/SMD     (   88): ***Received data notification[DR->SMD]***
E/SMD     (   88): Message:T
E/SMD     (   88): Sending data to SMD: Len = [1]
E/SMD     (   88):  buffer = [T]
E/DataRouter(  107): [socket:14]******* Received data notification *******
E/DataRouter(  107): [socket:15]******* Received data notification *******
E/DataRouter(  107): [socket:16]******* Received data notification *******
E/SMD     (   88): Wrote 1 chars to SMD PORT fd=11 ch = 54
D/LVVE_Engine(   96): LVVE_Engine::setDebugMode(): debugMode=[1]
D/LVVE_Engine(   96): LVVE_Engine::setMode(): mode=[0]
I/AudioFlinger(   96): Loaded primary audio interface from LEGACY Audio HW HAL (audio)
I/AudioFlinger(   96): Using 'LEGACY Audio HW HAL' (audio.primary) as the primary audio interface
I/AudioFlinger(   96): Loaded a2dp audio interface from A2DP Audio HW HAL (audio)
D/AudioHardwareALSA(   96): setMode called to enable voice path mode=0 mMode=0
V/AudioHardwareALSA(   96): AudioHardwareALSA::setRxMute state : 0 force : 1 
V/AudioHardwareALSA(   96): ### incall mode SetRxMute0, returnVal 0
W/AudioHardwareALSA(   96): 7777777777777777 setMasterVolume called for devices 00000000 in mode 0...
V/MediaPlayerService(   96): MediaPlayerService created
I/CameraService(   96): CameraService started (pid=96)
E/DataRouter(  107): After the usb select 
E/DataRouter(  107): read usb data[len:1]
E/DataRouter(  107): read usb data message:

E/DataRouter(  107): Before the usb select 
D/connfw  (   91): [DR->CONNFW]Received data notification
D/connfw  (   91): NOT DEFINE
D/connfw  (   91): Message:

E/DTT     (   89): [DR->DTT]Received data notification
E/DTT     (   89): NOT DEFINE
E/DTT     (   89): Message:

D/Kies    (   87): [DR->KIES]Received data notification
D/Kies    (   87): NOT DEFINE
D/Kies    (   87): Message:

E/SMD     (   88): ***Received data notification[DR->SMD]***
E/SMD     (   88): Message:

E/SMD     (   88): Sending data to SMD: Len = [1]
E/SMD     (   88):  buffer = [
]
E/DataRouter(  107): [socket:14]******* Received data notification *******
E/DataRouter(  107): [socket:15]******* Received data notification *******
E/DataRouter(  107): [socket:16]******* Received data notification *******
E/SMD     (   88): After the Modem Read select 
E/SMD     (   88): Read 7 chars from SMD Modem file fd = 11
E/SMD     (   88):  Message: desterr
E/SMD     (   88): Before the Modem Read select 
E/DataRouter(  107): [socket:17]******* Received data notification *******
E/DataRouter(  107): [socket:17]read socket data[len:7]
E/DataRouter(  107): [socket:17]read socket data[message:desterr
E/SMD     (   88): Wrote 1 chars to SMD PORT fd=11 ch = d
V/SprdCameraHardware(   96): int android::HAL_getNumberOfCameras()
V/SprdCameraHardware(   96): HAL_getNumberOfCameras,1.
V/AudioPolicyService(   96): AudioCommandThread() going to sleep
V/AudioPolicyService(   96): AudioCommandThread() going to sleep
V/AudioFlinger(   96): registerClient() client 0x1852a90, pid 96
V/AudioFlinger(   96): openOutput(), Device 2, SamplingRate 0, Format 0, Channels 0, flags 0
D/AudioHardwareALSA(   96): openOutputStream called for devices: 0x00000002
W/AudioHardwareALSA(   96): 3333333333333333 s_open openOutputStream called for devices 00000002 in mode 0...
W/ALSAModule(   96): s_open reentrant protecting try lock
W/ALSAModule(   96): s_open reentrant protecting got lock
W/ALSAModule(   96): luther don't need to wait for cp....
W/ALSAModule(   96): oooooooooooooooo s_open Enter incall=0
W/ALSAModule(   96): s_open got lock1
W/ALSAModule(   96): s_open try to get lock2 ... mLockMode=1
W/ALSAModule(   96): s_open try count is 0
W/ALSAModule(   96): s_open got lock2, yeah
W/ALSAModule(   96): alsa aquire [ playback ] partial wake lock
W/ALSAModule(   96): open called for devices 00000002 in mode 0...[incall=0]
W/ALSAModule(   96): =================================================================================
W/ALSAModule(   96): xxxxxxxxxxxxxxxxxxx Exit phone call & Force reset audio codec xxxxxxxxxxxxxxxxxxx
W/ALSAModule(   96): =================================================================================
D/LibQmg_native(   94): register_android_app_LibQmg
I/SamplingProfilerIntegration(   94): Profiling disabled.
I/Zygote  (   94): !@beginofpreloadClasses()
I/Zygote  (   94): !@beginofpreloadResources()
D/dalvikvm(   94): GC_EXPLICIT freed 36K, 82% free 478K/2560K, paused 1ms+1ms
I/Zygote  (   94): Preloading classes...
D/dalvikvm(   94): GC_EXPLICIT freed 3K, 81% free 488K/2560K, paused 1ms+1ms
I/Zygote  (   94): Preloading resources...
I/Zygote  (   94): ...preloaded 0 resources in 0ms.
I/ServiceManager(  178): Waiting for service media.audio_policy...
I/Zygote  (   94): ...preloaded 31 resources in 83ms.
I/Zygote  (   94): !@End of preloadResources()
D/dalvikvm(   94): GC_FOR_ALLOC freed 112K, 66% free 888K/2560K, paused 6ms
D/MFSERIAL(  104): open mux0 device.
D/MFSERIAL(  104): open mux11 device.
W/ALSAModule(   96): alsa release [ incall ] partial wake lock
W/ALSAModule(   96): [ clear ] sync2ril pipe start ...
W/ALSAModule(   96): [ clear ] sync2ril pipe done ...
V/ALSAModule(   96): initially, setHardwareParams: buffer size: 882, latency: 200000
V/ALSAModule(   96): Set PLAYBACK PCM format to S16_LE (Signed 16 bit Little Endian)
V/ALSAModule(   96): Using 2 channels for PLAYBACK.
V/ALSAModule(   96): Set PLAYBACK sample rate to 44100 HZ
V/ALSAModule(   96): snd_pcm_hw_params_set_buffer_size_near: get buffer size: 960
V/ALSAModule(   96): snd_pcm_hw_params_set_buffer_time_near: get latency: 21768
V/ALSAModule(   96): finally, setHardwareParams: snd_pcm_get_params: buffer time: 21768, buffer size: 960, period time: 3628, period size: 160
I/ALSAModule(   96): Initialized ALSA PLAYBACK device AndroidPlayback_Speaker_normal
I/ALSAModule(   96): alsa-phone audio all PA off .....
W/ALSAModule(   96): audio_tune_hw4app_write2hardware No Application works on tune, we will use default nv item <12,music>
W/ALSAModule(   96): audio_tune_hw4app_write2hardware can't locate the right mFactoryRouteRCVMode [0]
W/ALSAModule(   96): audio_tune_hw4app_write2hardware will apply [12,music] vol_type0, vol_level1, eq_type0, device_mode3 to audio hardware
D/MFSERIAL(  104): Thread mux_reader_thread start: AT resp reader
D/MFSERIAL(  104): Thread mux_reader_thread start: Unsol resp reader
W/ALSAModule(   96): [ Open ] s_audio_path_route to mode=0 BeingMode=0 0x00000002
W/ALSAModule(   96): alsa-phone ringtone special process, speaker to 1 later
W/ALSAModule(   96): alsa release [ playback ] partial wake lock
W/ALSAModule(   96): s_open release lock mLockMode=0
W/ALSAModule(   96): qqqqqqqqqqqqqqqq s_open Exit
D/SoundBooster(   96): SoundBoosterInit(): sampleRate=44100
D/LVVE_Engine(   96): LVVEFS_Rx_Command LVVEFS_COMMAND_RESET returns success
W/AudioHardwareALSA(   96): alsa streamout constructor
V/AudioFlinger(   96): openOutput() openOutputStream returned output 0x1852ae8, SamplingRate 44100, Format 1, Channels 3, status 0
W/AudioHardwareALSA(   96): ALSAStreamOps::bufferSize(): bufferSize: 960, periodSize: 160, channels: 2
W/AudioHardwareALSA(   96): ALSAStreamOps::bufferSize(): return bytes = 3840
I/AudioMixer(   96): AudioMixer::AudioMixer  (960, 44100)
I/AudioFlinger(   96): AudioFlinger::openOutput() created mixer output: ID 1 thread 0x185f768
W/AudioHardwareALSA(   96): alsa CTS latency lowered to 9000 from 21768
V/AudioFlinger(   96): PlaybackThread::audioConfigChanged_l, thread 0x185f768, event 0, param 0
W/AudioHardwareALSA(   96): alsa CTS latency lowered to 9000 from 21768
V/AudioPolicyManagerBase(   96): AudioPolicyManagerBase::setOutputDevice() output 1 device 2 delayMs 0
V/AudioPolicyService(   96): inserting command: 3 at index 0, num commands 0
V/AudioPolicyService(   96): AudioCommandThread() adding set parameter string routing=2, io 1 ,delay 0
V/AudioPolicyService(   96): AudioCommandThread() waking up
V/AudioPolicyService(   96): AudioCommandThread() processing set parameters string routing=2, io 1
V/AudioFlinger(   96): setParameters(): io 1, keyvalue routing=2, tid 226, calling tid 96
V/AudioFlinger(   96): ThreadBase::setParameters() routing=2
I/AudioFlinger(   96): AudioFlinger's thread 0x185f768 ready to run
W/AudioHardwareALSA(   96): alsa CTS latency lowered to 9000 from 21768
W/AudioFlinger(   96): Thread AudioOut_1 cannot connect to the power manager service
D/AudioHardwareALSA(   96): ALSAStreamOps::setParameters() routing=2
W/AudioHardwareALSA(   96): 2222222222222222 s_route setParameters called for devices 00000002 in mode 0...
W/ALSAModule(   96): route called for devices 00000002 in mode 0...
W/ALSAModule(   96): the same, direct return
D/LVVE_Engine(   96): LVVE_Engine::setDevice(): device=[2]
D/LVVE_Engine(   96): LVVE_Engine::setDevice(): 22222  device=[2]
V/AudioPolicyService(   96): AudioCommandThread() going to sleep
V/AudioPolicyManagerBase(   96): applyStreamVolumes() for output 1 and device 2
V/AudioPolicyManagerBase(   96): setStreamVolume() for output 1 stream 0, volume 76.000000, delay 0
V/AudioPolicyService(   96): inserting command: 2 at index 0, num commands 0
V/AudioPolicyService(   96): AudioCommandThread() adding set volume stream 0, volume 75.250000, output 1
V/AudioPolicyService(   96): AudioCommandThread() waking up
V/AudioPolicyService(   96): AudioCommandThread() processing set volume stream 0,                             volume 75.250000, output 1
V/AudioPolicyService(   96): AudioCommandThread() going to sleep
V/AudioPolicyService(   96): inserting command: 4 at index 0, num commands 0
V/AudioPolicyService(   96): AudioCommandThread() adding set voice volume volume 1.000000
V/AudioPolicyService(   96): AudioCommandThread() waking up
V/AudioPolicyService(   96): AudioCommandThread() processing set voice volume volume 1.000000
D/AudioHardwareALSA(   96): setVoiceVolume=1.000000
V/AudioPolicyService(   96): AudioCommandThread() going to sleep
V/AudioPolicyManagerBase(   96): setStreamVolume() for output 1 stream 1, volume 76.000000, delay 0
V/AudioPolicyService(   96): inserting command: 2 at index 0, num commands 0
V/AudioPolicyService(   96): AudioCommandThread() adding set volume stream 1, volume 76.000000, output 1
V/AudioPolicyService(   96): AudioCommandThread() waking up
V/AudioPolicyService(   96): AudioCommandThread() processing set volume stream 1,                             volume 76.000000, output 1
V/AudioPolicyService(   96): AudioCommandThread() going to sleep
V/AudioPolicyManagerBase(   96): setStreamVolume() for output 1 stream 2, volume 76.000000, delay 0
V/AudioPolicyService(   96): inserting command: 2 at index 0, num commands 0
V/AudioPolicyService(   96): AudioCommandThread() adding set volume stream 2, volume 76.000000, output 1
V/AudioPolicyService(   96): AudioCommandThread() waking up
V/AudioPolicyService(   96): AudioCommandThread() processing set volume stream 2,                             volume 76.000000, output 1
V/AudioPolicyService(   96): AudioCommandThread() going to sleep
V/AudioPolicyManagerBase(   96): getNewDevice() selected device 0
V/AudioPolicyManagerBase(   96): getDeviceForStrategy() from cache strategy 0, device 0
D/AudioPolicyManagerBase(   96): return MUSIC_SPK index=1
V/AudioPolicyManagerBase(   96): setStreamVolume() for output 1 stream 3, volume 55.000000, delay 0
V/AudioPolicyService(   96): inserting command: 2 at index 0, num commands 0
V/AudioPolicyService(   96): AudioCommandThread() adding set volume stream 3, volume 55.000000, output 1
V/AudioPolicyService(   96): AudioCommandThread() waking up
V/AudioPolicyService(   96): AudioCommandThread() processing set volume stream 3,                             volume 55.000000, output 1
V/AudioPolicyService(   96): AudioCommandThread() going to sleep
V/AudioPolicyManagerBase(   96): getNewDevice() selected device 0
V/AudioPolicyManagerBase(   96): getDeviceForStrategy() from cache strategy 0, device 0
V/AudioPolicyManagerBase(   96): setStreamVolume() for output 1 stream 4, volume 76.000000, delay 0
V/AudioPolicyService(   96): inserting command: 2 at index 0, num commands 0
V/AudioPolicyService(   96): AudioCommandThread() adding set volume stream 4, volume 76.000000, output 1
V/AudioPolicyService(   96): AudioCommandThread() waking up
V/AudioPolicyService(   96): AudioCommandThread() processing set volume stream 4,                             volume 76.000000, output 1
V/AudioPolicyService(   96): AudioCommandThread() going to sleep
V/AudioPolicyManagerBase(   96): setStreamVolume() for output 1 stream 5, volume 75.000000, delay 0
V/AudioPolicyService(   96): inserting command: 2 at index 0, num commands 0
V/AudioPolicyService(   96): AudioCommandThread() adding set volume stream 5, volume 75.000000, output 1
V/AudioPolicyService(   96): AudioCommandThread() waking up
V/AudioPolicyService(   96): AudioCommandThread() processing set volume stream 5,                             volume 75.000000, output 1
V/AudioPolicyService(   96): AudioCommandThread() going to sleep
V/AudioPolicyManagerBase(   96): checkAndSetVolume() cannot set stream 6 volume with force use = 0 for comm
V/AudioPolicyManagerBase(   96): setStreamVolume() for output 1 stream 7, volume 72.000000, delay 0
V/AudioPolicyService(   96): inserting command: 2 at index 0, num commands 0
V/AudioPolicyService(   96): AudioCommandThread() adding set volume stream 7, volume 72.000000, output 1
V/AudioPolicyService(   96): AudioCommandThread() waking up
V/AudioPolicyService(   96): AudioCommandThread() processing set volume stream 7,                             volume 72.000000, output 1
V/AudioPolicyService(   96): AudioCommandThread() going to sleep
V/AudioPolicyManagerBase(   96): setStreamVolume() for output 1 stream 8, volume 1.000000, delay 0
V/AudioPolicyService(   96): inserting command: 2 at index 0, num commands 0
V/AudioPolicyService(   96): AudioCommandThread() adding set volume stream 8, volume 1.000000, output 1
V/AudioPolicyService(   96): AudioCommandThread() waking up
V/AudioPolicyService(   96): AudioCommandThread() processing set volume stream 8,                             volume 1.000000, output 1
V/AudioPolicyService(   96): AudioCommandThread() going to sleep
V/AudioPolicyManagerBase(   96): getNewDevice() selected device 0
V/AudioPolicyManagerBase(   96): getDeviceForStrategy() from cache strategy 0, device 0
D/AudioPolicyManagerBase(   96): return MUSIC_SPK index=1
V/AudioPolicyManagerBase(   96): setStreamVolume() for output 1 stream 9, volume 55.000000, delay 0
V/AudioPolicyService(   96): inserting command: 2 at index 0, num commands 0
V/AudioPolicyService(   96): AudioCommandThread() adding set volume stream 9, volume 55.000000, output 1
V/AudioPolicyService(   96): AudioCommandThread() waking up
V/AudioPolicyService(   96): AudioCommandThread() processing set volume stream 9,                             volume 55.000000, output 1
V/AudioPolicyService(   96): AudioCommandThread() going to sleep
V/AudioPolicyManagerBase(   96): getNewDevice() selected device 0
V/AudioPolicyManagerBase(   96): getDeviceForStrategy() from cache strategy 0, device 0
D/AudioPolicyManagerBase(   96): return MUSIC_SPK index=1
V/AudioPolicyManagerBase(   96): setStreamVolume() for output 1 stream 10, volume 1.000000, delay 0
V/AudioPolicyService(   96): inserting command: 2 at index 0, num commands 0
V/AudioPolicyService(   96): AudioCommandThread() adding set volume stream 10, volume 1.000000, output 1
V/AudioPolicyService(   96): AudioCommandThread() waking up
V/AudioPolicyService(   96): AudioCommandThread() processing set volume stream 10,                             volume 1.000000, output 1
V/AudioPolicyService(   96): AudioCommandThread() going to sleep
V/AudioPolicyManagerBase(   96): setStreamVolume() for output 1 stream 11, volume 76.000000, delay 0
V/AudioPolicyService(   96): inserting command: 2 at index 0, num commands 0
V/AudioPolicyService(   96): AudioCommandThread() adding set volume stream 11, volume 76.000000, output 1
V/AudioPolicyService(   96): AudioCommandThread() waking up
V/AudioPolicyService(   96): AudioCommandThread() processing set volume stream 11,                             volume 76.000000, output 1
V/AudioPolicyService(   96): AudioCommandThread() going to sleep
V/AudioPolicyManagerBase(   96): setStreamVolume() for output 1 stream 12, volume 76.000000, delay 0
V/AudioPolicyService(   96): inserting command: 2 at index 0, num commands 0
V/AudioPolicyService(   96): AudioCommandThread() adding set volume stream 12, volume 76.000000, output 1
V/AudioPolicyService(   96): AudioCommandThread() waking up
V/AudioPolicyService(   96): AudioCommandThread() processing set volume stream 12,                             volume 76.000000, output 1
V/AudioPolicyService(   96): AudioCommandThread() going to sleep
V/AudioPolicyManagerBase(   96): getNewDevice() selected device 0
V/AudioPolicyManagerBase(   96): getDeviceForStrategy() from cache strategy 0, device 0
D/AudioPolicyManagerBase(   96): return MUSIC_SPK index=1
V/AudioPolicyManagerBase(   96): getNewDevice() selected device 0
V/AudioPolicyManagerBase(   96): getDeviceForStrategy() from cache strategy 0, device 0
V/AudioPolicyManagerBase(   96): getNewDevice() selected device 0
V/AudioPolicyManagerBase(   96): getDeviceForStrategy() from cache strategy 0, device 0
D/AudioPolicyManagerBase(   96): return MUSIC_SPK index=1
V/AudioPolicyManagerBase(   96): getNewDevice() selected device 0
V/AudioPolicyManagerBase(   96): getDeviceForStrategy() from cache strategy 0, device 0
D/AudioPolicyManagerBase(   96): return MUSIC_SPK index=1
V/AudioPolicyManagerBase(   96): getDeviceForStrategy() strategy 0, device 2
V/AudioPolicyManagerBase(   96): getDeviceForStrategy() strategy 1, device 1
V/AudioPolicyManagerBase(   96): getDeviceForStrategy() strategy 2, device 2
V/AudioPolicyManagerBase(   96): getDeviceForStrategy() strategy 0, device 2
V/AudioPolicyManagerBase(   96): getDeviceForStrategy() strategy 3, device 2
V/AudioPolicyManagerBase(   96): getDeviceForStrategy() strategy 4, device 2
V/AudioFlinger(   96): Audio hardware entering standby, mixer 0x185f768, mSuspended 0
D/LVVE_Engine(   96): LVVEFS_Rx_Command LVVEFS_COMMAND_RESET returns success
W/AudioHardwareALSA(   96): AudioStreamOutALSA::standby snd_pcm_drain start ...
W/AudioHardwareALSA(   96): AudioStreamOutALSA::standby snd_pcm_drain finish ...
V/AudioFlinger(   96): MixerThread 0x185f768 TID 233 going to sleep
D/Audio_Control_CSC(   96): get_CS_ISO_Code country_code = CN
D/Audio_Control_CSC(   96): checkCSCAndSetSysProperty() mark property to audio.country when including SalesCodes
D/Audio_Control_CSC(   96): get_CS_ISO_Code country_code = CN
D/Audio_Control_CSC(   96): checkCSCAndSetSysProperty()_mCount = 3, mValue_salescode = CHM
D/Audio_Control_CSC(   96): checkCSCAndSetSysProperty()_gEPSalesCodes = SPR
D/Audio_Control_CSC(   96): checkCSCAndSetSysProperty()_gEPSalesCodes = VMU
D/Audio_Control_CSC(   96): checkCSCAndSetSysProperty()_gEPSalesCodes = BST
D/Audio_Control_CSC(   96): getCameraShutterOn()_mbIsShutterOn = 1
