D/PHONESERVER(  148): CHNMNG get pty OK mpty=43!
D/PHONESERVER(  148): async_symlink /dev/pts/5 /dev/CHNPTY3
I/SurfaceFlinger(   96): id=1 Removed <pid_172? idx=0 Map Size=0
I/SurfaceFlinger(   96): id=1 Removed <pid_172? idx=-2 Map Size=0
W/Zygote  (   97): Waiting for PC Thread to complete loading
W/Zygote  (   97): Waiting for PC Thread to complete loading
W/Zygote  (   97): Waiting for PC Thread to complete loading
W/Zygote  (   97): Waiting for PC Thread to complete loading
W/Zygote  (   97): Waiting for PC Thread to complete loading
W/Zygote  (   97): Waiting for PC Thread to complete loading
W/Zygote  (   97): Waiting for PC Thread to complete loading
W/Zygote  (   97): Waiting for PC Thread to complete loading
W/Zygote  (   97): Waiting for PC Thread to complete loading
W/Zygote  (   97): Waiting for PC Thread to complete loading
W/Zygote  (   97): Waiting for PC Thread to complete loading
W/Zygote  (   97): Waiting for PC Thread to complete loading
W/Zygote  (   97): Waiting for PC Thread to complete loading
W/Zygote  (   97): Waiting for PC Thread to complete loading
W/Zygote  (   97): Waiting for PC Thread to complete loading
W/Zygote  (   97): Waiting for PC Thread to complete loading
W/Zygote  (   97): Waiting for PC Thread to complete loading
W/Zygote  (   97): Waiting for PC Thread to complete loading
W/Zygote  (   97): Waiting for PC Thread to complete loading
W/Zygote  (   97): Waiting for PC Thread to complete loading
W/Zygote  (   97): Waiting for PC Thread to complete loading
W/Zygote  (   97): Waiting for PC Thread to complete loading
W/Zygote  (   97): Waiting for PC Thread to complete loading
W/Zygote  (   97): Waiting for PC Thread to complete loading
W/Zygote  (   97): Waiting for PC Thread to complete loading
W/Zygote  (   97): Waiting for PC Thread to complete loading
W/Zygote  (   97): Waiting for PC Thread to complete loading
W/Zygote  (   97): Waiting for PC Thread to complete loading
W/Zygote  (   97): Waiting for PC Thread to complete loading
W/Zygote  (   97): Waiting for PC Thread to complete loading
W/Zygote  (   97): Waiting for PC Thread to complete loading
W/Zygote  (   97): Waiting for PC Thread to complete loading
W/Zygote  (   97): Waiting for PC Thread to complete loading
W/Zygote  (   97): Waiting for PC Thread to complete loading
W/Zygote  (   97): Waiting for PC Thread to complete loading
W/Zygote  (   97): Waiting for PC Thread to complete loading
W/Zygote  (   97): Waiting for PC Thread to complete loading
W/Zygote  (   97): Waiting for PC Thread to complete loading
W/Zygote  (   97): Waiting for PC Thread to complete loading
W/Zygote  (   97): Waiting for PC Thread to complete loading
W/Zygote  (   97): Waiting for PC Thread to complete loading
W/Zygote  (   97): Waiting for PC Thread to complete loading
W/Zygote  (   97): Waiting for PC Thread to complete loading
W/Zygote  (   97): Waiting for PC Thread to complete loading
W/Zygote  (   97): Waiting for PC Thread to complete loading
W/Zygote  (   97): Waiting for PC Thread to complete loading
W/Zygote  (   97): Waiting for PC Thread to complete loading
W/Zygote  (   97): Waiting for PC Thread to complete loading
W/Zygote  (   97): Waiting for PC Thread to complete loading
W/Zygote  (   97): Waiting for PC Thread to complete loading
W/Zygote  (   97): Waiting for PC Thread to complete loading
W/Zygote  (   97): Waiting for PC Thread to complete loading
W/Zygote  (   97): Waiting for PC Thread to complete loading
W/Zygote  (   97): Waiting for PC Thread to complete loading
W/Zygote  (   97): Waiting for PC Thread to complete loading
W/Zygote  (   97): Waiting for PC Thread to complete loading
W/Zygote  (   97): Waiting for PC Thread to complete loading
W/Zygote  (   97): Waiting for PC Thread to complete loading
W/Zygote  (   97): Waiting for PC Thread to complete loading
W/Zygote  (   97): Waiting for PC Thread to complete loading
W/Zygote  (   97): Waiting for PC Thread to complete loading
W/Zygote  (   97): Waiting for PC Thread to complete loading
W/Zygote  (   97): Waiting for PC Thread to complete loading
W/Zygote  (   97): Waiting for PC Thread to complete loading
W/Zygote  (   97): Waiting for PC Thread to complete loading
W/Zygote  (   97): Waiting for PC Thread to complete loading
W/Zygote  (   97): Waiting for PC Thread to complete loading
W/Zygote  (   97): Waiting for PC Thread to complete loading
W/Zygote  (   97): Waiting for PC Thread to complete loading
W/Zygote  (   97): Waiting for PC Thread to complete loading
W/Zygote  (   97): Waiting for PC Thread to complete loading
W/Zygote  (   97): Waiting for PC Thread to complete loading
W/Zygote  (   97): Waiting for PC Thread to complete loading
W/Zygote  (   97): Waiting for PC Thread to complete loading
W/Zygote  (   97): Waiting for PC Thread to complete loading
W/Zygote  (   97): Waiting for PC Thread to complete loading
W/Zygote  (   97): Waiting for PC Thread to complete loading
W/Zygote  (   97): Waiting for PC Thread to complete loading
W/Zygote  (   97): Waiting for PC Thread to complete loading
W/Zygote  (   97): Waiting for PC Thread to complete loading
W/Zygote  (   97): Waiting for PC Thread to complete loading
W/Zygote  (   97): Waiting for PC Thread to complete loading
W/Zygote  (   97): Waiting for PC Thread to complete loading
W/Zygote  (   97): Waiting for PC Thread to complete loading
W/Zygote  (   97): Waiting for PC Thread to complete loading
W/Zygote  (   97): Waiting for PC Thread to complete loading
W/Zygote  (   97): Waiting for PC Thread to complete loading
W/Zygote  (   97): Waiting for PC Thread to complete loading
W/Zygote  (   97): Waiting for PC Thread to complete loading
W/Zygote  (   97): Waiting for PC Thread to complete loading
W/Zygote  (   97): Waiting for PC Thread to complete loading
W/Zygote  (   97): Waiting for PC Thread to complete loading
W/Zygote  (   97): Waiting for PC Thread to complete loading
W/Zygote  (   97): Waiting for PC Thread to complete loading
W/Zygote  (   97): Waiting for PC Thread to complete loading
W/Zygote  (   97): Waiting for PC Thread to complete loading
W/Zygote  (   97): Waiting for PC Thread to complete loading
D/PHONESERVER(  148): async_symlink finished /dev/pts/5 /dev/CHNPTY3
D/PHONESERVER(  148): chnmng_find_buffer!
D/PHONESERVER(  148): CHNMNG:to open /dev/ptmx !
D/PHONESERVER(  148): CHNMNG:/dev/ptmx opened!
D/PHONESERVER(  148): CHNMNG:/dev/ptmx opened rett=0 ptn=6!
D/PHONESERVER(  148): CHNMNG get pty OK mpty=45!
D/PHONESERVER(  148): async_symlink /dev/pts/6 /dev/CHNPTY12
W/Zygote  (   97): Waiting for PC Thread to complete loading
W/Zygote  (   97): Waiting for PC Thread to complete loading
W/Zygote  (   97): Waiting for PC Thread to complete loading
W/Zygote  (   97): Waiting for PC Thread to complete loading
W/Zygote  (   97): Waiting for PC Thread to complete loading
W/Zygote  (   97): Waiting for PC Thread to complete loading
W/Zygote  (   97): Waiting for PC Thread to complete loading
W/Zygote  (   97): Waiting for PC Thread to complete loading
W/Zygote  (   97): Waiting for PC Thread to complete loading
W/Zygote  (   97): Waiting for PC Thread to complete loading
W/Zygote  (   97): Waiting for PC Thread to complete loading
W/Zygote  (   97): Waiting for PC Thread to complete loading
W/Zygote  (   97): Waiting for PC Thread to complete loading
W/Zygote  (   97): Waiting for PC Thread to complete loading
W/Zygote  (   97): Waiting for PC Thread to complete loading
W/Zygote  (   97): Waiting for PC Thread to complete loading
W/Zygote  (   97): Waiting for PC Thread to complete loading
W/Zygote  (   97): Waiting for PC Thread to complete loading
W/Zygote  (   97): Waiting for PC Thread to complete loading
W/Zygote  (   97): Waiting for PC Thread to complete loading
W/Zygote  (   97): Waiting for PC Thread to complete loading
W/Zygote  (   97): Waiting for PC Thread to complete loading
W/Zygote  (   97): Waiting for PC Thread to complete loading
W/Zygote  (   97): Waiting for PC Thread to complete loading
W/Zygote  (   97): Waiting for PC Thread to complete loading
W/Zygote  (   97): Waiting for PC Thread to complete loading
W/Zygote  (   97): Waiting for PC Thread to complete loading
W/Zygote  (   97): Waiting for PC Thread to complete loading
W/Zygote  (   97): Waiting for PC Thread to complete loading
W/Zygote  (   97): Waiting for PC Thread to complete loading
W/Zygote  (   97): Waiting for PC Thread to complete loading
W/Zygote  (   97): Waiting for PC Thread to complete loading
W/Zygote  (   97): Waiting for PC Thread to complete loading
W/Zygote  (   97): Waiting for PC Thread to complete loading
W/Zygote  (   97): Waiting for PC Thread to complete loading
W/Zygote  (   97): Waiting for PC Thread to complete loading
W/Zygote  (   97): Waiting for PC Thread to complete loading
W/Zygote  (   97): Waiting for PC Thread to complete loading
W/Zygote  (   97): Waiting for PC Thread to complete loading
W/Zygote  (   97): Waiting for PC Thread to complete loading
W/Zygote  (   97): Waiting for PC Thread to complete loading
W/Zygote  (   97): Waiting for PC Thread to complete loading
W/Zygote  (   97): Waiting for PC Thread to complete loading
W/Zygote  (   97): Waiting for PC Thread to complete loading
W/Zygote  (   97): Waiting for PC Thread to complete loading
W/Zygote  (   97): Waiting for PC Thread to complete loading
W/Zygote  (   97): Waiting for PC Thread to complete loading
W/Zygote  (   97): Waiting for PC Thread to complete loading
W/Zygote  (   97): Waiting for PC Thread to complete loading
W/Zygote  (   97): Waiting for PC Thread to complete loading
W/Zygote  (   97): Waiting for PC Thread to complete loading
W/Zygote  (   97): Waiting for PC Thread to complete loading
W/Zygote  (   97): Waiting for PC Thread to complete loading
W/Zygote  (   97): Waiting for PC Thread to complete loading
W/Zygote  (   97): Waiting for PC Thread to complete loading
W/Zygote  (   97): Waiting for PC Thread to complete loading
W/Zygote  (   97): Waiting for PC Thread to complete loading
W/Zygote  (   97): Waiting for PC Thread to complete loading
W/Zygote  (   97): Waiting for PC Thread to complete loading
W/Zygote  (   97): Waiting for PC Thread to complete loading
W/Zygote  (   97): Waiting for PC Thread to complete loading
W/Zygote  (   97): Waiting for PC Thread to complete loading
W/Zygote  (   97): Waiting for PC Thread to complete loading
W/Zygote  (   97): Waiting for PC Thread to complete loading
W/Zygote  (   97): Waiting for PC Thread to complete loading
W/Zygote  (   97): Waiting for PC Thread to complete loading
W/Zygote  (   97): Waiting for PC Thread to complete loading
W/Zygote  (   97): Waiting for PC Thread to complete loading
W/Zygote  (   97): Waiting for PC Thread to complete loading
W/Zygote  (   97): Waiting for PC Thread to complete loading
W/Zygote  (   97): Waiting for PC Thread to complete loading
W/Zygote  (   97): Waiting for PC Thread to complete loading
W/Zygote  (   97): Waiting for PC Thread to complete loading
W/Zygote  (   97): Waiting for PC Thread to complete loading
W/Zygote  (   97): Waiting for PC Thread to complete loading
W/Zygote  (   97): Waiting for PC Thread to complete loading
W/Zygote  (   97): Waiting for PC Thread to complete loading
W/Zygote  (   97): Waiting for PC Thread to complete loading
W/Zygote  (   97): Waiting for PC Thread to complete loading
W/Zygote  (   97): Waiting for PC Thread to complete loading
W/Zygote  (   97): Waiting for PC Thread to complete loading
W/Zygote  (   97): Waiting for PC Thread to complete loading
W/Zygote  (   97): Waiting for PC Thread to complete loading
W/Zygote  (   97): Waiting for PC Thread to complete loading
W/Zygote  (   97): Waiting for PC Thread to complete loading
W/Zygote  (   97): Waiting for PC Thread to complete loading
W/Zygote  (   97): Waiting for PC Thread to complete loading
W/Zygote  (   97): Waiting for PC Thread to complete loading
W/Zygote  (   97): Waiting for PC Thread to complete loading
W/Zygote  (   97): Waiting for PC Thread to complete loading
W/Zygote  (   97): Waiting for PC Thread to complete loading
W/Zygote  (   97): Waiting for PC Thread to complete loading
W/Zygote  (   97): Waiting for PC Thread to complete loading
W/Zygote  (   97): Waiting for PC Thread to complete loading
W/Zygote  (   97): Waiting for PC Thread to complete loading
W/Zygote  (   97): Waiting for PC Thread to complete loading
W/Zygote  (   97): Waiting for PC Thread to complete loading
D/PHONESERVER(  148): async_symlink finished /dev/pts/6 /dev/CHNPTY12
D/PHONESERVER(  148): chnmng_find_buffer!
D/PHONESERVER(  148): CHNMNG:to open /dev/ptmx !
D/PHONESERVER(  148): CHNMNG:/dev/ptmx opened!
D/PHONESERVER(  148): CHNMNG:/dev/ptmx opened rett=0 ptn=7!
D/PHONESERVER(  148): CHNMNG get pty OK mpty=47!
D/PHONESERVER(  148): async_symlink /dev/pts/7 /dev/CHNPTY13
W/Zygote  (   97): Waiting for PC Thread to complete loading
W/Zygote  (   97): Waiting for PC Thread to complete loading
W/Zygote  (   97): Waiting for PC Thread to complete loading
W/Zygote  (   97): Waiting for PC Thread to complete loading
W/Zygote  (   97): Waiting for PC Thread to complete loading
W/Zygote  (   97): Waiting for PC Thread to complete loading
W/Zygote  (   97): Waiting for PC Thread to complete loading
W/Zygote  (   97): Waiting for PC Thread to complete loading
W/Zygote  (   97): Waiting for PC Thread to complete loading
W/Zygote  (   97): Waiting for PC Thread to complete loading
W/Zygote  (   97): Waiting for PC Thread to complete loading
W/Zygote  (   97): Waiting for PC Thread to complete loading
W/Zygote  (   97): Waiting for PC Thread to complete loading
W/Zygote  (   97): Waiting for PC Thread to complete loading
W/Zygote  (   97): Waiting for PC Thread to complete loading
W/Zygote  (   97): Waiting for PC Thread to complete loading
W/Zygote  (   97): Waiting for PC Thread to complete loading
W/Zygote  (   97): Waiting for PC Thread to complete loading
W/Zygote  (   97): Waiting for PC Thread to complete loading
W/Zygote  (   97): Waiting for PC Thread to complete loading
W/Zygote  (   97): Waiting for PC Thread to complete loading
W/Zygote  (   97): Waiting for PC Thread to complete loading
W/Zygote  (   97): Waiting for PC Thread to complete loading
W/Zygote  (   97): Waiting for PC Thread to complete loading
W/Zygote  (   97): Waiting for PC Thread to complete loading
W/Zygote  (   97): Waiting for PC Thread to complete loading
W/Zygote  (   97): Waiting for PC Thread to complete loading
W/Zygote  (   97): Waiting for PC Thread to complete loading
W/Zygote  (   97): Waiting for PC Thread to complete loading
W/Zygote  (   97): Waiting for PC Thread to complete loading
W/Zygote  (   97): Waiting for PC Thread to complete loading
W/Zygote  (   97): Waiting for PC Thread to complete loading
W/Zygote  (   97): Waiting for PC Thread to complete loading
W/Zygote  (   97): Waiting for PC Thread to complete loading
W/Zygote  (   97): Waiting for PC Thread to complete loading
W/Zygote  (   97): Waiting for PC Thread to complete loading
W/Zygote  (   97): Waiting for PC Thread to complete loading
W/Zygote  (   97): Waiting for PC Thread to complete loading
W/Zygote  (   97): Waiting for PC Thread to complete loading
W/Zygote  (   97): Waiting for PC Thread to complete loading
W/Zygote  (   97): Waiting for PC Thread to complete loading
W/Zygote  (   97): Waiting for PC Thread to complete loading
W/Zygote  (   97): Waiting for PC Thread to complete loading
W/Zygote  (   97): Waiting for PC Thread to complete loading
W/Zygote  (   97): Waiting for PC Thread to complete loading
W/Zygote  (   97): Waiting for PC Thread to complete loading
W/Zygote  (   97): Waiting for PC Thread to complete loading
W/Zygote  (   97): Waiting for PC Thread to complete loading
W/Zygote  (   97): Waiting for PC Thread to complete loading
W/Zygote  (   97): Waiting for PC Thread to complete loading
W/Zygote  (   97): Waiting for PC Thread to complete loading
W/Zygote  (   97): Waiting for PC Thread to complete loading
W/Zygote  (   97): Waiting for PC Thread to complete loading
W/Zygote  (   97): Waiting for PC Thread to complete loading
W/Zygote  (   97): Waiting for PC Thread to complete loading
W/Zygote  (   97): Waiting for PC Thread to complete loading
W/Zygote  (   97): Waiting for PC Thread to complete loading
W/Zygote  (   97): Waiting for PC Thread to complete loading
W/Zygote  (   97): Waiting for PC Thread to complete loading
W/Zygote  (   97): Waiting for PC Thread to complete loading
W/Zygote  (   97): Waiting for PC Thread to complete loading
W/Zygote  (   97): Waiting for PC Thread to complete loading
W/Zygote  (   97): Waiting for PC Thread to complete loading
W/Zygote  (   97): Waiting for PC Thread to complete loading
W/Zygote  (   97): Waiting for PC Thread to complete loading
W/Zygote  (   97): Waiting for PC Thread to complete loading
W/Zygote  (   97): Waiting for PC Thread to complete loading
W/Zygote  (   97): Waiting for PC Thread to complete loading
W/Zygote  (   97): Waiting for PC Thread to complete loading
W/Zygote  (   97): Waiting for PC Thread to complete loading
W/Zygote  (   97): Waiting for PC Thread to complete loading
W/Zygote  (   97): Waiting for PC Thread to complete loading
W/Zygote  (   97): Waiting for PC Thread to complete loading
W/Zygote  (   97): Waiting for PC Thread to complete loading
W/Zygote  (   97): Waiting for PC Thread to complete loading
W/Zygote  (   97): Waiting for PC Thread to complete loading
W/Zygote  (   97): Waiting for PC Thread to complete loading
W/Zygote  (   97): Waiting for PC Thread to complete loading
W/Zygote  (   97): Waiting for PC Thread to complete loading
W/Zygote  (   97): Waiting for PC Thread to complete loading
W/Zygote  (   97): Waiting for PC Thread to complete loading
W/Zygote  (   97): Waiting for PC Thread to complete loading
W/Zygote  (   97): Waiting for PC Thread to complete loading
W/Zygote  (   97): Waiting for PC Thread to complete loading
W/Zygote  (   97): Waiting for PC Thread to complete loading
W/Zygote  (   97): Waiting for PC Thread to complete loading
W/Zygote  (   97): Waiting for PC Thread to complete loading
W/Zygote  (   97): Waiting for PC Thread to complete loading
W/Zygote  (   97): Waiting for PC Thread to complete loading
W/Zygote  (   97): Waiting for PC Thread to complete loading
W/Zygote  (   97): Waiting for PC Thread to complete loading
W/Zygote  (   97): Waiting for PC Thread to complete loading
W/Zygote  (   97): Waiting for PC Thread to complete loading
W/Zygote  (   97): Waiting for PC Thread to complete loading
W/Zygote  (   97): Waiting for PC Thread to complete loading
W/Zygote  (   97): Waiting for PC Thread to complete loading
W/Zygote  (   97): Waiting for PC Thread to complete loading
D/PHONESERVER(  148): async_symlink finished /dev/pts/7 /dev/CHNPTY13
D/PHONESERVER(  148): chnmng_find_buffer!
D/PHONESERVER(  148): chnmng_mux thread: policy=0!
D/PHONESERVER(  148): chnmng_mux thread: policy=0!
D/PHONESERVER(  148): chnmng_mux thread: policy=0!
D/PHONESERVER(  148): chnmng_mux thread: policy=0!
D/PHONESERVER(  148): chnmng_mux thread: policy=0!
D/PHONESERVER(  148): chnmng_mux thread: policy=0!
D/PHONESERVER(  148): chnmng_mux thread: policy=0!
D/PHONESERVER(  148): chnmng_mux thread: policy=0!
D/PHONESERVER(  148): chnmng_mux thread: policy=0!
D/PHONESERVER(  148): chnmng_mux thread: policy=0!
D/PHONESERVER(  148): chnmng_pty thread: policy=0!
D/PHONESERVER(  148): chnmng_pty thread: policy=0!
D/PHONESERVER(  148): chnmng_pty thread: policy=0!
D/PHONESERVER(  148): chnmng_pty thread: policy=0!
D/PHONESERVER(  148): chnmng_pty thread: policy=0!
D/PHONESERVER(  148): chnmng_pty thread: policy=0!
W/Zygote  (   97): Waiting for PC Thread to complete loading
D/PHONESERVER(  148): Send thread's TID [277] enter send data thread :pty=/dev/CHNPTY0
D/PHONESERVER(  148): Send thread's TID [282] enter send data thread :pty=/dev/CHNPTY13
D/PHONESERVER(  148): Send thread's TID [279] enter send data thread :pty=/dev/CHNPTY2
D/PHONESERVER(  148): Send thread's TID [278] enter send data thread :pty=/dev/CHNPTY1
D/PHONESERVER(  148): Send thread's TID [280] enter send data thread :pty=/dev/CHNPTY3
D/PHONESERVER(  148): Send thread's TID [281] enter send data thread :pty=/dev/CHNPTY12
D/PHONESERVER(  148): Receive thread's TID [276] CHMNG: enter receive data thread :mux=/dev/ts0710mux10
D/PHONESERVER(  148): Receive thread's TID [276] MUX :/dev/ts0710mux10 Waiting for resp  
D/PHONESERVER(  148): Receive thread's TID [275] CHMNG: enter receive data thread :mux=/dev/ts0710mux9
D/PHONESERVER(  148): Receive thread's TID [275] MUX :/dev/ts0710mux9 Waiting for resp  
D/PHONESERVER(  148): Receive thread's TID [274] CHMNG: enter receive data thread :mux=/dev/ts0710mux8
D/PHONESERVER(  148): Receive thread's TID [274] MUX :/dev/ts0710mux8 Waiting for resp  
D/PHONESERVER(  148): Receive thread's TID [273] CHMNG: enter receive data thread :mux=/dev/ts0710mux7
D/PHONESERVER(  148): Receive thread's TID [273] MUX :/dev/ts0710mux7 Waiting for resp  
D/PHONESERVER(  148): Receive thread's TID [272] CHMNG: enter receive data thread :mux=/dev/ts0710mux6
D/PHONESERVER(  148): Receive thread's TID [272] MUX :/dev/ts0710mux6 Waiting for resp  
D/PHONESERVER(  148): Receive thread's TID [271] CHMNG: enter receive data thread :mux=/dev/ts0710mux5
D/PHONESERVER(  148): Receive thread's TID [271] MUX :/dev/ts0710mux5 Waiting for resp  
D/PHONESERVER(  148): Receive thread's TID [270] CHMNG: enter receive data thread :mux=/dev/ts0710mux4
D/PHONESERVER(  148): Receive thread's TID [270] MUX :/dev/ts0710mux4 Waiting for resp  
W/Zygote  (   97): Waiting for PC Thread to complete loading
D/PHONESERVER(  148): Receive thread's TID [269] CHMNG: enter receive data thread :mux=/dev/ts0710mux3
D/PHONESERVER(  148): Receive thread's TID [269] MUX :/dev/ts0710mux3 Waiting for resp  
D/PHONESERVER(  148): Receive thread's TID [268] CHMNG: enter receive data thread :mux=/dev/ts0710mux2
D/PHONESERVER(  148): Receive thread's TID [268] MUX :/dev/ts0710mux2 Waiting for resp  
D/PHONESERVER(  148): Receive thread's TID [267] CHMNG: enter receive data thread :mux=/dev/ts0710mux1
D/PHONESERVER(  148): Receive thread's TID [267] MUX :/dev/ts0710mux1 Waiting for resp  
W/Zygote  (   97): Waiting for PC Thread to complete loading
W/Zygote  (   97): Waiting for PC Thread to complete loading
W/Zygote  (   97): Waiting for PC Thread to complete loading
W/Zygote  (   97): Waiting for PC Thread to complete loading
W/Zygote  (   97): Waiting for PC Thread to complete loading
W/Zygote  (   97): Waiting for PC Thread to complete loading
W/Zygote  (   97): Waiting for PC Thread to complete loading
W/Zygote  (   97): Waiting for PC Thread to complete loading
W/Zygote  (   97): Waiting for PC Thread to complete loading
W/Zygote  (   97): Waiting for PC Thread to complete loading
W/Zygote  (   97): Waiting for PC Thread to complete loading
W/Zygote  (   97): Waiting for PC Thread to complete loading
W/Zygote  (   97): Waiting for PC Thread to complete loading
W/Zygote  (   97): Waiting for PC Thread to complete loading
W/Zygote  (   97): Waiting for PC Thread to complete loading
W/Zygote  (   97): Waiting for PC Thread to complete loading
W/Zygote  (   97): Waiting for PC Thread to complete loading
W/Zygote  (   97): Waiting for PC Thread to complete loading
W/Zygote  (   97): Waiting for PC Thread to complete loading
W/Zygote  (   97): Waiting for PC Thread to complete loading
W/Zygote  (   97): Waiting for PC Thread to complete loading
W/Zygote  (   97): Waiting for PC Thread to complete loading
W/Zygote  (   97): Waiting for PC Thread to complete loading
W/Zygote  (   97): Waiting for PC Thread to complete loading
W/Zygote  (   97): Waiting for PC Thread to complete loading
W/Zygote  (   97): Waiting for PC Thread to complete loading
W/Zygote  (   97): Waiting for PC Thread to complete loading
W/Zygote  (   97): Waiting for PC Thread to complete loading
W/Zygote  (   97): Waiting for PC Thread to complete loading
W/Zygote  (   97): Waiting for PC Thread to complete loading
W/Zygote  (   97): Waiting for PC Thread to complete loading
W/Zygote  (   97): Waiting for PC Thread to complete loading
W/Zygote  (   97): Waiting for PC Thread to complete loading
W/Zygote  (   97): Waiting for PC Thread to complete loading
W/Zygote  (   97): Waiting for PC Thread to complete loading
W/Zygote  (   97): Waiting for PC Thread to complete loading
W/Zygote  (   97): Waiting for PC Thread to complete loading
W/Zygote  (   97): Waiting for PC Thread to complete loading
W/Zygote  (   97): Waiting for PC Thread to complete loading
W/Zygote  (   97): Waiting for PC Thread to complete loading
W/Zygote  (   97): Waiting for PC Thread to complete loading
W/Zygote  (   97): Waiting for PC Thread to complete loading
W/Zygote  (   97): Waiting for PC Thread to complete loading
W/Zygote  (   97): Waiting for PC Thread to complete loading
W/Zygote  (   97): Waiting for PC Thread to complete loading
W/Zygote  (   97): Waiting for PC Thread to complete loading
W/Zygote  (   97): Waiting for PC Thread to complete loading
D/SPRDENG (  153): eng_mcinit: open /dev/CHNPTY13 OK
W/Zygote  (   97): Waiting for PC Thread to complete loading
W/Zygote  (   97): Waiting for PC Thread to complete loading
W/Zygote  (   97): Waiting for PC Thread to complete loading
W/Zygote  (   97): Waiting for PC Thread to complete loading
W/Zygote  (   97): Waiting for PC Thread to complete loading
W/Zygote  (   97): Waiting for PC Thread to complete loading
W/Zygote  (   97): Waiting for PC Thread to complete loading
W/Zygote  (   97): Waiting for PC Thread to complete loading
W/Zygote  (   97): Waiting for PC Thread to complete loading
W/Zygote  (   97): Waiting for PC Thread to complete loading
W/Zygote  (   97): Waiting for PC Thread to complete loading
W/Zygote  (   97): Waiting for PC Thread to complete loading
W/Zygote  (   97): Waiting for PC Thread to complete loading
W/Zygote  (   97): Waiting for PC Thread to complete loading
W/Zygote  (   97): Waiting for PC Thread to complete loading
W/Zygote  (   97): Waiting for PC Thread to complete loading
W/Zygote  (   97): Waiting for PC Thread to complete loading
W/Zygote  (   97): Waiting for PC Thread to complete loading
W/Zygote  (   97): Waiting for PC Thread to complete loading
W/Zygote  (   97): Waiting for PC Thread to complete loading
W/Zygote  (   97): Waiting for PC Thread to complete loading
W/Zygote  (   97): Waiting for PC Thread to complete loading
W/Zygote  (   97): Waiting for PC Thread to complete loading
W/Zygote  (   97): Waiting for PC Thread to complete loading
W/Zygote  (   97): Waiting for PC Thread to complete loading
W/Zygote  (   97): Waiting for PC Thread to complete loading
W/Zygote  (   97): Waiting for PC Thread to complete loading
W/Zygote  (   97): Waiting for PC Thread to complete loading
W/Zygote  (   97): Waiting for PC Thread to complete loading
W/Zygote  (   97): Waiting for PC Thread to complete loading
W/Zygote  (   97): Waiting for PC Thread to complete loading
W/Zygote  (   97): Waiting for PC Thread to complete loading
W/Zygote  (   97): Waiting for PC Thread to complete loading
W/Zygote  (   97): Waiting for PC Thread to complete loading
W/Zygote  (   97): Waiting for PC Thread to complete loading
W/Zygote  (   97): Waiting for PC Thread to complete loading
W/Zygote  (   97): Waiting for PC Thread to complete loading
W/Zygote  (   97): Waiting for PC Thread to complete loading
W/Zygote  (   97): Waiting for PC Thread to complete loading
W/Zygote  (   97): Waiting for PC Thread to complete loading
W/Zygote  (   97): Waiting for PC Thread to complete loading
W/Zygote  (   97): Waiting for PC Thread to complete loading
W/Zygote  (   97): Waiting for PC Thread to complete loading
W/Zygote  (   97): Waiting for PC Thread to complete loading
W/Zygote  (   97): Waiting for PC Thread to complete loading
W/Zygote  (   97): Waiting for PC Thread to complete loading
W/Zygote  (   97): Waiting for PC Thread to complete loading
W/Zygote  (   97): Waiting for PC Thread to complete loading
W/Zygote  (   97): Waiting for PC Thread to complete loading
W/Zygote  (   97): Waiting for PC Thread to complete loading
W/Zygote  (   97): Waiting for PC Thread to complete loading
W/Zygote  (   97): Waiting for PC Thread to complete loading
W/Zygote  (   97): Waiting for PC Thread to complete loading
W/Zygote  (   97): Waiting for PC Thread to complete loading
W/Zygote  (   97): Waiting for PC Thread to complete loading
W/Zygote  (   97): Waiting for PC Thread to complete loading
W/Zygote  (   97): Waiting for PC Thread to complete loading
W/Zygote  (   97): Waiting for PC Thread to complete loading
W/Zygote  (   97): Waiting for PC Thread to complete loading
W/Zygote  (   97): Waiting for PC Thread to complete loading
W/Zygote  (   97): Waiting for PC Thread to complete loading
W/Zygote  (   97): Waiting for PC Thread to complete loading
W/Zygote  (   97): Waiting for PC Thread to complete loading
W/Zygote  (   97): Waiting for PC Thread to complete loading
W/Zygote  (   97): Waiting for PC Thread to complete loading
W/Zygote  (   97): Waiting for PC Thread to complete loading
W/Zygote  (   97): Waiting for PC Thread to complete loading
W/Zygote  (   97): Waiting for PC Thread to complete loading
W/Zygote  (   97): Waiting for PC Thread to complete loading
W/Zygote  (   97): Waiting for PC Thread to complete loading
W/Zygote  (   97): Waiting for PC Thread to complete loading
W/Zygote  (   97): Waiting for PC Thread to complete loading
W/Zygote  (   97): Waiting for PC Thread to complete loading
W/Zygote  (   97): Waiting for PC Thread to complete loading
W/Zygote  (   97): Waiting for PC Thread to complete loading
W/Zygote  (   97): Waiting for PC Thread to complete loading
W/Zygote  (   97): Waiting for PC Thread to complete loading
W/Zygote  (   97): Waiting for PC Thread to complete loading
W/Zygote  (   97): Waiting for PC Thread to complete loading
W/Zygote  (   97): Waiting for PC Thread to complete loading
W/Zygote  (   97): Waiting for PC Thread to complete loading
W/Zygote  (   97): Waiting for PC Thread to complete loading
W/Zygote  (   97): Waiting for PC Thread to complete loading
W/Zygote  (   97): Waiting for PC Thread to complete loading
W/Zygote  (   97): Waiting for PC Thread to complete loading
W/Zygote  (   97): Waiting for PC Thread to complete loading
W/Zygote  (   97): Waiting for PC Thread to complete loading
W/Zygote  (   97): Waiting for PC Thread to complete loading
W/Zygote  (   97): Waiting for PC Thread to complete loading
W/Zygote  (   97): Waiting for PC Thread to complete loading
W/Zygote  (   97): Waiting for PC Thread to complete loading
W/Zygote  (   97): Waiting for PC Thread to complete loading
W/Zygote  (   97): Waiting for PC Thread to complete loading
W/Zygote  (   97): Waiting for PC Thread to complete loading
W/Zygote  (   97): Waiting for PC Thread to complete loading
W/Zygote  (   97): Waiting for PC Thread to complete loading
W/Zygote  (   97): Waiting for PC Thread to complete loading
W/Zygote  (   97): Waiting for PC Thread to complete loading
W/Zygote  (   97): Waiting for PC Thread to complete loading
W/Zygote  (   97): Waiting for PC Thread to complete loading
W/Zygote  (   97): Waiting for PC Thread to complete loading
W/Zygote  (   97): Waiting for PC Thread to complete loading
W/Zygote  (   97): Waiting for PC Thread to complete loading
W/Zygote  (   97): Waiting for PC Thread to complete loading
W/Zygote  (   97): Waiting for PC Thread to complete loading
W/Zygote  (   97): Waiting for PC Thread to complete loading
W/Zygote  (   97): Waiting for PC Thread to complete loading
W/Zygote  (   97): Waiting for PC Thread to complete loading
W/Zygote  (   97): Waiting for PC Thread to complete loading
W/Zygote  (   97): Waiting for PC Thread to complete loading
W/Zygote  (   97): Waiting for PC Thread to complete loading
W/Zygote  (   97): Waiting for PC Thread to complete loading
W/Zygote  (   97): Waiting for PC Thread to complete loading
W/Zygote  (   97): Waiting for PC Thread to complete loading
W/Zygote  (   97): Waiting for PC Thread to complete loading
W/Zygote  (   97): Waiting for PC Thread to complete loading
W/Zygote  (   97): Waiting for PC Thread to complete loading
W/Zygote  (   97): Waiting for PC Thread to complete loading
W/Zygote  (   97): Waiting for PC Thread to complete loading
W/Zygote  (   97): Waiting for PC Thread to complete loading
W/Zygote  (   97): Waiting for PC Thread to complete loading
W/Zygote  (   97): Waiting for PC Thread to complete loading
W/Zygote  (   97): Waiting for PC Thread to complete loading
W/Zygote  (   97): Waiting for PC Thread to complete loading
W/Zygote  (   97): Waiting for PC Thread to complete loading
W/Zygote  (   97): Waiting for PC Thread to complete loading
W/Zygote  (   97): Waiting for PC Thread to complete loading
W/Zygote  (   97): Waiting for PC Thread to complete loading
W/Zygote  (   97): Waiting for PC Thread to complete loading
W/Zygote  (   97): Waiting for PC Thread to complete loading
W/Zygote  (   97): Waiting for PC Thread to complete loading
W/Zygote  (   97): Waiting for PC Thread to complete loading
W/Zygote  (   97): Waiting for PC Thread to complete loading
W/Zygote  (   97): Waiting for PC Thread to complete loading
W/Zygote  (   97): Waiting for PC Thread to complete loading
W/Zygote  (   97): Waiting for PC Thread to complete loading
W/Zygote  (   97): Waiting for PC Thread to complete loading
W/Zygote  (   97): Waiting for PC Thread to complete loading
W/Zygote  (   97): Waiting for PC Thread to complete loading
W/Zygote  (   97): Waiting for PC Thread to complete loading
W/Zygote  (   97): Waiting for PC Thread to complete loading
W/Zygote  (   97): Waiting for PC Thread to complete loading
W/Zygote  (   97): Waiting for PC Thread to complete loading
W/Zygote  (   97): Waiting for PC Thread to complete loading
W/Zygote  (   97): Waiting for PC Thread to complete loading
W/Zygote  (   97): Waiting for PC Thread to complete loading
W/Zygote  (   97): Waiting for PC Thread to complete loading
W/Zygote  (   97): Waiting for PC Thread to complete loading
W/Zygote  (   97): Waiting for PC Thread to complete loading
W/Zygote  (   97): Waiting for PC Thread to complete loading
W/Zygote  (   97): Waiting for PC Thread to complete loading
W/Zygote  (   97): Waiting for PC Thread to complete loading
W/Zygote  (   97): Waiting for PC Thread to complete loading
W/Zygote  (   97): Waiting for PC Thread to complete loading
W/Zygote  (   97): Waiting for PC Thread to complete loading
W/Zygote  (   97): Waiting for PC Thread to complete loading
W/Zygote  (   97): Waiting for PC Thread to complete loading
W/Zygote  (   97): Waiting for PC Thread to complete loading
W/Zygote  (   97): Waiting for PC Thread to complete loading
W/Zygote  (   97): Waiting for PC Thread to complete loading
W/Zygote  (   97): Waiting for PC Thread to complete loading
W/Zygote  (   97): Waiting for PC Thread to complete loading
W/Zygote  (   97): Waiting for PC Thread to complete loading
W/Zygote  (   97): Waiting for PC Thread to complete loading
W/Zygote  (   97): Waiting for PC Thread to complete loading
W/Zygote  (   97): Waiting for PC Thread to complete loading
W/Zygote  (   97): Waiting for PC Thread to complete loading
W/Zygote  (   97): Waiting for PC Thread to complete loading
W/Zygote  (   97): Waiting for PC Thread to complete loading
W/Zygote  (   97): Waiting for PC Thread to complete loading
W/Zygote  (   97): Waiting for PC Thread to complete loading
W/Zygote  (   97): Waiting for PC Thread to complete loading
W/Zygote  (   97): Waiting for PC Thread to complete loading
W/Zygote  (   97): Waiting for PC Thread to complete loading
W/Zygote  (   97): Waiting for PC Thread to complete loading
W/Zygote  (   97): Waiting for PC Thread to complete loading
W/Zygote  (   97): Waiting for PC Thread to complete loading
W/Zygote  (   97): Waiting for PC Thread to complete loading
W/Zygote  (   97): Waiting for PC Thread to complete loading
W/Zygote  (   97): Waiting for PC Thread to complete loading
W/Zygote  (   97): Waiting for PC Thread to complete loading
W/Zygote  (   97): Waiting for PC Thread to complete loading
W/Zygote  (   97): Waiting for PC Thread to complete loading
W/Zygote  (   97): Waiting for PC Thread to complete loading
W/Zygote  (   97): Waiting for PC Thread to complete loading
W/Zygote  (   97): Waiting for PC Thread to complete loading
W/Zygote  (   97): Waiting for PC Thread to complete loading
W/Zygote  (   97): Waiting for PC Thread to complete loading
W/Zygote  (   97): Waiting for PC Thread to complete loading
W/Zygote  (   97): Waiting for PC Thread to complete loading
W/Zygote  (   97): Waiting for PC Thread to complete loading
W/Zygote  (   97): Waiting for PC Thread to complete loading
W/Zygote  (   97): Waiting for PC Thread to complete loading
W/Zygote  (   97): Waiting for PC Thread to complete loading
W/Zygote  (   97): Waiting for PC Thread to complete loading
W/Zygote  (   97): Waiting for PC Thread to complete loading
W/Zygote  (   97): Waiting for PC Thread to complete loading
W/Zygote  (   97): Waiting for PC Thread to complete loading
W/Zygote  (   97): Waiting for PC Thread to complete loading
W/Zygote  (   97): Waiting for PC Thread to complete loading
W/Zygote  (   97): Waiting for PC Thread to complete loading
W/Zygote  (   97): Waiting for PC Thread to complete loading
W/Zygote  (   97): Waiting for PC Thread to complete loading
W/Zygote  (   97): Waiting for PC Thread to complete loading
W/Zygote  (   97): Waiting for PC Thread to complete loading
W/Zygote  (   97): Waiting for PC Thread to complete loading
W/Zygote  (   97): Waiting for PC Thread to complete loading
W/Zygote  (   97): Waiting for PC Thread to complete loading
W/Zygote  (   97): Waiting for PC Thread to complete loading
W/Zygote  (   97): Waiting for PC Thread to complete loading
W/Zygote  (   97): Waiting for PC Thread to complete loading
W/Zygote  (   97): Waiting for PC Thread to complete loading
W/Zygote  (   97): Waiting for PC Thread to complete loading
W/Zygote  (   97): Waiting for PC Thread to complete loading
W/Zygote  (   97): Waiting for PC Thread to complete loading
W/Zygote  (   97): Waiting for PC Thread to complete loading
W/Zygote  (   97): Waiting for PC Thread to complete loading
W/Zygote  (   97): Waiting for PC Thread to complete loading
W/Zygote  (   97): Waiting for PC Thread to complete loading
W/Zygote  (   97): Waiting for PC Thread to complete loading
W/Zygote  (   97): Waiting for PC Thread to complete loading
W/Zygote  (   97): Waiting for PC Thread to complete loading
W/Zygote  (   97): Waiting for PC Thread to complete loading
W/Zygote  (   97): Waiting for PC Thread to complete loading
W/Zygote  (   97): Waiting for PC Thread to complete loading
W/Zygote  (   97): Waiting for PC Thread to complete loading
W/Zygote  (   97): Waiting for PC Thread to complete loading
W/Zygote  (   97): Waiting for PC Thread to complete loading
W/Zygote  (   97): Waiting for PC Thread to complete loading
W/Zygote  (   97): Waiting for PC Thread to complete loading
W/Zygote  (   97): Waiting for PC Thread to complete loading
W/Zygote  (   97): Waiting for PC Thread to complete loading
W/Zygote  (   97): Waiting for PC Thread to complete loading
W/Zygote  (   97): Waiting for PC Thread to complete loading
W/Zygote  (   97): Waiting for PC Thread to complete loading
W/Zygote  (   97): Waiting for PC Thread to complete loading
W/Zygote  (   97): Waiting for PC Thread to complete loading
W/Zygote  (   97): Waiting for PC Thread to complete loading
W/Zygote  (   97): Waiting for PC Thread to complete loading
W/Zygote  (   97): Waiting for PC Thread to complete loading
W/Zygote  (   97): Waiting for PC Thread to complete loading
W/Zygote  (   97): Waiting for PC Thread to complete loading
W/Zygote  (   97): Waiting for PC Thread to complete loading
W/Zygote  (   97): Waiting for PC Thread to complete loading
W/Zygote  (   97): Waiting for PC Thread to complete loading
W/Zygote  (   97): Waiting for PC Thread to complete loading
W/Zygote  (   97): Waiting for PC Thread to complete loading
W/Zygote  (   97): Waiting for PC Thread to complete loading
W/Zygote  (   97): Waiting for PC Thread to complete loading
W/Zygote  (   97): Waiting for PC Thread to complete loading
W/Zygote  (   97): Waiting for PC Thread to complete loading
W/Zygote  (   97): Waiting for PC Thread to complete loading
W/Zygote  (   97): Waiting for PC Thread to complete loading
W/Zygote  (   97): Waiting for PC Thread to complete loading
W/Zygote  (   97): Waiting for PC Thread to complete loading
W/Zygote  (   97): Waiting for PC Thread to complete loading
W/Zygote  (   97): Waiting for PC Thread to complete loading
W/Zygote  (   97): Waiting for PC Thread to complete loading
W/Zygote  (   97): Waiting for PC Thread to complete loading
W/Zygote  (   97): Waiting for PC Thread to complete loading
W/Zygote  (   97): Waiting for PC Thread to complete loading
W/Zygote  (   97): Waiting for PC Thread to complete loading
W/Zygote  (   97): Waiting for PC Thread to complete loading
W/Zygote  (   97): Waiting for PC Thread to complete loading
W/Zygote  (   97): Waiting for PC Thread to complete loading
W/Zygote  (   97): Waiting for PC Thread to complete loading
W/Zygote  (   97): Waiting for PC Thread to complete loading
W/Zygote  (   97): Waiting for PC Thread to complete loading
W/Zygote  (   97): Waiting for PC Thread to complete loading
W/Zygote  (   97): Waiting for PC Thread to complete loading
W/Zygote  (   97): Waiting for PC Thread to complete loading
W/Zygote  (   97): Waiting for PC Thread to complete loading
W/Zygote  (   97): Waiting for PC Thread to complete loading
W/Zygote  (   97): Waiting for PC Thread to complete loading
W/Zygote  (   97): Waiting for PC Thread to complete loading
W/Zygote  (   97): Waiting for PC Thread to complete loading
W/Zygote  (   97): Waiting for PC Thread to complete loading
W/Zygote  (   97): Waiting for PC Thread to complete loading
W/Zygote  (   97): Waiting for PC Thread to complete loading
W/Zygote  (   97): Waiting for PC Thread to complete loading
W/Zygote  (   97): Waiting for PC Thread to complete loading
W/Zygote  (   97): Waiting for PC Thread to complete loading
W/Zygote  (   97): Waiting for PC Thread to complete loading
W/Zygote  (   97): Waiting for PC Thread to complete loading
W/Zygote  (   97): Waiting for PC Thread to complete loading
W/Zygote  (   97): Waiting for PC Thread to complete loading
W/Zygote  (   97): Waiting for PC Thread to complete loading
W/Zygote  (   97): Waiting for PC Thread to complete loading
W/Zygote  (   97): Waiting for PC Thread to complete loading
W/Zygote  (   97): Waiting for PC Thread to complete loading
W/Zygote  (   97): Waiting for PC Thread to complete loading
W/Zygote  (   97): Waiting for PC Thread to complete loading
W/Zygote  (   97): Waiting for PC Thread to complete loading
W/Zygote  (   97): Waiting for PC Thread to complete loading
W/Zygote  (   97): Waiting for PC Thread to complete loading
W/Zygote  (   97): Waiting for PC Thread to complete loading
W/Zygote  (   97): Waiting for PC Thread to complete loading
W/Zygote  (   97): Waiting for PC Thread to complete loading
W/Zygote  (   97): Waiting for PC Thread to complete loading
W/Zygote  (   97): Waiting for PC Thread to complete loading
W/Zygote  (   97): Waiting for PC Thread to complete loading
W/Zygote  (   97): Waiting for PC Thread to complete loading
W/Zygote  (   97): Waiting for PC Thread to complete loading
W/Zygote  (   97): Waiting for PC Thread to complete loading
W/Zygote  (   97): Waiting for PC Thread to complete loading
W/Zygote  (   97): Waiting for PC Thread to complete loading
W/Zygote  (   97): Waiting for PC Thread to complete loading
W/Zygote  (   97): Waiting for PC Thread to complete loading
W/Zygote  (   97): Waiting for PC Thread to complete loading
W/Zygote  (   97): Waiting for PC Thread to complete loading
W/Zygote  (   97): Waiting for PC Thread to complete loading
W/Zygote  (   97): Waiting for PC Thread to complete loading
W/Zygote  (   97): Waiting for PC Thread to complete loading
W/Zygote  (   97): Waiting for PC Thread to complete loading
W/Zygote  (   97): Waiting for PC Thread to complete loading
W/Zygote  (   97): Waiting for PC Thread to complete loading
W/Zygote  (   97): Waiting for PC Thread to complete loading
W/Zygote  (   97): Waiting for PC Thread to complete loading
W/Zygote  (   97): Waiting for PC Thread to complete loading
W/Zygote  (   97): Waiting for PC Thread to complete loading
W/Zygote  (   97): Waiting for PC Thread to complete loading
W/Zygote  (   97): Waiting for PC Thread to complete loading
W/Zygote  (   97): Waiting for PC Thread to complete loading
W/Zygote  (   97): Waiting for PC Thread to complete loading
W/Zygote  (   97): Waiting for PC Thread to complete loading
W/Zygote  (   97): Waiting for PC Thread to complete loading
W/Zygote  (   97): Waiting for PC Thread to complete loading
W/Zygote  (   97): Waiting for PC Thread to complete loading
W/Zygote  (   97): Waiting for PC Thread to complete loading
W/Zygote  (   97): Waiting for PC Thread to complete loading
W/Zygote  (   97): Waiting for PC Thread to complete loading
W/Zygote  (   97): Waiting for PC Thread to complete loading
W/Zygote  (   97): Waiting for PC Thread to complete loading
W/Zygote  (   97): Waiting for PC Thread to complete loading
W/Zygote  (   97): Waiting for PC Thread to complete loading
W/Zygote  (   97): Waiting for PC Thread to complete loading
W/Zygote  (   97): Waiting for PC Thread to complete loading
W/Zygote  (   97): Waiting for PC Thread to complete loading
W/Zygote  (   97): Waiting for PC Thread to complete loading
W/Zygote  (   97): Waiting for PC Thread to complete loading
W/Zygote  (   97): Waiting for PC Thread to complete loading
W/Zygote  (   97): Waiting for PC Thread to complete loading
W/Zygote  (   97): Waiting for PC Thread to complete loading
W/Zygote  (   97): Waiting for PC Thread to complete loading
W/Zygote  (   97): Waiting for PC Thread to complete loading
W/Zygote  (   97): Waiting for PC Thread to complete loading
W/Zygote  (   97): Waiting for PC Thread to complete loading
W/Zygote  (   97): Waiting for PC Thread to complete loading
W/Zygote  (   97): Waiting for PC Thread to complete loading
W/Zygote  (   97): Waiting for PC Thread to complete loading
W/Zygote  (   97): Waiting for PC Thread to complete loading
W/Zygote  (   97): Waiting for PC Thread to complete loading
W/Zygote  (   97): Waiting for PC Thread to complete loading
W/Zygote  (   97): Waiting for PC Thread to complete loading
W/Zygote  (   97): Waiting for PC Thread to complete loading
W/Zygote  (   97): Waiting for PC Thread to complete loading
W/Zygote  (   97): Waiting for PC Thread to complete loading
W/Zygote  (   97): Waiting for PC Thread to complete loading
W/Zygote  (   97): Waiting for PC Thread to complete loading
W/Zygote  (   97): Waiting for PC Thread to complete loading
W/Zygote  (   97): Waiting for PC Thread to complete loading
W/Zygote  (   97): Waiting for PC Thread to complete loading
W/Zygote  (   97): Waiting for PC Thread to complete loading
W/Zygote  (   97): Waiting for PC Thread to complete loading
W/Zygote  (   97): Waiting for PC Thread to complete loading
W/Zygote  (   97): Waiting for PC Thread to complete loading
W/Zygote  (   97): Waiting for PC Thread to complete loading
W/Zygote  (   97): Waiting for PC Thread to complete loading
W/Zygote  (   97): Waiting for PC Thread to complete loading
W/Zygote  (   97): Waiting for PC Thread to complete loading
W/Zygote  (   97): Waiting for PC Thread to complete loading
W/Zygote  (   97): Waiting for PC Thread to complete loading
W/Zygote  (   97): Waiting for PC Thread to complete loading
W/Zygote  (   97): Waiting for PC Thread to complete loading
W/Zygote  (   97): Waiting for PC Thread to complete loading
W/Zygote  (   97): Waiting for PC Thread to complete loading
W/Zygote  (   97): Waiting for PC Thread to complete loading
W/Zygote  (   97): Waiting for PC Thread to complete loading
W/Zygote  (   97): Waiting for PC Thread to complete loading
W/Zygote  (   97): Waiting for PC Thread to complete loading
W/Zygote  (   97): Waiting for PC Thread to complete loading
W/Zygote  (   97): Waiting for PC Thread to complete loading
W/Zygote  (   97): Waiting for PC Thread to complete loading
W/Zygote  (   97): Waiting for PC Thread to complete loading
W/Zygote  (   97): Waiting for PC Thread to complete loading
W/Zygote  (   97): Waiting for PC Thread to complete loading
W/Zygote  (   97): Waiting for PC Thread to complete loading
W/Zygote  (   97): Waiting for PC Thread to complete loading
W/Zygote  (   97): Waiting for PC Thread to complete loading
W/Zygote  (   97): Waiting for PC Thread to complete loading
W/Zygote  (   97): Waiting for PC Thread to complete loading
W/Zygote  (   97): Waiting for PC Thread to complete loading
W/Zygote  (   97): Waiting for PC Thread to complete loading
W/Zygote  (   97): Waiting for PC Thread to complete loading
W/Zygote  (   97): Waiting for PC Thread to complete loading
W/Zygote  (   97): Waiting for PC Thread to complete loading
W/Zygote  (   97): Waiting for PC Thread to complete loading
W/Zygote  (   97): Waiting for PC Thread to complete loading
W/Zygote  (   97): Waiting for PC Thread to complete loading
W/Zygote  (   97): Waiting for PC Thread to complete loading
W/Zygote  (   97): Waiting for PC Thread to complete loading
W/Zygote  (   97): Waiting for PC Thread to complete loading
W/Zygote  (   97): Waiting for PC Thread to complete loading
W/Zygote  (   97): Waiting for PC Thread to complete loading
W/Zygote  (   97): Waiting for PC Thread to complete loading
W/Zygote  (   97): Waiting for PC Thread to complete loading
W/Zygote  (   97): Waiting for PC Thread to complete loading
