W/Zygote  (   97): Class not found for preloading: android.media.IRemoteControlClientDispatcher
W/Zygote  (   97): Class not found for preloading: android.media.IRemoteControlClientDispatcher$Stub
D/dalvikvm(   97): DexOpt: couldn't find static field Landroid/media/MediaScanner;.mCheckingDefaultSounds
W/dalvikvm(   97): VFY: unable to resolve static field 2011 (mCheckingDefaultSounds) in Landroid/media/MediaScanner;
D/dalvikvm(   97): VFY: replacing opcode 0x6a at 0x03c6
D/dalvikvm(   97): DexOpt: couldn't find static field Landroid/media/MediaScanner;.mCheckingDefaultSounds
W/dalvikvm(   97): VFY: unable to resolve static field 2011 (mCheckingDefaultSounds) in Landroid/media/MediaScanner;
D/dalvikvm(   97): VFY: replacing opcode 0x63 at 0x0000
W/dalvikvm(   97): Exception Ljava/lang/NoSuchFieldError; thrown while initializing Landroid/media/MediaScanner;
E/Zygote  (   97): Error preloading android.media.MediaScanner.
E/Zygote  (   97): java.lang.ExceptionInInitializerError
E/Zygote  (   97): 	at java.lang.Class.classForName(Native Method)
E/Zygote  (   97): 	at java.lang.Class.forName(Class.java:217)
E/Zygote  (   97): 	at java.lang.Class.forName(Class.java:172)
E/Zygote  (   97): 	at com.android.internal.os.ZygoteInit$2.run(ZygoteInit.java:430)
E/Zygote  (   97): 	at java.lang.Thread.run(Thread.java:856)
E/Zygote  (   97): Caused by: java.lang.NoSuchFieldError: android.media.MediaScanner.mCheckingDefaultSounds
E/Zygote  (   97): 	at android.media.MediaScanner.<clinit>(MediaScanner.java:407)
E/Zygote  (   97): 	... 5 more
W/dalvikvm(   97): threadid=5: thread exiting with uncaught exception (group=0x40c6c210)
V/AudioPolicyManagerBase(   99): initStreamVolume() stream 1, min 0, max 7
V/AudioPolicyManagerBase(   99): setStreamVolumeIndex() stream 1, index 2
V/AudioPolicyManagerALSA(   99): setStreamVolume() for output 1 stream 1, volume 0.100000, delay 0
V/AudioPolicyService(   99): inserting command: 2 at index 0, num commands 0
V/AudioPolicyService(   99): AudioCommandThread() adding set volume stream 1, volume 0.100000, output 1
V/AudioPolicyService(   99): AudioCommandThread() waking up
V/AudioPolicyService(   99): AudioCommandThread() processing set volume stream 1,                             volume 0.100000, output 1
V/AudioPolicyService(   99): AudioCommandThread() going to sleep
V/SamsungPowerSound(  174): power sound system volume index [2]
V/MediaPlayer(  174): constructor
V/AudioFlinger(   99): registerClient() client 0x1cdf470, pid 174
V/AudioFlinger(   99): sendConfigEvent() num events 1 event 0, param 0
V/AudioFlinger(   99): MixerThread 0x1ccd768 TID 221 waking up
W/AudioFlinger(   99): Thread AudioOut_1 cannot connect to the power manager service
V/AudioFlinger(   99): processConfigEvents() remaining events 1
V/AudioFlinger(   99): PlaybackThread::audioConfigChanged_l, thread 0x1ccd768, event 0, param 0
W/AudioHardwareALSA(   99): alsa CTS latency lowered to 9000 from 21768
V/AudioFlinger(   99): acquiring 2 from 174
V/AudioFlinger(   99):  added new entry for 2
E/SamsungPowerSound(  174): -------- SamsungPowerSoundObserver Constuctor ---------
E/SamsungPowerSound(  174): -------- SamsungPowerSoundPlayerListener Constuctor ---------
V/MediaPlayer(  174): setListener
V/SamsungPowerSound(  174): File path : system/media/audio/ui/PowerOn.ogg
V/MediaPlayerService(   99): Client(1) constructor
V/MediaPlayerService(   99): Create new client(1) from pid 174, uid 1013, 
V/MediaPlayerService(   99): player type = 3
V/MediaPlayerService(   99):  create StagefrightPlayer
E/SamsungPowerSound(  174): Enter SamsungPowerSoundObserver Thread
V/AwesomePlayer(   99): setDefault
V/AwesomePlayer(   99): constructor
V/AwesomePlayer(   99): setDefault
I/AwesomePlayer(   99): reset
I/AwesomePlayer(   99): cancel player events
V/AwesomePlayer(   99): mAudioTrackVector clear
I/AwesomePlayer(   99): --mSystemTimeSourceForSync reset ok
V/AwesomePlayer(   99): setListener
V/AwesomePlayer(   99): AwesomePlayer running on behalf of uid 1013
V/AudioSink(   99): AudioOutput(2)
V/StagefrightPlayer(   99): setAudioSink
V/AwesomePlayer(   99): setAudioSink
V/MediaPlayerService(   99):  setDataSource
I/AwesomePlayer(   99): cancel player events
V/AwesomePlayer(   99): mAudioTrackVector clear
I/AwesomePlayer(   99): --mSystemTimeSourceForSync reset ok
V/AwesomePlayer(   99): setDataSource_l(URL suppressed)
V/MediaPlayer(  174): MediaPlayer::setAudioStreamType
V/MediaPlayer(  174): prepare
V/MediaPlayerService(   99): [1] setAudioStreamType(1)
V/MediaPlayerService(   99): [1] prepareAsync
V/StagefrightPlayer(   99): prepareAsync
V/AwesomePlayer(   99): prepareAsync
V/AwesomePlayer(   99): onPrepareAsyncEvent
I/MediaExtractor(   99): Autodetected media content as 'application/ogg' with confidence 0.20
V/AwesomePlayer(   99): track of type 'audio/vorbis' does not publish bitrate
V/AwesomePlayer(   99): mBitrate = -1 bits/sec
V/AwesomePlayer(   99): current audio track (0)
V/AwesomePlayer(   99): current audio track (0) is added to vector[0]
V/AwesomePlayer(   99): setDataSource_l: Audio(1), Video(0)
I/AwesomePlayer(   99): AwesomePlayer::setDataSource_l():: This is not a DRM content
I/AwesomePlayer(   99): initAudioDecoder start
V/AwesomePlayer(   99): notifyListner_l() msg (5-MEDIA_SET_VIDEO_SIZE), ext1 (0), ext2 (0)
V/MediaPlayerService(   99): [1] notify (0x1ce42f0, 5, 0, 0)
V/MediaPlayer(  174): message received msg=5, ext1=0, ext2=0
V/MediaPlayer(  174): New video size 0 x 0
V/MediaPlayer(  174): callback application
V/SamsungPowerSound(  174): msg=5, ext1=0, ext2=0
E/SamsungPowerSound(  174): Power sound play exception
V/MediaPlayer(  174): back from callback
V/AwesomePlayer(   99): notifyListner_l() msg (1-MEDIA_PREPARED), ext1 (0), ext2 (0)
V/MediaPlayerService(   99): [1] notify (0x1ce42f0, 1, 0, 0)
V/MediaPlayer(  174): message received msg=1, ext1=0, ext2=0
V/MediaPlayer(  174): prepared
V/MediaPlayer(  174): signal application thread
V/MediaPlayer(  174): callback application
V/SamsungPowerSound(  174): msg=1, ext1=0, ext2=0
V/SamsungPowerSound(  174): Power sound playback dummy event
V/MediaPlayer(  174): back from callback
V/MediaPlayer(  174): prepare complete - status=0
V/AudioPolicyManagerBase(   99): getParamFromPolicy  deviceInt = 1, situationInt = 8, situationVolume = 0.500000
E/SamsungPowerSound(  174): getSettingVolume [0.500000]
V/MediaPlayer(  174): MediaPlayer::setVolume(0.500000, 0.500000)
V/MediaPlayerService(   99): [1] setVolume(0.500000, 0.500000)
V/AudioSink(   99): setVolume(0.500000, 0.500000)
V/MediaPlayer(  174): getDuration
V/MediaPlayerService(   99): getDuration
V/StagefrightPlayer(   99): getDuration
V/AwesomePlayer(   99): getDuration (4825396)
V/MediaPlayerService(   99): [1] getDuration = 4825
V/SamsungPowerSound(  174): File duration : 4825
V/MediaPlayerService(   99): [1] setLooping(0)
V/StagefrightPlayer(   99): setLooping (0)
V/AwesomePlayer(   99): setLooping (0)
V/MediaPlayerService(   99): [1] setVolume(0.500000, 0.500000)
V/AudioSink(   99): setVolume(0.500000, 0.500000)
V/MediaPlayerService(   99): [1] setAuxEffectSendLevel(0.000000)
V/AudioSink(   99): setAuxEffectSendLevel(0.000000)
V/MediaPlayerService(   99): [1] start
V/StagefrightPlayer(   99): setLooping (0)
V/AwesomePlayer(   99): setLooping (0)
V/StagefrightPlayer(   99): start
V/AwesomePlayer(   99): play
I/AwesomePlayer(   99): AwesomePlayer::play_l():: this is not widevine!! 
I/AwesomePlayer(   99): AwesomePlayer::play_l():: This is not a DRM content
V/AudioSink(   99): open(44100, 2, 1, 4, 2)
V/AudioPolicyService(   99): getOutput() tid 224
V/audio_policy_sprd(   99): audio_io_handle_t android::ap_get_output(audio_policy*, audio_stream_type_t, uint32_t, uint32_t, uint32_t, audio_policy_output_flags_t): tid 224
V/AudioPolicyManagerBase(   99): getDeviceForStrategy() from cache strategy 0, device 2
V/AudioPolicyManagerBase(   99): getOutput() stream 1, samplingRate 0, format 0, channels 3, flags 0
D/AudioPolicyManagerBase(   99): AudioPolicyManager::getOutput tmsDevice 0 device 2
V/AudioPolicyManagerBase(   99): getOutput() using hw output 1 devices 2
V/AudioSink(   99): Creating AudioTrack for Reverb - 0
V/AudioFlinger(   99): createTrack() sessionId: 2
V/AudioFlinger(   99): createTrack() lSessionId: 2
V/AudioFlinger(   99): Track constructor name 4096, calling thread 174
V/AudioFlinger(   99): acquiring 2 from 174
V/AudioFlinger(   99):  incremented refcount to 2
V/AudioSink(   99): setVolume
V/AudioSink(   99): start
V/AudioFlinger(   99): start(4096), calling thread 174 session 2
V/AudioFlinger(   99): ? => ACTIVE (4096) on thread 0x1cf7ef8
V/AudioPolicyService(   99): startOutput() tid 224
V/AudioPolicyManagerBase(   99): startOutput() output 1, stream 1, session 2
V/AudioPolicyManagerBase(   99): getDeviceForStrategy() from cache strategy 0, device 2
V/AudioPolicyManagerBase(   99): changeRefCount() stream 1, count 1
V/AudioPolicyManagerBase(   99): getDeviceForStrategy() from cache strategy 0, device 2
V/AudioPolicyManagerBase(   99): getNewDevice() selected device 2
V/AudioPolicyManagerALSA(   99): AudioPolicyManagerBase::setOutputDevice() output 1 device 2 delayMs 0
V/AudioPolicyManagerALSA(   99): setOutputDevice() setting same device 2 or null device for output 1
D/AudioPolicyManagerALSA(   99): startOutput() output=1, stream=1, session=2, phoneState=0
E/AudioFlinger(   99): addTrack_l streamType (2)
E/AudioFlinger(   99): addTrack_l streamType (0, 1) for mStreamTypes[stream].volume[0.100000]
D/AudioHardwareALSA(   99): ALSAStreamOps::setParameters() start_output_streamtype=1;start_output_streamvol=2
E/AudioHardwareALSA(   99): organ_volIndex=2
E/AudioHardwareALSA(   99): organ_streamIndex=1
E/AudioHardwareALSA(   99): setOrgan() 1,OnOff[1],volume[2]
W/ALSAModule(   99): audio_tune_hw4app_register tat=[12] volume_type=[0] volume_level=[2]
W/ALSAModule(   99): audio_tune_hw4app_policy bitmap=0x00001000 is 12
W/ALSAModule(   99): audio_tune_hw4app_write2hardware can't locate the right mFactoryRouteRCVMode [0]
W/ALSAModule(   99): audio_tune_hw4app_write2hardware will apply [12,music] vol_type0, vol_level2, eq_type0, device_mode3 to audio hardware
E/AudioHardwareALSA(   99): setOrgan=1
V/AudioFlinger(   99): mWaitWorkCV.broadcast
I/AudioMixer(   99): setParameter(TRACK, FORMAT, 1)
W/AudioHardwareALSA(   99): alsa-phone ringtone special process, speaker to 1 now [data 3840 bytes]
I/System  (   97): Loaded time zone names for  in 1684ms (1663ms in ICU)
E/DataRouter(  109): write [7] bytes of data to USB fd[13]
E/DataRouter(  109): [socket:17]dr_usb_write
D/dalvikvm(   97): GC_FOR_ALLOC freed 467K, 44% free 1440K/2560K, paused 13ms
E/DataRouter(  109): After the usb select 
E/DataRouter(  109): read usb data[len:1]
E/DataRouter(  109): read usb data message:A
E/DataRouter(  109): Before the usb select 
E/SMD     (   91): ***Received data notification[DR->SMD]***
E/SMD     (   91): Message:A
E/SMD     (   91): Sending data to SMD: Len = [1]
E/SMD     (   91):  buffer = [A]
E/SMD     (   91): Wrote 1 chars to SMD PORT fd=11 ch = 41
E/DataRouter(  109): After the usb select 
E/DataRouter(  109): read usb data[len:1]
E/DataRouter(  109): read usb data message:T
E/DataRouter(  109): Before the usb select 
E/SMD     (   91): ***Received data notification[DR->SMD]***
E/SMD     (   91): Message:T
E/SMD     (   91): Sending data to SMD: Len = [1]
E/SMD     (   91):  buffer = [T]
E/SMD     (   91): Wrote 1 chars to SMD PORT fd=11 ch = 54
I/System  (   97): Loaded time zone names for en_US in 1157ms (1130ms in ICU)
E/DataRouter(  109): After the usb select 
E/DataRouter(  109): read usb data[len:1]
E/DataRouter(  109): read usb data message:
E/DataRouter(  109): Before the usb select 
E/SMD     (   91): ***Received data notification[DR->SMD]***
E/SMD     (   91): Message:
E/SMD     (   91): Sending data to SMD: Len = [1]
E/SMD     (   91):  buffer = []
E/SMD     (   91): After the Modem Read select 
E/SMD     (   91): Read 7 chars from SMD Modem file fd = 11
E/SMD     (   91):  Message: desterr
E/SMD     (   91): Before the Modem Read select 
E/DataRouter(  109): [socket:17]******* Received data notification *******
E/DataRouter(  109): [socket:17]read socket data[len:7]
E/DataRouter(  109): [socket:17]read socket data[message:desterr
E/DataRouter(  109): write [7] bytes of data to USB fd[13]
E/DataRouter(  109): [socket:17]dr_usb_write
E/SMD     (   91): Wrote 1 chars to SMD PORT fd=11 ch = d
D/MFSERIAL(  107): open mux0 device.
D/MFSERIAL(  107): open mux11 device.
D/MFSERIAL(  107): Thread mux_reader_thread start: AT resp reader
D/MFSERIAL(  107): Thread mux_reader_thread start: Unsol resp reader
I/System  (   97): Loaded time zone names for zh_CN in 1340ms (1333ms in ICU)
E/SamsungPowerSound(  174): -------- SamsungPowerSoundPlayer Destructor ---------
D/dalvikvm(   97): GC_FOR_ALLOC freed 356K, 38% free 1596K/2560K, paused 43ms
D/dalvikvm(   97): GC_FOR_ALLOC freed 221K, 27% free 1886K/2560K, paused 17ms
I/Zygote  (   97): ...preloaded 2307 classes in 5297ms.
W/Zygote  (   97): Waiting for PC Thread to complete loading
W/Zygote  (   97): Waiting for PC Thread to complete loading
W/Zygote  (   97): Waiting for PC Thread to complete loading
W/Zygote  (   97): Waiting for PC Thread to complete loading
W/Zygote  (   97): Waiting for PC Thread to complete loading
W/Zygote  (   97): Waiting for PC Thread to complete loading
W/Zygote  (   97): Waiting for PC Thread to complete loading
W/Zygote  (   97): Waiting for PC Thread to complete loading
W/Zygote  (   97): Waiting for PC Thread to complete loading
W/Zygote  (   97): Waiting for PC Thread to complete loading
W/Zygote  (   97): Waiting for PC Thread to complete loading
W/Zygote  (   97): Waiting for PC Thread to complete loading
W/Zygote  (   97): Waiting for PC Thread to complete loading
W/Zygote  (   97): Waiting for PC Thread to complete loading
W/Zygote  (   97): Waiting for PC Thread to complete loading
W/Zygote  (   97): Waiting for PC Thread to complete loading
W/Zygote  (   97): Waiting for PC Thread to complete loading
W/Zygote  (   97): Waiting for PC Thread to complete loading
W/Zygote  (   97): Waiting for PC Thread to complete loading
W/Zygote  (   97): Waiting for PC Thread to complete loading
W/Zygote  (   97): Waiting for PC Thread to complete loading
W/Zygote  (   97): Waiting for PC Thread to complete loading
W/Zygote  (   97): Waiting for PC Thread to complete loading
W/Zygote  (   97): Waiting for PC Thread to complete loading
W/Zygote  (   97): Waiting for PC Thread to complete loading
W/Zygote  (   97): Waiting for PC Thread to complete loading
W/Zygote  (   97): Waiting for PC Thread to complete loading
W/Zygote  (   97): Waiting for PC Thread to complete loading
W/Zygote  (   97): Waiting for PC Thread to complete loading
W/Zygote  (   97): Waiting for PC Thread to complete loading
W/Zygote  (   97): Waiting for PC Thread to complete loading
W/Zygote  (   97): Waiting for PC Thread to complete loading
W/Zygote  (   97): Waiting for PC Thread to complete loading
W/Zygote  (   97): Waiting for PC Thread to complete loading
W/Zygote  (   97): Waiting for PC Thread to complete loading
W/Zygote  (   97): Waiting for PC Thread to complete loading
W/Zygote  (   97): Waiting for PC Thread to complete loading
W/Zygote  (   97): Waiting for PC Thread to complete loading
W/Zygote  (   97): Waiting for PC Thread to complete loading
W/Zygote  (   97): Waiting for PC Thread to complete loading
W/Zygote  (   97): Waiting for PC Thread to complete loading
W/Zygote  (   97): Waiting for PC Thread to complete loading
W/Zygote  (   97): Waiting for PC Thread to complete loading
W/Zygote  (   97): Waiting for PC Thread to complete loading
W/Zygote  (   97): Waiting for PC Thread to complete loading
W/Zygote  (   97): Waiting for PC Thread to complete loading
W/Zygote  (   97): Waiting for PC Thread to complete loading
W/Zygote  (   97): Waiting for PC Thread to complete loading
W/Zygote  (   97): Waiting for PC Thread to complete loading
W/Zygote  (   97): Waiting for PC Thread to complete loading
W/Zygote  (   97): Waiting for PC Thread to complete loading
W/Zygote  (   97): Waiting for PC Thread to complete loading
W/Zygote  (   97): Waiting for PC Thread to complete loading
W/Zygote  (   97): Waiting for PC Thread to complete loading
W/Zygote  (   97): Waiting for PC Thread to complete loading
W/Zygote  (   97): Waiting for PC Thread to complete loading
W/Zygote  (   97): Waiting for PC Thread to complete loading
W/Zygote  (   97): Waiting for PC Thread to complete loading
W/Zygote  (   97): Waiting for PC Thread to complete loading
W/Zygote  (   97): Waiting for PC Thread to complete loading
W/Zygote  (   97): Waiting for PC Thread to complete loading
W/Zygote  (   97): Waiting for PC Thread to complete loading
W/Zygote  (   97): Waiting for PC Thread to complete loading
W/Zygote  (   97): Waiting for PC Thread to complete loading
W/Zygote  (   97): Waiting for PC Thread to complete loading
W/Zygote  (   97): Waiting for PC Thread to complete loading
W/Zygote  (   97): Waiting for PC Thread to complete loading
W/Zygote  (   97): Waiting for PC Thread to complete loading
W/Zygote  (   97): Waiting for PC Thread to complete loading
W/Zygote  (   97): Waiting for PC Thread to complete loading
W/Zygote  (   97): Waiting for PC Thread to complete loading
W/Zygote  (   97): Waiting for PC Thread to complete loading
E/DataRouter(  109): After the usb select 
E/DataRouter(  109): read usb data[len:5]
E/DataRouter(  109): read usb data message:~
E/DataRouter(  109): Before the usb select 
E/SMD     (   91): ***Received data notification[DR->SMD]***
E/SMD     (   91): Path set is DATA_PATH_DR_SMD_MANAGER
W/Zygote  (   97): Waiting for PC Thread to complete loading
W/Zygote  (   97): Waiting for PC Thread to complete loading
W/Zygote  (   97): Waiting for PC Thread to complete loading
W/Zygote  (   97): Waiting for PC Thread to complete loading
W/Zygote  (   97): Waiting for PC Thread to complete loading
W/Zygote  (   97): Waiting for PC Thread to complete loading
W/Zygote  (   97): Waiting for PC Thread to complete loading
W/Zygote  (   97): Waiting for PC Thread to complete loading
W/Zygote  (   97): Waiting for PC Thread to complete loading
W/Zygote  (   97): Waiting for PC Thread to complete loading
W/Zygote  (   97): Waiting for PC Thread to complete loading
W/Zygote  (   97): Waiting for PC Thread to complete loading
W/Zygote  (   97): Waiting for PC Thread to complete loading
W/Zygote  (   97): Waiting for PC Thread to complete loading
W/Zygote  (   97): Waiting for PC Thread to complete loading
W/Zygote  (   97): Waiting for PC Thread to complete loading
W/Zygote  (   97): Waiting for PC Thread to complete loading
W/Zygote  (   97): Waiting for PC Thread to complete loading
W/Zygote  (   97): Waiting for PC Thread to complete loading
W/Zygote  (   97): Waiting for PC Thread to complete loading
W/Zygote  (   97): Waiting for PC Thread to complete loading
W/Zygote  (   97): Waiting for PC Thread to complete loading
W/Zygote  (   97): Waiting for PC Thread to complete loading
W/Zygote  (   97): Waiting for PC Thread to complete loading
W/Zygote  (   97): Waiting for PC Thread to complete loading
W/Zygote  (   97): Waiting for PC Thread to complete loading
W/Zygote  (   97): Waiting for PC Thread to complete loading
W/Zygote  (   97): Waiting for PC Thread to complete loading
W/Zygote  (   97): Waiting for PC Thread to complete loading
E/OMXCodec(   99): [OMX.google.vorbis.decoder] err = -1011
W/Zygote  (   97): Waiting for PC Thread to complete loading
W/Zygote  (   97): Waiting for PC Thread to complete loading
W/Zygote  (   97): Waiting for PC Thread to complete loading
W/Zygote  (   97): Waiting for PC Thread to complete loading
W/Zygote  (   97): Waiting for PC Thread to complete loading
W/Zygote  (   97): Waiting for PC Thread to complete loading
W/Zygote  (   97): Waiting for PC Thread to complete loading
W/Zygote  (   97): Waiting for PC Thread to complete loading
W/Zygote  (   97): Waiting for PC Thread to complete loading
W/Zygote  (   97): Waiting for PC Thread to complete loading
W/Zygote  (   97): Waiting for PC Thread to complete loading
W/Zygote  (   97): Waiting for PC Thread to complete loading
W/Zygote  (   97): Waiting for PC Thread to complete loading
V/AwesomePlayer(   99): MEDIA_PLAYBACK_COMPLETE
V/AwesomePlayer(   99): notifyListner_l() msg (2-MEDIA_PLAYBACK_COMPLETE), ext1 (0), ext2 (0)
V/MediaPlayerService(   99): [1] notify (0x1ce42f0, 2, 0, 0)
V/MediaPlayer(  174): message received msg=2, ext1=0, ext2=0
V/MediaPlayer(  174): playback complete
V/MediaPlayer(  174): callback application
V/SamsungPowerSound(  174): msg=2, ext1=0, ext2=0
E/SamsungPowerSound(  174): Power sound playback complete
E/SamsungPowerSound(  174): -------- SamsungPowerSoundObserver : requestExit ---------
E/SamsungPowerSound(  174): -------- SamsungPowerSoundObserver Destructor ---------
V/MediaPlayer(  174): disconnect
V/MediaPlayerService(   99): disconnect(1) from pid 174
V/StagefrightPlayer(   99): reset
V/AudioSink(   99): stop
V/AudioFlinger(   99): stop(4096), calling thread 99
V/AudioFlinger(   99): (> STOPPED) => STOPPED (4096) on thread 0x1ccd768
V/AudioPolicyService(   99): stopOutput() tid 228
D/AudioPolicyManagerALSA(   99): stopOutput() output=1, stream=1, sesssion=2
V/AudioPolicyManagerBase(   99): stopOutput() output 1, stream 1, session 2
V/AudioPolicyManagerBase(   99): changeRefCount() stream 1, count 0
V/AudioPolicyManagerBase(   99): getNewDevice() selected device 0
V/AudioPolicyManagerALSA(   99): AudioPolicyManagerBase::setOutputDevice() output 1 device 0 delayMs 18
V/AudioPolicyManagerALSA(   99): setOutputDevice() setting same device 0 or null device for output 1
I/AwesomePlayer(   99): reset
I/AwesomePlayer(   99): cancel player events
V/AwesomePlayer(   99): mAudioTrackVector clear
V/AudioSink(   99): stop
I/AudioSink(   99): +++ close
V/AudioPolicyService(   99): releaseOutput() tid 99
V/AudioPolicyManagerBase(   99): releaseOutput() 1
V/AudioFlinger(   99): releasing 2 from 174
V/AudioFlinger(   99):  decremented refcount to 1
I/AudioSink(   99): --- close
I/OMXCodec(   99): [OMX.google.vorbis.decoder] stop() sendCommand(0x1, OMX_CommandStateSet, OMX_StateIdle)
I/OMXCodec(   99): [OMX.google.vorbis.decoder] stopped in state 1
I/AwesomePlayer(   99): --mSystemTimeSourceForSync reset ok
V/StagefrightPlayer(   99): ~StagefrightPlayer
V/StagefrightPlayer(   99): reset
I/AwesomePlayer(   99): reset
I/AwesomePlayer(   99): cancel player events
V/AwesomePlayer(   99): mAudioTrackVector clear
I/AwesomePlayer(   99): --mSystemTimeSourceForSync reset ok
V/AwesomePlayer(   99): destructor
I/AwesomePlayer(   99): reset
I/AwesomePlayer(   99): cancel player events
V/AwesomePlayer(   99): mAudioTrackVector clear
I/AwesomePlayer(   99): --mSystemTimeSourceForSync reset ok
V/AwesomePlayer(   99): ~AwesomePlayer()
E/SamsungPowerSound(  174): Power sound playback complete, set bootsnd property to 0
V/MediaPlayer(  174): back from callback
V/MediaPlayer(  174): destructor
V/AudioFlinger(   99): releasing 2 from 174
V/AudioFlinger(   99):  decremented refcount to 0
V/AudioFlinger(   99): purging stale effects
V/MediaPlayerService(   99): Client(1) destructor pid = 174
I/AudioSink(   99): +++ close
I/AudioSink(   99): --- close
V/MediaPlayerService(   99): disconnect(1) from pid 174
V/MediaPlayer(  174): disconnect
E/SamsungPowerSound(  174): -------- SamsungPowerSoundPlayerListener Destructor ---------
W/Zygote  (   97): Waiting for PC Thread to complete loading
W/Zygote  (   97): Waiting for PC Thread to complete loading
V/AudioFlinger(   99): remove track (4096) and delete from mixer
W/Zygote  (   97): Waiting for PC Thread to complete loading
V/AudioFlinger(   99): PlaybackThread::Track destructor
V/AudioFlinger(   99): removeClient_l() pid 99, tid 221, calling tid 99
W/Zygote  (   97): Waiting for PC Thread to complete loading
W/Zygote  (   97): Waiting for PC Thread to complete loading
W/Zygote  (   97): Waiting for PC Thread to complete loading
W/Zygote  (   97): Waiting for PC Thread to complete loading
W/Zygote  (   97): Waiting for PC Thread to complete loading
W/Zygote  (   97): Waiting for PC Thread to complete loading
W/Zygote  (   97): Waiting for PC Thread to complete loading
W/Zygote  (   97): Waiting for PC Thread to complete loading
W/Zygote  (   97): Waiting for PC Thread to complete loading
W/Zygote  (   97): Waiting for PC Thread to complete loading
W/Zygote  (   97): Waiting for PC Thread to complete loading
W/Zygote  (   97): Waiting for PC Thread to complete loading
W/Zygote  (   97): Waiting for PC Thread to complete loading
W/Zygote  (   97): Waiting for PC Thread to complete loading
W/Zygote  (   97): Waiting for PC Thread to complete loading
W/Zygote  (   97): Waiting for PC Thread to complete loading
W/Zygote  (   97): Waiting for PC Thread to complete loading
W/Zygote  (   97): Waiting for PC Thread to complete loading
W/Zygote  (   97): Waiting for PC Thread to complete loading
W/Zygote  (   97): Waiting for PC Thread to complete loading
W/Zygote  (   97): Waiting for PC Thread to complete loading
W/Zygote  (   97): Waiting for PC Thread to complete loading
W/Zygote  (   97): Waiting for PC Thread to complete loading
W/Zygote  (   97): Waiting for PC Thread to complete loading
W/Zygote  (   97): Waiting for PC Thread to complete loading
W/Zygote  (   97): Waiting for PC Thread to complete loading
W/Zygote  (   97): Waiting for PC Thread to complete loading
W/Zygote  (   97): Waiting for PC Thread to complete loading
W/Zygote  (   97): Waiting for PC Thread to complete loading
W/Zygote  (   97): Waiting for PC Thread to complete loading
W/Zygote  (   97): Waiting for PC Thread to complete loading
W/Zygote  (   97): Waiting for PC Thread to complete loading
W/Zygote  (   97): Waiting for PC Thread to complete loading
W/Zygote  (   97): Waiting for PC Thread to complete loading
W/Zygote  (   97): Waiting for PC Thread to complete loading
W/Zygote  (   97): Waiting for PC Thread to complete loading
W/Zygote  (   97): Waiting for PC Thread to complete loading
W/Zygote  (   97): Waiting for PC Thread to complete loading
W/Zygote  (   97): Waiting for PC Thread to complete loading
W/Zygote  (   97): Waiting for PC Thread to complete loading
W/Zygote  (   97): Waiting for PC Thread to complete loading
W/Zygote  (   97): Waiting for PC Thread to complete loading
W/Zygote  (   97): Waiting for PC Thread to complete loading
W/Zygote  (   97): Waiting for PC Thread to complete loading
W/Zygote  (   97): Waiting for PC Thread to complete loading
W/Zygote  (   97): Waiting for PC Thread to complete loading
W/Zygote  (   97): Waiting for PC Thread to complete loading
W/Zygote  (   97): Waiting for PC Thread to complete loading
W/Zygote  (   97): Waiting for PC Thread to complete loading
W/Zygote  (   97): Waiting for PC Thread to complete loading
W/Zygote  (   97): Waiting for PC Thread to complete loading
W/Zygote  (   97): Waiting for PC Thread to complete loading
W/Zygote  (   97): Waiting for PC Thread to complete loading
W/Zygote  (   97): Waiting for PC Thread to complete loading
W/Zygote  (   97): Waiting for PC Thread to complete loading
W/Zygote  (   97): Waiting for PC Thread to complete loading
W/Zygote  (   97): Waiting for PC Thread to complete loading
W/Zygote  (   97): Waiting for PC Thread to complete loading
W/Zygote  (   97): Waiting for PC Thread to complete loading
W/Zygote  (   97): Waiting for PC Thread to complete loading
W/Zygote  (   97): Waiting for PC Thread to complete loading
W/Zygote  (   97): Waiting for PC Thread to complete loading
W/Zygote  (   97): Waiting for PC Thread to complete loading
W/Zygote  (   97): Waiting for PC Thread to complete loading
W/Zygote  (   97): Waiting for PC Thread to complete loading
W/Zygote  (   97): Waiting for PC Thread to complete loading
W/Zygote  (   97): Waiting for PC Thread to complete loading
W/Zygote  (   97): Waiting for PC Thread to complete loading
W/Zygote  (   97): Waiting for PC Thread to complete loading
W/Zygote  (   97): Waiting for PC Thread to complete loading
W/Zygote  (   97): Waiting for PC Thread to complete loading
W/Zygote  (   97): Waiting for PC Thread to complete loading
W/Zygote  (   97): Waiting for PC Thread to complete loading
W/Zygote  (   97): Waiting for PC Thread to complete loading
W/Zygote  (   97): Waiting for PC Thread to complete loading
W/Zygote  (   97): Waiting for PC Thread to complete loading
W/Zygote  (   97): Waiting for PC Thread to complete loading
W/Zygote  (   97): Waiting for PC Thread to complete loading
W/Zygote  (   97): Waiting for PC Thread to complete loading
W/Zygote  (   97): Waiting for PC Thread to complete loading
W/Zygote  (   97): Waiting for PC Thread to complete loading
W/Zygote  (   97): Waiting for PC Thread to complete loading
W/Zygote  (   97): Waiting for PC Thread to complete loading
W/Zygote  (   97): Waiting for PC Thread to complete loading
W/Zygote  (   97): Waiting for PC Thread to complete loading
W/Zygote  (   97): Waiting for PC Thread to complete loading
W/Zygote  (   97): Waiting for PC Thread to complete loading
W/Zygote  (   97): Waiting for PC Thread to complete loading
W/Zygote  (   97): Waiting for PC Thread to complete loading
W/Zygote  (   97): Waiting for PC Thread to complete loading
W/Zygote  (   97): Waiting for PC Thread to complete loading
W/Zygote  (   97): Waiting for PC Thread to complete loading
W/Zygote  (   97): Waiting for PC Thread to complete loading
W/Zygote  (   97): Waiting for PC Thread to complete loading
W/Zygote  (   97): Waiting for PC Thread to complete loading
W/Zygote  (   97): Waiting for PC Thread to complete loading
W/Zygote  (   97): Waiting for PC Thread to complete loading
W/Zygote  (   97): Waiting for PC Thread to complete loading
W/Zygote  (   97): Waiting for PC Thread to complete loading
W/Zygote  (   97): Waiting for PC Thread to complete loading
W/Zygote  (   97): Waiting for PC Thread to complete loading
W/Zygote  (   97): Waiting for PC Thread to complete loading
W/Zygote  (   97): Waiting for PC Thread to complete loading
W/Zygote  (   97): Waiting for PC Thread to complete loading
W/Zygote  (   97): Waiting for PC Thread to complete loading
W/Zygote  (   97): Waiting for PC Thread to complete loading
W/Zygote  (   97): Waiting for PC Thread to complete loading
W/Zygote  (   97): Waiting for PC Thread to complete loading
W/Zygote  (   97): Waiting for PC Thread to complete loading
W/Zygote  (   97): Waiting for PC Thread to complete loading
W/Zygote  (   97): Waiting for PC Thread to complete loading
W/Zygote  (   97): Waiting for PC Thread to complete loading
W/Zygote  (   97): Waiting for PC Thread to complete loading
W/Zygote  (   97): Waiting for PC Thread to complete loading
W/Zygote  (   97): Waiting for PC Thread to complete loading
W/Zygote  (   97): Waiting for PC Thread to complete loading
W/Zygote  (   97): Waiting for PC Thread to complete loading
W/Zygote  (   97): Waiting for PC Thread to complete loading
W/Zygote  (   97): Waiting for PC Thread to complete loading
W/Zygote  (   97): Waiting for PC Thread to complete loading
W/Zygote  (   97): Waiting for PC Thread to complete loading
W/Zygote  (   97): Waiting for PC Thread to complete loading
W/Zygote  (   97): Waiting for PC Thread to complete loading
W/Zygote  (   97): Waiting for PC Thread to complete loading
W/Zygote  (   97): Waiting for PC Thread to complete loading
W/Zygote  (   97): Waiting for PC Thread to complete loading
W/Zygote  (   97): Waiting for PC Thread to complete loading
W/Zygote  (   97): Waiting for PC Thread to complete loading
W/Zygote  (   97): Waiting for PC Thread to complete loading
W/Zygote  (   97): Waiting for PC Thread to complete loading
W/Zygote  (   97): Waiting for PC Thread to complete loading
W/Zygote  (   97): Waiting for PC Thread to complete loading
W/Zygote  (   97): Waiting for PC Thread to complete loading
W/Zygote  (   97): Waiting for PC Thread to complete loading
W/Zygote  (   97): Waiting for PC Thread to complete loading
W/Zygote  (   97): Waiting for PC Thread to complete loading
W/Zygote  (   97): Waiting for PC Thread to complete loading
W/Zygote  (   97): Waiting for PC Thread to complete loading
W/Zygote  (   97): Waiting for PC Thread to complete loading
W/Zygote  (   97): Waiting for PC Thread to complete loading
W/Zygote  (   97): Waiting for PC Thread to complete loading
W/Zygote  (   97): Waiting for PC Thread to complete loading
W/Zygote  (   97): Waiting for PC Thread to complete loading
W/Zygote  (   97): Waiting for PC Thread to complete loading
W/Zygote  (   97): Waiting for PC Thread to complete loading
W/Zygote  (   97): Waiting for PC Thread to complete loading
W/Zygote  (   97): Waiting for PC Thread to complete loading
W/Zygote  (   97): Waiting for PC Thread to complete loading
W/Zygote  (   97): Waiting for PC Thread to complete loading
W/Zygote  (   97): Waiting for PC Thread to complete loading
W/Zygote  (   97): Waiting for PC Thread to complete loading
W/Zygote  (   97): Waiting for PC Thread to complete loading
W/Zygote  (   97): Waiting for PC Thread to complete loading
W/Zygote  (   97): Waiting for PC Thread to complete loading
W/Zygote  (   97): Waiting for PC Thread to complete loading
W/Zygote  (   97): Waiting for PC Thread to complete loading
W/Zygote  (   97): Waiting for PC Thread to complete loading
W/Zygote  (   97): Waiting for PC Thread to complete loading
W/Zygote  (   97): Waiting for PC Thread to complete loading
W/Zygote  (   97): Waiting for PC Thread to complete loading
W/Zygote  (   97): Waiting for PC Thread to complete loading
W/Zygote  (   97): Waiting for PC Thread to complete loading
W/Zygote  (   97): Waiting for PC Thread to complete loading
W/Zygote  (   97): Waiting for PC Thread to complete loading
W/Zygote  (   97): Waiting for PC Thread to complete loading
W/Zygote  (   97): Waiting for PC Thread to complete loading
W/Zygote  (   97): Waiting for PC Thread to complete loading
W/Zygote  (   97): Waiting for PC Thread to complete loading
W/Zygote  (   97): Waiting for PC Thread to complete loading
W/Zygote  (   97): Waiting for PC Thread to complete loading
W/Zygote  (   97): Waiting for PC Thread to complete loading
W/Zygote  (   97): Waiting for PC Thread to complete loading
W/Zygote  (   97): Waiting for PC Thread to complete loading
W/Zygote  (   97): Waiting for PC Thread to complete loading
W/Zygote  (   97): Waiting for PC Thread to complete loading
W/Zygote  (   97): Waiting for PC Thread to complete loading
W/Zygote  (   97): Waiting for PC Thread to complete loading
W/Zygote  (   97): Waiting for PC Thread to complete loading
W/Zygote  (   97): Waiting for PC Thread to complete loading
W/Zygote  (   97): Waiting for PC Thread to complete loading
W/Zygote  (   97): Waiting for PC Thread to complete loading
W/Zygote  (   97): Waiting for PC Thread to complete loading
W/Zygote  (   97): Waiting for PC Thread to complete loading
W/Zygote  (   97): Waiting for PC Thread to complete loading
W/Zygote  (   97): Waiting for PC Thread to complete loading
W/Zygote  (   97): Waiting for PC Thread to complete loading
W/Zygote  (   97): Waiting for PC Thread to complete loading
W/Zygote  (   97): Waiting for PC Thread to complete loading
W/Zygote  (   97): Waiting for PC Thread to complete loading
W/Zygote  (   97): Waiting for PC Thread to complete loading
W/Zygote  (   97): Waiting for PC Thread to complete loading
W/Zygote  (   97): Waiting for PC Thread to complete loading
W/Zygote  (   97): Waiting for PC Thread to complete loading
W/Zygote  (   97): Waiting for PC Thread to complete loading
W/Zygote  (   97): Waiting for PC Thread to complete loading
W/Zygote  (   97): Waiting for PC Thread to complete loading
W/Zygote  (   97): Waiting for PC Thread to complete loading
W/Zygote  (   97): Waiting for PC Thread to complete loading
W/Zygote  (   97): Waiting for PC Thread to complete loading
W/Zygote  (   97): Waiting for PC Thread to complete loading
W/Zygote  (   97): Waiting for PC Thread to complete loading
W/Zygote  (   97): Waiting for PC Thread to complete loading
W/Zygote  (   97): Waiting for PC Thread to complete loading
W/Zygote  (   97): Waiting for PC Thread to complete loading
D/PHONESERVER(  148): async_symlink finished /dev/pts/0 /dev/CHNPTY0
D/PHONESERVER(  148): chnmng_find_buffer!
D/PHONESERVER(  148): CHNMNG:to open /dev/ptmx !
W/Zygote  (   97): Waiting for PC Thread to complete loading
D/PHONESERVER(  148): CHNMNG:/dev/ptmx opened!
D/PHONESERVER(  148): CHNMNG:/dev/ptmx opened rett=0 ptn=3!
D/PHONESERVER(  148): CHNMNG get pty OK mpty=39!
D/PHONESERVER(  148): async_symlink /dev/pts/3 /dev/CHNPTY1
W/Zygote  (   97): Waiting for PC Thread to complete loading
W/Zygote  (   97): Waiting for PC Thread to complete loading
W/Zygote  (   97): Waiting for PC Thread to complete loading
W/Zygote  (   97): Waiting for PC Thread to complete loading
W/Zygote  (   97): Waiting for PC Thread to complete loading
W/Zygote  (   97): Waiting for PC Thread to complete loading
W/Zygote  (   97): Waiting for PC Thread to complete loading
W/Zygote  (   97): Waiting for PC Thread to complete loading
W/Zygote  (   97): Waiting for PC Thread to complete loading
W/Zygote  (   97): Waiting for PC Thread to complete loading
W/Zygote  (   97): Waiting for PC Thread to complete loading
W/Zygote  (   97): Waiting for PC Thread to complete loading
W/Zygote  (   97): Waiting for PC Thread to complete loading
W/Zygote  (   97): Waiting for PC Thread to complete loading
W/Zygote  (   97): Waiting for PC Thread to complete loading
W/Zygote  (   97): Waiting for PC Thread to complete loading
W/Zygote  (   97): Waiting for PC Thread to complete loading
W/Zygote  (   97): Waiting for PC Thread to complete loading
W/Zygote  (   97): Waiting for PC Thread to complete loading
W/Zygote  (   97): Waiting for PC Thread to complete loading
W/Zygote  (   97): Waiting for PC Thread to complete loading
W/Zygote  (   97): Waiting for PC Thread to complete loading
W/Zygote  (   97): Waiting for PC Thread to complete loading
W/Zygote  (   97): Waiting for PC Thread to complete loading
W/Zygote  (   97): Waiting for PC Thread to complete loading
W/Zygote  (   97): Waiting for PC Thread to complete loading
W/Zygote  (   97): Waiting for PC Thread to complete loading
W/Zygote  (   97): Waiting for PC Thread to complete loading
W/Zygote  (   97): Waiting for PC Thread to complete loading
W/Zygote  (   97): Waiting for PC Thread to complete loading
W/Zygote  (   97): Waiting for PC Thread to complete loading
W/Zygote  (   97): Waiting for PC Thread to complete loading
W/Zygote  (   97): Waiting for PC Thread to complete loading
W/Zygote  (   97): Waiting for PC Thread to complete loading
W/Zygote  (   97): Waiting for PC Thread to complete loading
W/Zygote  (   97): Waiting for PC Thread to complete loading
W/Zygote  (   97): Waiting for PC Thread to complete loading
W/Zygote  (   97): Waiting for PC Thread to complete loading
W/Zygote  (   97): Waiting for PC Thread to complete loading
W/Zygote  (   97): Waiting for PC Thread to complete loading
W/Zygote  (   97): Waiting for PC Thread to complete loading
E/DataRouter(  109): After the usb select 
E/DataRouter(  109): read usb data[len:5]
E/DataRouter(  109): read usb data message:~
E/DataRouter(  109): Before the usb select 
E/SMD     (   91): ***Received data notification[DR->SMD]***
E/SMD     (   91): Path set is DATA_PATH_DR_SMD_MANAGER
W/Zygote  (   97): Waiting for PC Thread to complete loading
W/Zygote  (   97): Waiting for PC Thread to complete loading
W/Zygote  (   97): Waiting for PC Thread to complete loading
W/Zygote  (   97): Waiting for PC Thread to complete loading
W/Zygote  (   97): Waiting for PC Thread to complete loading
W/Zygote  (   97): Waiting for PC Thread to complete loading
W/Zygote  (   97): Waiting for PC Thread to complete loading
W/Zygote  (   97): Waiting for PC Thread to complete loading
W/Zygote  (   97): Waiting for PC Thread to complete loading
W/Zygote  (   97): Waiting for PC Thread to complete loading
W/Zygote  (   97): Waiting for PC Thread to complete loading
W/Zygote  (   97): Waiting for PC Thread to complete loading
W/Zygote  (   97): Waiting for PC Thread to complete loading
W/Zygote  (   97): Waiting for PC Thread to complete loading
W/Zygote  (   97): Waiting for PC Thread to complete loading
W/Zygote  (   97): Waiting for PC Thread to complete loading
W/Zygote  (   97): Waiting for PC Thread to complete loading
W/Zygote  (   97): Waiting for PC Thread to complete loading
W/Zygote  (   97): Waiting for PC Thread to complete loading
W/Zygote  (   97): Waiting for PC Thread to complete loading
W/Zygote  (   97): Waiting for PC Thread to complete loading
W/Zygote  (   97): Waiting for PC Thread to complete loading
W/Zygote  (   97): Waiting for PC Thread to complete loading
W/Zygote  (   97): Waiting for PC Thread to complete loading
W/Zygote  (   97): Waiting for PC Thread to complete loading
W/Zygote  (   97): Waiting for PC Thread to complete loading
W/Zygote  (   97): Waiting for PC Thread to complete loading
W/Zygote  (   97): Waiting for PC Thread to complete loading
W/Zygote  (   97): Waiting for PC Thread to complete loading
W/Zygote  (   97): Waiting for PC Thread to complete loading
W/Zygote  (   97): Waiting for PC Thread to complete loading
W/Zygote  (   97): Waiting for PC Thread to complete loading
W/Zygote  (   97): Waiting for PC Thread to complete loading
W/Zygote  (   97): Waiting for PC Thread to complete loading
W/Zygote  (   97): Waiting for PC Thread to complete loading
W/Zygote  (   97): Waiting for PC Thread to complete loading
W/Zygote  (   97): Waiting for PC Thread to complete loading
W/Zygote  (   97): Waiting for PC Thread to complete loading
W/Zygote  (   97): Waiting for PC Thread to complete loading
W/Zygote  (   97): Waiting for PC Thread to complete loading
W/Zygote  (   97): Waiting for PC Thread to complete loading
W/Zygote  (   97): Waiting for PC Thread to complete loading
W/Zygote  (   97): Waiting for PC Thread to complete loading
V/AudioFlinger(   99): Audio hardware entering standby, mixer 0x1ccd768, mSuspended 0
D/LVVE_Engine(   99): LVVEFS_Rx_Command LVVEFS_COMMAND_RESET returns success
W/AudioHardwareALSA(   99): AudioStreamOutALSA::standby snd_pcm_drain start ...
W/Zygote  (   97): Waiting for PC Thread to complete loading
W/Zygote  (   97): Waiting for PC Thread to complete loading
W/AudioHardwareALSA(   99): AudioStreamOutALSA::standby snd_pcm_drain finish ...
V/AudioFlinger(   99): MixerThread 0x1ccd768 TID 221 going to sleep
W/Zygote  (   97): Waiting for PC Thread to complete loading
W/Zygote  (   97): Waiting for PC Thread to complete loading
W/Zygote  (   97): Waiting for PC Thread to complete loading
W/Zygote  (   97): Waiting for PC Thread to complete loading
W/Zygote  (   97): Waiting for PC Thread to complete loading
W/Zygote  (   97): Waiting for PC Thread to complete loading
W/Zygote  (   97): Waiting for PC Thread to complete loading
W/Zygote  (   97): Waiting for PC Thread to complete loading
W/Zygote  (   97): Waiting for PC Thread to complete loading
W/Zygote  (   97): Waiting for PC Thread to complete loading
W/Zygote  (   97): Waiting for PC Thread to complete loading
D/PHONESERVER(  148): async_symlink finished /dev/pts/3 /dev/CHNPTY1
D/PHONESERVER(  148): chnmng_find_buffer!
D/PHONESERVER(  148): CHNMNG:to open /dev/ptmx !
D/PHONESERVER(  148): CHNMNG:/dev/ptmx opened!
D/PHONESERVER(  148): CHNMNG:/dev/ptmx opened rett=0 ptn=4!
D/PHONESERVER(  148): CHNMNG get pty OK mpty=41!
D/PHONESERVER(  148): async_symlink /dev/pts/4 /dev/CHNPTY2
W/Zygote  (   97): Waiting for PC Thread to complete loading
W/Zygote  (   97): Waiting for PC Thread to complete loading
W/Zygote  (   97): Waiting for PC Thread to complete loading
W/Zygote  (   97): Waiting for PC Thread to complete loading
W/Zygote  (   97): Waiting for PC Thread to complete loading
W/Zygote  (   97): Waiting for PC Thread to complete loading
W/Zygote  (   97): Waiting for PC Thread to complete loading
W/Zygote  (   97): Waiting for PC Thread to complete loading
W/Zygote  (   97): Waiting for PC Thread to complete loading
W/Zygote  (   97): Waiting for PC Thread to complete loading
W/Zygote  (   97): Waiting for PC Thread to complete loading
W/Zygote  (   97): Waiting for PC Thread to complete loading
W/Zygote  (   97): Waiting for PC Thread to complete loading
W/Zygote  (   97): Waiting for PC Thread to complete loading
W/Zygote  (   97): Waiting for PC Thread to complete loading
W/Zygote  (   97): Waiting for PC Thread to complete loading
W/Zygote  (   97): Waiting for PC Thread to complete loading
W/Zygote  (   97): Waiting for PC Thread to complete loading
W/Zygote  (   97): Waiting for PC Thread to complete loading
W/Zygote  (   97): Waiting for PC Thread to complete loading
W/Zygote  (   97): Waiting for PC Thread to complete loading
W/Zygote  (   97): Waiting for PC Thread to complete loading
W/Zygote  (   97): Waiting for PC Thread to complete loading
W/Zygote  (   97): Waiting for PC Thread to complete loading
W/Zygote  (   97): Waiting for PC Thread to complete loading
W/Zygote  (   97): Waiting for PC Thread to complete loading
W/Zygote  (   97): Waiting for PC Thread to complete loading
W/Zygote  (   97): Waiting for PC Thread to complete loading
W/Zygote  (   97): Waiting for PC Thread to complete loading
W/Zygote  (   97): Waiting for PC Thread to complete loading
W/Zygote  (   97): Waiting for PC Thread to complete loading
W/Zygote  (   97): Waiting for PC Thread to complete loading
W/Zygote  (   97): Waiting for PC Thread to complete loading
W/Zygote  (   97): Waiting for PC Thread to complete loading
W/Zygote  (   97): Waiting for PC Thread to complete loading
W/Zygote  (   97): Waiting for PC Thread to complete loading
W/Zygote  (   97): Waiting for PC Thread to complete loading
W/Zygote  (   97): Waiting for PC Thread to complete loading
W/Zygote  (   97): Waiting for PC Thread to complete loading
W/Zygote  (   97): Waiting for PC Thread to complete loading
W/Zygote  (   97): Waiting for PC Thread to complete loading
W/Zygote  (   97): Waiting for PC Thread to complete loading
W/Zygote  (   97): Waiting for PC Thread to complete loading
W/Zygote  (   97): Waiting for PC Thread to complete loading
W/Zygote  (   97): Waiting for PC Thread to complete loading
W/Zygote  (   97): Waiting for PC Thread to complete loading
W/Zygote  (   97): Waiting for PC Thread to complete loading
W/Zygote  (   97): Waiting for PC Thread to complete loading
W/Zygote  (   97): Waiting for PC Thread to complete loading
W/Zygote  (   97): Waiting for PC Thread to complete loading
W/Zygote  (   97): Waiting for PC Thread to complete loading
W/Zygote  (   97): Waiting for PC Thread to complete loading
W/Zygote  (   97): Waiting for PC Thread to complete loading
W/Zygote  (   97): Waiting for PC Thread to complete loading
W/Zygote  (   97): Waiting for PC Thread to complete loading
W/Zygote  (   97): Waiting for PC Thread to complete loading
W/Zygote  (   97): Waiting for PC Thread to complete loading
W/Zygote  (   97): Waiting for PC Thread to complete loading
W/Zygote  (   97): Waiting for PC Thread to complete loading
W/Zygote  (   97): Waiting for PC Thread to complete loading
W/Zygote  (   97): Waiting for PC Thread to complete loading
W/Zygote  (   97): Waiting for PC Thread to complete loading
W/Zygote  (   97): Waiting for PC Thread to complete loading
W/Zygote  (   97): Waiting for PC Thread to complete loading
W/Zygote  (   97): Waiting for PC Thread to complete loading
W/Zygote  (   97): Waiting for PC Thread to complete loading
W/Zygote  (   97): Waiting for PC Thread to complete loading
W/Zygote  (   97): Waiting for PC Thread to complete loading
W/Zygote  (   97): Waiting for PC Thread to complete loading
W/Zygote  (   97): Waiting for PC Thread to complete loading
W/Zygote  (   97): Waiting for PC Thread to complete loading
W/Zygote  (   97): Waiting for PC Thread to complete loading
W/Zygote  (   97): Waiting for PC Thread to complete loading
W/Zygote  (   97): Waiting for PC Thread to complete loading
W/Zygote  (   97): Waiting for PC Thread to complete loading
W/Zygote  (   97): Waiting for PC Thread to complete loading
W/Zygote  (   97): Waiting for PC Thread to complete loading
W/Zygote  (   97): Waiting for PC Thread to complete loading
W/Zygote  (   97): Waiting for PC Thread to complete loading
W/Zygote  (   97): Waiting for PC Thread to complete loading
W/Zygote  (   97): Waiting for PC Thread to complete loading
W/Zygote  (   97): Waiting for PC Thread to complete loading
W/Zygote  (   97): Waiting for PC Thread to complete loading
W/Zygote  (   97): Waiting for PC Thread to complete loading
W/Zygote  (   97): Waiting for PC Thread to complete loading
W/Zygote  (   97): Waiting for PC Thread to complete loading
W/Zygote  (   97): Waiting for PC Thread to complete loading
W/Zygote  (   97): Waiting for PC Thread to complete loading
W/Zygote  (   97): Waiting for PC Thread to complete loading
W/Zygote  (   97): Waiting for PC Thread to complete loading
W/Zygote  (   97): Waiting for PC Thread to complete loading
W/Zygote  (   97): Waiting for PC Thread to complete loading
W/Zygote  (   97): Waiting for PC Thread to complete loading
W/Zygote  (   97): Waiting for PC Thread to complete loading
W/Zygote  (   97): Waiting for PC Thread to complete loading
W/Zygote  (   97): Waiting for PC Thread to complete loading
W/Zygote  (   97): Waiting for PC Thread to complete loading
D/PHONESERVER(  148): async_symlink finished /dev/pts/4 /dev/CHNPTY2
D/PHONESERVER(  148): chnmng_find_buffer!
D/PHONESERVER(  148): CHNMNG:to open /dev/ptmx !
W/Zygote  (   97): Waiting for PC Thread to complete loading
D/PHONESERVER(  148): CHNMNG:/dev/ptmx opened!
D/PHONESERVER(  148): CHNMNG:/dev/ptmx opened rett=0 ptn=5!
