E/SMD     (   88): Message:U
E/SMD     (   88): Sending data to SMD: Len = [1]
E/SMD     (   88):  buffer = [U]
E/SMD     (   88): Wrote 1 chars to SMD PORT fd=11 ch = 55
E/DataRouter(  107): After the usb select 
E/DataRouter(  107): read usb data[len:1]
E/DataRouter(  107): read usb data message:N
E/DataRouter(  107): Before the usb select 
E/SMD     (   88): ***Received data notification[DR->SMD]***
E/SMD     (   88): Message:N
E/SMD     (   88): Sending data to SMD: Len = [1]
E/SMD     (   88):  buffer = [N]
E/SMD     (   88): Wrote 1 chars to SMD PORT fd=11 ch = 4e
E/DataRouter(  107): After the usb select 
E/DataRouter(  107): read usb data[len:1]
E/DataRouter(  107): read usb data message:?
E/DataRouter(  107): Before the usb select 
E/SMD     (   88): ***Received data notification[DR->SMD]***
E/SMD     (   88): Message:?
E/SMD     (   88): Sending data to SMD: Len = [1]
E/SMD     (   88):  buffer = [?]
E/SMD     (   88): Wrote 1 chars to SMD PORT fd=11 ch = 3f
E/DataRouter(  107): After the usb select 
E/DataRouter(  107): read usb data[len:1]
E/DataRouter(  107): read usb data message:

E/DataRouter(  107): Before the usb select 
E/SMD     (   88): ***Received data notification[DR->SMD]***
E/SMD     (   88): Message:

E/SMD     (   88): Sending data to SMD: Len = [1]
E/SMD     (   88):  buffer = [
]
D/SPRDENG (  149): eng_server2modem: use SIM1 /dev/CHNPTY13
D/SPRDENG (  149): AT > AT+CFUN?
D/PHONESERVER(  144): Send thread's TID [276] CHNMNG:findNextEOL:
D/PHONESERVER(  144): Send thread's TID [276] CHNMNG:end findNextEOL:
D/PHONESERVER(  144): Send thread's TID [276] CHNMNG:findNextEOL:
D/PHONESERVER(  144): Send thread's TID [276] CHNMNG:end findNextEOL:
D/PHONESERVER(  144): Send thread's TID [276] PS_PTY : /dev/CHNPTY13 Received 9 bytes command[AT+CFUN?
]
D/PHONESERVER(  144): Send thread TID [276] CHNMNG enter channel_manager_get_cmux 
D/PHONESERVER(  144): Before add wait array pty=0x37964
D/PHONESERVER(  144): Before add wait array
D/PHONESERVER(  144): 
D/PHONESERVER(  144): After add wait array
D/PHONESERVER(  144): [0]:276 
D/PHONESERVER(  144): 
D/PHONESERVER(  144): TYPE: GSM
D/PHONESERVER(  144): Send thread TID [276] CHNMNG Leave channel_manager_get_cmux:/dev/ts0710mux5 
D/PHONESERVER(  144): PS_CMUX cmux_regist_cmd_callback cmux:/dev/ts0710mux5
D/PHONESERVER(  144): PS_CMUX :/dev/ts0710mux5 cmux_write:AT+CFUN?
:len=9
D/PHONESERVER(  144): Receive thread's TID [265] CHMNG:  receive data thread :mux=/dev/ts0710mux5:input:+CFUN: 1

D/PHONESERVER(  144): pty_write get lock
D/PHONESERVER(  144): PS_PTY:/dev/CHNPTY13   write :

D/PHONESERVER(  144): +CFUN: 1

D/PHONESERVER(  144): 
D/SPRDENG (  149): eng_modem2server: use SIM1 /dev/CHNPTY13
D/PHONESERVER(  144): pty_write free lock
D/PHONESERVER(  144): Receive thread's TID [265] MUX :/dev/ts0710mux5 Waiting for resp  
D/PHONESERVER(  144): Receive thread's TID [265] CHMNG:  receive data thread :mux=/dev/ts0710mux5:input:OK

D/PHONESERVER(  144): PS_CMUX cmux_deregist_cmd_callback cmux:/dev/ts0710mux5
D/PHONESERVER(  144): pty_write get lock
D/PHONESERVER(  144): PS_PTY:/dev/CHNPTY13   write :

D/PHONESERVER(  144): OK

D/PHONESERVER(  144): 
D/PHONESERVER(  144): pty_write free lock
D/PHONESERVER(  144): [276] before timeout (1401559856)
D/PHONESERVER(  144): CHNMNG enter channel_manager_free_cmux cmux=/dev/ts0710mux5 
D/PHONESERVER(  144): CHNMNG enter channel_manager_free_cmux pty=0x37964 
D/PHONESERVER(  144): [265] Before remove wait array
D/PHONESERVER(  144): [0]:276 
D/PHONESERVER(  144): 
D/PHONESERVER(  144): [265] After remove wait array
D/PHONESERVER(  144): 
D/PHONESERVER(  144): Enter select_send_thread_run
D/PHONESERVER(  144): Leave select_send_thread_run
D/PHONESERVER(  144): CHNMNG Leave channel_manager_free_cmux cmux=/dev/ts0710mux5 
D/PHONESERVER(  144): [265] before signal (1401559856)
D/PHONESERVER(  144): [265] after signal (1401559856)
D/PHONESERVER(  144): Receive thread's TID [265] MUX :/dev/ts0710mux5 Waiting for resp  
D/PHONESERVER(  144): [276] after timeout (1401559856)
D/PHONESERVER(  144): phoneserver mux adapt: generic cmd AT+CFUN?

E/SMD     (   88): Wrote 1 chars to SMD PORT fd=11 ch = d
D/SPRDENG (  149): AT < 

D/SPRDENG (  149): +CFUN: 1

D/SPRDENG (  149): 

D/SPRDENG (  149): OK

D/SPRDENG (  149): 
E/SMD     (   88): After the Modem Read select 
E/SMD     (   88): Read 18 chars from SMD Modem file fd = 11
E/SMD     (   88):  Message: 

E/SMD     (   88): +CFUN: 1

E/SMD     (   88): 

E/SMD     (   88): OK

E/SMD     (   88): "IP",,,(0,1),(0,1)

E/SMD     (   88): 

E/SMD     (   88): OK

E/SMD     (   88): _R1.5.6
E/SMD     (   88): 
E/SMD     (   88): 

E/SMD     (   88): S7568ZMMH2
E/SMD     (   88): 
E/SMD     (   88): 

E/SMD     (   88): GT-S7568
E/SMD     (   88): 
E/SMD     (   88): 

E/SMD     (   88): CP_HW_VER
E/SMD     (   88): 
E/SMD     (   88): 

E/SMD     (   88): 08-28-2013 12:11:48

E/SMD     (   88): 

E/SMD     (   88): OK

E/SMD     (   88): 
E/SMD     (   88): Before the Modem Read select 
E/DataRouter(  107): [socket:17]******* Received data notification *******
E/DataRouter(  107): [socket:17]read socket data[len:18]
E/DataRouter(  107): [socket:17]read socket data[message:

E/DataRouter(  107): +CFUN: 1

E/DataRouter(  107): 

E/DataRouter(  107): OK

E/DataRouter(  107): 
E/DataRouter(  107): write [18] bytes of data to USB fd[13]
E/DataRouter(  107): [socket:17]dr_usb_write
E/DataRouter(  107): After the usb select 
E/DataRouter(  107): read usb data[len:1]
E/DataRouter(  107): read usb data message:A
E/DataRouter(  107): Before the usb select 
E/SMD     (   88): ***Received data notification[DR->SMD]***
E/SMD     (   88): Message:A
E/SMD     (   88): Sending data to SMD: Len = [1]
E/SMD     (   88):  buffer = [A]
E/SMD     (   88): Wrote 1 chars to SMD PORT fd=11 ch = 41
E/DataRouter(  107): After the usb select 
E/DataRouter(  107): read usb data[len:1]
E/DataRouter(  107): read usb data message:T
E/DataRouter(  107): Before the usb select 
E/SMD     (   88): ***Received data notification[DR->SMD]***
E/SMD     (   88): Message:T
E/SMD     (   88): Sending data to SMD: Len = [1]
E/SMD     (   88):  buffer = [T]
E/SMD     (   88): Wrote 1 chars to SMD PORT fd=11 ch = 54
E/DataRouter(  107): After the usb select 
E/DataRouter(  107): read usb data[len:1]
E/DataRouter(  107): read usb data message:+
E/DataRouter(  107): Before the usb select 
E/SMD     (   88): ***Received data notification[DR->SMD]***
E/SMD     (   88): Message:+
E/SMD     (   88): Sending data to SMD: Len = [1]
E/SMD     (   88):  buffer = [+]
E/SMD     (   88): Wrote 1 chars to SMD PORT fd=11 ch = 2b
E/DataRouter(  107): After the usb select 
E/DataRouter(  107): read usb data[len:1]
E/DataRouter(  107): read usb data message:C
E/DataRouter(  107): Before the usb select 
E/SMD     (   88): ***Received data notification[DR->SMD]***
E/SMD     (   88): Message:C
E/SMD     (   88): Sending data to SMD: Len = [1]
E/SMD     (   88):  buffer = [C]
E/SMD     (   88): Wrote 1 chars to SMD PORT fd=11 ch = 43
E/DataRouter(  107): After the usb select 
E/DataRouter(  107): read usb data[len:1]
E/DataRouter(  107): read usb data message:P
E/DataRouter(  107): Before the usb select 
E/SMD     (   88): ***Received data notification[DR->SMD]***
E/SMD     (   88): Message:P
E/SMD     (   88): Sending data to SMD: Len = [1]
E/SMD     (   88):  buffer = [P]
E/SMD     (   88): Wrote 1 chars to SMD PORT fd=11 ch = 50
E/DataRouter(  107): After the usb select 
E/DataRouter(  107): read usb data[len:1]
E/DataRouter(  107): read usb data message:I
E/DataRouter(  107): Before the usb select 
E/SMD     (   88): ***Received data notification[DR->SMD]***
E/SMD     (   88): Message:I
E/SMD     (   88): Sending data to SMD: Len = [1]
E/SMD     (   88):  buffer = [I]
E/SMD     (   88): Wrote 1 chars to SMD PORT fd=11 ch = 49
E/DataRouter(  107): After the usb select 
E/DataRouter(  107): read usb data[len:1]
E/DataRouter(  107): read usb data message:N
E/DataRouter(  107): Before the usb select 
E/SMD     (   88): ***Received data notification[DR->SMD]***
E/SMD     (   88): Message:N
E/SMD     (   88): Sending data to SMD: Len = [1]
E/SMD     (   88):  buffer = [N]
E/SMD     (   88): Wrote 1 chars to SMD PORT fd=11 ch = 4e
E/DataRouter(  107): After the usb select 
E/DataRouter(  107): read usb data[len:1]
E/DataRouter(  107): read usb data message:?
E/DataRouter(  107): Before the usb select 
E/SMD     (   88): ***Received data notification[DR->SMD]***
E/SMD     (   88): Message:?
E/SMD     (   88): Sending data to SMD: Len = [1]
E/SMD     (   88):  buffer = [?]
E/SMD     (   88): Wrote 1 chars to SMD PORT fd=11 ch = 3f
E/DataRouter(  107): After the usb select 
E/DataRouter(  107): read usb data[len:1]
E/DataRouter(  107): read usb data message:

E/DataRouter(  107): Before the usb select 
E/SMD     (   88): ***Received data notification[DR->SMD]***
E/SMD     (   88): Message:

E/SMD     (   88): Sending data to SMD: Len = [1]
E/SMD     (   88):  buffer = [
]
D/SPRDENG (  149): eng_server2modem: use SIM1 /dev/CHNPTY13
D/SPRDENG (  149): AT > AT+CPIN?
D/PHONESERVER(  144): Send thread's TID [276] CHNMNG:findNextEOL:
D/PHONESERVER(  144): Send thread's TID [276] CHNMNG:end findNextEOL:
D/PHONESERVER(  144): Send thread's TID [276] CHNMNG:findNextEOL:
D/PHONESERVER(  144): Send thread's TID [276] CHNMNG:end findNextEOL:
D/PHONESERVER(  144): Send thread's TID [276] PS_PTY : /dev/CHNPTY13 Received 9 bytes command[AT+CPIN?
]
D/PHONESERVER(  144): Send thread TID [276] CHNMNG enter channel_manager_get_cmux 
D/PHONESERVER(  144): Before add wait array pty=0x37964
D/PHONESERVER(  144): Before add wait array
D/PHONESERVER(  144): 
D/PHONESERVER(  144): After add wait array
D/PHONESERVER(  144): [0]:276 
D/PHONESERVER(  144): 
D/PHONESERVER(  144): TYPE:SIMM
D/PHONESERVER(  144): Send thread TID [276] CHNMNG Leave channel_manager_get_cmux:/dev/ts0710mux1 
D/PHONESERVER(  144): PS_CMUX cmux_regist_cmd_callback cmux:/dev/ts0710mux1
D/PHONESERVER(  144): PS_CMUX :/dev/ts0710mux1 cmux_write:AT+CPIN?
:len=9
D/PHONESERVER(  144): Receive thread's TID [261] CHMNG:  receive data thread :mux=/dev/ts0710mux1:input:+CPIN: READY

D/PHONESERVER(  144): pty_write get lock
D/PHONESERVER(  144): PS_PTY:/dev/CHNPTY13   write :

D/PHONESERVER(  144): +CPIN: READY

D/PHONESERVER(  144): 
D/PHONESERVER(  144): pty_write free lock
D/PHONESERVER(  144): Receive thread's TID [261] MUX :/dev/ts0710mux1 Waiting for resp  
D/PHONESERVER(  144): Receive thread's TID [261] CHMNG:  receive data thread :mux=/dev/ts0710mux1:input:OK

D/PHONESERVER(  144): PS_CMUX cmux_deregist_cmd_callback cmux:/dev/ts0710mux1
D/PHONESERVER(  144): pty_write get lock
D/PHONESERVER(  144): PS_PTY:/dev/CHNPTY13   write :

D/PHONESERVER(  144): OK

D/PHONESERVER(  144): 
D/PHONESERVER(  144): pty_write free lock
D/SPRDENG (  149): eng_modem2server: use SIM1 /dev/CHNPTY13
D/SPRDENG (  149): AT < 

D/SPRDENG (  149): +CPIN: READY

D/SPRDENG (  149): 

D/SPRDENG (  149): OK

D/SPRDENG (  149): 
E/SMD     (   88): After the Modem Read select 
E/SMD     (   88): Read 22 chars from SMD Modem file fd = 11
E/SMD     (   88):  Message: 

E/SMD     (   88): +CPIN: READY

E/SMD     (   88): 

E/SMD     (   88): OK

E/SMD     (   88): ,,,(0,1),(0,1)

E/SMD     (   88): 

E/SMD     (   88): OK

E/SMD     (   88): _R1.5.6
E/SMD     (   88): 
E/SMD     (   88): 

E/SMD     (   88): S7568ZMMH2
E/SMD     (   88): 
E/SMD     (   88): 

E/SMD     (   88): GT-S7568
E/SMD     (   88): 
E/SMD     (   88): 

E/SMD     (   88): CP_HW_VER
E/SMD     (   88): 
E/SMD     (   88): 

E/SMD     (   88): 08-28-2013 12:11:48

E/SMD     (   88): 

E/SMD     (   88): OK

E/SMD     (   88): 
E/SMD     (   88): Before the Modem Read select 
E/DataRouter(  107): [socket:17]******* Received data notification *******
E/DataRouter(  107): [socket:17]read socket data[len:22]
E/DataRouter(  107): [socket:17]read socket data[message:

E/DataRouter(  107): +CPIN: READY

E/DataRouter(  107): 

E/DataRouter(  107): OK

E/DataRouter(  107): 
E/DataRouter(  107): write [22] bytes of data to USB fd[13]
E/DataRouter(  107): [socket:17]dr_usb_write
D/PHONESERVER(  144): [276] before timeout (1401559856)
D/PHONESERVER(  144): CHNMNG enter channel_manager_free_cmux cmux=/dev/ts0710mux1 
D/PHONESERVER(  144): CHNMNG enter channel_manager_free_cmux pty=0x37964 
D/PHONESERVER(  144): [261] Before remove wait array
D/PHONESERVER(  144): [0]:276 
D/PHONESERVER(  144): 
D/PHONESERVER(  144): [261] After remove wait array
D/PHONESERVER(  144): 
D/PHONESERVER(  144): Enter select_send_thread_run
D/PHONESERVER(  144): Leave select_send_thread_run
D/PHONESERVER(  144): CHNMNG Leave channel_manager_free_cmux cmux=/dev/ts0710mux1 
D/PHONESERVER(  144): [261] before signal (1401559856)
D/PHONESERVER(  144): [261] after signal (1401559856)
D/PHONESERVER(  144): Receive thread's TID [261] MUX :/dev/ts0710mux1 Waiting for resp  
D/PHONESERVER(  144): [276] after timeout (1401559856)
D/PHONESERVER(  144): phoneserver mux adapt: generic cmd AT+CPIN?

E/SMD     (   88): Wrote 1 chars to SMD PORT fd=11 ch = d
E/DataRouter(  107): After the usb select 
E/DataRouter(  107): read usb data[len:1]
E/DataRouter(  107): read usb data message:A
E/DataRouter(  107): Before the usb select 
E/SMD     (   88): ***Received data notification[DR->SMD]***
E/SMD     (   88): Message:A
E/SMD     (   88): Sending data to SMD: Len = [1]
E/SMD     (   88):  buffer = [A]
E/SMD     (   88): Wrote 1 chars to SMD PORT fd=11 ch = 41
E/DataRouter(  107): After the usb select 
E/DataRouter(  107): read usb data[len:1]
E/DataRouter(  107): read usb data message:T
E/SMD     (   88): ***Received data notification[DR->SMD]***
E/SMD     (   88): Message:T
E/SMD     (   88): Sending data to SMD: Len = [1]
E/SMD     (   88):  buffer = [T]
E/SMD     (   88): Wrote 1 chars to SMD PORT fd=11 ch = 54
E/DataRouter(  107): Before the usb select 
E/DataRouter(  107): After the usb select 
E/DataRouter(  107): read usb data[len:1]
E/DataRouter(  107): read usb data message:+
E/SMD     (   88): ***Received data notification[DR->SMD]***
E/SMD     (   88): Message:+
E/SMD     (   88): Sending data to SMD: Len = [1]
E/SMD     (   88):  buffer = [+]
E/SMD     (   88): Wrote 1 chars to SMD PORT fd=11 ch = 2b
E/DataRouter(  107): Before the usb select 
I/Surface (  303): Surface_lockCanvas
E/DataRouter(  107): After the usb select 
E/DataRouter(  107): read usb data[len:4]
E/DataRouter(  107): read usb data message:CRSM
E/SMD     (   88): ***Received data notification[DR->SMD]***
E/SMD     (   88): Path set is DATA_PATH_DR_SMD_MANAGER
E/SMD     (   88): Message:CRSM
E/SMD     (   88): Sending data to SMD: Len = [4]
E/SMD     (   88):  buffer = [CRSM]
E/SMD     (   88): Wrote 4 chars to SMD PORT fd=11 ch = 43
E/DataRouter(  107): Before the usb select 
E/DataRouter(  107): After the usb select 
E/DataRouter(  107): read usb data[len:1]
E/DataRouter(  107): read usb data message:=
E/SMD     (   88): ***Received data notification[DR->SMD]***
E/SMD     (   88): Message:=
E/SMD     (   88): Sending data to SMD: Len = [1]
E/SMD     (   88):  buffer = [=]
E/SMD     (   88): Wrote 1 chars to SMD PORT fd=11 ch = 3d
E/DataRouter(  107): Before the usb select 
E/DataRouter(  107): After the usb select 
E/DataRouter(  107): read usb data[len:1]
E/DataRouter(  107): read usb data message:1
E/SMD     (   88): ***Received data notification[DR->SMD]***
E/SMD     (   88): Message:1
E/SMD     (   88): Sending data to SMD: Len = [1]
E/SMD     (   88):  buffer = [1]
E/SMD     (   88): Wrote 1 chars to SMD PORT fd=11 ch = 31
E/DataRouter(  107): Before the usb select 
E/DataRouter(  107): After the usb select 
E/DataRouter(  107): read usb data[len:2]
E/DataRouter(  107): read usb data message:76
E/SMD     (   88): ***Received data notification[DR->SMD]***
E/SMD     (   88): Path set is DATA_PATH_DR_SMD_MANAGER
E/SMD     (   88): Message:76
E/SMD     (   88): Sending data to SMD: Len = [2]
E/SMD     (   88):  buffer = [76]
E/SMD     (   88): Wrote 2 chars to SMD PORT fd=11 ch = 37
E/DataRouter(  107): Before the usb select 
E/DataRouter(  107): After the usb select 
E/DataRouter(  107): read usb data[len:1]
E/DataRouter(  107): read usb data message:,
E/SMD     (   88): ***Received data notification[DR->SMD]***
E/SMD     (   88): Message:,
E/SMD     (   88): Sending data to SMD: Len = [1]
E/SMD     (   88):  buffer = [,]
E/SMD     (   88): Wrote 1 chars to SMD PORT fd=11 ch = 2c
E/DataRouter(  107): Before the usb select 
E/DataRouter(  107): After the usb select 
E/DataRouter(  107): read usb data[len:1]
E/DataRouter(  107): read usb data message:1
E/SMD     (   88): ***Received data notification[DR->SMD]***
E/SMD     (   88): Message:1
E/SMD     (   88): Sending data to SMD: Len = [1]
E/SMD     (   88):  buffer = [1]
E/SMD     (   88): Wrote 1 chars to SMD PORT fd=11 ch = 31
E/DataRouter(  107): Before the usb select 
E/DataRouter(  107): After the usb select 
E/DataRouter(  107): read usb data[len:1]
E/DataRouter(  107): read usb data message:2
E/SMD     (   88): ***Received data notification[DR->SMD]***
E/SMD     (   88): Message:2
E/SMD     (   88): Sending data to SMD: Len = [1]
E/SMD     (   88):  buffer = [2]
E/SMD     (   88): Wrote 1 chars to SMD PORT fd=11 ch = 32
E/DataRouter(  107): Before the usb select 
E/DataRouter(  107): After the usb select 
E/DataRouter(  107): read usb data[len:1]
E/DataRouter(  107): read usb data message:2
E/SMD     (   88): ***Received data notification[DR->SMD]***
E/SMD     (   88): Message:2
E/SMD     (   88): Sending data to SMD: Len = [1]
E/SMD     (   88):  buffer = [2]
E/SMD     (   88): Wrote 1 chars to SMD PORT fd=11 ch = 32
E/DataRouter(  107): Before the usb select 
E/DataRouter(  107): After the usb select 
E/DataRouter(  107): read usb data[len:1]
E/DataRouter(  107): read usb data message:5
E/SMD     (   88): ***Received data notification[DR->SMD]***
E/SMD     (   88): Message:5
E/SMD     (   88): Sending data to SMD: Len = [1]
E/SMD     (   88):  buffer = [5]
E/SMD     (   88): Wrote 1 chars to SMD PORT fd=11 ch = 35
E/DataRouter(  107): Before the usb select 
E/DataRouter(  107): After the usb select 
E/DataRouter(  107): read usb data[len:1]
E/DataRouter(  107): read usb data message:8
E/SMD     (   88): ***Received data notification[DR->SMD]***
E/SMD     (   88): Message:8
E/SMD     (   88): Sending data to SMD: Len = [1]
E/SMD     (   88):  buffer = [8]
E/SMD     (   88): Wrote 1 chars to SMD PORT fd=11 ch = 38
E/DataRouter(  107): Before the usb select 
E/DataRouter(  107): After the usb select 
E/DataRouter(  107): read usb data[len:2]
E/DataRouter(  107): read usb data message:,0
E/SMD     (   88): ***Received data notification[DR->SMD]***
E/SMD     (   88): Path set is DATA_PATH_DR_SMD_MANAGER
E/SMD     (   88): Message:,0
E/SMD     (   88): Sending data to SMD: Len = [2]
E/SMD     (   88):  buffer = [,0]
E/SMD     (   88): Wrote 2 chars to SMD PORT fd=11 ch = 2c
E/DataRouter(  107): Before the usb select 
E/DataRouter(  107): After the usb select 
E/DataRouter(  107): read usb data[len:1]
E/DataRouter(  107): read usb data message:,
E/SMD     (   88): ***Received data notification[DR->SMD]***
E/SMD     (   88): Message:,
E/SMD     (   88): Sending data to SMD: Len = [1]
E/SMD     (   88):  buffer = [,]
E/SMD     (   88): Wrote 1 chars to SMD PORT fd=11 ch = 2c
E/DataRouter(  107): Before the usb select 
E/DataRouter(  107): After the usb select 
E/DataRouter(  107): read usb data[len:1]
E/DataRouter(  107): read usb data message:0
E/SMD     (   88): ***Received data notification[DR->SMD]***
E/SMD     (   88): Message:0
E/SMD     (   88): Sending data to SMD: Len = [1]
E/SMD     (   88):  buffer = [0]
E/SMD     (   88): Wrote 1 chars to SMD PORT fd=11 ch = 30
E/DataRouter(  107): Before the usb select 
E/DataRouter(  107): After the usb select 
E/DataRouter(  107): read usb data[len:1]
E/DataRouter(  107): read usb data message:,
E/SMD     (   88): ***Received data notification[DR->SMD]***
E/SMD     (   88): Message:,
E/SMD     (   88): Sending data to SMD: Len = [1]
E/SMD     (   88):  buffer = [,]
E/SMD     (   88): Wrote 1 chars to SMD PORT fd=11 ch = 2c
E/DataRouter(  107): Before the usb select 
E/DataRouter(  107): After the usb select 
E/DataRouter(  107): read usb data[len:1]
E/DataRouter(  107): read usb data message:1
E/SMD     (   88): ***Received data notification[DR->SMD]***
E/SMD     (   88): Message:1
E/SMD     (   88): Sending data to SMD: Len = [1]
E/SMD     (   88):  buffer = [1]
E/SMD     (   88): Wrote 1 chars to SMD PORT fd=11 ch = 31
E/DataRouter(  107): Before the usb select 
E/DataRouter(  107): After the usb select 
E/DataRouter(  107): read usb data[len:1]
E/DataRouter(  107): read usb data message:0
E/SMD     (   88): ***Received data notification[DR->SMD]***
E/SMD     (   88): Message:0
E/SMD     (   88): Sending data to SMD: Len = [1]
E/SMD     (   88):  buffer = [0]
E/SMD     (   88): Wrote 1 chars to SMD PORT fd=11 ch = 30
E/DataRouter(  107): Before the usb select 
E/DataRouter(  107): After the usb select 
E/DataRouter(  107): read usb data[len:1]
E/DataRouter(  107): read usb data message:

E/SMD     (   88): ***Received data notification[DR->SMD]***
E/SMD     (   88): Message:

E/SMD     (   88): Sending data to SMD: Len = [1]
E/SMD     (   88):  buffer = [
]
D/SPRDENG (  149): eng_server2modem: use SIM1 /dev/CHNPTY13
D/SPRDENG (  149): AT > AT+CRSM=176,12258,0,0,10
D/PHONESERVER(  144): Send thread's TID [276] CHNMNG:findNextEOL:
D/PHONESERVER(  144): Send thread's TID [276] CHNMNG:end findNextEOL:
E/SMD     (   88): Wrote 1 chars to SMD PORT fd=11 ch = d
D/PHONESERVER(  144): Send thread's TID [276] CHNMNG:findNextEOL:
D/PHONESERVER(  144): Send thread's TID [276] CHNMNG:end findNextEOL:
D/PHONESERVER(  144): Send thread's TID [276] PS_PTY : /dev/CHNPTY13 Received 25 bytes command[AT+CRSM=176,12258,0,0,10
]
D/PHONESERVER(  144): Send thread TID [276] CHNMNG enter channel_manager_get_cmux 
D/PHONESERVER(  144): Before add wait array pty=0x37964
D/PHONESERVER(  144): Before add wait array
D/PHONESERVER(  144): 
D/PHONESERVER(  144): After add wait array
D/PHONESERVER(  144): [0]:276 
D/PHONESERVER(  144): 
D/PHONESERVER(  144): TYPE:SIMM
D/PHONESERVER(  144): Send thread TID [276] CHNMNG Leave channel_manager_get_cmux:/dev/ts0710mux1 
D/PHONESERVER(  144): PS_CMUX cmux_regist_cmd_callback cmux:/dev/ts0710mux1
D/PHONESERVER(  144): PS_CMUX :/dev/ts0710mux1 cmux_write:AT+CRSM=176,12258,0,0,10
:len=25
D/SPRDENG (  149): eng_modem2server: use SIM1 /dev/CHNPTY13
D/PHONESERVER(  144): [276] before timeout (1401559856)
E/DataRouter(  107): Before the usb select 
I/dalvikvm(  442): DexOpt: not resolving ambiguous class 'Landroid/webkit/WebView;'
I/Surface (  303): Surface_lockCanvas
D/PHONESERVER(  144): Receive thread's TID [261] CHMNG:  receive data thread :mux=/dev/ts0710mux1:input:+CRSM: 144,0,98680086023105103308

D/PHONESERVER(  144): pty_write get lock
D/PHONESERVER(  144): PS_PTY:/dev/CHNPTY13   write :

D/PHONESERVER(  144): +CRSM: 144,0,98680086023105103308

D/PHONESERVER(  144): 
D/PHONESERVER(  144): pty_write free lock
D/PHONESERVER(  144): Receive thread's TID [261] MUX :/dev/ts0710mux1 Waiting for resp  
D/PHONESERVER(  144): Receive thread's TID [261] CHMNG:  receive data thread :mux=/dev/ts0710mux1:input:OK

D/PHONESERVER(  144): PS_CMUX cmux_deregist_cmd_callback cmux:/dev/ts0710mux1
D/PHONESERVER(  144): pty_write get lock
D/PHONESERVER(  144): PS_PTY:/dev/CHNPTY13   write :

D/PHONESERVER(  144): OK

D/PHONESERVER(  144): 
D/PHONESERVER(  144): pty_write free lock
D/PHONESERVER(  144): CHNMNG enter channel_manager_free_cmux cmux=/dev/ts0710mux1 
D/PHONESERVER(  144): CHNMNG enter channel_manager_free_cmux pty=0x37964 
D/PHONESERVER(  144): [261] Before remove wait array
D/PHONESERVER(  144): [0]:276 
D/PHONESERVER(  144): 
D/PHONESERVER(  144): [261] After remove wait array
D/PHONESERVER(  144): 
D/PHONESERVER(  144): Enter select_send_thread_run
D/PHONESERVER(  144): Leave select_send_thread_run
D/PHONESERVER(  144): CHNMNG Leave channel_manager_free_cmux cmux=/dev/ts0710mux1 
D/PHONESERVER(  144): [261] before signal (1401559856)
D/PHONESERVER(  144): [261] after signal (1401559856)
D/PHONESERVER(  144): Receive thread's TID [261] MUX :/dev/ts0710mux1 Waiting for resp  
D/PHONESERVER(  144): [276] after timeout (1401559856)
D/PHONESERVER(  144): phoneserver mux adapt: generic cmd AT+CRSM=176,12258,0,0,10

D/SPRDENG (  149): AT < 

D/SPRDENG (  149): +CRSM: 144,0,98680086023105103308

D/SPRDENG (  149): 

D/SPRDENG (  149): OK

D/SPRDENG (  149): 
E/SMD     (   88): After the Modem Read select 
E/SMD     (   88): Read 43 chars from SMD Modem file fd = 11
E/SMD     (   88):  Message: 

E/SMD     (   88): +CRSM: 144,0,98680086023105103308

E/SMD     (   88): 

E/SMD     (   88): OK

E/SMD     (   88): 
E/SMD     (   88): _R1.5.6
E/SMD     (   88): 
E/SMD     (   88): 

E/SMD     (   88): S7568ZMMH2
E/SMD     (   88): 
E/SMD     (   88): 

E/SMD     (   88): GT-S7568
E/SMD     (   88): 
E/SMD     (   88): 

E/SMD     (   88): CP_HW_VER
E/SMD     (   88): 
E/SMD     (   88): 

E/SMD     (   88): 08-28-2013 12:11:48

E/SMD     (   88): 

E/SMD     (   88): OK

E/SMD     (   88): 
E/SMD     (   88): Before the Modem Read select 
E/DataRouter(  107): [socket:17]******* Received data notification *******
E/DataRouter(  107): [socket:17]read socket data[len:43]
E/DataRouter(  107): [socket:17]read socket data[message:

E/DataRouter(  107): +CRSM: 144,0,98680086023105103308

E/DataRouter(  107): 

E/DataRouter(  107): OK

E/DataRouter(  107): 
E/DataRouter(  107): write [43] bytes of data to USB fd[13]
E/DataRouter(  107): [socket:17]dr_usb_write
E/DataRouter(  107): After the usb select 
E/DataRouter(  107): read usb data[len:1]
E/DataRouter(  107): read usb data message:A
E/DataRouter(  107): Before the usb select 
E/SMD     (   88): ***Received data notification[DR->SMD]***
E/SMD     (   88): Message:A
E/SMD     (   88): Sending data to SMD: Len = [1]
E/SMD     (   88):  buffer = [A]
E/SMD     (   88): Wrote 1 chars to SMD PORT fd=11 ch = 41
E/DataRouter(  107): After the usb select 
E/DataRouter(  107): read usb data[len:1]
E/DataRouter(  107): read usb data message:T
E/DataRouter(  107): Before the usb select 
E/SMD     (   88): ***Received data notification[DR->SMD]***
E/SMD     (   88): Message:T
E/SMD     (   88): Sending data to SMD: Len = [1]
E/SMD     (   88):  buffer = [T]
E/SMD     (   88): Wrote 1 chars to SMD PORT fd=11 ch = 54
E/DataRouter(  107): After the usb select 
E/DataRouter(  107): read usb data[len:1]
E/DataRouter(  107): read usb data message:+
E/DataRouter(  107): Before the usb select 
E/SMD     (   88): ***Received data notification[DR->SMD]***
E/SMD     (   88): Message:+
E/SMD     (   88): Sending data to SMD: Len = [1]
E/SMD     (   88):  buffer = [+]
E/SMD     (   88): Wrote 1 chars to SMD PORT fd=11 ch = 2b
E/DataRouter(  107): After the usb select 
E/DataRouter(  107): read usb data[len:1]
E/DataRouter(  107): read usb data message:C
E/DataRouter(  107): Before the usb select 
E/SMD     (   88): ***Received data notification[DR->SMD]***
E/SMD     (   88): Message:C
E/SMD     (   88): Sending data to SMD: Len = [1]
E/SMD     (   88):  buffer = [C]
E/SMD     (   88): Wrote 1 chars to SMD PORT fd=11 ch = 43
E/DataRouter(  107): After the usb select 
E/DataRouter(  107): read usb data[len:1]
E/DataRouter(  107): read usb data message:I
E/DataRouter(  107): Before the usb select 
E/SMD     (   88): ***Received data notification[DR->SMD]***
E/SMD     (   88): Message:I
E/SMD     (   88): Sending data to SMD: Len = [1]
E/SMD     (   88):  buffer = [I]
E/SMD     (   88): Wrote 1 chars to SMD PORT fd=11 ch = 49
E/DataRouter(  107): After the usb select 
E/DataRouter(  107): read usb data[len:1]
E/DataRouter(  107): read usb data message:M
E/DataRouter(  107): Before the usb select 
E/SMD     (   88): ***Received data notification[DR->SMD]***
E/SMD     (   88): Message:M
E/SMD     (   88): Sending data to SMD: Len = [1]
E/SMD     (   88):  buffer = [M]
E/SMD     (   88): Wrote 1 chars to SMD PORT fd=11 ch = 4d
E/DataRouter(  107): After the usb select 
E/DataRouter(  107): read usb data[len:1]
E/DataRouter(  107): read usb data message:I
E/DataRouter(  107): Before the usb select 
E/SMD     (   88): ***Received data notification[DR->SMD]***
E/SMD     (   88): Message:I
E/SMD     (   88): Sending data to SMD: Len = [1]
E/SMD     (   88):  buffer = [I]
E/SMD     (   88): Wrote 1 chars to SMD PORT fd=11 ch = 49
E/DataRouter(  107): After the usb select 
E/DataRouter(  107): read usb data[len:1]
E/DataRouter(  107): read usb data message:

E/DataRouter(  107): Before the usb select 
E/SMD     (   88): ***Received data notification[DR->SMD]***
E/SMD     (   88): Message:

E/SMD     (   88): Sending data to SMD: Len = [1]
E/SMD     (   88):  buffer = [
]
I/Surface (  303): Surface_lockCanvas
D/SPRDENG (  149): eng_server2modem: use SIM1 /dev/CHNPTY13
D/SPRDENG (  149): AT > AT+CIMI
D/PHONESERVER(  144): Send thread's TID [276] CHNMNG:findNextEOL:
D/PHONESERVER(  144): Send thread's TID [276] CHNMNG:end findNextEOL:
E/SMD     (   88): Wrote 1 chars to SMD PORT fd=11 ch = d
D/PHONESERVER(  144): Send thread's TID [276] CHNMNG:findNextEOL:
D/PHONESERVER(  144): Send thread's TID [276] CHNMNG:end findNextEOL:
D/PHONESERVER(  144): Send thread's TID [276] PS_PTY : /dev/CHNPTY13 Received 8 bytes command[AT+CIMI
]
D/PHONESERVER(  144): Send thread TID [276] CHNMNG enter channel_manager_get_cmux 
D/PHONESERVER(  144): Before add wait array pty=0x37964
D/PHONESERVER(  144): Before add wait array
D/PHONESERVER(  144): 
D/PHONESERVER(  144): After add wait array
D/PHONESERVER(  144): [0]:276 
D/PHONESERVER(  144): 
D/PHONESERVER(  144): TYPE: GSM
D/PHONESERVER(  144): Send thread TID [276] CHNMNG Leave channel_manager_get_cmux:/dev/ts0710mux5 
D/PHONESERVER(  144): PS_CMUX cmux_regist_cmd_callback cmux:/dev/ts0710mux5
D/PHONESERVER(  144): PS_CMUX :/dev/ts0710mux5 cmux_write:AT+CIMI
:len=8
D/PHONESERVER(  144): Receive thread's TID [265] CHMNG:  receive data thread :mux=/dev/ts0710mux5:input:460007721566748

D/PHONESERVER(  144): pty_write get lock
D/PHONESERVER(  144): PS_PTY:/dev/CHNPTY13   write :

D/PHONESERVER(  144): 460007721566748

D/PHONESERVER(  144): 
D/PHONESERVER(  144): pty_write free lock
D/PHONESERVER(  144): Receive thread's TID [265] MUX :/dev/ts0710mux5 Waiting for resp  
D/PHONESERVER(  144): Receive thread's TID [265] CHMNG:  receive data thread :mux=/dev/ts0710mux5:input:OK

D/PHONESERVER(  144): PS_CMUX cmux_deregist_cmd_callback cmux:/dev/ts0710mux5
D/PHONESERVER(  144): pty_write get lock
D/PHONESERVER(  144): PS_PTY:/dev/CHNPTY13   write :

D/PHONESERVER(  144): OK

D/PHONESERVER(  144): 
D/SPRDENG (  149): eng_modem2server: use SIM1 /dev/CHNPTY13
D/SPRDENG (  149): AT < 

D/SPRDENG (  149): 460007721566748

D/SPRDENG (  149): 

D/SPRDENG (  149): OK

D/SPRDENG (  149): 
E/SMD     (   88): After the Modem Read select 
E/SMD     (   88): Read 25 chars from SMD Modem file fd = 11
E/SMD     (   88):  Message: 

E/SMD     (   88): 460007721566748

E/SMD     (   88): 

E/SMD     (   88): OK

E/SMD     (   88): 3105103308

E/SMD     (   88): 

E/SMD     (   88): OK

E/SMD     (   88): 
E/SMD     (   88): _R1.5.6
E/SMD     (   88): 
E/SMD     (   88): 

E/SMD     (   88): S7568ZMMH2
E/SMD     (   88): 
E/SMD     (   88): 

E/SMD     (   88): GT-S7568
E/SMD     (   88): 
E/SMD     (   88): 

E/SMD     (   88): CP_HW_VER
E/SMD     (   88): 
E/SMD     (   88): 

E/SMD     (   88): 08-28-2013 12:11:48

E/SMD     (   88): 

E/SMD     (   88): OK

E/SMD     (   88): 
E/SMD     (   88): Before the Modem Read select 
E/DataRouter(  107): [socket:17]******* Received data notification *******
E/DataRouter(  107): [socket:17]read socket data[len:25]
E/DataRouter(  107): [socket:17]read socket data[message:

E/DataRouter(  107): 460007721566748

E/DataRouter(  107): 

E/DataRouter(  107): OK

E/DataRouter(  107): 
E/DataRouter(  107): write [25] bytes of data to USB fd[13]
E/DataRouter(  107): [socket:17]dr_usb_write
D/PHONESERVER(  144): pty_write free lock
E/DataRouter(  107): After the usb select 
E/DataRouter(  107): read usb data[len:1]
E/DataRouter(  107): read usb data message:A
E/DataRouter(  107): Before the usb select 
E/SMD     (   88): ***Received data notification[DR->SMD]***
E/SMD     (   88): Message:A
E/SMD     (   88): Sending data to SMD: Len = [1]
E/SMD     (   88):  buffer = [A]
E/SMD     (   88): Wrote 1 chars to SMD PORT fd=11 ch = 41
D/PHONESERVER(  144): [276] before timeout (1401559856)
D/PHONESERVER(  144): CHNMNG enter channel_manager_free_cmux cmux=/dev/ts0710mux5 
D/PHONESERVER(  144): CHNMNG enter channel_manager_free_cmux pty=0x37964 
D/PHONESERVER(  144): [265] Before remove wait array
D/PHONESERVER(  144): [0]:276 
D/PHONESERVER(  144): 
D/PHONESERVER(  144): [265] After remove wait array
D/PHONESERVER(  144): 
D/PHONESERVER(  144): Enter select_send_thread_run
D/PHONESERVER(  144): Leave select_send_thread_run
D/PHONESERVER(  144): CHNMNG Leave channel_manager_free_cmux cmux=/dev/ts0710mux5 
D/PHONESERVER(  144): [265] before signal (1401559856)
D/PHONESERVER(  144): [265] after signal (1401559856)
D/PHONESERVER(  144): Receive thread's TID [265] MUX :/dev/ts0710mux5 Waiting for resp  
D/PHONESERVER(  144): [276] after timeout (1401559856)
D/PHONESERVER(  144): phoneserver mux adapt: generic cmd AT+CIMI

E/DataRouter(  107): After the usb select 
E/DataRouter(  107): read usb data[len:1]
E/DataRouter(  107): read usb data message:T
E/DataRouter(  107): Before the usb select 
E/SMD     (   88): ***Received data notification[DR->SMD]***
E/SMD     (   88): Message:T
E/SMD     (   88): Sending data to SMD: Len = [1]
E/SMD     (   88):  buffer = [T]
E/SMD     (   88): Wrote 1 chars to SMD PORT fd=11 ch = 54
E/DataRouter(  107): After the usb select 
E/DataRouter(  107): read usb data[len:1]
E/DataRouter(  107): read usb data message:+
E/DataRouter(  107): Before the usb select 
E/SMD     (   88): ***Received data notification[DR->SMD]***
E/SMD     (   88): Message:+
E/SMD     (   88): Sending data to SMD: Len = [1]
E/SMD     (   88):  buffer = [+]
E/SMD     (   88): Wrote 1 chars to SMD PORT fd=11 ch = 2b
E/DataRouter(  107): After the usb select 
E/DataRouter(  107): read usb data[len:1]
E/DataRouter(  107): read usb data message:C
E/DataRouter(  107): Before the usb select 
E/SMD     (   88): ***Received data notification[DR->SMD]***
E/SMD     (   88): Message:C
E/SMD     (   88): Sending data to SMD: Len = [1]
E/SMD     (   88):  buffer = [C]
E/SMD     (   88): Wrote 1 chars to SMD PORT fd=11 ch = 43
E/DataRouter(  107): After the usb select 
E/DataRouter(  107): read usb data[len:1]
E/DataRouter(  107): read usb data message:R
E/DataRouter(  107): Before the usb select 
E/SMD     (   88): ***Received data notification[DR->SMD]***
E/SMD     (   88): Message:R
E/SMD     (   88): Sending data to SMD: Len = [1]
E/SMD     (   88):  buffer = [R]
E/SMD     (   88): Wrote 1 chars to SMD PORT fd=11 ch = 52
E/DataRouter(  107): After the usb select 
E/DataRouter(  107): read usb data[len:1]
E/DataRouter(  107): read usb data message:S
E/DataRouter(  107): Before the usb select 
E/SMD     (   88): ***Received data notification[DR->SMD]***
E/SMD     (   88): Message:S
E/SMD     (   88): Sending data to SMD: Len = [1]
E/SMD     (   88):  buffer = [S]
E/SMD     (   88): Wrote 1 chars to SMD PORT fd=11 ch = 53
E/DataRouter(  107): After the usb select 
E/DataRouter(  107): read usb data[len:1]
E/DataRouter(  107): read usb data message:M
E/DataRouter(  107): Before the usb select 
E/SMD     (   88): ***Received data notification[DR->SMD]***
E/SMD     (   88): Message:M
E/SMD     (   88): Sending data to SMD: Len = [1]
E/SMD     (   88):  buffer = [M]
E/SMD     (   88): Wrote 1 chars to SMD PORT fd=11 ch = 4d
E/DataRouter(  107): After the usb select 
E/DataRouter(  107): read usb data[len:1]
E/DataRouter(  107): read usb data message:=
E/DataRouter(  107): Before the usb select 
E/SMD     (   88): ***Received data notification[DR->SMD]***
E/SMD     (   88): Message:=
E/SMD     (   88): Sending data to SMD: Len = [1]
E/SMD     (   88):  buffer = [=]
E/SMD     (   88): Wrote 1 chars to SMD PORT fd=11 ch = 3d
E/DataRouter(  107): After the usb select 
E/DataRouter(  107): read usb data[len:1]
E/DataRouter(  107): read usb data message:1
E/DataRouter(  107): Before the usb select 
E/SMD     (   88): ***Received data notification[DR->SMD]***
E/SMD     (   88): Message:1
E/SMD     (   88): Sending data to SMD: Len = [1]
E/SMD     (   88):  buffer = [1]
E/SMD     (   88): Wrote 1 chars to SMD PORT fd=11 ch = 31
E/DataRouter(  107): After the usb select 
E/DataRouter(  107): read usb data[len:1]
E/DataRouter(  107): read usb data message:7
E/DataRouter(  107): Before the usb select 
E/SMD     (   88): ***Received data notification[DR->SMD]***
E/SMD     (   88): Message:7
E/SMD     (   88): Sending data to SMD: Len = [1]
E/SMD     (   88):  buffer = [7]
E/SMD     (   88): Wrote 1 chars to SMD PORT fd=11 ch = 37
E/DataRouter(  107): After the usb select 
E/DataRouter(  107): read usb data[len:1]
E/DataRouter(  107): read usb data message:6
E/DataRouter(  107): Before the usb select 
E/SMD     (   88): ***Received data notification[DR->SMD]***
E/SMD     (   88): Message:6
E/SMD     (   88): Sending data to SMD: Len = [1]
E/SMD     (   88):  buffer = [6]
E/SMD     (   88): Wrote 1 chars to SMD PORT fd=11 ch = 36
E/DataRouter(  107): After the usb select 
E/DataRouter(  107): read usb data[len:1]
E/DataRouter(  107): read usb data message:,
E/DataRouter(  107): Before the usb select 
E/SMD     (   88): ***Received data notification[DR->SMD]***
E/SMD     (   88): Message:,
E/SMD     (   88): Sending data to SMD: Len = [1]
E/SMD     (   88):  buffer = [,]
E/SMD     (   88): Wrote 1 chars to SMD PORT fd=11 ch = 2c
E/DataRouter(  107): After the usb select 
E/DataRouter(  107): read usb data[len:1]
E/DataRouter(  107): read usb data message:2
E/DataRouter(  107): Before the usb select 
E/SMD     (   88): ***Received data notification[DR->SMD]***
E/SMD     (   88): Message:2
E/SMD     (   88): Sending data to SMD: Len = [1]
E/SMD     (   88):  buffer = [2]
E/SMD     (   88): Wrote 1 chars to SMD PORT fd=11 ch = 32
E/DataRouter(  107): After the usb select 
E/DataRouter(  107): read usb data[len:1]
E/DataRouter(  107): read usb data message:8
E/DataRouter(  107): Before the usb select 
E/SMD     (   88): ***Received data notification[DR->SMD]***
E/SMD     (   88): Message:8
E/SMD     (   88): Sending data to SMD: Len = [1]
E/SMD     (   88):  buffer = [8]
E/SMD     (   88): Wrote 1 chars to SMD PORT fd=11 ch = 38
E/DataRouter(  107): After the usb select 
E/DataRouter(  107): read usb data[len:1]
E/DataRouter(  107): read usb data message:5
E/DataRouter(  107): Before the usb select 
E/SMD     (   88): ***Received data notification[DR->SMD]***
E/SMD     (   88): Message:5
E/SMD     (   88): Sending data to SMD: Len = [1]
E/SMD     (   88):  buffer = [5]
E/SMD     (   88): Wrote 1 chars to SMD PORT fd=11 ch = 35
E/DataRouter(  107): After the usb select 
E/DataRouter(  107): read usb data[len:1]
E/DataRouter(  107): read usb data message:8
E/DataRouter(  107): Before the usb select 
E/SMD     (   88): ***Received data notification[DR->SMD]***
E/SMD     (   88): Message:8
E/SMD     (   88): Sending data to SMD: Len = [1]
E/SMD     (   88):  buffer = [8]
E/SMD     (   88): Wrote 1 chars to SMD PORT fd=11 ch = 38
E/DataRouter(  107): After the usb select 
E/DataRouter(  107): read usb data[len:1]
E/DataRouter(  107): read usb data message:9
E/DataRouter(  107): Before the usb select 
E/SMD     (   88): ***Received data notification[DR->SMD]***
E/SMD     (   88): Message:9
E/SMD     (   88): Sending data to SMD: Len = [1]
E/SMD     (   88):  buffer = [9]
E/SMD     (   88): Wrote 1 chars to SMD PORT fd=11 ch = 39
E/DataRouter(  107): After the usb select 
E/DataRouter(  107): read usb data[len:1]
E/DataRouter(  107): read usb data message:,
E/DataRouter(  107): Before the usb select 
E/SMD     (   88): ***Received data notification[DR->SMD]***
E/SMD     (   88): Message:,
E/SMD     (   88): Sending data to SMD: Len = [1]
E/SMD     (   88):  buffer = [,]
E/SMD     (   88): Wrote 1 chars to SMD PORT fd=11 ch = 2c
E/DataRouter(  107): After the usb select 
E/DataRouter(  107): read usb data[len:1]
E/DataRouter(  107): read usb data message:0
E/DataRouter(  107): Before the usb select 
E/SMD     (   88): ***Received data notification[DR->SMD]***
E/SMD     (   88): Message:0
E/SMD     (   88): Sending data to SMD: Len = [1]
E/SMD     (   88):  buffer = [0]
E/SMD     (   88): Wrote 1 chars to SMD PORT fd=11 ch = 30
E/DataRouter(  107): After the usb select 
E/DataRouter(  107): read usb data[len:1]
E/DataRouter(  107): read usb data message:,
E/DataRouter(  107): Before the usb select 
E/SMD     (   88): ***Received data notification[DR->SMD]***
E/SMD     (   88): Message:,
E/SMD     (   88): Sending data to SMD: Len = [1]
E/SMD     (   88):  buffer = [,]
E/SMD     (   88): Wrote 1 chars to SMD PORT fd=11 ch = 2c
E/DataRouter(  107): After the usb select 
E/DataRouter(  107): read usb data[len:1]
E/DataRouter(  107): read usb data message:0
E/DataRouter(  107): Before the usb select 
E/SMD     (   88): ***Received data notification[DR->SMD]***
E/SMD     (   88): Message:0
E/SMD     (   88): Sending data to SMD: Len = [1]
E/SMD     (   88):  buffer = [0]
E/SMD     (   88): Wrote 1 chars to SMD PORT fd=11 ch = 30
E/DataRouter(  107): After the usb select 
E/DataRouter(  107): read usb data[len:1]
E/DataRouter(  107): read usb data message:,
E/DataRouter(  107): Before the usb select 
E/SMD     (   88): ***Received data notification[DR->SMD]***
E/SMD     (   88): Message:,
E/SMD     (   88): Sending data to SMD: Len = [1]
E/SMD     (   88):  buffer = [,]
E/SMD     (   88): Wrote 1 chars to SMD PORT fd=11 ch = 2c
E/DataRouter(  107): After the usb select 
E/DataRouter(  107): read usb data[len:1]
E/DataRouter(  107): read usb data message:4
E/DataRouter(  107): Before the usb select 
E/SMD     (   88): ***Received data notification[DR->SMD]***
E/SMD     (   88): Message:4
E/SMD     (   88): Sending data to SMD: Len = [1]
E/SMD     (   88):  buffer = [4]
E/SMD     (   88): Wrote 1 chars to SMD PORT fd=11 ch = 34
E/DataRouter(  107): After the usb select 
E/DataRouter(  107): read usb data[len:1]
E/DataRouter(  107): read usb data message:

E/DataRouter(  107): Before the usb select 
E/SMD     (   88): ***Received data notification[DR->SMD]***
E/SMD     (   88): Message:

E/SMD     (   88): Sending data to SMD: Len = [1]
E/SMD     (   88):  buffer = [
]
D/SPRDENG (  149): eng_server2modem: use SIM1 /dev/CHNPTY13
D/SPRDENG (  149): AT > AT+CRSM=176,28589,0,0,4
D/PHONESERVER(  144): Send thread's TID [276] CHNMNG:findNextEOL:
D/PHONESERVER(  144): Send thread's TID [276] CHNMNG:end findNextEOL:
E/SMD     (   88): Wrote 1 chars to SMD PORT fd=11 ch = d
D/PHONESERVER(  144): Send thread's TID [276] CHNMNG:findNextEOL:
D/PHONESERVER(  144): Send thread's TID [276] CHNMNG:end findNextEOL:
D/PHONESERVER(  144): Send thread's TID [276] PS_PTY : /dev/CHNPTY13 Received 24 bytes command[AT+CRSM=176,28589,0,0,4
]
D/PHONESERVER(  144): Send thread TID [276] CHNMNG enter channel_manager_get_cmux 
D/PHONESERVER(  144): Before add wait array pty=0x37964
D/PHONESERVER(  144): Before add wait array
D/PHONESERVER(  144): 
D/PHONESERVER(  144): After add wait array
D/PHONESERVER(  144): [0]:276 
D/PHONESERVER(  144): 
D/PHONESERVER(  144): TYPE:SIMM
D/PHONESERVER(  144): Send thread TID [276] CHNMNG Leave channel_manager_get_cmux:/dev/ts0710mux1 
D/PHONESERVER(  144): PS_CMUX cmux_regist_cmd_callback cmux:/dev/ts0710mux1
D/PHONESERVER(  144): PS_CMUX :/dev/ts0710mux1 cmux_write:AT+CRSM=176,28589,0,0,4
:len=24
D/SPRDENG (  149): eng_modem2server: use SIM1 /dev/CHNPTY13
D/PHONESERVER(  144): [276] before timeout (1401559856)
I/Surface (  303): Surface_lockCanvas
I/Surface (  303): Surface_lockCanvas
I/Surface (  303): Surface_lockCanvas
I/Surface (  303): Surface_lockCanvas
I/Surface (  303): Surface_lockCanvas
I/Surface (  303): Surface_lockCanvas
D/dalvikvm(  442): DexOpt: not verifying/optimizing 'Landroid/app/IProcessObserver;': multiple definitions
D/dalvikvm(  442): DexOpt: not verifying/optimizing 'Landroid/app/IProcessObserver$Stub;': multiple definitions
I/dalvikvm(  442): DexOpt: not resolving ambiguous class 'Landroid/app/IProcessObserver$Stub;'
D/dalvikvm(  442): DexOpt: not verifying/optimizing 'Landroid/app/IActivityWatcher;': multiple definitions
D/dalvikvm(  442): DexOpt: not verifying/optimizing 'Landroid/app/IActivityWatcher$Stub;': multiple definitions
I/Surface (  303): Surface_lockCanvas
I/dalvikvm(  442): DexOpt: not resolving ambiguous class 'Landroid/app/IActivityWatcher$Stub;'
I/dalvikvm(  442): DexOpt: not resolving ambiguous class 'Landroid/app/IActivityWatcher;'
I/Surface (  303): Surface_lockCanvas
I/Surface (  303): Surface_lockCanvas
I/dalvikvm(  442): DexOpt: not resolving ambiguous class 'Landroid/webkit/WebView;'
I/Surface (  303): Surface_lockCanvas
I/dalvikvm(  442): DexOpt: not resolving ambiguous class 'Landroid/webkit/CookieManager;'
I/dalvikvm(  442): DexOpt: not resolving ambiguous class 'Landroid/webkit/WebView;'
I/Surface (  303): Surface_lockCanvas
D/dalvikvm(  442): DexOpt: not verifying/optimizing 'Landroid/webkit/CacheManager$CacheResult;': multiple definitions
D/dalvikvm(  442): DexOpt: not verifying/optimizing 'Landroid/webkit/JsResult;': multiple definitions
D/dalvikvm(  442): DexOpt: not verifying/optimizing 'Landroid/webkit/JsPromptResult;': multiple definitions
D/dalvikvm(  442): DexOpt: not verifying/optimizing 'Landroid/webkit/WebHistoryItem;': multiple definitions
D/dalvikvm(  442): DexOpt: not verifying/optimizing 'Landroid/webkit/CookieManager;': multiple definitions
D/dalvikvm(  442): DexOpt: not verifying/optimizing 'Landroid/webkit/ClientCertRequestHandler;': multiple definitions
D/dalvikvm(  442): DexOpt: not verifying/optimizing 'Landroid/webkit/JavascriptInterface;': multiple definitions
D/dalvikvm(  442): DexOpt: not verifying/optimizing 'Landroid/webkit/WebView$WebViewTransport;': multiple definitions
D/dalvikvm(  442): DexOpt: not verifying/optimizing 'Landroid/webkit/WebView$HitTestResult;': multiple definitions
D/dalvikvm(  442): DexOpt: not verifying/optimizing 'Landroid/webkit/CacheManager;': multiple definitions
D/dalvikvm(  442): DexOpt: not verifying/optimizing 'Landroid/app/IActivityWatcher$Stub$Proxy;': multiple definitions
D/dalvikvm(  442): DexOpt: not verifying/optimizing 'Landroid/app/IProcessObserver$Stub$Proxy;': multiple definitions
I/Surface (  303): Surface_lockCanvas
I/Surface (  303): Surface_lockCanvas
I/Surface (  303): Surface_lockCanvas
I/Surface (  303): Surface_lockCanvas
I/Surface (  303): Surface_lockCanvas
I/Surface (  303): Surface_lockCanvas
I/Surface (  303): Surface_lockCanvas
D/dalvikvm(  442): DexOpt: load 769ms, verify+opt 4259ms
I/Surface (  303): Surface_lockCanvas
I/Surface (  303): Surface_lockCanvas
I/Surface (  303): Surface_lockCanvas
I/Surface (  303): Surface_lockCanvas
I/Surface (  303): Surface_lockCanvas
I/Surface (  303): Surface_lockCanvas
I/Surface (  303): Surface_lockCanvas
I/Surface (  303): Surface_lockCanvas
I/Surface (  303): Surface_lockCanvas
I/Surface (  303): Surface_lockCanvas
I/Surface (  303): Surface_lockCanvas
I/Surface (  303): Surface_lockCanvas
I/Surface (  303): Surface_lockCanvas
I/Surface (  303): Surface_lockCanvas
I/Surface (  303): Surface_lockCanvas
I/Surface (  303): Surface_lockCanvas
I/Surface (  303): Surface_lockCanvas
I/Surface (  303): Surface_lockCanvas
I/Surface (  303): Surface_lockCanvas
I/Surface (  303): Surface_lockCanvas
I/Surface (  303): Surface_lockCanvas
I/Surface (  303): Surface_lockCanvas
I/Surface (  303): Surface_lockCanvas
I/Surface (  303): Surface_lockCanvas
I/Surface (  303): Surface_lockCanvas
I/Surface (  303): Surface_lockCanvas
I/Surface (  303): Surface_lockCanvas
I/Surface (  303): Surface_lockCanvas
I/Surface (  303): Surface_lockCanvas
I/Surface (  303): Surface_lockCanvas
I/Surface (  303): Surface_lockCanvas
I/Surface (  303): Surface_lockCanvas
I/Surface (  303): Surface_lockCanvas
I/Surface (  303): Surface_lockCanvas
I/Surface (  303): Surface_lockCanvas
I/Surface (  303): Surface_lockCanvas
I/Surface (  303): Surface_lockCanvas
I/Surface (  303): Surface_lockCanvas
I/PackageManager(  303): Running dexopt on: XXX.XXXXX.XXXXXXXXXX
I/Surface (  303): Surface_lockCanvas
I/Surface (  303): Surface_lockCanvas
I/Surface (  303): Surface_lockCanvas
I/Surface (  303): Surface_lockCanvas
D/PHONESERVER(  144): Receive thread's TID [261] CHMNG:  receive data thread :mux=/dev/ts0710mux1:input:+CRSM: 103,3

D/PHONESERVER(  144): pty_write get lock
D/PHONESERVER(  144): PS_PTY:/dev/CHNPTY13   write :

D/PHONESERVER(  144): +CRSM: 103,3

D/PHONESERVER(  144): 
D/PHONESERVER(  144): pty_write free lock
D/PHONESERVER(  144): Receive thread's TID [261] MUX :/dev/ts0710mux1 Waiting for resp  
D/PHONESERVER(  144): Receive thread's TID [261] CHMNG:  receive data thread :mux=/dev/ts0710mux1:input:OK

D/PHONESERVER(  144): PS_CMUX cmux_deregist_cmd_callback cmux:/dev/ts0710mux1
D/PHONESERVER(  144): pty_write get lock
D/PHONESERVER(  144): PS_PTY:/dev/CHNPTY13   write :

D/PHONESERVER(  144): OK

D/PHONESERVER(  144): 
D/PHONESERVER(  144): pty_write free lock
D/PHONESERVER(  144): CHNMNG enter channel_manager_free_cmux cmux=/dev/ts0710mux1 
D/PHONESERVER(  144): CHNMNG enter channel_manager_free_cmux pty=0x37964 
D/PHONESERVER(  144): [261] Before remove wait array
D/PHONESERVER(  144): [0]:276 
D/PHONESERVER(  144): 
D/PHONESERVER(  144): [261] After remove wait array
D/PHONESERVER(  144): 
D/PHONESERVER(  144): Enter select_send_thread_run
D/PHONESERVER(  144): Leave select_send_thread_run
