--------- beginning of /dev/log/system
I/Vold    (   78): Vold 2.1 (the revenge) firing up
E/Vold    (   78): created DirEncryptionManager
D/Vold    (   78): Volume sdcard state changing -1 (Initializing) -> 0 (No-Media)
D/Vold    (   78): Volume sda state changing -1 (Initializing) -> 0 (No-Media)
D/Vold    (   78): Volume sdb state changing -1 (Initializing) -> 0 (No-Media)
D/Vold    (   78): Volume sdc state changing -1 (Initializing) -> 0 (No-Media)
D/Vold    (   78): Volume sdd state changing -1 (Initializing) -> 0 (No-Media)
D/Vold    (   78): Volume sde state changing -1 (Initializing) -> 0 (No-Media)
D/Vold    (   78): Volume sdf state changing -1 (Initializing) -> 0 (No-Media)
D/DirectVolume(   78): DirectVolume::readId -> path '/sys/devices/platform/sprd-sdhci.0/mmc_host/mmc1/mmc1:1234/block/mmcblk1/device/cid' 
D/DirectVolume(   78): DirectVolume::readId -> id '02544d5341303247049c3000d800a200' 
D/DirectVolume(   78): DirectVolume::handleDiskAdded -> mDiskMajor 179, mDiskMinor 96, NPARTS:1
D/Vold    (   78): Volume sdcard state changing 0 (No-Media) -> 2 (Pending)
D/DirectVolume(   78): DirectVolume::handlePartitionAdded -> major 179, minor 97, PARTN 1
D/Vold    (   78): Volume sdcard state changing 2 (Pending) -> 1 (Idle-Unmounted)
I/ApplicationContext(   94): IRDA Service ro.product.nam = kyletdzm
W/PackageParser(  303): /system/framework/twframework-res.apk (at Binary XML file line #2): <manifest haha> specifies bad package name "touchwiz": must have at least one '.' separator
W/PackageParser(  303): No actions in intent filter at /system/app/Contacts.apk Binary XML file line #297
W/PackageParser(  303): No actions in intent filter at /system/app/Contacts.apk Binary XML file line #410
I/SystemServer(  303): Entered the Android system server!
W/PackageParser(  303): Unknown element under <manifest>: user-permission at /system/app/HomePro.apk Binary XML file line #90
W/PackageParser(  303): No actions in intent filter at /system/app/SearchBox.apk Binary XML file line #917
W/PackageParser(  303): No actions in intent filter at /system/app/SearchBox.apk Binary XML file line #948
I/SystemServer(  303): Entropy Service
I/SystemServer(  303): Power Manager
I/SystemServer(  303): Activity Manager
W/PackageParser(  303): Problem in package /system/app/Settings.apk:
W/PackageParser(  303): Unknown element under <activity>: category at /system/app/Settings.apk Binary XML file line #1044
I/ActivityManager(  303): Memory class: 64
W/UsageStats(  303): Usage stats version changed; dropping
I/SystemServer(  303): Telephony Registry
I/SystemServer(  303): Package Manager
I/SystemServer(  303): !@beginofPackageManager
I/Installer(  303): connecting...
W/PackageManager(  303): Library not found: /system/framework/com.samsung.ims.jar
W/PackageManager(  303): Library not found: /system/framework/com.samsung.commonimsinterface.jar
W/PackageManager(  303): Exception reading jar: /system/framework/framework-res-yi.apk
W/PackageManager(  303): java.io.IOException: /system/framework/framework-res-yi.apk
W/PackageManager(  303): 	at dalvik.system.DexFile.isDexOptNeeded(Native Method)
W/PackageManager(  303): 	at com.android.server.pm.PackageManagerService.<init>(PackageManagerService.java:1018)
W/PackageManager(  303): 	at com.android.server.pm.PackageManagerService.main(PackageManagerService.java:1110)
W/PackageManager(  303): 	at com.android.server.ServerThread.run(SystemServer.java:220)
W/PackageManager(  303): Exception reading jar: /system/framework/twframework-res.apk
W/PackageManager(  303): java.io.IOException: /system/framework/twframework-res.apk
W/PackageManager(  303): 	at dalvik.system.DexFile.isDexOptNeeded(Native Method)
W/PackageManager(  303): 	at com.android.server.pm.PackageManagerService.<init>(PackageManagerService.java:1018)
W/PackageManager(  303): 	at com.android.server.pm.PackageManagerService.main(PackageManagerService.java:1110)
W/PackageManager(  303): 	at com.android.server.ServerThread.run(SystemServer.java:220)
W/PackageParser(  303): /system/framework/twframework-res.apk (at Binary XML file line #2): <manifest haha> specifies bad package name "touchwiz": must have at least one '.' separator
W/PackageManager(  303): Permission com.baidu.permission.SHARE from package com.baidu.browser.apps ignored: original from com.baidu.appsearch
W/PackageManager(  303): Package com.baidu.gallery3d desires unavailable shared library com.google.android.media.effects; ignoring!
W/PackageManager(  303): Permission com.baidu.permission.SHARE from package com.baidu.input ignored: original from com.baidu.appsearch
W/PackageManager(  303): Permission com.baidu.permission.SHARE from package com.baidu.BaiduMap ignored: original from com.baidu.appsearch
W/PackageManager(  303): Permission com.baidu.permission.SHARE from package com.baidu.bsf.service ignored: original from com.baidu.appsearch
W/PackageParser(  303): No actions in intent filter at /system/app/Contacts.apk Binary XML file line #297
W/PackageParser(  303): No actions in intent filter at /system/app/Contacts.apk Binary XML file line #410
W/PackageParser(  303): Unknown element under <manifest>: user-permission at /system/app/HomePro.apk Binary XML file line #90
W/PackageParser(  303): No actions in intent filter at /system/app/SearchBox.apk Binary XML file line #917
W/PackageParser(  303): No actions in intent filter at /system/app/SearchBox.apk Binary XML file line #948
W/PackageManager(  303): Permission com.baidu.permission.SHARE from package com.baidu.searchbox ignored: original from com.baidu.appsearch
W/PackageParser(  303): Problem in package /system/app/Settings.apk:
W/PackageParser(  303): Unknown element under <activity>: category at /system/app/Settings.apk Binary XML file line #1044
W/PackageParser(  303): No actions in intent filter at /data/app/com.baidu.appsearch-1.apk Binary XML file line #1144
W/PackageParser(  303): No actions in intent filter at /data/app/com.baidu.appsearch-1.apk Binary XML file line #1153
W/PackageParser(  303): No actions in intent filter at /data/app/com.baidu.appsearch-1.apk Binary XML file line #1167
W/PackageParser(  303): No actions in intent filter at /data/app/com.baidu.appsearch-1.apk Binary XML file line #1175
W/PackageParser(  303): No actions in intent filter at /data/app/com.baidu.appsearch-1.apk Binary XML file line #1183
W/PackageParser(  303): No actions in intent filter at /data/app/com.baidu.appsearch-1.apk Binary XML file line #1192
W/PackageParser(  303): No actions in intent filter at /data/app/com.baidu.appsearch-1.apk Binary XML file line #1201
W/PackageParser(  303): No actions in intent filter at /data/app/com.baidu.appsearch-1.apk Binary XML file line #1210
W/PackageParser(  303): No actions in intent filter at /data/app/com.baidu.appsearch-1.apk Binary XML file line #1219
W/PackageParser(  303): No actions in intent filter at /data/app/com.baidu.appsearch-1.apk Binary XML file line #1227
W/PackageParser(  303): No actions in intent filter at /data/app/com.baidu.appsearch-1.apk Binary XML file line #1234
W/PackageParser(  303): No actions in intent filter at /data/app/com.baidu.appsearch-1.apk Binary XML file line #1241
W/PackageParser(  303): No actions in intent filter at /data/app/com.baidu.tiebaz-1.apk Binary XML file line #91
W/PackageParser(  303): No actions in intent filter at /data/app/com.baidu.tiebaz-1.apk Binary XML file line #107
W/PackageParser(  303): No actions in intent filter at /data/app/com.baidu.tiebaz-1.apk Binary XML file line #114
W/PackageParser(  303): No actions in intent filter at /data/app/com.baidu.tiebaz-1.apk Binary XML file line #123
W/PackageParser(  303): No actions in intent filter at /data/app/com.baidu.tiebaz-1.apk Binary XML file line #130
W/PackageParser(  303): No actions in intent filter at /data/app/com.baidu.tiebaz-1.apk Binary XML file line #136
W/PackageParser(  303): No actions in intent filter at /data/app/com.baidu.tiebaz-1.apk Binary XML file line #141
W/PackageParser(  303): No actions in intent filter at /data/app/com.baidu.tiebaz-1.apk Binary XML file line #146
W/PackageParser(  303): No actions in intent filter at /data/app/com.baidu.tiebaz-1.apk Binary XML file line #154
W/PackageParser(  303): No actions in intent filter at /data/app/com.baidu.tiebaz-1.apk Binary XML file line #164
W/PackageParser(  303): No actions in intent filter at /data/app/com.baidu.tiebaz-1.apk Binary XML file line #171
W/PackageParser(  303): No actions in intent filter at /data/app/com.baidu.tiebaz-1.apk Binary XML file line #178
W/PackageParser(  303): No actions in intent filter at /data/app/com.baidu.tiebaz-1.apk Binary XML file line #183
W/PackageParser(  303): No actions in intent filter at /data/app/com.baidu.tiebaz-1.apk Binary XML file line #207
W/PackageParser(  303): No actions in intent filter at /data/app/com.baidu.tiebaz-1.apk Binary XML file line #212
W/PackageParser(  303): No actions in intent filter at /data/app/com.baidu.tiebaz-1.apk Binary XML file line #217
W/PackageParser(  303): No actions in intent filter at /data/app/com.baidu.tiebaz-1.apk Binary XML file line #223
W/PackageParser(  303): No actions in intent filter at /data/app/com.baidu.tiebaz-1.apk Binary XML file line #228
W/PackageParser(  303): No actions in intent filter at /data/app/com.baidu.tiebaz-1.apk Binary XML file line #233
W/PackageParser(  303): No actions in intent filter at /data/app/com.baidu.tiebaz-1.apk Binary XML file line #238
W/PackageParser(  303): No actions in intent filter at /data/app/com.baidu.tiebaz-1.apk Binary XML file line #243
W/PackageParser(  303): No actions in intent filter at /data/app/com.baidu.tiebaz-1.apk Binary XML file line #248
W/PackageParser(  303): No actions in intent filter at /data/app/com.baidu.tiebaz-1.apk Binary XML file line #254
W/PackageParser(  303): No actions in intent filter at /data/app/com.baidu.tiebaz-1.apk Binary XML file line #263
W/PackageParser(  303): No actions in intent filter at /data/app/com.baidu.tiebaz-1.apk Binary XML file line #269
W/PackageParser(  303): No actions in intent filter at /data/app/com.baidu.tiebaz-1.apk Binary XML file line #275
W/PackageParser(  303): No actions in intent filter at /data/app/com.baidu.tiebaz-1.apk Binary XML file line #281
W/PackageParser(  303): No actions in intent filter at /data/app/com.baidu.tiebaz-1.apk Binary XML file line #286
W/PackageParser(  303): No actions in intent filter at /data/app/com.baidu.tiebaz-1.apk Binary XML file line #292
W/PackageParser(  303): No actions in intent filter at /data/app/com.baidu.tiebaz-1.apk Binary XML file line #298
W/PackageParser(  303): No actions in intent filter at /data/app/com.baidu.tiebaz-1.apk Binary XML file line #304
W/PackageParser(  303): No actions in intent filter at /data/app/com.baidu.tiebaz-1.apk Binary XML file line #316
W/PackageParser(  303): No actions in intent filter at /data/app/com.baidu.tiebaz-1.apk Binary XML file line #324
W/PackageParser(  303): No actions in intent filter at /data/app/com.baidu.tiebaz-1.apk Binary XML file line #328
W/PackageParser(  303): No actions in intent filter at /data/app/com.baidu.tiebaz-1.apk Binary XML file line #332
W/PackageParser(  303): No actions in intent filter at /data/app/com.baidu.tiebaz-1.apk Binary XML file line #336
W/PackageParser(  303): No actions in intent filter at /data/app/com.baidu.tiebaz-1.apk Binary XML file line #341
W/PackageParser(  303): No actions in intent filter at /data/app/com.baidu.tiebaz-1.apk Binary XML file line #346
W/PackageParser(  303): No actions in intent filter at /data/app/com.baidu.tiebaz-1.apk Binary XML file line #351
W/PackageParser(  303): No actions in intent filter at /data/app/com.baidu.tiebaz-1.apk Binary XML file line #356
W/PackageParser(  303): No actions in intent filter at /data/app/com.baidu.tiebaz-1.apk Binary XML file line #361
W/PackageParser(  303): No actions in intent filter at /data/app/com.baidu.tiebaz-1.apk Binary XML file line #369
W/PackageParser(  303): No actions in intent filter at /data/app/com.baidu.tiebaz-1.apk Binary XML file line #376
W/PackageParser(  303): No actions in intent filter at /data/app/com.baidu.tiebaz-1.apk Binary XML file line #384
W/PackageParser(  303): No actions in intent filter at /data/app/com.baidu.tiebaz-1.apk Binary XML file line #392
W/PackageParser(  303): No actions in intent filter at /data/app/com.baidu.tiebaz-1.apk Binary XML file line #398
W/PackageParser(  303): No actions in intent filter at /data/app/com.baidu.tiebaz-1.apk Binary XML file line #405
W/PackageParser(  303): No actions in intent filter at /data/app/com.baidu.tiebaz-1.apk Binary XML file line #412
W/PackageParser(  303): No actions in intent filter at /data/app/com.baidu.tiebaz-1.apk Binary XML file line #419
W/PackageParser(  303): No actions in intent filter at /data/app/com.baidu.tiebaz-1.apk Binary XML file line #488
W/PackageParser(  303): No actions in intent filter at /data/app/com.baidu.tiebaz-1.apk Binary XML file line #495
W/PackageParser(  303): No actions in intent filter at /data/app/com.baidu.tiebaz-1.apk Binary XML file line #717
W/PackageParser(  303): No actions in intent filter at /data/app/com.baidu.tiebaz-1.apk Binary XML file line #722
W/PackageParser(  303): No actions in intent filter at /data/app/com.baidu.tiebaz-1.apk Binary XML file line #727
W/PackageParser(  303): No actions in intent filter at /data/app/com.baidu.tiebaz-1.apk Binary XML file line #732
W/PackageParser(  303): No actions in intent filter at /data/app/com.baidu.tiebaz-1.apk Binary XML file line #738
W/PackageParser(  303): No actions in intent filter at /data/app/com.baidu.tiebaz-1.apk Binary XML file line #745
W/PackageParser(  303): No actions in intent filter at /data/app/com.baidu.tiebaz-1.apk Binary XML file line #943
W/PackageParser(  303): No actions in intent filter at /data/app/com.baidu.tiebaz-1.apk Binary XML file line #966
W/PackageParser(  303): No actions in intent filter at /data/app/com.baidu.tiebaz-1.apk Binary XML file line #1034
W/PackageParser(  303): Unknown element under <application>: intent-filter at /data/app/com.kugou.android-1.apk Binary XML file line #835
W/PackageManager(  303): Package com.speedsoftware.rootexplorer desires unavailable shared library com.sec.android.app.multiwindow; ignoring!
W/PackageManager(  303): Package com.tencent.mobileqq desires unavailable shared library com.google.android.media.effects; ignoring!
W/PackageManager(  303): Package com.tencent.mobileqq desires unavailable shared library com.motorola.hardware.frontcamera; ignoring!
I/PackageManager(  303): Time to scan packages: 14.297 seconds
W/PackageManager(  303): Removing dangling permission: com.sec.android.app.sysscope.permission.SYSSCOPE_ACCESS_SYSTEM_INFO from package null
W/PackageManager(  303): Unknown permission android.Manifest.permission.FORCE_STOP_PACKAGES in package com.baiyi_mobile.security
W/PackageManager(  303): Unknown permission com.htc.launcher.permission.WRITE_SETTINGS in package com.baiyi_mobile.security
W/PackageManager(  303): Unknown permission com.htc.launcher.permission.READ_SETTINGS in package com.baiyi_mobile.security
W/PackageManager(  303): Not granting permission com.android.launcher.permission.READ_SETTINGS to package com.UCMobile because it was previously installed without
W/PackageManager(  303): Not granting permission com.android.launcher.permission.WRITE_SETTINGS to package com.UCMobile because it was previously installed without
W/PackageManager(  303): Unknown permission com.htc.launcher.permission.WRITE_SETTINGS in package com.UCMobile
W/PackageManager(  303): Unknown permission com.htc.launcher.permission.READ_SETTINGS in package com.UCMobile
W/PackageManager(  303): Unknown permission com.sec.android.app.twlauncher.WRITE_SETTINGS in package com.UCMobile
W/PackageManager(  303): Unknown permission com.sec.android.app.twlauncher.READ_SETTINGS in package com.UCMobile
W/PackageManager(  303): Unknown permission org.adw.launcher.permission.READ_SETTINGS in package com.UCMobile
W/PackageManager(  303): Unknown permission org.adw.launcher.permission.WRITE_SETTINGS in package com.UCMobile
W/PackageManager(  303): Unknown permission org.adwfreak.launcher.permission.READ_SETTINGS in package com.UCMobile
W/PackageManager(  303): Unknown permission org.adwfreak.launcher.permission.WRITE_SETTINGS in package com.UCMobile
W/PackageManager(  303): Unknown permission com.gau.go.launcherex.permission.READ_SETTINGS in package com.UCMobile
W/PackageManager(  303): Unknown permission com.gau.go.launcherex.permission.WRITE_SETTINGS in package com.UCMobile
W/PackageManager(  303): Unknown permission com.fede.launcher.permission.READ_SETTINGS in package com.UCMobile
W/PackageManager(  303): Unknown permission com.fede.launcher.permission.WRITE_SETTINGS in package com.UCMobile
W/PackageManager(  303): Unknown permission android.permission.ADD_SYSTEM_SERVICE in package com.baidu.bsf.system
W/PackageManager(  303): Unknown permission android.permission.WRITE_INTERNAL_STORAGE in package com.baidu.bsf.system
W/PackageManager(  303): Unknown permission android.permission.READ_CALL_LOG in package com.android.contacts
W/PackageManager(  303): Unknown permission android.permission.WRITE_CALL_LOG in package com.android.contacts
W/PackageManager(  303): Unknown permission com.google.android.googleapps.permission.GOOGLE_AUTH.mail in package com.android.contacts
W/PackageManager(  303): Unknown permission android.permission.READ_EXTERNAL_STORAGE in package ru.zdevs.zarchiver
W/PackageManager(  303): Unknown permission android.permission.ADD_SYSTEM_SERVICE in package com.android.phone
W/PackageManager(  303): Unknown permission com.android.smspush.WAPPUSH_MANAGER_BIND in package com.android.phone
W/PackageManager(  303): Unknown permission com.google.android.c2dm.permission.RECEIVE in package com.duowan.mobile
W/PackageManager(  303): Unknown permission android.permission.READ_CALL_LOG in package com.baidu.antidisturbance
W/PackageManager(  303): Unknown permission android.permission.WRITE_CALL_LOG in package com.baidu.antidisturbance
W/PackageManager(  303): Unknown permission android.permission.READ_EXTERNAL_STORAGE in package com.baidu.videoeditor
W/PackageManager(  303): Unknown permission android.permission.RECORD_VIDEO in package com.baidu.videoeditor
W/PackageManager(  303): Unknown permission com.sec.android.app.twdvfs.DVFS_BOOSTER_PERMISSION in package com.android.MtpApplication
W/PackageManager(  303): Unknown permission com.google.android.googleapps.permission.GOOGLE_AUTH in package com.android.providers.calendar
W/PackageManager(  303): Unknown permission com.google.android.googleapps.permission.GOOGLE_AUTH.cl in package com.android.providers.calendar
W/PackageManager(  303): Unknown permission android.permission.ACCESS_DEV_STORAGE in package com.sec.android.app.camera
W/PackageManager(  303): Unknown permission android.permission.READ_EXTERNAL_STORAGE in package com.sec.android.app.camera
W/PackageManager(  303): Unknown permission com.samsung.helphub.permission.GET_DATA in package com.sec.android.app.camera
W/PackageManager(  303): Unknown permission com.samsung.helphub.permission.WRITE_DATA in package com.sec.android.app.camera
W/PackageManager(  303): Unknown permission com.sec.android.app.twdvfs.DVFS_BOOSTER_PERMISSION in package com.sec.android.app.camera
W/PackageManager(  303): Unknown permission android.permission.DISABLE_STATUS_BAR in package com.baidu.setupwizard
W/PackageManager(  303): Unknown permission android.permission.RAISED_THREAD_PRIORITY in package com.baidu.setupwizard
W/PackageManager(  303): Unknown permission android.permission.WRITE_OWNER_DATA in package com.baidu.thememanager.ui
W/PackageManager(  303): Unknown permission android.permission.READ_OWNER_DATA in package com.baidu.thememanager.ui
W/PackageManager(  303): Unknown permission com.htc.launcher.permission.READ_SETTINGS in package com.baidu.appsearch
W/PackageManager(  303): Unknown permission com.htc.launcher.permission.WRITE_SETTINGS in package com.baidu.appsearch
W/PackageManager(  303): Unknown permission org.adw.launcher.permission.READ_SETTINGS in package com.baidu.appsearch
W/PackageManager(  303): Unknown permission org.adw.launcher.permission.WRITE_SETTINGS in package com.baidu.appsearch
W/PackageManager(  303): Unknown permission com.fede.launcher.permission.READ_SETTINGS in package com.baidu.appsearch
W/PackageManager(  303): Unknown permission com.fede.launcher.permission.WRITE_SETTINGS in package com.baidu.appsearch
W/PackageManager(  303): Unknown permission com.qihoo360.launcher.permission.READ_SETTINGS in package com.baidu.appsearch
W/PackageManager(  303): Unknown permission com.qihoo360.launcher.permission.WRITE_SETTINGS in package com.baidu.appsearch
W/PackageManager(  303): Unknown permission net.qihoo.launcher.permission.READ_SETTINGS in package com.baidu.appsearch
W/PackageManager(  303): Unknown permission net.qihoo.launcher.permission.WRITE_SETTINGS in package com.baidu.appsearch
W/PackageManager(  303): Unknown permission com.lge.launcher.permission.READ_SETTINGS in package com.baidu.appsearch
W/PackageManager(  303): Unknown permission com.lge.launcher.permission.WRITE_SETTINGS in package com.baidu.appsearch
W/PackageManager(  303): Unknown permission com.sec.android.app.twlauncher.settings.READ_SETTINGS in package com.baidu.appsearch
W/PackageManager(  303): Unknown permission com.sec.android.app.twlauncher.settings.WRITE_SETTINGS in package com.baidu.appsearch
W/PackageManager(  303): Unknown permission org.adwfreak.launcher.permission.READ_SETTINGS in package com.baidu.appsearch
W/PackageManager(  303): Unknown permission org.adwfreak.launcher.permission.WRITE_SETTINGS in package com.baidu.appsearch
W/PackageManager(  303): Not granting permission android.permission.FORCE_STOP_PACKAGES to package com.baidu.appsearch (protectionLevel=2 flags=0x8bec5)
W/PackageManager(  303): Unknown permission android.permission.READ_CALL_LOG in package com.baidu.appsearch
W/PackageManager(  303): Unknown permission android.permission.WRITE_CALL_LOG in package com.baidu.appsearch
W/PackageManager(  303): Not granting permission android.permission.SET_ACTIVITY_WATCHER to package com.baidu.appsearch (protectionLevel=2 flags=0x8bec5)
W/PackageManager(  303): Unknown permission com.google.android.googleapps.permission.GOOGLE_AUTH.mail in package com.android.calendar
W/PackageManager(  303): Unknown permission android.permission.ACCESS_MOBILE_STATE in package com.baidu.android.ota
W/PackageManager(  303): Not granting permission com.android.launcher.permission.READ_SETTINGS to package com.tencent.mobileqq because it was previously installed without
W/PackageManager(  303): Unknown permission android.permission.WRITE_OWNER_DATA in package com.tencent.mobileqq
W/PackageManager(  303): Unknown permission android.permission.SYSTEM_OVERLAY_WINDOW in package com.tencent.mobileqq
W/PackageManager(  303): Unknown permission android.permission.WRITE_CALL_LOG in package com.baidu.backuprestore
W/PackageManager(  303): Unknown permission android.permission.READ_CALL_LOG in package com.baidu.backuprestore
W/PackageManager(  303): Unknown permission android.permission.WRITE_OWNER_DATA in package com.baidu.bsf.service
W/PackageManager(  303): Unknown permission android.permission.ADD_SYSTEM_SERVICE in package com.baidu.bsf.service
W/PackageManager(  303): Unknown permission com.stericsson.permission.SEND_RIL_OEM_HOOK in package android
W/PackageManager(  303): Unknown permission com.sec.android.app.twdvfs.DVFS_BOOSTER_PERMISSION in package android
W/PackageManager(  303): Unknown permission com.google.android.googleapps.permission.GOOGLE_AUTH in package com.android.settings
W/PackageManager(  303): Unknown permission com.google.android.googleapps.permission.GOOGLE_AUTH in package com.android.providers.contacts
W/PackageManager(  303): Unknown permission com.google.android.googleapps.permission.GOOGLE_AUTH.cp in package com.android.providers.contacts
W/PackageManager(  303): Unknown permission android.permission.BACKUP_DATA in package com.baidu.browser.apps
W/PackageManager(  303): Not granting permission android.permission.SET_ACTIVITY_WATCHER to package com.baidu.browser.apps (protectionLevel=2 flags=0x8be45)
W/PackageManager(  303): Unknown permission com.huawei.android.launcher.permission.READ_SETTINGS in package com.baidu.browser.apps
W/PackageManager(  303): Unknown permission com.qihoo360.launcher.permission.READ_SETTINGS in package com.baidu.browser.apps
W/PackageManager(  303): Unknown permission net.qihoo.launcher.permission.READ_SETTINGS in package com.baidu.browser.apps
W/PackageManager(  303): Unknown permission com.nd.android.launcher.permission.READ_SETTINGS in package com.baidu.browser.apps
W/PackageManager(  303): Unknown permission com.bbk.launcher2.permission.READ_SETTINGS in package com.baidu.browser.apps
W/PackageManager(  303): Unknown permission com.lge.launcher.permission.READ_SETTINGS in package com.baidu.browser.apps
W/PackageManager(  303): Unknown permission com.htc.launcher.permission.READ_SETTINGS in package com.baidu.browser.apps
W/PackageManager(  303): Unknown permission com.fede.launcher.permission.READ_SETTINGS in package com.baidu.browser.apps
W/PackageManager(  303): Unknown permission com.tencent.qqlauncher.permission.READ_SETTINGS in package com.baidu.browser.apps
W/PackageManager(  303): Unknown permission org.adw.launcher.permission.READ_SETTINGS in package com.baidu.browser.apps
W/PackageManager(  303): Unknown permission org.adwfreak.launcher.permission.READ_SETTINGS in package com.baidu.browser.apps
W/PackageManager(  303): Unknown permission org.adw.launcher_donut.permission.READ_SETTINGS in package com.baidu.browser.apps
W/PackageManager(  303): Unknown permission com.yulong.android.launcher.permission.READ_SETTINGS in package com.baidu.browser.apps
W/PackageManager(  303): Unknown permission com.android.mylauncher.permission.READ_SETTINGS in package com.baidu.browser.apps
W/PackageManager(  303): Unknown permission com.google.android.providers.settings.permission.READ_GSETTINGS in package com.baidu.map.location
W/PackageManager(  303): Unknown permission com.google.android.providers.settings.permission.WRITE_GSETTINGS in package com.baidu.map.location
W/PackageManager(  303): Unknown permission com.google.android.providers.gsf.permission.READ_GSERVICES in package com.baidu.map.location
W/PackageManager(  303): Unknown permission android.permission.READ_CALL_LOG in package com.baidu.searchbox
W/PackageManager(  303): Not granting permission android.permission.SET_ACTIVITY_WATCHER to package com.baidu.searchbox (protectionLevel=2 flags=0x8be65)
W/PackageManager(  303): Not granting permission com.android.launcher.permission.READ_SETTINGS to package com.baidu.tiebaz because it was previously installed without
W/PackageManager(  303): Not granting permission android.permission.DEVICE_POWER to package com.baidu.tiebaz (protectionLevel=2 flags=0x8be44)
W/PackageManager(  303): Unknown permission android.permission.ACCESS_SUPERUSER in package com.speedsoftware.rootexplorer
W/PackageManager(  303): Unknown permission com.android.vending.CHECK_LICENSE in package com.speedsoftware.rootexplorer
W/PackageManager(  303): Unknown permission baidu.permission.USE_UBC in package com.baidu.home2
W/PackageManager(  303): Unknown permission android.permission.READ_TING_MP3 in package com.baidu.musicplayer
W/PackageManager(  303): Unknown permission android.permission.WRITE_TING_MP3 in package com.baidu.musicplayer
W/PackageManager(  303): Unknown permission android.hardware.sensor.accelerometer in package com.baidu.musicplayer
W/PackageManager(  303): Unknown permission android.permission.READ_ATTACHMEN in package com.baidu.musicplayer
W/PackageManager(  303): Unknown permission android.permission.READ_CALL_LOG in package com.baidu.netdisk
W/PackageManager(  303): Unknown permission android.permission.WRITE_CALL_LOG in package com.baidu.netdisk
W/PackageManager(  303): Not granting permission android.permission.SET_ACTIVITY_WATCHER to package com.baidu.netdisk (protectionLevel=2 flags=0x18be44)
W/PackageManager(  303): Not granting permission android.permission.ACCESS_DOWNLOAD_MANAGER to package com.baidu.netdisk (protectionLevel=3 flags=0x18be44)
W/PackageManager(  303): Unknown permission android.hardware.sensor.accelerometer in package com.baidu.netdisk
W/PackageManager(  303): Not granting permission com.android.launcher.permission.READ_SETTINGS to package com.baidu.netdisk because it was previously installed without
W/PackageManager(  303): Not granting permission com.android.launcher.permission.WRITE_SETTINGS to package com.baidu.netdisk because it was previously installed without
W/PackageManager(  303): Unknown permission android.Manifest.permission.FORCE_STOP_PACKAGES in package com.baidu.onekeywidget
W/PackageManager(  303): Unknown permission android.permission.ACCESS_GPS in package com.baidu.BaiduMap
W/PackageManager(  303): Not granting permission android.permission.ACCESS_BLUETOOTH_SHARE to package com.kugou.android (protectionLevel=2 flags=0x18be44)
W/PackageManager(  303): Unknown permission android.permission.VIBRATION in package com.baidu.input
W/PackageManager(  303): Not granting permission android.permission.SET_ACTIVITY_WATCHER to package com.baidu.input (protectionLevel=2 flags=0x8be45)
I/SystemServer(  303): !@endofPackageManager
I/SystemServer(  303): Account Manager
I/SystemServer(  303): Content Manager
I/SystemServer(  303): DirEncryptService.SystemReady
D/DirEncryptService(  303): Calling systemReady
I/SystemServer(  303): System Content Providers
I/SystemServer(  303): Lights Service
I/SystemServer(  303): Battery Service
D/BatteryService(  303): Led Charging Settings = true
D/BatteryService(  303): Led Low Battery Settings = true
D/BatteryService(  303): update start
D/BatteryService(  303): level:100 scale:100 status:2 health:2 present:true voltage: 4358 temperature: 382 technology: Li-ion AC powered:false USB powered:true icon:17303188 invalid charger:0
I/SystemServer(  303): Vibrator Service
D/PowerManagerService(  303): setScreenOffTimeouts mKeylightDelay=1500 mDimDelay=51500 mScreenOffDelay=7000 mDimScreen=true
D/PowerManagerService(  303): settings DB update : mDynamicAutoBrightnessRatioValueSetting : 100
D/PowerManagerService(  303): changeSlopeOfDynamicAutoBrightness : Points Array is null.
D/PowerManagerService(  303): lightSensorChangedLocked -1
D/PowerManagerService(  303): SettingsObserver : update : userActivity()
D/PowerManagerService(  303): reactivateScreenLocksLocked mProxIgnoredBecauseScreenTurnedOff=false
D/PowerManagerService(  303): setPowerState : mBootCompleted : false, newState |= ALL_BRIGHT
I/PowerManagerService(  303): Ulight 0x1->0xf|0x0
D/PowerManagerService(  303): setLightBrightness : mButtonLight : 102
D/PowerManagerService(  303): setPowerState : mBootCompleted : false, newState |= ALL_BRIGHT
D/PowerManagerService(  303): setScreenOffTimeouts mKeylightDelay=1500 mDimDelay=51500 mScreenOffDelay=7000 mDimScreen=true
D/PowerManagerService(  303): initSupportedFrequency dvfs 
D/PowerManagerService(  303): initSupportedFrequency : FileNotFoundException dvfs
D/PowerManagerService(  303): setPowerState : mBootCompleted : false, newState |= ALL_BRIGHT
I/SystemServer(  303): Alarm Manager
W/AlarmManager(  303): FACTORY_ON= 0
W/AlarmManager(  303): FACTORY_ON= 0
I/SystemServer(  303): Init Watchdog
I/SystemServer(  303): Window Manager
V/WindowManager(  303): config_windowManagerDefaultRotation = 0
I/InputManager(  303): Initializing input manager
W/StatusBarManager(  303): warning: no STATUS_BAR_SERVICE
D/WindowManager(  303): mIsPreventWakeupEnable = 0
I/PowerManagerService(  303): Light Animator Finished curIntValue=102
I/InputManager(  303): Starting input manager
E/WindowManager(  303): register TouchIntercepter
I/SystemServer(  303): Bluetooth Service
I/SystemServer(  303): AvrcpStubService -->
D/QuickBootService(  303): Start the QuickBootService!!
D/QuickBootService(  303): QuickBootService created!
I/SystemServer(  303): Input Method Service
W/InputManagerService(  303): Couldn't create dir.: /data/system/inputmethod
I/SystemServer(  303): Accessibility Manager
I/SystemServer(  303): CustomeFrequencyManagerService
D/CustomFrequencyManagerService(  303): verifyDefaultCondition : Exception : java.io.FileNotFoundException: /sys/power/mali_lock: open failed: ENOENT (No such file or directory)
I/ActivityManager(  303): Config changed: {0 1.0 0mcc0mnc zh_CN layoutdir=0 sw320dp w320dp h508dp nrml long port ?uimode ?night -touch -keyb/v/h -nav/h s.2 themeChanged=0}
I/ActivityManager(  303): Config changed: {0 1.0 0mcc0mnc zh_CN layoutdir=0 sw320dp w320dp h508dp nrml long port ?uimode ?night finger -keyb/v/h -nav/h s.3 themeChanged=0}
I/WindowManager(  303): ******************** ENABLING SCREEN!
D/BatteryService(  303): update start
--------- beginning of /dev/log/main
E/SMD     (   88): Message:=
E/SMD     (   88): Sending data to SMD: Len = [1]
E/SMD     (   88):  buffer = [=]
E/SMD     (   88): Wrote 1 chars to SMD PORT fd=11 ch = 3d
E/DataRouter(  107): After the usb select 
E/DataRouter(  107): read usb data[len:1]
E/DataRouter(  107): read usb data message:?
E/DataRouter(  107): Before the usb select 
E/SMD     (   88): ***Received data notification[DR->SMD]***
E/SMD     (   88): Message:?
E/SMD     (   88): Sending data to SMD: Len = [1]
E/SMD     (   88):  buffer = [?]
E/SMD     (   88): Wrote 1 chars to SMD PORT fd=11 ch = 3f
E/DataRouter(  107): After the usb select 
E/DataRouter(  107): read usb data[len:1]
E/DataRouter(  107): read usb data message:

E/DataRouter(  107): Before the usb select 
E/SMD     (   88): ***Received data notification[DR->SMD]***
E/SMD     (   88): Message:

E/SMD     (   88): Sending data to SMD: Len = [1]
E/SMD     (   88):  buffer = [
]
D/SPRDENG (  149): eng_server2modem: use SIM1 /dev/CHNPTY13
D/SPRDENG (  149): AT > AT+WS46=?
D/PHONESERVER(  144): Send thread's TID [276] CHNMNG:findNextEOL:
D/PHONESERVER(  144): Send thread's TID [276] CHNMNG:end findNextEOL:
E/SMD     (   88): Wrote 1 chars to SMD PORT fd=11 ch = d
D/PHONESERVER(  144): Send thread's TID [276] CHNMNG:findNextEOL:
D/PHONESERVER(  144): Send thread's TID [276] CHNMNG:end findNextEOL:
D/PHONESERVER(  144): Send thread's TID [276] PS_PTY : /dev/CHNPTY13 Received 10 bytes command[AT+WS46=?
]
D/PHONESERVER(  144): Send thread TID [276] CHNMNG enter channel_manager_get_cmux 
D/PHONESERVER(  144): Before add wait array pty=0x37964
D/PHONESERVER(  144): Before add wait array
D/PHONESERVER(  144): 
D/PHONESERVER(  144): After add wait array
D/PHONESERVER(  144): [0]:276 
D/PHONESERVER(  144): 
D/PHONESERVER(  144): TYPE: GSM
D/PHONESERVER(  144): Send thread TID [276] CHNMNG Leave channel_manager_get_cmux:/dev/ts0710mux5 
D/PHONESERVER(  144): PS_CMUX cmux_regist_cmd_callback cmux:/dev/ts0710mux5
D/PHONESERVER(  144): PS_CMUX :/dev/ts0710mux5 cmux_write:AT+WS46=?
:len=10
D/PHONESERVER(  144): Receive thread's TID [265] CHMNG:  receive data thread :mux=/dev/ts0710mux5:input:+CME ERROR: 4

D/PHONESERVER(  144): PS_CMUX cmux_deregist_cmd_callback cmux:/dev/ts0710mux5
D/PHONESERVER(  144): pty_write get lock
D/PHONESERVER(  144): PS_PTY:/dev/CHNPTY13   write :

D/PHONESERVER(  144): +CME ERROR: 4

D/PHONESERVER(  144): 
D/SPRDENG (  149): eng_modem2server: use SIM1 /dev/CHNPTY13
D/SPRDENG (  149): AT < 

D/SPRDENG (  149): +CME ERROR: 4

D/SPRDENG (  149): 
E/SMD     (   88): After the Modem Read select 
E/SMD     (   88): Read 17 chars from SMD Modem file fd = 11
E/SMD     (   88):  Message: 

E/SMD     (   88): +CME ERROR: 4

E/SMD     (   88): 

E/SMD     (   88): 

E/SMD     (   88): OK

E/SMD     (   88): 2B.W12.28_KYLE_V1.0_R1.5.6
E/SMD     (   88): 
E/SMD     (   88): 

E/SMD     (   88): S7568ZMMH2
E/SMD     (   88): 
E/SMD     (   88): 

E/SMD     (   88): GT-S7568
E/SMD     (   88): 
E/SMD     (   88): 

E/SMD     (   88): CP_HW_VER
E/SMD     (   88): 
E/SMD     (   88): 

E/SMD     (   88): 08-28-2013 12:11:48

E/SMD     (   88): 

E/SMD     (   88): OK

E/SMD     (   88): 
E/SMD     (   88): Before the Modem Read select 
E/DataRouter(  107): [socket:17]******* Received data notification *******
E/DataRouter(  107): [socket:17]read socket data[len:17]
E/DataRouter(  107): [socket:17]read socket data[message:

E/DataRouter(  107): +CME ERROR: 4

E/DataRouter(  107): 
E/DataRouter(  107): write [17] bytes of data to USB fd[13]
E/DataRouter(  107): [socket:17]dr_usb_write
D/PHONESERVER(  144): pty_write free lock
D/PHONESERVER(  144): [276] before timeout (1401559856)
D/PHONESERVER(  144): CHNMNG enter channel_manager_free_cmux cmux=/dev/ts0710mux5 
D/PHONESERVER(  144): CHNMNG enter channel_manager_free_cmux pty=0x37964 
D/PHONESERVER(  144): [265] Before remove wait array
D/PHONESERVER(  144): [0]:276 
D/PHONESERVER(  144): 
D/PHONESERVER(  144): [265] After remove wait array
D/PHONESERVER(  144): 
D/PHONESERVER(  144): Enter select_send_thread_run
E/DataRouter(  107): After the usb select 
E/DataRouter(  107): read usb data[len:1]
E/DataRouter(  107): read usb data message:A
E/DataRouter(  107): Before the usb select 
E/SMD     (   88): ***Received data notification[DR->SMD]***
E/SMD     (   88): Message:A
E/SMD     (   88): Sending data to SMD: Len = [1]
E/SMD     (   88):  buffer = [A]
E/SMD     (   88): Wrote 1 chars to SMD PORT fd=11 ch = 41
D/PHONESERVER(  144): Leave select_send_thread_run
D/PHONESERVER(  144): CHNMNG Leave channel_manager_free_cmux cmux=/dev/ts0710mux5 
D/PHONESERVER(  144): [265] before signal (1401559856)
D/PHONESERVER(  144): [265] after signal (1401559856)
D/PHONESERVER(  144): Receive thread's TID [265] MUX :/dev/ts0710mux5 Waiting for resp  
D/PHONESERVER(  144): [276] after timeout (1401559856)
D/PHONESERVER(  144): phoneserver mux adapt: generic cmd AT+WS46=?

E/DataRouter(  107): After the usb select 
E/DataRouter(  107): read usb data[len:1]
E/DataRouter(  107): read usb data message:T
E/DataRouter(  107): Before the usb select 
E/SMD     (   88): ***Received data notification[DR->SMD]***
E/SMD     (   88): Message:T
E/SMD     (   88): Sending data to SMD: Len = [1]
E/SMD     (   88):  buffer = [T]
E/SMD     (   88): Wrote 1 chars to SMD PORT fd=11 ch = 54
E/DataRouter(  107): After the usb select 
E/DataRouter(  107): read usb data[len:1]
E/DataRouter(  107): read usb data message:+
E/DataRouter(  107): Before the usb select 
E/SMD     (   88): ***Received data notification[DR->SMD]***
E/SMD     (   88): Message:+
E/SMD     (   88): Sending data to SMD: Len = [1]
E/SMD     (   88):  buffer = [+]
E/SMD     (   88): Wrote 1 chars to SMD PORT fd=11 ch = 2b
E/DataRouter(  107): After the usb select 
E/DataRouter(  107): read usb data[len:1]
E/DataRouter(  107): read usb data message:C
E/DataRouter(  107): Before the usb select 
E/SMD     (   88): ***Received data notification[DR->SMD]***
E/SMD     (   88): Message:C
E/SMD     (   88): Sending data to SMD: Len = [1]
E/SMD     (   88):  buffer = [C]
E/SMD     (   88): Wrote 1 chars to SMD PORT fd=11 ch = 43
E/DataRouter(  107): After the usb select 
E/DataRouter(  107): read usb data[len:1]
E/DataRouter(  107): read usb data message:G
E/DataRouter(  107): Before the usb select 
E/SMD     (   88): ***Received data notification[DR->SMD]***
E/SMD     (   88): Message:G
E/SMD     (   88): Sending data to SMD: Len = [1]
E/SMD     (   88):  buffer = [G]
E/SMD     (   88): Wrote 1 chars to SMD PORT fd=11 ch = 47
D/dalvikvm(  442): DexOpt: not verifying/optimizing 'Landroid/content/pm/IPackageDeleteObserver;': multiple definitions
D/dalvikvm(  442): DexOpt: not verifying/optimizing 'Landroid/content/pm/IPackageDeleteObserver$Stub;': multiple definitions
I/dalvikvm(  442): DexOpt: not resolving ambiguous class 'Landroid/content/pm/IPackageDeleteObserver$Stub;'
I/dalvikvm(  442): DexOpt: not resolving ambiguous class 'Landroid/content/pm/IPackageInstallObserver;'
E/DataRouter(  107): After the usb select 
E/DataRouter(  107): read usb data[len:1]
E/DataRouter(  107): read usb data message:D
E/DataRouter(  107): Before the usb select 
E/SMD     (   88): ***Received data notification[DR->SMD]***
E/SMD     (   88): Message:D
E/SMD     (   88): Sending data to SMD: Len = [1]
E/SMD     (   88):  buffer = [D]
E/SMD     (   88): Wrote 1 chars to SMD PORT fd=11 ch = 44
E/DataRouter(  107): After the usb select 
E/DataRouter(  107): read usb data[len:1]
E/DataRouter(  107): read usb data message:C
E/DataRouter(  107): Before the usb select 
E/SMD     (   88): ***Received data notification[DR->SMD]***
E/SMD     (   88): Message:C
E/SMD     (   88): Sending data to SMD: Len = [1]
E/SMD     (   88):  buffer = [C]
E/SMD     (   88): Wrote 1 chars to SMD PORT fd=11 ch = 43
D/dalvikvm(  442): DexOpt: not verifying/optimizing 'Landroid/content/pm/IPackageInstallObserver;': multiple definitions
D/dalvikvm(  442): DexOpt: not verifying/optimizing 'Landroid/content/pm/IPackageInstallObserver$Stub;': multiple definitions
I/dalvikvm(  442): DexOpt: not resolving ambiguous class 'Landroid/content/pm/IPackageInstallObserver$Stub;'
E/DataRouter(  107): After the usb select 
E/DataRouter(  107): read usb data[len:1]
E/DataRouter(  107): read usb data message:O
E/DataRouter(  107): Before the usb select 
E/SMD     (   88): ***Received data notification[DR->SMD]***
E/SMD     (   88): Message:O
E/SMD     (   88): Sending data to SMD: Len = [1]
E/SMD     (   88):  buffer = [O]
E/SMD     (   88): Wrote 1 chars to SMD PORT fd=11 ch = 4f
E/DataRouter(  107): After the usb select 
E/DataRouter(  107): read usb data[len:1]
E/DataRouter(  107): read usb data message:N
E/DataRouter(  107): Before the usb select 
E/SMD     (   88): ***Received data notification[DR->SMD]***
E/SMD     (   88): Message:N
E/SMD     (   88): Sending data to SMD: Len = [1]
E/SMD     (   88):  buffer = [N]
E/SMD     (   88): Wrote 1 chars to SMD PORT fd=11 ch = 4e
E/DataRouter(  107): After the usb select 
E/DataRouter(  107): read usb data[len:1]
E/DataRouter(  107): read usb data message:T
E/DataRouter(  107): Before the usb select 
E/SMD     (   88): ***Received data notification[DR->SMD]***
E/SMD     (   88): Message:T
E/SMD     (   88): Sending data to SMD: Len = [1]
E/SMD     (   88):  buffer = [T]
E/SMD     (   88): Wrote 1 chars to SMD PORT fd=11 ch = 54
I/Surface (  303): Surface_lockCanvas
E/DataRouter(  107): After the usb select 
E/DataRouter(  107): read usb data[len:1]
E/DataRouter(  107): read usb data message:=
E/DataRouter(  107): Before the usb select 
E/SMD     (   88): ***Received data notification[DR->SMD]***
E/SMD     (   88): Message:=
E/SMD     (   88): Sending data to SMD: Len = [1]
E/SMD     (   88):  buffer = [=]
E/SMD     (   88): Wrote 1 chars to SMD PORT fd=11 ch = 3d
E/DataRouter(  107): After the usb select 
E/DataRouter(  107): read usb data[len:1]
E/DataRouter(  107): read usb data message:?
E/DataRouter(  107): Before the usb select 
E/SMD     (   88): ***Received data notification[DR->SMD]***
E/SMD     (   88): Message:?
E/SMD     (   88): Sending data to SMD: Len = [1]
E/SMD     (   88):  buffer = [?]
E/SMD     (   88): Wrote 1 chars to SMD PORT fd=11 ch = 3f
E/DataRouter(  107): After the usb select 
E/DataRouter(  107): read usb data[len:1]
E/DataRouter(  107): read usb data message:

E/DataRouter(  107): Before the usb select 
E/SMD     (   88): ***Received data notification[DR->SMD]***
E/SMD     (   88): Message:

E/SMD     (   88): Sending data to SMD: Len = [1]
E/SMD     (   88):  buffer = [
]
D/SPRDENG (  149): eng_server2modem: use SIM1 /dev/CHNPTY13
D/SPRDENG (  149): AT > AT+CGDCONT=?
D/PHONESERVER(  144): Send thread's TID [276] CHNMNG:findNextEOL:
D/PHONESERVER(  144): Send thread's TID [276] CHNMNG:end findNextEOL:
D/PHONESERVER(  144): Send thread's TID [276] CHNMNG:findNextEOL:
D/PHONESERVER(  144): Send thread's TID [276] CHNMNG:end findNextEOL:
D/PHONESERVER(  144): Send thread's TID [276] PS_PTY : /dev/CHNPTY13 Received 13 bytes command[AT+CGDCONT=?
]
D/PHONESERVER(  144): Send thread TID [276] CHNMNG enter channel_manager_get_cmux 
D/PHONESERVER(  144): Before add wait array pty=0x37964
D/PHONESERVER(  144): Before add wait array
D/PHONESERVER(  144): 
D/PHONESERVER(  144): After add wait array
D/PHONESERVER(  144): [0]:276 
D/PHONESERVER(  144): 
D/PHONESERVER(  144): TYPE:PSM
D/PHONESERVER(  144): Send thread TID [276] CHNMNG Leave channel_manager_get_cmux:/dev/ts0710mux7 
D/PHONESERVER(  144): PS_CMUX cmux_regist_cmd_callback cmux:/dev/ts0710mux7
D/PHONESERVER(  144): PS_CMUX :/dev/ts0710mux7 cmux_write:AT+CGDCONT=?
:len=13
D/PHONESERVER(  144): Receive thread's TID [267] CHMNG:  receive data thread :mux=/dev/ts0710mux7:input:+CGDCONT:(1-11),"IP",,,(0,1),(0,1)

D/PHONESERVER(  144): pty_write get lock
D/PHONESERVER(  144): PS_PTY:/dev/CHNPTY13   write :

D/PHONESERVER(  144): +CGDCONT:(1-11),"IP",,,(0,1),(0,1)

D/PHONESERVER(  144): 
D/SPRDENG (  149): eng_modem2server: use SIM1 /dev/CHNPTY13
D/PHONESERVER(  144): pty_write free lock
D/PHONESERVER(  144): Receive thread's TID [267] MUX :/dev/ts0710mux7 Waiting for resp  
D/PHONESERVER(  144): Receive thread's TID [267] CHMNG:  receive data thread :mux=/dev/ts0710mux7:input:OK

D/PHONESERVER(  144): PS_CMUX cmux_deregist_cmd_callback cmux:/dev/ts0710mux7
D/PHONESERVER(  144): pty_write get lock
D/PHONESERVER(  144): PS_PTY:/dev/CHNPTY13   write :

D/PHONESERVER(  144): OK

D/PHONESERVER(  144): 
D/PHONESERVER(  144): pty_write free lock
D/PHONESERVER(  144): [276] before timeout (1401559856)
D/PHONESERVER(  144): CHNMNG enter channel_manager_free_cmux cmux=/dev/ts0710mux7 
D/PHONESERVER(  144): CHNMNG enter channel_manager_free_cmux pty=0x37964 
D/PHONESERVER(  144): [267] Before remove wait array
D/PHONESERVER(  144): [0]:276 
D/PHONESERVER(  144): 
D/PHONESERVER(  144): [267] After remove wait array
D/PHONESERVER(  144): 
D/PHONESERVER(  144): Enter select_send_thread_run
D/PHONESERVER(  144): Leave select_send_thread_run
D/PHONESERVER(  144): CHNMNG Leave channel_manager_free_cmux cmux=/dev/ts0710mux7 
D/PHONESERVER(  144): [267] before signal (1401559856)
D/PHONESERVER(  144): [267] after signal (1401559856)
D/PHONESERVER(  144): Receive thread's TID [267] MUX :/dev/ts0710mux7 Waiting for resp  
D/PHONESERVER(  144): [276] after timeout (1401559856)
D/PHONESERVER(  144): phoneserver mux adapt: generic cmd AT+CGDCONT=?

E/SMD     (   88): Wrote 1 chars to SMD PORT fd=11 ch = d
D/SPRDENG (  149): AT < 

D/SPRDENG (  149): +CGDCONT:(1-11),"IP",,,(0,1),(0,1)

D/SPRDENG (  149): 

D/SPRDENG (  149): OK

D/SPRDENG (  149): 
E/SMD     (   88): After the Modem Read select 
E/SMD     (   88): Read 44 chars from SMD Modem file fd = 11
E/SMD     (   88):  Message: 

E/SMD     (   88): +CGDCONT:(1-11),"IP",,,(0,1),(0,1)

E/SMD     (   88): 

E/SMD     (   88): OK

E/SMD     (   88): _R1.5.6
E/SMD     (   88): 
E/SMD     (   88): 

E/SMD     (   88): S7568ZMMH2
E/SMD     (   88): 
E/SMD     (   88): 

E/SMD     (   88): GT-S7568
E/SMD     (   88): 
E/SMD     (   88): 

E/SMD     (   88): CP_HW_VER
E/SMD     (   88): 
E/SMD     (   88): 

E/SMD     (   88): 08-28-2013 12:11:48

E/SMD     (   88): 

E/SMD     (   88): OK

E/SMD     (   88): 
E/SMD     (   88): Before the Modem Read select 
E/DataRouter(  107): [socket:17]******* Received data notification *******
E/DataRouter(  107): [socket:17]read socket data[len:44]
E/DataRouter(  107): [socket:17]read socket data[message:

E/DataRouter(  107): +CGDCONT:(1-11),"IP",,,(0,1),(0,1)

E/DataRouter(  107): 

E/DataRouter(  107): OK

E/DataRouter(  107): 
E/DataRouter(  107): write [44] bytes of data to USB fd[13]
E/DataRouter(  107): [socket:17]dr_usb_write
E/DataRouter(  107): After the usb select 
E/DataRouter(  107): read usb data[len:1]
E/DataRouter(  107): read usb data message:A
E/DataRouter(  107): Before the usb select 
E/SMD     (   88): ***Received data notification[DR->SMD]***
E/SMD     (   88): Message:A
E/SMD     (   88): Sending data to SMD: Len = [1]
E/SMD     (   88):  buffer = [A]
E/SMD     (   88): Wrote 1 chars to SMD PORT fd=11 ch = 41
E/DataRouter(  107): After the usb select 
E/DataRouter(  107): read usb data[len:1]
E/DataRouter(  107): read usb data message:T
E/DataRouter(  107): Before the usb select 
E/SMD     (   88): ***Received data notification[DR->SMD]***
E/SMD     (   88): Message:T
E/SMD     (   88): Sending data to SMD: Len = [1]
E/SMD     (   88):  buffer = [T]
E/SMD     (   88): Wrote 1 chars to SMD PORT fd=11 ch = 54
E/DataRouter(  107): After the usb select 
E/DataRouter(  107): read usb data[len:1]
E/DataRouter(  107): read usb data message:+
E/DataRouter(  107): Before the usb select 
E/SMD     (   88): ***Received data notification[DR->SMD]***
E/SMD     (   88): Message:+
E/SMD     (   88): Sending data to SMD: Len = [1]
E/SMD     (   88):  buffer = [+]
E/SMD     (   88): Wrote 1 chars to SMD PORT fd=11 ch = 2b
E/DataRouter(  107): After the usb select 
E/DataRouter(  107): read usb data[len:1]
E/DataRouter(  107): read usb data message:C
E/DataRouter(  107): Before the usb select 
E/SMD     (   88): ***Received data notification[DR->SMD]***
E/SMD     (   88): Message:C
E/SMD     (   88): Sending data to SMD: Len = [1]
E/SMD     (   88):  buffer = [C]
E/SMD     (   88): Wrote 1 chars to SMD PORT fd=11 ch = 43
E/DataRouter(  107): After the usb select 
E/DataRouter(  107): read usb data[len:1]
E/DataRouter(  107): read usb data message:F
E/DataRouter(  107): Before the usb select 
E/SMD     (   88): ***Received data notification[DR->SMD]***
E/SMD     (   88): Message:F
E/SMD     (   88): Sending data to SMD: Len = [1]
E/SMD     (   88):  buffer = [F]
E/SMD     (   88): Wrote 1 chars to SMD PORT fd=11 ch = 46
E/DataRouter(  107): After the usb select 
E/DataRouter(  107): read usb data[len:1]
E/DataRouter(  107): read usb data message:U
E/DataRouter(  107): Before the usb select 
E/SMD     (   88): ***Received data notification[DR->SMD]***
