E/SMD     (   88): Wrote 1 chars to SMD PORT fd=11 ch = 43
E/DataRouter(  107): After the usb select 
E/DataRouter(  107): read usb data[len:1]
E/DataRouter(  107): read usb data message:"
E/DataRouter(  107): Before the usb select 
E/SMD     (   88): ***Received data notification[DR->SMD]***
E/SMD     (   88): Message:"
E/SMD     (   88): Sending data to SMD: Len = [1]
E/SMD     (   88):  buffer = ["]
E/SMD     (   88): Wrote 1 chars to SMD PORT fd=11 ch = 22
E/DataRouter(  107): After the usb select 
E/DataRouter(  107): read usb data[len:1]
E/DataRouter(  107): read usb data message:,
E/DataRouter(  107): Before the usb select 
E/SMD     (   88): ***Received data notification[DR->SMD]***
E/SMD     (   88): Message:,
E/SMD     (   88): Sending data to SMD: Len = [1]
E/SMD     (   88):  buffer = [,]
E/SMD     (   88): Wrote 1 chars to SMD PORT fd=11 ch = 2c
E/DataRouter(  107): After the usb select 
E/DataRouter(  107): read usb data[len:1]
E/DataRouter(  107): read usb data message:2
E/DataRouter(  107): Before the usb select 
E/SMD     (   88): ***Received data notification[DR->SMD]***
E/SMD     (   88): Message:2
E/SMD     (   88): Sending data to SMD: Len = [1]
E/SMD     (   88):  buffer = [2]
E/SMD     (   88): Wrote 1 chars to SMD PORT fd=11 ch = 32
E/DataRouter(  107): After the usb select 
E/DataRouter(  107): read usb data[len:1]
E/DataRouter(  107): read usb data message:

E/DataRouter(  107): Before the usb select 
E/SMD     (   88): ***Received data notification[DR->SMD]***
E/SMD     (   88): Message:

E/SMD     (   88): Sending data to SMD: Len = [1]
E/SMD     (   88):  buffer = [
]
D/SPRDENG (  149): eng_server2modem: use SIM1 /dev/CHNPTY13
D/SPRDENG (  149): AT > AT+CLCK="PC",2
D/PHONESERVER(  144): Send thread's TID [276] CHNMNG:findNextEOL:
D/PHONESERVER(  144): Send thread's TID [276] CHNMNG:end findNextEOL:
D/PHONESERVER(  144): Send thread's TID [276] CHNMNG:findNextEOL:
D/PHONESERVER(  144): Send thread's TID [276] CHNMNG:end findNextEOL:
D/PHONESERVER(  144): Send thread's TID [276] PS_PTY : /dev/CHNPTY13 Received 15 bytes command[AT+CLCK="PC",2
]
D/PHONESERVER(  144): Send thread TID [276] CHNMNG enter channel_manager_get_cmux 
D/PHONESERVER(  144): Before add wait array pty=0x37964
D/PHONESERVER(  144): Before add wait array
D/PHONESERVER(  144): 
D/PHONESERVER(  144): After add wait array
D/PHONESERVER(  144): [0]:276 
D/PHONESERVER(  144): 
D/PHONESERVER(  144): TYPE: SSM
D/PHONESERVER(  144): Send thread TID [276] CHNMNG Leave channel_manager_get_cmux:/dev/ts0710mux2 
D/PHONESERVER(  144): PS_CMUX cmux_regist_cmd_callback cmux:/dev/ts0710mux2
D/PHONESERVER(  144): PS_CMUX :/dev/ts0710mux2 cmux_write:AT+CLCK="PC",2
:len=15
D/PHONESERVER(  144): Receive thread's TID [262] CHMNG:  receive data thread :mux=/dev/ts0710mux2:input:+CME ERROR: 3

D/PHONESERVER(  144): PS_CMUX cmux_deregist_cmd_callback cmux:/dev/ts0710mux2
D/PHONESERVER(  144): pty_write get lock
D/PHONESERVER(  144): PS_PTY:/dev/CHNPTY13   write :

D/PHONESERVER(  144): +CME ERROR: 3

D/PHONESERVER(  144): 
D/SPRDENG (  149): eng_modem2server: use SIM1 /dev/CHNPTY13
D/SPRDENG (  149): AT < 

D/SPRDENG (  149): +CME ERROR: 3

D/SPRDENG (  149): 
E/SMD     (   88): After the Modem Read select 
E/SMD     (   88): Read 17 chars from SMD Modem file fd = 11
E/SMD     (   88):  Message: 

E/SMD     (   88): +CME ERROR: 3

E/SMD     (   88): 
E/SMD     (   88): ","AO","OI", "OX","AI","IR", "AB","AG", "AC","PN", "FD","PU","PP","PC")

E/SMD     (   88): 

E/SMD     (   88): OK

E/SMD     (   88): 28-2013 12:11:48

E/SMD     (   88): 

E/SMD     (   88): OK

E/SMD     (   88): 
E/SMD     (   88): Before the Modem Read select 
E/DataRouter(  107): [socket:17]******* Received data notification *******
E/DataRouter(  107): [socket:17]read socket data[len:17]
E/DataRouter(  107): [socket:17]read socket data[message:

E/DataRouter(  107): +CME ERROR: 3

E/DataRouter(  107): 
E/DataRouter(  107): write [17] bytes of data to USB fd[13]
E/DataRouter(  107): [socket:17]dr_usb_write
D/PHONESERVER(  144): pty_write free lock
E/SMD     (   88): Wrote 1 chars to SMD PORT fd=11 ch = d
D/PHONESERVER(  144): [276] before timeout (1401559858)
D/PHONESERVER(  144): CHNMNG enter channel_manager_free_cmux cmux=/dev/ts0710mux2 
D/PHONESERVER(  144): CHNMNG enter channel_manager_free_cmux pty=0x37964 
D/PHONESERVER(  144): [262] Before remove wait array
D/PHONESERVER(  144): [0]:276 
D/PHONESERVER(  144): 
D/PHONESERVER(  144): [262] After remove wait array
D/PHONESERVER(  144): 
D/PHONESERVER(  144): Enter select_send_thread_run
D/PHONESERVER(  144): Leave select_send_thread_run
D/PHONESERVER(  144): CHNMNG Leave channel_manager_free_cmux cmux=/dev/ts0710mux2 
D/PHONESERVER(  144): [262] before signal (1401559858)
D/PHONESERVER(  144): [262] after signal (1401559858)
D/PHONESERVER(  144): Receive thread's TID [262] MUX :/dev/ts0710mux2 Waiting for resp  
D/PHONESERVER(  144): [276] after timeout (1401559858)
D/PHONESERVER(  144): phoneserver mux adapt: generic cmd AT+CLCK="PC",2

E/DataRouter(  107): After the usb select 
E/DataRouter(  107): read usb data[len:1]
E/DataRouter(  107): read usb data message:A
E/DataRouter(  107): Before the usb select 
E/SMD     (   88): ***Received data notification[DR->SMD]***
E/SMD     (   88): Message:A
E/SMD     (   88): Sending data to SMD: Len = [1]
E/SMD     (   88):  buffer = [A]
E/SMD     (   88): Wrote 1 chars to SMD PORT fd=11 ch = 41
E/DataRouter(  107): After the usb select 
E/DataRouter(  107): read usb data[len:1]
E/DataRouter(  107): read usb data message:T
E/DataRouter(  107): Before the usb select 
E/SMD     (   88): ***Received data notification[DR->SMD]***
E/SMD     (   88): Message:T
E/SMD     (   88): Sending data to SMD: Len = [1]
E/SMD     (   88):  buffer = [T]
E/SMD     (   88): Wrote 1 chars to SMD PORT fd=11 ch = 54
E/DataRouter(  107): After the usb select 
E/DataRouter(  107): read usb data[len:1]
E/DataRouter(  107): read usb data message:+
E/DataRouter(  107): Before the usb select 
E/SMD     (   88): ***Received data notification[DR->SMD]***
E/SMD     (   88): Message:+
E/SMD     (   88): Sending data to SMD: Len = [1]
E/SMD     (   88):  buffer = [+]
E/SMD     (   88): Wrote 1 chars to SMD PORT fd=11 ch = 2b
E/DataRouter(  107): After the usb select 
E/DataRouter(  107): read usb data[len:1]
E/DataRouter(  107): read usb data message:C
E/DataRouter(  107): Before the usb select 
E/SMD     (   88): ***Received data notification[DR->SMD]***
E/SMD     (   88): Message:C
E/SMD     (   88): Sending data to SMD: Len = [1]
E/SMD     (   88):  buffer = [C]
E/SMD     (   88): Wrote 1 chars to SMD PORT fd=11 ch = 43
E/DataRouter(  107): After the usb select 
E/DataRouter(  107): read usb data[len:1]
E/DataRouter(  107): read usb data message:U
E/DataRouter(  107): Before the usb select 
E/SMD     (   88): ***Received data notification[DR->SMD]***
E/SMD     (   88): Message:U
E/SMD     (   88): Sending data to SMD: Len = [1]
E/SMD     (   88):  buffer = [U]
E/SMD     (   88): Wrote 1 chars to SMD PORT fd=11 ch = 55
E/DataRouter(  107): After the usb select 
E/DataRouter(  107): read usb data[len:1]
E/DataRouter(  107): read usb data message:S
E/DataRouter(  107): Before the usb select 
E/SMD     (   88): ***Received data notification[DR->SMD]***
E/SMD     (   88): Message:S
E/SMD     (   88): Sending data to SMD: Len = [1]
E/SMD     (   88):  buffer = [S]
E/SMD     (   88): Wrote 1 chars to SMD PORT fd=11 ch = 53
E/DataRouter(  107): After the usb select 
E/DataRouter(  107): read usb data[len:1]
E/DataRouter(  107): read usb data message:D
E/DataRouter(  107): Before the usb select 
E/SMD     (   88): ***Received data notification[DR->SMD]***
E/SMD     (   88): Message:D
E/SMD     (   88): Sending data to SMD: Len = [1]
E/SMD     (   88):  buffer = [D]
E/SMD     (   88): Wrote 1 chars to SMD PORT fd=11 ch = 44
E/DataRouter(  107): After the usb select 
E/DataRouter(  107): read usb data[len:1]
E/DataRouter(  107): read usb data message:=
E/DataRouter(  107): Before the usb select 
E/SMD     (   88): ***Received data notification[DR->SMD]***
E/SMD     (   88): Message:=
E/SMD     (   88): Sending data to SMD: Len = [1]
E/SMD     (   88):  buffer = [=]
E/SMD     (   88): Wrote 1 chars to SMD PORT fd=11 ch = 3d
E/DataRouter(  107): After the usb select 
E/DataRouter(  107): read usb data[len:1]
E/DataRouter(  107): read usb data message:?
E/DataRouter(  107): Before the usb select 
E/SMD     (   88): ***Received data notification[DR->SMD]***
E/SMD     (   88): Message:?
E/SMD     (   88): Sending data to SMD: Len = [1]
E/SMD     (   88):  buffer = [?]
E/SMD     (   88): Wrote 1 chars to SMD PORT fd=11 ch = 3f
E/DataRouter(  107): After the usb select 
E/DataRouter(  107): read usb data[len:1]
E/DataRouter(  107): read usb data message:

E/DataRouter(  107): Before the usb select 
E/SMD     (   88): ***Received data notification[DR->SMD]***
E/SMD     (   88): Message:

E/SMD     (   88): Sending data to SMD: Len = [1]
E/SMD     (   88):  buffer = [
]
D/SPRDENG (  149): eng_server2modem: use SIM1 /dev/CHNPTY13
D/SPRDENG (  149): AT > AT+CUSD=?
D/PHONESERVER(  144): Send thread's TID [276] CHNMNG:findNextEOL:
D/PHONESERVER(  144): Send thread's TID [276] CHNMNG:end findNextEOL:
E/SMD     (   88): Wrote 1 chars to SMD PORT fd=11 ch = d
D/PHONESERVER(  144): Send thread's TID [276] CHNMNG:findNextEOL:
D/PHONESERVER(  144): Send thread's TID [276] CHNMNG:end findNextEOL:
D/PHONESERVER(  144): Send thread's TID [276] PS_PTY : /dev/CHNPTY13 Received 10 bytes command[AT+CUSD=?
]
D/PHONESERVER(  144): Send thread TID [276] CHNMNG enter channel_manager_get_cmux 
D/PHONESERVER(  144): Before add wait array pty=0x37964
D/PHONESERVER(  144): Before add wait array
D/PHONESERVER(  144): 
D/PHONESERVER(  144): After add wait array
D/PHONESERVER(  144): [0]:276 
D/PHONESERVER(  144): 
D/PHONESERVER(  144): TYPE: SSM
D/PHONESERVER(  144): Send thread TID [276] CHNMNG Leave channel_manager_get_cmux:/dev/ts0710mux2 
D/PHONESERVER(  144): PS_CMUX cmux_regist_cmd_callback cmux:/dev/ts0710mux2
D/PHONESERVER(  144): PS_CMUX :/dev/ts0710mux2 cmux_write:AT+CUSD=?
:len=10
D/PHONESERVER(  144): Receive thread's TID [262] CHMNG:  receive data thread :mux=/dev/ts0710mux2:input:+CUSD: (0-2)

D/PHONESERVER(  144): pty_write get lock
D/PHONESERVER(  144): PS_PTY:/dev/CHNPTY13   write :

D/PHONESERVER(  144): +CUSD: (0-2)

D/PHONESERVER(  144): 
D/PHONESERVER(  144): pty_write free lock
D/PHONESERVER(  144): Receive thread's TID [262] MUX :/dev/ts0710mux2 Waiting for resp  
D/PHONESERVER(  144): Receive thread's TID [262] CHMNG:  receive data thread :mux=/dev/ts0710mux2:input:OK

D/PHONESERVER(  144): PS_CMUX cmux_deregist_cmd_callback cmux:/dev/ts0710mux2
D/PHONESERVER(  144): pty_write get lock
D/PHONESERVER(  144): PS_PTY:/dev/CHNPTY13   write :

D/PHONESERVER(  144): OK

D/PHONESERVER(  144): 
D/SPRDENG (  149): eng_modem2server: use SIM1 /dev/CHNPTY13
D/SPRDENG (  149): AT < 

D/SPRDENG (  149): +CUSD: (0-2)

D/SPRDENG (  149): 

D/SPRDENG (  149): OK

D/SPRDENG (  149): 
E/SMD     (   88): After the Modem Read select 
E/SMD     (   88): Read 22 chars from SMD Modem file fd = 11
E/SMD     (   88):  Message: 

E/SMD     (   88): +CUSD: (0-2)

E/SMD     (   88): 

E/SMD     (   88): OK

E/SMD     (   88): O","OI", "OX","AI","IR", "AB","AG", "AC","PN", "FD","PU","PP","PC")

E/SMD     (   88): 

E/SMD     (   88): OK

E/SMD     (   88): 28-2013 12:11:48

E/SMD     (   88): 

E/SMD     (   88): OK

E/SMD     (   88): 
E/SMD     (   88): Before the Modem Read select 
E/DataRouter(  107): [socket:17]******* Received data notification *******
E/DataRouter(  107): [socket:17]read socket data[len:22]
E/DataRouter(  107): [socket:17]read socket data[message:

E/DataRouter(  107): +CUSD: (0-2)

E/DataRouter(  107): 

E/DataRouter(  107): OK

E/DataRouter(  107): 
E/DataRouter(  107): write [22] bytes of data to USB fd[13]
E/DataRouter(  107): [socket:17]dr_usb_write
D/PHONESERVER(  144): pty_write free lock
D/PHONESERVER(  144): [276] before timeout (1401559858)
D/PHONESERVER(  144): CHNMNG enter channel_manager_free_cmux cmux=/dev/ts0710mux2 
D/PHONESERVER(  144): CHNMNG enter channel_manager_free_cmux pty=0x37964 
D/PHONESERVER(  144): [262] Before remove wait array
D/PHONESERVER(  144): [0]:276 
D/PHONESERVER(  144): 
D/PHONESERVER(  144): [262] After remove wait array
D/PHONESERVER(  144): 
D/PHONESERVER(  144): Enter select_send_thread_run
D/PHONESERVER(  144): Leave select_send_thread_run
D/PHONESERVER(  144): CHNMNG Leave channel_manager_free_cmux cmux=/dev/ts0710mux2 
D/PHONESERVER(  144): [262] before signal (1401559858)
D/PHONESERVER(  144): [262] after signal (1401559858)
D/PHONESERVER(  144): Receive thread's TID [262] MUX :/dev/ts0710mux2 Waiting for resp  
D/PHONESERVER(  144): [276] after timeout (1401559858)
E/DataRouter(  107): After the usb select 
E/DataRouter(  107): read usb data[len:1]
E/DataRouter(  107): read usb data message:A
E/DataRouter(  107): Before the usb select 
E/SMD     (   88): ***Received data notification[DR->SMD]***
E/SMD     (   88): Message:A
E/SMD     (   88): Sending data to SMD: Len = [1]
E/SMD     (   88):  buffer = [A]
E/SMD     (   88): Wrote 1 chars to SMD PORT fd=11 ch = 41
E/DataRouter(  107): After the usb select 
E/DataRouter(  107): read usb data[len:1]
E/DataRouter(  107): read usb data message:T
E/DataRouter(  107): Before the usb select 
E/SMD     (   88): ***Received data notification[DR->SMD]***
E/SMD     (   88): Message:T
E/SMD     (   88): Sending data to SMD: Len = [1]
E/SMD     (   88):  buffer = [T]
E/SMD     (   88): Wrote 1 chars to SMD PORT fd=11 ch = 54
E/DataRouter(  107): After the usb select 
E/DataRouter(  107): read usb data[len:1]
E/DataRouter(  107): read usb data message:+
E/DataRouter(  107): Before the usb select 
E/SMD     (   88): ***Received data notification[DR->SMD]***
E/SMD     (   88): Message:+
E/SMD     (   88): Sending data to SMD: Len = [1]
E/SMD     (   88):  buffer = [+]
E/SMD     (   88): Wrote 1 chars to SMD PORT fd=11 ch = 2b
E/DataRouter(  107): After the usb select 
E/DataRouter(  107): read usb data[len:1]
E/DataRouter(  107): read usb data message:C
E/DataRouter(  107): Before the usb select 
E/SMD     (   88): ***Received data notification[DR->SMD]***
E/SMD     (   88): Message:C
E/SMD     (   88): Sending data to SMD: Len = [1]
E/SMD     (   88):  buffer = [C]
E/SMD     (   88): Wrote 1 chars to SMD PORT fd=11 ch = 43
E/DataRouter(  107): After the usb select 
E/DataRouter(  107): read usb data[len:1]
E/DataRouter(  107): read usb data message:N
E/DataRouter(  107): Before the usb select 
E/SMD     (   88): ***Received data notification[DR->SMD]***
E/SMD     (   88): Message:N
E/SMD     (   88): Sending data to SMD: Len = [1]
E/SMD     (   88):  buffer = [N]
E/SMD     (   88): Wrote 1 chars to SMD PORT fd=11 ch = 4e
E/DataRouter(  107): After the usb select 
E/DataRouter(  107): read usb data[len:1]
E/DataRouter(  107): read usb data message:M
E/DataRouter(  107): Before the usb select 
E/SMD     (   88): ***Received data notification[DR->SMD]***
E/SMD     (   88): Message:M
E/SMD     (   88): Sending data to SMD: Len = [1]
E/SMD     (   88):  buffer = [M]
E/SMD     (   88): Wrote 1 chars to SMD PORT fd=11 ch = 4d
E/DataRouter(  107): After the usb select 
E/DataRouter(  107): read usb data[len:1]
E/DataRouter(  107): read usb data message:I
E/DataRouter(  107): Before the usb select 
E/SMD     (   88): ***Received data notification[DR->SMD]***
E/SMD     (   88): Message:I
E/SMD     (   88): Sending data to SMD: Len = [1]
E/SMD     (   88):  buffer = [I]
E/SMD     (   88): Wrote 1 chars to SMD PORT fd=11 ch = 49
E/DataRouter(  107): After the usb select 
E/DataRouter(  107): read usb data[len:1]
E/DataRouter(  107): read usb data message:=
E/DataRouter(  107): Before the usb select 
E/SMD     (   88): ***Received data notification[DR->SMD]***
E/SMD     (   88): Message:=
E/SMD     (   88): Sending data to SMD: Len = [1]
E/SMD     (   88):  buffer = [=]
E/SMD     (   88): Wrote 1 chars to SMD PORT fd=11 ch = 3d
E/DataRouter(  107): After the usb select 
E/DataRouter(  107): read usb data[len:1]
E/DataRouter(  107): read usb data message:?
E/DataRouter(  107): Before the usb select 
E/SMD     (   88): ***Received data notification[DR->SMD]***
E/SMD     (   88): Message:?
E/SMD     (   88): Sending data to SMD: Len = [1]
E/SMD     (   88):  buffer = [?]
E/SMD     (   88): Wrote 1 chars to SMD PORT fd=11 ch = 3f
E/DataRouter(  107): After the usb select 
E/DataRouter(  107): read usb data[len:1]
E/DataRouter(  107): read usb data message:

E/DataRouter(  107): Before the usb select 
E/SMD     (   88): ***Received data notification[DR->SMD]***
E/SMD     (   88): Message:

E/SMD     (   88): Sending data to SMD: Len = [1]
E/SMD     (   88):  buffer = [
]
D/SPRDENG (  149): eng_server2modem: use SIM1 /dev/CHNPTY13
D/SPRDENG (  149): AT > AT+CNMI=?
D/PHONESERVER(  144): Send thread's TID [276] CHNMNG:findNextEOL:
D/PHONESERVER(  144): Send thread's TID [276] CHNMNG:end findNextEOL:
E/SMD     (   88): Wrote 1 chars to SMD PORT fd=11 ch = d
D/PHONESERVER(  144): Send thread's TID [276] CHNMNG:findNextEOL:
D/PHONESERVER(  144): Send thread's TID [276] CHNMNG:end findNextEOL:
D/PHONESERVER(  144): Send thread's TID [276] PS_PTY : /dev/CHNPTY13 Received 10 bytes command[AT+CNMI=?
]
D/PHONESERVER(  144): Send thread TID [276] CHNMNG enter channel_manager_get_cmux 
D/PHONESERVER(  144): Before add wait array pty=0x37964
D/PHONESERVER(  144): Before add wait array
D/PHONESERVER(  144): 
D/PHONESERVER(  144): After add wait array
D/PHONESERVER(  144): [0]:276 
D/PHONESERVER(  144): 
D/PHONESERVER(  144): TYPE: SMSM
D/PHONESERVER(  144): Send thread TID [276] CHNMNG Leave channel_manager_get_cmux:/dev/ts0710mux10 
D/PHONESERVER(  144): PS_CMUX cmux_regist_cmd_callback cmux:/dev/ts0710mux10
D/PHONESERVER(  144): PS_CMUX :/dev/ts0710mux10 cmux_write:AT+CNMI=?
:len=10
D/PHONESERVER(  144): Receive thread's TID [270] CHMNG:  receive data thread :mux=/dev/ts0710mux10:input:+CNMI:(3),(0-3),(0-3),(0-2),(0-1)

D/PHONESERVER(  144): pty_write get lock
D/PHONESERVER(  144): PS_PTY:/dev/CHNPTY13   write :

D/PHONESERVER(  144): +CNMI:(3),(0-3),(0-3),(0-2),(0-1)

D/PHONESERVER(  144): 
D/PHONESERVER(  144): pty_write free lock
D/PHONESERVER(  144): Receive thread's TID [270] MUX :/dev/ts0710mux10 Waiting for resp  
D/PHONESERVER(  144): Receive thread's TID [270] CHMNG:  receive data thread :mux=/dev/ts0710mux10:input:OK

D/PHONESERVER(  144): PS_CMUX cmux_deregist_cmd_callback cmux:/dev/ts0710mux10
D/PHONESERVER(  144): pty_write get lock
D/PHONESERVER(  144): PS_PTY:/dev/CHNPTY13   write :

D/PHONESERVER(  144): OK

D/PHONESERVER(  144): 
D/SPRDENG (  149): eng_modem2server: use SIM1 /dev/CHNPTY13
D/SPRDENG (  149): AT < 

D/SPRDENG (  149): +CNMI:(3),(0-3),(0-3),(0-2),(0-1)

D/SPRDENG (  149): 

D/SPRDENG (  149): OK

D/SPRDENG (  149): 
E/SMD     (   88): After the Modem Read select 
E/SMD     (   88): Read 43 chars from SMD Modem file fd = 11
E/SMD     (   88):  Message: 

E/SMD     (   88): +CNMI:(3),(0-3),(0-3),(0-2),(0-1)

E/SMD     (   88): 

E/SMD     (   88): OK

E/SMD     (   88): R", "AB","AG", "AC","PN", "FD","PU","PP","PC")

E/SMD     (   88): 

E/SMD     (   88): OK

E/SMD     (   88): 28-2013 12:11:48

E/SMD     (   88): 

E/SMD     (   88): OK

E/SMD     (   88): 
E/SMD     (   88): Before the Modem Read select 
E/DataRouter(  107): [socket:17]******* Received data notification *******
E/DataRouter(  107): [socket:17]read socket data[len:43]
E/DataRouter(  107): [socket:17]read socket data[message:

E/DataRouter(  107): +CNMI:(3),(0-3),(0-3),(0-2),(0-1)

E/DataRouter(  107): 

E/DataRouter(  107): OK

E/DataRouter(  107): 
E/DataRouter(  107): write [43] bytes of data to USB fd[13]
E/DataRouter(  107): [socket:17]dr_usb_write
D/PHONESERVER(  144): pty_write free lock
D/PHONESERVER(  144): [276] before timeout (1401559858)
D/PHONESERVER(  144): CHNMNG enter channel_manager_free_cmux cmux=/dev/ts0710mux10 
D/PHONESERVER(  144): CHNMNG enter channel_manager_free_cmux pty=0x37964 
D/PHONESERVER(  144): [270] Before remove wait array
D/PHONESERVER(  144): [0]:276 
D/PHONESERVER(  144): 
D/PHONESERVER(  144): [270] After remove wait array
D/PHONESERVER(  144): 
D/PHONESERVER(  144): Enter select_send_thread_run
D/PHONESERVER(  144): Leave select_send_thread_run
D/PHONESERVER(  144): CHNMNG Leave channel_manager_free_cmux cmux=/dev/ts0710mux10 
D/PHONESERVER(  144): [270] before signal (1401559858)
D/PHONESERVER(  144): [270] after signal (1401559858)
D/PHONESERVER(  144): Receive thread's TID [270] MUX :/dev/ts0710mux10 Waiting for resp  
I/Surface (  303): Surface_lockCanvas
D/PHONESERVER(  144): [276] after timeout (1401559858)
D/PHONESERVER(  144): phoneserver mux adapt: generic cmd AT+CNMI=?

E/DataRouter(  107): After the usb select 
E/DataRouter(  107): read usb data[len:2]
E/DataRouter(  107): read usb data message:AT
E/DataRouter(  107): Before the usb select 
E/SMD     (   88): ***Received data notification[DR->SMD]***
E/SMD     (   88): Path set is DATA_PATH_DR_SMD_MANAGER
E/SMD     (   88): Message:AT
E/SMD     (   88): Sending data to SMD: Len = [2]
E/SMD     (   88):  buffer = [AT]
E/SMD     (   88): Wrote 2 chars to SMD PORT fd=11 ch = 41
E/DataRouter(  107): After the usb select 
E/DataRouter(  107): read usb data[len:1]
E/DataRouter(  107): read usb data message:+
E/DataRouter(  107): Before the usb select 
E/SMD     (   88): ***Received data notification[DR->SMD]***
E/SMD     (   88): Message:+
E/SMD     (   88): Sending data to SMD: Len = [1]
E/SMD     (   88):  buffer = [+]
E/SMD     (   88): Wrote 1 chars to SMD PORT fd=11 ch = 2b
E/DataRouter(  107): After the usb select 
E/DataRouter(  107): read usb data[len:1]
E/DataRouter(  107): read usb data message:C
E/DataRouter(  107): Before the usb select 
E/SMD     (   88): ***Received data notification[DR->SMD]***
E/SMD     (   88): Message:C
E/SMD     (   88): Sending data to SMD: Len = [1]
E/SMD     (   88):  buffer = [C]
E/SMD     (   88): Wrote 1 chars to SMD PORT fd=11 ch = 43
E/DataRouter(  107): After the usb select 
E/DataRouter(  107): read usb data[len:1]
E/DataRouter(  107): read usb data message:P
E/DataRouter(  107): Before the usb select 
E/SMD     (   88): ***Received data notification[DR->SMD]***
E/SMD     (   88): Message:P
E/SMD     (   88): Sending data to SMD: Len = [1]
E/SMD     (   88):  buffer = [P]
E/SMD     (   88): Wrote 1 chars to SMD PORT fd=11 ch = 50
E/DataRouter(  107): After the usb select 
E/DataRouter(  107): read usb data[len:1]
E/DataRouter(  107): read usb data message:M
E/DataRouter(  107): Before the usb select 
E/SMD     (   88): ***Received data notification[DR->SMD]***
E/SMD     (   88): Message:M
E/SMD     (   88): Sending data to SMD: Len = [1]
E/SMD     (   88):  buffer = [M]
E/SMD     (   88): Wrote 1 chars to SMD PORT fd=11 ch = 4d
E/DataRouter(  107): After the usb select 
E/DataRouter(  107): read usb data[len:1]
E/DataRouter(  107): read usb data message:S
E/DataRouter(  107): Before the usb select 
E/SMD     (   88): ***Received data notification[DR->SMD]***
E/SMD     (   88): Message:S
E/SMD     (   88): Sending data to SMD: Len = [1]
E/SMD     (   88):  buffer = [S]
E/SMD     (   88): Wrote 1 chars to SMD PORT fd=11 ch = 53
E/DataRouter(  107): After the usb select 
E/DataRouter(  107): read usb data[len:1]
E/DataRouter(  107): read usb data message:=
E/DataRouter(  107): Before the usb select 
E/SMD     (   88): ***Received data notification[DR->SMD]***
E/SMD     (   88): Message:=
E/SMD     (   88): Sending data to SMD: Len = [1]
E/SMD     (   88):  buffer = [=]
E/SMD     (   88): Wrote 1 chars to SMD PORT fd=11 ch = 3d
E/DataRouter(  107): After the usb select 
E/DataRouter(  107): read usb data[len:1]
E/DataRouter(  107): read usb data message:?
E/DataRouter(  107): Before the usb select 
E/SMD     (   88): ***Received data notification[DR->SMD]***
E/SMD     (   88): Message:?
E/SMD     (   88): Sending data to SMD: Len = [1]
E/SMD     (   88):  buffer = [?]
E/SMD     (   88): Wrote 1 chars to SMD PORT fd=11 ch = 3f
E/DataRouter(  107): After the usb select 
E/DataRouter(  107): read usb data[len:1]
E/DataRouter(  107): read usb data message:

E/DataRouter(  107): Before the usb select 
E/SMD     (   88): ***Received data notification[DR->SMD]***
E/SMD     (   88): Message:

E/SMD     (   88): Sending data to SMD: Len = [1]
E/SMD     (   88):  buffer = [
]
D/SPRDENG (  149): eng_server2modem: use SIM1 /dev/CHNPTY13
D/SPRDENG (  149): AT > AT+CPMS=?
D/PHONESERVER(  144): Send thread's TID [276] CHNMNG:findNextEOL:
D/PHONESERVER(  144): Send thread's TID [276] CHNMNG:end findNextEOL:
E/SMD     (   88): Wrote 1 chars to SMD PORT fd=11 ch = d
D/PHONESERVER(  144): Send thread's TID [276] CHNMNG:findNextEOL:
D/PHONESERVER(  144): Send thread's TID [276] CHNMNG:end findNextEOL:
D/PHONESERVER(  144): Send thread's TID [276] PS_PTY : /dev/CHNPTY13 Received 10 bytes command[AT+CPMS=?
]
D/PHONESERVER(  144): Send thread TID [276] CHNMNG enter channel_manager_get_cmux 
D/PHONESERVER(  144): Before add wait array pty=0x37964
D/PHONESERVER(  144): Before add wait array
D/PHONESERVER(  144): 
D/PHONESERVER(  144): After add wait array
D/PHONESERVER(  144): [0]:276 
D/PHONESERVER(  144): 
D/PHONESERVER(  144): TYPE: GSM
D/PHONESERVER(  144): Send thread TID [276] CHNMNG Leave channel_manager_get_cmux:/dev/ts0710mux5 
D/PHONESERVER(  144): PS_CMUX cmux_regist_cmd_callback cmux:/dev/ts0710mux5
D/PHONESERVER(  144): PS_CMUX :/dev/ts0710mux5 cmux_write:AT+CPMS=?
:len=10
D/PHONESERVER(  144): Receive thread's TID [265] CHMNG:  receive data thread :mux=/dev/ts0710mux5:input:+CPMS: (("ME","SM"),("ME","SM"),("ME","SM"))

D/PHONESERVER(  144): pty_write get lock
D/PHONESERVER(  144): PS_PTY:/dev/CHNPTY13   write :

D/PHONESERVER(  144): +CPMS: (("ME","SM"),("ME","SM"),("ME","SM"))

D/PHONESERVER(  144): 
D/SPRDENG (  149): eng_modem2server: use SIM1 /dev/CHNPTY13
D/PHONESERVER(  144): pty_write free lock
D/PHONESERVER(  144): Receive thread's TID [265] MUX :/dev/ts0710mux5 Waiting for resp  
D/PHONESERVER(  144): Receive thread's TID [265] CHMNG:  receive data thread :mux=/dev/ts0710mux5:input:OK

D/PHONESERVER(  144): PS_CMUX cmux_deregist_cmd_callback cmux:/dev/ts0710mux5
D/PHONESERVER(  144): pty_write get lock
D/PHONESERVER(  144): PS_PTY:/dev/CHNPTY13   write :

D/PHONESERVER(  144): OK

D/PHONESERVER(  144): 
D/PHONESERVER(  144): pty_write free lock
D/PHONESERVER(  144): [276] before timeout (1401559858)
D/PHONESERVER(  144): CHNMNG enter channel_manager_free_cmux cmux=/dev/ts0710mux5 
D/PHONESERVER(  144): CHNMNG enter channel_manager_free_cmux pty=0x37964 
D/PHONESERVER(  144): [265] Before remove wait array
D/PHONESERVER(  144): [0]:276 
D/PHONESERVER(  144): 
D/PHONESERVER(  144): [265] After remove wait array
D/PHONESERVER(  144): 
D/PHONESERVER(  144): Enter select_send_thread_run
D/PHONESERVER(  144): Leave select_send_thread_run
D/PHONESERVER(  144): CHNMNG Leave channel_manager_free_cmux cmux=/dev/ts0710mux5 
D/PHONESERVER(  144): [265] before signal (1401559858)
D/PHONESERVER(  144): [265] after signal (1401559858)
D/PHONESERVER(  144): Receive thread's TID [265] MUX :/dev/ts0710mux5 Waiting for resp  
D/PHONESERVER(  144): [276] after timeout (1401559858)
D/PHONESERVER(  144): phoneserver mux adapt: generic cmd AT+CPMS=?

D/SPRDENG (  149): AT < 

D/SPRDENG (  149): +CPMS: (("ME","SM"),("ME","SM"),("ME","SM"))

D/SPRDENG (  149): 

D/SPRDENG (  149): OK

D/SPRDENG (  149): 
E/SMD     (   88): After the Modem Read select 
E/SMD     (   88): Read 54 chars from SMD Modem file fd = 11
E/SMD     (   88):  Message: 

E/SMD     (   88): +CPMS: (("ME","SM"),("ME","SM"),("ME","SM"))

E/SMD     (   88): 

E/SMD     (   88): OK

E/SMD     (   88): G", "AC","PN", "FD","PU","PP","PC")

E/SMD     (   88): 

E/SMD     (   88): OK

E/SMD     (   88): 28-2013 12:11:48

E/SMD     (   88): 

E/SMD     (   88): OK

E/SMD     (   88): 
E/SMD     (   88): Before the Modem Read select 
E/DataRouter(  107): [socket:17]******* Received data notification *******
E/DataRouter(  107): [socket:17]read socket data[len:54]
E/DataRouter(  107): [socket:17]read socket data[message:

E/DataRouter(  107): +CPMS: (("ME","SM"),("ME","SM"),("ME","SM"))

E/DataRouter(  107): 

E/DataRouter(  107): OK

E/DataRouter(  107): 
E/DataRouter(  107): write [54] bytes of data to USB fd[13]
E/DataRouter(  107): [socket:17]dr_usb_write
I/Surface (  303): Surface_lockCanvas
I/Surface (  303): Surface_lockCanvas
I/Surface (  303): Surface_lockCanvas
I/Surface (  303): Surface_lockCanvas
D/dalvikvm(  452): DexOpt: load 114ms, verify+opt 317ms
I/Surface (  303): Surface_lockCanvas
I/Surface (  303): Surface_lockCanvas
I/Surface (  303): Surface_lockCanvas
I/Surface (  303): Surface_lockCanvas
I/Surface (  303): Surface_lockCanvas
I/Surface (  303): Surface_lockCanvas
I/Surface (  303): Surface_lockCanvas
I/Surface (  303): Surface_lockCanvas
I/PackageManager(  303): Running dexopt on: XXX.XXXXX.XXXXXXXXXX
I/Surface (  303): Surface_lockCanvas
I/Surface (  303): Surface_lockCanvas
I/Surface (  303): Surface_lockCanvas
I/Surface (  303): Surface_lockCanvas
I/Surface (  303): Surface_lockCanvas
I/Surface (  303): Surface_lockCanvas
I/Surface (  303): Surface_lockCanvas
I/Surface (  303): Surface_lockCanvas
I/Surface (  303): Surface_lockCanvas
I/Surface (  303): Surface_lockCanvas
I/Surface (  303): Surface_lockCanvas
I/Surface (  303): Surface_lockCanvas
D/dalvikvm(  453): DexOpt: load 52ms, verify+opt 229ms
I/Surface (  303): Surface_lockCanvas
I/Surface (  303): Surface_lockCanvas
I/PackageManager(  303): Running dexopt on: XXX.XXXXX.XXXXXXX3d
I/Surface (  303): Surface_lockCanvas
I/Surface (  303): Surface_lockCanvas
I/Surface (  303): Surface_lockCanvas
I/Surface (  303): Surface_lockCanvas
I/Surface (  303): Surface_lockCanvas
I/Surface (  303): Surface_lockCanvas
I/Surface (  303): Surface_lockCanvas
I/Surface (  303): Surface_lockCanvas
I/Surface (  303): Surface_lockCanvas
I/Surface (  303): Surface_lockCanvas
I/Surface (  303): Surface_lockCanvas
I/Surface (  303): Surface_lockCanvas
I/Surface (  303): Surface_lockCanvas
I/Surface (  303): Surface_lockCanvas
I/Surface (  303): Surface_lockCanvas
I/Surface (  303): Surface_lockCanvas
I/Surface (  303): Surface_lockCanvas
I/Surface (  303): Surface_lockCanvas
V/AlarmManager(  303): waitForAlarm result :8
I/Surface (  303): Surface_lockCanvas
I/Surface (  303): Surface_lockCanvas
I/Surface (  303): Surface_lockCanvas
I/Surface (  303): Surface_lockCanvas
I/Surface (  303): Surface_lockCanvas
I/Surface (  303): Surface_lockCanvas
I/Surface (  303): Surface_lockCanvas
I/Surface (  303): Surface_lockCanvas
I/Surface (  303): Surface_lockCanvas
I/Surface (  303): Surface_lockCanvas
I/Surface (  303): Surface_lockCanvas
I/Surface (  303): Surface_lockCanvas
I/Surface (  303): Surface_lockCanvas
I/Surface (  303): Surface_lockCanvas
I/Surface (  303): Surface_lockCanvas
I/Surface (  303): Surface_lockCanvas
I/Surface (  303): Surface_lockCanvas
I/Surface (  303): Surface_lockCanvas
I/Surface (  303): Surface_lockCanvas
I/Surface (  303): Surface_lockCanvas
I/Surface (  303): Surface_lockCanvas
I/Surface (  303): Surface_lockCanvas
I/Surface (  303): Surface_lockCanvas
I/Surface (  303): Surface_lockCanvas
I/Surface (  303): Surface_lockCanvas
I/Surface (  303): Surface_lockCanvas
I/Surface (  303): Surface_lockCanvas
I/Surface (  303): Surface_lockCanvas
I/Surface (  303): Surface_lockCanvas
I/Surface (  303): Surface_lockCanvas
I/Surface (  303): Surface_lockCanvas
I/Surface (  303): Surface_lockCanvas
I/Surface (  303): Surface_lockCanvas
I/Surface (  303): Surface_lockCanvas
I/Surface (  303): Surface_lockCanvas
I/Surface (  303): Surface_lockCanvas
I/Surface (  303): Surface_lockCanvas
I/Surface (  303): Surface_lockCanvas
I/Surface (  303): Surface_lockCanvas
I/Surface (  303): Surface_lockCanvas
I/Surface (  303): Surface_lockCanvas
I/Surface (  303): Surface_lockCanvas
I/Surface (  303): Surface_lockCanvas
I/Surface (  303): Surface_lockCanvas
I/Surface (  303): Surface_lockCanvas
I/Surface (  303): Surface_lockCanvas
I/Surface (  303): Surface_lockCanvas
I/Surface (  303): Surface_lockCanvas
I/Surface (  303): Surface_lockCanvas
D/dalvikvm(  454): DexOpt: load 207ms, verify+opt 1571ms
I/Surface (  303): Surface_lockCanvas
I/Surface (  303): Surface_lockCanvas
I/Surface (  303): Surface_lockCanvas
I/Surface (  303): Surface_lockCanvas
I/Surface (  303): Surface_lockCanvas
I/Surface (  303): Surface_lockCanvas
I/Surface (  303): Surface_lockCanvas
I/Surface (  303): Surface_lockCanvas
I/Surface (  303): Surface_lockCanvas
I/Surface (  303): Surface_lockCanvas
I/Surface (  303): Surface_lockCanvas
I/Surface (  303): Surface_lockCanvas
I/Surface (  303): Surface_lockCanvas
I/Surface (  303): Surface_lockCanvas
I/Surface (  303): Surface_lockCanvas
I/Surface (  303): Surface_lockCanvas
I/Surface (  303): Surface_lockCanvas
I/Surface (  303): Surface_lockCanvas
I/PackageManager(  303): Running dexopt on: XXX.XXXXX.XXXXX
I/Surface (  303): Surface_lockCanvas
I/Surface (  303): Surface_lockCanvas
I/Surface (  303): Surface_lockCanvas
I/Surface (  303): Surface_lockCanvas
I/Surface (  303): Surface_lockCanvas
I/Surface (  303): Surface_lockCanvas
I/Surface (  303): Surface_lockCanvas
I/Surface (  303): Surface_lockCanvas
I/Surface (  303): Surface_lockCanvas
I/Surface (  303): Surface_lockCanvas
I/Surface (  303): Surface_lockCanvas
I/Surface (  303): Surface_lockCanvas
D/dalvikvm(  457): DexOpt: 'Landroid/content/pm/IPackageDeleteObserver;' has an earlier definition; blocking out
D/dalvikvm(  457): DexOpt: 'Landroid/content/pm/IPackageDeleteObserver$Stub;' has an earlier definition; blocking out
D/dalvikvm(  457): DexOpt: 'Landroid/content/pm/IPackageInstallObserver;' has an earlier definition; blocking out
D/dalvikvm(  457): DexOpt: 'Landroid/content/pm/IPackageInstallObserver$Stub;' has an earlier definition; blocking out
D/dalvikvm(  457): DexOpt: 'Landroid/app/IProcessObserver;' has an earlier definition; blocking out
D/dalvikvm(  457): DexOpt: 'Landroid/app/IProcessObserver$Stub;' has an earlier definition; blocking out
D/dalvikvm(  457): DexOpt: 'Landroid/app/IActivityWatcher;' has an earlier definition; blocking out
D/dalvikvm(  457): DexOpt: 'Landroid/app/IActivityWatcher$Stub;' has an earlier definition; blocking out
I/Surface (  303): Surface_lockCanvas
D/dalvikvm(  457): DexOpt: 'Landroid/app/IActivityWatcher$Stub$Proxy;' has an earlier definition; blocking out
D/dalvikvm(  457): DexOpt: 'Landroid/app/IProcessObserver$Stub$Proxy;' has an earlier definition; blocking out
D/dalvikvm(  457): DexOpt: 'Landroid/content/pm/IPackageDeleteObserver$Stub$Proxy;' has an earlier definition; blocking out
D/dalvikvm(  457): DexOpt: 'Landroid/content/pm/IPackageInstallObserver$Stub$Proxy;' has an earlier definition; blocking out
I/Surface (  303): Surface_lockCanvas
I/Surface (  303): Surface_lockCanvas
I/Surface (  303): Surface_lockCanvas
I/Surface (  303): Surface_lockCanvas
I/Surface (  303): Surface_lockCanvas
I/Surface (  303): Surface_lockCanvas
I/Surface (  303): Surface_lockCanvas
I/Surface (  303): Surface_lockCanvas
I/Surface (  303): Surface_lockCanvas
I/Surface (  303): Surface_lockCanvas
I/Surface (  303): Surface_lockCanvas
I/Surface (  303): Surface_lockCanvas
I/Surface (  303): Surface_lockCanvas
I/Surface (  303): Surface_lockCanvas
I/Surface (  303): Surface_lockCanvas
I/Surface (  303): Surface_lockCanvas
I/Surface (  303): Surface_lockCanvas
I/Surface (  303): Surface_lockCanvas
I/Surface (  303): Surface_lockCanvas
I/Surface (  303): Surface_lockCanvas
I/Surface (  303): Surface_lockCanvas
I/Surface (  303): Surface_lockCanvas
I/Surface (  303): Surface_lockCanvas
I/Surface (  303): Surface_lockCanvas
I/Surface (  303): Surface_lockCanvas
I/Surface (  303): Surface_lockCanvas
I/Surface (  303): Surface_lockCanvas
I/Surface (  303): Surface_lockCanvas
I/Surface (  303): Surface_lockCanvas
I/Surface (  303): Surface_lockCanvas
I/Surface (  303): Surface_lockCanvas
D/dalvikvm(  457): DexOpt: not verifying/optimizing 'Landroid/content/pm/IPackageDeleteObserver;': multiple definitions
D/dalvikvm(  457): DexOpt: not verifying/optimizing 'Landroid/content/pm/IPackageDeleteObserver$Stub;': multiple definitions
I/dalvikvm(  457): DexOpt: not resolving ambiguous class 'Landroid/content/pm/IPackageDeleteObserver$Stub;'
I/dalvikvm(  457): DexOpt: not resolving ambiguous class 'Landroid/content/pm/IPackageInstallObserver;'
D/dalvikvm(  457): DexOpt: not verifying/optimizing 'Landroid/content/pm/IPackageInstallObserver;': multiple definitions
D/dalvikvm(  457): DexOpt: not verifying/optimizing 'Landroid/content/pm/IPackageInstallObserver$Stub;': multiple definitions
I/dalvikvm(  457): DexOpt: not resolving ambiguous class 'Landroid/content/pm/IPackageInstallObserver$Stub;'
I/Surface (  303): Surface_lockCanvas
D/dalvikvm(  457): DexOpt: not verifying/optimizing 'Landroid/app/IProcessObserver;': multiple definitions
D/dalvikvm(  457): DexOpt: not verifying/optimizing 'Landroid/app/IProcessObserver$Stub;': multiple definitions
I/dalvikvm(  457): DexOpt: not resolving ambiguous class 'Landroid/app/IProcessObserver$Stub;'
I/Surface (  303): Surface_lockCanvas
I/dalvikvm(  457): DexOpt: not resolving ambiguous class 'Landroid/app/IActivityWatcher;'
D/dalvikvm(  457): DexOpt: not verifying/optimizing 'Landroid/app/IActivityWatcher;': multiple definitions
D/dalvikvm(  457): DexOpt: not verifying/optimizing 'Landroid/app/IActivityWatcher$Stub;': multiple definitions
I/dalvikvm(  457): DexOpt: not resolving ambiguous class 'Landroid/app/IActivityWatcher$Stub;'
I/Surface (  303): Surface_lockCanvas
I/Surface (  303): Surface_lockCanvas
I/Surface (  303): Surface_lockCanvas
D/dalvikvm(  457): DexOpt: not verifying/optimizing 'Landroid/app/IActivityWatcher$Stub$Proxy;': multiple definitions
D/dalvikvm(  457): DexOpt: not verifying/optimizing 'Landroid/app/IProcessObserver$Stub$Proxy;': multiple definitions
D/dalvikvm(  457): DexOpt: not verifying/optimizing 'Landroid/content/pm/IPackageDeleteObserver$Stub$Proxy;': multiple definitions
D/dalvikvm(  457): DexOpt: not verifying/optimizing 'Landroid/content/pm/IPackageInstallObserver$Stub$Proxy;': multiple definitions
D/dalvikvm(  457): DexOpt: load 164ms, verify+opt 1257ms
I/Surface (  303): Surface_lockCanvas
I/Surface (  303): Surface_lockCanvas
I/Surface (  303): Surface_lockCanvas
I/Surface (  303): Surface_lockCanvas
I/Surface (  303): Surface_lockCanvas
I/Surface (  303): Surface_lockCanvas
I/Surface (  303): Surface_lockCanvas
I/Surface (  303): Surface_lockCanvas
I/Surface (  303): Surface_lockCanvas
I/Surface (  303): Surface_lockCanvas
I/Surface (  303): Surface_lockCanvas
I/Surface (  303): Surface_lockCanvas
I/Surface (  303): Surface_lockCanvas
I/Surface (  303): Surface_lockCanvas
I/Surface (  303): Surface_lockCanvas
I/Surface (  303): Surface_lockCanvas
I/PackageManager(  303): Running dexopt on: XXX.XXXXX.XXXXXXXX
I/Surface (  303): Surface_lockCanvas
I/Surface (  303): Surface_lockCanvas
I/Surface (  303): Surface_lockCanvas
I/Surface (  303): Surface_lockCanvas
D/BatteryService(  303): update start
D/BatteryService(  303): level:100 scale:100 status:2 health:2 present:true voltage: 4356 temperature: 384 technology: Li-ion AC powered:false USB powered:true icon:17303188 invalid charger:0
I/Surface (  303): Surface_lockCanvas
I/Surface (  303): Surface_lockCanvas
I/Surface (  303): Surface_lockCanvas
I/Surface (  303): Surface_lockCanvas
I/Surface (  303): Surface_lockCanvas
I/Surface (  303): Surface_lockCanvas
I/Surface (  303): Surface_lockCanvas
I/Surface (  303): Surface_lockCanvas
I/Surface (  303): Surface_lockCanvas
I/Surface (  303): Surface_lockCanvas
I/Surface (  303): Surface_lockCanvas
I/Surface (  303): Surface_lockCanvas
I/Surface (  303): Surface_lockCanvas
I/Surface (  303): Surface_lockCanvas
I/Surface (  303): Surface_lockCanvas
I/Surface (  303): Surface_lockCanvas
I/Surface (  303): Surface_lockCanvas
I/Surface (  303): Surface_lockCanvas
I/Surface (  303): Surface_lockCanvas
I/Surface (  303): Surface_lockCanvas
I/Surface (  303): Surface_lockCanvas
I/Surface (  303): Surface_lockCanvas
I/Surface (  303): Surface_lockCanvas
I/Surface (  303): Surface_lockCanvas
I/Surface (  303): Surface_lockCanvas
I/Surface (  303): Surface_lockCanvas
I/Surface (  303): Surface_lockCanvas
I/Surface (  303): Surface_lockCanvas
I/Surface (  303): Surface_lockCanvas
I/Surface (  303): Surface_lockCanvas
I/Surface (  303): Surface_lockCanvas
I/Surface (  303): Surface_lockCanvas
I/Surface (  303): Surface_lockCanvas
I/Surface (  303): Surface_lockCanvas
I/Surface (  303): Surface_lockCanvas
I/Surface (  303): Surface_lockCanvas
I/Surface (  303): Surface_lockCanvas
I/Surface (  303): Surface_lockCanvas
I/Surface (  303): Surface_lockCanvas
I/Surface (  303): Surface_lockCanvas
I/Surface (  303): Surface_lockCanvas
I/Surface (  303): Surface_lockCanvas
I/Surface (  303): Surface_lockCanvas
I/Surface (  303): Surface_lockCanvas
I/Surface (  303): Surface_lockCanvas
I/Surface (  303): Surface_lockCanvas
I/Surface (  303): Surface_lockCanvas
I/Surface (  303): Surface_lockCanvas
I/Surface (  303): Surface_lockCanvas
I/Surface (  303): Surface_lockCanvas
I/Surface (  303): Surface_lockCanvas
I/Surface (  303): Surface_lockCanvas
I/Surface (  303): Surface_lockCanvas
I/Surface (  303): Surface_lockCanvas
I/Surface (  303): Surface_lockCanvas
I/Surface (  303): Surface_lockCanvas
I/Surface (  303): Surface_lockCanvas
I/Surface (  303): Surface_lockCanvas
I/Surface (  303): Surface_lockCanvas
I/Surface (  303): Surface_lockCanvas
I/Surface (  303): Surface_lockCanvas
I/Surface (  303): Surface_lockCanvas
I/Surface (  303): Surface_lockCanvas
I/Surface (  303): Surface_lockCanvas
I/Surface (  303): Surface_lockCanvas
I/Surface (  303): Surface_lockCanvas
I/Surface (  303): Surface_lockCanvas
I/Surface (  303): Surface_lockCanvas
I/Surface (  303): Surface_lockCanvas
I/Surface (  303): Surface_lockCanvas
I/Surface (  303): Surface_lockCanvas
I/Surface (  303): Surface_lockCanvas
I/Surface (  303): Surface_lockCanvas
I/Surface (  303): Surface_lockCanvas
I/Surface (  303): Surface_lockCanvas
I/Surface (  303): Surface_lockCanvas
I/Surface (  303): Surface_lockCanvas
I/Surface (  303): Surface_lockCanvas
I/Surface (  303): Surface_lockCanvas
I/Surface (  303): Surface_lockCanvas
I/Surface (  303): Surface_lockCanvas
I/Surface (  303): Surface_lockCanvas
I/Surface (  303): Surface_lockCanvas
I/Surface (  303): Surface_lockCanvas
I/Surface (  303): Surface_lockCanvas
I/Surface (  303): Surface_lockCanvas
I/Surface (  303): Surface_lockCanvas
I/Surface (  303): Surface_lockCanvas
I/Surface (  303): Surface_lockCanvas
I/Surface (  303): Surface_lockCanvas
I/Surface (  303): Surface_lockCanvas
I/Surface (  303): Surface_lockCanvas
I/Surface (  303): Surface_lockCanvas
I/Surface (  303): Surface_lockCanvas
I/Surface (  303): Surface_lockCanvas
I/Surface (  303): Surface_lockCanvas
I/Surface (  303): Surface_lockCanvas
I/Surface (  303): Surface_lockCanvas
I/Surface (  303): Surface_lockCanvas
I/Surface (  303): Surface_lockCanvas
I/Surface (  303): Surface_lockCanvas
I/Surface (  303): Surface_lockCanvas
I/Surface (  303): Surface_lockCanvas
I/Surface (  303): Surface_lockCanvas
I/Surface (  303): Surface_lockCanvas
I/Surface (  303): Surface_lockCanvas
I/Surface (  303): Surface_lockCanvas
I/Surface (  303): Surface_lockCanvas
I/Surface (  303): Surface_lockCanvas
I/Surface (  303): Surface_lockCanvas
I/Surface (  303): Surface_lockCanvas
I/Surface (  303): Surface_lockCanvas
I/Surface (  303): Surface_lockCanvas
I/Surface (  303): Surface_lockCanvas
I/Surface (  303): Surface_lockCanvas
I/Surface (  303): Surface_lockCanvas
I/Surface (  303): Surface_lockCanvas
I/Surface (  303): Surface_lockCanvas
I/Surface (  303): Surface_lockCanvas
I/Surface (  303): Surface_lockCanvas
I/Surface (  303): Surface_lockCanvas
I/Surface (  303): Surface_lockCanvas
I/Surface (  303): Surface_lockCanvas
I/Surface (  303): Surface_lockCanvas
I/Surface (  303): Surface_lockCanvas
I/Surface (  303): Surface_lockCanvas
I/Surface (  303): Surface_lockCanvas
I/Surface (  303): Surface_lockCanvas
I/Surface (  303): Surface_lockCanvas
I/Surface (  303): Surface_lockCanvas
I/Surface (  303): Surface_lockCanvas
I/Surface (  303): Surface_lockCanvas
I/Surface (  303): Surface_lockCanvas
I/Surface (  303): Surface_lockCanvas
I/Surface (  303): Surface_lockCanvas
I/Surface (  303): Surface_lockCanvas
I/Surface (  303): Surface_lockCanvas
I/Surface (  303): Surface_lockCanvas
I/Surface (  303): Surface_lockCanvas
I/Surface (  303): Surface_lockCanvas
I/Surface (  303): Surface_lockCanvas
I/Surface (  303): Surface_lockCanvas
I/Surface (  303): Surface_lockCanvas
I/Surface (  303): Surface_lockCanvas
I/Surface (  303): Surface_lockCanvas
I/Surface (  303): Surface_lockCanvas
I/Surface (  303): Surface_lockCanvas
I/Surface (  303): Surface_lockCanvas
I/Surface (  303): Surface_lockCanvas
I/Surface (  303): Surface_lockCanvas
I/Surface (  303): Surface_lockCanvas
I/Surface (  303): Surface_lockCanvas
I/Surface (  303): Surface_lockCanvas
I/Surface (  303): Surface_lockCanvas
I/Surface (  303): Surface_lockCanvas
I/Surface (  303): Surface_lockCanvas
I/Surface (  303): Surface_lockCanvas
I/Surface (  303): Surface_lockCanvas
I/Surface (  303): Surface_lockCanvas
I/Surface (  303): Surface_lockCanvas
I/Surface (  303): Surface_lockCanvas
I/Surface (  303): Surface_lockCanvas
I/Surface (  303): Surface_lockCanvas
I/Surface (  303): Surface_lockCanvas
I/Surface (  303): Surface_lockCanvas
D/dalvikvm(  458): DexOpt: load 428ms, verify+opt 4414ms
I/Surface (  303): Surface_lockCanvas
I/Surface (  303): Surface_lockCanvas
I/Surface (  303): Surface_lockCanvas
I/Surface (  303): Surface_lockCanvas
I/Surface (  303): Surface_lockCanvas
I/Surface (  303): Surface_lockCanvas
I/Surface (  303): Surface_lockCanvas
I/PackageManager(  303): Running dexopt on: XXX.XXXXX.XXXXXXXXXXX
I/Surface (  303): Surface_lockCanvas
I/Surface (  303): Surface_lockCanvas
I/Surface (  303): Surface_lockCanvas
I/Surface (  303): Surface_lockCanvas
I/Surface (  303): Surface_lockCanvas
I/Surface (  303): Surface_lockCanvas
I/Surface (  303): Surface_lockCanvas
I/Surface (  303): Surface_lockCanvas
I/Surface (  303): Surface_lockCanvas
I/Surface (  303): Surface_lockCanvas
I/Surface (  303): Surface_lockCanvas
I/Surface (  303): Surface_lockCanvas
I/Surface (  303): Surface_lockCanvas
I/Surface (  303): Surface_lockCanvas
I/Surface (  303): Surface_lockCanvas
I/Surface (  303): Surface_lockCanvas
I/Surface (  303): Surface_lockCanvas
I/Surface (  303): Surface_lockCanvas
I/Surface (  303): Surface_lockCanvas
I/Surface (  303): Surface_lockCanvas
I/Surface (  303): Surface_lockCanvas
I/Surface (  303): Surface_lockCanvas
I/Surface (  303): Surface_lockCanvas
I/Surface (  303): Surface_lockCanvas
I/Surface (  303): Surface_lockCanvas
I/Surface (  303): Surface_lockCanvas
I/Surface (  303): Surface_lockCanvas
I/Surface (  303): Surface_lockCanvas
I/Surface (  303): Surface_lockCanvas
I/Surface (  303): Surface_lockCanvas
D/dalvikvm(  461): DexOpt: 'Landroid/net/http/SslError;' has an earlier definition; blocking out
D/dalvikvm(  461): DexOpt: 'Lorg/apache/commons/codec/Encoder;' has an earlier definition; blocking out
D/dalvikvm(  461): DexOpt: 'Lorg/apache/commons/codec/BinaryEncoder;' has an earlier definition; blocking out
D/dalvikvm(  461): DexOpt: 'Lorg/apache/commons/codec/Decoder;' has an earlier definition; blocking out
D/dalvikvm(  461): DexOpt: 'Lorg/apache/commons/codec/StringDecoder;' has an earlier definition; blocking out
D/dalvikvm(  461): DexOpt: 'Lorg/apache/commons/codec/DecoderException;' has an earlier definition; blocking out
D/dalvikvm(  461): DexOpt: 'Lorg/apache/commons/codec/language/DoubleMetaphone$DoubleMetaphoneResult;' has an earlier definition; blocking out
D/dalvikvm(  461): DexOpt: 'Lorg/apache/commons/codec/StringEncoder;' has an earlier definition; blocking out
D/dalvikvm(  461): DexOpt: 'Lorg/apache/commons/codec/language/DoubleMetaphone;' has an earlier definition; blocking out
D/dalvikvm(  461): DexOpt: 'Lorg/apache/commons/codec/language/Metaphone;' has an earlier definition; blocking out
D/dalvikvm(  461): DexOpt: 'Lorg/apache/commons/codec/language/SoundexUtils;' has an earlier definition; blocking out
D/dalvikvm(  461): DexOpt: 'Lorg/apache/commons/codec/language/Soundex;' has an earlier definition; blocking out
D/dalvikvm(  461): DexOpt: 'Lorg/apache/commons/codec/language/RefinedSoundex;' has an earlier definition; blocking out
D/dalvikvm(  461): DexOpt: 'Lorg/apache/commons/codec/StringEncoderComparator;' has an earlier definition; blocking out
D/dalvikvm(  461): DexOpt: 'Lorg/apache/commons/codec/EncoderException;' has an earlier definition; blocking out
D/dalvikvm(  461): DexOpt: 'Lorg/apache/commons/codec/BinaryDecoder;' has an earlier definition; blocking out
D/dalvikvm(  461): DexOpt: 'Lorg/apache/commons/codec/net/QuotedPrintableCodec;' has an earlier definition; blocking out
D/dalvikvm(  461): DexOpt: 'Lorg/apache/commons/codec/net/RFC1522Codec;' has an earlier definition; blocking out
D/dalvikvm(  461): DexOpt: 'Lorg/apache/commons/codec/net/QCodec;' has an earlier definition; blocking out
D/dalvikvm(  461): DexOpt: 'Lorg/apache/commons/codec/net/URLCodec;' has an earlier definition; blocking out
D/dalvikvm(  461): DexOpt: 'Lorg/apache/commons/codec/net/BCodec;' has an earlier definition; blocking out
D/dalvikvm(  461): DexOpt: 'Lorg/apache/commons/codec/binary/Hex;' has an earlier definition; blocking out
D/dalvikvm(  461): DexOpt: 'Lorg/apache/commons/codec/binary/Base64;' has an earlier definition; blocking out
D/dalvikvm(  461): DexOpt: 'Lorg/apache/commons/codec/binary/BinaryCodec;' has an earlier definition; blocking out
