I/Surface (  303): Surface_lockCanvas
I/Surface (  303): Surface_lockCanvas
I/Surface (  303): Surface_lockCanvas
I/Surface (  303): Surface_lockCanvas
I/Surface (  303): Surface_lockCanvas
I/Surface (  303): Surface_lockCanvas
I/Surface (  303): Surface_lockCanvas
I/Surface (  303): Surface_lockCanvas
I/Surface (  303): Surface_lockCanvas
I/Surface (  303): Surface_lockCanvas
I/Surface (  303): Surface_lockCanvas
I/Surface (  303): Surface_lockCanvas
I/Surface (  303): Surface_lockCanvas
I/Surface (  303): Surface_lockCanvas
I/Surface (  303): Surface_lockCanvas
I/Surface (  303): Surface_lockCanvas
I/Surface (  303): Surface_lockCanvas
I/Surface (  303): Surface_lockCanvas
I/Surface (  303): Surface_lockCanvas
I/Surface (  303): Surface_lockCanvas
I/Surface (  303): Surface_lockCanvas
I/Surface (  303): Surface_lockCanvas
I/Surface (  303): Surface_lockCanvas
I/Surface (  303): Surface_lockCanvas
I/Surface (  303): Surface_lockCanvas
I/Surface (  303): Surface_lockCanvas
I/Surface (  303): Surface_lockCanvas
I/Surface (  303): Surface_lockCanvas
I/Surface (  303): Surface_lockCanvas
I/Surface (  303): Surface_lockCanvas
I/Surface (  303): Surface_lockCanvas
I/Surface (  303): Surface_lockCanvas
I/Surface (  303): Surface_lockCanvas
I/Surface (  303): Surface_lockCanvas
I/Surface (  303): Surface_lockCanvas
I/Surface (  303): Surface_lockCanvas
I/Surface (  303): Surface_lockCanvas
I/Surface (  303): Surface_lockCanvas
I/Surface (  303): Surface_lockCanvas
I/Surface (  303): Surface_lockCanvas
I/Surface (  303): Surface_lockCanvas
I/Surface (  303): Surface_lockCanvas
I/Surface (  303): Surface_lockCanvas
I/Surface (  303): Surface_lockCanvas
I/Surface (  303): Surface_lockCanvas
I/Surface (  303): Surface_lockCanvas
I/Surface (  303): Surface_lockCanvas
I/Surface (  303): Surface_lockCanvas
I/Surface (  303): Surface_lockCanvas
I/Surface (  303): Surface_lockCanvas
I/Surface (  303): Surface_lockCanvas
I/Surface (  303): Surface_lockCanvas
I/Surface (  303): Surface_lockCanvas
I/Surface (  303): Surface_lockCanvas
I/Surface (  303): Surface_lockCanvas
I/Surface (  303): Surface_lockCanvas
I/Surface (  303): Surface_lockCanvas
I/Surface (  303): Surface_lockCanvas
I/Surface (  303): Surface_lockCanvas
I/Surface (  303): Surface_lockCanvas
I/Surface (  303): Surface_lockCanvas
I/Surface (  303): Surface_lockCanvas
I/Surface (  303): Surface_lockCanvas
I/Surface (  303): Surface_lockCanvas
I/Surface (  303): Surface_lockCanvas
I/Surface (  303): Surface_lockCanvas
I/Surface (  303): Surface_lockCanvas
I/Surface (  303): Surface_lockCanvas
I/Surface (  303): Surface_lockCanvas
I/Surface (  303): Surface_lockCanvas
I/Surface (  303): Surface_lockCanvas
I/Surface (  303): Surface_lockCanvas
I/Surface (  303): Surface_lockCanvas
I/Surface (  303): Surface_lockCanvas
I/Surface (  303): Surface_lockCanvas
I/Surface (  303): Surface_lockCanvas
I/Surface (  303): Surface_lockCanvas
I/Surface (  303): Surface_lockCanvas
I/Surface (  303): Surface_lockCanvas
I/Surface (  303): Surface_lockCanvas
I/Surface (  303): Surface_lockCanvas
I/Surface (  303): Surface_lockCanvas
I/Surface (  303): Surface_lockCanvas
I/Surface (  303): Surface_lockCanvas
I/Surface (  303): Surface_lockCanvas
I/Surface (  303): Surface_lockCanvas
I/Surface (  303): Surface_lockCanvas
I/Surface (  303): Surface_lockCanvas
D/dalvikvm(  461): DexOpt: not verifying/optimizing 'Landroid/net/http/SslError;': multiple definitions
D/dalvikvm(  461): DexOpt: not verifying/optimizing 'Lorg/apache/commons/codec/Encoder;': multiple definitions
D/dalvikvm(  461): DexOpt: not verifying/optimizing 'Lorg/apache/commons/codec/BinaryEncoder;': multiple definitions
I/dalvikvm(  461): DexOpt: not resolving ambiguous class 'Lorg/apache/commons/codec/binary/Hex;'
D/dalvikvm(  461): DexOpt: not verifying/optimizing 'Lorg/apache/commons/codec/Decoder;': multiple definitions
D/dalvikvm(  461): DexOpt: not verifying/optimizing 'Lorg/apache/commons/codec/StringDecoder;': multiple definitions
D/dalvikvm(  461): DexOpt: not verifying/optimizing 'Lorg/apache/commons/codec/DecoderException;': multiple definitions
D/dalvikvm(  461): DexOpt: not verifying/optimizing 'Lorg/apache/commons/codec/language/DoubleMetaphone$DoubleMetaphoneResult;': multiple definitions
D/dalvikvm(  461): DexOpt: not verifying/optimizing 'Lorg/apache/commons/codec/StringEncoder;': multiple definitions
D/dalvikvm(  461): DexOpt: not verifying/optimizing 'Lorg/apache/commons/codec/language/DoubleMetaphone;': multiple definitions
D/dalvikvm(  461): DexOpt: not verifying/optimizing 'Lorg/apache/commons/codec/language/Metaphone;': multiple definitions
D/dalvikvm(  461): DexOpt: not verifying/optimizing 'Lorg/apache/commons/codec/language/SoundexUtils;': multiple definitions
I/dalvikvm(  461): DexOpt: not resolving ambiguous class 'Lorg/apache/commons/codec/EncoderException;'
D/dalvikvm(  461): DexOpt: not verifying/optimizing 'Lorg/apache/commons/codec/language/Soundex;': multiple definitions
D/dalvikvm(  461): DexOpt: not verifying/optimizing 'Lorg/apache/commons/codec/language/RefinedSoundex;': multiple definitions
D/dalvikvm(  461): DexOpt: not verifying/optimizing 'Lorg/apache/commons/codec/StringEncoderComparator;': multiple definitions
D/dalvikvm(  461): DexOpt: not verifying/optimizing 'Lorg/apache/commons/codec/EncoderException;': multiple definitions
D/dalvikvm(  461): DexOpt: not verifying/optimizing 'Lorg/apache/commons/codec/BinaryDecoder;': multiple definitions
D/dalvikvm(  461): DexOpt: not verifying/optimizing 'Lorg/apache/commons/codec/net/QuotedPrintableCodec;': multiple definitions
I/dalvikvm(  461): DexOpt: not resolving ambiguous class 'Lorg/apache/commons/codec/DecoderException;'
D/dalvikvm(  461): DexOpt: not verifying/optimizing 'Lorg/apache/commons/codec/net/RFC1522Codec;': multiple definitions
D/dalvikvm(  461): DexOpt: not verifying/optimizing 'Lorg/apache/commons/codec/net/QCodec;': multiple definitions
D/dalvikvm(  461): DexOpt: not verifying/optimizing 'Lorg/apache/commons/codec/net/URLCodec;': multiple definitions
D/dalvikvm(  461): DexOpt: not verifying/optimizing 'Lorg/apache/commons/codec/net/BCodec;': multiple definitions
I/dalvikvm(  461): DexOpt: not resolving ambiguous class 'Lorg/apache/commons/codec/binary/Base64;'
D/dalvikvm(  461): DexOpt: not verifying/optimizing 'Lorg/apache/commons/codec/binary/Hex;': multiple definitions
D/dalvikvm(  461): DexOpt: not verifying/optimizing 'Lorg/apache/commons/codec/binary/Base64;': multiple definitions
I/dalvikvm(  461): DexOpt: not resolving ambiguous class 'Lorg/apache/commons/codec/binary/Base64;'
D/dalvikvm(  461): DexOpt: not verifying/optimizing 'Lorg/apache/commons/codec/binary/BinaryCodec;': multiple definitions
I/Surface (  303): Surface_lockCanvas
I/dalvikvm(  461): DexOpt: not resolving ambiguous class 'Lorg/apache/commons/codec/binary/Base64;'
I/dalvikvm(  461): DexOpt: not resolving ambiguous class 'Lorg/apache/commons/codec/binary/Base64;'
I/Surface (  303): Surface_lockCanvas
I/dalvikvm(  461): DexOpt: not resolving ambiguous class 'Lorg/apache/commons/codec/net/URLCodec;'
I/Surface (  303): Surface_lockCanvas
I/dalvikvm(  461): DexOpt: not resolving ambiguous class 'Lorg/apache/commons/codec/net/URLCodec;'
I/dalvikvm(  461): DexOpt: not resolving ambiguous class 'Lorg/apache/commons/codec/net/URLCodec;'
I/Surface (  303): Surface_lockCanvas
I/Surface (  303): Surface_lockCanvas
I/Surface (  303): Surface_lockCanvas
I/Surface (  303): Surface_lockCanvas
I/Surface (  303): Surface_lockCanvas
I/Surface (  303): Surface_lockCanvas
I/Surface (  303): Surface_lockCanvas
I/Surface (  303): Surface_lockCanvas
I/Surface (  303): Surface_lockCanvas
I/Surface (  303): Surface_lockCanvas
I/Surface (  303): Surface_lockCanvas
D/dalvikvm(  461): DexOpt: load 309ms, verify+opt 3457ms
I/Surface (  303): Surface_lockCanvas
I/Surface (  303): Surface_lockCanvas
I/Surface (  303): Surface_lockCanvas
I/Surface (  303): Surface_lockCanvas
I/Surface (  303): Surface_lockCanvas
I/Surface (  303): Surface_lockCanvas
I/Surface (  303): Surface_lockCanvas
I/Surface (  303): Surface_lockCanvas
I/Surface (  303): Surface_lockCanvas
I/Surface (  303): Surface_lockCanvas
I/Surface (  303): Surface_lockCanvas
I/Surface (  303): Surface_lockCanvas
I/Surface (  303): Surface_lockCanvas
I/Surface (  303): Surface_lockCanvas
I/Surface (  303): Surface_lockCanvas
I/Surface (  303): Surface_lockCanvas
I/Surface (  303): Surface_lockCanvas
I/Surface (  303): Surface_lockCanvas
I/Surface (  303): Surface_lockCanvas
I/Surface (  303): Surface_lockCanvas
I/PackageManager(  303): Running dexopt on: XXX.XXXXX.XXX.XXXXXXXX
I/Surface (  303): Surface_lockCanvas
I/Surface (  303): Surface_lockCanvas
I/Surface (  303): Surface_lockCanvas
I/Surface (  303): Surface_lockCanvas
I/Surface (  303): Surface_lockCanvas
I/Surface (  303): Surface_lockCanvas
D/dalvikvm(  464): DexOpt: load 12ms, verify+opt 94ms
I/Surface (  303): Surface_lockCanvas
I/Surface (  303): Surface_lockCanvas
I/Surface (  303): Surface_lockCanvas
I/Surface (  303): Surface_lockCanvas
I/PackageManager(  303): Running dexopt on: XXX.XXXXX.XXXXXXX
I/Surface (  303): Surface_lockCanvas
I/Surface (  303): Surface_lockCanvas
I/Surface (  303): Surface_lockCanvas
I/Surface (  303): Surface_lockCanvas
I/Surface (  303): Surface_lockCanvas
D/dalvikvm(  465): DexOpt: load 54ms, verify+opt 39ms
I/Surface (  303): Surface_lockCanvas
I/PackageManager(  303): Running dexopt on: XXX.XXXXX.XXXXX
I/Surface (  303): Surface_lockCanvas
I/Surface (  303): Surface_lockCanvas
I/Surface (  303): Surface_lockCanvas
D/dalvikvm(  466): DexOpt: load 7ms, verify+opt 24ms
I/Surface (  303): Surface_lockCanvas
I/PackageManager(  303): Running dexopt on: XXX.XXXXXXXXXXXX.XXXXXXXX
I/Surface (  303): Surface_lockCanvas
I/Surface (  303): Surface_lockCanvas
I/Surface (  303): Surface_lockCanvas
I/Surface (  303): Surface_lockCanvas
I/Surface (  303): Surface_lockCanvas
I/Surface (  303): Surface_lockCanvas
I/Surface (  303): Surface_lockCanvas
I/Surface (  303): Surface_lockCanvas
I/Surface (  303): Surface_lockCanvas
D/dalvikvm(  467): DexOpt: 'Landroid/content/pm/IPackageDeleteObserver;' has an earlier definition; blocking out
D/dalvikvm(  467): DexOpt: 'Landroid/content/pm/IPackageDeleteObserver$Stub;' has an earlier definition; blocking out
I/Surface (  303): Surface_lockCanvas
I/Surface (  303): Surface_lockCanvas
I/Surface (  303): Surface_lockCanvas
D/dalvikvm(  467): DexOpt: 'Landroid/content/pm/IPackageInstallObserver;' has an earlier definition; blocking out
D/dalvikvm(  467): DexOpt: 'Landroid/content/pm/IPackageInstallObserver$Stub;' has an earlier definition; blocking out
D/dalvikvm(  467): DexOpt: 'Landroid/content/pm/IPackageDeleteObserver$Stub$Proxy;' has an earlier definition; blocking out
D/dalvikvm(  467): DexOpt: 'Landroid/content/pm/IPackageInstallObserver$Stub$Proxy;' has an earlier definition; blocking out
I/Surface (  303): Surface_lockCanvas
I/Surface (  303): Surface_lockCanvas
I/Surface (  303): Surface_lockCanvas
D/dalvikvm(  467): DexOpt: not verifying/optimizing 'Landroid/content/pm/IPackageDeleteObserver;': multiple definitions
D/dalvikvm(  467): DexOpt: not verifying/optimizing 'Landroid/content/pm/IPackageDeleteObserver$Stub;': multiple definitions
I/dalvikvm(  467): DexOpt: not resolving ambiguous class 'Landroid/content/pm/IPackageDeleteObserver$Stub;'
I/Surface (  303): Surface_lockCanvas
I/Surface (  303): Surface_lockCanvas
I/Surface (  303): Surface_lockCanvas
I/Surface (  303): Surface_lockCanvas
I/Surface (  303): Surface_lockCanvas
I/Surface (  303): Surface_lockCanvas
I/Surface (  303): Surface_lockCanvas
I/Surface (  303): Surface_lockCanvas
I/Surface (  303): Surface_lockCanvas
I/Surface (  303): Surface_lockCanvas
I/Surface (  303): Surface_lockCanvas
I/Surface (  303): Surface_lockCanvas
I/Surface (  303): Surface_lockCanvas
I/Surface (  303): Surface_lockCanvas
I/Surface (  303): Surface_lockCanvas
I/Surface (  303): Surface_lockCanvas
I/Surface (  303): Surface_lockCanvas
I/Surface (  303): Surface_lockCanvas
I/Surface (  303): Surface_lockCanvas
I/Surface (  303): Surface_lockCanvas
D/dalvikvm(  467): DexOpt: not verifying/optimizing 'Landroid/content/pm/IPackageInstallObserver;': multiple definitions
D/dalvikvm(  467): DexOpt: not verifying/optimizing 'Landroid/content/pm/IPackageInstallObserver$Stub;': multiple definitions
D/dalvikvm(  467): DexOpt: not verifying/optimizing 'Landroid/content/pm/IPackageDeleteObserver$Stub$Proxy;': multiple definitions
D/dalvikvm(  467): DexOpt: not verifying/optimizing 'Landroid/content/pm/IPackageInstallObserver$Stub$Proxy;': multiple definitions
D/dalvikvm(  467): DexOpt: load 101ms, verify+opt 779ms
I/Surface (  303): Surface_lockCanvas
I/Surface (  303): Surface_lockCanvas
I/Surface (  303): Surface_lockCanvas
I/Surface (  303): Surface_lockCanvas
I/Surface (  303): Surface_lockCanvas
I/Surface (  303): Surface_lockCanvas
I/PackageManager(  303): Running dexopt on: XXX.XXXXX.XXXXXXXX
I/Surface (  303): Surface_lockCanvas
I/Surface (  303): Surface_lockCanvas
I/Surface (  303): Surface_lockCanvas
I/Surface (  303): Surface_lockCanvas
D/dalvikvm(  470): DexOpt: 'Landroid/app/IActivityWatcher;' has an earlier definition; blocking out
D/dalvikvm(  470): DexOpt: 'Landroid/app/IActivityWatcher$Stub$Proxy;' has an earlier definition; blocking out
D/dalvikvm(  470): DexOpt: 'Landroid/app/IActivityWatcher$Stub;' has an earlier definition; blocking out
I/Surface (  303): Surface_lockCanvas
I/Surface (  303): Surface_lockCanvas
I/Surface (  303): Surface_lockCanvas
I/Surface (  303): Surface_lockCanvas
I/Surface (  303): Surface_lockCanvas
D/dalvikvm(  470): DexOpt: not verifying/optimizing 'Landroid/app/IActivityWatcher;': multiple definitions
D/dalvikvm(  470): DexOpt: not verifying/optimizing 'Landroid/app/IActivityWatcher$Stub$Proxy;': multiple definitions
D/dalvikvm(  470): DexOpt: not verifying/optimizing 'Landroid/app/IActivityWatcher$Stub;': multiple definitions
D/dalvikvm(  470): DexOpt: load 51ms, verify+opt 171ms
I/Surface (  303): Surface_lockCanvas
I/Surface (  303): Surface_lockCanvas
I/Surface (  303): Surface_lockCanvas
I/Surface (  303): Surface_lockCanvas
I/Surface (  303): Surface_lockCanvas
I/Surface (  303): Surface_lockCanvas
I/Surface (  303): Surface_lockCanvas
I/Surface (  303): Surface_lockCanvas
I/Surface (  303): Surface_lockCanvas
I/Surface (  303): Surface_lockCanvas
I/Surface (  303): Surface_lockCanvas
I/PackageManager(  303): Running dexopt on: XXX.XXXXX.XXX.XXXXXXX
I/Surface (  303): Surface_lockCanvas
I/Surface (  303): Surface_lockCanvas
I/Surface (  303): Surface_lockCanvas
I/Surface (  303): Surface_lockCanvas
I/Surface (  303): Surface_lockCanvas
I/Surface (  303): Surface_lockCanvas
I/Surface (  303): Surface_lockCanvas
I/Surface (  303): Surface_lockCanvas
I/Surface (  303): Surface_lockCanvas
I/Surface (  303): Surface_lockCanvas
I/Surface (  303): Surface_lockCanvas
I/Surface (  303): Surface_lockCanvas
I/Surface (  303): Surface_lockCanvas
I/Surface (  303): Surface_lockCanvas
I/Surface (  303): Surface_lockCanvas
I/Surface (  303): Surface_lockCanvas
I/Surface (  303): Surface_lockCanvas
I/Surface (  303): Surface_lockCanvas
I/Surface (  303): Surface_lockCanvas
D/dalvikvm(  471): DexOpt: load 69ms, verify+opt 418ms
I/Surface (  303): Surface_lockCanvas
I/Surface (  303): Surface_lockCanvas
I/Surface (  303): Surface_lockCanvas
I/Surface (  303): Surface_lockCanvas
I/PackageManager(  303): Running dexopt on: XXX.XXXXX.XXXXXXXXXXXXX
I/Surface (  303): Surface_lockCanvas
I/Surface (  303): Surface_lockCanvas
I/Surface (  303): Surface_lockCanvas
I/Surface (  303): Surface_lockCanvas
I/Surface (  303): Surface_lockCanvas
I/Surface (  303): Surface_lockCanvas
D/dalvikvm(  472): DexOpt: load 18ms, verify+opt 119ms
I/Surface (  303): Surface_lockCanvas
I/PackageManager(  303): Running dexopt on: XXX.XXXXX.XXXX
I/Surface (  303): Surface_lockCanvas
I/Surface (  303): Surface_lockCanvas
I/Surface (  303): Surface_lockCanvas
I/Surface (  303): Surface_lockCanvas
I/Surface (  303): Surface_lockCanvas
I/Surface (  303): Surface_lockCanvas
I/Surface (  303): Surface_lockCanvas
I/Surface (  303): Surface_lockCanvas
I/Surface (  303): Surface_lockCanvas
I/Surface (  303): Surface_lockCanvas
I/Surface (  303): Surface_lockCanvas
I/Surface (  303): Surface_lockCanvas
D/dalvikvm(  473): DexOpt: 'Lorg/kxml2/io/KXmlParser;' has an earlier definition; blocking out
I/Surface (  303): Surface_lockCanvas
I/Surface (  303): Surface_lockCanvas
I/Surface (  303): Surface_lockCanvas
I/Surface (  303): Surface_lockCanvas
I/Surface (  303): Surface_lockCanvas
I/Surface (  303): Surface_lockCanvas
I/Surface (  303): Surface_lockCanvas
I/Surface (  303): Surface_lockCanvas
I/Surface (  303): Surface_lockCanvas
I/Surface (  303): Surface_lockCanvas
I/Surface (  303): Surface_lockCanvas
I/Surface (  303): Surface_lockCanvas
I/Surface (  303): Surface_lockCanvas
I/Surface (  303): Surface_lockCanvas
I/dalvikvm(  473): DexOpt: not resolving ambiguous class 'Lorg/kxml2/io/KXmlParser;'
I/Surface (  303): Surface_lockCanvas
I/dalvikvm(  473): DexOpt: not resolving ambiguous class 'Lorg/kxml2/io/KXmlParser;'
I/Surface (  303): Surface_lockCanvas
I/Surface (  303): Surface_lockCanvas
I/Surface (  303): Surface_lockCanvas
I/Surface (  303): Surface_lockCanvas
I/Surface (  303): Surface_lockCanvas
I/Surface (  303): Surface_lockCanvas
I/Surface (  303): Surface_lockCanvas
I/Surface (  303): Surface_lockCanvas
I/Surface (  303): Surface_lockCanvas
I/Surface (  303): Surface_lockCanvas
I/Surface (  303): Surface_lockCanvas
I/Surface (  303): Surface_lockCanvas
I/Surface (  303): Surface_lockCanvas
D/dalvikvm(  473): DexOpt: not verifying/optimizing 'Lorg/kxml2/io/KXmlParser;': multiple definitions
D/dalvikvm(  473): DexOpt: load 86ms, verify+opt 979ms
I/Surface (  303): Surface_lockCanvas
I/Surface (  303): Surface_lockCanvas
I/Surface (  303): Surface_lockCanvas
I/Surface (  303): Surface_lockCanvas
I/Surface (  303): Surface_lockCanvas
I/Surface (  303): Surface_lockCanvas
I/Surface (  303): Surface_lockCanvas
I/Surface (  303): Surface_lockCanvas
I/Surface (  303): Surface_lockCanvas
I/Surface (  303): Surface_lockCanvas
I/Surface (  303): Surface_lockCanvas
I/Surface (  303): Surface_lockCanvas
I/Surface (  303): Surface_lockCanvas
I/Surface (  303): Surface_lockCanvas
I/Surface (  303): Surface_lockCanvas
I/PackageManager(  303): Running dexopt on: XXX.XXXXX.XXX.XXXXXX
I/Surface (  303): Surface_lockCanvas
I/Surface (  303): Surface_lockCanvas
I/Surface (  303): Surface_lockCanvas
I/Surface (  303): Surface_lockCanvas
I/Surface (  303): Surface_lockCanvas
I/Surface (  303): Surface_lockCanvas
I/Surface (  303): Surface_lockCanvas
I/Surface (  303): Surface_lockCanvas
I/Surface (  303): Surface_lockCanvas
I/Surface (  303): Surface_lockCanvas
I/Surface (  303): Surface_lockCanvas
I/Surface (  303): Surface_lockCanvas
I/Surface (  303): Surface_lockCanvas
I/Surface (  303): Surface_lockCanvas
I/Surface (  303): Surface_lockCanvas
I/Surface (  303): Surface_lockCanvas
I/Surface (  303): Surface_lockCanvas
I/Surface (  303): Surface_lockCanvas
I/Surface (  303): Surface_lockCanvas
I/Surface (  303): Surface_lockCanvas
I/Surface (  303): Surface_lockCanvas
I/Surface (  303): Surface_lockCanvas
D/dalvikvm(  474): DexOpt: load 57ms, verify+opt 507ms
I/Surface (  303): Surface_lockCanvas
I/Surface (  303): Surface_lockCanvas
I/Surface (  303): Surface_lockCanvas
I/Surface (  303): Surface_lockCanvas
I/Surface (  303): Surface_lockCanvas
I/Surface (  303): Surface_lockCanvas
I/Surface (  303): Surface_lockCanvas
I/Surface (  303): Surface_lockCanvas
I/Surface (  303): Surface_lockCanvas
I/Surface (  303): Surface_lockCanvas
I/Surface (  303): Surface_lockCanvas
I/Surface (  303): Surface_lockCanvas
I/Surface (  303): Surface_lockCanvas
I/PackageManager(  303): Running dexopt on: XXX.XXXXX.XXXXXXXXXXXX.XX
I/Surface (  303): Surface_lockCanvas
I/Surface (  303): Surface_lockCanvas
I/Surface (  303): Surface_lockCanvas
I/Surface (  303): Surface_lockCanvas
I/Surface (  303): Surface_lockCanvas
I/Surface (  303): Surface_lockCanvas
I/Surface (  303): Surface_lockCanvas
I/Surface (  303): Surface_lockCanvas
I/Surface (  303): Surface_lockCanvas
I/Surface (  303): Surface_lockCanvas
I/Surface (  303): Surface_lockCanvas
I/Surface (  303): Surface_lockCanvas
I/Surface (  303): Surface_lockCanvas
I/Surface (  303): Surface_lockCanvas
I/Surface (  303): Surface_lockCanvas
I/Surface (  303): Surface_lockCanvas
I/Surface (  303): Surface_lockCanvas
I/Surface (  303): Surface_lockCanvas
I/Surface (  303): Surface_lockCanvas
I/Surface (  303): Surface_lockCanvas
I/Surface (  303): Surface_lockCanvas
D/dalvikvm(  475): DexOpt: load 62ms, verify+opt 496ms
I/Surface (  303): Surface_lockCanvas
I/Surface (  303): Surface_lockCanvas
I/Surface (  303): Surface_lockCanvas
I/Surface (  303): Surface_lockCanvas
I/PackageManager(  303): Running dexopt on: XXX.XXXXX.XXX
I/Surface (  303): Surface_lockCanvas
I/Surface (  303): Surface_lockCanvas
I/Surface (  303): Surface_lockCanvas
I/Surface (  303): Surface_lockCanvas
D/dalvikvm(  478): DexOpt: load 18ms, verify+opt 45ms
I/Surface (  303): Surface_lockCanvas
I/PackageManager(  303): Running dexopt on: XXX.XXXXX.XXXXXXX.XXX
I/Surface (  303): Surface_lockCanvas
I/Surface (  303): Surface_lockCanvas
I/Surface (  303): Surface_lockCanvas
I/Surface (  303): Surface_lockCanvas
I/Surface (  303): Surface_lockCanvas
D/dalvikvm(  479): DexOpt: 'Lyi/phone/IPhoneUtil;' has an earlier definition; blocking out
D/dalvikvm(  479): DexOpt: 'Lyi/phone/QualcommZXPhoneUtil;' has an earlier definition; blocking out
D/dalvikvm(  479): DexOpt: 'Lyi/phone/DefaultPhoneUtil;' has an earlier definition; blocking out
D/dalvikvm(  479): DexOpt: 'Lyi/phone/IPhoneUtil$Creator;' has an earlier definition; blocking out
D/dalvikvm(  479): DexOpt: 'Lyi/phone/MTKTCLPhoneUtil;' has an earlier definition; blocking out
D/dalvikvm(  479): DexOpt: 'Lyi/phone/MTKPhoneUtil;' has an earlier definition; blocking out
D/dalvikvm(  479): DexOpt: 'Lyi/phone/MTKZXPhoneUtil;' has an earlier definition; blocking out
D/dalvikvm(  479): DexOpt: 'Lyi/phone/QualcommPhoneUtil;' has an earlier definition; blocking out
I/Surface (  303): Surface_lockCanvas
I/Surface (  303): Surface_lockCanvas
I/Surface (  303): Surface_lockCanvas
I/Surface (  303): Surface_lockCanvas
I/Surface (  303): Surface_lockCanvas
W/dalvikvm(  479): DexOpt: resolve class illegal access: Lcom/baidu/android/pushservice/PushConstants; -> Lcom/baidu/android/silentupdate/a;
I/Surface (  303): Surface_lockCanvas
I/Surface (  303): Surface_lockCanvas
I/dalvikvm(  479): DexOpt: not resolving ambiguous class 'Lyi/phone/IPhoneUtil$Creator;'
I/Surface (  303): Surface_lockCanvas
D/dalvikvm(  479): DexOpt: not verifying/optimizing 'Lyi/phone/IPhoneUtil;': multiple definitions
D/dalvikvm(  479): DexOpt: not verifying/optimizing 'Lyi/phone/QualcommZXPhoneUtil;': multiple definitions
D/dalvikvm(  479): DexOpt: not verifying/optimizing 'Lyi/phone/DefaultPhoneUtil;': multiple definitions
D/dalvikvm(  479): DexOpt: not verifying/optimizing 'Lyi/phone/IPhoneUtil$Creator;': multiple definitions
D/dalvikvm(  479): DexOpt: not verifying/optimizing 'Lyi/phone/MTKTCLPhoneUtil;': multiple definitions
D/dalvikvm(  479): DexOpt: not verifying/optimizing 'Lyi/phone/MTKPhoneUtil;': multiple definitions
D/dalvikvm(  479): DexOpt: not verifying/optimizing 'Lyi/phone/MTKZXPhoneUtil;': multiple definitions
D/dalvikvm(  479): DexOpt: not verifying/optimizing 'Lyi/phone/QualcommPhoneUtil;': multiple definitions
D/dalvikvm(  479): DexOpt: load 27ms, verify+opt 288ms
I/Surface (  303): Surface_lockCanvas
I/Surface (  303): Surface_lockCanvas
I/Surface (  303): Surface_lockCanvas
I/PackageManager(  303): Running dexopt on: XXX.XXXXX.XX.XXXXXXXXXXXX
I/Surface (  303): Surface_lockCanvas
I/Surface (  303): Surface_lockCanvas
I/Surface (  303): Surface_lockCanvas
I/Surface (  303): Surface_lockCanvas
I/Surface (  303): Surface_lockCanvas
I/Surface (  303): Surface_lockCanvas
I/Surface (  303): Surface_lockCanvas
I/Surface (  303): Surface_lockCanvas
I/Surface (  303): Surface_lockCanvas
I/Surface (  303): Surface_lockCanvas
I/Surface (  303): Surface_lockCanvas
I/Surface (  303): Surface_lockCanvas
I/Surface (  303): Surface_lockCanvas
I/Surface (  303): Surface_lockCanvas
I/Surface (  303): Surface_lockCanvas
I/Surface (  303): Surface_lockCanvas
I/Surface (  303): Surface_lockCanvas
D/dalvikvm(  480): DexOpt: load 44ms, verify+opt 401ms
I/Surface (  303): Surface_lockCanvas
I/Surface (  303): Surface_lockCanvas
I/Surface (  303): Surface_lockCanvas
I/PackageManager(  303): Running dexopt on: XXX.XXXXX.XXXXXXXXXXX
I/Surface (  303): Surface_lockCanvas
I/Surface (  303): Surface_lockCanvas
I/Surface (  303): Surface_lockCanvas
I/Surface (  303): Surface_lockCanvas
I/Surface (  303): Surface_lockCanvas
I/Surface (  303): Surface_lockCanvas
I/Surface (  303): Surface_lockCanvas
I/Surface (  303): Surface_lockCanvas
I/Surface (  303): Surface_lockCanvas
I/Surface (  303): Surface_lockCanvas
I/Surface (  303): Surface_lockCanvas
I/Surface (  303): Surface_lockCanvas
I/Surface (  303): Surface_lockCanvas
I/Surface (  303): Surface_lockCanvas
I/Surface (  303): Surface_lockCanvas
I/Surface (  303): Surface_lockCanvas
I/Surface (  303): Surface_lockCanvas
D/dalvikvm(  481): DexOpt: load 77ms, verify+opt 319ms
I/Surface (  303): Surface_lockCanvas
I/PackageManager(  303): Running dexopt on: XXX.XXXXX.XXXXXXXXXXX
I/Surface (  303): Surface_lockCanvas
I/Surface (  303): Surface_lockCanvas
I/Surface (  303): Surface_lockCanvas
I/Surface (  303): Surface_lockCanvas
I/Surface (  303): Surface_lockCanvas
I/Surface (  303): Surface_lockCanvas
I/Surface (  303): Surface_lockCanvas
I/Surface (  303): Surface_lockCanvas
I/Surface (  303): Surface_lockCanvas
I/Surface (  303): Surface_lockCanvas
I/Surface (  303): Surface_lockCanvas
I/Surface (  303): Surface_lockCanvas
I/Surface (  303): Surface_lockCanvas
I/Surface (  303): Surface_lockCanvas
I/Surface (  303): Surface_lockCanvas
I/Surface (  303): Surface_lockCanvas
I/Surface (  303): Surface_lockCanvas
I/Surface (  303): Surface_lockCanvas
I/Surface (  303): Surface_lockCanvas
I/Surface (  303): Surface_lockCanvas
I/Surface (  303): Surface_lockCanvas
I/Surface (  303): Surface_lockCanvas
I/Surface (  303): Surface_lockCanvas
I/Surface (  303): Surface_lockCanvas
I/Surface (  303): Surface_lockCanvas
I/Surface (  303): Surface_lockCanvas
I/Surface (  303): Surface_lockCanvas
I/Surface (  303): Surface_lockCanvas
I/Surface (  303): Surface_lockCanvas
I/Surface (  303): Surface_lockCanvas
I/Surface (  303): Surface_lockCanvas
I/Surface (  303): Surface_lockCanvas
I/Surface (  303): Surface_lockCanvas
I/Surface (  303): Surface_lockCanvas
I/Surface (  303): Surface_lockCanvas
I/Surface (  303): Surface_lockCanvas
D/dalvikvm(  482): DexOpt: load 129ms, verify+opt 787ms
I/Surface (  303): Surface_lockCanvas
I/Surface (  303): Surface_lockCanvas
I/Surface (  303): Surface_lockCanvas
I/Surface (  303): Surface_lockCanvas
I/Surface (  303): Surface_lockCanvas
I/Surface (  303): Surface_lockCanvas
I/Surface (  303): Surface_lockCanvas
I/Surface (  303): Surface_lockCanvas
I/Surface (  303): Surface_lockCanvas
I/Surface (  303): Surface_lockCanvas
I/Surface (  303): Surface_lockCanvas
I/Surface (  303): Surface_lockCanvas
I/Surface (  303): Surface_lockCanvas
I/Surface (  303): Surface_lockCanvas
I/Surface (  303): Surface_lockCanvas
I/PackageManager(  303): Running dexopt on: XXX.XXXXXXX.XXXXX
I/Surface (  303): Surface_lockCanvas
I/Surface (  303): Surface_lockCanvas
I/Surface (  303): Surface_lockCanvas
D/dalvikvm(  483): DexOpt: load 7ms, verify+opt 19ms
I/PackageManager(  303): Running dexopt on: XXX.XXXXXXX.XXX
I/Surface (  303): Surface_lockCanvas
I/Surface (  303): Surface_lockCanvas
I/Surface (  303): Surface_lockCanvas
I/Surface (  303): Surface_lockCanvas
I/Surface (  303): Surface_lockCanvas
I/Surface (  303): Surface_lockCanvas
D/dalvikvm(  484): DexOpt: load 8ms, verify+opt 82ms
I/PackageManager(  303): Running dexopt on: XXX.XXX.XXXXXXX.XXX.XXXXXXXXXXXXX
I/Surface (  303): Surface_lockCanvas
I/Surface (  303): Surface_lockCanvas
I/Surface (  303): Surface_lockCanvas
I/Surface (  303): Surface_lockCanvas
D/dalvikvm(  485): DexOpt: load 9ms, verify+opt 45ms
I/Surface (  303): Surface_lockCanvas
I/PackageManager(  303): Running dexopt on: XXX.XXXXXXX.XXXXXXX
I/Surface (  303): Surface_lockCanvas
I/Surface (  303): Surface_lockCanvas
I/Surface (  303): Surface_lockCanvas
I/Surface (  303): Surface_lockCanvas
I/Surface (  303): Surface_lockCanvas
I/Surface (  303): Surface_lockCanvas
I/Surface (  303): Surface_lockCanvas
I/Surface (  303): Surface_lockCanvas
I/Surface (  303): Surface_lockCanvas
I/Surface (  303): Surface_lockCanvas
I/Surface (  303): Surface_lockCanvas
I/Surface (  303): Surface_lockCanvas
I/Surface (  303): Surface_lockCanvas
I/Surface (  303): Surface_lockCanvas
I/Surface (  303): Surface_lockCanvas
I/Surface (  303): Surface_lockCanvas
I/Surface (  303): Surface_lockCanvas
I/Surface (  303): Surface_lockCanvas
I/Surface (  303): Surface_lockCanvas
I/Surface (  303): Surface_lockCanvas
I/Surface (  303): Surface_lockCanvas
I/Surface (  303): Surface_lockCanvas
I/Surface (  303): Surface_lockCanvas
I/Surface (  303): Surface_lockCanvas
I/Surface (  303): Surface_lockCanvas
I/Surface (  303): Surface_lockCanvas
I/Surface (  303): Surface_lockCanvas
I/Surface (  303): Surface_lockCanvas
I/Surface (  303): Surface_lockCanvas
I/Surface (  303): Surface_lockCanvas
I/Surface (  303): Surface_lockCanvas
I/Surface (  303): Surface_lockCanvas
I/Surface (  303): Surface_lockCanvas
I/Surface (  303): Surface_lockCanvas
I/Surface (  303): Surface_lockCanvas
I/Surface (  303): Surface_lockCanvas
I/Surface (  303): Surface_lockCanvas
I/Surface (  303): Surface_lockCanvas
I/Surface (  303): Surface_lockCanvas
D/dalvikvm(  486): DexOpt: load 207ms, verify+opt 770ms
I/Surface (  303): Surface_lockCanvas
I/Surface (  303): Surface_lockCanvas
I/Surface (  303): Surface_lockCanvas
I/Surface (  303): Surface_lockCanvas
I/Surface (  303): Surface_lockCanvas
I/Surface (  303): Surface_lockCanvas
I/Surface (  303): Surface_lockCanvas
I/Surface (  303): Surface_lockCanvas
I/Surface (  303): Surface_lockCanvas
I/Surface (  303): Surface_lockCanvas
I/Surface (  303): Surface_lockCanvas
I/Surface (  303): Surface_lockCanvas
I/Surface (  303): Surface_lockCanvas
I/Surface (  303): Surface_lockCanvas
I/PackageManager(  303): Running dexopt on: XXX.XXXXXX.XXXX
I/Surface (  303): Surface_lockCanvas
I/Surface (  303): Surface_lockCanvas
I/Surface (  303): Surface_lockCanvas
I/Surface (  303): Surface_lockCanvas
I/Surface (  303): Surface_lockCanvas
I/Surface (  303): Surface_lockCanvas
I/Surface (  303): Surface_lockCanvas
I/Surface (  303): Surface_lockCanvas
I/Surface (  303): Surface_lockCanvas
I/Surface (  303): Surface_lockCanvas
I/Surface (  303): Surface_lockCanvas
I/Surface (  303): Surface_lockCanvas
I/Surface (  303): Surface_lockCanvas
I/Surface (  303): Surface_lockCanvas
I/Surface (  303): Surface_lockCanvas
I/Surface (  303): Surface_lockCanvas
I/Surface (  303): Surface_lockCanvas
I/Surface (  303): Surface_lockCanvas
I/Surface (  303): Surface_lockCanvas
I/Surface (  303): Surface_lockCanvas
I/Surface (  303): Surface_lockCanvas
I/Surface (  303): Surface_lockCanvas
I/Surface (  303): Surface_lockCanvas
I/Surface (  303): Surface_lockCanvas
I/Surface (  303): Surface_lockCanvas
D/dalvikvm(  489): DexOpt: load 88ms, verify+opt 539ms
I/Surface (  303): Surface_lockCanvas
I/Surface (  303): Surface_lockCanvas
I/Surface (  303): Surface_lockCanvas
I/Surface (  303): Surface_lockCanvas
I/PackageManager(  303): Running dexopt on: XXX.XXXXXXX.XXXXXXXXXX2
I/Surface (  303): Surface_lockCanvas
I/Surface (  303): Surface_lockCanvas
I/Surface (  303): Surface_lockCanvas
I/Surface (  303): Surface_lockCanvas
I/Surface (  303): Surface_lockCanvas
I/Surface (  303): Surface_lockCanvas
I/Surface (  303): Surface_lockCanvas
I/Surface (  303): Surface_lockCanvas
I/Surface (  303): Surface_lockCanvas
I/Surface (  303): Surface_lockCanvas
I/Surface (  303): Surface_lockCanvas
I/Surface (  303): Surface_lockCanvas
I/Surface (  303): Surface_lockCanvas
I/Surface (  303): Surface_lockCanvas
I/Surface (  303): Surface_lockCanvas
I/Surface (  303): Surface_lockCanvas
I/Surface (  303): Surface_lockCanvas
I/Surface (  303): Surface_lockCanvas
I/Surface (  303): Surface_lockCanvas
I/Surface (  303): Surface_lockCanvas
I/Surface (  303): Surface_lockCanvas
I/Surface (  303): Surface_lockCanvas
D/dalvikvm(  490): DexOpt: load 71ms, verify+opt 450ms
I/Surface (  303): Surface_lockCanvas
I/Surface (  303): Surface_lockCanvas
I/Surface (  303): Surface_lockCanvas
I/Surface (  303): Surface_lockCanvas
I/PackageManager(  303): Running dexopt on: XXX.XXXXXXX.XXXXXXXX
I/Surface (  303): Surface_lockCanvas
I/Surface (  303): Surface_lockCanvas
I/Surface (  303): Surface_lockCanvas
I/Surface (  303): Surface_lockCanvas
I/Surface (  303): Surface_lockCanvas
I/Surface (  303): Surface_lockCanvas
I/Surface (  303): Surface_lockCanvas
I/Surface (  303): Surface_lockCanvas
D/dalvikvm(  491): DexOpt: 'Lcom/android/i18n/phonenumbers/RegexCache;' has an earlier definition; blocking out
D/dalvikvm(  491): DexOpt: 'Lcom/android/i18n/phonenumbers/Phonenumber$PhoneNumber$CountryCodeSource;' has an earlier definition; blocking out
D/dalvikvm(  491): DexOpt: 'Lcom/android/i18n/phonenumbers/PhoneNumberUtil$Leniency;' has an earlier definition; blocking out
D/dalvikvm(  491): DexOpt: 'Lcom/android/i18n/phonenumbers/Phonemetadata$PhoneMetadata;' has an earlier definition; blocking out
D/dalvikvm(  491): DexOpt: 'Lcom/android/i18n/phonenumbers/PhoneNumberMatcher;' has an earlier definition; blocking out
D/dalvikvm(  491): DexOpt: 'Lcom/android/i18n/phonenumbers/NumberParseException$ErrorType;' has an earlier definition; blocking out
D/dalvikvm(  491): DexOpt: 'Lcom/android/i18n/phonenumbers/PhoneNumberUtil$PhoneNumberType;' has an earlier definition; blocking out
D/dalvikvm(  491): DexOpt: 'Lcom/android/i18n/phonenumbers/Phonemetadata;' has an earlier definition; blocking out
D/dalvikvm(  491): DexOpt: 'Lcom/android/i18n/phonenumbers/PhoneNumberUtil$Leniency$3;' has an earlier definition; blocking out
D/dalvikvm(  491): DexOpt: 'Lcom/android/i18n/phonenumbers/RegexCache$LRUCache$1;' has an earlier definition; blocking out
D/dalvikvm(  491): DexOpt: 'Lcom/android/i18n/phonenumbers/CountryCodeToRegionCodeMap;' has an earlier definition; blocking out
D/dalvikvm(  491): DexOpt: 'Lcom/android/i18n/phonenumbers/NumberParseException;' has an earlier definition; blocking out
D/dalvikvm(  491): DexOpt: 'Lcom/android/i18n/phonenumbers/PhoneNumberUtil$Leniency$4;' has an earlier definition; blocking out
D/dalvikvm(  491): DexOpt: 'Lcom/android/i18n/phonenumbers/Phonemetadata$NumberFormat;' has an earlier definition; blocking out
D/dalvikvm(  491): DexOpt: 'Lcom/android/i18n/phonenumbers/PhoneNumberUtil$ValidationResult;' has an earlier definition; blocking out
D/dalvikvm(  491): DexOpt: 'Lcom/android/i18n/phonenumbers/PhoneNumberUtil$Leniency$2;' has an earlier definition; blocking out
D/dalvikvm(  491): DexOpt: 'Lcom/android/i18n/phonenumbers/PhoneNumberUtil;' has an earlier definition; blocking out
D/dalvikvm(  491): DexOpt: 'Lcom/android/i18n/phonenumbers/PhoneNumberUtil$Leniency$1;' has an earlier definition; blocking out
D/dalvikvm(  491): DexOpt: 'Lcom/android/i18n/phonenumbers/PhoneNumberUtil$PhoneNumberFormat;' has an earlier definition; blocking out
D/dalvikvm(  491): DexOpt: 'Lcom/android/i18n/phonenumbers/PhoneNumberUtil$1;' has an earlier definition; blocking out
D/dalvikvm(  491): DexOpt: 'Lcom/android/i18n/phonenumbers/PhoneNumberUtil$2;' has an earlier definition; blocking out
D/dalvikvm(  491): DexOpt: 'Lcom/android/i18n/phonenumbers/RegexCache$LRUCache;' has an earlier definition; blocking out
D/dalvikvm(  491): DexOpt: 'Lcom/android/i18n/phonenumbers/PhoneNumberMatch;' has an earlier definition; blocking out
D/dalvikvm(  491): DexOpt: 'Lcom/android/i18n/phonenumbers/Phonemetadata$PhoneNumberDesc;' has an earlier definition; blocking out
D/dalvikvm(  491): DexOpt: 'Lcom/android/i18n/phonenumbers/PhoneNumberUtil$MatchType;' has an earlier definition; blocking out
D/dalvikvm(  491): DexOpt: 'Lcom/android/i18n/phonenumbers/Phonemetadata$PhoneMetadataCollection;' has an earlier definition; blocking out
D/dalvikvm(  491): DexOpt: 'Lcom/android/i18n/phonenumbers/Phonenumber;' has an earlier definition; blocking out
D/dalvikvm(  491): DexOpt: 'Lcom/android/i18n/phonenumbers/PhoneNumberMatcher$State;' has an earlier definition; blocking out
D/dalvikvm(  491): DexOpt: 'Lcom/android/i18n/phonenumbers/Phonenumber$PhoneNumber;' has an earlier definition; blocking out
I/Surface (  303): Surface_lockCanvas
D/dalvikvm(  491): DexOpt: 'Lorg/apache/commons/codec/BinaryEncoder;' has an earlier definition; blocking out
D/dalvikvm(  491): DexOpt: 'Lorg/apache/commons/codec/BinaryDecoder;' has an earlier definition; blocking out
D/dalvikvm(  491): DexOpt: 'Lorg/apache/commons/codec/EncoderException;' has an earlier definition; blocking out
D/dalvikvm(  491): DexOpt: 'Lorg/apache/commons/codec/DecoderException;' has an earlier definition; blocking out
D/dalvikvm(  491): DexOpt: 'Lorg/apache/commons/codec/net/QuotedPrintableCodec;' has an earlier definition; blocking out
D/dalvikvm(  491): DexOpt: 'Lorg/apache/commons/codec/binary/Base64;' has an earlier definition; blocking out
D/dalvikvm(  491): DexOpt: 'Lorg/apache/commons/logging/LogFactory;' has an earlier definition; blocking out
I/Surface (  303): Surface_lockCanvas
I/Surface (  303): Surface_lockCanvas
I/Surface (  303): Surface_lockCanvas
I/Surface (  303): Surface_lockCanvas
I/Surface (  303): Surface_lockCanvas
I/dalvikvm(  491): DexOpt: not resolving ambiguous class 'Lcom/android/i18n/phonenumbers/PhoneNumberUtil;'
I/Surface (  303): Surface_lockCanvas
I/Surface (  303): Surface_lockCanvas
I/Surface (  303): Surface_lockCanvas
I/Surface (  303): Surface_lockCanvas
I/Surface (  303): Surface_lockCanvas
I/Surface (  303): Surface_lockCanvas
D/dalvikvm(  491): DexOpt: not verifying/optimizing 'Lcom/android/i18n/phonenumbers/RegexCache;': multiple definitions
D/dalvikvm(  491): DexOpt: not verifying/optimizing 'Lcom/android/i18n/phonenumbers/Phonenumber$PhoneNumber$CountryCodeSource;': multiple definitions
D/dalvikvm(  491): DexOpt: not verifying/optimizing 'Lcom/android/i18n/phonenumbers/PhoneNumberUtil$Leniency;': multiple definitions
D/dalvikvm(  491): DexOpt: not verifying/optimizing 'Lcom/android/i18n/phonenumbers/Phonemetadata$PhoneMetadata;': multiple definitions
D/dalvikvm(  491): DexOpt: not verifying/optimizing 'Lcom/android/i18n/phonenumbers/PhoneNumberMatcher;': multiple definitions
D/dalvikvm(  491): DexOpt: not verifying/optimizing 'Lcom/android/i18n/phonenumbers/NumberParseException$ErrorType;': multiple definitions
D/dalvikvm(  491): DexOpt: not verifying/optimizing 'Lcom/android/i18n/phonenumbers/PhoneNumberUtil$PhoneNumberType;': multiple definitions
D/dalvikvm(  491): DexOpt: not verifying/optimizing 'Lcom/android/i18n/phonenumbers/Phonemetadata;': multiple definitions
D/dalvikvm(  491): DexOpt: not verifying/optimizing 'Lcom/android/i18n/phonenumbers/PhoneNumberUtil$Leniency$3;': multiple definitions
D/dalvikvm(  491): DexOpt: not verifying/optimizing 'Lcom/android/i18n/phonenumbers/RegexCache$LRUCache$1;': multiple definitions
D/dalvikvm(  491): DexOpt: not verifying/optimizing 'Lcom/android/i18n/phonenumbers/CountryCodeToRegionCodeMap;': multiple definitions
D/dalvikvm(  491): DexOpt: not verifying/optimizing 'Lcom/android/i18n/phonenumbers/NumberParseException;': multiple definitions
D/dalvikvm(  491): DexOpt: not verifying/optimizing 'Lcom/android/i18n/phonenumbers/PhoneNumberUtil$Leniency$4;': multiple definitions
D/dalvikvm(  491): DexOpt: not verifying/optimizing 'Lcom/android/i18n/phonenumbers/Phonemetadata$NumberFormat;': multiple definitions
D/dalvikvm(  491): DexOpt: not verifying/optimizing 'Lcom/android/i18n/phonenumbers/PhoneNumberUtil$ValidationResult;': multiple definitions
D/dalvikvm(  491): DexOpt: not verifying/optimizing 'Lcom/android/i18n/phonenumbers/PhoneNumberUtil$Leniency$2;': multiple definitions
D/dalvikvm(  491): DexOpt: not verifying/optimizing 'Lcom/android/i18n/phonenumbers/PhoneNumberUtil;': multiple definitions
D/dalvikvm(  491): DexOpt: not verifying/optimizing 'Lcom/android/i18n/phonenumbers/PhoneNumberUtil$Leniency$1;': multiple definitions
D/dalvikvm(  491): DexOpt: not verifying/optimizing 'Lcom/android/i18n/phonenumbers/PhoneNumberUtil$PhoneNumberFormat;': multiple definitions
D/dalvikvm(  491): DexOpt: not verifying/optimizing 'Lcom/android/i18n/phonenumbers/PhoneNumberUtil$1;': multiple definitions
D/dalvikvm(  491): DexOpt: not verifying/optimizing 'Lcom/android/i18n/phonenumbers/PhoneNumberUtil$2;': multiple definitions
D/dalvikvm(  491): DexOpt: not verifying/optimizing 'Lcom/android/i18n/phonenumbers/RegexCache$LRUCache;': multiple definitions
D/dalvikvm(  491): DexOpt: not verifying/optimizing 'Lcom/android/i18n/phonenumbers/PhoneNumberMatch;': multiple definitions
D/dalvikvm(  491): DexOpt: not verifying/optimizing 'Lcom/android/i18n/phonenumbers/Phonemetadata$PhoneNumberDesc;': multiple definitions
D/dalvikvm(  491): DexOpt: not verifying/optimizing 'Lcom/android/i18n/phonenumbers/PhoneNumberUtil$MatchType;': multiple definitions
D/dalvikvm(  491): DexOpt: not verifying/optimizing 'Lcom/android/i18n/phonenumbers/Phonemetadata$PhoneMetadataCollection;': multiple definitions
D/dalvikvm(  491): DexOpt: not verifying/optimizing 'Lcom/android/i18n/phonenumbers/Phonenumber;': multiple definitions
D/dalvikvm(  491): DexOpt: not verifying/optimizing 'Lcom/android/i18n/phonenumbers/PhoneNumberMatcher$State;': multiple definitions
D/dalvikvm(  491): DexOpt: not verifying/optimizing 'Lcom/android/i18n/phonenumbers/Phonenumber$PhoneNumber;': multiple definitions
I/Surface (  303): Surface_lockCanvas
I/Surface (  303): Surface_lockCanvas
D/dalvikvm(  491): DexOpt: not verifying/optimizing 'Lorg/apache/commons/codec/BinaryEncoder;': multiple definitions
D/dalvikvm(  491): DexOpt: not verifying/optimizing 'Lorg/apache/commons/codec/BinaryDecoder;': multiple definitions
D/dalvikvm(  491): DexOpt: not verifying/optimizing 'Lorg/apache/commons/codec/EncoderException;': multiple definitions
D/dalvikvm(  491): DexOpt: not verifying/optimizing 'Lorg/apache/commons/codec/DecoderException;': multiple definitions
I/dalvikvm(  491): DexOpt: not resolving ambiguous class 'Lorg/apache/commons/codec/DecoderException;'
D/dalvikvm(  491): DexOpt: not verifying/optimizing 'Lorg/apache/commons/codec/net/QuotedPrintableCodec;': multiple definitions
D/dalvikvm(  491): DexOpt: not verifying/optimizing 'Lorg/apache/commons/codec/binary/Base64;': multiple definitions
D/dalvikvm(  491): DexOpt: not verifying/optimizing 'Lorg/apache/commons/logging/LogFactory;': multiple definitions
I/dalvikvm(  491): DexOpt: not resolving ambiguous class 'Lorg/apache/commons/logging/LogFactory;'
I/dalvikvm(  491): DexOpt: not resolving ambiguous class 'Lorg/apache/commons/logging/LogFactory;'
I/dalvikvm(  491): DexOpt: not resolving ambiguous class 'Lorg/apache/commons/logging/LogFactory;'
I/dalvikvm(  491): DexOpt: not resolving ambiguous class 'Lorg/apache/commons/logging/LogFactory;'
I/dalvikvm(  491): DexOpt: not resolving ambiguous class 'Lorg/apache/commons/codec/net/QuotedPrintableCodec;'
I/dalvikvm(  491): DexOpt: not resolving ambiguous class 'Lorg/apache/commons/logging/LogFactory;'
I/dalvikvm(  491): DexOpt: not resolving ambiguous class 'Lorg/apache/commons/logging/LogFactory;'
I/dalvikvm(  491): DexOpt: not resolving ambiguous class 'Lorg/apache/commons/codec/net/QuotedPrintableCodec;'
I/dalvikvm(  491): DexOpt: not resolving ambiguous class 'Lorg/apache/commons/logging/LogFactory;'
I/Surface (  303): Surface_lockCanvas
I/dalvikvm(  491): DexOpt: not resolving ambiguous class 'Lorg/apache/commons/logging/LogFactory;'
I/dalvikvm(  491): DexOpt: not resolving ambiguous class 'Lorg/apache/commons/logging/LogFactory;'
I/dalvikvm(  491): DexOpt: not resolving ambiguous class 'Lorg/apache/commons/logging/LogFactory;'
I/dalvikvm(  491): DexOpt: not resolving ambiguous class 'Lorg/apache/commons/codec/BinaryEncoder;'
I/Surface (  303): Surface_lockCanvas
I/dalvikvm(  491): DexOpt: not resolving ambiguous class 'Lorg/apache/commons/logging/LogFactory;'
I/Surface (  303): Surface_lockCanvas
D/dalvikvm(  491): DexOpt: load 110ms, verify+opt 536ms
I/Surface (  303): Surface_lockCanvas
I/Surface (  303): Surface_lockCanvas
I/Surface (  303): Surface_lockCanvas
I/Surface (  303): Surface_lockCanvas
I/Surface (  303): Surface_lockCanvas
I/Surface (  303): Surface_lockCanvas
I/Surface (  303): Surface_lockCanvas
I/Surface (  303): Surface_lockCanvas
I/Surface (  303): Surface_lockCanvas
I/Surface (  303): Surface_lockCanvas
I/Surface (  303): Surface_lockCanvas
I/Surface (  303): Surface_lockCanvas
I/Surface (  303): Surface_lockCanvas
I/PackageManager(  303): Running dexopt on: XXX.XXXXXXX.XXXXXXXXX.XXXXXXXX
I/Surface (  303): Surface_lockCanvas
I/Surface (  303): Surface_lockCanvas
I/Surface (  303): Surface_lockCanvas
I/Surface (  303): Surface_lockCanvas
I/Surface (  303): Surface_lockCanvas
I/Surface (  303): Surface_lockCanvas
I/Surface (  303): Surface_lockCanvas
I/Surface (  303): Surface_lockCanvas
D/dalvikvm(  492): DexOpt: 'Lcom/android/i18n/phonenumbers/Phonemetadata$PhoneMetadata;' has an earlier definition; blocking out
D/dalvikvm(  492): DexOpt: 'Lcom/android/i18n/phonenumbers/NumberParseException;' has an earlier definition; blocking out
D/dalvikvm(  492): DexOpt: 'Lcom/android/i18n/phonenumbers/RegexCache;' has an earlier definition; blocking out
D/dalvikvm(  492): DexOpt: 'Lcom/android/i18n/phonenumbers/PhoneNumberUtil$2;' has an earlier definition; blocking out
D/dalvikvm(  492): DexOpt: 'Lcom/android/i18n/phonenumbers/NumberParseException$ErrorType;' has an earlier definition; blocking out
D/dalvikvm(  492): DexOpt: 'Lcom/android/i18n/phonenumbers/PhoneNumberUtil;' has an earlier definition; blocking out
D/dalvikvm(  492): DexOpt: 'Lcom/android/i18n/phonenumbers/PhoneNumberUtil$1;' has an earlier definition; blocking out
D/dalvikvm(  492): DexOpt: 'Lcom/android/i18n/phonenumbers/RegexCache$LRUCache$1;' has an earlier definition; blocking out
D/dalvikvm(  492): DexOpt: 'Lcom/android/i18n/phonenumbers/Phonemetadata$PhoneMetadata$Builder;' has an earlier definition; blocking out
D/dalvikvm(  492): DexOpt: 'Lcom/android/i18n/phonenumbers/PhoneNumberUtil$MatchType;' has an earlier definition; blocking out
D/dalvikvm(  492): DexOpt: 'Lcom/android/i18n/phonenumbers/PhoneNumberMatcher$State;' has an earlier definition; blocking out
D/dalvikvm(  492): DexOpt: 'Lcom/android/i18n/phonenumbers/Phonemetadata$PhoneMetadataCollection;' has an earlier definition; blocking out
D/dalvikvm(  492): DexOpt: 'Lcom/android/i18n/phonenumbers/Phonemetadata$PhoneMetadataCollection$Builder;' has an earlier definition; blocking out
D/dalvikvm(  492): DexOpt: 'Lcom/android/i18n/phonenumbers/PhoneNumberUtil$PhoneNumberFormat;' has an earlier definition; blocking out
D/dalvikvm(  492): DexOpt: 'Lcom/android/i18n/phonenumbers/Phonemetadata$NumberFormat;' has an earlier definition; blocking out
D/dalvikvm(  492): DexOpt: 'Lcom/android/i18n/phonenumbers/PhoneNumberUtil$Leniency;' has an earlier definition; blocking out
D/dalvikvm(  492): DexOpt: 'Lcom/android/i18n/phonenumbers/CountryCodeToRegionCodeMap;' has an earlier definition; blocking out
D/dalvikvm(  492): DexOpt: 'Lcom/android/i18n/phonenumbers/PhoneNumberUtil$Leniency$2;' has an earlier definition; blocking out
D/dalvikvm(  492): DexOpt: 'Lcom/android/i18n/phonenumbers/RegexCache$LRUCache;' has an earlier definition; blocking out
D/dalvikvm(  492): DexOpt: 'Lcom/android/i18n/phonenumbers/Phonenumber$PhoneNumber$CountryCodeSource;' has an earlier definition; blocking out
D/dalvikvm(  492): DexOpt: 'Lcom/android/i18n/phonenumbers/PhoneNumberUtil$Leniency$3;' has an earlier definition; blocking out
D/dalvikvm(  492): DexOpt: 'Lcom/android/i18n/phonenumbers/PhoneNumberUtil$Leniency$4;' has an earlier definition; blocking out
D/dalvikvm(  492): DexOpt: 'Lcom/android/i18n/phonenumbers/Phonenumber;' has an earlier definition; blocking out
D/dalvikvm(  492): DexOpt: 'Lcom/android/i18n/phonenumbers/PhoneNumberUtil$ValidationResult;' has an earlier definition; blocking out
D/dalvikvm(  492): DexOpt: 'Lcom/android/i18n/phonenumbers/Phonemetadata$NumberFormat$Builder;' has an earlier definition; blocking out
D/dalvikvm(  492): DexOpt: 'Lcom/android/i18n/phonenumbers/Phonemetadata$PhoneNumberDesc;' has an earlier definition; blocking out
D/dalvikvm(  492): DexOpt: 'Lcom/android/i18n/phonenumbers/geocoding/AreaCodeMapStorageStrategy;' has an earlier definition; blocking out
D/dalvikvm(  492): DexOpt: 'Lcom/android/i18n/phonenumbers/geocoding/FlyweightMapStorage;' has an earlier definition; blocking out
D/dalvikvm(  492): DexOpt: 'Lcom/android/i18n/phonenumbers/geocoding/FlyweightMapStorage$1;' has an earlier definition; blocking out
D/dalvikvm(  492): DexOpt: 'Lcom/android/i18n/phonenumbers/geocoding/AreaCodeMap;' has an earlier definition; blocking out
D/dalvikvm(  492): DexOpt: 'Lcom/android/i18n/phonenumbers/geocoding/PhoneNumberOfflineGeocoder;' has an earlier definition; blocking out
D/dalvikvm(  492): DexOpt: 'Lcom/android/i18n/phonenumbers/geocoding/MappingFileProvider;' has an earlier definition; blocking out
D/dalvikvm(  492): DexOpt: 'Lcom/android/i18n/phonenumbers/geocoding/DefaultMapStorage;' has an earlier definition; blocking out
D/dalvikvm(  492): DexOpt: 'Lcom/android/i18n/phonenumbers/PhoneNumberUtil$Leniency$1;' has an earlier definition; blocking out
