I/ServiceManager(   77): service 'location_policy' died
I/ServiceManager(   77): service 'misc_policy' died
I/ServiceManager(   77): service 'application_policy' died
I/ServiceManager(   77): service 'eas_account_policy' died
I/ServiceManager(   77): service 'device_info' died
I/ServiceManager(   77): service 'hardware' died
I/ServiceManager(   77): service 'battery' died
I/ServiceManager(   77): service 'vibrator' died
I/ServiceManager(   77): service 'alarm' died
I/ServiceManager(   77): service 'audio' died
I/ServiceManager(   77): service 'samsung.facedetection_service' died
I/ServiceManager(   77): service 'enterprise_policy' died
I/ServiceManager(   77): service 'wifi_policy' died
I/ServiceManager(   77): service 'network_management' died
I/ServiceManager(   77): service 'backup' died
I/ServiceManager(   77): service 'textservices' died
I/ServiceManager(   77): service 'apppermission_control_policy' died
I/ServiceManager(   77): service 'edm_proxy' died
I/ServiceManager(   77): service 'kioskmode' died
I/ServiceManager(   77): service 'browser_policy' died
I/ServiceManager(   77): service 'bluetooth_policy' died
I/ServiceManager(   77): service 'email_policy' died
I/ServiceManager(   77): service 'remoteinjection' died
I/ServiceManager(   77): service 'date_time_policy' died
I/ServiceManager(   77): service 'phone_restriction_policy' died
I/ServiceManager(   77): service 'firewall_policy' died
I/ServiceManager(   77): service 'vpn_policy' died
I/ServiceManager(   77): service 'enterprise_vpn_policy' died
I/ServiceManager(   77): service 'clipboardEx' died
I/ServiceManager(   77): service 'clipboard' died
I/ServiceManager(   77): service 'statusbar' died
I/ServiceManager(   77): service 'apn_settings_policy' died
I/ServiceManager(   77): service 'netstats' died
I/ServiceManager(   77): service 'netpolicy' died
I/ServiceManager(   77): service 'wifip2p' died
I/ServiceManager(   77): service 'wifi' died
I/ServiceManager(   77): service 'wfd' died
I/ServiceManager(   77): service 'wallpaper' died
I/ServiceManager(   77): service 'dropbox' died
I/ServiceManager(   77): service 'mount' died
I/ServiceManager(   77): service 'notification' died
I/ServiceManager(   77): service 'devicestoragemonitor' died
I/ServiceManager(   77): service 'location' died
I/ServiceManager(   77): service 'country_detector' died
I/ServiceManager(   77): service 'search' died
I/ServiceManager(   77): service 'connectivity' died
I/ServiceManager(   77): service 'throttle' died
I/SurfaceFlinger(   93): id=2671 Removed StatusBas idx=1 Map Size=1
I/SurfaceFlinger(   93): id=2672 Removed ImageWallpapes idx=0 Map Size=0
D/dalvikvm(26112): GC_CONCURRENT freed 1035K, 32% free 5297K/7751K, paused 2ms+8ms
E/installd(   99): eof
E/installd(   99): failed to read size
I/installd(   99): closing connection
D/AndroidRuntime(26038): Shutting down VM
W/dalvikvm(26038): threadid=1: thread exiting with uncaught exception (group=0x40c73210)
I/Process (26038): Sending signal. PID: 26038 SIG: 9
I/SurfaceFlinger(   93): id=2671 Removed StatusBas idx=-2 Map Size=0
I/SurfaceFlinger(   93): id=2672 Removed ImageWallpapes idx=-2 Map Size=0
I/Zygote  (25917): Exit zygote because system server (25946) has terminated
I/ServiceManager(   77): service 'media.audio_flinger' died
I/ServiceManager(   77): service 'media.camera' died
I/ServiceManager(   77): service 'media.audio_policy' died
I/ServiceManager(   77): service 'media.player' died
I/Netd    (26252): Netd 1.0 starting
D/AndroidRuntime(26253): 
D/AndroidRuntime(26253): >>>>>> AndroidRuntime START com.android.internal.os.ZygoteInit <<<<<<
D/AndroidRuntime(26253): CheckJNI is OFF
D/AndroidRuntime(26253): setted country_code = china
D/AndroidRuntime(26253): setted countryiso_code = CN
D/AndroidRuntime(26253): setted sales_code = CHM
D/AndroidRuntime(26253): readGMSProperty: start
D/AndroidRuntime(26253): readGMSProperty: already setted!!
D/AndroidRuntime(26253): readGMSProperty: end
I/        (26251): ServiceManager: 0x44c488
V/AudioHardwareALSA(26251): libsecril-client.so is loaded
W/ALSAModule(26251): alsa release [ incall ] partial wake lock
W/ALSAModule(26251): alsa release [ playback ] partial wake lock
W/ALSAModule(26251): alsa release [ capture ] partial wake lock
W/ALSAModule(26251): [ clear ] sync2ril pipe start ...
W/ALSAModule(26251): [ clear ] sync2ril pipe done ...
W/ALSAModule(26251): OOOOO ^-^ OOOOO: cp_type=0 :OOOOO ^-^ OOOOO
W/ALSAModule(26251): mmi_audio_loop_thread waiting for new command
D/LVVE_Engine(26251): LVVE_Engine::setDebugMode(): debugMode=[1]
D/LVVE_Engine(26251): LVVE_Engine::setMode(): mode=[0]
I/AudioFlinger(26251): Loaded primary audio interface from LEGACY Audio HW HAL (audio)
I/AudioFlinger(26251): Using 'LEGACY Audio HW HAL' (audio.primary) as the primary audio interface
I/AudioFlinger(26251): Loaded a2dp audio interface from A2DP Audio HW HAL (audio)
D/AudioHardwareALSA(26251): setMode called to enable voice path mode=0 mMode=0
V/AudioHardwareALSA(26251): AudioHardwareALSA::setRxMute state : 0 force : 1 
V/AudioHardwareALSA(26251): ### incall mode SetRxMute0, returnVal 0
W/AudioHardwareALSA(26251): 7777777777777777 setMasterVolume called for devices 00000000 in mode 0...
V/MediaPlayerService(26251): MediaPlayerService created
I/CameraService(26251): CameraService started (pid=26251)
V/SprdCameraHardware(26251): int android::HAL_getNumberOfCameras()
V/SprdCameraHardware(26251): HAL_getNumberOfCameras,1.
V/AudioPolicyService(26251): AudioCommandThread() going to sleep
V/AudioFlinger(26251): registerClient() client 0x4c7ab0, pid 26251
V/AudioFlinger(26251): openOutput(), Device 2, SamplingRate 0, Format 0, Channels 0, flags 0
D/AudioHardwareALSA(26251): openOutputStream called for devices: 0x00000002
W/AudioHardwareALSA(26251): 3333333333333333 s_open openOutputStream called for devices 00000002 in mode 0...
W/ALSAModule(26251): s_open reentrant protecting try lock
W/ALSAModule(26251): s_open reentrant protecting got lock
W/ALSAModule(26251): luther don't need to wait for cp....
W/ALSAModule(26251): oooooooooooooooo s_open Enter incall=0
W/ALSAModule(26251): s_open got lock1
W/ALSAModule(26251): s_open try to get lock2 ... mLockMode=1
W/ALSAModule(26251): s_open try count is 0
W/ALSAModule(26251): s_open got lock2, yeah
W/ALSAModule(26251): alsa aquire [ playback ] partial wake lock
W/ALSAModule(26251): open called for devices 00000002 in mode 0...[incall=0]
W/ALSAModule(26251): =================================================================================
W/ALSAModule(26251): xxxxxxxxxxxxxxxxxxx Exit phone call & Force reset audio codec xxxxxxxxxxxxxxxxxxx
W/ALSAModule(26251): =================================================================================
V/AudioPolicyService(26251): AudioCommandThread() going to sleep
D/LibQmg_native(26253): register_android_app_LibQmg
I/SamplingProfilerIntegration(26253): Profiling disabled.
I/Zygote  (26253): !@beginofpreloadClasses()
I/Zygote  (26253): !@beginofpreloadResources()
D/dalvikvm(26253): GC_EXPLICIT freed 36K, 82% free 486K/2560K, paused 1ms+0ms
I/Zygote  (26253): Preloading classes...
D/dalvikvm(26253): GC_EXPLICIT freed 3K, 81% free 498K/2560K, paused 0ms+0ms
I/Zygote  (26253): Preloading resources...
I/Zygote  (26253): ...preloaded 0 resources in 0ms.
I/Zygote  (26253): ...preloaded 31 resources in 52ms.
I/Zygote  (26253): !@End of preloadResources()
D/dalvikvm(26253): GC_FOR_ALLOC freed 157K, 67% free 852K/2560K, paused 6ms
W/Zygote  (26253): Class not found for preloading: android.app.ContextImpl$32
W/Zygote  (26253): Class not found for preloading: android.app.ContextImpl$33
V/BluetoothAudioGateway.cpp(26253): classInitNative
V/BT HSHFP(26253): classInitNative
D/TextLayoutCache(26253): Using debug level: 0 - Debug Enabled: 0
W/Zygote  (26253): Class not found for preloading: android.media.AudioManager$2
I/dalvikvm(26253): threadid=5: recursive native library load attempt (/system/lib/libmedia_jni.so)
D/MtpDeviceJNI(26253): register_android_mtp_MtpDevice
I/dalvikvm(26253): threadid=5: recursive native library load attempt (/system/lib/libmedia_jni.so)
I/dalvikvm(26253): threadid=5: recursive native library load attempt (/system/lib/libmedia_jni.so)
W/Zygote  (26253): Class not found for preloading: android.media.IRemoteControlClientDispatcher
W/Zygote  (26253): Class not found for preloading: android.media.IRemoteControlClientDispatcher$Stub
W/ALSAModule(26251): alsa release [ incall ] partial wake lock
W/ALSAModule(26251): [ clear ] sync2ril pipe start ...
W/ALSAModule(26251): [ clear ] sync2ril pipe done ...
V/ALSAModule(26251): initially, setHardwareParams: buffer size: 882, latency: 200000
V/ALSAModule(26251): Set PLAYBACK PCM format to S16_LE (Signed 16 bit Little Endian)
V/ALSAModule(26251): Using 2 channels for PLAYBACK.
V/ALSAModule(26251): Set PLAYBACK sample rate to 44100 HZ
V/ALSAModule(26251): snd_pcm_hw_params_set_buffer_size_near: get buffer size: 960
V/ALSAModule(26251): snd_pcm_hw_params_set_buffer_time_near: get latency: 21768
V/ALSAModule(26251): finally, setHardwareParams: snd_pcm_get_params: buffer time: 21768, buffer size: 960, period time: 3628, period size: 160
I/ALSAModule(26251): Initialized ALSA PLAYBACK device AndroidPlayback_Speaker_normal
I/ALSAModule(26251): alsa-phone audio all PA off .....
W/ALSAModule(26251): audio_tune_hw4app_write2hardware No Application works on tune, we will use default nv item <12,music>
W/ALSAModule(26251): audio_tune_hw4app_write2hardware can't locate the right mFactoryRouteRCVMode [0]
W/ALSAModule(26251): audio_tune_hw4app_write2hardware will apply [12,music] vol_type0, vol_level1, eq_type0, device_mode3 to audio hardware
W/ALSAModule(26251): [ Open ] s_audio_path_route to mode=0 BeingMode=0 0x00000002
W/ALSAModule(26251): alsa-phone ringtone special process, speaker to 1 later
W/ALSAModule(26251): alsa release [ playback ] partial wake lock
W/ALSAModule(26251): s_open release lock mLockMode=0
W/ALSAModule(26251): qqqqqqqqqqqqqqqq s_open Exit
D/SoundBooster(26251): SoundBoosterInit(): sampleRate=44100
D/LVVE_Engine(26251): LVVEFS_Rx_Command LVVEFS_COMMAND_RESET returns success
W/AudioHardwareALSA(26251): alsa streamout constructor
V/AudioFlinger(26251): openOutput() openOutputStream returned output 0x4c7b20, SamplingRate 44100, Format 1, Channels 3, status 0
W/AudioHardwareALSA(26251): ALSAStreamOps::bufferSize(): bufferSize: 960, periodSize: 160, channels: 2
W/AudioHardwareALSA(26251): ALSAStreamOps::bufferSize(): return bytes = 3840
I/AudioMixer(26251): AudioMixer::AudioMixer  (960, 44100)
I/AudioFlinger(26251): AudioFlinger::openOutput() created mixer output: ID 1 thread 0x4d4788
W/AudioHardwareALSA(26251): alsa CTS latency lowered to 9000 from 21768
V/AudioFlinger(26251): PlaybackThread::audioConfigChanged_l, thread 0x4d4788, event 0, param 0
W/AudioHardwareALSA(26251): alsa CTS latency lowered to 9000 from 21768
V/AudioPolicyManagerBase(26251): AudioPolicyManagerBase::setOutputDevice() output 1 device 2 delayMs 0
V/AudioPolicyService(26251): inserting command: 3 at index 0, num commands 0
V/AudioPolicyService(26251): AudioCommandThread() adding set parameter string routing=2, io 1 ,delay 0
V/AudioPolicyService(26251): AudioCommandThread() waking up
V/AudioPolicyService(26251): AudioCommandThread() processing set parameters string routing=2, io 1
V/AudioFlinger(26251): setParameters(): io 1, keyvalue routing=2, tid 26277, calling tid 26251
V/AudioFlinger(26251): ThreadBase::setParameters() routing=2
I/AudioFlinger(26251): AudioFlinger's thread 0x4d4788 ready to run
W/AudioHardwareALSA(26251): alsa CTS latency lowered to 9000 from 21768
W/AudioFlinger(26251): Thread AudioOut_1 cannot connect to the power manager service
D/AudioHardwareALSA(26251): ALSAStreamOps::setParameters() routing=2
W/AudioHardwareALSA(26251): 2222222222222222 s_route setParameters called for devices 00000002 in mode 0...
W/ALSAModule(26251): route called for devices 00000002 in mode 0...
W/ALSAModule(26251): the same, direct return
D/LVVE_Engine(26251): LVVE_Engine::setDevice(): device=[2]
D/LVVE_Engine(26251): LVVE_Engine::setDevice(): 22222  device=[2]
V/AudioPolicyService(26251): AudioCommandThread() going to sleep
V/AudioPolicyManagerBase(26251): applyStreamVolumes() for output 1 and device 2
V/AudioPolicyManagerBase(26251): setStreamVolume() for output 1 stream 0, volume 76.000000, delay 0
V/AudioPolicyService(26251): inserting command: 2 at index 0, num commands 0
V/AudioPolicyService(26251): AudioCommandThread() adding set volume stream 0, volume 75.250000, output 1
V/AudioPolicyService(26251): AudioCommandThread() waking up
V/AudioPolicyService(26251): AudioCommandThread() processing set volume stream 0,                             volume 75.250000, output 1
V/AudioPolicyService(26251): AudioCommandThread() going to sleep
V/AudioPolicyService(26251): inserting command: 4 at index 0, num commands 0
V/AudioPolicyService(26251): AudioCommandThread() adding set voice volume volume 1.000000
V/AudioPolicyService(26251): AudioCommandThread() waking up
V/AudioPolicyService(26251): AudioCommandThread() processing set voice volume volume 1.000000
D/AudioHardwareALSA(26251): setVoiceVolume=1.000000
V/AudioPolicyService(26251): AudioCommandThread() going to sleep
V/AudioPolicyManagerBase(26251): setStreamVolume() for output 1 stream 1, volume 76.000000, delay 0
V/AudioPolicyService(26251): inserting command: 2 at index 0, num commands 0
V/AudioPolicyService(26251): AudioCommandThread() adding set volume stream 1, volume 76.000000, output 1
V/AudioPolicyService(26251): AudioCommandThread() waking up
V/AudioPolicyService(26251): AudioCommandThread() processing set volume stream 1,                             volume 76.000000, output 1
V/AudioPolicyService(26251): AudioCommandThread() going to sleep
V/AudioPolicyManagerBase(26251): setStreamVolume() for output 1 stream 2, volume 76.000000, delay 0
V/AudioPolicyService(26251): inserting command: 2 at index 0, num commands 0
V/AudioPolicyService(26251): AudioCommandThread() adding set volume stream 2, volume 76.000000, output 1
V/AudioPolicyService(26251): AudioCommandThread() waking up
V/AudioPolicyService(26251): AudioCommandThread() processing set volume stream 2,                             volume 76.000000, output 1
V/AudioPolicyService(26251): AudioCommandThread() going to sleep
V/AudioPolicyManagerBase(26251): getNewDevice() selected device 0
V/AudioPolicyManagerBase(26251): getDeviceForStrategy() from cache strategy 0, device 0
D/AudioPolicyManagerBase(26251): return MUSIC_SPK index=1
V/AudioPolicyManagerBase(26251): setStreamVolume() for output 1 stream 3, volume 55.000000, delay 0
V/AudioPolicyService(26251): inserting command: 2 at index 0, num commands 0
V/AudioPolicyService(26251): AudioCommandThread() adding set volume stream 3, volume 55.000000, output 1
V/AudioPolicyService(26251): AudioCommandThread() waking up
V/AudioPolicyService(26251): AudioCommandThread() processing set volume stream 3,                             volume 55.000000, output 1
V/AudioPolicyService(26251): AudioCommandThread() going to sleep
V/AudioPolicyManagerBase(26251): getNewDevice() selected device 0
V/AudioPolicyManagerBase(26251): getDeviceForStrategy() from cache strategy 0, device 0
V/AudioPolicyManagerBase(26251): setStreamVolume() for output 1 stream 4, volume 76.000000, delay 0
V/AudioPolicyService(26251): inserting command: 2 at index 0, num commands 0
V/AudioPolicyService(26251): AudioCommandThread() adding set volume stream 4, volume 76.000000, output 1
V/AudioPolicyService(26251): AudioCommandThread() waking up
V/AudioPolicyService(26251): AudioCommandThread() processing set volume stream 4,                             volume 76.000000, output 1
V/AudioPolicyService(26251): AudioCommandThread() going to sleep
V/AudioPolicyManagerBase(26251): setStreamVolume() for output 1 stream 5, volume 75.000000, delay 0
V/AudioPolicyService(26251): inserting command: 2 at index 0, num commands 0
V/AudioPolicyService(26251): AudioCommandThread() adding set volume stream 5, volume 75.000000, output 1
V/AudioPolicyService(26251): AudioCommandThread() waking up
V/AudioPolicyService(26251): AudioCommandThread() processing set volume stream 5,                             volume 75.000000, output 1
V/AudioPolicyService(26251): AudioCommandThread() going to sleep
V/AudioPolicyManagerBase(26251): checkAndSetVolume() cannot set stream 6 volume with force use = 0 for comm
V/AudioPolicyManagerBase(26251): setStreamVolume() for output 1 stream 7, volume 72.000000, delay 0
V/AudioPolicyService(26251): inserting command: 2 at index 0, num commands 0
V/AudioPolicyService(26251): AudioCommandThread() adding set volume stream 7, volume 72.000000, output 1
V/AudioPolicyService(26251): AudioCommandThread() waking up
V/AudioPolicyService(26251): AudioCommandThread() processing set volume stream 7,                             volume 72.000000, output 1
V/AudioPolicyService(26251): AudioCommandThread() going to sleep
V/AudioPolicyManagerBase(26251): setStreamVolume() for output 1 stream 8, volume 1.000000, delay 0
V/AudioPolicyService(26251): inserting command: 2 at index 0, num commands 0
V/AudioPolicyService(26251): AudioCommandThread() adding set volume stream 8, volume 1.000000, output 1
V/AudioPolicyService(26251): AudioCommandThread() waking up
V/AudioPolicyService(26251): AudioCommandThread() processing set volume stream 8,                             volume 1.000000, output 1
V/AudioPolicyService(26251): AudioCommandThread() going to sleep
V/AudioPolicyManagerBase(26251): getNewDevice() selected device 0
V/AudioPolicyManagerBase(26251): getDeviceForStrategy() from cache strategy 0, device 0
D/AudioPolicyManagerBase(26251): return MUSIC_SPK index=1
V/AudioPolicyManagerBase(26251): setStreamVolume() for output 1 stream 9, volume 55.000000, delay 0
V/AudioPolicyService(26251): inserting command: 2 at index 0, num commands 0
V/AudioPolicyService(26251): AudioCommandThread() adding set volume stream 9, volume 55.000000, output 1
V/AudioPolicyService(26251): AudioCommandThread() waking up
V/AudioPolicyService(26251): AudioCommandThread() processing set volume stream 9,                             volume 55.000000, output 1
V/AudioPolicyService(26251): AudioCommandThread() going to sleep
V/AudioPolicyManagerBase(26251): getNewDevice() selected device 0
V/AudioPolicyManagerBase(26251): getDeviceForStrategy() from cache strategy 0, device 0
D/AudioPolicyManagerBase(26251): return MUSIC_SPK index=1
V/AudioPolicyManagerBase(26251): setStreamVolume() for output 1 stream 10, volume 1.000000, delay 0
V/AudioPolicyService(26251): inserting command: 2 at index 0, num commands 0
V/AudioPolicyService(26251): AudioCommandThread() adding set volume stream 10, volume 1.000000, output 1
V/AudioPolicyService(26251): AudioCommandThread() waking up
V/AudioPolicyService(26251): AudioCommandThread() processing set volume stream 10,                             volume 1.000000, output 1
V/AudioPolicyService(26251): AudioCommandThread() going to sleep
V/AudioPolicyManagerBase(26251): setStreamVolume() for output 1 stream 11, volume 76.000000, delay 0
V/AudioPolicyService(26251): inserting command: 2 at index 0, num commands 0
V/AudioPolicyService(26251): AudioCommandThread() adding set volume stream 11, volume 76.000000, output 1
V/AudioPolicyService(26251): AudioCommandThread() waking up
V/AudioPolicyService(26251): AudioCommandThread() processing set volume stream 11,                             volume 76.000000, output 1
V/AudioPolicyService(26251): AudioCommandThread() going to sleep
V/AudioPolicyManagerBase(26251): setStreamVolume() for output 1 stream 12, volume 76.000000, delay 0
V/AudioPolicyService(26251): inserting command: 2 at index 0, num commands 0
V/AudioPolicyService(26251): AudioCommandThread() adding set volume stream 12, volume 76.000000, output 1
V/AudioPolicyService(26251): AudioCommandThread() waking up
V/AudioPolicyService(26251): AudioCommandThread() processing set volume stream 12,                             volume 76.000000, output 1
V/AudioPolicyService(26251): AudioCommandThread() going to sleep
V/AudioPolicyManagerBase(26251): getNewDevice() selected device 0
V/AudioPolicyManagerBase(26251): getDeviceForStrategy() from cache strategy 0, device 0
D/AudioPolicyManagerBase(26251): return MUSIC_SPK index=1
V/AudioPolicyManagerBase(26251): getNewDevice() selected device 0
V/AudioPolicyManagerBase(26251): getDeviceForStrategy() from cache strategy 0, device 0
V/AudioPolicyManagerBase(26251): getNewDevice() selected device 0
V/AudioPolicyManagerBase(26251): getDeviceForStrategy() from cache strategy 0, device 0
D/AudioPolicyManagerBase(26251): return MUSIC_SPK index=1
V/AudioPolicyManagerBase(26251): getNewDevice() selected device 0
V/AudioPolicyManagerBase(26251): getDeviceForStrategy() from cache strategy 0, device 0
D/AudioPolicyManagerBase(26251): return MUSIC_SPK index=1
V/AudioPolicyManagerBase(26251): getDeviceForStrategy() strategy 0, device 2
V/AudioPolicyManagerBase(26251): getDeviceForStrategy() strategy 1, device 1
V/AudioPolicyManagerBase(26251): getDeviceForStrategy() strategy 2, device 2
V/AudioPolicyManagerBase(26251): getDeviceForStrategy() strategy 0, device 2
V/AudioPolicyManagerBase(26251): getDeviceForStrategy() strategy 3, device 2
V/AudioPolicyManagerBase(26251): getDeviceForStrategy() strategy 4, device 2
V/AudioFlinger(26251): Audio hardware entering standby, mixer 0x4d4788, mSuspended 0
D/LVVE_Engine(26251): LVVEFS_Rx_Command LVVEFS_COMMAND_RESET returns success
W/AudioHardwareALSA(26251): AudioStreamOutALSA::standby snd_pcm_drain start ...
W/AudioHardwareALSA(26251): AudioStreamOutALSA::standby snd_pcm_drain finish ...
V/AudioFlinger(26251): MixerThread 0x4d4788 TID 26280 going to sleep
D/Audio_Control_CSC(26251): get_CS_ISO_Code country_code = CN
D/Audio_Control_CSC(26251): checkCSCAndSetSysProperty() mark property to audio.country when including SalesCodes
D/Audio_Control_CSC(26251): get_CS_ISO_Code country_code = CN
D/Audio_Control_CSC(26251): checkCSCAndSetSysProperty()_mCount = 3, mValue_salescode = CHM
D/Audio_Control_CSC(26251): checkCSCAndSetSysProperty()_gEPSalesCodes = SPR
D/Audio_Control_CSC(26251): checkCSCAndSetSysProperty()_gEPSalesCodes = VMU
D/Audio_Control_CSC(26251): checkCSCAndSetSysProperty()_gEPSalesCodes = BST
D/Audio_Control_CSC(26251): getCameraShutterOn()_mbIsShutterOn = 1
V/AudioPolicyManagerBase(26251): setSystemProperty() property ro.camera.sound.forced, value 1
V/AudioPolicyManagerBase(26251): ENFORCED_AUDIBLE cannot be muted
I/AudioPolicyService(26251): Loaded audio policy from Samsung SPRD audio policy HAL (audio_policy)
V/AudioPolicyService(26251): loadEffects() loading effect bassboost
V/AudioPolicyService(26251): loadEffects() loading effect virtualizer
V/AudioPolicyService(26251): loadEffects() loading effect equalizer
V/AudioPolicyService(26251): loadEffects() loading effect volume
V/AudioPolicyService(26251): loadEffects() loading effect reverb_env_aux
V/AudioPolicyService(26251): loadEffects() loading effect reverb_env_ins
V/AudioPolicyService(26251): loadEffects() loading effect reverb_pre_aux
V/AudioPolicyService(26251): loadEffects() loading effect reverb_pre_ins
V/AudioPolicyService(26251): loadEffects() loading effect visualizer
V/AudioPolicyService(26251): loadEffects() loading effect agc
V/AudioPolicyService(26251): loadEffects() loading effect aec
V/AudioPolicyService(26251): loadEffects() loading effect ns
V/BluetoothEventLoop.cpp(26253): classInitNative
V/BluetoothService.cpp(26253): classInitNative
D/dalvikvm(26253): GC_FOR_ALLOC freed 364K, 41% free 1511K/2560K, paused 11ms
W/Zygote  (26253): Class not found for preloading: android.text.TextDirectionHeuristics$CharCount
W/Zygote  (26253): Class not found for preloading: android.text.method.WordIterator$1
I/dalvikvm(26253): threadid=5: recursive native library load attempt (/system/lib/libwebcore.so)
D/dalvikvm(26253): No JNI_OnLoad found in /system/lib/libchromium_net.so 0x0, skipping init
W/dalvikvm(26253): VFY: copyRes1 v1<-v4 cat=1 type=0
W/dalvikvm(26253): VFY:  rejecting opcode 0x0a at 0x0016
W/dalvikvm(26253): VFY:  rejected Landroid/webkit/WebTextView;.performLongClick ()Z
W/dalvikvm(26253): Verifier rejected class Landroid/webkit/WebTextView;
W/Zygote  (26253): Class not found for preloading: android.webkit.WebTextView
W/Zygote  (26253): Class not found for preloading: android.widget.EdgeGlow
D/dalvikvm(26253): GC_FOR_ALLOC freed 82K, 25% free 1940K/2560K, paused 14ms
E/PhonePolicy(26253): Could not preload class for phone policy: com.android.internal.policy.impl.PhoneWindow$ContextMenuCallback
I/System  (26253): Loaded time zone names for  in 988ms (983ms in ICU)
I/Zygote  (26253): ...preloaded 1500 classes in 1210ms.
D/dalvikvm(26253): GC_FOR_ALLOC freed 235K, 14% free 2216K/2560K, paused 18ms
I/System  (26253): Loaded time zone names for en_US in 428ms (422ms in ICU)
I/System  (26253): Loaded time zone names for zh_CN in 419ms (413ms in ICU)
D/dalvikvm(26253): GC_FOR_ALLOC freed 368K, 14% free 2380K/2755K, paused 21ms
I/Zygote  (26253): ...preloaded 2307 classes in 2157ms.
I/Zygote  (26253): !@EndofpreloadClasses()
D/dalvikvm(26253): GC_EXPLICIT freed 527K, 19% free 2346K/2883K, paused 1ms+2ms
D/dalvikvm(26253): GC_EXPLICIT freed 7K, 19% free 2339K/2883K, paused 2ms+2ms
D/dalvikvm(26253): GC_EXPLICIT freed <1K, 19% free 2339K/2883K, paused 2ms+1ms
I/dalvikvm(26253): System server process 26282 has been created
I/Zygote  (26253): Accepting command socket connections
D/dalvikvm(26282): GC_CONCURRENT freed 81K, 19% free 2778K/3399K, paused 2ms+2ms
D/dalvikvm(26282): GC_CONCURRENT freed 260K, 19% free 3559K/4359K, paused 1ms+4ms
I/sysproc (26282): !@beginofsystem_init1()
I/sysproc (26282): Entered system_init()
I/sysproc (26282): ServiceManager: 0x2082c78
D/SensorService(26282): nuSensorService starting...
I/BootTime(26282): Prefetch Time Taken:793
I/SensorService(26282): BMA222E / KXTJ2 Acceleration Sensor
I/SensorService(26282): GP2A_PROX
I/RemoteDesktopService(26282): RemoteDesktopService started (pid=26282)
I/sysproc (26282): System server: starting Android runtime.
I/sysproc (26282): System server: starting Android services.
I/sysproc (26282): !@endofsystem_init1()
D/SensorService(26282): nuSensorService thread starting...
I/sysproc (26282): System server: entering thread pool.
I/SystemServer(26282): !@SystemServer Thread begins...
D/dalvikvm(26282): GC_CONCURRENT freed 538K, 22% free 4048K/5127K, paused 1ms+5ms
D/dalvikvm(26282): GC_FOR_ALLOC freed 304K, 27% free 3755K/5127K, paused 22ms
D/dalvikvm(26282): GC_FOR_ALLOC freed 12K, 26% free 3819K/5127K, paused 20ms
D/TelephonyRegistry(26282): Block apn list: []
D/dalvikvm(26282): GC_FOR_ALLOC freed 559K, 27% free 3933K/5383K, paused 23ms
D/dalvikvm(26282): GC_CONCURRENT freed 404K, 28% free 3914K/5383K, paused 1ms+2ms
D/dalvikvm(26282): GC_FOR_ALLOC freed 341K, 27% free 3950K/5383K, paused 21ms
I/dalvikvm(26282): Zip is good, but no classes.dex inside, and no .odex file in the same directory
I/dalvikvm(26282): Zip is good, but no classes.dex inside, and no .odex file in the same directory
I/BootTime(26282): Fail Safe scanning for:|XXXXXX|XXXXXXXXX|XXXXXXXXXXXXXXXXXXXX
I/BootTime(26282): Fail Safe scanning for:|XXXXXX|XXXXXXXXX|XXXXXXXXXXXXXXXXXXX
I/BootTime(26282): Fail Safe scanning for:|XXXXXX|XXX|XXXXXXXXXXXXXXXXXXXX
I/BootTime(26282): Fail Safe scanning for:|XXXXXX|XXX|XXXXXXXXXXXXXXXXXXXX
D/dalvikvm(26282): GC_CONCURRENT freed 680K, 24% free 4243K/5511K, paused 2ms+2ms
I/BootTime(26282): Fail Safe scanning for:|XXXXXX|XXX|XXXXXXXXXXXXXXXXXXXX
I/BootTime(26282): Fail Safe scanning for:|XXXXXX|XXX|XXXXXXXXXXXXXXXXXXXXXXXXXXXXX
I/BootTime(26282): Fail Safe scanning for:|XXXXXX|XXX|XXXXXXXXXXXXXXX
D/PackageManager(26282): No files in app dir |XXXXXX|XXX
I/installd(   99): new connection
I/BootTime(26282): Fail Safe scanning for:|XXXX|XXX|XXXXXXXXXXXXXX.XXX
D/dalvikvm(26282): GC_CONCURRENT freed 200K, 20% free 4430K/5511K, paused 1ms+2ms
I/BootTime(26282): Fail Safe scanning for:|XXXX|XXX|XXXXXXXXXXXXXXXXXXX.XXX
I/BootTime(26282): Fail Safe scanning for:|XXXX|XXX|XXXXXXXXXXXXXXXXXX.XXX
I/BootTime(26282): Fail Safe scanning for:|XXXX|XXX|XXXXXXXXXXXXXXXXXXXXXX.XXX
I/BootTime(26282): Fail Safe scanning for:|XXXX|XXX|XXXXXXXXXXXXXXXXXXXXXXXXXXXXXXXXXXXXX.XXX
I/BootTime(26282): Fail Safe scanning for:|XXXX|XXX|XXXXXXXXXXXXXXXXXXX.XXX
I/BootTime(26282): Fail Safe scanning for:|XXXX|XXX|XXXXXXXXXXXXXXXXXXX.XXX
I/BootTime(26282): Fail Safe scanning for:|XXXX|XXX|XXXXXXXXXXXXXXXXXXXXXXXX.XXX
D/dalvikvm(26282): GC_CONCURRENT freed 158K, 15% free 4739K/5511K, paused 1ms+3ms
I/BootTime(26282): Fail Safe scanning for:|XXXX|XXX|XXXXXXXXXXXXXXXXXXX.XXX
I/BootTime(26282): Fail Safe scanning for:|XXXX|XXX|XXXXXXXXXXXXXXXXXXXXXXXX.XXX
I/BootTime(26282): Fail Safe scanning for:|XXXX|XXX|XXXXXXXXXXXXXXXXXXXXXXXXXXXXXXXXXX.XXX
I/BootTime(26282): Fail Safe scanning for:|XXXX|XXX|XXXXXXXXXXXXXXXXXXXXXXXXXXXXXXXX.XXX
I/BootTime(26282): Fail Safe scanning for:|XXXX|XXX|XXXXXXXXXXXXXXXXXXXXXX.XXX
I/BootTime(26282): Fail Safe scanning for:|XXXX|XXX|XXXXXXXXXXXXXXXXX.XXX
D/dalvikvm(26282): GC_CONCURRENT freed 199K, 14% free 5038K/5831K, paused 2ms+3ms
I/BootTime(26282): Fail Safe scanning for:|XXXX|XXX|XXXXXXXXXXXXXXXXXXXXXXXXXXXXXXXXXX.XXX
I/BootTime(26282): Fail Safe scanning for:|XXXX|XXX|XXXXXXXXXXXXXXXXXXXX.XXX
W/PackageManager(26282): Package ru.zdevs.zarchiver has activity ru.zdevs.zarchiver.ZArchiver with priority > 0, forcing to 0
W/PackageManager(26282): Package ru.zdevs.zarchiver has activity ru.zdevs.zarchiver.ZArchiver with priority > 0, forcing to 0
W/PackageManager(26282): Package ru.zdevs.zarchiver has activity ru.zdevs.zarchiver.ZArchiver with priority > 0, forcing to 0
I/BootTime(26282): Fail Safe scanning for:|XXXX|XXX|XXXXXXXXXXXXXXX.XXX
I/BootTime(26282): Fail Safe scanning for:|XXXX|XXX|XXXXXXXXXXXXXXXXXXXXXXXXXXXXXXXXXXXXXXXXXXXXXXXX.XXX
I/BootTime(26282): Fail Safe scanning for:|XXXX|XXX|XXXXXXXXXXXXXXXXXXXXX.XXX
D/dalvikvm(26282): GC_CONCURRENT freed 406K, 16% free 5243K/6215K, paused 2ms+6ms
D/dalvikvm(26282): GC_EXPLICIT freed 169K, 18% free 5137K/6215K, paused 2ms+3ms
I/BootTime(26282): !@Total Package Scan Time:431
I/BootTime(26282): !@Total Time Taken:3689
D/PackageManager(26282): generateServicesMap(android.accounts.AccountAuthenticator): 4 services unchanged
W/PackageManager(26282): Unable to load service info ResolveInfo{411b27e0 com.baidu.sync.service.ContactSyncAdapterService p=0 o=0 m=0x108000}
W/PackageManager(26282): org.xmlpull.v1.XmlPullParserException: Meta-data does not start with sync-adapter tag
W/PackageManager(26282): 	at android.content.pm.RegisteredServicesCache.parseServiceInfo(RegisteredServicesCache.java:391)
W/PackageManager(26282): 	at android.content.pm.RegisteredServicesCache.generateServicesMap(RegisteredServicesCache.java:262)
W/PackageManager(26282): 	at android.content.pm.RegisteredServicesCache.<init>(RegisteredServicesCache.java:106)
W/PackageManager(26282): 	at android.content.SyncAdaptersCache.<init>(SyncAdaptersCache.java:43)
W/PackageManager(26282): 	at android.content.SyncManager.<init>(SyncManager.java:300)
W/PackageManager(26282): 	at android.content.ContentService.getSyncManager(ContentService.java:65)
W/PackageManager(26282): 	at android.content.ContentService.<init>(ContentService.java:144)
W/PackageManager(26282): 	at android.content.ContentService.main(ContentService.java:520)
W/PackageManager(26282): 	at com.android.server.ServerThread.run(SystemServer.java:255)
D/PackageManager(26282): generateServicesMap(android.content.SyncAdapter): 7 services unchanged
D/DirEncryptionManager(26282): Unable to get DirEncryptService instance.
I/ActivityThread(26282): Pub settings: com.android.providers.settings.SettingsProvider
I/ActivityThread(26282): Pub com.baidu.dperm: com.baidu.providers.dp.DpProvider
I/ActivityThread(26282): Pub com.baidu.dp.impostor: com.baidu.providers.dp.ImpostorProvider
D/SettingsProvider(26282): cache for settings table 'secure' rows=48; fullycached=true
D/SettingsProvider(26282): cache for settings table 'system' rows=130; fullycached=true
W/System.err(26282): java.io.FileNotFoundException: /sys/power/cpufreq_max_limit: open failed: ENOENT (No such file or directory)
W/System.err(26282): 	at libcore.io.IoBridge.open(IoBridge.java:425)
W/System.err(26282): 	at java.io.FileInputStream.<init>(FileInputStream.java:78)
W/System.err(26282): 	at java.io.FileInputStream.<init>(FileInputStream.java:105)
W/System.err(26282): 	at java.io.FileReader.<init>(FileReader.java:66)
W/System.err(26282): 	at com.android.server.PowerManagerService.initSupportedFrequency(PowerManagerService.java:4800)
W/System.err(26282): 	at com.android.server.PowerManagerService.initInThread(PowerManagerService.java:958)
W/System.err(26282): 	at com.android.server.PowerManagerService$3.onLooperPrepared(PowerManagerService.java:819)
W/System.err(26282): 	at android.os.HandlerThread.run(HandlerThread.java:59)
W/System.err(26282): Caused by: libcore.io.ErrnoException: open failed: ENOENT (No such file or directory)
W/System.err(26282): 	at libcore.io.Posix.open(Native Method)
W/System.err(26282): 	at libcore.io.BlockGuardOs.open(BlockGuardOs.java:110)
W/System.err(26282): 	at libcore.io.IoBridge.open(IoBridge.java:409)
W/System.err(26282): 	... 7 more
D/AlarmManagerService(26282): Kernel timezone updated to -480 minutes west of GMT
D/InputDispatcher(26282): to control touch backlight at bottom
D/InputDispatcher(26282): setTouchKeyDeviceId : 0xffffffff
D/InputDispatcher(26282): setTouchscreenId : 0xffffffff
D/InputReader(26282): Constructor for InputReader()
D/LockPatternUtils(26282): isPcwEnable = 10
D/SensorManager(26282): sensors_get_supported_func
D/SensorManager(26282): sensors_get_supported_func ret = 0
V/MediaPlayer(26282): decode(121, 0, 13894)
V/MediaPlayerService(26251): decode(37, 0, 13894)
V/MediaPlayerService(26251): player type = 3
V/MediaPlayerService(26251):  create StagefrightPlayer
V/AwesomePlayer(26251): setDefault
V/AwesomePlayer(26251): constructor
V/AwesomePlayer(26251): setDefault
I/AwesomePlayer(26251): reset
I/AwesomePlayer(26251): cancel player events
V/AwesomePlayer(26251): mAudioTrackVector clear
I/AwesomePlayer(26251): --mSystemTimeSourceForSync reset ok
V/AwesomePlayer(26251): setListener
V/StagefrightPlayer(26251): setAudioSink
V/AwesomePlayer(26251): setAudioSink
V/StagefrightPlayer(26251): setDataSource(37, 0, 13894)
V/AwesomePlayer(26251): setDataSource fd
I/AwesomePlayer(26251): cancel player events
V/AwesomePlayer(26251): mAudioTrackVector clear
I/AwesomePlayer(26251): --mSystemTimeSourceForSync reset ok
I/MediaExtractor(26251): Autodetected media content as 'application/ogg' with confidence 0.20
V/AwesomePlayer(26251): track of type 'audio/vorbis' does not publish bitrate
V/AwesomePlayer(26251): mBitrate = -1 bits/sec
V/AwesomePlayer(26251): current audio track (0)
V/AwesomePlayer(26251): current audio track (0) is added to vector[0]
V/AwesomePlayer(26251): setDataSource_l: Audio(1), Video(0)
I/AwesomePlayer(26251): AwesomePlayer::setDataSource_l():: This is not a DRM content
V/MediaPlayerService(26251): prepare
V/StagefrightPlayer(26251): prepareAsync
V/AwesomePlayer(26251): prepareAsync
V/MediaPlayerService(26251): wait for prepare
V/BluetoothService.cpp(26282): initializeNativeDataNative
V/BluetoothService.cpp(26282): isEnabledNative
V/bluedroid(26282): bt_is_enabled
I/BluetoothProfileState(26282): Message:Entering Stable State
V/AwesomePlayer(26251): onPrepareAsyncEvent
I/AwesomePlayer(26251): initAudioDecoder start
V/AwesomePlayer(26251): notifyListner_l() msg (5-MEDIA_SET_VIDEO_SIZE), ext1 (0), ext2 (0)
V/AudioCache(26251): notify(0x4ea988, 5, 0, 0)
V/AudioCache(26251): ignored
V/AwesomePlayer(26251): notifyListner_l() msg (1-MEDIA_PREPARED), ext1 (0), ext2 (0)
V/AudioCache(26251): notify(0x4ea988, 1, 0, 0)
V/AudioCache(26251): prepared
V/AudioCache(26251): wait - success
V/MediaPlayerService(26251): start
V/StagefrightPlayer(26251): start
V/AwesomePlayer(26251): play
I/AwesomePlayer(26251): AwesomePlayer::play_l():: this is not widevine!! 
I/AwesomePlayer(26251): AwesomePlayer::play_l():: This is not a DRM content
I/BluetoothProfileState(26282): Message:Entering Stable State
I/BluetoothProfileState(26282): Message:Entering Stable State
D/BluetoothService(26282): btPANEnable:::true
E/BluetoothService(26282): mSapAvailable was set to FALSE
V/AudioCache(26251): open(48000, 2, 1, 4)
V/MediaPlayerService(26251): wait for playback complete
V/BluetoothEventLoop.cpp(26282): initializeNativeDataNative
D/BluetoothAdapterStateMachine(26282): Enter PowerOff: -2
V/BluetoothA2dpService.cpp(26282): initNative
D/jniAvrcpService(26282): Registering avrcp class
W/AutoLaunchController(26282): No command broadcast blacklist file found.
V/AudioCache(26251): write(0x503f18, 4096)
V/AudioCache(26251): memcpy(0x42649000, 0x503f18, 4096)
V/AudioCache(26251): write(0x503f18, 4096)
V/AudioCache(26251): memcpy(0x4264a000, 0x503f18, 4096)
V/AudioCache(26251): write(0x503f18, 4096)
V/AudioCache(26251): memcpy(0x4264b000, 0x503f18, 4096)
D/EventHub(26282): No input device configuration file found for device 'headset-keyboard'.
I/EventHub(26282): New device: id=1, fd=143, path='/dev/input/event7', name='headset-keyboard', classes=0x1, configuration='', keyLayout='/system/usr/keylayout/headset-keyboard.kl', keyCharacterMap='/system/usr/keychars/Generic.kcm', builtinKeyboard=false
V/AudioCache(26251): write(0x503f18, 4096)
V/AudioCache(26251): memcpy(0x4264c000, 0x503f18, 4096)
V/AudioCache(26251): write(0x503f18, 4096)
V/AudioCache(26251): memcpy(0x4264d000, 0x503f18, 4096)
V/AudioCache(26251): write(0x503f18, 4096)
V/AudioCache(26251): memcpy(0x4264e000, 0x503f18, 4096)
V/AudioCache(26251): write(0x503f18, 4096)
V/AudioCache(26251): memcpy(0x4264f000, 0x503f18, 4096)
E/OMXCodec(26251): [OMX.google.vorbis.decoder] err = -1011
V/AudioCache(26251): write(0x503f18, 4096)
V/AudioCache(26251): memcpy(0x42650000, 0x503f18, 4096)
V/AudioCache(26251): write(0x503f18, 4096)
V/AudioCache(26251): memcpy(0x42651000, 0x503f18, 4096)
V/AudioCache(26251): write(0x503f18, 4096)
V/AudioCache(26251): memcpy(0x42652000, 0x503f18, 4096)
V/AwesomePlayer(26251): MEDIA_PLAYBACK_COMPLETE
V/AwesomePlayer(26251): notifyListner_l() msg (2-MEDIA_PLAYBACK_COMPLETE), ext1 (0), ext2 (0)
V/AudioCache(26251): notify(0x4ea988, 2, 0, 0)
V/AudioCache(26251): playback complete - thread will wake up later
V/AudioCache(26251): write(0x503f18, 3348)
V/AudioCache(26251): memcpy(0x42653000, 0x503f18, 3348)
V/AudioCache(26251): wait - success
V/StagefrightPlayer(26251): reset
I/AwesomePlayer(26251): reset
I/AwesomePlayer(26251): cancel player events
V/AwesomePlayer(26251): mAudioTrackVector clear
I/OMXCodec(26251): [OMX.google.vorbis.decoder] stop() sendCommand(0x1, OMX_CommandStateSet, OMX_StateIdle)
I/OMXCodec(26251): [OMX.google.vorbis.decoder] stopped in state 1
I/AwesomePlayer(26251): --mSystemTimeSourceForSync reset ok
V/StagefrightPlayer(26251): ~StagefrightPlayer
V/StagefrightPlayer(26251): reset
I/AwesomePlayer(26251): reset
I/AwesomePlayer(26251): cancel player events
V/AwesomePlayer(26251): mAudioTrackVector clear
I/AwesomePlayer(26251): --mSystemTimeSourceForSync reset ok
V/AwesomePlayer(26251): destructor
I/AwesomePlayer(26251): reset
I/AwesomePlayer(26251): cancel player events
V/AwesomePlayer(26251): mAudioTrackVector clear
I/AwesomePlayer(26251): --mSystemTimeSourceForSync reset ok
V/AwesomePlayer(26251): ~AwesomePlayer()
V/MediaPlayer(26282): decode(122, 0, 12866)
V/MediaPlayerService(26251): decode(37, 0, 12866)
V/MediaPlayerService(26251): player type = 3
V/MediaPlayerService(26251):  create StagefrightPlayer
V/AwesomePlayer(26251): setDefault
V/AwesomePlayer(26251): constructor
V/AwesomePlayer(26251): setDefault
I/AwesomePlayer(26251): reset
I/AwesomePlayer(26251): cancel player events
V/AwesomePlayer(26251): mAudioTrackVector clear
I/AwesomePlayer(26251): --mSystemTimeSourceForSync reset ok
V/AwesomePlayer(26251): setListener
V/StagefrightPlayer(26251): setAudioSink
V/AwesomePlayer(26251): setAudioSink
V/StagefrightPlayer(26251): setDataSource(37, 0, 12866)
V/AwesomePlayer(26251): setDataSource fd
I/AwesomePlayer(26251): cancel player events
V/AwesomePlayer(26251): mAudioTrackVector clear
I/AwesomePlayer(26251): --mSystemTimeSourceForSync reset ok
I/MediaExtractor(26251): Autodetected media content as 'application/ogg' with confidence 0.20
V/AwesomePlayer(26251): track of type 'audio/vorbis' does not publish bitrate
V/AwesomePlayer(26251): mBitrate = -1 bits/sec
V/AwesomePlayer(26251): current audio track (0)
V/AwesomePlayer(26251): current audio track (0) is added to vector[0]
V/AwesomePlayer(26251): setDataSource_l: Audio(1), Video(0)
I/AwesomePlayer(26251): AwesomePlayer::setDataSource_l():: This is not a DRM content
V/MediaPlayerService(26251): prepare
V/StagefrightPlayer(26251): prepareAsync
V/AwesomePlayer(26251): prepareAsync
V/MediaPlayerService(26251): wait for prepare
D/DynamicPermissionService(26282): Read premissions done
D/EventHub(26282): ledBitmask is set (LED_MISC)
I/EventHub(26282): New device: id=2, fd=152, path='/dev/input/event6', name='sec_touchscreen', classes=0x15, configuration='/system/usr/idc/sec_touchscreen.idc', keyLayout='/system/usr/keylayout/Generic.kl', keyCharacterMap='/system/usr/keychars/Generic.kcm', builtinKeyboard=false
V/AwesomePlayer(26251): onPrepareAsyncEvent
I/AwesomePlayer(26251): initAudioDecoder start
D/DynamicPermissionService(26282): Read pre-installed packages done
D/DynamicPermissionService(26282): Init from files done
D/DynamicPermissionService(26282): Add DynamicPermissionService to SystemServer
I/Ifttt   (26282): Ifttt Service
V/AwesomePlayer(26251): notifyListner_l() msg (5-MEDIA_SET_VIDEO_SIZE), ext1 (0), ext2 (0)
V/AudioCache(26251): notify(0x4f8b98, 5, 0, 0)
V/AudioCache(26251): ignored
V/AwesomePlayer(26251): notifyListner_l() msg (1-MEDIA_PREPARED), ext1 (0), ext2 (0)
V/AudioCache(26251): notify(0x4f8b98, 1, 0, 0)
V/AudioCache(26251): prepared
V/AudioCache(26251): wait - success
V/MediaPlayerService(26251): start
V/StagefrightPlayer(26251): start
V/AwesomePlayer(26251): play
I/AwesomePlayer(26251): AwesomePlayer::play_l():: this is not widevine!! 
I/AwesomePlayer(26251): AwesomePlayer::play_l():: This is not a DRM content
V/AudioCache(26251): open(48000, 2, 1, 4)
V/MediaPlayerService(26251): wait for playback complete
V/AudioCache(26251): write(0x4ff990, 4096)
V/AudioCache(26251): memcpy(0x42749000, 0x4ff990, 4096)
V/AudioCache(26251): write(0x4ff990, 4096)
V/AudioCache(26251): memcpy(0x4274a000, 0x4ff990, 4096)
V/AudioCache(26251): write(0x4ff990, 4096)
V/AudioCache(26251): memcpy(0x4274b000, 0x4ff990, 4096)
D/SmartPowerService(26282): SmartPowerService create!!!
V/AudioCache(26251): write(0x4ff990, 4096)
V/AudioCache(26251): memcpy(0x4274c000, 0x4ff990, 4096)
V/AudioCache(26251): write(0x4ff990, 4096)
V/AudioCache(26251): memcpy(0x4274d000, 0x4ff990, 4096)
V/AudioCache(26251): write(0x4ff990, 4096)
V/AudioCache(26251): memcpy(0x4274e000, 0x4ff990, 4096)
V/AudioCache(26251): write(0x4ff990, 4096)
V/AudioCache(26251): memcpy(0x4274f000, 0x4ff990, 4096)
E/OMXCodec(26251): [OMX.google.vorbis.decoder] err = -1011
V/AudioCache(26251): write(0x4ff990, 4096)
V/AudioCache(26251): memcpy(0x42750000, 0x4ff990, 4096)
V/AudioCache(26251): write(0x4ff990, 4096)
V/AudioCache(26251): memcpy(0x42751000, 0x4ff990, 4096)
V/AudioCache(26251): write(0x4ff990, 4096)
V/AudioCache(26251): memcpy(0x42752000, 0x4ff990, 4096)
V/AudioCache(26251): write(0x4ff990, 4096)
V/AudioCache(26251): memcpy(0x42753000, 0x4ff990, 4096)
V/AwesomePlayer(26251): MEDIA_PLAYBACK_COMPLETE
V/AwesomePlayer(26251): notifyListner_l() msg (2-MEDIA_PLAYBACK_COMPLETE), ext1 (0), ext2 (0)
V/AudioCache(26251): notify(0x4f8b98, 2, 0, 0)
V/AudioCache(26251): playback complete - thread will wake up later
V/AudioCache(26251): wait - success
V/StagefrightPlayer(26251): reset
I/AwesomePlayer(26251): reset
I/AwesomePlayer(26251): cancel player events
V/AwesomePlayer(26251): mAudioTrackVector clear
I/OMXCodec(26251): [OMX.google.vorbis.decoder] stop() sendCommand(0x2, OMX_CommandStateSet, OMX_StateIdle)
I/OMXCodec(26251): [OMX.google.vorbis.decoder] stopped in state 1
I/AwesomePlayer(26251): --mSystemTimeSourceForSync reset ok
V/StagefrightPlayer(26251): ~StagefrightPlayer
V/StagefrightPlayer(26251): reset
I/AwesomePlayer(26251): reset
I/AwesomePlayer(26251): cancel player events
V/AwesomePlayer(26251): mAudioTrackVector clear
I/AwesomePlayer(26251): --mSystemTimeSourceForSync reset ok
V/AwesomePlayer(26251): destructor
I/AwesomePlayer(26251): reset
I/AwesomePlayer(26251): cancel player events
V/AwesomePlayer(26251): mAudioTrackVector clear
I/AwesomePlayer(26251): --mSystemTimeSourceForSync reset ok
V/AwesomePlayer(26251): ~AwesomePlayer()
D/EventHub(26282): No input device configuration file found for device 'orientation'.
D/EventHub(26282): No input device configuration file found for device 'accelerometer'.
D/EventHub(26282): No input device configuration file found for device 'sprd-keypad'.
I/EventHub(26282): New device: id=5, fd=158, path='/dev/input/event5', name='sprd-keypad', classes=0x1, configuration='', keyLayout='/system/usr/keylayout/sprd-keypad.kl', keyCharacterMap='/system/usr/keychars/Generic.kcm', builtinKeyboard=false
D/EventHub(26282): No input device configuration file found for device 'geomagnetic_raw'.
D/dalvikvm(26282): GC_CONCURRENT freed 866K, 20% free 6107K/7559K, paused 3ms+4ms
D/EventHub(26282): No input device configuration file found for device 'geomagnetic'.
I/InputReader(26282): Device added: id=5, name='sprd-keypad', sources=0x00000101
D/InputReader(26282): TouchInputMapper::configureParameters() : set to default value DEVICE_TYPE_TOUCH_SCREEN
I/InputReader(26282):   Touch device 'sec_touchscreen' could not query the properties of its associated display 0.  The device will be inoperable until the display size becomes available.
D/InputReader(26282): MultiTouchMotionAccumulator: initial slot number is 0
I/InputReader(26282): Device added: id=2, name='sec_touchscreen', sources=0x00001103
D/InputDispatcher(26282): to control touch backlight at bottom
D/InputDispatcher(26282): setTouchKeyDeviceId : 0x2
I/InputReader(26282): Device added: id=1, name='headset-keyboard', sources=0x00000101
I/InputReader(26282): Reconfiguring input devices.  changes=0x00000004
I/InputReader(26282): Device reconfigured: id=2, name='sec_touchscreen', surface size is now 480x800, mode is 1
I/ApplicationPolicy(26282): registerPackageChangeReceiver() : Done
I/ApplicationIconDb(26282): getApplicationIconChangedList  : 
I/ApplicationPolicy(26282): registerNetworkChangeReceiver
I/ApplicationPolicy(26282): registerNetworkChangeReceiver() : Done
I/EDM :   (26282): isRoamingSyncEnabled : true
I/keystore(  101): uid: 1000 action: t -> 1 state: 1 -> 1 retry: 4
I/keystore(  101): uid: 1000 action: s -> 1 state: 1 -> 1 retry: 4
D/EnterpriseVpnPolicy(26282): bindVpnInterfaces()
W/PhoneRestrictionPolicy(26282):  >>> PhoneRestrictionPolicy.PhoneRestrictionPolicy()
D/ClipboardServiceEx(26282): load ...info file
D/ClipboardServiceEx(26282): load object file
D/ClipboardServiceEx(26282): load object file
D/ClipboardServiceEx(26282): load object file
D/ClipboardServiceEx(26282): load object file
D/ClipboardServiceEx(26282): load object file
D/ClipboardServiceEx(26282): load object file
W/System.err(26282): java.lang.NullPointerException
W/System.err(26282): 	at com.android.server.WifiService.<init>(WifiService.java:889)
W/System.err(26282): 	at com.android.server.ServerThread.run(SystemServer.java:519)
D/Tethering(26282): Boot not complete yet.
D/Tethering(26282): Boot not complete yet.
I/AudioService(26282):   Remote Control   registerMediaButtonIntent()
V/AudioPolicyManagerBase(26251): initStreamVolume() stream 0, min 0, max 5
V/AudioPolicyManagerBase(26251): setStreamVolumeIndex() stream 0, index 3
V/AudioPolicyManagerALSA(26251): setStreamVolume() for output 1 stream 0, volume 0.501187, delay 0
V/AudioPolicyService(26251): inserting command: 2 at index 0, num commands 0
V/AudioPolicyService(26251): AudioCommandThread() adding set volume stream 0, volume 0.506175, output 1
V/AudioPolicyService(26251): AudioCommandThread() waking up
V/AudioPolicyService(26251): AudioCommandThread() processing set volume stream 0,                             volume 0.506175, output 1
V/AudioPolicyService(26251): AudioCommandThread() going to sleep
V/AudioPolicyService(26251): inserting command: 4 at index 0, num commands 0
V/AudioPolicyService(26251): AudioCommandThread() adding set voice volume volume 0.600000
V/AudioPolicyService(26251): AudioCommandThread() waking up
V/AudioPolicyService(26251): AudioCommandThread() processing set voice volume volume 0.600000
D/AudioHardwareALSA(26251): setVoiceVolume=0.600000
V/AudioPolicyService(26251): AudioCommandThread() going to sleep
V/AudioPolicyManagerBase(26251): initStreamVolume() stream 1, min 0, max 7
V/AudioPolicyManagerBase(26251): setStreamVolumeIndex() stream 1, index 4
V/AudioPolicyManagerALSA(26251): setStreamVolume() for output 1 stream 1, volume 0.251189, delay 0
V/AudioPolicyService(26251): inserting command: 2 at index 0, num commands 0
V/AudioPolicyService(26251): AudioCommandThread() adding set volume stream 1, volume 0.251189, output 1
V/AudioPolicyService(26251): AudioCommandThread() waking up
V/AudioPolicyService(26251): AudioCommandThread() processing set volume stream 1,                             volume 0.251189, output 1
V/AudioPolicyService(26251): AudioCommandThread() going to sleep
V/AudioPolicyManagerBase(26251): initStreamVolume() stream 2, min 0, max 7
V/AudioPolicyManagerBase(26251): setStreamVolumeIndex() stream 2, index 2
V/AudioPolicyManagerALSA(26251): setStreamVolume() for output 1 stream 2, volume 0.100000, delay 0
V/AudioPolicyService(26251): inserting command: 2 at index 0, num commands 0
