D/PackageManager(25618): generateServicesMap(android.content.SyncAdapter): 7 services unchanged
D/DirEncryptionManager(25618): Unable to get DirEncryptService instance.
I/ActivityThread(25618): Pub settings: com.android.providers.settings.SettingsProvider
I/ActivityThread(25618): Pub com.baidu.dperm: com.baidu.providers.dp.DpProvider
I/ActivityThread(25618): Pub com.baidu.dp.impostor: com.baidu.providers.dp.ImpostorProvider
D/SettingsProvider(25618): cache for settings table 'secure' rows=48; fullycached=true
D/SettingsProvider(25618): cache for settings table 'system' rows=130; fullycached=true
W/System.err(25618): java.io.FileNotFoundException: /sys/power/cpufreq_max_limit: open failed: ENOENT (No such file or directory)
W/System.err(25618): 	at libcore.io.IoBridge.open(IoBridge.java:425)
W/System.err(25618): 	at java.io.FileInputStream.<init>(FileInputStream.java:78)
W/System.err(25618): 	at java.io.FileInputStream.<init>(FileInputStream.java:105)
W/System.err(25618): 	at java.io.FileReader.<init>(FileReader.java:66)
W/System.err(25618): 	at com.android.server.PowerManagerService.initSupportedFrequency(PowerManagerService.java:4800)
W/System.err(25618): 	at com.android.server.PowerManagerService.initInThread(PowerManagerService.java:958)
W/System.err(25618): 	at com.android.server.PowerManagerService$3.onLooperPrepared(PowerManagerService.java:819)
W/System.err(25618): 	at android.os.HandlerThread.run(HandlerThread.java:59)
W/System.err(25618): Caused by: libcore.io.ErrnoException: open failed: ENOENT (No such file or directory)
W/System.err(25618): 	at libcore.io.Posix.open(Native Method)
W/System.err(25618): 	at libcore.io.BlockGuardOs.open(BlockGuardOs.java:110)
W/System.err(25618): 	at libcore.io.IoBridge.open(IoBridge.java:409)
W/System.err(25618): 	... 7 more
D/AlarmManagerService(25618): Kernel timezone updated to -480 minutes west of GMT
D/InputDispatcher(25618): to control touch backlight at bottom
D/InputDispatcher(25618): setTouchKeyDeviceId : 0xffffffff
D/InputDispatcher(25618): setTouchscreenId : 0xffffffff
D/InputReader(25618): Constructor for InputReader()
D/LockPatternUtils(25618): isPcwEnable = 10
D/SensorManager(25618): sensors_get_supported_func
D/SensorManager(25618): sensors_get_supported_func ret = 0
V/MediaPlayer(25618): decode(121, 0, 13894)
V/MediaPlayerService(25587): decode(37, 0, 13894)
V/MediaPlayerService(25587): player type = 3
V/MediaPlayerService(25587):  create StagefrightPlayer
V/AwesomePlayer(25587): setDefault
V/AwesomePlayer(25587): constructor
V/AwesomePlayer(25587): setDefault
I/AwesomePlayer(25587): reset
I/AwesomePlayer(25587): cancel player events
V/AwesomePlayer(25587): mAudioTrackVector clear
I/AwesomePlayer(25587): --mSystemTimeSourceForSync reset ok
V/AwesomePlayer(25587): setListener
V/StagefrightPlayer(25587): setAudioSink
V/AwesomePlayer(25587): setAudioSink
V/StagefrightPlayer(25587): setDataSource(37, 0, 13894)
V/AwesomePlayer(25587): setDataSource fd
I/AwesomePlayer(25587): cancel player events
V/AwesomePlayer(25587): mAudioTrackVector clear
I/AwesomePlayer(25587): --mSystemTimeSourceForSync reset ok
I/MediaExtractor(25587): Autodetected media content as 'application/ogg' with confidence 0.20
V/AwesomePlayer(25587): track of type 'audio/vorbis' does not publish bitrate
V/AwesomePlayer(25587): mBitrate = -1 bits/sec
V/AwesomePlayer(25587): current audio track (0)
V/AwesomePlayer(25587): current audio track (0) is added to vector[0]
V/AwesomePlayer(25587): setDataSource_l: Audio(1), Video(0)
I/AwesomePlayer(25587): AwesomePlayer::setDataSource_l():: This is not a DRM content
V/MediaPlayerService(25587): prepare
V/StagefrightPlayer(25587): prepareAsync
V/AwesomePlayer(25587): prepareAsync
V/MediaPlayerService(25587): wait for prepare
V/AwesomePlayer(25587): onPrepareAsyncEvent
I/AwesomePlayer(25587): initAudioDecoder start
D/dalvikvm(25618): GC_CONCURRENT freed 448K, 16% free 5406K/6407K, paused 2ms+17ms
V/BluetoothService.cpp(25618): initializeNativeDataNative
V/BluetoothService.cpp(25618): isEnabledNative
V/bluedroid(25618): bt_is_enabled
I/BluetoothProfileState(25618): Message:Entering Stable State
V/AwesomePlayer(25587): notifyListner_l() msg (5-MEDIA_SET_VIDEO_SIZE), ext1 (0), ext2 (0)
V/AudioCache(25587): notify(0x1fbc588, 5, 0, 0)
V/AudioCache(25587): ignored
V/AwesomePlayer(25587): notifyListner_l() msg (1-MEDIA_PREPARED), ext1 (0), ext2 (0)
V/AudioCache(25587): notify(0x1fbc588, 1, 0, 0)
V/AudioCache(25587): prepared
V/AudioCache(25587): wait - success
V/MediaPlayerService(25587): start
V/StagefrightPlayer(25587): start
V/AwesomePlayer(25587): play
I/AwesomePlayer(25587): AwesomePlayer::play_l():: this is not widevine!! 
I/AwesomePlayer(25587): AwesomePlayer::play_l():: This is not a DRM content
V/AudioCache(25587): open(48000, 2, 1, 4)
V/MediaPlayerService(25587): wait for playback complete
I/BluetoothProfileState(25618): Message:Entering Stable State
I/BluetoothProfileState(25618): Message:Entering Stable State
D/BluetoothService(25618): btPANEnable:::true
E/BluetoothService(25618): mSapAvailable was set to FALSE
V/AudioCache(25587): write(0x1fd9f38, 4096)
V/AudioCache(25587): memcpy(0x42754000, 0x1fd9f38, 4096)
V/AudioCache(25587): write(0x1fd9f38, 4096)
V/AudioCache(25587): memcpy(0x42755000, 0x1fd9f38, 4096)
V/AudioCache(25587): write(0x1fd9f38, 4096)
V/AudioCache(25587): memcpy(0x42756000, 0x1fd9f38, 4096)
V/AudioCache(25587): write(0x1fd9f38, 4096)
V/AudioCache(25587): memcpy(0x42757000, 0x1fd9f38, 4096)
V/AudioCache(25587): write(0x1fd9f38, 4096)
V/AudioCache(25587): memcpy(0x42758000, 0x1fd9f38, 4096)
E/OMXCodec(25587): [OMX.google.vorbis.decoder] err = -1011
V/BluetoothEventLoop.cpp(25618): initializeNativeDataNative
D/BluetoothAdapterStateMachine(25618): Enter PowerOff: -2
V/BluetoothA2dpService.cpp(25618): initNative
D/jniAvrcpService(25618): Registering avrcp class
D/EventHub(25618): No input device configuration file found for device 'headset-keyboard'.
I/EventHub(25618): New device: id=1, fd=138, path='/dev/input/event7', name='headset-keyboard', classes=0x1, configuration='', keyLayout='/system/usr/keylayout/headset-keyboard.kl', keyCharacterMap='/system/usr/keychars/Generic.kcm', builtinKeyboard=false
W/AutoLaunchController(25618): No command broadcast blacklist file found.
V/AudioCache(25587): write(0x1fd9f38, 4096)
V/AudioCache(25587): memcpy(0x42759000, 0x1fd9f38, 4096)
V/AudioCache(25587): write(0x1fd9f38, 4096)
V/AudioCache(25587): memcpy(0x4275a000, 0x1fd9f38, 4096)
V/AudioCache(25587): write(0x1fd9f38, 4096)
V/AudioCache(25587): memcpy(0x4275b000, 0x1fd9f38, 4096)
V/AudioCache(25587): write(0x1fd9f38, 4096)
V/AudioCache(25587): memcpy(0x4275c000, 0x1fd9f38, 4096)
V/AudioCache(25587): write(0x1fd9f38, 4096)
V/AudioCache(25587): memcpy(0x4275d000, 0x1fd9f38, 4096)
V/AwesomePlayer(25587): MEDIA_PLAYBACK_COMPLETE
V/AwesomePlayer(25587): notifyListner_l() msg (2-MEDIA_PLAYBACK_COMPLETE), ext1 (0), ext2 (0)
V/AudioCache(25587): notify(0x1fbc588, 2, 0, 0)
V/AudioCache(25587): playback complete - thread will wake up later
V/AudioCache(25587): write(0x1fd9f38, 3348)
V/AudioCache(25587): memcpy(0x4275e000, 0x1fd9f38, 3348)
V/AudioCache(25587): wait - success
V/StagefrightPlayer(25587): reset
I/AwesomePlayer(25587): reset
I/AwesomePlayer(25587): cancel player events
V/AwesomePlayer(25587): mAudioTrackVector clear
I/OMXCodec(25587): [OMX.google.vorbis.decoder] stop() sendCommand(0x1, OMX_CommandStateSet, OMX_StateIdle)
I/OMXCodec(25587): [OMX.google.vorbis.decoder] stopped in state 1
I/AwesomePlayer(25587): --mSystemTimeSourceForSync reset ok
V/StagefrightPlayer(25587): ~StagefrightPlayer
V/StagefrightPlayer(25587): reset
I/AwesomePlayer(25587): reset
I/AwesomePlayer(25587): cancel player events
V/AwesomePlayer(25587): mAudioTrackVector clear
I/AwesomePlayer(25587): --mSystemTimeSourceForSync reset ok
V/AwesomePlayer(25587): destructor
I/AwesomePlayer(25587): reset
I/AwesomePlayer(25587): cancel player events
V/AwesomePlayer(25587): mAudioTrackVector clear
I/AwesomePlayer(25587): --mSystemTimeSourceForSync reset ok
V/AwesomePlayer(25587): ~AwesomePlayer()
V/MediaPlayer(25618): decode(122, 0, 12866)
V/MediaPlayerService(25587): decode(37, 0, 12866)
V/MediaPlayerService(25587): player type = 3
V/MediaPlayerService(25587):  create StagefrightPlayer
V/AwesomePlayer(25587): setDefault
V/AwesomePlayer(25587): constructor
V/AwesomePlayer(25587): setDefault
I/AwesomePlayer(25587): reset
I/AwesomePlayer(25587): cancel player events
V/AwesomePlayer(25587): mAudioTrackVector clear
I/AwesomePlayer(25587): --mSystemTimeSourceForSync reset ok
V/AwesomePlayer(25587): setListener
V/StagefrightPlayer(25587): setAudioSink
V/AwesomePlayer(25587): setAudioSink
V/StagefrightPlayer(25587): setDataSource(37, 0, 12866)
V/AwesomePlayer(25587): setDataSource fd
I/AwesomePlayer(25587): cancel player events
V/AwesomePlayer(25587): mAudioTrackVector clear
I/AwesomePlayer(25587): --mSystemTimeSourceForSync reset ok
I/MediaExtractor(25587): Autodetected media content as 'application/ogg' with confidence 0.20
V/AwesomePlayer(25587): track of type 'audio/vorbis' does not publish bitrate
V/AwesomePlayer(25587): mBitrate = -1 bits/sec
V/AwesomePlayer(25587): current audio track (0)
V/AwesomePlayer(25587): current audio track (0) is added to vector[0]
V/AwesomePlayer(25587): setDataSource_l: Audio(1), Video(0)
I/AwesomePlayer(25587): AwesomePlayer::setDataSource_l():: This is not a DRM content
V/MediaPlayerService(25587): prepare
V/StagefrightPlayer(25587): prepareAsync
V/AwesomePlayer(25587): prepareAsync
V/MediaPlayerService(25587): wait for prepare
V/AwesomePlayer(25587): onPrepareAsyncEvent
I/AwesomePlayer(25587): initAudioDecoder start
V/AwesomePlayer(25587): notifyListner_l() msg (5-MEDIA_SET_VIDEO_SIZE), ext1 (0), ext2 (0)
V/AudioCache(25587): notify(0x1fbc588, 5, 0, 0)
V/AudioCache(25587): ignored
V/AwesomePlayer(25587): notifyListner_l() msg (1-MEDIA_PREPARED), ext1 (0), ext2 (0)
V/AudioCache(25587): notify(0x1fbc588, 1, 0, 0)
V/AudioCache(25587): prepared
V/AudioCache(25587): wait - success
V/MediaPlayerService(25587): start
V/StagefrightPlayer(25587): start
V/AwesomePlayer(25587): play
I/AwesomePlayer(25587): AwesomePlayer::play_l():: this is not widevine!! 
I/AwesomePlayer(25587): AwesomePlayer::play_l():: This is not a DRM content
D/DynamicPermissionService(25618): Read premissions done
D/DynamicPermissionService(25618): Read pre-installed packages done
D/DynamicPermissionService(25618): Init from files done
V/AudioCache(25587): open(48000, 2, 1, 4)
V/MediaPlayerService(25587): wait for playback complete
D/DynamicPermissionService(25618): Add DynamicPermissionService to SystemServer
I/Ifttt   (25618): Ifttt Service
V/AudioCache(25587): write(0x1fd5630, 4096)
V/AudioCache(25587): memcpy(0x42854000, 0x1fd5630, 4096)
V/AudioCache(25587): write(0x1fd5630, 4096)
V/AudioCache(25587): memcpy(0x42855000, 0x1fd5630, 4096)
V/AudioCache(25587): write(0x1fd5630, 4096)
V/AudioCache(25587): memcpy(0x42856000, 0x1fd5630, 4096)
D/EventHub(25618): ledBitmask is set (LED_MISC)
I/EventHub(25618): New device: id=2, fd=146, path='/dev/input/event6', name='sec_touchscreen', classes=0x15, configuration='/system/usr/idc/sec_touchscreen.idc', keyLayout='/system/usr/keylayout/Generic.kl', keyCharacterMap='/system/usr/keychars/Generic.kcm', builtinKeyboard=false
V/AudioCache(25587): write(0x1fd5630, 4096)
V/AudioCache(25587): memcpy(0x42857000, 0x1fd5630, 4096)
V/AudioCache(25587): write(0x1fd5630, 4096)
V/AudioCache(25587): memcpy(0x42858000, 0x1fd5630, 4096)
V/AudioCache(25587): write(0x1fd5630, 4096)
V/AudioCache(25587): memcpy(0x42859000, 0x1fd5630, 4096)
V/AudioCache(25587): write(0x1fd5630, 4096)
V/AudioCache(25587): memcpy(0x4285a000, 0x1fd5630, 4096)
E/OMXCodec(25587): [OMX.google.vorbis.decoder] err = -1011
V/AudioCache(25587): write(0x1fd5630, 4096)
V/AudioCache(25587): memcpy(0x4285b000, 0x1fd5630, 4096)
V/AudioCache(25587): write(0x1fd5630, 4096)
V/AudioCache(25587): memcpy(0x4285c000, 0x1fd5630, 4096)
V/AudioCache(25587): write(0x1fd5630, 4096)
V/AudioCache(25587): memcpy(0x4285d000, 0x1fd5630, 4096)
V/AudioCache(25587): write(0x1fd5630, 4096)
V/AudioCache(25587): memcpy(0x4285e000, 0x1fd5630, 4096)
D/SmartPowerService(25618): SmartPowerService create!!!
V/AwesomePlayer(25587): MEDIA_PLAYBACK_COMPLETE
V/AwesomePlayer(25587): notifyListner_l() msg (2-MEDIA_PLAYBACK_COMPLETE), ext1 (0), ext2 (0)
V/AudioCache(25587): notify(0x1fbc588, 2, 0, 0)
V/AudioCache(25587): playback complete - thread will wake up later
V/AudioCache(25587): wait - success
V/StagefrightPlayer(25587): reset
I/AwesomePlayer(25587): reset
I/AwesomePlayer(25587): cancel player events
V/AwesomePlayer(25587): mAudioTrackVector clear
I/OMXCodec(25587): [OMX.google.vorbis.decoder] stop() sendCommand(0x2, OMX_CommandStateSet, OMX_StateIdle)
I/OMXCodec(25587): [OMX.google.vorbis.decoder] stopped in state 1
I/AwesomePlayer(25587): --mSystemTimeSourceForSync reset ok
V/StagefrightPlayer(25587): ~StagefrightPlayer
V/StagefrightPlayer(25587): reset
I/AwesomePlayer(25587): reset
I/AwesomePlayer(25587): cancel player events
V/AwesomePlayer(25587): mAudioTrackVector clear
I/AwesomePlayer(25587): --mSystemTimeSourceForSync reset ok
V/AwesomePlayer(25587): destructor
I/AwesomePlayer(25587): reset
I/AwesomePlayer(25587): cancel player events
V/AwesomePlayer(25587): mAudioTrackVector clear
I/AwesomePlayer(25587): --mSystemTimeSourceForSync reset ok
V/AwesomePlayer(25587): ~AwesomePlayer()
D/EventHub(25618): No input device configuration file found for device 'orientation'.
D/EventHub(25618): No input device configuration file found for device 'accelerometer'.
D/EventHub(25618): No input device configuration file found for device 'sprd-keypad'.
I/EventHub(25618): New device: id=5, fd=168, path='/dev/input/event5', name='sprd-keypad', classes=0x1, configuration='', keyLayout='/system/usr/keylayout/sprd-keypad.kl', keyCharacterMap='/system/usr/keychars/Generic.kcm', builtinKeyboard=false
D/EventHub(25618): No input device configuration file found for device 'geomagnetic_raw'.
D/EventHub(25618): No input device configuration file found for device 'geomagnetic'.
I/ApplicationPolicy(25618): registerPackageChangeReceiver() : Done
I/ApplicationIconDb(25618): getApplicationIconChangedList  : 
I/ApplicationPolicy(25618): registerNetworkChangeReceiver
I/ApplicationPolicy(25618): registerNetworkChangeReceiver() : Done
I/InputReader(25618): Device added: id=5, name='sprd-keypad', sources=0x00000101
D/InputReader(25618): TouchInputMapper::configureParameters() : set to default value DEVICE_TYPE_TOUCH_SCREEN
I/InputReader(25618):   Touch device 'sec_touchscreen' could not query the properties of its associated display 0.  The device will be inoperable until the display size becomes available.
D/InputReader(25618): MultiTouchMotionAccumulator: initial slot number is 0
I/InputReader(25618): Device added: id=2, name='sec_touchscreen', sources=0x00001103
D/InputDispatcher(25618): to control touch backlight at bottom
D/InputDispatcher(25618): setTouchKeyDeviceId : 0x2
I/InputReader(25618): Device added: id=1, name='headset-keyboard', sources=0x00000101
I/InputReader(25618): Reconfiguring input devices.  changes=0x00000004
I/InputReader(25618): Device reconfigured: id=2, name='sec_touchscreen', surface size is now 480x800, mode is 1
I/EDM :   (25618): isRoamingSyncEnabled : true
I/keystore(  101): uid: 1000 action: t -> 1 state: 1 -> 1 retry: 4
I/keystore(  101): uid: 1000 action: s -> 1 state: 1 -> 1 retry: 4
D/EnterpriseVpnPolicy(25618): bindVpnInterfaces()
W/PhoneRestrictionPolicy(25618):  >>> PhoneRestrictionPolicy.PhoneRestrictionPolicy()
D/ClipboardServiceEx(25618): load ...info file
D/ClipboardServiceEx(25618): load object file
D/ClipboardServiceEx(25618): load object file
D/ClipboardServiceEx(25618): load object file
D/ClipboardServiceEx(25618): load object file
D/ClipboardServiceEx(25618): load object file
D/ClipboardServiceEx(25618): load object file
W/System.err(25618): java.lang.NullPointerException
W/System.err(25618): 	at com.android.server.WifiService.<init>(WifiService.java:889)
W/System.err(25618): 	at com.android.server.ServerThread.run(SystemServer.java:519)
D/Tethering(25618): Boot not complete yet.
D/Tethering(25618): Boot not complete yet.
I/AudioService(25618):   Remote Control   registerMediaButtonIntent()
V/AudioPolicyManagerBase(25587): initStreamVolume() stream 0, min 0, max 5
V/AudioPolicyManagerBase(25587): setStreamVolumeIndex() stream 0, index 3
V/AudioPolicyManagerALSA(25587): setStreamVolume() for output 1 stream 0, volume 0.501187, delay 0
V/AudioPolicyService(25587): inserting command: 2 at index 0, num commands 0
V/AudioPolicyService(25587): AudioCommandThread() adding set volume stream 0, volume 0.506175, output 1
V/AudioPolicyService(25587): AudioCommandThread() waking up
V/AudioPolicyService(25587): AudioCommandThread() processing set volume stream 0,                             volume 0.506175, output 1
V/AudioPolicyService(25587): AudioCommandThread() going to sleep
V/AudioPolicyService(25587): inserting command: 4 at index 0, num commands 0
V/AudioPolicyService(25587): AudioCommandThread() adding set voice volume volume 0.600000
V/AudioPolicyService(25587): AudioCommandThread() waking up
V/AudioPolicyService(25587): AudioCommandThread() processing set voice volume volume 0.600000
D/AudioHardwareALSA(25587): setVoiceVolume=0.600000
V/AudioPolicyService(25587): AudioCommandThread() going to sleep
V/AudioPolicyManagerBase(25587): initStreamVolume() stream 1, min 0, max 7
V/AudioPolicyManagerBase(25587): setStreamVolumeIndex() stream 1, index 4
V/AudioPolicyManagerALSA(25587): setStreamVolume() for output 1 stream 1, volume 0.251189, delay 0
V/AudioPolicyService(25587): inserting command: 2 at index 0, num commands 0
V/AudioPolicyService(25587): AudioCommandThread() adding set volume stream 1, volume 0.251189, output 1
V/AudioPolicyService(25587): AudioCommandThread() waking up
V/AudioPolicyService(25587): AudioCommandThread() processing set volume stream 1,                             volume 0.251189, output 1
V/AudioPolicyService(25587): AudioCommandThread() going to sleep
V/AudioPolicyManagerBase(25587): initStreamVolume() stream 2, min 0, max 7
V/AudioPolicyManagerBase(25587): setStreamVolumeIndex() stream 2, index 2
V/AudioPolicyManagerALSA(25587): setStreamVolume() for output 1 stream 2, volume 0.100000, delay 0
V/AudioPolicyService(25587): inserting command: 2 at index 0, num commands 0
V/AudioPolicyService(25587): AudioCommandThread() adding set volume stream 2, volume 0.100000, output 1
V/AudioPolicyService(25587): AudioCommandThread() waking up
V/AudioPolicyService(25587): AudioCommandThread() processing set volume stream 2,                             volume 0.100000, output 1
V/AudioPolicyService(25587): AudioCommandThread() going to sleep
V/AudioPolicyManagerBase(25587): initStreamVolume() stream 3, min 0, max 15
I/AudioService(25618): isMediaSilentMode false
V/AudioPolicyManagerBase(25587): setStreamVolumeIndex() stream 3, index 11
V/AudioPolicyManagerBase(25587): getNewDevice() selected device 0
V/AudioPolicyManagerBase(25587): getDeviceForStrategy() from cache strategy 0, device 2
D/AudioPolicyManagerBase(25587): return MUSIC_SPK index=11
V/AudioPolicyManagerALSA(25587): setStreamVolume() for output 1 stream 3, volume 0.251189, delay 0
V/AudioPolicyService(25587): inserting command: 2 at index 0, num commands 0
V/AudioPolicyService(25587): AudioCommandThread() adding set volume stream 3, volume 0.251189, output 1
V/AudioPolicyService(25587): AudioCommandThread() waking up
V/AudioPolicyService(25587): AudioCommandThread() processing set volume stream 3,                             volume 0.251189, output 1
V/AudioPolicyService(25587): AudioCommandThread() going to sleep
V/AudioPolicyManagerBase(25587): getNewDevice() selected device 0
V/AudioPolicyManagerBase(25587): getDeviceForStrategy() from cache strategy 0, device 2
V/AudioPolicyService(25587): inserting command: 3 at index 0, num commands 0
V/AudioPolicyService(25587): AudioCommandThread() adding set parameter string music_volume=0.2511886358;music_volume_index=11, io 1 ,delay 0
V/AudioPolicyService(25587): AudioCommandThread() waking up
V/AudioPolicyService(25587): AudioCommandThread() processing set parameters string music_volume=0.2511886358;music_volume_index=11, io 1
V/AudioFlinger(25587): setParameters(): io 1, keyvalue music_volume=0.2511886358;music_volume_index=11, tid 25613, calling tid 25587
V/AudioFlinger(25587): ThreadBase::setParameters() music_volume=0.2511886358;music_volume_index=11
V/AudioFlinger(25587): MixerThread 0x1faa780 TID 25616 waking up
V/AudioFlinger(25587): acquireWakeLock_l() AudioOut_1 status 0
D/AudioHardwareALSA(25587): ALSAStreamOps::setParameters() music_volume=0.2511886358;music_volume_index=11
I/AudioHardwareALSA(25587): volIndex=11
I/AudioHardwareALSA(25587): [setMusicVolumeIndex]mMusicVolumeIndex=0,music_volume_index= 11
I/AudioHardwareALSA(25587): [setMusicVolume][mOutput]mMusicVolumeIndex=11
E/AudioHardwareALSA(25587): mIsMusicVolumeIndex [7],MusicVolumeIndex[11]
I/AudioHardwareALSA(25587): volGain=0.251189
I/AudioHardwareALSA(25587): [setMusicVolume]mIsMusicVolume=0.000000,music_volume=0.251189
I/AudioHardwareALSA(25587): [setMusicVolume][mOutput]mMusicVolume=0.251189
E/AudioHardwareALSA(25587): mMusicVolume [1.000000]MusicVolume[0.251189]
V/AudioPolicyService(25587): AudioCommandThread() going to sleep
V/AudioPolicyManagerBase(25587): initStreamVolume() stream 4, min 0, max 7
V/AudioPolicyManagerBase(25587): setStreamVolumeIndex() stream 4, index 7
V/AudioPolicyManagerALSA(25587): setStreamVolume() for output 1 stream 4, volume 1.000000, delay 0
V/AudioPolicyService(25587): inserting command: 2 at index 0, num commands 0
V/AudioPolicyService(25587): AudioCommandThread() adding set volume stream 4, volume 1.000000, output 1
V/AudioPolicyService(25587): AudioCommandThread() waking up
V/AudioPolicyService(25587): AudioCommandThread() processing set volume stream 4,                             volume 1.000000, output 1
V/AudioPolicyService(25587): AudioCommandThread() going to sleep
V/AudioPolicyManagerBase(25587): initStreamVolume() stream 5, min 0, max 7
V/AudioPolicyManagerBase(25587): setStreamVolumeIndex() stream 5, index 5
V/AudioPolicyManagerALSA(25587): setStreamVolume() for output 1 stream 5, volume 0.398107, delay 0
V/AudioPolicyService(25587): inserting command: 2 at index 0, num commands 0
V/AudioPolicyService(25587): AudioCommandThread() adding set volume stream 5, volume 0.398107, output 1
V/AudioPolicyService(25587): AudioCommandThread() waking up
V/AudioPolicyService(25587): AudioCommandThread() processing set volume stream 5,                             volume 0.398107, output 1
V/AudioPolicyService(25587): AudioCommandThread() going to sleep
V/AudioPolicyManagerBase(25587): initStreamVolume() stream 6, min 0, max 15
V/AudioPolicyManagerBase(25587): setStreamVolumeIndex() stream 6, index 7
V/AudioPolicyManagerALSA(25587): checkAndSetVolume() cannot set stream 6 volume with force use = 0 for comm
V/AudioPolicyManagerBase(25587): initStreamVolume() stream 7, min 0, max 7
V/AudioPolicyManagerBase(25587): setStreamVolumeIndex() stream 7, index 7
V/AudioPolicyManagerBase(25587): computeVolume : Camera Shutter Sound volume 1.000000
V/AudioPolicyManagerALSA(25587): setStreamVolume() for output 1 stream 7, volume 1.000000, delay 0
V/AudioPolicyService(25587): inserting command: 2 at index 0, num commands 0
V/AudioPolicyService(25587): AudioCommandThread() adding set volume stream 7, volume 1.000000, output 1
V/AudioPolicyService(25587): AudioCommandThread() waking up
V/AudioPolicyService(25587): AudioCommandThread() processing set volume stream 7,                             volume 1.000000, output 1
V/AudioPolicyService(25587): AudioCommandThread() going to sleep
V/AudioPolicyManagerBase(25587): initStreamVolume() stream 8, min 0, max 15
V/AudioPolicyManagerBase(25587): setStreamVolumeIndex() stream 8, index 3
V/AudioPolicyManagerALSA(25587): setStreamVolume() for output 1 stream 8, volume 0.014962, delay 0
V/AudioPolicyService(25587): inserting command: 2 at index 0, num commands 0
V/AudioPolicyService(25587): AudioCommandThread() adding set volume stream 8, volume 0.024813, output 1
V/AudioPolicyService(25587): AudioCommandThread() waking up
V/AudioPolicyService(25587): AudioCommandThread() processing set volume stream 8,                             volume 0.024813, output 1
V/AudioPolicyService(25587): AudioCommandThread() going to sleep
V/AudioPolicyManagerBase(25587): initStreamVolume() stream 9, min 0, max 15
V/AudioPolicyManagerBase(25587): setStreamVolumeIndex() stream 9, index 11
V/AudioPolicyManagerBase(25587): getNewDevice() selected device 0
V/AudioPolicyManagerBase(25587): getDeviceForStrategy() from cache strategy 0, device 2
D/AudioPolicyManagerBase(25587): return MUSIC_SPK index=11
V/AudioPolicyManagerALSA(25587): setStreamVolume() for output 1 stream 9, volume 0.421696, delay 0
V/AudioPolicyService(25587): inserting command: 2 at index 0, num commands 0
V/AudioPolicyService(25587): AudioCommandThread() adding set volume stream 9, volume 0.421696, output 1
V/AudioPolicyService(25587): AudioCommandThread() waking up
V/AudioPolicyService(25587): AudioCommandThread() processing set volume stream 9,                             volume 0.421696, output 1
V/AudioPolicyService(25587): AudioCommandThread() going to sleep
V/AudioPolicyManagerBase(25587): initStreamVolume() stream 10, min 0, max 15
V/AudioPolicyManagerBase(25587): setStreamVolumeIndex() stream 10, index 11
V/AudioPolicyManagerBase(25587): getNewDevice() selected device 0
V/AudioPolicyManagerBase(25587): getDeviceForStrategy() from cache strategy 0, device 2
D/AudioPolicyManagerBase(25587): return MUSIC_SPK index=11
V/AudioPolicyManagerALSA(25587): setStreamVolume() for output 1 stream 10, volume 0.251189, delay 0
V/AudioPolicyService(25587): inserting command: 2 at index 0, num commands 0
V/AudioPolicyService(25587): AudioCommandThread() adding set volume stream 10, volume 0.251189, output 1
V/AudioPolicyService(25587): AudioCommandThread() waking up
V/AudioPolicyService(25587): AudioCommandThread() processing set volume stream 10,                             volume 0.251189, output 1
V/AudioPolicyService(25587): AudioCommandThread() going to sleep
V/AudioPolicyManagerBase(25587): initStreamVolume() stream 11, min 0, max 5
V/AudioPolicyManagerBase(25587): setStreamVolumeIndex() stream 11, index 3
V/AudioPolicyManagerALSA(25587): setStreamVolume() for output 1 stream 11, volume 0.501187, delay 0
V/AudioPolicyService(25587): inserting command: 2 at index 0, num commands 0
V/AudioPolicyService(25587): AudioCommandThread() adding set volume stream 11, volume 0.501187, output 1
V/AudioPolicyService(25587): AudioCommandThread() waking up
V/AudioPolicyService(25587): AudioCommandThread() processing set volume stream 11,                             volume 0.501187, output 1
V/AudioPolicyService(25587): AudioCommandThread() going to sleep
V/AudioPolicyManagerBase(25587): initStreamVolume() stream 12, min 0, max 5
V/AudioPolicyManagerBase(25587): setStreamVolumeIndex() stream 12, index 3
V/AudioPolicyManagerALSA(25587): setStreamVolume() for output 1 stream 12, volume 0.501187, delay 0
V/AudioPolicyService(25587): inserting command: 2 at index 0, num commands 0
V/AudioPolicyService(25587): AudioCommandThread() adding set volume stream 12, volume 0.501187, output 1
V/AudioPolicyService(25587): AudioCommandThread() waking up
V/AudioPolicyService(25587): AudioCommandThread() processing set volume stream 12,                             volume 0.501187, output 1
V/AudioPolicyService(25587): AudioCommandThread() going to sleep
V/AudioPolicyManagerBase(25587): initStreamVolume() stream 13, min 0, max 15
I/AudioService(25618): isMediaSilentMode false
V/AudioPolicyManagerBase(25587): setStreamVolumeIndex() stream 13, index 14
V/AudioPolicyManagerBase(25587): getNewDevice() selected device 0
V/AudioPolicyManagerBase(25587): getDeviceForStrategy() from cache strategy 0, device 2
D/AudioPolicyManagerBase(25587): return MUSIC_SPK index=11
V/AudioPolicyManagerBase(25587): getNewDevice() selected device 0
V/AudioPolicyManagerBase(25587): getDeviceForStrategy() from cache strategy 0, device 2
V/AudioPolicyManagerBase(25587): initStreamVolume() stream 14, min 0, max 15
V/AudioPolicyManagerBase(25587): setStreamVolumeIndex() stream 14, index 14
V/AudioPolicyManagerBase(25587): getNewDevice() selected device 0
V/AudioPolicyManagerBase(25587): getDeviceForStrategy() from cache strategy 0, device 2
D/AudioPolicyManagerBase(25587): return MUSIC_SPK index=11
V/AudioPolicyManagerBase(25587): initStreamVolume() stream 15, min 0, max 15
V/AudioPolicyManagerBase(25587): setStreamVolumeIndex() stream 15, index 14
V/AudioPolicyManagerBase(25587): getNewDevice() selected device 0
V/AudioPolicyManagerBase(25587): getDeviceForStrategy() from cache strategy 0, device 2
D/AudioPolicyManagerBase(25587): return MUSIC_SPK index=11
V/AudioPolicyManagerBase(25587): setStreamVolumeIndex() stream 8, index 9
V/AudioPolicyManagerALSA(25587): setStreamVolume() for output 1 stream 8, volume 0.125893, delay 0
V/AudioPolicyService(25587): inserting command: 2 at index 0, num commands 0
V/AudioPolicyService(25587): AudioCommandThread() adding set volume stream 8, volume 0.134634, output 1
V/AudioPolicyService(25587): AudioCommandThread() waking up
V/AudioPolicyService(25587): AudioCommandThread() processing set volume stream 8,                             volume 0.134634, output 1
V/AudioPolicyService(25587): AudioCommandThread() going to sleep
V/AudioPolicyManagerBase(25587): setStreamVolumeIndex() stream 9, index 11
V/AudioPolicyManagerBase(25587): getNewDevice() selected device 0
V/AudioPolicyManagerBase(25587): getDeviceForStrategy() from cache strategy 0, device 2
D/AudioPolicyManagerBase(25587): return MUSIC_SPK index=11
V/AudioPolicyManagerBase(25587): setStreamVolumeIndex() stream 10, index 11
V/AudioPolicyManagerBase(25587): getNewDevice() selected device 0
V/AudioPolicyManagerBase(25587): getDeviceForStrategy() from cache strategy 0, device 2
D/AudioPolicyManagerBase(25587): return MUSIC_SPK index=11
V/AudioPolicyManagerBase(25587): setStreamVolumeIndex() stream 11, index 3
V/AudioPolicyManagerBase(25587): setStreamVolumeIndex() stream 12, index 3
V/AudioPolicyManagerBase(25587): setStreamVolumeIndex() stream 14, index 14
V/AudioPolicyManagerBase(25587): getNewDevice() selected device 0
V/AudioPolicyManagerBase(25587): getDeviceForStrategy() from cache strategy 0, device 2
D/AudioPolicyManagerBase(25587): return MUSIC_SPK index=11
V/AudioPolicyManagerBase(25587): setStreamVolumeIndex() stream 15, index 14
V/AudioPolicyManagerBase(25587): getNewDevice() selected device 0
V/AudioPolicyManagerBase(25587): getDeviceForStrategy() from cache strategy 0, device 2
D/AudioPolicyManagerBase(25587): return MUSIC_SPK index=11
V/AudioFlinger(25587): registerClient() client 0x1facb10, pid 25618
V/AudioFlinger(25587): sendConfigEvent() num events 1 event 0, param 0
V/AudioFlinger(25587): setParameters(): io 0, keyvalue toMono=0, tid 25587, calling tid 25618
V/AudioFlinger(25587): setParameters::  string = toMono=0 / ioHandle = 0 
V/AudioFlinger(25587): setParameters:: send AudioHAL 
D/AudioHardwareALSA(25587): LVVE AudioHardwareALSA::setParameters() toMono=0
D/AudioHardwareALSA(25587): AudioHardwareALSA::setParameters() toMono=0
E/AudioSystem(25618): isMediaServerStarted
V/AudioFlinger(25587): processConfigEvents() remaining events 1
V/AudioFlinger(25587): PlaybackThread::audioConfigChanged_l, thread 0x1faa780, event 0, param 0
W/AudioHardwareALSA(25587): alsa CTS latency lowered to 9000 from 21768
D/dalvikvm(25618): GC_CONCURRENT freed 877K, 18% free 6580K/8007K, paused 3ms+5ms
I/WindowManager(25618): SAFE MODE not enabled
D/dalvikvm(25618): JIT started for system_server
I/EnterpriseDeviceManagerService(25618): Check for migration from 1.0
I/EnterpriseDeviceManagerService(25618): Migration from 1.0 already done
E/SQLiteDatabase(25618): Error inserting canRemove=true adminName=com.android.systemui/com.android.systemui.AdminReceiver adminUid=1000
E/SQLiteDatabase(25618): android.database.sqlite.SQLiteConstraintException: error code 19: constraint failed
E/SQLiteDatabase(25618): 	at android.database.sqlite.SQLiteStatement.native_executeInsert(Native Method)
E/SQLiteDatabase(25618): 	at android.database.sqlite.SQLiteStatement.executeInsert(SQLiteStatement.java:113)
E/SQLiteDatabase(25618): 	at android.database.sqlite.SQLiteDatabase.insertWithOnConflict(SQLiteDatabase.java:1839)
E/SQLiteDatabase(25618): 	at android.database.sqlite.SQLiteDatabase.insert(SQLiteDatabase.java:1712)
E/SQLiteDatabase(25618): 	at com.android.server.enterprise.EdmStorageHelper.addAdmin(EdmStorageHelper.java:2312)
E/SQLiteDatabase(25618): 	at com.android.server.enterprise.EdmStorageProvider.addAdmin(EdmStorageProvider.java:346)
E/SQLiteDatabase(25618): 	at com.android.server.enterprise.EnterpriseDeviceManagerService.loadActiveAdmins(EnterpriseDeviceManagerService.java:533)
E/SQLiteDatabase(25618): 	at com.android.server.enterprise.EnterpriseDeviceManagerService.systemReady(EnterpriseDeviceManagerService.java:621)
E/SQLiteDatabase(25618): 	at com.android.server.ServerThread.run(SystemServer.java:893)
W/BluetoothPolicyService(25618): com.android.server.enterprise.EdmStorageProvider$SettingNotFoundException: Admin data is null
W/BluetoothPolicyService(25618): com.android.server.enterprise.EdmStorageProvider$SettingNotFoundException: Admin data is null
I/ApplicationPermissionControlPolicy(25618): systemReady...
W/BluetoothPolicyService(25618): com.android.server.enterprise.EdmStorageProvider$SettingNotFoundException: Admin data is null
W/BluetoothPolicyService(25618): com.android.server.enterprise.EdmStorageProvider$SettingNotFoundException: Admin data is null
W/BluetoothPolicyService(25618): com.android.server.enterprise.EdmStorageProvider$SettingNotFoundException: Admin data is null
W/BluetoothPolicyService(25618): com.android.server.enterprise.EdmStorageProvider$SettingNotFoundException: Admin data is null
I/ApplicationPermissionControlPolicy(25618): reinforceApplicationPermissionControl
I/System.out(25618): PATH : com.baidu.netdisk
W/System.err(25618): android.content.pm.PackageManager$NameNotFoundException: com.sec.enterprise.permissions
W/System.err(25618): 	at android.app.ApplicationPackageManager.getPackageInfo(ApplicationPackageManager.java:90)
W/System.err(25618): 	at com.android.server.enterprise.PayloadVerifier.verify(PayloadVerifier.java:252)
W/System.err(25618): 	at com.android.server.pm.PackageManagerService.verifyGrantExternalPermissions(PackageManagerService.java:9904)
W/System.err(25618): 	at com.android.server.enterprise.EnterpriseDeviceManagerService.verifyEnterprisePayload(EnterpriseDeviceManagerService.java:910)
W/System.err(25618): 	at com.android.server.enterprise.EnterpriseDeviceManagerService.systemReady(EnterpriseDeviceManagerService.java:632)
W/System.err(25618): 	at com.android.server.ServerThread.run(SystemServer.java:893)
I/System.out(25618): Enterprise APK Path is NULL , cannot proceed with payload verification.
I/EnterpriseDeviceManagerService(25618): Payload Verified : false
I/System.out(25618): PATH : null
W/System.err(25618): android.content.pm.PackageManager$NameNotFoundException: com.sec.enterprise.permissions
W/System.err(25618): 	at android.app.ApplicationPackageManager.getPackageInfo(ApplicationPackageManager.java:90)
W/System.err(25618): 	at com.android.server.enterprise.PayloadVerifier.verify(PayloadVerifier.java:252)
W/System.err(25618): 	at com.android.server.pm.PackageManagerService.verifyGrantExternalPermissions(PackageManagerService.java:9904)
W/System.err(25618): 	at com.android.server.enterprise.EnterpriseDeviceManagerService.verifyEnterprisePayload(EnterpriseDeviceManagerService.java:910)
W/System.err(25618): 	at com.android.server.enterprise.EnterpriseDeviceManagerService.systemReady(EnterpriseDeviceManagerService.java:632)
W/System.err(25618): 	at com.android.server.ServerThread.run(SystemServer.java:893)
I/System.out(25618): Enterprise APK Path is NULL , cannot proceed with payload verification.
I/EnterpriseDeviceManagerService(25618): Payload Verified : false
I/System.out(25618): PATH : null
W/System.err(25618): android.content.pm.PackageManager$NameNotFoundException: com.sec.enterprise.permissions
W/System.err(25618): 	at android.app.ApplicationPackageManager.getPackageInfo(ApplicationPackageManager.java:90)
W/System.err(25618): 	at com.android.server.enterprise.PayloadVerifier.verify(PayloadVerifier.java:252)
W/System.err(25618): 	at com.android.server.pm.PackageManagerService.verifyGrantExternalPermissions(PackageManagerService.java:9904)
W/System.err(25618): 	at com.android.server.enterprise.EnterpriseDeviceManagerService.verifyEnterprisePayload(EnterpriseDeviceManagerService.java:910)
W/System.err(25618): 	at com.android.server.enterprise.EnterpriseDeviceManagerService.systemReady(EnterpriseDeviceManagerService.java:632)
W/System.err(25618): 	at com.android.server.ServerThread.run(SystemServer.java:893)
I/System.out(25618): Enterprise APK Path is NULL , cannot proceed with payload verification.
I/EnterpriseDeviceManagerService(25618): Payload Verified : false
I/Zygote  (25618): Process: zygote socket opened
V/TransportControlView(25618): Create TCV com.android.internal.widget.TransportControlView@413f9f10
D/dalvikvm(25618): GC_CONCURRENT freed 576K, 14% free 7070K/8199K, paused 2ms+11ms
D/VoiceprintUnlock(25618): initLayout: voiceprint unlock 
W/ResourceType(25618): No known package when getting value for resource number 0x0509003b
W/dalvikvm(25618): threadid=27: thread exiting with uncaught exception (group=0x40c69210)
E/android.os.Debug(25618): !@Dumpstate > dumpstate -k -t -n -z -d -o /data/log/dumpstate_sys_error
I/dumpstate(25752): begin
D/dalvikvm(25710): GC_CONCURRENT freed 134K, 22% free 2622K/3335K, paused 2ms+2ms
E/Watchdog(25618): !@Sync 0
D/ApplicationPolicy(25618): isStatusBarNotificationAllowed: packageName = android
D/dalvikvm(25710): GC_FOR_ALLOC freed 335K, 26% free 2786K/3719K, paused 35ms
D/Posix   (25618): ## MMS_TRACE: ##: setsockoptInt(): option = 18, value = 1.
D/Posix   (25618): ## MMS_TRACE: ##: setsockoptInt(): option = 6, value = 1.
D/Posix   (25618): ## MMS_TRACE: ##: setsockoptInt(): option = 18, value = 1.
D/Posix   (25618): ## MMS_TRACE: ##: setsockoptInt(): option = 6, value = 1.
I/SystemServer(25618): !@End of System ServerThread
D/SmartPowerService(25618): receive broadcast! action = android.intent.action.BATTERY_CHANGED
D/SmartPowerService(25618): batteryLevel = 24
D/DeviceInfo(25618): Trying to connect to SysScope Service
I/dalvikvm(25784): Turning on JNI app bug workarounds for target SDK version 10...
I/ActivityThread(25765): Pub downloads: com.android.providers.downloads.DownloadProvider
D/gps_sirf(25618): sirf_open_gps_driver: called
D/gps_sirf(25618): start_delayed_tracker_upload success
D/gps_sirf(25618): sirf_get_gps_interface: sirf_get_gps_interface called, Line: 5721
D/gps_sirf(25618): sirf_gps_get_extension called : gps-xtra
D/gps_sirf(25618): sirf_gps_get_extension: interface gps-xtra not supported
D/gps_sirf(25618): sirf_gps_get_extension called : agps
D/gps_sirf(25618): sirf_gps_get_extension called : gps-ni
D/gps_sirf(25618): sirf_gps_get_extension called : gps-debug
D/gps_sirf(25618): sirf_gps_get_extension called : agps_ril
D/gps_sirf(25618): tracker_upload_thread entry
D/dalvikvm(25710): GC_CONCURRENT freed 111K, 18% free 3592K/4359K, paused 1ms+1ms
I/ActivityThread(25765): Pub drm: com.android.providers.drm.DrmProvider
I/DownloadManager(25765): in removeSpuriousFiles
I/ActivityThread(25765): Pub media: com.android.providers.media.MediaProvider
I/DownloadManager(25765): deleting spurious file /cache/backup
I/DownloadManager(25765): deleting spurious file /cache/hidden_volume.txt
I/ActivityThread(25801): Pub com.baidu.register.provider: com.baidu.register.util.RegProvider
I/ActivityThread(25801): Pub com.baidu.bsy.channel: com.baidu.channel.ChannelProvider
I/ActivityThread(25765): Pub resmanager: com.android.providers.media.ResFileProvider
D/dalvikvm(25784): GC_CONCURRENT freed 131K, 20% free 2736K/3399K, paused 2ms+2ms
I/ActivityThread(25784): Pub com.baidu.home2.cloudstorage.provider: com.baidu.yi.sdk.cloudstorage.provider.CloudStorageProvider
I/ActivityThread(25784): Pub com.baidu.home2: com.baidu.launcher.db.LauncherProvider
D/GpsLocationProvider(25618): handleEnable
D/gps_sirf(25618): sirf_gps_init: called
D/gps_sirf(25618): load_properties: failed to open file (2)
D/gps_sirf(25618): ERROR : sirf_sec_property_load_config: load properties error
D/gps_sirf(25618): sirf_gps_log_enable called : LOGGING OFF
D/gps_sirf(25618): Configure GPS Capabilites - Scheduling, MSB, MSA
D/gps_sirf(25618): sirf_gps_init CsrSchedRegisterExternalSend : CsrSchedExternalMessageHandler
E/RecentTasksLoader(25710): Can't open file : java.io.FileNotFoundException: /data/data/com.android.systemui/files/LOCKED_TASK: open failed: ENOENT (No such file or directory)
I/ActivityThread(25784): Pub com.baidu.home2.ui.widget.baidu.weather: com.baidu.launcher.ui.widget.baidu.weather.provider.ForecastProvider
D/dalvikvm(25710): GC_FOR_ALLOC freed 123K, 13% free 5262K/6023K, paused 37ms
D/MtpService(25765): addStorageLocked 65537 /mnt/sdcard
D/MtpService(25765): addStorageLocked 131073 /mnt/extSdCard
D/MtpService(25765): starting MTP server in MTP mode
D/MediaScanner(25765): MediaScanner - mSkipList (/mnt/sdcard/autonavidata50/,/mnt/sdcard/DioDict3B/)
I/dalvikvm-heap(25710): Grow heap (frag case) to 7.978MB for 2424976-byte allocation
E/MtpServerJNI(25765): could not open MTP driver, errno: 2
D/MtpService(25765): addStorageLocked 131073 /mnt/extSdCard
E/MtpServerJNI(25765): server is null in add_storage
D/MtpService(25765): addStorageLocked 65537 /mnt/sdcard
E/MtpServerJNI(25765): server is null in add_storage
E/MtpServerJNI(25765): server is null in run
E/MtpServerJNI(25765): server is null in cleanup
W/dalvikvm(25821): Unable to resolve superclass of Lcom/baidu/map/location/d; (83)
W/dalvikvm(25821): Link of class 'Lcom/baidu/map/location/d;' failed
W/dalvikvm(25821): Unable to resolve superclass of Lcom/baidu/map/location/d; (83)
W/dalvikvm(25821): Link of class 'Lcom/baidu/map/location/d;' failed
I/dalvikvm(25821): Could not find method com.baidu.map.location.d.a, referenced from method com.baidu.map.location.BaiduNetworkLocationService.onBind
W/dalvikvm(25821): VFY: unable to resolve static method 917: Lcom/baidu/map/location/d;.a (Landroid/content/Context;)V
D/dalvikvm(25821): VFY: replacing opcode 0x71 at 0x00cb
D/dalvikvm(25710): GC_FOR_ALLOC freed 2K, 10% free 7628K/8455K, paused 65ms
D/dalvikvm(25821): Trying to load lib /data/data/com.baidu.map.location/lib/libnetworklocation.so 0x40f3aa38
D/dalvikvm(25821): Added shared lib /data/data/com.baidu.map.location/lib/libnetworklocation.so 0x40f3aa38
D/dalvikvm(25821): No JNI_OnLoad found in /data/data/com.baidu.map.location/lib/libnetworklocation.so 0x40f3aa38, skipping init
D/dalvikvm(25710): GC_CONCURRENT freed <1K, 10% free 7628K/8455K, paused 2ms+2ms
I/ApplicationPolicy(25618): getActualApplicationStateEnabled() : true
E/MTPRx   (25836): In MtpReceiverandroid.hardware.usb.action.USB_STATE
E/MTPRx   (25836):  value of dev_boot_completed is1
E/MTPRx   (25836):  booting is completed
E/MTPRx   (25836):  check value of boot_completed is1
E/MTPRx   (25836):  check booting is completed
V/AudioFlinger(25587): releaseWakeLock_l() AudioOut_1
V/AudioFlinger(25587): MixerThread 0x1faa780 TID 25616 going to sleep
E/MTPRx   (25836): Sd-Card path/mnt/extSdCard
E/MTPRx   (25836): Status for mount/Unmount :mounted
E/MTPRx   (25836): SDcard is  available
E/MTPRx   (25836): The value of first_boot is  1
E/MTPRx   (25836): [ 662] The value of first_boot is  1NORMAL SEQUENCE 
W/MTPRx   (25836): value of connected istrue
W/MTPRx   (25836): value of mtpEnabled istrue
W/MTPRx   (25836): value of ptpEnabled isfalse
E/MTPRx   (25836): Received USB_STATE with sdCardLaunch = 0
E/MTPRx   (25836): file kieswifi.dat is not found
I/ApplicationPolicy(25618): getActualApplicationStateEnabled() : true
E/MTPRx   (25836): usb mode = 0
E/MTPRx   (25836): MTP_RUNNING_STATUS = 1 and ptpEnabled = false  mtpEnabled =  true
E/MTPRx   (25836): Calling relaunchMTP in mtp mode
E/MTPRx   (25836): Inside reLaunchMTP . Sending the broadcast com.android.MTP.LAUNCH_MTP
E/MTPRx   (25836): ptpEnabled is false
E/MTPRx   (25836): sending broadcast after delay of 3 sec
E/MtpService(25836): onCreate.
I/ApplicationPolicy(25618): getActualApplicationStateEnabled() : true
E/MtpService(25836): onStartCommand.
W/MTPRx   (25836): calling native method
E/MTPJNIInterface(25836): < MTP > Registering BroadCast receiver :::::
E/MtpService(25836): handleMessage. msg= { what=0 when=-327ms arg1=1 obj=Intent { cmp=xxxx } }
I/ApplicationPolicy(25618): getActualApplicationStateEnabled() : true
I/System.out(25836): noti = 8
D/        (25836): mtp_turn_off : written string 1 into file /sys/class/sec/switch/disable_vbus
D/        (25836): written string MTP into file /sys/devices/platform/android_usb
D/        (25836): __mtp_handler_eh_notify: USB plugged out.
D/        (25836): [__mtp_handler_eh_notify:545] is_connected = 0 and is_enumeration_finished = 0
D/        (25836): [__mtp_handler_eh_notify:549] Enumeration not finished, trying to kill ...
D/        (25836): [__mtp_handler_eh_notify:560] sending event to event handler thread to close...
D/        (25836): [__mtp_handler_eh_notify:576]sending pthread_kill() to gthr_mtp_event ...0
W/MTPRx   (25836): notification from stack 0
D/baidu_location_service(25821): baidu location service start1 ...25821
D/dalvikvm(25618): GC_CONCURRENT freed 1199K, 20% free 7090K/8839K, paused 3ms+6ms
I/ApplicationPolicy(25618): getActualApplicationStateEnabled() : true
D/baidu_location_client(25821): baidu location connected ...
D/Posix   (25618): ## MMS_TRACE: ##: setsockoptInt(): option = 18, value = 1.
D/Posix   (25618): ## MMS_TRACE: ##: setsockoptInt(): option = 6, value = 1.
I/ApplicationPolicy(25618): getActualApplicationStateEnabled() : true
D/dalvikvm(25821): Trying to load lib /data/data/com.baidu.map.location/lib/liblocSDK_2_5OEM.so 0x40f3aa38
D/dalvikvm(25821): Added shared lib /data/data/com.baidu.map.location/lib/liblocSDK_2_5OEM.so 0x40f3aa38
D/dalvikvm(25821): No JNI_OnLoad found in /data/data/com.baidu.map.location/lib/liblocSDK_2_5OEM.so 0x40f3aa38, skipping init
D/gps_sirf(25618): controlPowerWakeLock: called
D/gps_sirf(25618): CSR_INFO : GPS_WAKE_LOCK_ENABLE
D/gps_sirf(25618): GSD5t_Config_init: called
D/gps_sirf(25618): sirf_gps_load_default_config: called
D/gps_sirf(25618): UART HW Flow Control : 0
D/gps_sirf(25618): sirf_gps_sgee_default_config_load: called
D/gps_sirf(25618): sirf_gps_load_config: called
D/gps_sirf(25618): [PROJECT : SAMSUNG_AMAZINGTD]
D/gps_sirf(25618): [EXTERNAL LNA : ENABLED]
D/gps_sirf(25618): [TCXO CLOCK : 26MHz]
D/gps_sirf(25618): [UART BAUD RATE : 460800]
D/gps_sirf(25618): [CODE LOAD BAUD RATE : 460800]
D/gps_sirf(25618): [FREQUENCY AIDING : DISABLED]
D/gps_sirf(25618): CSR_INFO : [SETID Type = IMSI]
D/gps_sirf(25618): log_path exists
D/gps_sirf(25618): [SSL ENABLED : TRUE]
D/gps_sirf(25618): [CERTI_VERSION : 0]
D/gps_sirf(25618): [CP_RESPONSETIME : 3]
D/gps_sirf(25618): [CONTROL_PLANE ENABLED : FALSE]
D/gps_sirf(25618): [ATT_NETWORK_OPERATOR ENABLED : FALSE]
D/gps_sirf(25618): [SGEE Enable : 1]
D/gps_sirf(25618): [EMC_ENABLE : FALSE]
D/gps_sirf(25618): sirf_gps_sgee_config_load: called
D/gps_sirf(25618): csr_gps_property_get_testSuplnfo called
D/gps_sirf(25618): sirf_gps_load_config: successfully loaded for GPS Config File
D/gps_sirf(25618): CSR_INFO : GSD5t Config Initialized Successfully
D/gps_sirf(25618): GSD5t_Init: called
D/gps_sirf(25618): CSR_INFO : GSD5T_INIT Config to use SIF
D/gps_sirf(25618): HWFC Enable : 0
I/linguang(25784): mPackageManager=android.app.ApplicationPackageManager@40f49918
I/System.out(25821): DefaultRequestDirector http execute enter loop 
D/gps_sirf(25618): SIRF_PAL_HW_WriteRESET : 0
D/gps_sirf(25618): returning fd from GPIO 0x00000105
E/Baidu Home2(25784): AppsDataManager: cursor is NULL or can NOT move to first
I/Baidu Home2(25784): Launcher: onCreate
D/gps_sirf(25618): SIRF_PAL_HW_WriteRESET : 1
D/gps_sirf(25618): returning fd from GPIO 0x00000106
D/gps_sirf(25618): SIRF_PAL_HW_WriteON_OFF : 0
D/gps_sirf(25618): SIRF_PAL_HW_WriteRESET : 1
D/gps_sirf(25618): returning fd from GPIO 0x00000106
D/gps_sirf(25618): SIRF_PAL_HW_WriteON_OFF : 0
D/gps_sirf(25618): [UART]SIRF_PAL_COM_UART_Open 
D/gps_sirf(25618): [UART]set_baud_rate_and_flow_control - ctsrts reset BAUD:115200
D/gps_sirf(25618): [UART]set_baud_rate_and_flow_control - ctsrts reset BAUD:460800
D/gps_sirf(25618): [UART]set_baud_rate_and_flow_control - ctsrts reset BAUD:460800
D/gps_sirf(25618): SIRF_PAL_HW_WriteON_OFF : 1
D/gps_sirf(25618): SIRF_PAL_HW_WriteON_OFF : 0
D/dalvikvm(25784): GC_CONCURRENT freed 574K, 26% free 3245K/4359K, paused 2ms+3ms
D/dalvikvm(25784): GC_FOR_ALLOC freed 101K, 25% free 3296K/4359K, paused 32ms
I/dalvikvm-heap(25784): Grow heap (frag case) to 3.868MB for 128656-byte allocation
D/dalvikvm(25784): GC_FOR_ALLOC freed 0K, 24% free 3422K/4487K, paused 35ms
D/dalvikvm(25618): GC_EXPLICIT freed 373K, 22% free 6919K/8839K, paused 6ms+26ms
I/SurfaceFlinger(   93): id=2669(1) createSurface 0x18ff304 (480x1),1 flag=0, StatusBas
D/dalvikvm(25784): GC_CONCURRENT freed 683K, 25% free 3775K/4999K, paused 2ms+2ms
I/SurfaceFlinger(   93): id=2670(2) createSurface 0x18ee0ac (1x1),2 flag=400, ImageWallpapes
D/dalvikvm(25784): GC_CONCURRENT freed 480K, 24% free 3807K/4999K, paused 2ms+2ms
D/dalvikvm(25710): GC_FOR_ALLOC freed 445K, 11% free 8356K/9351K, paused 58ms
D/dalvikvm(25784): GC_CONCURRENT freed 302K, 20% free 4017K/4999K, paused 1ms+2ms
