I/dalvikvm-heap(25710): Grow heap (frag case) to 15.718MB for 7372816-byte allocation
D/dalvikvm(25710): GC_FOR_ALLOC freed 11K, 7% free 15545K/16583K, paused 35ms
D/dalvikvm(25710): GC_CONCURRENT freed 2K, 7% free 15542K/16583K, paused 1ms+33ms
I/Baidu Home2(25784): DockBar: DockBar(Context context, AttributeSet attrs)
E/MTPRx   (25836): In MtpReceivercom.android.MTP.LAUNCH_MTP
E/MTPRx   (25836): Inside com.android.MTP.LAUNCH_MTP
E/MTPRx   (25836): ptpEnabled isfalse
E/MTPRx   (25836): sending MTP_ICON_ENABLED to stack during relaunch
E/MTPRx   (25836): Sd-Card path/mnt/extSdCard
E/MTPRx   (25836): Status for mount/Unmount :mounted
E/MTPRx   (25836): SDcard is  available
W/MTPRx   (25836): Launch MTP app
E/MTPPlaObsrvr(25836): inside setContext()
E/MTPPlaObsrvr(25836): playlist count is0
E/MTPPlaObsrvr(25836): Inside registerContentObserver
E/MtpService(25836): onStartCommand.
E/MtpService(25836): handleMessage. msg= { what=0 when=0 arg1=2 obj=Intent { cmp=xxxx } }
W/MTPRx   (25836): calling native method
E/MTPJNIInterface(25836): < MTP > Registering BroadCast receiver :::::
I/System.out(25836): noti = 10
E/MtpService(25836): onStartCommand.
W/MTPRx   (25836): calling native method
E/MTPJNIInterface(25836): < MTP > Registering BroadCast receiver :::::
E/MTPRx   (25836): Checking the driver time out
I/System.out(25836): noti = 2
D/        (25836): event handler thread is created, so set the flag
E/MTPRx   (25836): called native method
I/System.out(25836): setting Media scanner status0
E/MtpService(25836): handleMessage. msg= { what=0 when=0 arg1=3 obj=Intent { cmp=xxxx } }
I/System.out(25836): After setting Media scanner status0
W/MTPRx   (25836): notification from stack 1
D/dalvikvm(25784): GC_CONCURRENT freed 1100K, 28% free 4319K/5959K, paused 1ms+2ms
D/gps_sirf(25618): [UART]set_baud_rate_and_flow_control - ctsrts reset BAUD:115200
D/gps_sirf(25618): [UART]set_baud_rate_and_flow_control - ctsrts reset BAUD:115200
D/gps_sirf(25618): [UART]set_baud_rate_and_flow_control - ctsrts reset BAUD:460800
D/gps_sirf(25618): HOST_SetCodeLoadPercentDone 1
D/gps_sirf(25618): HOST_SetCodeLoadPercentDone 2
I/Baidu Home2(25784): HomeView: HomeView LayoutInflater complete
D/gps_sirf(25618): HOST_SetCodeLoadPercentDone 3
D/gps_sirf(25618): HOST_SetCodeLoadPercentDone 4
D/gps_sirf(25618): HOST_SetCodeLoadPercentDone 5
D/gps_sirf(25618): HOST_SetCodeLoadPercentDone 6
D/gps_sirf(25618): HOST_SetCodeLoadPercentDone 7
D/dalvikvm(25784): GC_CONCURRENT freed 630K, 28% free 4346K/5959K, paused 2ms+3ms
D/gps_sirf(25618): HOST_SetCodeLoadPercentDone 8
D/gps_sirf(25618): HOST_SetCodeLoadPercentDone 9
D/gps_sirf(25618): HOST_SetCodeLoadPercentDone 10
D/gps_sirf(25618): HOST_SetCodeLoadPercentDone 11
D/gps_sirf(25618): HOST_SetCodeLoadPercentDone 12
D/gps_sirf(25618): HOST_SetCodeLoadPercentDone 13
D/dalvikvm(25784): GC_CONCURRENT freed 603K, 26% free 4410K/5959K, paused 2ms+2ms
D/gps_sirf(25618): HOST_SetCodeLoadPercentDone 14
D/gps_sirf(25618): HOST_SetCodeLoadPercentDone 15
D/dalvikvm(25784): GC_FOR_ALLOC freed 511K, 27% free 4396K/5959K, paused 40ms
I/dalvikvm-heap(25784): Grow heap (frag case) to 5.426MB for 635812-byte allocation
D/gps_sirf(25618): HOST_SetCodeLoadPercentDone 16
D/gps_sirf(25618): HOST_SetCodeLoadPercentDone 17
D/gps_sirf(25618): HOST_SetCodeLoadPercentDone 18
D/dalvikvm(25710): GC_FOR_ALLOC freed <1K, 7% free 15542K/16583K, paused 33ms
D/dalvikvm(25784): GC_CONCURRENT freed 16K, 25% free 5001K/6599K, paused 2ms+1ms
D/AbsListView(25784): Get MotionRecognitionManager
I/dalvikvm-heap(25710): Grow heap (frag case) to 18.634MB for 3072016-byte allocation
D/AbsListView(25784): Get MotionRecognitionManager
D/gps_sirf(25618): HOST_SetCodeLoadPercentDone 19
D/gps_sirf(25618): HOST_SetCodeLoadPercentDone 20
D/com.baidu.launcher.ui.widget.baidu.weather.provider.ForecastProvider(25784): query() with uri = content://com.baidu.home2.ui.widget.baidu.weather/LocationInfo
D/dalvikvm(25710): GC_CONCURRENT freed 0K, 6% free 18542K/19591K, paused 2ms+3ms
D/gps_sirf(25618): HOST_SetCodeLoadPercentDone 21
D/gps_sirf(25618): HOST_SetCodeLoadPercentDone 22
D/gps_sirf(25618): HOST_SetCodeLoadPercentDone 23
D/gps_sirf(25618): HOST_SetCodeLoadPercentDone 24
D/gps_sirf(25618): HOST_SetCodeLoadPercentDone 25
D/gps_sirf(25618): HOST_SetCodeLoadPercentDone 26
D/libEGL  (25710): loaded /system/lib/egl/libEGL_mali.so
D/libEGL  (25710): loaded /system/lib/egl/libGLESv1_CM_mali.so
D/libEGL  (25710): loaded /system/lib/egl/libGLESv2_mali.so
D/gps_sirf(25618): HOST_SetCodeLoadPercentDone 27
D/gps_sirf(25618): HOST_SetCodeLoadPercentDone 28
I/libEGL  (25710): eglCreateWindowSurface
D/gps_sirf(25618): HOST_SetCodeLoadPercentDone 29
D/gps_sirf(25618): HOST_SetCodeLoadPercentDone 30
D/gps_sirf(25618): HOST_SetCodeLoadPercentDone 31
D/        (25836): written string MTP into file /sys/devices/platform/android_usb
E/MTPJNIInterface(25836): Sd-Card path/mnt/extSdCard
E/MTPJNIInterface(25836): Status for mount/Unmount :mounted
E/MTPJNIInterface(25836): SDcard is  available
D/        (25836): written string DATA_STORE_ID into file /data/hidden_volume.txt 
D/        (25836):  
D/        (25836): written string CACHE_STORE_ID into file /cache/hidden_volume.txt 
D/        (25836):  
D/gps_sirf(25618): HOST_SetCodeLoadPercentDone 32
D/gps_sirf(25618): HOST_SetCodeLoadPercentDone 33
D/gps_sirf(25618): HOST_SetCodeLoadPercentDone 34
E/MTPJNIInterface(25836): Sd-Card path/mnt/extSdCard
E/MTPJNIInterface(25836): Status for mount/Unmount :mounted
E/MTPJNIInterface(25836): SDcard is  available
W/MTPRx   (25836): notification from stack 2
D/        (25836): [mtp_init_device] Going to open(): /dev/usb_mtp_gadget
E/        (25836): [mtp_init_device]  After open the MTP fd = 55 and line = 696...
D/        (25836): [mtp_init_device] IOCTL SET_MTP_USER_PID Sucesss 
D/        (25836): *****Starting mtp_io()
W/MTPRx   (25836): notification from stack 3
D/        (25836): [mtp_start_io] source_thread Creation 
D/        (25836): [mtp_start_io] sink_thread Creation 
D/        (25836): [mtp_start_io:386] sink thread created so set th_sink
D/gps_sirf(25618): HOST_SetCodeLoadPercentDone 35
D/gps_sirf(25618): HOST_SetCodeLoadPercentDone 36
D/gps_sirf(25618): HOST_SetCodeLoadPercentDone 37
D/gps_sirf(25618): HOST_SetCodeLoadPercentDone 38
D/gps_sirf(25618): HOST_SetCodeLoadPercentDone 39
I/Surface (25710): Surface_lockCanvas
I/SurfaceTextureClient(25710): connect(NATIVE_WINDOW_API_CPU)
D/dalvikvm(25784): GC_CONCURRENT freed 1735K, 30% free 5347K/7623K, paused 1ms+33ms
I/dumpstate(25752): done
D/gps_sirf(25618): HOST_SetCodeLoadPercentDone 40
D/gps_sirf(25618): HOST_SetCodeLoadPercentDone 41
D/gps_sirf(25618): HOST_SetCodeLoadPercentDone 42
D/gps_sirf(25618): HOST_SetCodeLoadPercentDone 43
D/gps_sirf(25618): HOST_SetCodeLoadPercentDone 44
I/Process (25618): Sending signal. PID: 25618 SIG: 9
I/ServiceManager(   77): service 'DynamicPermissionService' died
I/ServiceManager(   77): service 'cpuinfo' died
I/ServiceManager(   77): service 'DirEncryptService' died
I/ServiceManager(   77): service 'voip' died
I/ServiceManager(   77): service 'mini_mode_app_manager' died
I/ServiceManager(   77): service 'power' died
I/ServiceManager(   77): service 'BroadcastManagerService' died
I/ServiceManager(   77): service 'batteryinfo' died
I/ServiceManager(   77): service 'usagestats' died
I/ServiceManager(   77): service 'backup' died
I/ServiceManager(   77): service 'account' died
I/ServiceManager(   77): service 'permission' died
I/ServiceManager(   77): service 'content' died
I/ServiceManager(   77): service 'Ifttt' died
I/ServiceManager(   77): service 'bluetooth_avrcp' died
I/ServiceManager(   77): service 'telephony.registry' died
I/ServiceManager(   77): service 'appwidget' died
I/ServiceManager(   77): service 'diskstats' died
I/ServiceManager(   77): service 'SmartPowerService' died
I/ServiceManager(   77): service 'samplingprofiler' died
I/ServiceManager(   77): service 'entropy' died
I/ServiceManager(   77): service 'bluetooth_a2dp' died
I/ServiceManager(   77): service 'mdm.remotedesktop' died
I/ServiceManager(   77): service 'sensorservice' died
I/ServiceManager(   77): service 'package' died
I/ServiceManager(   77): service 'activity' died
I/ServiceManager(   77): service 'meminfo' died
I/ServiceManager(   77): service 'gfxinfo' died
I/ServiceManager(   77): service 'NotificationDefenseService' died
I/ServiceManager(   77): service 'QuickBootService' died
I/ServiceManager(   77): service 'device_policy' died
I/ServiceManager(   77): service 'roaming_policy' died
I/ServiceManager(   77): service 'uimode' died
I/ServiceManager(   77): service 'CustomFrequencyManagerService' died
I/ServiceManager(   77): service 'accessibility' died
I/ServiceManager(   77): service 'input_method' died
I/ServiceManager(   77): service 'application_policy' died
I/ServiceManager(   77): service 'device_info' died
I/ServiceManager(   77): service 'security_policy' died
I/ServiceManager(   77): service 'eas_account_policy' died
I/ServiceManager(   77): service 'email_account_policy' died
I/ServiceManager(   77): service 'location_policy' died
I/ServiceManager(   77): service 'misc_policy' died
I/ServiceManager(   77): service 'password_policy' died
I/ServiceManager(   77): service 'restriction_policy' died
I/ServiceManager(   77): service 'vibrator' died
I/ServiceManager(   77): service 'battery' died
I/ServiceManager(   77): service 'hardware' died
I/ServiceManager(   77): service 'bluetooth' died
I/ServiceManager(   77): service 'alarm' died
I/ServiceManager(   77): service 'samsung.facedetection_service' died
I/ServiceManager(   77): service 'AccessControllManager' died
I/ServiceManager(   77): service 'window' died
I/ServiceManager(   77): service 'apn_settings_policy' died
I/ServiceManager(   77): service 'enterprise_vpn_policy' died
I/ServiceManager(   77): service 'wifi_policy' died
I/ServiceManager(   77): service 'bluetooth_policy' died
I/ServiceManager(   77): service 'email_policy' died
I/ServiceManager(   77): service 'vpn_policy' died
I/ServiceManager(   77): service 'firewall_policy' died
I/ServiceManager(   77): service 'netpolicy' died
I/ServiceManager(   77): service 'phone_restriction_policy' died
I/ServiceManager(   77): service 'browser_policy' died
I/ServiceManager(   77): service 'date_time_policy' died
I/ServiceManager(   77): service 'remoteinjection' died
I/ServiceManager(   77): service 'kioskmode' died
I/ServiceManager(   77): service 'apppermission_control_policy' died
I/ServiceManager(   77): service 'edm_proxy' died
I/ServiceManager(   77): service 'enterprise_policy' died
I/ServiceManager(   77): service 'statusbar' died
I/ServiceManager(   77): service 'clipboard' died
I/ServiceManager(   77): service 'usb' died
I/ServiceManager(   77): service 'clipboardEx' died
I/ServiceManager(   77): service 'network_management' died
I/ServiceManager(   77): service 'textservices' died
I/ServiceManager(   77): service 'netstats' died
I/ServiceManager(   77): service 'wifip2p' died
I/ServiceManager(   77): service 'wifi' died
I/ServiceManager(   77): service 'wfd' died
I/ServiceManager(   77): service 'notification' died
I/ServiceManager(   77): service 'devicestoragemonitor' died
I/ServiceManager(   77): service 'location' died
I/ServiceManager(   77): service 'country_detector' died
I/ServiceManager(   77): service 'search' died
I/ServiceManager(   77): service 'dropbox' died
I/ServiceManager(   77): service 'mount' died
I/ServiceManager(   77): service 'throttle' died
I/ServiceManager(   77): service 'motion_recognition' died
I/ServiceManager(   77): service 'wallpaper' died
I/ServiceManager(   77): service 'connectivity' died
I/ServiceManager(   77): service 'audio' died
W/AudioFlinger(25587): power manager service died !!!
V/AudioFlinger(25587): removeNotificationClient() 0x1facb10, pid 25618
V/AudioFlinger(25587): 25618 died, releasing its sessions
I/SurfaceFlinger(   93): id=2669 Removed StatusBas idx=1 Map Size=1
I/SurfaceFlinger(   93): id=2670 Removed ImageWallpapes idx=0 Map Size=0
E/installd(   99): eof
E/installd(   99): failed to read size
I/installd(   99): closing connection
D/dalvikvm(25784): GC_CONCURRENT freed 1071K, 31% free 5277K/7623K, paused 1ms+3ms
D/StatusBar-TrafficView(25710): has icc card = false
D/AndroidRuntime(25710): Shutting down VM
W/dalvikvm(25710): threadid=1: thread exiting with uncaught exception (group=0x40c69210)
I/Zygote  (25589): Exit zygote because system server (25618) has terminated
I/Netd    (25916): Netd 1.0 starting
I/ServiceManager(   77): service 'media.audio_flinger' died
I/ServiceManager(   77): service 'media.audio_policy' died
I/ServiceManager(   77): service 'media.player' died
I/ServiceManager(   77): service 'media.camera' died
I/SurfaceFlinger(   93): id=2669 Removed StatusBas idx=-2 Map Size=0
I/SurfaceFlinger(   93): id=2670 Removed ImageWallpapes idx=-2 Map Size=0
D/AndroidRuntime(25917): 
D/AndroidRuntime(25917): >>>>>> AndroidRuntime START com.android.internal.os.ZygoteInit <<<<<<
D/AndroidRuntime(25917): CheckJNI is OFF
D/AndroidRuntime(25917): setted country_code = china
D/AndroidRuntime(25917): setted countryiso_code = CN
D/AndroidRuntime(25917): setted sales_code = CHM
D/AndroidRuntime(25917): readGMSProperty: start
D/AndroidRuntime(25917): readGMSProperty: already setted!!
D/AndroidRuntime(25917): readGMSProperty: end
I/        (25915): ServiceManager: 0xdb9488
V/AudioHardwareALSA(25915): libsecril-client.so is loaded
W/ALSAModule(25915): alsa release [ incall ] partial wake lock
W/ALSAModule(25915): alsa release [ playback ] partial wake lock
W/ALSAModule(25915): alsa release [ capture ] partial wake lock
W/ALSAModule(25915): [ clear ] sync2ril pipe start ...
W/ALSAModule(25915): [ clear ] sync2ril pipe done ...
W/ALSAModule(25915): OOOOO ^-^ OOOOO: cp_type=0 :OOOOO ^-^ OOOOO
W/ALSAModule(25915): mmi_audio_loop_thread waiting for new command
D/LVVE_Engine(25915): LVVE_Engine::setDebugMode(): debugMode=[1]
D/LVVE_Engine(25915): LVVE_Engine::setMode(): mode=[0]
I/AudioFlinger(25915): Loaded primary audio interface from LEGACY Audio HW HAL (audio)
I/AudioFlinger(25915): Using 'LEGACY Audio HW HAL' (audio.primary) as the primary audio interface
I/AudioFlinger(25915): Loaded a2dp audio interface from A2DP Audio HW HAL (audio)
D/AudioHardwareALSA(25915): setMode called to enable voice path mode=0 mMode=0
V/AudioHardwareALSA(25915): AudioHardwareALSA::setRxMute state : 0 force : 1 
V/AudioHardwareALSA(25915): ### incall mode SetRxMute0, returnVal 0
W/AudioHardwareALSA(25915): 7777777777777777 setMasterVolume called for devices 00000000 in mode 0...
V/MediaPlayerService(25915): MediaPlayerService created
I/CameraService(25915): CameraService started (pid=25915)
V/SprdCameraHardware(25915): int android::HAL_getNumberOfCameras()
V/SprdCameraHardware(25915): HAL_getNumberOfCameras,1.
V/AudioFlinger(25915): registerClient() client 0xe34ad8, pid 25915
V/AudioFlinger(25915): openOutput(), Device 2, SamplingRate 0, Format 0, Channels 0, flags 0
D/AudioHardwareALSA(25915): openOutputStream called for devices: 0x00000002
W/AudioHardwareALSA(25915): 3333333333333333 s_open openOutputStream called for devices 00000002 in mode 0...
W/ALSAModule(25915): s_open reentrant protecting try lock
W/ALSAModule(25915): s_open reentrant protecting got lock
W/ALSAModule(25915): luther don't need to wait for cp....
W/ALSAModule(25915): oooooooooooooooo s_open Enter incall=0
W/ALSAModule(25915): s_open got lock1
W/ALSAModule(25915): s_open try to get lock2 ... mLockMode=1
W/ALSAModule(25915): s_open try count is 0
W/ALSAModule(25915): s_open got lock2, yeah
W/ALSAModule(25915): alsa aquire [ playback ] partial wake lock
W/ALSAModule(25915): open called for devices 00000002 in mode 0...[incall=0]
W/ALSAModule(25915): =================================================================================
W/ALSAModule(25915): xxxxxxxxxxxxxxxxxxx Exit phone call & Force reset audio codec xxxxxxxxxxxxxxxxxxx
W/ALSAModule(25915): =================================================================================
V/AudioPolicyService(25915): AudioCommandThread() going to sleep
V/AudioPolicyService(25915): AudioCommandThread() going to sleep
D/LibQmg_native(25917): register_android_app_LibQmg
I/SamplingProfilerIntegration(25917): Profiling disabled.
I/Zygote  (25917): !@beginofpreloadClasses()
I/Zygote  (25917): !@beginofpreloadResources()
D/dalvikvm(25917): GC_EXPLICIT freed 36K, 81% free 486K/2560K, paused 1ms+0ms
I/Zygote  (25917): Preloading classes...
D/dalvikvm(25917): GC_EXPLICIT freed 3K, 81% free 498K/2560K, paused 0ms+0ms
I/Zygote  (25917): Preloading resources...
I/Zygote  (25917): ...preloaded 0 resources in 0ms.
I/Zygote  (25917): ...preloaded 31 resources in 41ms.
I/Zygote  (25917): !@End of preloadResources()
D/dalvikvm(25917): GC_FOR_ALLOC freed 156K, 67% free 852K/2560K, paused 5ms
W/Zygote  (25917): Class not found for preloading: android.app.ContextImpl$32
W/Zygote  (25917): Class not found for preloading: android.app.ContextImpl$33
V/BluetoothAudioGateway.cpp(25917): classInitNative
V/BT HSHFP(25917): classInitNative
D/TextLayoutCache(25917): Using debug level: 0 - Debug Enabled: 0
W/Zygote  (25917): Class not found for preloading: android.media.AudioManager$2
I/dalvikvm(25917): threadid=5: recursive native library load attempt (/system/lib/libmedia_jni.so)
D/MtpDeviceJNI(25917): register_android_mtp_MtpDevice
I/dalvikvm(25917): threadid=5: recursive native library load attempt (/system/lib/libmedia_jni.so)
I/dalvikvm(25917): threadid=5: recursive native library load attempt (/system/lib/libmedia_jni.so)
W/Zygote  (25917): Class not found for preloading: android.media.IRemoteControlClientDispatcher
W/Zygote  (25917): Class not found for preloading: android.media.IRemoteControlClientDispatcher$Stub
W/ALSAModule(25915): alsa release [ incall ] partial wake lock
W/ALSAModule(25915): [ clear ] sync2ril pipe start ...
W/ALSAModule(25915): [ clear ] sync2ril pipe done ...
V/ALSAModule(25915): initially, setHardwareParams: buffer size: 882, latency: 200000
V/ALSAModule(25915): Set PLAYBACK PCM format to S16_LE (Signed 16 bit Little Endian)
V/ALSAModule(25915): Using 2 channels for PLAYBACK.
V/ALSAModule(25915): Set PLAYBACK sample rate to 44100 HZ
V/ALSAModule(25915): snd_pcm_hw_params_set_buffer_size_near: get buffer size: 960
V/ALSAModule(25915): snd_pcm_hw_params_set_buffer_time_near: get latency: 21768
V/ALSAModule(25915): finally, setHardwareParams: snd_pcm_get_params: buffer time: 21768, buffer size: 960, period time: 3628, period size: 160
I/ALSAModule(25915): Initialized ALSA PLAYBACK device AndroidPlayback_Speaker_normal
I/ALSAModule(25915): alsa-phone audio all PA off .....
W/ALSAModule(25915): audio_tune_hw4app_write2hardware No Application works on tune, we will use default nv item <12,music>
W/ALSAModule(25915): audio_tune_hw4app_write2hardware can't locate the right mFactoryRouteRCVMode [0]
W/ALSAModule(25915): audio_tune_hw4app_write2hardware will apply [12,music] vol_type0, vol_level1, eq_type0, device_mode3 to audio hardware
W/ALSAModule(25915): [ Open ] s_audio_path_route to mode=0 BeingMode=0 0x00000002
W/ALSAModule(25915): alsa-phone ringtone special process, speaker to 1 later
W/ALSAModule(25915): alsa release [ playback ] partial wake lock
W/ALSAModule(25915): s_open release lock mLockMode=0
W/ALSAModule(25915): qqqqqqqqqqqqqqqq s_open Exit
D/SoundBooster(25915): SoundBoosterInit(): sampleRate=44100
D/LVVE_Engine(25915): LVVEFS_Rx_Command LVVEFS_COMMAND_RESET returns success
W/AudioHardwareALSA(25915): alsa streamout constructor
V/AudioFlinger(25915): openOutput() openOutputStream returned output 0xe34b48, SamplingRate 44100, Format 1, Channels 3, status 0
W/AudioHardwareALSA(25915): ALSAStreamOps::bufferSize(): bufferSize: 960, periodSize: 160, channels: 2
W/AudioHardwareALSA(25915): ALSAStreamOps::bufferSize(): return bytes = 3840
I/AudioMixer(25915): AudioMixer::AudioMixer  (960, 44100)
I/AudioFlinger(25915): AudioFlinger::openOutput() created mixer output: ID 1 thread 0xe41668
W/AudioHardwareALSA(25915): alsa CTS latency lowered to 9000 from 21768
V/AudioFlinger(25915): PlaybackThread::audioConfigChanged_l, thread 0xe41668, event 0, param 0
W/AudioHardwareALSA(25915): alsa CTS latency lowered to 9000 from 21768
V/AudioPolicyManagerBase(25915): AudioPolicyManagerBase::setOutputDevice() output 1 device 2 delayMs 0
V/AudioPolicyService(25915): inserting command: 3 at index 0, num commands 0
V/AudioPolicyService(25915): AudioCommandThread() adding set parameter string routing=2, io 1 ,delay 0
V/AudioPolicyService(25915): AudioCommandThread() waking up
V/AudioPolicyService(25915): AudioCommandThread() processing set parameters string routing=2, io 1
V/AudioFlinger(25915): setParameters(): io 1, keyvalue routing=2, tid 25941, calling tid 25915
V/AudioFlinger(25915): ThreadBase::setParameters() routing=2
I/AudioFlinger(25915): AudioFlinger's thread 0xe41668 ready to run
W/AudioHardwareALSA(25915): alsa CTS latency lowered to 9000 from 21768
W/AudioFlinger(25915): Thread AudioOut_1 cannot connect to the power manager service
D/AudioHardwareALSA(25915): ALSAStreamOps::setParameters() routing=2
W/AudioHardwareALSA(25915): 2222222222222222 s_route setParameters called for devices 00000002 in mode 0...
W/ALSAModule(25915): route called for devices 00000002 in mode 0...
W/ALSAModule(25915): the same, direct return
D/LVVE_Engine(25915): LVVE_Engine::setDevice(): device=[2]
D/LVVE_Engine(25915): LVVE_Engine::setDevice(): 22222  device=[2]
V/AudioPolicyService(25915): AudioCommandThread() going to sleep
V/AudioPolicyManagerBase(25915): applyStreamVolumes() for output 1 and device 2
V/AudioPolicyManagerBase(25915): setStreamVolume() for output 1 stream 0, volume 76.000000, delay 0
V/AudioPolicyService(25915): inserting command: 2 at index 0, num commands 0
V/AudioPolicyService(25915): AudioCommandThread() adding set volume stream 0, volume 75.250000, output 1
V/AudioPolicyService(25915): AudioCommandThread() waking up
V/AudioPolicyService(25915): AudioCommandThread() processing set volume stream 0,                             volume 75.250000, output 1
V/AudioPolicyService(25915): AudioCommandThread() going to sleep
V/AudioPolicyService(25915): inserting command: 4 at index 0, num commands 0
V/AudioPolicyService(25915): AudioCommandThread() adding set voice volume volume 1.000000
V/AudioPolicyService(25915): AudioCommandThread() waking up
V/AudioPolicyService(25915): AudioCommandThread() processing set voice volume volume 1.000000
D/AudioHardwareALSA(25915): setVoiceVolume=1.000000
V/AudioPolicyService(25915): AudioCommandThread() going to sleep
V/AudioPolicyManagerBase(25915): setStreamVolume() for output 1 stream 1, volume 76.000000, delay 0
V/AudioPolicyService(25915): inserting command: 2 at index 0, num commands 0
V/AudioPolicyService(25915): AudioCommandThread() adding set volume stream 1, volume 76.000000, output 1
V/AudioPolicyService(25915): AudioCommandThread() waking up
V/AudioPolicyService(25915): AudioCommandThread() processing set volume stream 1,                             volume 76.000000, output 1
V/AudioPolicyService(25915): AudioCommandThread() going to sleep
V/AudioPolicyManagerBase(25915): setStreamVolume() for output 1 stream 2, volume 76.000000, delay 0
V/AudioPolicyService(25915): inserting command: 2 at index 0, num commands 0
V/AudioPolicyService(25915): AudioCommandThread() adding set volume stream 2, volume 76.000000, output 1
V/AudioPolicyService(25915): AudioCommandThread() waking up
V/AudioPolicyService(25915): AudioCommandThread() processing set volume stream 2,                             volume 76.000000, output 1
V/AudioPolicyService(25915): AudioCommandThread() going to sleep
V/AudioPolicyManagerBase(25915): getNewDevice() selected device 0
V/AudioPolicyManagerBase(25915): getDeviceForStrategy() from cache strategy 0, device 0
D/AudioPolicyManagerBase(25915): return MUSIC_SPK index=1
V/AudioPolicyManagerBase(25915): setStreamVolume() for output 1 stream 3, volume 55.000000, delay 0
V/AudioPolicyService(25915): inserting command: 2 at index 0, num commands 0
V/AudioPolicyService(25915): AudioCommandThread() adding set volume stream 3, volume 55.000000, output 1
V/AudioPolicyService(25915): AudioCommandThread() waking up
V/AudioPolicyService(25915): AudioCommandThread() processing set volume stream 3,                             volume 55.000000, output 1
V/AudioPolicyService(25915): AudioCommandThread() going to sleep
V/AudioPolicyManagerBase(25915): getNewDevice() selected device 0
V/AudioPolicyManagerBase(25915): getDeviceForStrategy() from cache strategy 0, device 0
V/AudioPolicyManagerBase(25915): setStreamVolume() for output 1 stream 4, volume 76.000000, delay 0
V/AudioPolicyService(25915): inserting command: 2 at index 0, num commands 0
V/AudioPolicyService(25915): AudioCommandThread() adding set volume stream 4, volume 76.000000, output 1
V/AudioPolicyService(25915): AudioCommandThread() waking up
V/AudioPolicyService(25915): AudioCommandThread() processing set volume stream 4,                             volume 76.000000, output 1
V/AudioPolicyService(25915): AudioCommandThread() going to sleep
V/AudioPolicyManagerBase(25915): setStreamVolume() for output 1 stream 5, volume 75.000000, delay 0
V/AudioPolicyService(25915): inserting command: 2 at index 0, num commands 0
V/AudioPolicyService(25915): AudioCommandThread() adding set volume stream 5, volume 75.000000, output 1
V/AudioPolicyService(25915): AudioCommandThread() waking up
V/AudioPolicyService(25915): AudioCommandThread() processing set volume stream 5,                             volume 75.000000, output 1
V/AudioPolicyService(25915): AudioCommandThread() going to sleep
V/AudioPolicyManagerBase(25915): checkAndSetVolume() cannot set stream 6 volume with force use = 0 for comm
V/AudioPolicyManagerBase(25915): setStreamVolume() for output 1 stream 7, volume 72.000000, delay 0
V/AudioPolicyService(25915): inserting command: 2 at index 0, num commands 0
V/AudioPolicyService(25915): AudioCommandThread() adding set volume stream 7, volume 72.000000, output 1
V/AudioPolicyService(25915): AudioCommandThread() waking up
V/AudioPolicyService(25915): AudioCommandThread() processing set volume stream 7,                             volume 72.000000, output 1
V/AudioPolicyService(25915): AudioCommandThread() going to sleep
V/AudioPolicyManagerBase(25915): setStreamVolume() for output 1 stream 8, volume 1.000000, delay 0
V/AudioPolicyService(25915): inserting command: 2 at index 0, num commands 0
V/AudioPolicyService(25915): AudioCommandThread() adding set volume stream 8, volume 1.000000, output 1
V/AudioPolicyService(25915): AudioCommandThread() waking up
V/AudioPolicyService(25915): AudioCommandThread() processing set volume stream 8,                             volume 1.000000, output 1
V/AudioPolicyService(25915): AudioCommandThread() going to sleep
V/AudioPolicyManagerBase(25915): getNewDevice() selected device 0
V/AudioPolicyManagerBase(25915): getDeviceForStrategy() from cache strategy 0, device 0
D/AudioPolicyManagerBase(25915): return MUSIC_SPK index=1
V/AudioPolicyManagerBase(25915): setStreamVolume() for output 1 stream 9, volume 55.000000, delay 0
V/AudioPolicyService(25915): inserting command: 2 at index 0, num commands 0
V/AudioPolicyService(25915): AudioCommandThread() adding set volume stream 9, volume 55.000000, output 1
V/AudioPolicyService(25915): AudioCommandThread() waking up
V/AudioPolicyService(25915): AudioCommandThread() processing set volume stream 9,                             volume 55.000000, output 1
V/AudioPolicyService(25915): AudioCommandThread() going to sleep
V/AudioPolicyManagerBase(25915): getNewDevice() selected device 0
V/AudioPolicyManagerBase(25915): getDeviceForStrategy() from cache strategy 0, device 0
D/AudioPolicyManagerBase(25915): return MUSIC_SPK index=1
V/AudioPolicyManagerBase(25915): setStreamVolume() for output 1 stream 10, volume 1.000000, delay 0
V/AudioPolicyService(25915): inserting command: 2 at index 0, num commands 0
V/AudioPolicyService(25915): AudioCommandThread() adding set volume stream 10, volume 1.000000, output 1
V/AudioPolicyService(25915): AudioCommandThread() waking up
V/AudioPolicyService(25915): AudioCommandThread() processing set volume stream 10,                             volume 1.000000, output 1
V/AudioPolicyService(25915): AudioCommandThread() going to sleep
V/AudioPolicyManagerBase(25915): setStreamVolume() for output 1 stream 11, volume 76.000000, delay 0
V/AudioPolicyService(25915): inserting command: 2 at index 0, num commands 0
V/AudioPolicyService(25915): AudioCommandThread() adding set volume stream 11, volume 76.000000, output 1
V/AudioPolicyService(25915): AudioCommandThread() waking up
V/AudioPolicyService(25915): AudioCommandThread() processing set volume stream 11,                             volume 76.000000, output 1
V/AudioPolicyService(25915): AudioCommandThread() going to sleep
V/AudioPolicyManagerBase(25915): setStreamVolume() for output 1 stream 12, volume 76.000000, delay 0
V/AudioPolicyService(25915): inserting command: 2 at index 0, num commands 0
V/AudioPolicyService(25915): AudioCommandThread() adding set volume stream 12, volume 76.000000, output 1
V/AudioPolicyService(25915): AudioCommandThread() waking up
V/AudioPolicyService(25915): AudioCommandThread() processing set volume stream 12,                             volume 76.000000, output 1
V/AudioPolicyService(25915): AudioCommandThread() going to sleep
V/AudioPolicyManagerBase(25915): getNewDevice() selected device 0
V/AudioPolicyManagerBase(25915): getDeviceForStrategy() from cache strategy 0, device 0
D/AudioPolicyManagerBase(25915): return MUSIC_SPK index=1
V/AudioPolicyManagerBase(25915): getNewDevice() selected device 0
V/AudioPolicyManagerBase(25915): getDeviceForStrategy() from cache strategy 0, device 0
V/AudioPolicyManagerBase(25915): getNewDevice() selected device 0
V/AudioPolicyManagerBase(25915): getDeviceForStrategy() from cache strategy 0, device 0
D/AudioPolicyManagerBase(25915): return MUSIC_SPK index=1
V/AudioPolicyManagerBase(25915): getNewDevice() selected device 0
V/AudioPolicyManagerBase(25915): getDeviceForStrategy() from cache strategy 0, device 0
D/AudioPolicyManagerBase(25915): return MUSIC_SPK index=1
V/AudioPolicyManagerBase(25915): getDeviceForStrategy() strategy 0, device 2
V/AudioPolicyManagerBase(25915): getDeviceForStrategy() strategy 1, device 1
V/AudioPolicyManagerBase(25915): getDeviceForStrategy() strategy 2, device 2
V/AudioPolicyManagerBase(25915): getDeviceForStrategy() strategy 0, device 2
V/AudioPolicyManagerBase(25915): getDeviceForStrategy() strategy 3, device 2
V/AudioPolicyManagerBase(25915): getDeviceForStrategy() strategy 4, device 2
V/AudioFlinger(25915): Audio hardware entering standby, mixer 0xe41668, mSuspended 0
D/LVVE_Engine(25915): LVVEFS_Rx_Command LVVEFS_COMMAND_RESET returns success
W/AudioHardwareALSA(25915): AudioStreamOutALSA::standby snd_pcm_drain start ...
W/AudioHardwareALSA(25915): AudioStreamOutALSA::standby snd_pcm_drain finish ...
V/AudioFlinger(25915): MixerThread 0xe41668 TID 25944 going to sleep
D/Audio_Control_CSC(25915): get_CS_ISO_Code country_code = CN
D/Audio_Control_CSC(25915): checkCSCAndSetSysProperty() mark property to audio.country when including SalesCodes
D/Audio_Control_CSC(25915): get_CS_ISO_Code country_code = CN
D/Audio_Control_CSC(25915): checkCSCAndSetSysProperty()_mCount = 3, mValue_salescode = CHM
D/Audio_Control_CSC(25915): checkCSCAndSetSysProperty()_gEPSalesCodes = SPR
D/Audio_Control_CSC(25915): checkCSCAndSetSysProperty()_gEPSalesCodes = VMU
D/Audio_Control_CSC(25915): checkCSCAndSetSysProperty()_gEPSalesCodes = BST
D/Audio_Control_CSC(25915): getCameraShutterOn()_mbIsShutterOn = 1
V/AudioPolicyManagerBase(25915): setSystemProperty() property ro.camera.sound.forced, value 1
V/AudioPolicyManagerBase(25915): ENFORCED_AUDIBLE cannot be muted
I/AudioPolicyService(25915): Loaded audio policy from Samsung SPRD audio policy HAL (audio_policy)
V/AudioPolicyService(25915): loadEffects() loading effect bassboost
V/AudioPolicyService(25915): loadEffects() loading effect virtualizer
V/AudioPolicyService(25915): loadEffects() loading effect equalizer
V/AudioPolicyService(25915): loadEffects() loading effect volume
V/AudioPolicyService(25915): loadEffects() loading effect reverb_env_aux
V/AudioPolicyService(25915): loadEffects() loading effect reverb_env_ins
V/AudioPolicyService(25915): loadEffects() loading effect reverb_pre_aux
V/AudioPolicyService(25915): loadEffects() loading effect reverb_pre_ins
V/AudioPolicyService(25915): loadEffects() loading effect visualizer
V/AudioPolicyService(25915): loadEffects() loading effect agc
V/AudioPolicyService(25915): loadEffects() loading effect aec
V/AudioPolicyService(25915): loadEffects() loading effect ns
V/BluetoothEventLoop.cpp(25917): classInitNative
V/BluetoothService.cpp(25917): classInitNative
D/dalvikvm(25917): GC_FOR_ALLOC freed 364K, 41% free 1511K/2560K, paused 11ms
W/Zygote  (25917): Class not found for preloading: android.text.TextDirectionHeuristics$CharCount
W/Zygote  (25917): Class not found for preloading: android.text.method.WordIterator$1
I/dalvikvm(25917): threadid=5: recursive native library load attempt (/system/lib/libwebcore.so)
D/dalvikvm(25917): No JNI_OnLoad found in /system/lib/libchromium_net.so 0x0, skipping init
W/dalvikvm(25917): VFY: copyRes1 v1<-v4 cat=1 type=0
W/dalvikvm(25917): VFY:  rejecting opcode 0x0a at 0x0016
W/dalvikvm(25917): VFY:  rejected Landroid/webkit/WebTextView;.performLongClick ()Z
W/dalvikvm(25917): Verifier rejected class Landroid/webkit/WebTextView;
W/Zygote  (25917): Class not found for preloading: android.webkit.WebTextView
W/Zygote  (25917): Class not found for preloading: android.widget.EdgeGlow
D/dalvikvm(25917): GC_FOR_ALLOC freed 84K, 25% free 1938K/2560K, paused 13ms
E/PhonePolicy(25917): Could not preload class for phone policy: com.android.internal.policy.impl.PhoneWindow$ContextMenuCallback
I/System  (25917): Loaded time zone names for  in 1006ms (990ms in ICU)
I/Zygote  (25917): ...preloaded 1500 classes in 1197ms.
D/dalvikvm(25917): GC_FOR_ALLOC freed 233K, 14% free 2217K/2560K, paused 17ms
I/System  (25917): Loaded time zone names for en_US in 429ms (423ms in ICU)
I/System  (25917): Loaded time zone names for zh_CN in 426ms (420ms in ICU)
D/dalvikvm(25917): GC_FOR_ALLOC freed 367K, 14% free 2380K/2755K, paused 21ms
I/Zygote  (25917): ...preloaded 2307 classes in 2177ms.
I/Zygote  (25917): !@EndofpreloadClasses()
D/dalvikvm(25917): GC_EXPLICIT freed 527K, 19% free 2346K/2883K, paused 2ms+2ms
D/dalvikvm(25917): GC_EXPLICIT freed 7K, 19% free 2339K/2883K, paused 2ms+1ms
D/dalvikvm(25917): GC_EXPLICIT freed <1K, 19% free 2339K/2883K, paused 2ms+1ms
I/dalvikvm(25917): System server process 25946 has been created
I/Zygote  (25917): Accepting command socket connections
D/dalvikvm(25946): GC_CONCURRENT freed 89K, 19% free 2770K/3399K, paused 2ms+3ms
D/dalvikvm(25946): GC_CONCURRENT freed 243K, 18% free 3575K/4359K, paused 1ms+4ms
I/sysproc (25946): !@beginofsystem_init1()
I/sysproc (25946): Entered system_init()
I/sysproc (25946): ServiceManager: 0x562d88
D/SensorService(25946): nuSensorService starting...
I/BootTime(25946): Prefetch Time Taken:766
I/SensorService(25946): BMA222E / KXTJ2 Acceleration Sensor
I/SensorService(25946): GP2A_PROX
I/RemoteDesktopService(25946): RemoteDesktopService started (pid=25946)
I/sysproc (25946): System server: starting Android runtime.
I/sysproc (25946): System server: starting Android services.
I/sysproc (25946): !@endofsystem_init1()
D/SensorService(25946): nuSensorService thread starting...
I/sysproc (25946): System server: entering thread pool.
I/SystemServer(25946): !@SystemServer Thread begins...
D/dalvikvm(25946): GC_CONCURRENT freed 548K, 22% free 4047K/5127K, paused 2ms+3ms
D/dalvikvm(25946): GC_FOR_ALLOC freed 296K, 26% free 3828K/5127K, paused 21ms
D/TelephonyRegistry(25946): Block apn list: []
D/dalvikvm(25946): GC_FOR_ALLOC freed 261K, 24% free 3934K/5127K, paused 22ms
D/dalvikvm(25946): GC_FOR_ALLOC freed 614K, 29% free 3976K/5575K, paused 22ms
D/dalvikvm(25946): GC_CONCURRENT freed 524K, 29% free 3958K/5575K, paused 1ms+2ms
D/dalvikvm(25946): GC_CONCURRENT freed 236K, 26% free 4167K/5575K, paused 1ms+3ms
I/dalvikvm(25946): Zip is good, but no classes.dex inside, and no .odex file in the same directory
I/dalvikvm(25946): Zip is good, but no classes.dex inside, and no .odex file in the same directory
I/BootTime(25946): Fail Safe scanning for:|XXXXXX|XXXXXXXXX|XXXXXXXXXXXXXXXXXXX
D/dalvikvm(25946): GC_CONCURRENT freed 339K, 25% free 4233K/5575K, paused 2ms+2ms
I/BootTime(25946): Fail Safe scanning for:|XXXXXX|XXX|XXXXXXXXXXXXXXX
D/PackageManager(25946): No files in app dir |XXXXXX|XXX
I/installd(   99): new connection
I/BootTime(25946): Fail Safe scanning for:|XXXX|XXX|XXXXXXXXXXXXXX.XXX
I/BootTime(25946): Fail Safe scanning for:|XXXX|XXX|XXXXXXXXXXXXXXXXXXX.XXX
D/dalvikvm(25946): GC_CONCURRENT freed 206K, 20% free 4503K/5575K, paused 2ms+3ms
I/BootTime(25946): Fail Safe scanning for:|XXXX|XXX|XXXXXXXXXXXXXXXXXX.XXX
I/BootTime(25946): Fail Safe scanning for:|XXXX|XXX|XXXXXXXXXXXXXXXXXXXXXX.XXX
I/BootTime(25946): Fail Safe scanning for:|XXXX|XXX|XXXXXXXXXXXXXXXXXXXXXXXXXXXXXXXXXXXXX.XXX
I/BootTime(25946): Fail Safe scanning for:|XXXX|XXX|XXXXXXXXXXXXXXXXXXX.XXX
I/BootTime(25946): Fail Safe scanning for:|XXXX|XXX|XXXXXXXXXXXXXXXXXXX.XXX
I/BootTime(25946): Fail Safe scanning for:|XXXX|XXX|XXXXXXXXXXXXXXXXXXXXXXXX.XXX
I/BootTime(25946): Fail Safe scanning for:|XXXX|XXX|XXXXXXXXXXXXXXXXXXX.XXX
I/BootTime(25946): Fail Safe scanning for:|XXXX|XXX|XXXXXXXXXXXXXXXXXXXXXXXX.XXX
I/BootTime(25946): Fail Safe scanning for:|XXXX|XXX|XXXXXXXXXXXXXXXXXXXXXXXXXXXXXXXXXX.XXX
I/BootTime(25946): Fail Safe scanning for:|XXXX|XXX|XXXXXXXXXXXXXXXXXXXXXXXXXXXXXXXX.XXX
I/BootTime(25946): Fail Safe scanning for:|XXXX|XXX|XXXXXXXXXXXXXXXXXXXXXX.XXX
D/dalvikvm(25946): GC_CONCURRENT freed 184K, 13% free 4911K/5639K, paused 2ms+4ms
I/BootTime(25946): Fail Safe scanning for:|XXXX|XXX|XXXXXXXXXXXXXXXXX.XXX
I/BootTime(25946): Fail Safe scanning for:|XXXX|XXX|XXXXXXXXXXXXXXXXXXXXXXXXXXXXXXXXXX.XXX
I/BootTime(25946): Fail Safe scanning for:|XXXX|XXX|XXXXXXXXXXXXXXXXXXXX.XXX
W/PackageManager(25946): Package ru.zdevs.zarchiver has activity ru.zdevs.zarchiver.ZArchiver with priority > 0, forcing to 0
W/PackageManager(25946): Package ru.zdevs.zarchiver has activity ru.zdevs.zarchiver.ZArchiver with priority > 0, forcing to 0
W/PackageManager(25946): Package ru.zdevs.zarchiver has activity ru.zdevs.zarchiver.ZArchiver with priority > 0, forcing to 0
I/BootTime(25946): Fail Safe scanning for:|XXXX|XXX|XXXXXXXXXXXXXXX.XXX
I/BootTime(25946): Fail Safe scanning for:|XXXX|XXX|XXXXXXXXXXXXXXXXXXXXXXXXXXXXXXXXXXXXXXXXXXXXXXXX.XXX
I/BootTime(25946): Fail Safe scanning for:|XXXX|XXX|XXXXXXXXXXXXXXXXXXXXX.XXX
D/dalvikvm(25946): GC_CONCURRENT freed 375K, 16% free 5222K/6151K, paused 2ms+3ms
D/dalvikvm(25946): GC_EXPLICIT freed 320K, 18% free 5151K/6279K, paused 2ms+3ms
I/BootTime(25946): !@Total Package Scan Time:400
I/BootTime(25946): !@Total Time Taken:3679
D/PackageManager(25946): generateServicesMap(android.accounts.AccountAuthenticator): 4 services unchanged
W/PackageManager(25946): Unable to load service info ResolveInfo{411d9310 com.baidu.sync.service.ContactSyncAdapterService p=0 o=0 m=0x108000}
W/PackageManager(25946): org.xmlpull.v1.XmlPullParserException: Meta-data does not start with sync-adapter tag
W/PackageManager(25946): 	at android.content.pm.RegisteredServicesCache.parseServiceInfo(RegisteredServicesCache.java:391)
W/PackageManager(25946): 	at android.content.pm.RegisteredServicesCache.generateServicesMap(RegisteredServicesCache.java:262)
W/PackageManager(25946): 	at android.content.pm.RegisteredServicesCache.<init>(RegisteredServicesCache.java:106)
W/PackageManager(25946): 	at android.content.SyncAdaptersCache.<init>(SyncAdaptersCache.java:43)
W/PackageManager(25946): 	at android.content.SyncManager.<init>(SyncManager.java:300)
W/PackageManager(25946): 	at android.content.ContentService.getSyncManager(ContentService.java:65)
W/PackageManager(25946): 	at android.content.ContentService.<init>(ContentService.java:144)
W/PackageManager(25946): 	at android.content.ContentService.main(ContentService.java:520)
W/PackageManager(25946): 	at com.android.server.ServerThread.run(SystemServer.java:255)
D/PackageManager(25946): generateServicesMap(android.content.SyncAdapter): 7 services unchanged
D/DirEncryptionManager(25946): Unable to get DirEncryptService instance.
I/ActivityThread(25946): Pub settings: com.android.providers.settings.SettingsProvider
I/ActivityThread(25946): Pub com.baidu.dperm: com.baidu.providers.dp.DpProvider
I/ActivityThread(25946): Pub com.baidu.dp.impostor: com.baidu.providers.dp.ImpostorProvider
D/SettingsProvider(25946): cache for settings table 'secure' rows=48; fullycached=true
D/SettingsProvider(25946): cache for settings table 'system' rows=130; fullycached=true
W/System.err(25946): java.io.FileNotFoundException: /sys/power/cpufreq_max_limit: open failed: ENOENT (No such file or directory)
W/System.err(25946): 	at libcore.io.IoBridge.open(IoBridge.java:425)
W/System.err(25946): 	at java.io.FileInputStream.<init>(FileInputStream.java:78)
W/System.err(25946): 	at java.io.FileInputStream.<init>(FileInputStream.java:105)
W/System.err(25946): 	at java.io.FileReader.<init>(FileReader.java:66)
W/System.err(25946): 	at com.android.server.PowerManagerService.initSupportedFrequency(PowerManagerService.java:4800)
W/System.err(25946): 	at com.android.server.PowerManagerService.initInThread(PowerManagerService.java:958)
W/System.err(25946): 	at com.android.server.PowerManagerService$3.onLooperPrepared(PowerManagerService.java:819)
W/System.err(25946): 	at android.os.HandlerThread.run(HandlerThread.java:59)
W/System.err(25946): Caused by: libcore.io.ErrnoException: open failed: ENOENT (No such file or directory)
W/System.err(25946): 	at libcore.io.Posix.open(Native Method)
W/System.err(25946): 	at libcore.io.BlockGuardOs.open(BlockGuardOs.java:110)
W/System.err(25946): 	at libcore.io.IoBridge.open(IoBridge.java:409)
W/System.err(25946): 	... 7 more
D/AlarmManagerService(25946): Kernel timezone updated to -480 minutes west of GMT
D/InputDispatcher(25946): to control touch backlight at bottom
D/InputDispatcher(25946): setTouchKeyDeviceId : 0xffffffff
D/InputDispatcher(25946): setTouchscreenId : 0xffffffff
D/InputReader(25946): Constructor for InputReader()
D/LockPatternUtils(25946): isPcwEnable = 10
D/SensorManager(25946): sensors_get_supported_func
D/SensorManager(25946): sensors_get_supported_func ret = 0
V/MediaPlayer(25946): decode(121, 0, 13894)
V/MediaPlayerService(25915): decode(37, 0, 13894)
V/MediaPlayerService(25915): player type = 3
V/MediaPlayerService(25915):  create StagefrightPlayer
V/AwesomePlayer(25915): setDefault
V/AwesomePlayer(25915): constructor
V/AwesomePlayer(25915): setDefault
I/AwesomePlayer(25915): reset
I/AwesomePlayer(25915): cancel player events
V/AwesomePlayer(25915): mAudioTrackVector clear
I/AwesomePlayer(25915): --mSystemTimeSourceForSync reset ok
V/AwesomePlayer(25915): setListener
V/StagefrightPlayer(25915): setAudioSink
V/AwesomePlayer(25915): setAudioSink
V/StagefrightPlayer(25915): setDataSource(37, 0, 13894)
V/AwesomePlayer(25915): setDataSource fd
I/AwesomePlayer(25915): cancel player events
V/AwesomePlayer(25915): mAudioTrackVector clear
I/AwesomePlayer(25915): --mSystemTimeSourceForSync reset ok
I/MediaExtractor(25915): Autodetected media content as 'application/ogg' with confidence 0.20
V/AwesomePlayer(25915): track of type 'audio/vorbis' does not publish bitrate
V/AwesomePlayer(25915): mBitrate = -1 bits/sec
V/AwesomePlayer(25915): current audio track (0)
V/AwesomePlayer(25915): current audio track (0) is added to vector[0]
V/AwesomePlayer(25915): setDataSource_l: Audio(1), Video(0)
I/AwesomePlayer(25915): AwesomePlayer::setDataSource_l():: This is not a DRM content
V/MediaPlayerService(25915): prepare
V/StagefrightPlayer(25915): prepareAsync
V/AwesomePlayer(25915): prepareAsync
V/MediaPlayerService(25915): wait for prepare
D/dalvikvm(25946): GC_CONCURRENT freed 449K, 16% free 5405K/6407K, paused 2ms+4ms
V/BluetoothService.cpp(25946): initializeNativeDataNative
V/BluetoothService.cpp(25946): isEnabledNative
V/bluedroid(25946): bt_is_enabled
V/AwesomePlayer(25915): onPrepareAsyncEvent
I/AwesomePlayer(25915): initAudioDecoder start
V/AwesomePlayer(25915): notifyListner_l() msg (5-MEDIA_SET_VIDEO_SIZE), ext1 (0), ext2 (0)
V/AudioCache(25915): notify(0xe577f8, 5, 0, 0)
V/AudioCache(25915): ignored
V/AwesomePlayer(25915): notifyListner_l() msg (1-MEDIA_PREPARED), ext1 (0), ext2 (0)
V/AudioCache(25915): notify(0xe577f8, 1, 0, 0)
V/AudioCache(25915): prepared
V/AudioCache(25915): wait - success
V/MediaPlayerService(25915): start
V/StagefrightPlayer(25915): start
V/AwesomePlayer(25915): play
I/AwesomePlayer(25915): AwesomePlayer::play_l():: this is not widevine!! 
I/AwesomePlayer(25915): AwesomePlayer::play_l():: This is not a DRM content
V/AudioCache(25915): open(48000, 2, 1, 4)
V/MediaPlayerService(25915): wait for playback complete
I/BluetoothProfileState(25946): Message:Entering Stable State
V/AudioCache(25915): write(0xe70f10, 4096)
V/AudioCache(25915): memcpy(0x4262f000, 0xe70f10, 4096)
V/AudioCache(25915): write(0xe70f10, 4096)
V/AudioCache(25915): memcpy(0x42630000, 0xe70f10, 4096)
V/AudioCache(25915): write(0xe70f10, 4096)
V/AudioCache(25915): memcpy(0x42631000, 0xe70f10, 4096)
V/AudioCache(25915): write(0xe70f10, 4096)
V/AudioCache(25915): memcpy(0x42632000, 0xe70f10, 4096)
I/BluetoothProfileState(25946): Message:Entering Stable State
I/BluetoothProfileState(25946): Message:Entering Stable State
D/BluetoothService(25946): btPANEnable:::true
E/BluetoothService(25946): mSapAvailable was set to FALSE
V/AudioCache(25915): write(0xe70f10, 4096)
V/AudioCache(25915): memcpy(0x42633000, 0xe70f10, 4096)
V/AudioCache(25915): write(0xe70f10, 4096)
V/AudioCache(25915): memcpy(0x42634000, 0xe70f10, 4096)
V/AudioCache(25915): write(0xe70f10, 4096)
V/AudioCache(25915): memcpy(0x42635000, 0xe70f10, 4096)
E/OMXCodec(25915): [OMX.google.vorbis.decoder] err = -1011
V/AudioCache(25915): write(0xe70f10, 4096)
V/AudioCache(25915): memcpy(0x42636000, 0xe70f10, 4096)
V/AudioCache(25915): write(0xe70f10, 4096)
V/AudioCache(25915): memcpy(0x42637000, 0xe70f10, 4096)
V/AudioCache(25915): write(0xe70f10, 4096)
V/AudioCache(25915): memcpy(0x42638000, 0xe70f10, 4096)
V/AwesomePlayer(25915): MEDIA_PLAYBACK_COMPLETE
V/AwesomePlayer(25915): notifyListner_l() msg (2-MEDIA_PLAYBACK_COMPLETE), ext1 (0), ext2 (0)
V/AudioCache(25915): notify(0xe577f8, 2, 0, 0)
V/AudioCache(25915): playback complete - thread will wake up later
V/AudioCache(25915): write(0xe70f10, 3348)
V/AudioCache(25915): memcpy(0x42639000, 0xe70f10, 3348)
V/AudioCache(25915): wait - success
V/StagefrightPlayer(25915): reset
I/AwesomePlayer(25915): reset
I/AwesomePlayer(25915): cancel player events
V/AwesomePlayer(25915): mAudioTrackVector clear
I/OMXCodec(25915): [OMX.google.vorbis.decoder] stop() sendCommand(0x1, OMX_CommandStateSet, OMX_StateIdle)
I/OMXCodec(25915): [OMX.google.vorbis.decoder] stopped in state 1
I/AwesomePlayer(25915): --mSystemTimeSourceForSync reset ok
V/StagefrightPlayer(25915): ~StagefrightPlayer
V/StagefrightPlayer(25915): reset
I/AwesomePlayer(25915): reset
I/AwesomePlayer(25915): cancel player events
V/AwesomePlayer(25915): mAudioTrackVector clear
I/AwesomePlayer(25915): --mSystemTimeSourceForSync reset ok
V/AwesomePlayer(25915): destructor
I/AwesomePlayer(25915): reset
I/AwesomePlayer(25915): cancel player events
V/AwesomePlayer(25915): mAudioTrackVector clear
I/AwesomePlayer(25915): --mSystemTimeSourceForSync reset ok
V/AwesomePlayer(25915): ~AwesomePlayer()
V/MediaPlayer(25946): decode(122, 0, 12866)
V/MediaPlayerService(25915): decode(37, 0, 12866)
V/MediaPlayerService(25915): player type = 3
V/MediaPlayerService(25915):  create StagefrightPlayer
V/AwesomePlayer(25915): setDefault
V/AwesomePlayer(25915): constructor
V/AwesomePlayer(25915): setDefault
I/AwesomePlayer(25915): reset
I/AwesomePlayer(25915): cancel player events
V/AwesomePlayer(25915): mAudioTrackVector clear
I/AwesomePlayer(25915): --mSystemTimeSourceForSync reset ok
V/AwesomePlayer(25915): setListener
V/StagefrightPlayer(25915): setAudioSink
V/AwesomePlayer(25915): setAudioSink
V/StagefrightPlayer(25915): setDataSource(37, 0, 12866)
V/AwesomePlayer(25915): setDataSource fd
I/AwesomePlayer(25915): cancel player events
V/AwesomePlayer(25915): mAudioTrackVector clear
I/AwesomePlayer(25915): --mSystemTimeSourceForSync reset ok
I/MediaExtractor(25915): Autodetected media content as 'application/ogg' with confidence 0.20
V/AwesomePlayer(25915): track of type 'audio/vorbis' does not publish bitrate
V/AwesomePlayer(25915): mBitrate = -1 bits/sec
V/AwesomePlayer(25915): current audio track (0)
V/AwesomePlayer(25915): current audio track (0) is added to vector[0]
V/AwesomePlayer(25915): setDataSource_l: Audio(1), Video(0)
I/AwesomePlayer(25915): AwesomePlayer::setDataSource_l():: This is not a DRM content
V/MediaPlayerService(25915): prepare
V/StagefrightPlayer(25915): prepareAsync
V/AwesomePlayer(25915): prepareAsync
V/MediaPlayerService(25915): wait for prepare
D/EventHub(25946): No input device configuration file found for device 'headset-keyboard'.
I/EventHub(25946): New device: id=1, fd=139, path='/dev/input/event7', name='headset-keyboard', classes=0x1, configuration='', keyLayout='/system/usr/keylayout/headset-keyboard.kl', keyCharacterMap='/system/usr/keychars/Generic.kcm', builtinKeyboard=false
V/BluetoothEventLoop.cpp(25946): initializeNativeDataNative
D/BluetoothAdapterStateMachine(25946): Enter PowerOff: -2
V/BluetoothA2dpService.cpp(25946): initNative
D/jniAvrcpService(25946): Registering avrcp class
