W/ALSAModule(26586): alsa release [ playback ] partial wake lock
W/ALSAModule(26586): s_open release lock mLockMode=0
W/ALSAModule(26586): qqqqqqqqqqqqqqqq s_open Exit
D/SoundBooster(26586): SoundBoosterInit(): sampleRate=44100
D/LVVE_Engine(26586): LVVEFS_Rx_Command LVVEFS_COMMAND_RESET returns success
W/AudioHardwareALSA(26586): alsa streamout constructor
V/AudioFlinger(26586): openOutput() openOutputStream returned output 0x1a32b20, SamplingRate 44100, Format 1, Channels 3, status 0
W/AudioHardwareALSA(26586): ALSAStreamOps::bufferSize(): bufferSize: 960, periodSize: 160, channels: 2
W/AudioHardwareALSA(26586): ALSAStreamOps::bufferSize(): return bytes = 3840
I/AudioMixer(26586): AudioMixer::AudioMixer  (960, 44100)
I/AudioFlinger(26586): AudioFlinger::openOutput() created mixer output: ID 1 thread 0x1a3f778
W/AudioHardwareALSA(26586): alsa CTS latency lowered to 9000 from 21768
V/AudioFlinger(26586): PlaybackThread::audioConfigChanged_l, thread 0x1a3f778, event 0, param 0
W/AudioHardwareALSA(26586): alsa CTS latency lowered to 9000 from 21768
V/AudioPolicyManagerBase(26586): AudioPolicyManagerBase::setOutputDevice() output 1 device 2 delayMs 0
V/AudioPolicyService(26586): inserting command: 3 at index 0, num commands 0
V/AudioPolicyService(26586): AudioCommandThread() adding set parameter string routing=2, io 1 ,delay 0
V/AudioPolicyService(26586): AudioCommandThread() waking up
V/AudioPolicyService(26586): AudioCommandThread() processing set parameters string routing=2, io 1
V/AudioFlinger(26586): setParameters(): io 1, keyvalue routing=2, tid 26612, calling tid 26586
V/AudioFlinger(26586): ThreadBase::setParameters() routing=2
I/dalvikvm(26588): threadid=5: recursive native library load attempt (/system/lib/libmedia_jni.so)
D/MtpDeviceJNI(26588): register_android_mtp_MtpDevice
I/dalvikvm(26588): threadid=5: recursive native library load attempt (/system/lib/libmedia_jni.so)
I/dalvikvm(26588): threadid=5: recursive native library load attempt (/system/lib/libmedia_jni.so)
W/Zygote  (26588): Class not found for preloading: android.media.IRemoteControlClientDispatcher
W/Zygote  (26588): Class not found for preloading: android.media.IRemoteControlClientDispatcher$Stub
I/AudioFlinger(26586): AudioFlinger's thread 0x1a3f778 ready to run
W/AudioHardwareALSA(26586): alsa CTS latency lowered to 9000 from 21768
W/AudioFlinger(26586): Thread AudioOut_1 cannot connect to the power manager service
D/AudioHardwareALSA(26586): ALSAStreamOps::setParameters() routing=2
W/AudioHardwareALSA(26586): 2222222222222222 s_route setParameters called for devices 00000002 in mode 0...
W/ALSAModule(26586): route called for devices 00000002 in mode 0...
W/ALSAModule(26586): the same, direct return
D/LVVE_Engine(26586): LVVE_Engine::setDevice(): device=[2]
D/LVVE_Engine(26586): LVVE_Engine::setDevice(): 22222  device=[2]
V/AudioPolicyService(26586): AudioCommandThread() going to sleep
V/AudioPolicyManagerBase(26586): applyStreamVolumes() for output 1 and device 2
V/AudioPolicyManagerBase(26586): setStreamVolume() for output 1 stream 0, volume 76.000000, delay 0
V/AudioPolicyService(26586): inserting command: 2 at index 0, num commands 0
V/AudioPolicyService(26586): AudioCommandThread() adding set volume stream 0, volume 75.250000, output 1
V/AudioPolicyService(26586): AudioCommandThread() waking up
V/AudioPolicyService(26586): AudioCommandThread() processing set volume stream 0,                             volume 75.250000, output 1
V/AudioPolicyService(26586): AudioCommandThread() going to sleep
V/AudioPolicyService(26586): inserting command: 4 at index 0, num commands 0
V/AudioPolicyService(26586): AudioCommandThread() adding set voice volume volume 1.000000
V/AudioPolicyService(26586): AudioCommandThread() waking up
V/AudioPolicyService(26586): AudioCommandThread() processing set voice volume volume 1.000000
D/AudioHardwareALSA(26586): setVoiceVolume=1.000000
V/AudioPolicyService(26586): AudioCommandThread() going to sleep
V/AudioPolicyManagerBase(26586): setStreamVolume() for output 1 stream 1, volume 76.000000, delay 0
V/AudioPolicyService(26586): inserting command: 2 at index 0, num commands 0
V/AudioPolicyService(26586): AudioCommandThread() adding set volume stream 1, volume 76.000000, output 1
V/AudioPolicyService(26586): AudioCommandThread() waking up
V/AudioPolicyService(26586): AudioCommandThread() processing set volume stream 1,                             volume 76.000000, output 1
V/AudioPolicyService(26586): AudioCommandThread() going to sleep
V/AudioPolicyManagerBase(26586): setStreamVolume() for output 1 stream 2, volume 76.000000, delay 0
V/AudioPolicyService(26586): inserting command: 2 at index 0, num commands 0
V/AudioPolicyService(26586): AudioCommandThread() adding set volume stream 2, volume 76.000000, output 1
V/AudioPolicyService(26586): AudioCommandThread() waking up
V/AudioPolicyService(26586): AudioCommandThread() processing set volume stream 2,                             volume 76.000000, output 1
V/AudioPolicyService(26586): AudioCommandThread() going to sleep
V/AudioPolicyManagerBase(26586): getNewDevice() selected device 0
V/AudioPolicyManagerBase(26586): getDeviceForStrategy() from cache strategy 0, device 0
D/AudioPolicyManagerBase(26586): return MUSIC_SPK index=1
V/AudioPolicyManagerBase(26586): setStreamVolume() for output 1 stream 3, volume 55.000000, delay 0
V/AudioPolicyService(26586): inserting command: 2 at index 0, num commands 0
V/AudioPolicyService(26586): AudioCommandThread() adding set volume stream 3, volume 55.000000, output 1
V/AudioPolicyService(26586): AudioCommandThread() waking up
V/AudioPolicyService(26586): AudioCommandThread() processing set volume stream 3,                             volume 55.000000, output 1
V/AudioPolicyService(26586): AudioCommandThread() going to sleep
V/AudioPolicyManagerBase(26586): getNewDevice() selected device 0
V/AudioPolicyManagerBase(26586): getDeviceForStrategy() from cache strategy 0, device 0
V/AudioPolicyManagerBase(26586): setStreamVolume() for output 1 stream 4, volume 76.000000, delay 0
V/AudioPolicyService(26586): inserting command: 2 at index 0, num commands 0
V/AudioPolicyService(26586): AudioCommandThread() adding set volume stream 4, volume 76.000000, output 1
V/AudioPolicyService(26586): AudioCommandThread() waking up
V/AudioPolicyService(26586): AudioCommandThread() processing set volume stream 4,                             volume 76.000000, output 1
V/AudioPolicyService(26586): AudioCommandThread() going to sleep
V/AudioPolicyManagerBase(26586): setStreamVolume() for output 1 stream 5, volume 75.000000, delay 0
V/AudioPolicyService(26586): inserting command: 2 at index 0, num commands 0
V/AudioPolicyService(26586): AudioCommandThread() adding set volume stream 5, volume 75.000000, output 1
V/AudioPolicyService(26586): AudioCommandThread() waking up
V/AudioPolicyService(26586): AudioCommandThread() processing set volume stream 5,                             volume 75.000000, output 1
V/AudioPolicyService(26586): AudioCommandThread() going to sleep
V/AudioPolicyManagerBase(26586): checkAndSetVolume() cannot set stream 6 volume with force use = 0 for comm
V/AudioPolicyManagerBase(26586): setStreamVolume() for output 1 stream 7, volume 72.000000, delay 0
V/AudioPolicyService(26586): inserting command: 2 at index 0, num commands 0
V/AudioPolicyService(26586): AudioCommandThread() adding set volume stream 7, volume 72.000000, output 1
V/AudioPolicyService(26586): AudioCommandThread() waking up
V/AudioPolicyService(26586): AudioCommandThread() processing set volume stream 7,                             volume 72.000000, output 1
V/AudioPolicyService(26586): AudioCommandThread() going to sleep
V/AudioPolicyManagerBase(26586): setStreamVolume() for output 1 stream 8, volume 1.000000, delay 0
V/AudioPolicyService(26586): inserting command: 2 at index 0, num commands 0
V/AudioPolicyService(26586): AudioCommandThread() adding set volume stream 8, volume 1.000000, output 1
V/AudioPolicyService(26586): AudioCommandThread() waking up
V/AudioPolicyService(26586): AudioCommandThread() processing set volume stream 8,                             volume 1.000000, output 1
V/AudioPolicyService(26586): AudioCommandThread() going to sleep
V/AudioPolicyManagerBase(26586): getNewDevice() selected device 0
V/AudioPolicyManagerBase(26586): getDeviceForStrategy() from cache strategy 0, device 0
D/AudioPolicyManagerBase(26586): return MUSIC_SPK index=1
V/AudioPolicyManagerBase(26586): setStreamVolume() for output 1 stream 9, volume 55.000000, delay 0
V/AudioPolicyService(26586): inserting command: 2 at index 0, num commands 0
V/AudioPolicyService(26586): AudioCommandThread() adding set volume stream 9, volume 55.000000, output 1
V/AudioPolicyService(26586): AudioCommandThread() waking up
V/AudioPolicyService(26586): AudioCommandThread() processing set volume stream 9,                             volume 55.000000, output 1
V/AudioPolicyService(26586): AudioCommandThread() going to sleep
V/AudioPolicyManagerBase(26586): getNewDevice() selected device 0
V/AudioPolicyManagerBase(26586): getDeviceForStrategy() from cache strategy 0, device 0
D/AudioPolicyManagerBase(26586): return MUSIC_SPK index=1
V/AudioPolicyManagerBase(26586): setStreamVolume() for output 1 stream 10, volume 1.000000, delay 0
V/AudioPolicyService(26586): inserting command: 2 at index 0, num commands 0
V/AudioPolicyService(26586): AudioCommandThread() adding set volume stream 10, volume 1.000000, output 1
V/AudioPolicyService(26586): AudioCommandThread() waking up
V/AudioPolicyService(26586): AudioCommandThread() processing set volume stream 10,                             volume 1.000000, output 1
V/AudioPolicyService(26586): AudioCommandThread() going to sleep
V/AudioPolicyManagerBase(26586): setStreamVolume() for output 1 stream 11, volume 76.000000, delay 0
V/AudioPolicyService(26586): inserting command: 2 at index 0, num commands 0
V/AudioPolicyService(26586): AudioCommandThread() adding set volume stream 11, volume 76.000000, output 1
V/AudioPolicyService(26586): AudioCommandThread() waking up
V/AudioPolicyService(26586): AudioCommandThread() processing set volume stream 11,                             volume 76.000000, output 1
V/AudioPolicyService(26586): AudioCommandThread() going to sleep
V/AudioPolicyManagerBase(26586): setStreamVolume() for output 1 stream 12, volume 76.000000, delay 0
V/AudioPolicyService(26586): inserting command: 2 at index 0, num commands 0
V/AudioPolicyService(26586): AudioCommandThread() adding set volume stream 12, volume 76.000000, output 1
V/AudioPolicyService(26586): AudioCommandThread() waking up
V/AudioPolicyService(26586): AudioCommandThread() processing set volume stream 12,                             volume 76.000000, output 1
V/AudioPolicyService(26586): AudioCommandThread() going to sleep
V/AudioPolicyManagerBase(26586): getNewDevice() selected device 0
V/AudioPolicyManagerBase(26586): getDeviceForStrategy() from cache strategy 0, device 0
D/AudioPolicyManagerBase(26586): return MUSIC_SPK index=1
V/AudioPolicyManagerBase(26586): getNewDevice() selected device 0
V/AudioPolicyManagerBase(26586): getDeviceForStrategy() from cache strategy 0, device 0
V/AudioPolicyManagerBase(26586): getNewDevice() selected device 0
V/AudioPolicyManagerBase(26586): getDeviceForStrategy() from cache strategy 0, device 0
D/AudioPolicyManagerBase(26586): return MUSIC_SPK index=1
V/AudioPolicyManagerBase(26586): getNewDevice() selected device 0
V/AudioPolicyManagerBase(26586): getDeviceForStrategy() from cache strategy 0, device 0
D/AudioPolicyManagerBase(26586): return MUSIC_SPK index=1
V/AudioPolicyManagerBase(26586): getDeviceForStrategy() strategy 0, device 2
V/AudioPolicyManagerBase(26586): getDeviceForStrategy() strategy 1, device 1
V/AudioPolicyManagerBase(26586): getDeviceForStrategy() strategy 2, device 2
V/AudioPolicyManagerBase(26586): getDeviceForStrategy() strategy 0, device 2
V/AudioPolicyManagerBase(26586): getDeviceForStrategy() strategy 3, device 2
V/AudioPolicyManagerBase(26586): getDeviceForStrategy() strategy 4, device 2
V/AudioFlinger(26586): Audio hardware entering standby, mixer 0x1a3f778, mSuspended 0
D/LVVE_Engine(26586): LVVEFS_Rx_Command LVVEFS_COMMAND_RESET returns success
W/AudioHardwareALSA(26586): AudioStreamOutALSA::standby snd_pcm_drain start ...
W/AudioHardwareALSA(26586): AudioStreamOutALSA::standby snd_pcm_drain finish ...
V/AudioFlinger(26586): MixerThread 0x1a3f778 TID 26615 going to sleep
D/Audio_Control_CSC(26586): get_CS_ISO_Code country_code = CN
D/Audio_Control_CSC(26586): checkCSCAndSetSysProperty() mark property to audio.country when including SalesCodes
D/Audio_Control_CSC(26586): get_CS_ISO_Code country_code = CN
D/Audio_Control_CSC(26586): checkCSCAndSetSysProperty()_mCount = 3, mValue_salescode = CHM
D/Audio_Control_CSC(26586): checkCSCAndSetSysProperty()_gEPSalesCodes = SPR
D/Audio_Control_CSC(26586): checkCSCAndSetSysProperty()_gEPSalesCodes = VMU
D/Audio_Control_CSC(26586): checkCSCAndSetSysProperty()_gEPSalesCodes = BST
D/Audio_Control_CSC(26586): getCameraShutterOn()_mbIsShutterOn = 1
V/AudioPolicyManagerBase(26586): setSystemProperty() property ro.camera.sound.forced, value 1
V/AudioPolicyManagerBase(26586): ENFORCED_AUDIBLE cannot be muted
I/AudioPolicyService(26586): Loaded audio policy from Samsung SPRD audio policy HAL (audio_policy)
V/AudioPolicyService(26586): loadEffects() loading effect bassboost
V/AudioPolicyService(26586): loadEffects() loading effect virtualizer
V/AudioPolicyService(26586): loadEffects() loading effect equalizer
V/AudioPolicyService(26586): loadEffects() loading effect volume
V/AudioPolicyService(26586): loadEffects() loading effect reverb_env_aux
V/AudioPolicyService(26586): loadEffects() loading effect reverb_env_ins
V/AudioPolicyService(26586): loadEffects() loading effect reverb_pre_aux
V/AudioPolicyService(26586): loadEffects() loading effect reverb_pre_ins
V/AudioPolicyService(26586): loadEffects() loading effect visualizer
V/AudioPolicyService(26586): loadEffects() loading effect agc
V/AudioPolicyService(26586): loadEffects() loading effect aec
V/AudioPolicyService(26586): loadEffects() loading effect ns
V/BluetoothEventLoop.cpp(26588): classInitNative
V/BluetoothService.cpp(26588): classInitNative
W/Zygote  (26588): Class not found for preloading: android.text.TextDirectionHeuristics$CharCount
W/Zygote  (26588): Class not found for preloading: android.text.method.WordIterator$1
I/dalvikvm(26588): threadid=5: recursive native library load attempt (/system/lib/libwebcore.so)
D/dalvikvm(26588): No JNI_OnLoad found in /system/lib/libchromium_net.so 0x0, skipping init
W/dalvikvm(26588): VFY: copyRes1 v1<-v4 cat=1 type=0
W/dalvikvm(26588): VFY:  rejecting opcode 0x0a at 0x0016
W/dalvikvm(26588): VFY:  rejected Landroid/webkit/WebTextView;.performLongClick ()Z
W/dalvikvm(26588): Verifier rejected class Landroid/webkit/WebTextView;
W/Zygote  (26588): Class not found for preloading: android.webkit.WebTextView
W/Zygote  (26588): Class not found for preloading: android.widget.EdgeGlow
I/System  (26588): Loaded time zone names for  in 967ms (951ms in ICU)
E/PhonePolicy(26588): Could not preload class for phone policy: com.android.internal.policy.impl.PhoneWindow$ContextMenuCallback
I/Zygote  (26588): ...preloaded 1500 classes in 1198ms.
D/dalvikvm(26588): GC_FOR_ALLOC freed 439K, 17% free 2251K/2691K, paused 19ms
I/System  (26588): Loaded time zone names for en_US in 444ms (437ms in ICU)
I/System  (26588): Loaded time zone names for zh_CN in 428ms (422ms in ICU)
D/dalvikvm(26588): GC_FOR_ALLOC freed 391K, 15% free 2416K/2819K, paused 21ms
I/Zygote  (26588): ...preloaded 2307 classes in 2159ms.
I/Zygote  (26588): !@EndofpreloadClasses()
D/dalvikvm(26588): GC_EXPLICIT freed 505K, 19% free 2343K/2883K, paused 2ms+2ms
D/dalvikvm(26588): GC_EXPLICIT freed 7K, 19% free 2336K/2883K, paused 2ms+2ms
D/dalvikvm(26588): GC_EXPLICIT freed <1K, 19% free 2336K/2883K, paused 2ms+1ms
I/dalvikvm(26588): System server process 26617 has been created
I/Zygote  (26588): Accepting command socket connections
D/dalvikvm(26617): GC_CONCURRENT freed 87K, 19% free 2769K/3399K, paused 1ms+3ms
D/dalvikvm(26617): GC_CONCURRENT freed 239K, 18% free 3577K/4359K, paused 1ms+5ms
I/sysproc (26617): !@beginofsystem_init1()
I/sysproc (26617): Entered system_init()
I/sysproc (26617): ServiceManager: 0x4e5008
D/SensorService(26617): nuSensorService starting...
I/BootTime(26617): Prefetch Time Taken:784
I/SensorService(26617): BMA222E / KXTJ2 Acceleration Sensor
I/SensorService(26617): GP2A_PROX
I/RemoteDesktopService(26617): RemoteDesktopService started (pid=26617)
I/sysproc (26617): System server: starting Android runtime.
I/sysproc (26617): System server: starting Android services.
I/sysproc (26617): !@endofsystem_init1()
D/SensorService(26617): nuSensorService thread starting...
I/sysproc (26617): System server: entering thread pool.
I/SystemServer(26617): !@SystemServer Thread begins...
D/dalvikvm(26617): GC_CONCURRENT freed 564K, 23% free 4034K/5191K, paused 2ms+3ms
D/TelephonyRegistry(26617): Block apn list: []
D/dalvikvm(26617): GC_CONCURRENT freed 561K, 25% free 3923K/5191K, paused 1ms+3ms
D/dalvikvm(26617): GC_FOR_ALLOC freed 175K, 25% free 3923K/5191K, paused 22ms
D/dalvikvm(26617): GC_FOR_ALLOC freed 65K, 25% free 3942K/5191K, paused 22ms
D/dalvikvm(26617): GC_FOR_ALLOC freed 531K, 29% free 3974K/5575K, paused 22ms
D/dalvikvm(26617): GC_CONCURRENT freed 421K, 28% free 4019K/5575K, paused 1ms+3ms
I/dalvikvm(26617): Zip is good, but no classes.dex inside, and no .odex file in the same directory
I/dalvikvm(26617): Zip is good, but no classes.dex inside, and no .odex file in the same directory
D/dalvikvm(26617): GC_CONCURRENT freed 352K, 27% free 4109K/5575K, paused 1ms+2ms
I/BootTime(26617): Fail Safe scanning for:|XXXXXX|XXXXXXXXX|XXXXXXXXXXXXXXXXXXX
I/BootTime(26617): Fail Safe scanning for:|XXXXXX|XXX|XXXXXXXXXXXXXXX
D/PackageManager(26617): No files in app dir |XXXXXX|XXX
I/installd(   99): new connection
I/BootTime(26617): Fail Safe scanning for:|XXXX|XXX|XXXXXXXXXXXXXX.XXX
I/BootTime(26617): Fail Safe scanning for:|XXXX|XXX|XXXXXXXXXXXXXXXXXXX.XXX
I/BootTime(26617): Fail Safe scanning for:|XXXX|XXX|XXXXXXXXXXXXXXXXXX.XXX
I/BootTime(26617): Fail Safe scanning for:|XXXX|XXX|XXXXXXXXXXXXXXXXXXXXXX.XXX
I/BootTime(26617): Fail Safe scanning for:|XXXX|XXX|XXXXXXXXXXXXXXXXXXXXXXXXXXXXXXXXXXXXX.XXX
I/BootTime(26617): Fail Safe scanning for:|XXXX|XXX|XXXXXXXXXXXXXXXXXXX.XXX
I/BootTime(26617): Fail Safe scanning for:|XXXX|XXX|XXXXXXXXXXXXXXXXXXX.XXX
I/BootTime(26617): Fail Safe scanning for:|XXXX|XXX|XXXXXXXXXXXXXXXXXXXXXXXX.XXX
I/BootTime(26617): Fail Safe scanning for:|XXXX|XXX|XXXXXXXXXXXXXXXXXXX.XXX
D/dalvikvm(26617): GC_CONCURRENT freed 476K, 19% free 4764K/5831K, paused 2ms+3ms
I/BootTime(26617): Fail Safe scanning for:|XXXX|XXX|XXXXXXXXXXXXXXXXXXXXXXXX.XXX
I/BootTime(26617): Fail Safe scanning for:|XXXX|XXX|XXXXXXXXXXXXXXXXXXXXXXXXXXXXXXXXXX.XXX
I/BootTime(26617): Fail Safe scanning for:|XXXX|XXX|XXXXXXXXXXXXXXXXXXXXXXXXXXXXXXXX.XXX
I/BootTime(26617): Fail Safe scanning for:|XXXX|XXX|XXXXXXXXXXXXXXXXXXXXXX.XXX
I/BootTime(26617): Fail Safe scanning for:|XXXX|XXX|XXXXXXXXXXXXXXXXX.XXX
I/BootTime(26617): Fail Safe scanning for:|XXXX|XXX|XXXXXXXXXXXXXXXXXXXXXXXXXXXXXXXXXX.XXX
I/BootTime(26617): Fail Safe scanning for:|XXXX|XXX|XXXXXXXXXXXXXXXXXXXX.XXX
D/dalvikvm(26617): GC_CONCURRENT freed 216K, 14% free 5147K/5959K, paused 1ms+4ms
W/PackageManager(26617): Package ru.zdevs.zarchiver has activity ru.zdevs.zarchiver.ZArchiver with priority > 0, forcing to 0
W/PackageManager(26617): Package ru.zdevs.zarchiver has activity ru.zdevs.zarchiver.ZArchiver with priority > 0, forcing to 0
W/PackageManager(26617): Package ru.zdevs.zarchiver has activity ru.zdevs.zarchiver.ZArchiver with priority > 0, forcing to 0
I/BootTime(26617): Fail Safe scanning for:|XXXX|XXX|XXXXXXXXXXXXXXX.XXX
I/BootTime(26617): Fail Safe scanning for:|XXXX|XXX|XXXXXXXXXXXXXXXXXXXXXXXXXXXXXXXXXXXXXXXXXXXXXXXX.XXX
I/BootTime(26617): Fail Safe scanning for:|XXXX|XXX|XXXXXXXXXXXXXXXXXXXXX.XXX
D/dalvikvm(26617): GC_EXPLICIT freed 526K, 18% free 5171K/6279K, paused 2ms+3ms
I/BootTime(26617): !@Total Package Scan Time:407
I/BootTime(26617): !@Total Time Taken:3622
D/PackageManager(26617): generateServicesMap(android.accounts.AccountAuthenticator): 4 services unchanged
W/PackageManager(26617): Unable to load service info ResolveInfo{41179b60 com.baidu.sync.service.ContactSyncAdapterService p=0 o=0 m=0x108000}
W/PackageManager(26617): org.xmlpull.v1.XmlPullParserException: Meta-data does not start with sync-adapter tag
W/PackageManager(26617): 	at android.content.pm.RegisteredServicesCache.parseServiceInfo(RegisteredServicesCache.java:391)
W/PackageManager(26617): 	at android.content.pm.RegisteredServicesCache.generateServicesMap(RegisteredServicesCache.java:262)
W/PackageManager(26617): 	at android.content.pm.RegisteredServicesCache.<init>(RegisteredServicesCache.java:106)
W/PackageManager(26617): 	at android.content.SyncAdaptersCache.<init>(SyncAdaptersCache.java:43)
W/PackageManager(26617): 	at android.content.SyncManager.<init>(SyncManager.java:300)
W/PackageManager(26617): 	at android.content.ContentService.getSyncManager(ContentService.java:65)
W/PackageManager(26617): 	at android.content.ContentService.<init>(ContentService.java:144)
W/PackageManager(26617): 	at android.content.ContentService.main(ContentService.java:520)
W/PackageManager(26617): 	at com.android.server.ServerThread.run(SystemServer.java:255)
D/PackageManager(26617): generateServicesMap(android.content.SyncAdapter): 7 services unchanged
D/DirEncryptionManager(26617): Unable to get DirEncryptService instance.
I/ActivityThread(26617): Pub settings: com.android.providers.settings.SettingsProvider
I/ActivityThread(26617): Pub com.baidu.dperm: com.baidu.providers.dp.DpProvider
D/SettingsProvider(26617): cache for settings table 'secure' rows=48; fullycached=true
I/ActivityThread(26617): Pub com.baidu.dp.impostor: com.baidu.providers.dp.ImpostorProvider
D/SettingsProvider(26617): cache for settings table 'system' rows=130; fullycached=true
W/System.err(26617): java.io.FileNotFoundException: /sys/power/cpufreq_max_limit: open failed: ENOENT (No such file or directory)
W/System.err(26617): 	at libcore.io.IoBridge.open(IoBridge.java:425)
W/System.err(26617): 	at java.io.FileInputStream.<init>(FileInputStream.java:78)
W/System.err(26617): 	at java.io.FileInputStream.<init>(FileInputStream.java:105)
W/System.err(26617): 	at java.io.FileReader.<init>(FileReader.java:66)
W/System.err(26617): 	at com.android.server.PowerManagerService.initSupportedFrequency(PowerManagerService.java:4800)
W/System.err(26617): 	at com.android.server.PowerManagerService.initInThread(PowerManagerService.java:958)
W/System.err(26617): 	at com.android.server.PowerManagerService$3.onLooperPrepared(PowerManagerService.java:819)
W/System.err(26617): 	at android.os.HandlerThread.run(HandlerThread.java:59)
W/System.err(26617): Caused by: libcore.io.ErrnoException: open failed: ENOENT (No such file or directory)
W/System.err(26617): 	at libcore.io.Posix.open(Native Method)
W/System.err(26617): 	at libcore.io.BlockGuardOs.open(BlockGuardOs.java:110)
W/System.err(26617): 	at libcore.io.IoBridge.open(IoBridge.java:409)
W/System.err(26617): 	... 7 more
D/AlarmManagerService(26617): Kernel timezone updated to -480 minutes west of GMT
D/InputDispatcher(26617): to control touch backlight at bottom
D/InputDispatcher(26617): setTouchKeyDeviceId : 0xffffffff
D/InputDispatcher(26617): setTouchscreenId : 0xffffffff
D/InputReader(26617): Constructor for InputReader()
D/LockPatternUtils(26617): isPcwEnable = 10
D/SensorManager(26617): sensors_get_supported_func
D/SensorManager(26617): sensors_get_supported_func ret = 0
V/MediaPlayer(26617): decode(121, 0, 13894)
V/MediaPlayerService(26586): decode(37, 0, 13894)
V/MediaPlayerService(26586): player type = 3
V/MediaPlayerService(26586):  create StagefrightPlayer
V/AwesomePlayer(26586): setDefault
V/AwesomePlayer(26586): constructor
V/AwesomePlayer(26586): setDefault
I/AwesomePlayer(26586): reset
I/AwesomePlayer(26586): cancel player events
V/AwesomePlayer(26586): mAudioTrackVector clear
I/AwesomePlayer(26586): --mSystemTimeSourceForSync reset ok
V/AwesomePlayer(26586): setListener
V/StagefrightPlayer(26586): setAudioSink
V/AwesomePlayer(26586): setAudioSink
V/StagefrightPlayer(26586): setDataSource(37, 0, 13894)
V/AwesomePlayer(26586): setDataSource fd
I/AwesomePlayer(26586): cancel player events
V/AwesomePlayer(26586): mAudioTrackVector clear
I/AwesomePlayer(26586): --mSystemTimeSourceForSync reset ok
I/MediaExtractor(26586): Autodetected media content as 'application/ogg' with confidence 0.20
V/AwesomePlayer(26586): track of type 'audio/vorbis' does not publish bitrate
V/AwesomePlayer(26586): mBitrate = -1 bits/sec
V/AwesomePlayer(26586): current audio track (0)
V/AwesomePlayer(26586): current audio track (0) is added to vector[0]
V/AwesomePlayer(26586): setDataSource_l: Audio(1), Video(0)
I/AwesomePlayer(26586): AwesomePlayer::setDataSource_l():: This is not a DRM content
V/MediaPlayerService(26586): prepare
V/StagefrightPlayer(26586): prepareAsync
V/AwesomePlayer(26586): prepareAsync
V/MediaPlayerService(26586): wait for prepare
V/BluetoothService.cpp(26617): initializeNativeDataNative
V/BluetoothService.cpp(26617): isEnabledNative
V/bluedroid(26617): bt_is_enabled
V/AwesomePlayer(26586): onPrepareAsyncEvent
I/AwesomePlayer(26586): initAudioDecoder start
V/AwesomePlayer(26586): notifyListner_l() msg (5-MEDIA_SET_VIDEO_SIZE), ext1 (0), ext2 (0)
V/AudioCache(26586): notify(0x1a55980, 5, 0, 0)
V/AudioCache(26586): ignored
V/AwesomePlayer(26586): notifyListner_l() msg (1-MEDIA_PREPARED), ext1 (0), ext2 (0)
V/AudioCache(26586): notify(0x1a55980, 1, 0, 0)
V/AudioCache(26586): prepared
V/AudioCache(26586): wait - success
V/MediaPlayerService(26586): start
V/StagefrightPlayer(26586): start
V/AwesomePlayer(26586): play
I/AwesomePlayer(26586): AwesomePlayer::play_l():: this is not widevine!! 
I/AwesomePlayer(26586): AwesomePlayer::play_l():: This is not a DRM content
V/AudioCache(26586): open(48000, 2, 1, 4)
V/MediaPlayerService(26586): wait for playback complete
V/AudioCache(26586): write(0x1a6ef18, 4096)
V/AudioCache(26586): memcpy(0x4272b000, 0x1a6ef18, 4096)
D/dalvikvm(26617): GC_CONCURRENT freed 494K, 17% free 5420K/6471K, paused 2ms+12ms
I/BluetoothProfileState(26617): Message:Entering Stable State
V/AudioCache(26586): write(0x1a6ef18, 4096)
V/AudioCache(26586): memcpy(0x4272c000, 0x1a6ef18, 4096)
V/AudioCache(26586): write(0x1a6ef18, 4096)
V/AudioCache(26586): memcpy(0x4272d000, 0x1a6ef18, 4096)
D/EventHub(26617): No input device configuration file found for device 'headset-keyboard'.
I/EventHub(26617): New device: id=1, fd=59, path='/dev/input/event7', name='headset-keyboard', classes=0x1, configuration='', keyLayout='/system/usr/keylayout/headset-keyboard.kl', keyCharacterMap='/system/usr/keychars/Generic.kcm', builtinKeyboard=false
V/AudioCache(26586): write(0x1a6ef18, 4096)
V/AudioCache(26586): memcpy(0x4272e000, 0x1a6ef18, 4096)
V/AudioCache(26586): write(0x1a6ef18, 4096)
V/AudioCache(26586): memcpy(0x4272f000, 0x1a6ef18, 4096)
V/AudioCache(26586): write(0x1a6ef18, 4096)
V/AudioCache(26586): memcpy(0x42730000, 0x1a6ef18, 4096)
V/AudioCache(26586): write(0x1a6ef18, 4096)
V/AudioCache(26586): memcpy(0x42731000, 0x1a6ef18, 4096)
E/OMXCodec(26586): [OMX.google.vorbis.decoder] err = -1011
V/AudioCache(26586): write(0x1a6ef18, 4096)
V/AudioCache(26586): memcpy(0x42732000, 0x1a6ef18, 4096)
V/AudioCache(26586): write(0x1a6ef18, 4096)
V/AudioCache(26586): memcpy(0x42733000, 0x1a6ef18, 4096)
V/AudioCache(26586): write(0x1a6ef18, 4096)
V/AudioCache(26586): memcpy(0x42734000, 0x1a6ef18, 4096)
V/AwesomePlayer(26586): MEDIA_PLAYBACK_COMPLETE
V/AwesomePlayer(26586): notifyListner_l() msg (2-MEDIA_PLAYBACK_COMPLETE), ext1 (0), ext2 (0)
V/AudioCache(26586): notify(0x1a55980, 2, 0, 0)
V/AudioCache(26586): playback complete - thread will wake up later
V/AudioCache(26586): write(0x1a6ef18, 3348)
V/AudioCache(26586): memcpy(0x42735000, 0x1a6ef18, 3348)
V/AudioCache(26586): wait - success
V/StagefrightPlayer(26586): reset
I/AwesomePlayer(26586): reset
I/AwesomePlayer(26586): cancel player events
V/AwesomePlayer(26586): mAudioTrackVector clear
I/OMXCodec(26586): [OMX.google.vorbis.decoder] stop() sendCommand(0x1, OMX_CommandStateSet, OMX_StateIdle)
I/OMXCodec(26586): [OMX.google.vorbis.decoder] stopped in state 1
I/AwesomePlayer(26586): --mSystemTimeSourceForSync reset ok
V/StagefrightPlayer(26586): ~StagefrightPlayer
V/StagefrightPlayer(26586): reset
I/AwesomePlayer(26586): reset
I/AwesomePlayer(26586): cancel player events
V/AwesomePlayer(26586): mAudioTrackVector clear
I/AwesomePlayer(26586): --mSystemTimeSourceForSync reset ok
V/AwesomePlayer(26586): destructor
I/AwesomePlayer(26586): reset
I/AwesomePlayer(26586): cancel player events
V/AwesomePlayer(26586): mAudioTrackVector clear
I/AwesomePlayer(26586): --mSystemTimeSourceForSync reset ok
V/AwesomePlayer(26586): ~AwesomePlayer()
V/MediaPlayer(26617): decode(122, 0, 12866)
V/MediaPlayerService(26586): decode(37, 0, 12866)
V/MediaPlayerService(26586): player type = 3
V/MediaPlayerService(26586):  create StagefrightPlayer
V/AwesomePlayer(26586): setDefault
V/AwesomePlayer(26586): constructor
V/AwesomePlayer(26586): setDefault
I/AwesomePlayer(26586): reset
I/AwesomePlayer(26586): cancel player events
V/AwesomePlayer(26586): mAudioTrackVector clear
I/AwesomePlayer(26586): --mSystemTimeSourceForSync reset ok
V/AwesomePlayer(26586): setListener
V/StagefrightPlayer(26586): setAudioSink
V/AwesomePlayer(26586): setAudioSink
V/StagefrightPlayer(26586): setDataSource(37, 0, 12866)
V/AwesomePlayer(26586): setDataSource fd
I/AwesomePlayer(26586): cancel player events
V/AwesomePlayer(26586): mAudioTrackVector clear
I/AwesomePlayer(26586): --mSystemTimeSourceForSync reset ok
I/MediaExtractor(26586): Autodetected media content as 'application/ogg' with confidence 0.20
V/AwesomePlayer(26586): track of type 'audio/vorbis' does not publish bitrate
V/AwesomePlayer(26586): mBitrate = -1 bits/sec
V/AwesomePlayer(26586): current audio track (0)
V/AwesomePlayer(26586): current audio track (0) is added to vector[0]
V/AwesomePlayer(26586): setDataSource_l: Audio(1), Video(0)
I/AwesomePlayer(26586): AwesomePlayer::setDataSource_l():: This is not a DRM content
V/MediaPlayerService(26586): prepare
V/StagefrightPlayer(26586): prepareAsync
V/AwesomePlayer(26586): prepareAsync
V/MediaPlayerService(26586): wait for prepare
V/AwesomePlayer(26586): onPrepareAsyncEvent
I/AwesomePlayer(26586): initAudioDecoder start
I/BluetoothProfileState(26617): Message:Entering Stable State
I/BluetoothProfileState(26617): Message:Entering Stable State
D/BluetoothService(26617): btPANEnable:::true
E/BluetoothService(26617): mSapAvailable was set to FALSE
V/AwesomePlayer(26586): notifyListner_l() msg (5-MEDIA_SET_VIDEO_SIZE), ext1 (0), ext2 (0)
V/AudioCache(26586): notify(0x1a55980, 5, 0, 0)
V/AudioCache(26586): ignored
V/AwesomePlayer(26586): notifyListner_l() msg (1-MEDIA_PREPARED), ext1 (0), ext2 (0)
V/AudioCache(26586): notify(0x1a55980, 1, 0, 0)
V/AudioCache(26586): prepared
V/AudioCache(26586): wait - success
V/MediaPlayerService(26586): start
V/StagefrightPlayer(26586): start
V/BluetoothEventLoop.cpp(26617): initializeNativeDataNative
D/BluetoothAdapterStateMachine(26617): Enter PowerOff: -2
V/BluetoothA2dpService.cpp(26617): initNative
V/AwesomePlayer(26586): play
I/AwesomePlayer(26586): AwesomePlayer::play_l():: this is not widevine!! 
I/AwesomePlayer(26586): AwesomePlayer::play_l():: This is not a DRM content
D/jniAvrcpService(26617): Registering avrcp class
D/EventHub(26617): ledBitmask is set (LED_MISC)
I/EventHub(26617): New device: id=2, fd=140, path='/dev/input/event6', name='sec_touchscreen', classes=0x15, configuration='/system/usr/idc/sec_touchscreen.idc', keyLayout='/system/usr/keylayout/Generic.kl', keyCharacterMap='/system/usr/keychars/Generic.kcm', builtinKeyboard=false
W/AutoLaunchController(26617): No command broadcast blacklist file found.
V/AudioCache(26586): open(48000, 2, 1, 4)
V/MediaPlayerService(26586): wait for playback complete
V/AudioCache(26586): write(0x1a6a638, 4096)
V/AudioCache(26586): memcpy(0x4282b000, 0x1a6a638, 4096)
V/AudioCache(26586): write(0x1a6a638, 4096)
V/AudioCache(26586): memcpy(0x4282c000, 0x1a6a638, 4096)
V/AudioCache(26586): write(0x1a6a638, 4096)
V/AudioCache(26586): memcpy(0x4282d000, 0x1a6a638, 4096)
V/AudioCache(26586): write(0x1a6a638, 4096)
V/AudioCache(26586): memcpy(0x4282e000, 0x1a6a638, 4096)
V/AudioCache(26586): write(0x1a6a638, 4096)
V/AudioCache(26586): memcpy(0x4282f000, 0x1a6a638, 4096)
V/AudioCache(26586): write(0x1a6a638, 4096)
V/AudioCache(26586): memcpy(0x42830000, 0x1a6a638, 4096)
V/AudioCache(26586): write(0x1a6a638, 4096)
V/AudioCache(26586): memcpy(0x42831000, 0x1a6a638, 4096)
E/OMXCodec(26586): [OMX.google.vorbis.decoder] err = -1011
V/AudioCache(26586): write(0x1a6a638, 4096)
V/AudioCache(26586): memcpy(0x42832000, 0x1a6a638, 4096)
V/AudioCache(26586): write(0x1a6a638, 4096)
V/AudioCache(26586): memcpy(0x42833000, 0x1a6a638, 4096)
V/AudioCache(26586): write(0x1a6a638, 4096)
V/AudioCache(26586): memcpy(0x42834000, 0x1a6a638, 4096)
V/AudioCache(26586): write(0x1a6a638, 4096)
V/AudioCache(26586): memcpy(0x42835000, 0x1a6a638, 4096)
V/AwesomePlayer(26586): MEDIA_PLAYBACK_COMPLETE
V/AwesomePlayer(26586): notifyListner_l() msg (2-MEDIA_PLAYBACK_COMPLETE), ext1 (0), ext2 (0)
V/AudioCache(26586): notify(0x1a55980, 2, 0, 0)
V/AudioCache(26586): playback complete - thread will wake up later
V/AudioCache(26586): wait - success
V/StagefrightPlayer(26586): reset
I/AwesomePlayer(26586): reset
I/AwesomePlayer(26586): cancel player events
V/AwesomePlayer(26586): mAudioTrackVector clear
I/OMXCodec(26586): [OMX.google.vorbis.decoder] stop() sendCommand(0x2, OMX_CommandStateSet, OMX_StateIdle)
I/OMXCodec(26586): [OMX.google.vorbis.decoder] stopped in state 1
I/AwesomePlayer(26586): --mSystemTimeSourceForSync reset ok
V/StagefrightPlayer(26586): ~StagefrightPlayer
V/StagefrightPlayer(26586): reset
I/AwesomePlayer(26586): reset
I/AwesomePlayer(26586): cancel player events
V/AwesomePlayer(26586): mAudioTrackVector clear
I/AwesomePlayer(26586): --mSystemTimeSourceForSync reset ok
V/AwesomePlayer(26586): destructor
I/AwesomePlayer(26586): reset
I/AwesomePlayer(26586): cancel player events
V/AwesomePlayer(26586): mAudioTrackVector clear
I/AwesomePlayer(26586): --mSystemTimeSourceForSync reset ok
V/AwesomePlayer(26586): ~AwesomePlayer()
D/DynamicPermissionService(26617): Read premissions done
D/DynamicPermissionService(26617): Read pre-installed packages done
D/DynamicPermissionService(26617): Init from files done
D/DynamicPermissionService(26617): Add DynamicPermissionService to SystemServer
I/Ifttt   (26617): Ifttt Service
D/SmartPowerService(26617): SmartPowerService create!!!
D/EventHub(26617): No input device configuration file found for device 'orientation'.
D/EventHub(26617): No input device configuration file found for device 'accelerometer'.
D/dalvikvm(26617): GC_FOR_ALLOC freed 336K, 16% free 5735K/6791K, paused 43ms
D/EventHub(26617): No input device configuration file found for device 'sprd-keypad'.
I/EventHub(26617): New device: id=5, fd=165, path='/dev/input/event5', name='sprd-keypad', classes=0x1, configuration='', keyLayout='/system/usr/keylayout/sprd-keypad.kl', keyCharacterMap='/system/usr/keychars/Generic.kcm', builtinKeyboard=false
D/EventHub(26617): No input device configuration file found for device 'geomagnetic_raw'.
D/EventHub(26617): No input device configuration file found for device 'geomagnetic'.
I/InputReader(26617): Device added: id=5, name='sprd-keypad', sources=0x00000101
D/InputReader(26617): TouchInputMapper::configureParameters() : set to default value DEVICE_TYPE_TOUCH_SCREEN
I/InputReader(26617):   Touch device 'sec_touchscreen' could not query the properties of its associated display 0.  The device will be inoperable until the display size becomes available.
D/InputReader(26617): MultiTouchMotionAccumulator: initial slot number is 0
I/InputReader(26617): Device added: id=2, name='sec_touchscreen', sources=0x00001103
D/InputDispatcher(26617): to control touch backlight at bottom
D/InputDispatcher(26617): setTouchKeyDeviceId : 0x2
I/InputReader(26617): Device added: id=1, name='headset-keyboard', sources=0x00000101
I/InputReader(26617): Reconfiguring input devices.  changes=0x00000004
I/InputReader(26617): Device reconfigured: id=2, name='sec_touchscreen', surface size is now 480x800, mode is 1
I/ApplicationPolicy(26617): registerPackageChangeReceiver() : Done
I/ApplicationIconDb(26617): getApplicationIconChangedList  : 
I/ApplicationPolicy(26617): registerNetworkChangeReceiver
I/ApplicationPolicy(26617): registerNetworkChangeReceiver() : Done
I/EDM :   (26617): isRoamingSyncEnabled : true
I/keystore(  101): uid: 1000 action: t -> 1 state: 1 -> 1 retry: 4
I/keystore(  101): uid: 1000 action: s -> 1 state: 1 -> 1 retry: 4
D/EnterpriseVpnPolicy(26617): bindVpnInterfaces()
W/PhoneRestrictionPolicy(26617):  >>> PhoneRestrictionPolicy.PhoneRestrictionPolicy()
D/ClipboardServiceEx(26617): load ...info file
D/ClipboardServiceEx(26617): load object file
D/ClipboardServiceEx(26617): load object file
D/ClipboardServiceEx(26617): load object file
D/ClipboardServiceEx(26617): load object file
D/ClipboardServiceEx(26617): load object file
D/ClipboardServiceEx(26617): load object file
W/System.err(26617): java.lang.NullPointerException
W/System.err(26617): 	at com.android.server.WifiService.<init>(WifiService.java:889)
W/System.err(26617): 	at com.android.server.ServerThread.run(SystemServer.java:519)
D/Tethering(26617): Boot not complete yet.
D/Tethering(26617): Boot not complete yet.
I/AudioService(26617):   Remote Control   registerMediaButtonIntent()
V/AudioPolicyManagerBase(26586): initStreamVolume() stream 0, min 0, max 5
V/AudioPolicyManagerBase(26586): setStreamVolumeIndex() stream 0, index 3
V/AudioPolicyManagerALSA(26586): setStreamVolume() for output 1 stream 0, volume 0.501187, delay 0
V/AudioPolicyService(26586): inserting command: 2 at index 0, num commands 0
V/AudioPolicyService(26586): AudioCommandThread() adding set volume stream 0, volume 0.506175, output 1
V/AudioPolicyService(26586): AudioCommandThread() waking up
V/AudioPolicyService(26586): AudioCommandThread() processing set volume stream 0,                             volume 0.506175, output 1
V/AudioPolicyService(26586): AudioCommandThread() going to sleep
V/AudioPolicyService(26586): inserting command: 4 at index 0, num commands 0
V/AudioPolicyService(26586): AudioCommandThread() adding set voice volume volume 0.600000
V/AudioPolicyService(26586): AudioCommandThread() waking up
V/AudioPolicyService(26586): AudioCommandThread() processing set voice volume volume 0.600000
D/AudioHardwareALSA(26586): setVoiceVolume=0.600000
V/AudioPolicyService(26586): AudioCommandThread() going to sleep
V/AudioPolicyManagerBase(26586): initStreamVolume() stream 1, min 0, max 7
V/AudioPolicyManagerBase(26586): setStreamVolumeIndex() stream 1, index 4
V/AudioPolicyManagerALSA(26586): setStreamVolume() for output 1 stream 1, volume 0.251189, delay 0
V/AudioPolicyService(26586): inserting command: 2 at index 0, num commands 0
V/AudioPolicyService(26586): AudioCommandThread() adding set volume stream 1, volume 0.251189, output 1
V/AudioPolicyService(26586): AudioCommandThread() waking up
V/AudioPolicyService(26586): AudioCommandThread() processing set volume stream 1,                             volume 0.251189, output 1
V/AudioPolicyService(26586): AudioCommandThread() going to sleep
V/AudioPolicyManagerBase(26586): initStreamVolume() stream 2, min 0, max 7
V/AudioPolicyManagerBase(26586): setStreamVolumeIndex() stream 2, index 2
V/AudioPolicyManagerALSA(26586): setStreamVolume() for output 1 stream 2, volume 0.100000, delay 0
V/AudioPolicyService(26586): inserting command: 2 at index 0, num commands 0
V/AudioPolicyService(26586): AudioCommandThread() adding set volume stream 2, volume 0.100000, output 1
V/AudioPolicyService(26586): AudioCommandThread() waking up
V/AudioPolicyService(26586): AudioCommandThread() processing set volume stream 2,                             volume 0.100000, output 1
V/AudioPolicyService(26586): AudioCommandThread() going to sleep
V/AudioPolicyManagerBase(26586): initStreamVolume() stream 3, min 0, max 15
I/AudioService(26617): isMediaSilentMode false
V/AudioPolicyManagerBase(26586): setStreamVolumeIndex() stream 3, index 11
V/AudioPolicyManagerBase(26586): getNewDevice() selected device 0
V/AudioPolicyManagerBase(26586): getDeviceForStrategy() from cache strategy 0, device 2
D/AudioPolicyManagerBase(26586): return MUSIC_SPK index=11
V/AudioPolicyManagerALSA(26586): setStreamVolume() for output 1 stream 3, volume 0.251189, delay 0
V/AudioPolicyService(26586): inserting command: 2 at index 0, num commands 0
V/AudioPolicyService(26586): AudioCommandThread() adding set volume stream 3, volume 0.251189, output 1
V/AudioPolicyService(26586): AudioCommandThread() waking up
V/AudioPolicyService(26586): AudioCommandThread() processing set volume stream 3,                             volume 0.251189, output 1
V/AudioPolicyService(26586): AudioCommandThread() going to sleep
V/AudioPolicyManagerBase(26586): getNewDevice() selected device 0
V/AudioPolicyManagerBase(26586): getDeviceForStrategy() from cache strategy 0, device 2
V/AudioPolicyService(26586): inserting command: 3 at index 0, num commands 0
V/AudioPolicyService(26586): AudioCommandThread() adding set parameter string music_volume=0.2511886358;music_volume_index=11, io 1 ,delay 0
V/AudioPolicyService(26586): AudioCommandThread() waking up
V/AudioPolicyService(26586): AudioCommandThread() processing set parameters string music_volume=0.2511886358;music_volume_index=11, io 1
V/AudioFlinger(26586): setParameters(): io 1, keyvalue music_volume=0.2511886358;music_volume_index=11, tid 26612, calling tid 26586
V/AudioFlinger(26586): ThreadBase::setParameters() music_volume=0.2511886358;music_volume_index=11
V/AudioFlinger(26586): MixerThread 0x1a3f778 TID 26615 waking up
V/AudioFlinger(26586): acquireWakeLock_l() AudioOut_1 status 0
D/AudioHardwareALSA(26586): ALSAStreamOps::setParameters() music_volume=0.2511886358;music_volume_index=11
I/AudioHardwareALSA(26586): volIndex=11
I/AudioHardwareALSA(26586): [setMusicVolumeIndex]mMusicVolumeIndex=0,music_volume_index= 11
I/AudioHardwareALSA(26586): [setMusicVolume][mOutput]mMusicVolumeIndex=11
E/AudioHardwareALSA(26586): mIsMusicVolumeIndex [7],MusicVolumeIndex[11]
I/AudioHardwareALSA(26586): volGain=0.251189
I/AudioHardwareALSA(26586): [setMusicVolume]mIsMusicVolume=0.000000,music_volume=0.251189
I/AudioHardwareALSA(26586): [setMusicVolume][mOutput]mMusicVolume=0.251189
E/AudioHardwareALSA(26586): mMusicVolume [1.000000]MusicVolume[0.251189]
V/AudioPolicyService(26586): AudioCommandThread() going to sleep
V/AudioPolicyManagerBase(26586): initStreamVolume() stream 4, min 0, max 7
V/AudioPolicyManagerBase(26586): setStreamVolumeIndex() stream 4, index 7
V/AudioPolicyManagerALSA(26586): setStreamVolume() for output 1 stream 4, volume 1.000000, delay 0
V/AudioPolicyService(26586): inserting command: 2 at index 0, num commands 0
V/AudioPolicyService(26586): AudioCommandThread() adding set volume stream 4, volume 1.000000, output 1
V/AudioPolicyService(26586): AudioCommandThread() waking up
V/AudioPolicyService(26586): AudioCommandThread() processing set volume stream 4,                             volume 1.000000, output 1
V/AudioPolicyService(26586): AudioCommandThread() going to sleep
V/AudioPolicyManagerBase(26586): initStreamVolume() stream 5, min 0, max 7
V/AudioPolicyManagerBase(26586): setStreamVolumeIndex() stream 5, index 5
V/AudioPolicyManagerALSA(26586): setStreamVolume() for output 1 stream 5, volume 0.398107, delay 0
V/AudioPolicyService(26586): inserting command: 2 at index 0, num commands 0
V/AudioPolicyService(26586): AudioCommandThread() adding set volume stream 5, volume 0.398107, output 1
V/AudioPolicyService(26586): AudioCommandThread() waking up
V/AudioPolicyService(26586): AudioCommandThread() processing set volume stream 5,                             volume 0.398107, output 1
V/AudioPolicyService(26586): AudioCommandThread() going to sleep
V/AudioPolicyManagerBase(26586): initStreamVolume() stream 6, min 0, max 15
V/AudioPolicyManagerBase(26586): setStreamVolumeIndex() stream 6, index 7
V/AudioPolicyManagerALSA(26586): checkAndSetVolume() cannot set stream 6 volume with force use = 0 for comm
V/AudioPolicyManagerBase(26586): initStreamVolume() stream 7, min 0, max 7
V/AudioPolicyManagerBase(26586): setStreamVolumeIndex() stream 7, index 7
V/AudioPolicyManagerBase(26586): computeVolume : Camera Shutter Sound volume 1.000000
V/AudioPolicyManagerALSA(26586): setStreamVolume() for output 1 stream 7, volume 1.000000, delay 0
V/AudioPolicyService(26586): inserting command: 2 at index 0, num commands 0
V/AudioPolicyService(26586): AudioCommandThread() adding set volume stream 7, volume 1.000000, output 1
V/AudioPolicyService(26586): AudioCommandThread() waking up
V/AudioPolicyService(26586): AudioCommandThread() processing set volume stream 7,                             volume 1.000000, output 1
V/AudioPolicyService(26586): AudioCommandThread() going to sleep
V/AudioPolicyManagerBase(26586): initStreamVolume() stream 8, min 0, max 15
V/AudioPolicyManagerBase(26586): setStreamVolumeIndex() stream 8, index 3
V/AudioPolicyManagerALSA(26586): setStreamVolume() for output 1 stream 8, volume 0.014962, delay 0
V/AudioPolicyService(26586): inserting command: 2 at index 0, num commands 0
V/AudioPolicyService(26586): AudioCommandThread() adding set volume stream 8, volume 0.024813, output 1
V/AudioPolicyService(26586): AudioCommandThread() waking up
V/AudioPolicyService(26586): AudioCommandThread() processing set volume stream 8,                             volume 0.024813, output 1
V/AudioPolicyService(26586): AudioCommandThread() going to sleep
V/AudioPolicyManagerBase(26586): initStreamVolume() stream 9, min 0, max 15
V/AudioPolicyManagerBase(26586): setStreamVolumeIndex() stream 9, index 11
V/AudioPolicyManagerBase(26586): getNewDevice() selected device 0
V/AudioPolicyManagerBase(26586): getDeviceForStrategy() from cache strategy 0, device 2
D/AudioPolicyManagerBase(26586): return MUSIC_SPK index=11
V/AudioPolicyManagerALSA(26586): setStreamVolume() for output 1 stream 9, volume 0.421696, delay 0
V/AudioPolicyService(26586): inserting command: 2 at index 0, num commands 0
V/AudioPolicyService(26586): AudioCommandThread() adding set volume stream 9, volume 0.421696, output 1
V/AudioPolicyService(26586): AudioCommandThread() waking up
V/AudioPolicyService(26586): AudioCommandThread() processing set volume stream 9,                             volume 0.421696, output 1
V/AudioPolicyService(26586): AudioCommandThread() going to sleep
V/AudioPolicyManagerBase(26586): initStreamVolume() stream 10, min 0, max 15
V/AudioPolicyManagerBase(26586): setStreamVolumeIndex() stream 10, index 11
V/AudioPolicyManagerBase(26586): getNewDevice() selected device 0
V/AudioPolicyManagerBase(26586): getDeviceForStrategy() from cache strategy 0, device 2
D/AudioPolicyManagerBase(26586): return MUSIC_SPK index=11
V/AudioPolicyManagerALSA(26586): setStreamVolume() for output 1 stream 10, volume 0.251189, delay 0
V/AudioPolicyService(26586): inserting command: 2 at index 0, num commands 0
V/AudioPolicyService(26586): AudioCommandThread() adding set volume stream 10, volume 0.251189, output 1
V/AudioPolicyService(26586): AudioCommandThread() waking up
V/AudioPolicyService(26586): AudioCommandThread() processing set volume stream 10,                             volume 0.251189, output 1
V/AudioPolicyService(26586): AudioCommandThread() going to sleep
V/AudioPolicyManagerBase(26586): initStreamVolume() stream 11, min 0, max 5
V/AudioPolicyManagerBase(26586): setStreamVolumeIndex() stream 11, index 3
V/AudioPolicyManagerALSA(26586): setStreamVolume() for output 1 stream 11, volume 0.501187, delay 0
V/AudioPolicyService(26586): inserting command: 2 at index 0, num commands 0
V/AudioPolicyService(26586): AudioCommandThread() adding set volume stream 11, volume 0.501187, output 1
V/AudioPolicyService(26586): AudioCommandThread() waking up
V/AudioPolicyService(26586): AudioCommandThread() processing set volume stream 11,                             volume 0.501187, output 1
V/AudioPolicyService(26586): AudioCommandThread() going to sleep
V/AudioPolicyManagerBase(26586): initStreamVolume() stream 12, min 0, max 5
V/AudioPolicyManagerBase(26586): setStreamVolumeIndex() stream 12, index 3
V/AudioPolicyManagerALSA(26586): setStreamVolume() for output 1 stream 12, volume 0.501187, delay 0
V/AudioPolicyService(26586): inserting command: 2 at index 0, num commands 0
V/AudioPolicyService(26586): AudioCommandThread() adding set volume stream 12, volume 0.501187, output 1
V/AudioPolicyService(26586): AudioCommandThread() waking up
V/AudioPolicyService(26586): AudioCommandThread() processing set volume stream 12,                             volume 0.501187, output 1
V/AudioPolicyService(26586): AudioCommandThread() going to sleep
V/AudioPolicyManagerBase(26586): initStreamVolume() stream 13, min 0, max 15
I/AudioService(26617): isMediaSilentMode false
V/AudioPolicyManagerBase(26586): setStreamVolumeIndex() stream 13, index 14
V/AudioPolicyManagerBase(26586): getNewDevice() selected device 0
V/AudioPolicyManagerBase(26586): getDeviceForStrategy() from cache strategy 0, device 2
D/AudioPolicyManagerBase(26586): return MUSIC_SPK index=11
V/AudioPolicyManagerBase(26586): getNewDevice() selected device 0
V/AudioPolicyManagerBase(26586): getDeviceForStrategy() from cache strategy 0, device 2
