E/DataRouter(  107): [socket:17]dr_usb_write
D/PHONESERVER(  143): pty_write free lock
D/PHONESERVER(  143): PS_PTY also be cleared before pty_clear_wait_resp_flag pty:/dev/CHNPTY13
D/PHONESERVER(  143): [280] before timeout (1404292585)
D/PHONESERVER(  143): CHNMNG enter channel_manager_free_cmux cmux=/dev/ts0710mux5 
D/PHONESERVER(  143): CHNMNG enter channel_manager_free_cmux pty=0x37964 
D/PHONESERVER(  143): [269] Before remove wait array
D/PHONESERVER(  143): [0]:280 
D/PHONESERVER(  143): 
D/PHONESERVER(  143): [269] After remove wait array
D/PHONESERVER(  143): 
D/PHONESERVER(  143): Enter select_send_thread_run
D/PHONESERVER(  143): Leave select_send_thread_run
D/PHONESERVER(  143): CHNMNG Leave channel_manager_free_cmux cmux=/dev/ts0710mux5 
D/PHONESERVER(  143): [269] before signal (1404292585)
D/PHONESERVER(  143): [269] after signal (1404292585)
D/PHONESERVER(  143): Receive thread's TID [269] MUX :/dev/ts0710mux5 Waiting for resp  
D/PHONESERVER(  143): [280] after timeout (1404292585)
D/PHONESERVER(  143): phoneserver mux adapt: generic cmd AT+CGMI
E/DataRouter(  107): After the usb select 
E/DataRouter(  107): read usb data[len:1]
E/DataRouter(  107): read usb data message:A
E/DataRouter(  107): Before the usb select 
E/SMD     (   87): ***Received data notification[DR->SMD]***
E/SMD     (   87): Message:A
E/SMD     (   87): Sending data to SMD: Len = [1]
E/SMD     (   87):  buffer = [A]
E/SMD     (   87): Wrote 1 chars to SMD PORT fd=11 ch = 41
D/dalvikvm(  307): GC_CONCURRENT freed 2090K, 65% free 5095K/14535K, paused 1ms+4ms
E/DataRouter(  107): After the usb select 
E/DataRouter(  107): read usb data[len:1]
E/DataRouter(  107): read usb data message:T
E/DataRouter(  107): Before the usb select 
E/SMD     (   87): ***Received data notification[DR->SMD]***
E/SMD     (   87): Message:T
E/SMD     (   87): Sending data to SMD: Len = [1]
E/SMD     (   87):  buffer = [T]
E/SMD     (   87): Wrote 1 chars to SMD PORT fd=11 ch = 54
E/DataRouter(  107): After the usb select 
E/DataRouter(  107): read usb data[len:1]
E/DataRouter(  107): read usb data message:+
E/DataRouter(  107): Before the usb select 
E/SMD     (   87): ***Received data notification[DR->SMD]***
E/SMD     (   87): Message:+
E/SMD     (   87): Sending data to SMD: Len = [1]
E/SMD     (   87):  buffer = [+]
E/SMD     (   87): Wrote 1 chars to SMD PORT fd=11 ch = 2b
D/dalvikvm(  307): GC_CONCURRENT freed 355K, 63% free 5427K/14535K, paused 2ms+4ms
I/BootTime(  307): Fail Safe scanning for:|XXXXXX|XXX|XXXXXXXXXXXXXXXXXXXXX
I/PackageManager(  307): |XXXXXX|XXX|XXXXXXXXXXXXXXXXXXXXX changed; collecting certs
E/DataRouter(  107): After the usb select 
E/DataRouter(  107): read usb data[len:1]
E/DataRouter(  107): read usb data message:C
E/DataRouter(  107): Before the usb select 
E/SMD     (   87): ***Received data notification[DR->SMD]***
E/SMD     (   87): Message:C
E/SMD     (   87): Sending data to SMD: Len = [1]
E/SMD     (   87):  buffer = [C]
E/SMD     (   87): Wrote 1 chars to SMD PORT fd=11 ch = 43
I/BootTime(  307): Fail Safe scanning for:|XXXXXX|XXX|XXXXXXXXXXXXXXXXXX
I/PackageManager(  307): |XXXXXX|XXX|XXXXXXXXXXXXXXXXXX changed; collecting certs
E/DataRouter(  107): After the usb select 
E/DataRouter(  107): read usb data[len:1]
E/DataRouter(  107): read usb data message:G
E/DataRouter(  107): Before the usb select 
E/SMD     (   87): ***Received data notification[DR->SMD]***
E/SMD     (   87): Message:G
E/SMD     (   87): Sending data to SMD: Len = [1]
E/SMD     (   87):  buffer = [G]
E/SMD     (   87): Wrote 1 chars to SMD PORT fd=11 ch = 47
D/dalvikvm(  307): GC_CONCURRENT freed 563K, 62% free 5635K/14535K, paused 2ms+13ms
I/BootTime(  307): Fail Safe scanning for:|XXXXXX|XXX|XXXXXXXXXXXXXXXXXXXXXXXXXX
I/PackageManager(  307): |XXXXXX|XXX|XXXXXXXXXXXXXXXXXXXXXXXXXX changed; collecting certs
I/BootTime(  307): Fail Safe scanning for:|XXXXXX|XXX|XXXXXXXXXXXXXX
E/DataRouter(  107): After the usb select 
E/DataRouter(  107): read usb data[len:1]
E/DataRouter(  107): read usb data message:M
E/DataRouter(  107): Before the usb select 
E/SMD     (   87): ***Received data notification[DR->SMD]***
E/SMD     (   87): Message:M
E/SMD     (   87): Sending data to SMD: Len = [1]
E/SMD     (   87):  buffer = [M]
E/SMD     (   87): Wrote 1 chars to SMD PORT fd=11 ch = 4d
I/PackageManager(  307): |XXXXXX|XXX|XXXXXXXXXXXXXX changed; collecting certs
I/BootTime(  307): Fail Safe scanning for:|XXXXXX|XXX|XXXXXXXXXXXXX
I/PackageManager(  307): |XXXXXX|XXX|XXXXXXXXXXXXX changed; collecting certs
D/PackageManager(  307): No files in app dir |XXXXXX|XXX
I/PackageManager(  307): Time to scan packages: 25.376 seconds
I/PackageManager(  307): Platform changed from 0 to 15; regranting permissions for internal storage
W/PackageManager(  307): Removing dangling permission: com.sec.android.app.sysscope.permission.SYSSCOPE_ACCESS_SYSTEM_INFO from package null
W/PackageManager(  307): Unknown permission com.android.launcher.permission.READ_SETTINGS in package com.baiyi_mobile.security
W/PackageManager(  307): Unknown permission android.Manifest.permission.FORCE_STOP_PACKAGES in package com.baiyi_mobile.security
W/PackageManager(  307): Unknown permission com.htc.launcher.permission.WRITE_SETTINGS in package com.baiyi_mobile.security
W/PackageManager(  307): Unknown permission com.htc.launcher.permission.READ_SETTINGS in package com.baiyi_mobile.security
W/PackageManager(  307): Unknown permission android.permission.ADD_SYSTEM_SERVICE in package com.baidu.bsf.system
W/PackageManager(  307): Unknown permission android.permission.WRITE_INTERNAL_STORAGE in package com.baidu.bsf.system
W/PackageManager(  307): Unknown permission android.permission.READ_CALL_LOG in package com.android.contacts
W/PackageManager(  307): Unknown permission android.permission.WRITE_CALL_LOG in package com.android.contacts
W/PackageManager(  307): Unknown permission com.google.android.googleapps.permission.GOOGLE_AUTH.mail in package com.android.contacts
W/PackageManager(  307): Unknown permission android.permission.ADD_SYSTEM_SERVICE in package com.android.phone
W/PackageManager(  307): Unknown permission com.android.smspush.WAPPUSH_MANAGER_BIND in package com.android.phone
W/PackageManager(  307): Unknown permission android.permission.READ_CALL_LOG in package com.baidu.antidisturbance
W/PackageManager(  307): Unknown permission android.permission.WRITE_CALL_LOG in package com.baidu.antidisturbance
W/PackageManager(  307): Unknown permission android.permission.READ_EXTERNAL_STORAGE in package com.baidu.videoeditor
W/PackageManager(  307): Unknown permission android.permission.RECORD_VIDEO in package com.baidu.videoeditor
W/PackageManager(  307): Unknown permission com.sec.android.app.twdvfs.DVFS_BOOSTER_PERMISSION in package com.android.MtpApplication
W/PackageManager(  307): Unknown permission com.google.android.googleapps.permission.GOOGLE_AUTH in package com.android.providers.calendar
W/PackageManager(  307): Unknown permission com.google.android.googleapps.permission.GOOGLE_AUTH.cl in package com.android.providers.calendar
W/PackageManager(  307): Unknown permission android.permission.ACCESS_DEV_STORAGE in package com.sec.android.app.camera
W/PackageManager(  307): Unknown permission android.permission.READ_EXTERNAL_STORAGE in package com.sec.android.app.camera
W/PackageManager(  307): Unknown permission com.samsung.helphub.permission.GET_DATA in package com.sec.android.app.camera
W/PackageManager(  307): Unknown permission com.samsung.helphub.permission.WRITE_DATA in package com.sec.android.app.camera
W/PackageManager(  307): Unknown permission com.sec.android.app.twdvfs.DVFS_BOOSTER_PERMISSION in package com.sec.android.app.camera
W/PackageManager(  307): Unknown permission android.permission.DISABLE_STATUS_BAR in package com.baidu.setupwizard
W/PackageManager(  307): Unknown permission android.permission.RAISED_THREAD_PRIORITY in package com.baidu.setupwizard
W/PackageManager(  307): Unknown permission android.permission.WRITE_OWNER_DATA in package com.baidu.thememanager.ui
W/PackageManager(  307): Unknown permission android.permission.READ_OWNER_DATA in package com.baidu.thememanager.ui
W/PackageManager(  307): Unknown permission com.google.android.googleapps.permission.GOOGLE_AUTH.mail in package com.android.calendar
W/PackageManager(  307): Unknown permission com.android.launcher.permission.READ_SETTINGS in package com.baidu.appsearch
W/PackageManager(  307): Unknown permission com.android.launcher.permission.WRITE_SETTINGS in package com.baidu.appsearch
W/PackageManager(  307): Unknown permission com.htc.launcher.permission.READ_SETTINGS in package com.baidu.appsearch
W/PackageManager(  307): Unknown permission com.htc.launcher.permission.WRITE_SETTINGS in package com.baidu.appsearch
W/PackageManager(  307): Unknown permission org.adw.launcher.permission.READ_SETTINGS in package com.baidu.appsearch
W/PackageManager(  307): Unknown permission org.adw.launcher.permission.WRITE_SETTINGS in package com.baidu.appsearch
W/PackageManager(  307): Unknown permission com.fede.launcher.permission.READ_SETTINGS in package com.baidu.appsearch
W/PackageManager(  307): Unknown permission com.fede.launcher.permission.WRITE_SETTINGS in package com.baidu.appsearch
W/PackageManager(  307): Unknown permission com.qihoo360.launcher.permission.READ_SETTINGS in package com.baidu.appsearch
W/PackageManager(  307): Unknown permission com.qihoo360.launcher.permission.WRITE_SETTINGS in package com.baidu.appsearch
W/PackageManager(  307): Unknown permission net.qihoo.launcher.permission.READ_SETTINGS in package com.baidu.appsearch
W/PackageManager(  307): Unknown permission net.qihoo.launcher.permission.WRITE_SETTINGS in package com.baidu.appsearch
W/PackageManager(  307): Unknown permission com.lge.launcher.permission.READ_SETTINGS in package com.baidu.appsearch
W/PackageManager(  307): Unknown permission com.lge.launcher.permission.WRITE_SETTINGS in package com.baidu.appsearch
W/PackageManager(  307): Unknown permission com.sec.android.app.twlauncher.settings.READ_SETTINGS in package com.baidu.appsearch
W/PackageManager(  307): Unknown permission com.sec.android.app.twlauncher.settings.WRITE_SETTINGS in package com.baidu.appsearch
W/PackageManager(  307): Unknown permission org.adwfreak.launcher.permission.READ_SETTINGS in package com.baidu.appsearch
W/PackageManager(  307): Unknown permission org.adwfreak.launcher.permission.WRITE_SETTINGS in package com.baidu.appsearch
W/PackageManager(  307): Not granting permission android.permission.FORCE_STOP_PACKAGES to package com.baidu.appsearch (protectionLevel=2 flags=0x8be45)
W/PackageManager(  307): Unknown permission android.permission.READ_CALL_LOG in package com.baidu.appsearch
W/PackageManager(  307): Unknown permission android.permission.WRITE_CALL_LOG in package com.baidu.appsearch
W/PackageManager(  307): Not granting permission android.permission.SET_ACTIVITY_WATCHER to package com.baidu.appsearch (protectionLevel=2 flags=0x8be45)
W/PackageManager(  307): Unknown permission android.permission.ACCESS_MOBILE_STATE in package com.baidu.android.ota
W/PackageManager(  307): Unknown permission com.android.launcher.permission.READ_SETTINGS in package com.inveno.flow
W/PackageManager(  307): Unknown permission android.permission.WRITE_CALL_LOG in package com.baidu.backuprestore
W/PackageManager(  307): Unknown permission android.permission.READ_CALL_LOG in package com.baidu.backuprestore
W/PackageManager(  307): Unknown permission android.permission.WRITE_OWNER_DATA in package com.baidu.bsf.service
W/PackageManager(  307): Unknown permission android.permission.ADD_SYSTEM_SERVICE in package com.baidu.bsf.service
W/PackageManager(  307): Unknown permission com.stericsson.permission.SEND_RIL_OEM_HOOK in package android
W/PackageManager(  307): Unknown permission com.android.launcher.permission.READ_SETTINGS in package android
W/PackageManager(  307): Unknown permission com.sec.android.app.twdvfs.DVFS_BOOSTER_PERMISSION in package android
W/PackageManager(  307): Unknown permission com.google.android.googleapps.permission.GOOGLE_AUTH in package com.android.settings
W/PackageManager(  307): Unknown permission com.android.launcher.permission.READ_SETTINGS in package com.android.settings
W/PackageManager(  307): Unknown permission com.android.launcher.permission.WRITE_SETTINGS in package com.android.settings
W/PackageManager(  307): Unknown permission com.google.android.googleapps.permission.GOOGLE_AUTH in package com.android.providers.contacts
E/DataRouter(  107): After the usb select 
E/DataRouter(  107): read usb data[len:1]
E/DataRouter(  107): read usb data message:M
E/DataRouter(  107): Before the usb select 
E/SMD     (   87): ***Received data notification[DR->SMD]***
E/SMD     (   87): Message:M
E/SMD     (   87): Sending data to SMD: Len = [1]
E/SMD     (   87):  buffer = [M]
E/SMD     (   87): Wrote 1 chars to SMD PORT fd=11 ch = 4d
W/PackageManager(  307): Unknown permission com.google.android.googleapps.permission.GOOGLE_AUTH.cp in package com.android.providers.contacts
W/PackageManager(  307): Unknown permission android.permission.BACKUP_DATA in package com.baidu.browser.apps
W/PackageManager(  307): Not granting permission android.permission.SET_ACTIVITY_WATCHER to package com.baidu.browser.apps (protectionLevel=2 flags=0x8be45)
W/PackageManager(  307): Unknown permission com.android.launcher.permission.READ_SETTINGS in package com.baidu.browser.apps
W/PackageManager(  307): Unknown permission com.huawei.android.launcher.permission.READ_SETTINGS in package com.baidu.browser.apps
W/PackageManager(  307): Unknown permission com.qihoo360.launcher.permission.READ_SETTINGS in package com.baidu.browser.apps
W/PackageManager(  307): Unknown permission net.qihoo.launcher.permission.READ_SETTINGS in package com.baidu.browser.apps
W/PackageManager(  307): Unknown permission com.nd.android.launcher.permission.READ_SETTINGS in package com.baidu.browser.apps
W/PackageManager(  307): Unknown permission com.bbk.launcher2.permission.READ_SETTINGS in package com.baidu.browser.apps
W/PackageManager(  307): Unknown permission com.lge.launcher.permission.READ_SETTINGS in package com.baidu.browser.apps
W/PackageManager(  307): Unknown permission com.htc.launcher.permission.READ_SETTINGS in package com.baidu.browser.apps
W/PackageManager(  307): Unknown permission com.fede.launcher.permission.READ_SETTINGS in package com.baidu.browser.apps
W/PackageManager(  307): Unknown permission com.tencent.qqlauncher.permission.READ_SETTINGS in package com.baidu.browser.apps
W/PackageManager(  307): Unknown permission org.adw.launcher.permission.READ_SETTINGS in package com.baidu.browser.apps
W/PackageManager(  307): Unknown permission org.adwfreak.launcher.permission.READ_SETTINGS in package com.baidu.browser.apps
W/PackageManager(  307): Unknown permission org.adw.launcher_donut.permission.READ_SETTINGS in package com.baidu.browser.apps
W/PackageManager(  307): Unknown permission com.yulong.android.launcher.permission.READ_SETTINGS in package com.baidu.browser.apps
W/PackageManager(  307): Unknown permission com.android.mylauncher.permission.READ_SETTINGS in package com.baidu.browser.apps
W/PackageManager(  307): Unknown permission com.google.android.providers.settings.permission.READ_GSETTINGS in package com.baidu.map.location
W/PackageManager(  307): Unknown permission com.google.android.providers.settings.permission.WRITE_GSETTINGS in package com.baidu.map.location
W/PackageManager(  307): Unknown permission com.google.android.providers.gsf.permission.READ_GSERVICES in package com.baidu.map.location
W/PackageManager(  307): Unknown permission android.permission.READ_CALL_LOG in package com.baidu.searchbox
W/PackageManager(  307): Unknown permission com.android.launcher.permission.READ_SETTINGS in package com.baidu.searchbox
W/PackageManager(  307): Not granting permission android.permission.SET_ACTIVITY_WATCHER to package com.baidu.searchbox (protectionLevel=2 flags=0x8be65)
W/PackageManager(  307): Unknown permission baidu.permission.USE_UBC in package com.baidu.home2
W/PackageManager(  307): Unknown permission android.permission.READ_TING_MP3 in package com.baidu.musicplayer
W/PackageManager(  307): Unknown permission android.permission.WRITE_TING_MP3 in package com.baidu.musicplayer
W/PackageManager(  307): Unknown permission android.hardware.sensor.accelerometer in package com.baidu.musicplayer
W/PackageManager(  307): Unknown permission android.permission.READ_ATTACHMEN in package com.baidu.musicplayer
W/PackageManager(  307): Unknown permission android.Manifest.permission.FORCE_STOP_PACKAGES in package com.baidu.onekeywidget
W/PackageManager(  307): Unknown permission android.permission.ACCESS_GPS in package com.baidu.BaiduMap
W/PackageManager(  307): Unknown permission com.android.launcher.permission.READ_SETTINGS in package com.baidu.BaiduMap
W/PackageManager(  307): Unknown permission com.android.launcher.permission.WRITE_SETTINGS in package com.baidu.BaiduMap
W/PackageManager(  307): Unknown permission android.permission.VIBRATION in package com.baidu.input
W/PackageManager(  307): Not granting permission android.permission.SET_ACTIVITY_WATCHER to package com.baidu.input (protectionLevel=2 flags=0x8be45)
W/PackageManager(  307): Unknown permission com.android.launcher.permission.READ_SETTINGS in package com.baidu.baiduclock
E/DataRouter(  107): After the usb select 
E/DataRouter(  107): read usb data[len:1]
E/DataRouter(  107): read usb data message:
E/DataRouter(  107): Before the usb select 
E/SMD     (   87): ***Received data notification[DR->SMD]***
E/SMD     (   87): Message:
E/SMD     (   87): Sending data to SMD: Len = [1]
E/SMD     (   87):  buffer = []
D/SPRDENG (  148): eng_server2modem: use SIM1 /dev/CHNPTY13
D/SPRDENG (  148): AT > AT+CGMM
D/PHONESERVER(  143): Send thread's TID [280] CHNMNG:findNextEOL:
D/PHONESERVER(  143): Send thread's TID [280] CHNMNG:end findNextEOL:
E/SMD     (   87): Wrote 1 chars to SMD PORT fd=11 ch = d
D/PHONESERVER(  143): Send thread's TID [280] CHNMNG:findNextEOL:
D/PHONESERVER(  143): Send thread's TID [280] CHNMNG:end findNextEOL:
D/PHONESERVER(  143): Send thread's TID [280] PS_PTY : /dev/CHNPTY13 Received 8 bytes command[AT+CGMM]
D/PHONESERVER(  143): Send thread TID [280] CHNMNG enter channel_manager_get_cmux 
D/PHONESERVER(  143): Before add wait array pty=0x37964
D/PHONESERVER(  143): Before add wait array
D/PHONESERVER(  143): 
D/PHONESERVER(  143): After add wait array
D/PHONESERVER(  143): [0]:280 
D/PHONESERVER(  143): 
D/PHONESERVER(  143): TYPE: GSM
D/PHONESERVER(  143): Send thread TID [280] CHNMNG Leave channel_manager_get_cmux:/dev/ts0710mux5 
D/PHONESERVER(  143): PS_CMUX cmux_regist_cmd_callback cmux:/dev/ts0710mux5
D/PHONESERVER(  143): PS_CMUX :/dev/ts0710mux5 cmux_write:AT+CGMM:len=8
D/PHONESERVER(  143): Receive thread's TID [269] CHMNG:  receive data thread :mux=/dev/ts0710mux5:input:V1.0.1-B7
D/PHONESERVER(  143): pty_write get lock
D/PHONESERVER(  143): PS_PTY:/dev/CHNPTY13   write :
D/PHONESERVER(  143): V1.0.1-B7
D/PHONESERVER(  143): 
D/PHONESERVER(  143): pty_write free lock
D/PHONESERVER(  143): Receive thread's TID [269] MUX :/dev/ts0710mux5 Waiting for resp  
D/PHONESERVER(  143): Receive thread's TID [269] CHMNG:  receive data thread :mux=/dev/ts0710mux5:input:OK
D/PHONESERVER(  143): PS_CMUX cmux_deregist_cmd_callback cmux:/dev/ts0710mux5
D/PHONESERVER(  143): pty_write get lock
D/PHONESERVER(  143): PS_PTY:/dev/CHNPTY13   write :
D/PHONESERVER(  143): OK
D/PHONESERVER(  143): 
D/SPRDENG (  148): eng_modem2server: use SIM1 /dev/CHNPTY13
D/SPRDENG (  148): AT < 
D/SPRDENG (  148): V1.0.1-B7
D/SPRDENG (  148): 
D/SPRDENG (  148): OK
D/SPRDENG (  148): 
E/SMD     (   87): After the Modem Read select 
E/SMD     (   87): Read 19 chars from SMD Modem file fd = 11
E/SMD     (   87):  Message: 
E/SMD     (   87): V1.0.1-B7
E/SMD     (   87): 
E/SMD     (   87): OK
E/SMD     (   87): ication CO.
E/SMD     (   87): 
E/SMD     (   87): OK
E/SMD     (   87): 
E/SMD     (   87): Before the Modem Read select 
E/DataRouter(  107): [socket:17]******* Received data notification *******
E/DataRouter(  107): [socket:17]read socket data[len:19]
E/DataRouter(  107): [socket:17]read socket data[message:
E/DataRouter(  107): V1.0.1-B7
E/DataRouter(  107): 
E/DataRouter(  107): OK
E/DataRouter(  107): 
E/DataRouter(  107): write [19] bytes of data to USB fd[14]
E/DataRouter(  107): [socket:17]dr_usb_write
D/PHONESERVER(  143): pty_write free lock
D/PHONESERVER(  143): [280] before timeout (1404292585)
D/PHONESERVER(  143): CHNMNG enter channel_manager_free_cmux cmux=/dev/ts0710mux5 
D/PHONESERVER(  143): CHNMNG enter channel_manager_free_cmux pty=0x37964 
D/PHONESERVER(  143): [269] Before remove wait array
D/PHONESERVER(  143): [0]:280 
D/PHONESERVER(  143): 
D/PHONESERVER(  143): [269] After remove wait array
D/PHONESERVER(  143): 
D/PHONESERVER(  143): Enter select_send_thread_run
D/PHONESERVER(  143): Leave select_send_thread_run
D/PHONESERVER(  143): CHNMNG Leave channel_manager_free_cmux cmux=/dev/ts0710mux5 
D/PHONESERVER(  143): [269] before signal (1404292585)
D/PHONESERVER(  143): [269] after signal (1404292585)
D/PHONESERVER(  143): Receive thread's TID [269] MUX :/dev/ts0710mux5 Waiting for resp  
D/PHONESERVER(  143): [280] after timeout (1404292585)
D/PHONESERVER(  143): phoneserver mux adapt: generic cmd AT+CGMM
D/dalvikvm(  307): GC_CONCURRENT freed 1829K, 69% free 4571K/14535K, paused 1ms+8ms
E/DataRouter(  107): After the usb select 
E/DataRouter(  107): read usb data[len:1]
E/DataRouter(  107): read usb data message:A
E/DataRouter(  107): Before the usb select 
E/SMD     (   87): ***Received data notification[DR->SMD]***
E/SMD     (   87): Message:A
E/SMD     (   87): Sending data to SMD: Len = [1]
E/SMD     (   87):  buffer = [A]
E/SMD     (   87): Wrote 1 chars to SMD PORT fd=11 ch = 41
D/dalvikvm(  307): GC_EXPLICIT freed 469K, 72% free 4161K/14535K, paused 3ms+3ms
I/BootTime(  307): !@Total Package Scan Time:1665
I/BootTime(  307): !@Total Time Taken:25800
I/SystemServer(  307): !@endofPackageManager
I/SystemServer(  307): Account Manager
E/DataRouter(  107): After the usb select 
E/DataRouter(  107): read usb data[len:1]
E/DataRouter(  107): read usb data message:T
E/DataRouter(  107): Before the usb select 
E/SMD     (   87): ***Received data notification[DR->SMD]***
E/SMD     (   87): Message:T
E/SMD     (   87): Sending data to SMD: Len = [1]
E/SMD     (   87):  buffer = [T]
E/SMD     (   87): Wrote 1 chars to SMD PORT fd=11 ch = 54
I/SyncManager(  307): No initial accounts
I/SyncManager(  307): No initial status
I/SyncManager(  307): No initial pending operations
I/SyncManager(  307): No initial statistics
I/SystemServer(  307): Content Manager
W/PackageManager(  307): Unable to load service info ResolveInfo{40fcf280 com.baidu.sync.service.ContactSyncAdapterService p=0 o=0 m=0x108000}
W/PackageManager(  307): org.xmlpull.v1.XmlPullParserException: Meta-data does not start with sync-adapter tag
W/PackageManager(  307): 	at android.content.pm.RegisteredServicesCache.parseServiceInfo(RegisteredServicesCache.java:391)
W/PackageManager(  307): 	at android.content.pm.RegisteredServicesCache.generateServicesMap(RegisteredServicesCache.java:262)
W/PackageManager(  307): 	at android.content.pm.RegisteredServicesCache.<init>(RegisteredServicesCache.java:106)
W/PackageManager(  307): 	at android.content.SyncAdaptersCache.<init>(SyncAdaptersCache.java:43)
W/PackageManager(  307): 	at android.content.SyncManager.<init>(SyncManager.java:300)
W/PackageManager(  307): 	at android.content.ContentService.getSyncManager(ContentService.java:65)
W/PackageManager(  307): 	at android.content.ContentService.<init>(ContentService.java:144)
W/PackageManager(  307): 	at android.content.ContentService.main(ContentService.java:520)
W/PackageManager(  307): 	at com.android.server.ServerThread.run(SystemServer.java:255)
D/DirEncryptionManager(  307): Unable to get DirEncryptService instance.
I/ActivityThread(  307): Pub settings: com.android.providers.settings.SettingsProvider
I/SystemServer(  307): DirEncryptService.SystemReady
D/DirEncryptService(  307): Calling systemReady
I/SystemServer(  307): System Content Providers
W/dalvikvm(  307): Refusing to reopen boot DEX '/system/framework/framework-yi.jar'
D/dalvikvm(  307): DexOpt: --- BEGIN 'SettingsProvider.apk' (bootstrap=0) ---
E/DataRouter(  107): After the usb select 
E/DataRouter(  107): read usb data[len:1]
E/DataRouter(  107): read usb data message:%
E/DataRouter(  107): Before the usb select 
E/SMD     (   87): ***Received data notification[DR->SMD]***
E/SMD     (   87): Message:%
E/SMD     (   87): Sending data to SMD: Len = [1]
E/SMD     (   87):  buffer = [%]
E/SMD     (   87): Wrote 1 chars to SMD PORT fd=11 ch = 25
D/dalvikvm(  414): DexOpt: load 7ms, verify+opt 53ms
E/DataRouter(  107): After the usb select 
E/DataRouter(  107): read usb data[len:1]
E/DataRouter(  107): read usb data message:I
E/DataRouter(  107): Before the usb select 
E/SMD     (   87): ***Received data notification[DR->SMD]***
E/SMD     (   87): Message:I
E/SMD     (   87): Sending data to SMD: Len = [1]
E/SMD     (   87):  buffer = [I]
E/SMD     (   87): Wrote 1 chars to SMD PORT fd=11 ch = 49
D/dalvikvm(  307): DexOpt: --- END 'SettingsProvider.apk' (success) ---
D/dalvikvm(  307): DEX prep '/system/app/SettingsProvider.apk': unzip in 0ms, rewrite 169ms
E/DataRouter(  107): After the usb select 
E/DataRouter(  107): read usb data[len:1]
E/DataRouter(  107): read usb data message:P
E/DataRouter(  107): Before the usb select 
E/SMD     (   87): ***Received data notification[DR->SMD]***
E/SMD     (   87): Message:P
E/SMD     (   87): Sending data to SMD: Len = [1]
E/SMD     (   87):  buffer = [P]
E/SMD     (   87): Wrote 1 chars to SMD PORT fd=11 ch = 50
D/SettingsProvider(  307): Generated and saved new ANDROID_ID [19b7a166b60e4db4]
I/ActivityThread(  307): Pub com.baidu.dp.impostor: com.baidu.providers.dp.ImpostorProvider
W/dalvikvm(  307): Refusing to reopen boot DEX '/system/framework/framework-yi.jar'
D/dalvikvm(  307): DexOpt: --- BEGIN 'DynamicPermissionProvider.apk' (bootstrap=0) ---
D/SettingsProvider(  307): cache for settings table 'secure' rows=25; fullycached=true
E/DataRouter(  107): After the usb select 
E/DataRouter(  107): read usb data[len:1]
E/DataRouter(  107): read usb data message:S
E/DataRouter(  107): Before the usb select 
E/SMD     (   87): ***Received data notification[DR->SMD]***
E/SMD     (   87): Message:S
E/SMD     (   87): Sending data to SMD: Len = [1]
E/SMD     (   87):  buffer = [S]
E/SMD     (   87): Wrote 1 chars to SMD PORT fd=11 ch = 53
D/SettingsProvider(  307): cache for settings table 'system' rows=57; fullycached=true
D/dalvikvm(  307): GC_CONCURRENT freed 312K, 71% free 4301K/14535K, paused 2ms+5ms
D/dalvikvm(  416): DexOpt: load 5ms, verify+opt 5ms
D/dalvikvm(  307): DexOpt: --- END 'DynamicPermissionProvider.apk' (success) ---
D/dalvikvm(  307): DEX prep '/system/app/DynamicPermissionProvider.apk': unzip in 0ms, rewrite 121ms
I/ActivityThread(  307): Pub com.baidu.dperm: com.baidu.providers.dp.DpProvider
E/DataRouter(  107): After the usb select 
E/DataRouter(  107): read usb data[len:1]
E/DataRouter(  107): read usb data message:Y
E/DataRouter(  107): Before the usb select 
E/SMD     (   87): ***Received data notification[DR->SMD]***
E/SMD     (   87): Message:Y
E/SMD     (   87): Sending data to SMD: Len = [1]
E/SMD     (   87):  buffer = [Y]
E/SMD     (   87): Wrote 1 chars to SMD PORT fd=11 ch = 59
I/SystemServer(  307): Lights Service
I/SystemServer(  307): Battery Service
D/BatteryService(  307): Led Charging Settings = true
D/BatteryService(  307): Led Low Battery Settings = true
D/BatteryService(  307): update start
D/BatteryService(  307): level:33 scale:100 status:2 health:2 present:true voltage: 3835 temperature: 405 technology: Li-ion AC powered:false USB powered:true icon:17303188 invalid charger:0
I/SystemServer(  307): Vibrator Service
D/PowerManagerService(  307): setScreenOffTimeouts mKeylightDelay=1500 mDimDelay=51500 mScreenOffDelay=7000 mDimScreen=true
D/PowerManagerService(  307): settings DB update : mDynamicAutoBrightnessRatioValueSetting : 100
D/PowerManagerService(  307): changeSlopeOfDynamicAutoBrightness : Points Array is null.
D/PowerManagerService(  307): lightSensorChangedLocked -1
D/PowerManagerService(  307): SettingsObserver : update : userActivity()
D/PowerManagerService(  307): reactivateScreenLocksLocked mProxIgnoredBecauseScreenTurnedOff=false
D/PowerManagerService(  307): setPowerState : mBootCompleted : false, newState |= ALL_BRIGHT
I/PowerManagerService(  307): Ulight 0x1->0xf|0x0
D/PowerManagerService(  307): setLightBrightness : mButtonLight : 102
D/PowerManagerService(  307): setPowerState : mBootCompleted : false, newState |= ALL_BRIGHT
D/PowerManagerService(  307): setScreenOffTimeouts mKeylightDelay=1500 mDimDelay=51500 mScreenOffDelay=7000 mDimScreen=true
D/PowerManagerService(  307): initSupportedFrequency dvfs 
W/System.err(  307): java.io.FileNotFoundException: /sys/power/cpufreq_max_limit: open failed: ENOENT (No such file or directory)
W/System.err(  307): 	at libcore.io.IoBridge.open(IoBridge.java:425)
W/System.err(  307): 	at java.io.FileInputStream.<init>(FileInputStream.java:78)
W/System.err(  307): 	at java.io.FileInputStream.<init>(FileInputStream.java:105)
W/System.err(  307): 	at java.io.FileReader.<init>(FileReader.java:66)
W/System.err(  307): 	at com.android.server.PowerManagerService.initSupportedFrequency(PowerManagerService.java:4800)
W/System.err(  307): 	at com.android.server.PowerManagerService.initInThread(PowerManagerService.java:958)
W/System.err(  307): 	at com.android.server.PowerManagerService$3.onLooperPrepared(PowerManagerService.java:819)
W/System.err(  307): 	at android.os.HandlerThread.run(HandlerThread.java:59)
W/System.err(  307): Caused by: libcore.io.ErrnoException: open failed: ENOENT (No such file or directory)
W/System.err(  307): 	at libcore.io.Posix.open(Native Method)
W/System.err(  307): 	at libcore.io.BlockGuardOs.open(BlockGuardOs.java:110)
W/System.err(  307): 	at libcore.io.IoBridge.open(IoBridge.java:409)
W/System.err(  307): 	... 7 more
D/PowerManagerService(  307): initSupportedFrequency : FileNotFoundException dvfs
D/AlarmManagerService(  307): Kernel timezone updated to -480 minutes west of GMT
D/PowerManagerService(  307): setPowerState : mBootCompleted : false, newState |= ALL_BRIGHT
I/SystemServer(  307): Alarm Manager
W/AlarmManager(  307): FACTORY_ON= 0
W/AlarmManager(  307): FACTORY_ON= 0
D/InputDispatcher(  307): to control touch backlight at bottom
D/InputDispatcher(  307): setTouchKeyDeviceId : 0xffffffff
D/InputDispatcher(  307): setTouchscreenId : 0xffffffff
I/SystemServer(  307): Init Watchdog
I/SystemServer(  307): Window Manager
V/WindowManager(  307): config_windowManagerDefaultRotation = 0
I/InputManager(  307): Initializing input manager
D/InputReader(  307): Constructor for InputReader()
I/dalvikvm(  307): Could not find method android.graphics.Canvas.freeTextLayoutCaches, referenced from method com.android.internal.policy.impl.KeyguardUpdateMonitor$3.onReceive
W/dalvikvm(  307): VFY: unable to resolve static method 403: Landroid/graphics/Canvas;.freeTextLayoutCaches ()V
D/dalvikvm(  307): VFY: replacing opcode 0x71 at 0x012a
D/LockPatternUtils(  307): isPcwEnable = null
D/SensorManager(  307): sensors_get_supported_func
D/SensorManager(  307): sensors_get_supported_func ret = 0
W/StatusBarManager(  307): warning: no STATUS_BAR_SERVICE
V/MediaPlayer(  307): decode(116, 0, 13894)
V/MediaPlayerService(   95): decode(37, 0, 13894)
V/MediaPlayerService(   95): player type = 3
V/MediaPlayerService(   95):  create StagefrightPlayer
V/AwesomePlayer(   95): setDefault
V/AwesomePlayer(   95): constructor
V/AwesomePlayer(   95): setDefault
I/AwesomePlayer(   95): reset
I/AwesomePlayer(   95): cancel player events
V/AwesomePlayer(   95): mAudioTrackVector clear
I/AwesomePlayer(   95): --mSystemTimeSourceForSync reset ok
V/AwesomePlayer(   95): setListener
V/StagefrightPlayer(   95): setAudioSink
V/AwesomePlayer(   95): setAudioSink
V/StagefrightPlayer(   95): setDataSource(37, 0, 13894)
V/AwesomePlayer(   95): setDataSource fd
I/AwesomePlayer(   95): cancel player events
V/AwesomePlayer(   95): mAudioTrackVector clear
I/AwesomePlayer(   95): --mSystemTimeSourceForSync reset ok
I/MediaExtractor(   95): Autodetected media content as 'application/ogg' with confidence 0.20
V/AwesomePlayer(   95): track of type 'audio/vorbis' does not publish bitrate
V/AwesomePlayer(   95): mBitrate = -1 bits/sec
V/AwesomePlayer(   95): current audio track (0)
V/AwesomePlayer(   95): current audio track (0) is added to vector[0]
V/AwesomePlayer(   95): setDataSource_l: Audio(1), Video(0)
I/AwesomePlayer(   95): AwesomePlayer::setDataSource_l():: This is not a DRM content
V/MediaPlayerService(   95): prepare
V/StagefrightPlayer(   95): prepareAsync
V/AwesomePlayer(   95): prepareAsync
V/MediaPlayerService(   95): wait for prepare
D/WindowManager(  307): mIsPreventWakeupEnable = 0
V/AwesomePlayer(   95): onPrepareAsyncEvent
I/AwesomePlayer(   95): initAudioDecoder start
E/DataRouter(  107): After the usb select 
E/DataRouter(  107): read usb data[len:1]
E/DataRouter(  107): read usb data message:S
E/DataRouter(  107): Before the usb select 
E/SMD     (   87): ***Received data notification[DR->SMD]***
E/SMD     (   87): Message:S
E/SMD     (   87): Sending data to SMD: Len = [1]
E/SMD     (   87):  buffer = [S]
E/SMD     (   87): Wrote 1 chars to SMD PORT fd=11 ch = 53
V/BluetoothService.cpp(  307): initializeNativeDataNative
I/InputManager(  307): Starting input manager
E/WindowManager(  307): register TouchIntercepter
I/SystemServer(  307): Bluetooth Service
V/BluetoothService.cpp(  307): isEnabledNative
V/bluedroid(  307): bt_is_enabled
V/AwesomePlayer(   95): notifyListner_l() msg (5-MEDIA_SET_VIDEO_SIZE), ext1 (0), ext2 (0)
V/AudioCache(   95): notify(0xced7a0, 5, 0, 0)
V/AudioCache(   95): ignored
V/AwesomePlayer(   95): notifyListner_l() msg (1-MEDIA_PREPARED), ext1 (0), ext2 (0)
V/AudioCache(   95): notify(0xced7a0, 1, 0, 0)
V/AudioCache(   95): prepared
V/AudioCache(   95): wait - success
V/MediaPlayerService(   95): start
V/StagefrightPlayer(   95): start
V/AwesomePlayer(   95): play
I/AwesomePlayer(   95): AwesomePlayer::play_l():: this is not widevine!! 
I/AwesomePlayer(   95): AwesomePlayer::play_l():: This is not a DRM content
I/BluetoothProfileState(  307): Message:Entering Stable State
V/AudioCache(   95): open(48000, 2, 1, 4)
V/MediaPlayerService(   95): wait for playback complete
V/AudioCache(   95): write(0xcfbcd8, 4096)
V/AudioCache(   95): memcpy(0x427da000, 0xcfbcd8, 4096)
I/BluetoothProfileState(  307): Message:Entering Stable State
I/BluetoothProfileState(  307): Message:Entering Stable State
D/BluetoothService(  307): btPANEnable:::true
E/BluetoothService(  307): mSapAvailable was set to FALSE
V/AudioCache(   95): write(0xcfbcd8, 4096)
V/AudioCache(   95): memcpy(0x427db000, 0xcfbcd8, 4096)
V/AudioCache(   95): write(0xcfbcd8, 4096)
V/AudioCache(   95): memcpy(0x427dc000, 0xcfbcd8, 4096)
V/AudioCache(   95): write(0xcfbcd8, 4096)
V/AudioCache(   95): memcpy(0x427dd000, 0xcfbcd8, 4096)
V/AudioCache(   95): write(0xcfbcd8, 4096)
V/AudioCache(   95): memcpy(0x427de000, 0xcfbcd8, 4096)
V/AudioCache(   95): write(0xcfbcd8, 4096)
V/AudioCache(   95): memcpy(0x427df000, 0xcfbcd8, 4096)
V/AudioCache(   95): write(0xcfbcd8, 4096)
V/AudioCache(   95): memcpy(0x427e0000, 0xcfbcd8, 4096)
D/EventHub(  307): No input device configuration file found for device 'headset-keyboard'.
E/OMXCodec(   95): [OMX.google.vorbis.decoder] err = -1011
V/AudioCache(   95): write(0xcfbcd8, 4096)
V/AudioCache(   95): memcpy(0x427e1000, 0xcfbcd8, 4096)
V/AudioCache(   95): write(0xcfbcd8, 4096)
V/AudioCache(   95): memcpy(0x427e2000, 0xcfbcd8, 4096)
I/EventHub(  307): New device: id=1, fd=135, path='/dev/input/event7', name='headset-keyboard', classes=0x1, configuration='', keyLayout='/system/usr/keylayout/headset-keyboard.kl', keyCharacterMap='/system/usr/keychars/Generic.kcm', builtinKeyboard=false
V/AudioCache(   95): write(0xcfbcd8, 4096)
V/AudioCache(   95): memcpy(0x427e3000, 0xcfbcd8, 4096)
V/BluetoothEventLoop.cpp(  307): initializeNativeDataNative
D/BluetoothAdapterStateMachine(  307): Enter PowerOff: -2
V/BluetoothA2dpService.cpp(  307): initNative
D/jniAvrcpService(  307): Registering avrcp class
I/SystemServer(  307): AvrcpStubService -->
W/AutoLaunchController(  307): No command broadcast blacklist file found.
W/LockedAppsController(  307): No common locked applications list file found.
V/AwesomePlayer(   95): MEDIA_PLAYBACK_COMPLETE
V/AwesomePlayer(   95): notifyListner_l() msg (2-MEDIA_PLAYBACK_COMPLETE), ext1 (0), ext2 (0)
V/AudioCache(   95): notify(0xced7a0, 2, 0, 0)
V/AudioCache(   95): playback complete - thread will wake up later
V/AudioCache(   95): write(0xcfbcd8, 3348)
V/AudioCache(   95): memcpy(0x427e4000, 0xcfbcd8, 3348)
V/AudioCache(   95): wait - success
V/StagefrightPlayer(   95): reset
I/AwesomePlayer(   95): reset
I/AwesomePlayer(   95): cancel player events
V/AwesomePlayer(   95): mAudioTrackVector clear
I/OMXCodec(   95): [OMX.google.vorbis.decoder] stop() sendCommand(0x2, OMX_CommandStateSet, OMX_StateIdle)
I/OMXCodec(   95): [OMX.google.vorbis.decoder] stopped in state 1
I/AwesomePlayer(   95): --mSystemTimeSourceForSync reset ok
V/StagefrightPlayer(   95): ~StagefrightPlayer
V/StagefrightPlayer(   95): reset
I/AwesomePlayer(   95): reset
I/AwesomePlayer(   95): cancel player events
V/AwesomePlayer(   95): mAudioTrackVector clear
I/AwesomePlayer(   95): --mSystemTimeSourceForSync reset ok
V/AwesomePlayer(   95): destructor
I/AwesomePlayer(   95): reset
I/AwesomePlayer(   95): cancel player events
V/AwesomePlayer(   95): mAudioTrackVector clear
I/AwesomePlayer(   95): --mSystemTimeSourceForSync reset ok
V/AwesomePlayer(   95): ~AwesomePlayer()
V/MediaPlayer(  307): decode(117, 0, 12866)
V/MediaPlayerService(   95): decode(37, 0, 12866)
V/MediaPlayerService(   95): player type = 3
V/MediaPlayerService(   95):  create StagefrightPlayer
V/AwesomePlayer(   95): setDefault
V/AwesomePlayer(   95): constructor
V/AwesomePlayer(   95): setDefault
I/AwesomePlayer(   95): reset
I/AwesomePlayer(   95): cancel player events
V/AwesomePlayer(   95): mAudioTrackVector clear
I/AwesomePlayer(   95): --mSystemTimeSourceForSync reset ok
V/AwesomePlayer(   95): setListener
V/StagefrightPlayer(   95): setAudioSink
V/AwesomePlayer(   95): setAudioSink
V/StagefrightPlayer(   95): setDataSource(37, 0, 12866)
V/AwesomePlayer(   95): setDataSource fd
I/AwesomePlayer(   95): cancel player events
V/AwesomePlayer(   95): mAudioTrackVector clear
I/AwesomePlayer(   95): --mSystemTimeSourceForSync reset ok
I/MediaExtractor(   95): Autodetected media content as 'application/ogg' with confidence 0.20
V/AwesomePlayer(   95): track of type 'audio/vorbis' does not publish bitrate
V/AwesomePlayer(   95): mBitrate = -1 bits/sec
V/AwesomePlayer(   95): current audio track (0)
V/AwesomePlayer(   95): current audio track (0) is added to vector[0]
V/AwesomePlayer(   95): setDataSource_l: Audio(1), Video(0)
I/AwesomePlayer(   95): AwesomePlayer::setDataSource_l():: This is not a DRM content
V/MediaPlayerService(   95): prepare
V/StagefrightPlayer(   95): prepareAsync
V/AwesomePlayer(   95): prepareAsync
V/MediaPlayerService(   95): wait for prepare
V/AwesomePlayer(   95): onPrepareAsyncEvent
I/AwesomePlayer(   95): initAudioDecoder start
E/DataRouter(  107): After the usb select 
E/DataRouter(  107): read usb data[len:1]
E/DataRouter(  107): read usb data message:?
E/DataRouter(  107): Before the usb select 
E/SMD     (   87): ***Received data notification[DR->SMD]***
E/SMD     (   87): Message:?
E/SMD     (   87): Sending data to SMD: Len = [1]
E/SMD     (   87):  buffer = [?]
E/SMD     (   87): Wrote 1 chars to SMD PORT fd=11 ch = 3f
V/AwesomePlayer(   95): notifyListner_l() msg (5-MEDIA_SET_VIDEO_SIZE), ext1 (0), ext2 (0)
V/AudioCache(   95): notify(0xcefb40, 5, 0, 0)
V/AudioCache(   95): ignored
V/AwesomePlayer(   95): notifyListner_l() msg (1-MEDIA_PREPARED), ext1 (0), ext2 (0)
V/AudioCache(   95): notify(0xcefb40, 1, 0, 0)
V/AudioCache(   95): prepared
V/AudioCache(   95): wait - success
V/MediaPlayerService(   95): start
V/StagefrightPlayer(   95): start
V/AwesomePlayer(   95): play
I/AwesomePlayer(   95): AwesomePlayer::play_l():: this is not widevine!! 
I/AwesomePlayer(   95): AwesomePlayer::play_l():: This is not a DRM content
V/AudioCache(   95): open(48000, 2, 1, 4)
V/MediaPlayerService(   95): wait for playback complete
D/EventHub(  307): ledBitmask is set (LED_MISC)
I/EventHub(  307): New device: id=2, fd=146, path='/dev/input/event6', name='sec_touchscreen', classes=0x15, configuration='/system/usr/idc/sec_touchscreen.idc', keyLayout='/system/usr/keylayout/Generic.kl', keyCharacterMap='/system/usr/keychars/Generic.kcm', builtinKeyboard=false
V/AudioCache(   95): write(0xcf7ba8, 4096)
V/AudioCache(   95): memcpy(0x428da000, 0xcf7ba8, 4096)
V/AudioCache(   95): write(0xcf7ba8, 4096)
V/AudioCache(   95): memcpy(0x428db000, 0xcf7ba8, 4096)
V/AudioCache(   95): write(0xcf7ba8, 4096)
V/AudioCache(   95): memcpy(0x428dc000, 0xcf7ba8, 4096)
V/AudioCache(   95): write(0xcf7ba8, 4096)
V/AudioCache(   95): memcpy(0x428dd000, 0xcf7ba8, 4096)
V/AudioCache(   95): write(0xcf7ba8, 4096)
V/AudioCache(   95): memcpy(0x428de000, 0xcf7ba8, 4096)
V/AudioCache(   95): write(0xcf7ba8, 4096)
V/AudioCache(   95): memcpy(0x428df000, 0xcf7ba8, 4096)
V/AudioCache(   95): write(0xcf7ba8, 4096)
V/AudioCache(   95): memcpy(0x428e0000, 0xcf7ba8, 4096)
E/OMXCodec(   95): [OMX.google.vorbis.decoder] err = -1011
V/AudioCache(   95): write(0xcf7ba8, 4096)
V/AudioCache(   95): memcpy(0x428e1000, 0xcf7ba8, 4096)
V/AudioCache(   95): write(0xcf7ba8, 4096)
V/AudioCache(   95): memcpy(0x428e2000, 0xcf7ba8, 4096)
V/AudioCache(   95): write(0xcf7ba8, 4096)
V/AudioCache(   95): memcpy(0x428e3000, 0xcf7ba8, 4096)
V/AudioCache(   95): write(0xcf7ba8, 4096)
V/AudioCache(   95): memcpy(0x428e4000, 0xcf7ba8, 4096)
V/AwesomePlayer(   95): MEDIA_PLAYBACK_COMPLETE
V/AwesomePlayer(   95): notifyListner_l() msg (2-MEDIA_PLAYBACK_COMPLETE), ext1 (0), ext2 (0)
V/AudioCache(   95): notify(0xcefb40, 2, 0, 0)
V/AudioCache(   95): playback complete - thread will wake up later
V/AudioCache(   95): wait - success
V/StagefrightPlayer(   95): reset
I/AwesomePlayer(   95): reset
I/AwesomePlayer(   95): cancel player events
V/AwesomePlayer(   95): mAudioTrackVector clear
I/OMXCodec(   95): [OMX.google.vorbis.decoder] stop() sendCommand(0x3, OMX_CommandStateSet, OMX_StateIdle)
I/OMXCodec(   95): [OMX.google.vorbis.decoder] stopped in state 1
I/AwesomePlayer(   95): --mSystemTimeSourceForSync reset ok
V/StagefrightPlayer(   95): ~StagefrightPlayer
V/StagefrightPlayer(   95): reset
I/AwesomePlayer(   95): reset
I/AwesomePlayer(   95): cancel player events
V/AwesomePlayer(   95): mAudioTrackVector clear
I/AwesomePlayer(   95): --mSystemTimeSourceForSync reset ok
V/AwesomePlayer(   95): destructor
I/AwesomePlayer(   95): reset
I/AwesomePlayer(   95): cancel player events
V/AwesomePlayer(   95): mAudioTrackVector clear
I/AwesomePlayer(   95): --mSystemTimeSourceForSync reset ok
V/AwesomePlayer(   95): ~AwesomePlayer()
D/dalvikvm(  307): GC_CONCURRENT freed 296K, 69% free 4516K/14535K, paused 1ms+5ms
D/EventHub(  307): No input device configuration file found for device 'orientation'.
E/DataRouter(  107): After the usb select 
E/DataRouter(  107): read usb data[len:1]
E/DataRouter(  107): read usb data message:
E/DataRouter(  107): Before the usb select 
E/SMD     (   87): ***Received data notification[DR->SMD]***
E/SMD     (   87): Message:
E/SMD     (   87): Sending data to SMD: Len = [1]
E/SMD     (   87):  buffer = []
D/SPRDENG (  148): eng_server2modem: use SIM1 /dev/CHNPTY13
D/SPRDENG (  148): AT > AT%IPSYS?
D/PHONESERVER(  143): Send thread's TID [280] CHNMNG:findNextEOL:
D/PHONESERVER(  143): Send thread's TID [280] CHNMNG:end findNextEOL:
E/SMD     (   87): Wrote 1 chars to SMD PORT fd=11 ch = d
D/PHONESERVER(  143): Send thread's TID [280] CHNMNG:findNextEOL:
D/PHONESERVER(  143): Send thread's TID [280] CHNMNG:end findNextEOL:
D/PHONESERVER(  143): Send thread's TID [280] PS_PTY : /dev/CHNPTY13 Received 10 bytes command[AT%IPSYS?]
D/PHONESERVER(  143): Send thread TID [280] CHNMNG enter channel_manager_get_cmux 
D/PHONESERVER(  143): Before add wait array pty=0x37964
D/PHONESERVER(  143): Before add wait array
D/PHONESERVER(  143): 
D/PHONESERVER(  143): After add wait array
D/PHONESERVER(  143): [0]:280 
D/PHONESERVER(  143): 
D/PHONESERVER(  143): TYPE: GSM
D/PHONESERVER(  143): Send thread TID [280] CHNMNG Leave channel_manager_get_cmux:/dev/ts0710mux5 
D/PHONESERVER(  143): PS_CMUX cmux_regist_cmd_callback cmux:/dev/ts0710mux5
D/PHONESERVER(  143): PS_CMUX :/dev/ts0710mux5 cmux_write:AT%IPSYS?:len=10
D/PHONESERVER(  143): Receive thread's TID [269] CHMNG:  receive data thread :mux=/dev/ts0710mux5:input:+CME ERROR: 4
D/PHONESERVER(  143): PS_CMUX cmux_deregist_cmd_callback cmux:/dev/ts0710mux5
D/PHONESERVER(  143): pty_write get lock
D/PHONESERVER(  143): PS_PTY:/dev/CHNPTY13   write :
D/PHONESERVER(  143): +CME ERROR: 4
D/PHONESERVER(  143): 
D/PHONESERVER(  143): pty_write free lock
D/SPRDENG (  148): eng_modem2server: use SIM1 /dev/CHNPTY13
D/SPRDENG (  148): AT < 
D/SPRDENG (  148): +CME ERROR: 4
D/SPRDENG (  148): 
E/SMD     (   87): After the Modem Read select 
E/SMD     (   87): Read 17 chars from SMD Modem file fd = 11
E/SMD     (   87):  Message: 
E/SMD     (   87): +CME ERROR: 4
E/SMD     (   87): 
E/SMD     (   87): ication CO.
E/SMD     (   87): 
E/SMD     (   87): OK
E/SMD     (   87): 
E/SMD     (   87): Before the Modem Read select 
E/DataRouter(  107): [socket:17]******* Received data notification *******
E/DataRouter(  107): [socket:17]read socket data[len:17]
E/DataRouter(  107): [socket:17]read socket data[message:
E/DataRouter(  107): +CME ERROR: 4
E/DataRouter(  107): 
E/DataRouter(  107): write [17] bytes of data to USB fd[14]
E/DataRouter(  107): [socket:17]dr_usb_write
D/PHONESERVER(  143): [280] before timeout (1404292586)
D/PHONESERVER(  143): CHNMNG enter channel_manager_free_cmux cmux=/dev/ts0710mux5 
D/PHONESERVER(  143): CHNMNG enter channel_manager_free_cmux pty=0x37964 
D/PHONESERVER(  143): [269] Before remove wait array
D/PHONESERVER(  143): [0]:280 
D/PHONESERVER(  143): 
D/PHONESERVER(  143): [269] After remove wait array
D/PHONESERVER(  143): 
D/PHONESERVER(  143): Enter select_send_thread_run
D/PHONESERVER(  143): Leave select_send_thread_run
D/PHONESERVER(  143): CHNMNG Leave channel_manager_free_cmux cmux=/dev/ts0710mux5 
D/PHONESERVER(  143): [269] before signal (1404292586)
D/PHONESERVER(  143): [269] after signal (1404292586)
D/PHONESERVER(  143): Receive thread's TID [269] MUX :/dev/ts0710mux5 Waiting for resp  
D/PHONESERVER(  143): [280] after timeout (1404292586)
D/PHONESERVER(  143): phoneserver mux adapt: generic cmd AT%IPSYS?
E/DataRouter(  107): After the usb select 
E/DataRouter(  107): read usb data[len:1]
E/DataRouter(  107): read usb data message:A
E/DataRouter(  107): Before the usb select 
E/SMD     (   87): ***Received data notification[DR->SMD]***
E/SMD     (   87): Message:A
E/SMD     (   87): Sending data to SMD: Len = [1]
E/SMD     (   87):  buffer = [A]
E/SMD     (   87): Wrote 1 chars to SMD PORT fd=11 ch = 41
E/DataRouter(  107): After the usb select 
E/DataRouter(  107): read usb data[len:1]
E/DataRouter(  107): read usb data message:T
E/DataRouter(  107): Before the usb select 
E/SMD     (   87): ***Received data notification[DR->SMD]***
E/SMD     (   87): Message:T
E/SMD     (   87): Sending data to SMD: Len = [1]
E/SMD     (   87):  buffer = [T]
E/SMD     (   87): Wrote 1 chars to SMD PORT fd=11 ch = 54
E/DataRouter(  107): After the usb select 
E/DataRouter(  107): read usb data[len:1]
E/DataRouter(  107): read usb data message:E
E/DataRouter(  107): Before the usb select 
E/SMD     (   87): ***Received data notification[DR->SMD]***
E/SMD     (   87): Message:E
E/SMD     (   87): Sending data to SMD: Len = [1]
E/SMD     (   87):  buffer = [E]
E/SMD     (   87): Wrote 1 chars to SMD PORT fd=11 ch = 45
E/DataRouter(  107): After the usb select 
E/DataRouter(  107): read usb data[len:1]
E/DataRouter(  107): read usb data message:0
E/DataRouter(  107): Before the usb select 
E/SMD     (   87): ***Received data notification[DR->SMD]***
E/SMD     (   87): Message:0
E/SMD     (   87): Sending data to SMD: Len = [1]
E/SMD     (   87):  buffer = [0]
E/SMD     (   87): Wrote 1 chars to SMD PORT fd=11 ch = 30
E/DataRouter(  107): After the usb select 
E/DataRouter(  107): read usb data[len:1]
E/DataRouter(  107): read usb data message:
E/DataRouter(  107): Before the usb select 
E/SMD     (   87): ***Received data notification[DR->SMD]***
E/SMD     (   87): Message:
E/SMD     (   87): Sending data to SMD: Len = [1]
E/SMD     (   87):  buffer = []
D/SPRDENG (  148): eng_server2modem: use SIM1 /dev/CHNPTY13
D/SPRDENG (  148): AT > ATE0
D/PHONESERVER(  143): Send thread's TID [280] CHNMNG:findNextEOL:
D/PHONESERVER(  143): Send thread's TID [280] CHNMNG:end findNextEOL:
D/PHONESERVER(  143): Send thread's TID [280] CHNMNG:findNextEOL:
D/PHONESERVER(  143): Send thread's TID [280] CHNMNG:end findNextEOL:
D/PHONESERVER(  143): Send thread's TID [280] PS_PTY : /dev/CHNPTY13 Received 5 bytes command[ATE0]
D/PHONESERVER(  143): Send thread TID [280] CHNMNG enter channel_manager_get_cmux 
D/PHONESERVER(  143): Before add wait array pty=0x37964
D/PHONESERVER(  143): Before add wait array
D/PHONESERVER(  143): 
D/PHONESERVER(  143): After add wait array
D/PHONESERVER(  143): [0]:280 
D/PHONESERVER(  143): 
