E/DataRouter(  107): After the usb select 
E/DataRouter(  107): read usb data[len:1]
E/DataRouter(  107): read usb data message:P
E/DataRouter(  107): Before the usb select 
E/SMD     (   87): ***Received data notification[DR->SMD]***
E/SMD     (   87): Message:P
E/SMD     (   87): Sending data to SMD: Len = [1]
E/SMD     (   87):  buffer = [P]
E/SMD     (   87): Wrote 1 chars to SMD PORT fd=11 ch = 50
E/DataRouter(  107): After the usb select 
E/DataRouter(  107): read usb data[len:1]
E/DataRouter(  107): read usb data message:I
E/DataRouter(  107): Before the usb select 
E/SMD     (   87): ***Received data notification[DR->SMD]***
E/SMD     (   87): Message:I
E/SMD     (   87): Sending data to SMD: Len = [1]
E/SMD     (   87):  buffer = [I]
E/SMD     (   87): Wrote 1 chars to SMD PORT fd=11 ch = 49
E/DataRouter(  107): After the usb select 
E/DataRouter(  107): read usb data[len:1]
E/DataRouter(  107): read usb data message:N
E/DataRouter(  107): Before the usb select 
E/SMD     (   87): ***Received data notification[DR->SMD]***
E/SMD     (   87): Message:N
E/SMD     (   87): Sending data to SMD: Len = [1]
E/SMD     (   87):  buffer = [N]
E/SMD     (   87): Wrote 1 chars to SMD PORT fd=11 ch = 4e
E/DataRouter(  107): After the usb select 
E/DataRouter(  107): read usb data[len:1]
E/DataRouter(  107): read usb data message:?
E/DataRouter(  107): Before the usb select 
E/SMD     (   87): ***Received data notification[DR->SMD]***
E/SMD     (   87): Message:?
E/SMD     (   87): Sending data to SMD: Len = [1]
E/SMD     (   87):  buffer = [?]
E/SMD     (   87): Wrote 1 chars to SMD PORT fd=11 ch = 3f
E/DataRouter(  107): After the usb select 
E/DataRouter(  107): read usb data[len:1]
E/DataRouter(  107): read usb data message:
E/DataRouter(  107): Before the usb select 
E/SMD     (   87): ***Received data notification[DR->SMD]***
E/SMD     (   87): Message:
E/SMD     (   87): Sending data to SMD: Len = [1]
E/SMD     (   87):  buffer = []
D/SPRDENG (  148): eng_server2modem: use SIM1 /dev/CHNPTY13
D/SPRDENG (  148): AT > AT+CPIN?
D/PHONESERVER(  143): Send thread's TID [280] CHNMNG:findNextEOL:
D/PHONESERVER(  143): Send thread's TID [280] CHNMNG:end findNextEOL:
D/PHONESERVER(  143): Send thread's TID [280] CHNMNG:findNextEOL:
D/PHONESERVER(  143): Send thread's TID [280] CHNMNG:end findNextEOL:
D/PHONESERVER(  143): Send thread's TID [280] PS_PTY : /dev/CHNPTY13 Received 9 bytes command[AT+CPIN?]
D/PHONESERVER(  143): Send thread TID [280] CHNMNG enter channel_manager_get_cmux 
D/PHONESERVER(  143): Before add wait array pty=0x37964
D/PHONESERVER(  143): Before add wait array
D/PHONESERVER(  143): 
D/PHONESERVER(  143): After add wait array
D/PHONESERVER(  143): [0]:280 
D/PHONESERVER(  143): 
D/PHONESERVER(  143): TYPE:SIMM
D/PHONESERVER(  143): Send thread TID [280] CHNMNG Leave channel_manager_get_cmux:/dev/ts0710mux1 
D/PHONESERVER(  143): PS_CMUX cmux_regist_cmd_callback cmux:/dev/ts0710mux1
D/PHONESERVER(  143): PS_CMUX :/dev/ts0710mux1 cmux_write:AT+CPIN?:len=9
D/PHONESERVER(  143): Receive thread's TID [265] CHMNG:  receive data thread :mux=/dev/ts0710mux1:input:+CPIN: READY
D/PHONESERVER(  143): pty_write get lock
D/PHONESERVER(  143): PS_PTY:/dev/CHNPTY13   write :
D/PHONESERVER(  143): +CPIN: READY
D/PHONESERVER(  143): 
D/PHONESERVER(  143): pty_write free lock
D/PHONESERVER(  143): Receive thread's TID [265] MUX :/dev/ts0710mux1 Waiting for resp  
D/PHONESERVER(  143): Receive thread's TID [265] CHMNG:  receive data thread :mux=/dev/ts0710mux1:input:OK
D/PHONESERVER(  143): PS_CMUX cmux_deregist_cmd_callback cmux:/dev/ts0710mux1
D/PHONESERVER(  143): pty_write get lock
D/PHONESERVER(  143): PS_PTY:/dev/CHNPTY13   write :
D/PHONESERVER(  143): OK
D/PHONESERVER(  143): 
D/SPRDENG (  148): eng_modem2server: use SIM1 /dev/CHNPTY13
D/SPRDENG (  148): AT < 
D/SPRDENG (  148): +CPIN: READY
D/SPRDENG (  148): 
D/SPRDENG (  148): OK
D/SPRDENG (  148): 
E/SMD     (   87): After the Modem Read select 
E/SMD     (   87): Read 22 chars from SMD Modem file fd = 11
E/SMD     (   87):  Message: 
E/SMD     (   87): +CPIN: READY
E/SMD     (   87): 
E/SMD     (   87): OK
E/SMD     (   87): tion CO.
E/SMD     (   87): 
E/SMD     (   87): OK
E/SMD     (   87): 
E/SMD     (   87): Before the Modem Read select 
E/DataRouter(  107): [socket:17]******* Received data notification *******
E/DataRouter(  107): [socket:17]read socket data[len:22]
E/DataRouter(  107): [socket:17]read socket data[message:
E/DataRouter(  107): +CPIN: READY
E/DataRouter(  107): 
E/DataRouter(  107): OK
E/DataRouter(  107): 
E/DataRouter(  107): write [22] bytes of data to USB fd[14]
E/DataRouter(  107): [socket:17]dr_usb_write
D/PHONESERVER(  143): pty_write free lock
D/PHONESERVER(  143): [280] before timeout (1404292586)
D/PHONESERVER(  143): CHNMNG enter channel_manager_free_cmux cmux=/dev/ts0710mux1 
D/PHONESERVER(  143): CHNMNG enter channel_manager_free_cmux pty=0x37964 
D/PHONESERVER(  143): [265] Before remove wait array
D/PHONESERVER(  143): [0]:280 
D/PHONESERVER(  143): 
D/PHONESERVER(  143): [265] After remove wait array
D/PHONESERVER(  143): 
D/PHONESERVER(  143): Enter select_send_thread_run
D/PHONESERVER(  143): Leave select_send_thread_run
D/PHONESERVER(  143): CHNMNG Leave channel_manager_free_cmux cmux=/dev/ts0710mux1 
D/PHONESERVER(  143): [265] before signal (1404292586)
D/PHONESERVER(  143): [265] after signal (1404292586)
D/PHONESERVER(  143): Receive thread's TID [265] MUX :/dev/ts0710mux1 Waiting for resp  
D/PHONESERVER(  143): [280] after timeout (1404292586)
D/PHONESERVER(  143): phoneserver mux adapt: generic cmd AT+CPIN?
E/SMD     (   87): Wrote 1 chars to SMD PORT fd=11 ch = d
E/DataRouter(  107): After the usb select 
E/DataRouter(  107): read usb data[len:1]
E/DataRouter(  107): read usb data message:A
E/DataRouter(  107): Before the usb select 
E/SMD     (   87): ***Received data notification[DR->SMD]***
E/SMD     (   87): Message:A
E/SMD     (   87): Sending data to SMD: Len = [1]
E/SMD     (   87):  buffer = [A]
E/SMD     (   87): Wrote 1 chars to SMD PORT fd=11 ch = 41
E/DataRouter(  107): After the usb select 
E/DataRouter(  107): read usb data[len:1]
E/DataRouter(  107): read usb data message:T
E/DataRouter(  107): Before the usb select 
E/SMD     (   87): ***Received data notification[DR->SMD]***
E/SMD     (   87): Message:T
E/SMD     (   87): Sending data to SMD: Len = [1]
E/SMD     (   87):  buffer = [T]
E/SMD     (   87): Wrote 1 chars to SMD PORT fd=11 ch = 54
E/DataRouter(  107): After the usb select 
E/DataRouter(  107): read usb data[len:4]
E/DataRouter(  107): read usb data message:+WS4
E/SMD     (   87): ***Received data notification[DR->SMD]***
E/SMD     (   87): Path set is DATA_PATH_DR_SMD_MANAGER
E/SMD     (   87): Message:+WS4
E/SMD     (   87): Sending data to SMD: Len = [4]
E/SMD     (   87):  buffer = [+WS4]
E/SMD     (   87): Wrote 4 chars to SMD PORT fd=11 ch = 2b
E/DataRouter(  107): Before the usb select 
E/DataRouter(  107): After the usb select 
E/DataRouter(  107): read usb data[len:1]
E/DataRouter(  107): read usb data message:6
E/SMD     (   87): ***Received data notification[DR->SMD]***
E/SMD     (   87): Message:6
E/SMD     (   87): Sending data to SMD: Len = [1]
E/SMD     (   87):  buffer = [6]
E/SMD     (   87): Wrote 1 chars to SMD PORT fd=11 ch = 36
E/DataRouter(  107): Before the usb select 
E/DataRouter(  107): After the usb select 
E/DataRouter(  107): read usb data[len:1]
E/DataRouter(  107): read usb data message:=
E/SMD     (   87): ***Received data notification[DR->SMD]***
E/SMD     (   87): Message:=
E/SMD     (   87): Sending data to SMD: Len = [1]
E/SMD     (   87):  buffer = [=]
E/SMD     (   87): Wrote 1 chars to SMD PORT fd=11 ch = 3d
E/DataRouter(  107): Before the usb select 
E/DataRouter(  107): After the usb select 
E/DataRouter(  107): read usb data[len:1]
E/DataRouter(  107): read usb data message:?
E/SMD     (   87): ***Received data notification[DR->SMD]***
E/SMD     (   87): Message:?
E/SMD     (   87): Sending data to SMD: Len = [1]
E/SMD     (   87):  buffer = [?]
E/SMD     (   87): Wrote 1 chars to SMD PORT fd=11 ch = 3f
E/DataRouter(  107): Before the usb select 
E/DataRouter(  107): After the usb select 
E/DataRouter(  107): read usb data[len:1]
E/DataRouter(  107): read usb data message:
E/SMD     (   87): ***Received data notification[DR->SMD]***
E/SMD     (   87): Message:
E/SMD     (   87): Sending data to SMD: Len = [1]
E/SMD     (   87):  buffer = []
D/SPRDENG (  148): eng_server2modem: use SIM1 /dev/CHNPTY13
D/SPRDENG (  148): AT > AT+WS46=?
D/PHONESERVER(  143): Send thread's TID [280] CHNMNG:findNextEOL:
D/PHONESERVER(  143): Send thread's TID [280] CHNMNG:end findNextEOL:
D/PHONESERVER(  143): Send thread's TID [280] CHNMNG:findNextEOL:
D/PHONESERVER(  143): Send thread's TID [280] CHNMNG:end findNextEOL:
D/PHONESERVER(  143): Send thread's TID [280] PS_PTY : /dev/CHNPTY13 Received 10 bytes command[AT+WS46=?]
D/PHONESERVER(  143): Send thread TID [280] CHNMNG enter channel_manager_get_cmux 
D/PHONESERVER(  143): Before add wait array pty=0x37964
D/PHONESERVER(  143): Before add wait array
D/PHONESERVER(  143): 
D/PHONESERVER(  143): After add wait array
D/PHONESERVER(  143): [0]:280 
D/PHONESERVER(  143): 
D/PHONESERVER(  143): TYPE: GSM
D/PHONESERVER(  143): Send thread TID [280] CHNMNG Leave channel_manager_get_cmux:/dev/ts0710mux5 
D/PHONESERVER(  143): PS_CMUX cmux_regist_cmd_callback cmux:/dev/ts0710mux5
D/PHONESERVER(  143): PS_CMUX :/dev/ts0710mux5 cmux_write:AT+WS46=?:len=10
D/PHONESERVER(  143): Receive thread's TID [269] CHMNG:  receive data thread :mux=/dev/ts0710mux5:input:+CME ERROR: 4
D/PHONESERVER(  143): PS_CMUX cmux_deregist_cmd_callback cmux:/dev/ts0710mux5
D/PHONESERVER(  143): pty_write get lock
D/PHONESERVER(  143): PS_PTY:/dev/CHNPTY13   write :
D/PHONESERVER(  143): +CME ERROR: 4
D/PHONESERVER(  143): 
D/SPRDENG (  148): eng_modem2server: use SIM1 /dev/CHNPTY13
D/SPRDENG (  148): AT < 
D/SPRDENG (  148): +CME ERROR: 4
D/SPRDENG (  148): 
E/SMD     (   87): After the Modem Read select 
E/SMD     (   87): Read 17 chars from SMD Modem file fd = 11
E/SMD     (   87):  Message: 
E/SMD     (   87): +CME ERROR: 4
E/SMD     (   87): 
E/SMD     (   87): OK
E/SMD     (   87): tion CO.
E/SMD     (   87): 
E/SMD     (   87): OK
E/SMD     (   87): 
E/SMD     (   87): Before the Modem Read select 
E/DataRouter(  107): [socket:17]******* Received data notification *******
E/DataRouter(  107): [socket:17]read socket data[len:17]
E/DataRouter(  107): [socket:17]read socket data[message:
E/DataRouter(  107): +CME ERROR: 4
E/DataRouter(  107): 
E/DataRouter(  107): write [17] bytes of data to USB fd[14]
E/DataRouter(  107): [socket:17]dr_usb_write
D/PHONESERVER(  143): pty_write free lock
D/PHONESERVER(  143): [280] before timeout (1404292586)
D/PHONESERVER(  143): CHNMNG enter channel_manager_free_cmux cmux=/dev/ts0710mux5 
D/PHONESERVER(  143): CHNMNG enter channel_manager_free_cmux pty=0x37964 
D/PHONESERVER(  143): [269] Before remove wait array
D/PHONESERVER(  143): [0]:280 
D/PHONESERVER(  143): 
D/PHONESERVER(  143): [269] After remove wait array
D/PHONESERVER(  143): 
D/PHONESERVER(  143): Enter select_send_thread_run
D/PHONESERVER(  143): Leave select_send_thread_run
D/PHONESERVER(  143): CHNMNG Leave channel_manager_free_cmux cmux=/dev/ts0710mux5 
D/PHONESERVER(  143): [269] before signal (1404292586)
D/PHONESERVER(  143): [269] after signal (1404292586)
D/PHONESERVER(  143): Receive thread's TID [269] MUX :/dev/ts0710mux5 Waiting for resp  
D/PHONESERVER(  143): [280] after timeout (1404292586)
D/PHONESERVER(  143): phoneserver mux adapt: generic cmd AT+WS46=?
E/SMD     (   87): Wrote 1 chars to SMD PORT fd=11 ch = d
E/DataRouter(  107): Before the usb select 
E/DataRouter(  107): After the usb select 
E/DataRouter(  107): read usb data[len:1]
E/DataRouter(  107): read usb data message:A
E/SMD     (   87): ***Received data notification[DR->SMD]***
E/SMD     (   87): Message:A
E/SMD     (   87): Sending data to SMD: Len = [1]
E/SMD     (   87):  buffer = [A]
E/SMD     (   87): Wrote 1 chars to SMD PORT fd=11 ch = 41
E/DataRouter(  107): Before the usb select 
E/DataRouter(  107): After the usb select 
E/DataRouter(  107): read usb data[len:1]
E/DataRouter(  107): read usb data message:T
E/SMD     (   87): ***Received data notification[DR->SMD]***
E/SMD     (   87): Message:T
E/SMD     (   87): Sending data to SMD: Len = [1]
E/SMD     (   87):  buffer = [T]
E/SMD     (   87): Wrote 1 chars to SMD PORT fd=11 ch = 54
E/DataRouter(  107): Before the usb select 
E/DataRouter(  107): After the usb select 
E/DataRouter(  107): read usb data[len:1]
E/DataRouter(  107): read usb data message:+
E/SMD     (   87): ***Received data notification[DR->SMD]***
E/SMD     (   87): Message:+
E/SMD     (   87): Sending data to SMD: Len = [1]
E/SMD     (   87):  buffer = [+]
E/SMD     (   87): Wrote 1 chars to SMD PORT fd=11 ch = 2b
E/DataRouter(  107): Before the usb select 
E/DataRouter(  107): After the usb select 
E/DataRouter(  107): read usb data[len:1]
E/DataRouter(  107): read usb data message:C
E/SMD     (   87): ***Received data notification[DR->SMD]***
E/SMD     (   87): Message:C
E/SMD     (   87): Sending data to SMD: Len = [1]
E/SMD     (   87):  buffer = [C]
E/SMD     (   87): Wrote 1 chars to SMD PORT fd=11 ch = 43
E/DataRouter(  107): Before the usb select 
E/DataRouter(  107): After the usb select 
E/DataRouter(  107): read usb data[len:1]
E/DataRouter(  107): read usb data message:G
E/SMD     (   87): ***Received data notification[DR->SMD]***
E/SMD     (   87): Message:G
E/SMD     (   87): Sending data to SMD: Len = [1]
E/SMD     (   87):  buffer = [G]
E/SMD     (   87): Wrote 1 chars to SMD PORT fd=11 ch = 47
E/DataRouter(  107): Before the usb select 
E/DataRouter(  107): After the usb select 
E/DataRouter(  107): read usb data[len:1]
E/DataRouter(  107): read usb data message:M
E/SMD     (   87): ***Received data notification[DR->SMD]***
E/SMD     (   87): Message:M
E/SMD     (   87): Sending data to SMD: Len = [1]
E/SMD     (   87):  buffer = [M]
E/SMD     (   87): Wrote 1 chars to SMD PORT fd=11 ch = 4d
E/DataRouter(  107): Before the usb select 
E/DataRouter(  107): After the usb select 
E/DataRouter(  107): read usb data[len:1]
E/DataRouter(  107): read usb data message:I
E/SMD     (   87): ***Received data notification[DR->SMD]***
E/SMD     (   87): Message:I
E/SMD     (   87): Sending data to SMD: Len = [1]
E/SMD     (   87):  buffer = [I]
E/SMD     (   87): Wrote 1 chars to SMD PORT fd=11 ch = 49
E/DataRouter(  107): Before the usb select 
E/DataRouter(  107): After the usb select 
E/DataRouter(  107): read usb data[len:1]
E/DataRouter(  107): read usb data message:
E/SMD     (   87): ***Received data notification[DR->SMD]***
E/SMD     (   87): Message:
E/SMD     (   87): Sending data to SMD: Len = [1]
E/SMD     (   87):  buffer = []
D/SPRDENG (  148): eng_server2modem: use SIM1 /dev/CHNPTY13
D/SPRDENG (  148): AT > AT+CGMI
D/PHONESERVER(  143): Send thread's TID [280] CHNMNG:findNextEOL:
D/PHONESERVER(  143): Send thread's TID [280] CHNMNG:end findNextEOL:
E/SMD     (   87): Wrote 1 chars to SMD PORT fd=11 ch = d
D/PHONESERVER(  143): Send thread's TID [280] CHNMNG:findNextEOL:
D/PHONESERVER(  143): Send thread's TID [280] CHNMNG:end findNextEOL:
D/PHONESERVER(  143): Send thread's TID [280] PS_PTY : /dev/CHNPTY13 Received 8 bytes command[AT+CGMI]
D/PHONESERVER(  143): Send thread TID [280] CHNMNG enter channel_manager_get_cmux 
D/PHONESERVER(  143): Before add wait array pty=0x37964
D/PHONESERVER(  143): Before add wait array
D/PHONESERVER(  143): 
D/PHONESERVER(  143): After add wait array
D/PHONESERVER(  143): [0]:280 
D/PHONESERVER(  143): 
D/PHONESERVER(  143): TYPE: GSM
D/PHONESERVER(  143): Send thread TID [280] CHNMNG Leave channel_manager_get_cmux:/dev/ts0710mux5 
D/PHONESERVER(  143): PS_CMUX cmux_regist_cmd_callback cmux:/dev/ts0710mux5
D/PHONESERVER(  143): PS_CMUX :/dev/ts0710mux5 cmux_write:AT+CGMI:len=8
D/PHONESERVER(  143): Receive thread's TID [269] CHMNG:  receive data thread :mux=/dev/ts0710mux5:input:Spreadtrum Communication CO.
D/PHONESERVER(  143): pty_write get lock
D/PHONESERVER(  143): PS_PTY:/dev/CHNPTY13   write :
D/PHONESERVER(  143): Spreadtrum Communication CO.
D/PHONESERVER(  143): 
D/PHONESERVER(  143): pty_write free lock
D/PHONESERVER(  143): Receive thread's TID [269] MUX :/dev/ts0710mux5 Waiting for resp  
D/PHONESERVER(  143): Receive thread's TID [269] CHMNG:  receive data thread :mux=/dev/ts0710mux5:input:OK
D/PHONESERVER(  143): PS_CMUX cmux_deregist_cmd_callback cmux:/dev/ts0710mux5
D/PHONESERVER(  143): pty_write get lock
D/PHONESERVER(  143): PS_PTY:/dev/CHNPTY13   write :
D/PHONESERVER(  143): OK
D/PHONESERVER(  143): 
D/SPRDENG (  148): eng_modem2server: use SIM1 /dev/CHNPTY13
D/SPRDENG (  148): AT < 
D/SPRDENG (  148): Spreadtrum Communication CO.
D/SPRDENG (  148): 
D/SPRDENG (  148): OK
D/SPRDENG (  148): 
E/SMD     (   87): After the Modem Read select 
E/SMD     (   87): Read 38 chars from SMD Modem file fd = 11
E/SMD     (   87):  Message: 
E/SMD     (   87): Spreadtrum Communication CO.
E/SMD     (   87): 
E/SMD     (   87): OK
E/SMD     (   87): 
E/SMD     (   87): Before the Modem Read select 
E/DataRouter(  107): [socket:17]******* Received data notification *******
E/DataRouter(  107): [socket:17]read socket data[len:38]
E/DataRouter(  107): [socket:17]read socket data[message:
E/DataRouter(  107): Spreadtrum Communication CO.
E/DataRouter(  107): 
E/DataRouter(  107): OK
E/DataRouter(  107): 
E/DataRouter(  107): write [38] bytes of data to USB fd[14]
E/DataRouter(  107): [socket:17]dr_usb_write
D/PHONESERVER(  143): pty_write free lock
D/PHONESERVER(  143): [280] before timeout (1404292586)
D/PHONESERVER(  143): CHNMNG enter channel_manager_free_cmux cmux=/dev/ts0710mux5 
D/PHONESERVER(  143): CHNMNG enter channel_manager_free_cmux pty=0x37964 
D/PHONESERVER(  143): [269] Before remove wait array
D/PHONESERVER(  143): [0]:280 
D/PHONESERVER(  143): 
D/PHONESERVER(  143): [269] After remove wait array
D/PHONESERVER(  143): 
D/PHONESERVER(  143): Enter select_send_thread_run
D/PHONESERVER(  143): Leave select_send_thread_run
D/PHONESERVER(  143): CHNMNG Leave channel_manager_free_cmux cmux=/dev/ts0710mux5 
D/PHONESERVER(  143): [269] before signal (1404292586)
D/PHONESERVER(  143): [269] after signal (1404292586)
D/PHONESERVER(  143): Receive thread's TID [269] MUX :/dev/ts0710mux5 Waiting for resp  
D/PHONESERVER(  143): [280] after timeout (1404292586)
D/PHONESERVER(  143): phoneserver mux adapt: generic cmd AT+CGMI
E/DataRouter(  107): Before the usb select 
E/DataRouter(  107): After the usb select 
E/DataRouter(  107): read usb data[len:1]
E/DataRouter(  107): read usb data message:A
E/SMD     (   87): ***Received data notification[DR->SMD]***
E/SMD     (   87): Message:A
E/SMD     (   87): Sending data to SMD: Len = [1]
E/SMD     (   87):  buffer = [A]
E/SMD     (   87): Wrote 1 chars to SMD PORT fd=11 ch = 41
E/DataRouter(  107): Before the usb select 
E/DataRouter(  107): After the usb select 
E/DataRouter(  107): read usb data[len:1]
E/DataRouter(  107): read usb data message:T
E/SMD     (   87): ***Received data notification[DR->SMD]***
E/SMD     (   87): Message:T
E/SMD     (   87): Sending data to SMD: Len = [1]
E/SMD     (   87):  buffer = [T]
E/SMD     (   87): Wrote 1 chars to SMD PORT fd=11 ch = 54
E/DataRouter(  107): Before the usb select 
D/DynamicPermissionService(  307): Init from Pms done
E/DataRouter(  107): After the usb select 
E/DataRouter(  107): read usb data[len:1]
E/DataRouter(  107): read usb data message:+
E/SMD     (   87): ***Received data notification[DR->SMD]***
E/SMD     (   87): Message:+
E/SMD     (   87): Sending data to SMD: Len = [1]
E/SMD     (   87):  buffer = [+]
E/SMD     (   87): Wrote 1 chars to SMD PORT fd=11 ch = 2b
E/DataRouter(  107): Before the usb select 
E/DataRouter(  107): After the usb select 
E/DataRouter(  107): read usb data[len:1]
E/DataRouter(  107): read usb data message:C
E/SMD     (   87): ***Received data notification[DR->SMD]***
E/SMD     (   87): Message:C
E/SMD     (   87): Sending data to SMD: Len = [1]
E/SMD     (   87):  buffer = [C]
E/SMD     (   87): Wrote 1 chars to SMD PORT fd=11 ch = 43
E/DataRouter(  107): Before the usb select 
E/DataRouter(  107): After the usb select 
E/DataRouter(  107): read usb data[len:1]
E/DataRouter(  107): read usb data message:G
E/SMD     (   87): ***Received data notification[DR->SMD]***
E/SMD     (   87): Message:G
E/SMD     (   87): Sending data to SMD: Len = [1]
E/SMD     (   87):  buffer = [G]
E/SMD     (   87): Wrote 1 chars to SMD PORT fd=11 ch = 47
E/DataRouter(  107): Before the usb select 
E/DataRouter(  107): After the usb select 
E/DataRouter(  107): read usb data[len:1]
E/DataRouter(  107): read usb data message:M
E/SMD     (   87): ***Received data notification[DR->SMD]***
E/SMD     (   87): Message:M
E/SMD     (   87): Sending data to SMD: Len = [1]
E/SMD     (   87):  buffer = [M]
E/SMD     (   87): Wrote 1 chars to SMD PORT fd=11 ch = 4d
E/DataRouter(  107): Before the usb select 
E/DataRouter(  107): After the usb select 
E/DataRouter(  107): read usb data[len:1]
E/DataRouter(  107): read usb data message:M
E/SMD     (   87): ***Received data notification[DR->SMD]***
E/SMD     (   87): Message:M
E/SMD     (   87): Sending data to SMD: Len = [1]
E/SMD     (   87):  buffer = [M]
E/SMD     (   87): Wrote 1 chars to SMD PORT fd=11 ch = 4d
E/DataRouter(  107): Before the usb select 
E/DataRouter(  107): After the usb select 
E/DataRouter(  107): read usb data[len:1]
E/DataRouter(  107): read usb data message:
E/SMD     (   87): ***Received data notification[DR->SMD]***
E/SMD     (   87): Message:
E/SMD     (   87): Sending data to SMD: Len = [1]
E/SMD     (   87):  buffer = []
D/SPRDENG (  148): eng_server2modem: use SIM1 /dev/CHNPTY13
D/SPRDENG (  148): AT > AT+CGMM
D/PHONESERVER(  143): Send thread's TID [280] CHNMNG:findNextEOL:
D/PHONESERVER(  143): Send thread's TID [280] CHNMNG:end findNextEOL:
E/SMD     (   87): Wrote 1 chars to SMD PORT fd=11 ch = d
D/PHONESERVER(  143): Send thread's TID [280] CHNMNG:findNextEOL:
D/PHONESERVER(  143): Send thread's TID [280] CHNMNG:end findNextEOL:
D/PHONESERVER(  143): Send thread's TID [280] PS_PTY : /dev/CHNPTY13 Received 8 bytes command[AT+CGMM]
D/PHONESERVER(  143): Send thread TID [280] CHNMNG enter channel_manager_get_cmux 
D/PHONESERVER(  143): Before add wait array pty=0x37964
D/PHONESERVER(  143): Before add wait array
D/PHONESERVER(  143): 
D/PHONESERVER(  143): After add wait array
D/PHONESERVER(  143): [0]:280 
D/PHONESERVER(  143): 
D/PHONESERVER(  143): TYPE: GSM
D/PHONESERVER(  143): Send thread TID [280] CHNMNG Leave channel_manager_get_cmux:/dev/ts0710mux5 
D/PHONESERVER(  143): PS_CMUX cmux_regist_cmd_callback cmux:/dev/ts0710mux5
D/PHONESERVER(  143): PS_CMUX :/dev/ts0710mux5 cmux_write:AT+CGMM:len=8
D/PHONESERVER(  143): Receive thread's TID [269] CHMNG:  receive data thread :mux=/dev/ts0710mux5:input:V1.0.1-B7
D/PHONESERVER(  143): pty_write get lock
D/PHONESERVER(  143): PS_PTY:/dev/CHNPTY13   write :
D/PHONESERVER(  143): V1.0.1-B7
D/PHONESERVER(  143): 
D/PHONESERVER(  143): pty_write free lock
D/PHONESERVER(  143): Receive thread's TID [269] MUX :/dev/ts0710mux5 Waiting for resp  
D/PHONESERVER(  143): Receive thread's TID [269] CHMNG:  receive data thread :mux=/dev/ts0710mux5:input:OK
D/PHONESERVER(  143): PS_CMUX cmux_deregist_cmd_callback cmux:/dev/ts0710mux5
D/PHONESERVER(  143): pty_write get lock
D/PHONESERVER(  143): PS_PTY:/dev/CHNPTY13   write :
D/PHONESERVER(  143): OK
D/PHONESERVER(  143): 
D/SPRDENG (  148): eng_modem2server: use SIM1 /dev/CHNPTY13
D/SPRDENG (  148): AT < 
D/SPRDENG (  148): V1.0.1-B7
D/SPRDENG (  148): 
D/SPRDENG (  148): OK
D/SPRDENG (  148): 
E/SMD     (   87): After the Modem Read select 
E/SMD     (   87): Read 19 chars from SMD Modem file fd = 11
E/SMD     (   87):  Message: 
E/SMD     (   87): V1.0.1-B7
E/SMD     (   87): 
E/SMD     (   87): OK
E/SMD     (   87): ication CO.
E/SMD     (   87): 
E/SMD     (   87): OK
E/SMD     (   87): 
E/SMD     (   87): Before the Modem Read select 
E/DataRouter(  107): [socket:17]******* Received data notification *******
E/DataRouter(  107): [socket:17]read socket data[len:19]
E/DataRouter(  107): [socket:17]read socket data[message:
E/DataRouter(  107): V1.0.1-B7
E/DataRouter(  107): 
E/DataRouter(  107): OK
E/DataRouter(  107): 
E/DataRouter(  107): write [19] bytes of data to USB fd[14]
E/DataRouter(  107): [socket:17]dr_usb_write
D/PHONESERVER(  143): pty_write free lock
D/PHONESERVER(  143): [280] before timeout (1404292586)
D/PHONESERVER(  143): CHNMNG enter channel_manager_free_cmux cmux=/dev/ts0710mux5 
D/PHONESERVER(  143): CHNMNG enter channel_manager_free_cmux pty=0x37964 
D/PHONESERVER(  143): [269] Before remove wait array
D/PHONESERVER(  143): [0]:280 
D/PHONESERVER(  143): 
D/PHONESERVER(  143): [269] After remove wait array
D/PHONESERVER(  143): 
D/PHONESERVER(  143): Enter select_send_thread_run
D/PHONESERVER(  143): Leave select_send_thread_run
D/PHONESERVER(  143): CHNMNG Leave channel_manager_free_cmux cmux=/dev/ts0710mux5 
D/PHONESERVER(  143): [269] before signal (1404292586)
D/PHONESERVER(  143): [269] after signal (1404292586)
D/PHONESERVER(  143): Receive thread's TID [269] MUX :/dev/ts0710mux5 Waiting for resp  
D/PHONESERVER(  143): [280] after timeout (1404292586)
D/PHONESERVER(  143): phoneserver mux adapt: generic cmd AT+CGMM
E/DataRouter(  107): Before the usb select 
E/DataRouter(  107): After the usb select 
E/DataRouter(  107): read usb data[len:1]
E/DataRouter(  107): read usb data message:A
E/SMD     (   87): ***Received data notification[DR->SMD]***
E/SMD     (   87): Message:A
E/SMD     (   87): Sending data to SMD: Len = [1]
E/SMD     (   87):  buffer = [A]
E/SMD     (   87): Wrote 1 chars to SMD PORT fd=11 ch = 41
E/DataRouter(  107): Before the usb select 
E/DataRouter(  107): After the usb select 
E/DataRouter(  107): read usb data[len:1]
E/DataRouter(  107): read usb data message:T
E/SMD     (   87): ***Received data notification[DR->SMD]***
E/SMD     (   87): Message:T
E/SMD     (   87): Sending data to SMD: Len = [1]
E/SMD     (   87):  buffer = [T]
E/SMD     (   87): Wrote 1 chars to SMD PORT fd=11 ch = 54
E/DataRouter(  107): Before the usb select 
E/DataRouter(  107): After the usb select 
E/DataRouter(  107): read usb data[len:1]
E/DataRouter(  107): read usb data message:+
E/SMD     (   87): ***Received data notification[DR->SMD]***
E/SMD     (   87): Message:+
E/SMD     (   87): Sending data to SMD: Len = [1]
E/SMD     (   87):  buffer = [+]
E/SMD     (   87): Wrote 1 chars to SMD PORT fd=11 ch = 2b
E/DataRouter(  107): Before the usb select 
E/DataRouter(  107): After the usb select 
E/DataRouter(  107): read usb data[len:1]
E/DataRouter(  107): read usb data message:C
E/SMD     (   87): ***Received data notification[DR->SMD]***
E/SMD     (   87): Message:C
E/SMD     (   87): Sending data to SMD: Len = [1]
E/SMD     (   87):  buffer = [C]
E/SMD     (   87): Wrote 1 chars to SMD PORT fd=11 ch = 43
E/DataRouter(  107): Before the usb select 
E/DataRouter(  107): After the usb select 
E/DataRouter(  107): read usb data[len:1]
E/DataRouter(  107): read usb data message:G
E/SMD     (   87): ***Received data notification[DR->SMD]***
E/SMD     (   87): Message:G
E/SMD     (   87): Sending data to SMD: Len = [1]
E/SMD     (   87):  buffer = [G]
E/SMD     (   87): Wrote 1 chars to SMD PORT fd=11 ch = 47
E/DataRouter(  107): Before the usb select 
D/EventHub(  307): No input device configuration file found for device 'sprd-keypad'.
E/DataRouter(  107): After the usb select 
E/DataRouter(  107): read usb data[len:2]
E/DataRouter(  107): read usb data message:MR
E/SMD     (   87): ***Received data notification[DR->SMD]***
E/SMD     (   87): Path set is DATA_PATH_DR_SMD_MANAGER
E/SMD     (   87): Message:MR
E/SMD     (   87): Sending data to SMD: Len = [2]
E/SMD     (   87):  buffer = [MR]
E/SMD     (   87): Wrote 2 chars to SMD PORT fd=11 ch = 4d
E/DataRouter(  107): Before the usb select 
E/DataRouter(  107): After the usb select 
E/DataRouter(  107): read usb data[len:1]
E/DataRouter(  107): read usb data message:
E/SMD     (   87): ***Received data notification[DR->SMD]***
E/SMD     (   87): Message:
E/SMD     (   87): Sending data to SMD: Len = [1]
E/SMD     (   87):  buffer = []
D/SPRDENG (  148): eng_server2modem: use SIM1 /dev/CHNPTY13
D/SPRDENG (  148): AT > AT+CGMR
D/PHONESERVER(  143): Send thread's TID [280] CHNMNG:findNextEOL:
D/PHONESERVER(  143): Send thread's TID [280] CHNMNG:end findNextEOL:
E/SMD     (   87): Wrote 1 chars to SMD PORT fd=11 ch = d
D/PHONESERVER(  143): Send thread's TID [280] CHNMNG:findNextEOL:
D/PHONESERVER(  143): Send thread's TID [280] CHNMNG:end findNextEOL:
D/PHONESERVER(  143): Send thread's TID [280] PS_PTY : /dev/CHNPTY13 Received 8 bytes command[AT+CGMR]
D/PHONESERVER(  143): Send thread TID [280] CHNMNG enter channel_manager_get_cmux 
D/PHONESERVER(  143): Before add wait array pty=0x37964
D/PHONESERVER(  143): Before add wait array
D/PHONESERVER(  143): 
D/PHONESERVER(  143): After add wait array
D/PHONESERVER(  143): [0]:280 
D/PHONESERVER(  143): 
D/PHONESERVER(  143): TYPE:NWM
D/PHONESERVER(  143): Send thread TID [280] CHNMNG Leave channel_manager_get_cmux:/dev/ts0710mux8 
D/PHONESERVER(  143): PS_CMUX cmux_regist_cmd_callback cmux:/dev/ts0710mux8
D/PHONESERVER(  143): PS_CMUX :/dev/ts0710mux8 cmux_write:AT+CGMR:len=8
D/PHONESERVER(  143): Receive thread's TID [272] CHMNG:  receive data thread :mux=/dev/ts0710mux8:input:CP_PRODUCT:SAMSUNG_SP_12B.W12.28_KYLE_V1.0_R1.5.6
D/PHONESERVER(  143): 
D/PHONESERVER(  143): pty_write get lock
D/PHONESERVER(  143): PS_PTY:/dev/CHNPTY13   write :
D/PHONESERVER(  143): CP_PRODUCT:SAMSUNG_SP_12B.W12.28_KYLE_V1.0_R1.5.6
D/PHONESERVER(  143): 
D/PHONESERVER(  143): 
D/SPRDENG (  148): eng_modem2server: use SIM1 /dev/CHNPTY13
D/PHONESERVER(  143): pty_write free lock
D/PHONESERVER(  143): Receive thread's TID [272] MUX :/dev/ts0710mux8 Waiting for resp  
D/PHONESERVER(  143): Receive thread's TID [272] CHMNG:  receive data thread :mux=/dev/ts0710mux8:input:S7568ZMMH2
D/PHONESERVER(  143): 
D/PHONESERVER(  143): pty_write get lock
D/PHONESERVER(  143): PS_PTY:/dev/CHNPTY13   write :
D/PHONESERVER(  143): S7568ZMMH2
D/PHONESERVER(  143): 
D/PHONESERVER(  143): 
D/PHONESERVER(  143): pty_write free lock
D/PHONESERVER(  143): Receive thread's TID [272] MUX :/dev/ts0710mux8 Waiting for resp  
D/PHONESERVER(  143): Receive thread's TID [272] CHMNG:  receive data thread :mux=/dev/ts0710mux8:input:GT-S7568
D/PHONESERVER(  143): 
D/PHONESERVER(  143): pty_write get lock
D/PHONESERVER(  143): PS_PTY:/dev/CHNPTY13   write :
D/PHONESERVER(  143): GT-S7568
D/PHONESERVER(  143): 
D/PHONESERVER(  143): 
D/PHONESERVER(  143): pty_write free lock
D/PHONESERVER(  143): Receive thread's TID [272] MUX :/dev/ts0710mux8 Waiting for resp  
D/PHONESERVER(  143): Receive thread's TID [272] CHMNG:  receive data thread :mux=/dev/ts0710mux8:input:CP_HW_VER
D/PHONESERVER(  143): 
D/PHONESERVER(  143): pty_write get lock
D/PHONESERVER(  143): PS_PTY:/dev/CHNPTY13   write :
D/PHONESERVER(  143): CP_HW_VER
D/PHONESERVER(  143): 
D/PHONESERVER(  143): 
D/PHONESERVER(  143): [280] before timeout (1404292586)
D/PHONESERVER(  143): pty_write free lock
D/PHONESERVER(  143): Receive thread's TID [272] MUX :/dev/ts0710mux8 Waiting for resp  
D/PHONESERVER(  143): Receive thread's TID [272] CHMNG:  receive data thread :mux=/dev/ts0710mux8:input:08-28-2013 12:11:48
D/PHONESERVER(  143): pty_write get lock
D/PHONESERVER(  143): PS_PTY:/dev/CHNPTY13   write :
D/PHONESERVER(  143): 08-28-2013 12:11:48
D/PHONESERVER(  143): 
D/PHONESERVER(  143): pty_write free lock
D/PHONESERVER(  143): Receive thread's TID [272] MUX :/dev/ts0710mux8 Waiting for resp  
D/PHONESERVER(  143): Receive thread's TID [272] CHMNG:  receive data thread :mux=/dev/ts0710mux8:input:OK
D/PHONESERVER(  143): PS_CMUX cmux_deregist_cmd_callback cmux:/dev/ts0710mux8
D/PHONESERVER(  143): pty_write get lock
D/PHONESERVER(  143): PS_PTY:/dev/CHNPTY13   write :
D/PHONESERVER(  143): OK
D/PHONESERVER(  143): 
D/PHONESERVER(  143): pty_write free lock
D/PHONESERVER(  143): CHNMNG enter channel_manager_free_cmux cmux=/dev/ts0710mux8 
D/PHONESERVER(  143): CHNMNG enter channel_manager_free_cmux pty=0x37964 
D/PHONESERVER(  143): [272] Before remove wait array
D/PHONESERVER(  143): [0]:280 
D/PHONESERVER(  143): 
D/PHONESERVER(  143): [272] After remove wait array
D/PHONESERVER(  143): 
D/PHONESERVER(  143): Enter select_send_thread_run
D/PHONESERVER(  143): Leave select_send_thread_run
D/PHONESERVER(  143): CHNMNG Leave channel_manager_free_cmux cmux=/dev/ts0710mux8 
D/PHONESERVER(  143): [272] before signal (1404292586)
D/PHONESERVER(  143): [272] after signal (1404292586)
D/PHONESERVER(  143): Receive thread's TID [272] MUX :/dev/ts0710mux8 Waiting for resp  
I/EventHub(  307): New device: id=5, fd=149, path='/dev/input/event5', name='sprd-keypad', classes=0x1, configuration='', keyLayout='/system/usr/keylayout/sprd-keypad.kl', keyCharacterMap='/system/usr/keychars/Generic.kcm', builtinKeyboard=false
D/SPRDENG (  148): AT < 
D/SPRDENG (  148): CP_PRODUCT:SAMSUNG_SP_12B.W12.28_KYLE_V1.0_R1.5.6
D/SPRDENG (  148): 
D/SPRDENG (  148): 
D/SPRDENG (  148): S7568ZMMH2
D/SPRDENG (  148): 
D/SPRDENG (  148): 
D/SPRDENG (  148): GT-S7568
D/SPRDENG (  148): 
D/SPRDENG (  148): 
D/SPRDENG (  148): CP_HW_VER
D/SPRDENG (  148): 
D/SPRDENG (  148): 
D/SPRDENG (  148): 08-28-2013 12:11:48
D/SPRDENG (  148): 
D/SPRDENG (  148): OK
D/SPRDENG (  148): 
E/SMD     (   87): After the Modem Read select 
E/SMD     (   87): Read 121 chars from SMD Modem file fd = 11
E/SMD     (   87):  Message: 
E/SMD     (   87): CP_PRODUCT:SAMSUNG_SP_12B.W12.28_KYLE_V1.0_R1.5.6
E/SMD     (   87): 
E/SMD     (   87): 
E/SMD     (   87): S7568ZMMH2
E/SMD     (   87): 
E/SMD     (   87): 
E/SMD     (   87): GT-S7568
E/SMD     (   87): 
E/SMD     (   87): 
E/SMD     (   87): CP_HW_VER
E/SMD     (   87): 
E/SMD     (   87): 
E/SMD     (   87): 08-28-2013 12:11:48
E/SMD     (   87): 
E/SMD     (   87): OK
E/SMD     (   87): 
E/SMD     (   87): Before the Modem Read select 
E/DataRouter(  107): [socket:17]******* Received data notification *******
E/DataRouter(  107): [socket:17]read socket data[len:121]
E/DataRouter(  107): [socket:17]read socket data[message:
E/DataRouter(  107): CP_PRODUCT:SAMSUNG_SP_12B.W12.28_KYLE_V1.0_R1.5.6
E/DataRouter(  107): 
E/DataRouter(  107): 
E/DataRouter(  107): S7568ZMMH2
E/DataRouter(  107): 
E/DataRouter(  107): 
E/DataRouter(  107): GT-S7568
E/DataRouter(  107): 
E/DataRouter(  107): 
E/DataRouter(  107): CP_HW_VER
E/DataRouter(  107): 
E/DataRouter(  107): 
E/DataRouter(  107): 08-28-2013 12:11:48
E/DataRouter(  107): 
E/DataRouter(  107): OK
E/DataRouter(  107): 
E/DataRouter(  107): write [121] bytes of data to USB fd[14]
E/DataRouter(  107): [socket:17]dr_usb_write
D/PHONESERVER(  143): [280] after timeout (1404292586)
D/PHONESERVER(  143): phoneserver mux adapt: generic cmd AT+CGMR
E/DataRouter(  107): Before the usb select 
E/DataRouter(  107): After the usb select 
E/DataRouter(  107): read usb data[len:1]
E/DataRouter(  107): read usb data message:A
E/SMD     (   87): ***Received data notification[DR->SMD]***
E/SMD     (   87): Message:A
E/SMD     (   87): Sending data to SMD: Len = [1]
E/SMD     (   87):  buffer = [A]
E/SMD     (   87): Wrote 1 chars to SMD PORT fd=11 ch = 41
E/DataRouter(  107): Before the usb select 
D/DynamicPermissionService(  307): write to perm file done
E/DataRouter(  107): After the usb select 
E/DataRouter(  107): read usb data[len:1]
E/DataRouter(  107): read usb data message:T
E/SMD     (   87): ***Received data notification[DR->SMD]***
E/SMD     (   87): Message:T
E/SMD     (   87): Sending data to SMD: Len = [1]
E/SMD     (   87):  buffer = [T]
E/SMD     (   87): Wrote 1 chars to SMD PORT fd=11 ch = 54
E/DataRouter(  107): Before the usb select 
E/DataRouter(  107): After the usb select 
E/DataRouter(  107): read usb data[len:1]
E/DataRouter(  107): read usb data message:+
E/SMD     (   87): ***Received data notification[DR->SMD]***
E/SMD     (   87): Message:+
E/SMD     (   87): Sending data to SMD: Len = [1]
E/SMD     (   87):  buffer = [+]
E/SMD     (   87): Wrote 1 chars to SMD PORT fd=11 ch = 2b
E/DataRouter(  107): Before the usb select 
E/DataRouter(  107): After the usb select 
E/DataRouter(  107): read usb data[len:1]
E/DataRouter(  107): read usb data message:C
E/SMD     (   87): ***Received data notification[DR->SMD]***
E/SMD     (   87): Message:C
E/SMD     (   87): Sending data to SMD: Len = [1]
E/SMD     (   87):  buffer = [C]
E/SMD     (   87): Wrote 1 chars to SMD PORT fd=11 ch = 43
E/DataRouter(  107): Before the usb select 
E/DataRouter(  107): After the usb select 
E/DataRouter(  107): read usb data[len:1]
E/DataRouter(  107): read usb data message:G
E/SMD     (   87): ***Received data notification[DR->SMD]***
E/SMD     (   87): Message:G
E/SMD     (   87): Sending data to SMD: Len = [1]
E/SMD     (   87):  buffer = [G]
E/SMD     (   87): Wrote 1 chars to SMD PORT fd=11 ch = 47
E/DataRouter(  107): Before the usb select 
E/DataRouter(  107): After the usb select 
E/DataRouter(  107): read usb data[len:1]
E/DataRouter(  107): read usb data message:S
E/SMD     (   87): ***Received data notification[DR->SMD]***
E/SMD     (   87): Message:S
E/SMD     (   87): Sending data to SMD: Len = [1]
E/SMD     (   87):  buffer = [S]
E/SMD     (   87): Wrote 1 chars to SMD PORT fd=11 ch = 53
E/DataRouter(  107): Before the usb select 
E/DataRouter(  107): After the usb select 
E/DataRouter(  107): read usb data[len:1]
E/DataRouter(  107): read usb data message:N
E/SMD     (   87): ***Received data notification[DR->SMD]***
E/SMD     (   87): Message:N
E/SMD     (   87): Sending data to SMD: Len = [1]
E/SMD     (   87):  buffer = [N]
E/SMD     (   87): Wrote 1 chars to SMD PORT fd=11 ch = 4e
E/DataRouter(  107): Before the usb select 
E/DataRouter(  107): After the usb select 
E/DataRouter(  107): read usb data[len:1]
E/DataRouter(  107): read usb data message:
E/SMD     (   87): ***Received data notification[DR->SMD]***
E/SMD     (   87): Message:
E/SMD     (   87): Sending data to SMD: Len = [1]
E/SMD     (   87):  buffer = []
D/SPRDENG (  148): eng_server2modem: use SIM1 /dev/CHNPTY13
D/SPRDENG (  148): AT > AT+CGSN
D/PHONESERVER(  143): Send thread's TID [280] CHNMNG:findNextEOL:
D/PHONESERVER(  143): Send thread's TID [280] CHNMNG:end findNextEOL:
E/SMD     (   87): Wrote 1 chars to SMD PORT fd=11 ch = d
D/PHONESERVER(  143): Send thread's TID [280] CHNMNG:findNextEOL:
D/PHONESERVER(  143): Send thread's TID [280] CHNMNG:end findNextEOL:
D/PHONESERVER(  143): Send thread's TID [280] PS_PTY : /dev/CHNPTY13 Received 8 bytes command[AT+CGSN]
D/PHONESERVER(  143): Send thread TID [280] CHNMNG enter channel_manager_get_cmux 
D/PHONESERVER(  143): Before add wait array pty=0x37964
D/PHONESERVER(  143): Before add wait array
D/PHONESERVER(  143): 
D/PHONESERVER(  143): After add wait array
D/PHONESERVER(  143): [0]:280 
D/PHONESERVER(  143): 
D/PHONESERVER(  143): TYPE:NWM
D/PHONESERVER(  143): Send thread TID [280] CHNMNG Leave channel_manager_get_cmux:/dev/ts0710mux8 
D/PHONESERVER(  143): PS_CMUX cmux_regist_cmd_callback cmux:/dev/ts0710mux8
D/PHONESERVER(  143): PS_CMUX :/dev/ts0710mux8 cmux_write:AT+CGSN:len=8
D/PHONESERVER(  143): Receive thread's TID [272] CHMNG:  receive data thread :mux=/dev/ts0710mux8:input:357558056513787
D/PHONESERVER(  143): pty_write get lock
D/PHONESERVER(  143): PS_PTY:/dev/CHNPTY13   write :
D/PHONESERVER(  143): 357558056513787
D/PHONESERVER(  143): 
D/PHONESERVER(  143): pty_write free lock
D/PHONESERVER(  143): Receive thread's TID [272] MUX :/dev/ts0710mux8 Waiting for resp  
D/PHONESERVER(  143): Receive thread's TID [272] CHMNG:  receive data thread :mux=/dev/ts0710mux8:input:OK
D/PHONESERVER(  143): PS_CMUX cmux_deregist_cmd_callback cmux:/dev/ts0710mux8
D/PHONESERVER(  143): pty_write get lock
D/PHONESERVER(  143): PS_PTY:/dev/CHNPTY13   write :
D/PHONESERVER(  143): OK
D/PHONESERVER(  143): 
D/SPRDENG (  148): eng_modem2server: use SIM1 /dev/CHNPTY13
D/SPRDENG (  148): AT < 
D/SPRDENG (  148): 357558056513787
D/SPRDENG (  148): 
D/SPRDENG (  148): OK
D/SPRDENG (  148): 
E/SMD     (   87): After the Modem Read select 
E/SMD     (   87): Read 25 chars from SMD Modem file fd = 11
E/SMD     (   87):  Message: 
E/SMD     (   87): 357558056513787
E/SMD     (   87): 
E/SMD     (   87): OK
E/SMD     (   87): 2B.W12.28_KYLE_V1.0_R1.5.6
E/SMD     (   87): 
E/SMD     (   87): 
E/SMD     (   87): S7568ZMMH2
E/SMD     (   87): 
E/SMD     (   87): 
E/SMD     (   87): GT-S7568
E/SMD     (   87): 
E/SMD     (   87): 
E/SMD     (   87): CP_HW_VER
E/SMD     (   87): 
E/SMD     (   87): 
E/SMD     (   87): 08-28-2013 12:11:48
E/SMD     (   87): 
E/SMD     (   87): OK
E/SMD     (   87): 
E/SMD     (   87): Before the Modem Read select 
E/DataRouter(  107): [socket:17]******* Received data notification *******
E/DataRouter(  107): [socket:17]read socket data[len:25]
E/DataRouter(  107): [socket:17]read socket data[message:
E/DataRouter(  107): 357558056513787
E/DataRouter(  107): 
E/DataRouter(  107): OK
E/DataRouter(  107): 
E/DataRouter(  107): write [25] bytes of data to USB fd[14]
E/DataRouter(  107): [socket:17]dr_usb_write
D/PHONESERVER(  143): pty_write free lock
D/PHONESERVER(  143): [280] before timeout (1404292586)
D/PHONESERVER(  143): CHNMNG enter channel_manager_free_cmux cmux=/dev/ts0710mux8 
D/PHONESERVER(  143): CHNMNG enter channel_manager_free_cmux pty=0x37964 
D/PHONESERVER(  143): [272] Before remove wait array
D/PHONESERVER(  143): [0]:280 
D/PHONESERVER(  143): 
D/PHONESERVER(  143): [272] After remove wait array
D/PHONESERVER(  143): 
D/PHONESERVER(  143): Enter select_send_thread_run
D/PHONESERVER(  143): Leave select_send_thread_run
D/PHONESERVER(  143): CHNMNG Leave channel_manager_free_cmux cmux=/dev/ts0710mux8 
D/PHONESERVER(  143): [272] before signal (1404292586)
D/PHONESERVER(  143): [272] after signal (1404292586)
D/PHONESERVER(  143): Receive thread's TID [272] MUX :/dev/ts0710mux8 Waiting for resp  
D/PHONESERVER(  143): [280] after timeout (1404292586)
D/PHONESERVER(  143): phoneserver mux adapt: generic cmd AT+CGSN
E/DataRouter(  107): Before the usb select 
E/DataRouter(  107): After the usb select 
E/DataRouter(  107): read usb data[len:1]
E/DataRouter(  107): read usb data message:A
E/SMD     (   87): ***Received data notification[DR->SMD]***
E/SMD     (   87): Message:A
E/SMD     (   87): Sending data to SMD: Len = [1]
E/SMD     (   87):  buffer = [A]
E/SMD     (   87): Wrote 1 chars to SMD PORT fd=11 ch = 41
E/DataRouter(  107): Before the usb select 
E/DataRouter(  107): After the usb select 
E/DataRouter(  107): read usb data[len:1]
E/DataRouter(  107): read usb data message:T
E/SMD     (   87): ***Received data notification[DR->SMD]***
E/SMD     (   87): Message:T
E/SMD     (   87): Sending data to SMD: Len = [1]
E/SMD     (   87):  buffer = [T]
E/SMD     (   87): Wrote 1 chars to SMD PORT fd=11 ch = 54
E/DataRouter(  107): Before the usb select 
E/DataRouter(  107): After the usb select 
E/DataRouter(  107): read usb data[len:1]
E/DataRouter(  107): read usb data message:I
E/SMD     (   87): ***Received data notification[DR->SMD]***
E/SMD     (   87): Message:I
E/SMD     (   87): Sending data to SMD: Len = [1]
E/SMD     (   87):  buffer = [I]
E/SMD     (   87): Wrote 1 chars to SMD PORT fd=11 ch = 49
E/DataRouter(  107): Before the usb select 
E/DataRouter(  107): After the usb select 
E/DataRouter(  107): read usb data[len:1]
E/DataRouter(  107): read usb data message:
E/SMD     (   87): ***Received data notification[DR->SMD]***
E/SMD     (   87): Message:
E/SMD     (   87): Sending data to SMD: Len = [1]
E/SMD     (   87):  buffer = []
D/SPRDENG (  148): eng_server2modem: use SIM1 /dev/CHNPTY13
D/SPRDENG (  148): AT > ATI
D/PHONESERVER(  143): Send thread's TID [280] CHNMNG:findNextEOL:
D/PHONESERVER(  143): Send thread's TID [280] CHNMNG:end findNextEOL:
E/SMD     (   87): Wrote 1 chars to SMD PORT fd=11 ch = d
D/PHONESERVER(  143): Send thread's TID [280] CHNMNG:findNextEOL:
D/PHONESERVER(  143): Send thread's TID [280] CHNMNG:end findNextEOL:
D/PHONESERVER(  143): Send thread's TID [280] PS_PTY : /dev/CHNPTY13 Received 4 bytes command[ATI]
D/PHONESERVER(  143): Send thread TID [280] CHNMNG enter channel_manager_get_cmux 
D/PHONESERVER(  143): Before add wait array pty=0x37964
D/PHONESERVER(  143): Before add wait array
D/PHONESERVER(  143): 
D/PHONESERVER(  143): After add wait array
D/PHONESERVER(  143): [0]:280 
D/PHONESERVER(  143): 
D/PHONESERVER(  143): TYPE: GSM
D/PHONESERVER(  143): Send thread TID [280] CHNMNG Leave channel_manager_get_cmux:/dev/ts0710mux5 
D/PHONESERVER(  143): PS_CMUX cmux_regist_cmd_callback cmux:/dev/ts0710mux5
D/PHONESERVER(  143): PS_CMUX :/dev/ts0710mux5 cmux_write:ATI:len=4
D/PHONESERVER(  143): Receive thread's TID [269] CHMNG:  receive data thread :mux=/dev/ts0710mux5:input:+CME ERROR: 4
D/PHONESERVER(  143): PS_CMUX cmux_deregist_cmd_callback cmux:/dev/ts0710mux5
D/PHONESERVER(  143): pty_write get lock
D/PHONESERVER(  143): PS_PTY:/dev/CHNPTY13   write :
D/PHONESERVER(  143): +CME ERROR: 4
D/PHONESERVER(  143): 
D/SPRDENG (  148): eng_modem2server: use SIM1 /dev/CHNPTY13
D/SPRDENG (  148): AT < 
D/SPRDENG (  148): +CME ERROR: 4
D/SPRDENG (  148): 
E/SMD     (   87): After the Modem Read select 
E/SMD     (   87): Read 17 chars from SMD Modem file fd = 11
E/SMD     (   87):  Message: 
E/SMD     (   87): +CME ERROR: 4
E/SMD     (   87): 
E/SMD     (   87): 
E/SMD     (   87): OK
E/SMD     (   87): 2B.W12.28_KYLE_V1.0_R1.5.6
E/SMD     (   87): 
E/SMD     (   87): 
E/SMD     (   87): S7568ZMMH2
E/SMD     (   87): 
E/SMD     (   87): 
E/SMD     (   87): GT-S7568
E/SMD     (   87): 
E/SMD     (   87): 
E/SMD     (   87): CP_HW_VER
E/SMD     (   87): 
E/SMD     (   87): 
E/SMD     (   87): 08-28-2013 12:11:48
E/SMD     (   87): 
E/SMD     (   87): OK
E/SMD     (   87): 
E/SMD     (   87): Before the Modem Read select 
E/DataRouter(  107): [socket:17]******* Received data notification *******
E/DataRouter(  107): [socket:17]read socket data[len:17]
E/DataRouter(  107): [socket:17]read socket data[message:
E/DataRouter(  107): +CME ERROR: 4
E/DataRouter(  107): 
E/DataRouter(  107): write [17] bytes of data to USB fd[14]
E/DataRouter(  107): [socket:17]dr_usb_write
D/PHONESERVER(  143): pty_write free lock
D/PHONESERVER(  143): [280] before timeout (1404292586)
D/PHONESERVER(  143): CHNMNG enter channel_manager_free_cmux cmux=/dev/ts0710mux5 
D/PHONESERVER(  143): CHNMNG enter channel_manager_free_cmux pty=0x37964 
D/PHONESERVER(  143): [269] Before remove wait array
D/PHONESERVER(  143): [0]:280 
D/PHONESERVER(  143): 
D/PHONESERVER(  143): [269] After remove wait array
D/PHONESERVER(  143): 
D/PHONESERVER(  143): Enter select_send_thread_run
D/PHONESERVER(  143): Leave select_send_thread_run
D/PHONESERVER(  143): CHNMNG Leave channel_manager_free_cmux cmux=/dev/ts0710mux5 
D/PHONESERVER(  143): [269] before signal (1404292586)
D/PHONESERVER(  143): [269] after signal (1404292586)
D/PHONESERVER(  143): Receive thread's TID [269] MUX :/dev/ts0710mux5 Waiting for resp  
D/PHONESERVER(  143): [280] after timeout (1404292586)
D/PHONESERVER(  143): phoneserver mux adapt: generic cmd ATI
E/DataRouter(  107): Before the usb select 
E/DataRouter(  107): After the usb select 
E/DataRouter(  107): read usb data[len:1]
E/DataRouter(  107): read usb data message:A
E/SMD     (   87): ***Received data notification[DR->SMD]***
E/SMD     (   87): Message:A
E/SMD     (   87): Sending data to SMD: Len = [1]
E/SMD     (   87):  buffer = [A]
E/SMD     (   87): Wrote 1 chars to SMD PORT fd=11 ch = 41
E/DataRouter(  107): Before the usb select 
D/DynamicPermissionService(  307): Write pre-installed packages done
E/DataRouter(  107): After the usb select 
E/DataRouter(  107): read usb data[len:1]
E/DataRouter(  107): read usb data message:T
E/SMD     (   87): ***Received data notification[DR->SMD]***
E/SMD     (   87): Message:T
E/SMD     (   87): Sending data to SMD: Len = [1]
E/SMD     (   87):  buffer = [T]
E/SMD     (   87): Wrote 1 chars to SMD PORT fd=11 ch = 54
E/DataRouter(  107): Before the usb select 
E/DataRouter(  107): After the usb select 
E/DataRouter(  107): read usb data[len:1]
E/DataRouter(  107): read usb data message:*
E/SMD     (   87): ***Received data notification[DR->SMD]***
E/SMD     (   87): Message:*
E/SMD     (   87): Sending data to SMD: Len = [1]
E/SMD     (   87):  buffer = [*]
E/SMD     (   87): Wrote 1 chars to SMD PORT fd=11 ch = 2a
E/DataRouter(  107): Before the usb select 
E/DataRouter(  107): After the usb select 
E/DataRouter(  107): read usb data[len:1]
E/DataRouter(  107): read usb data message:C
E/SMD     (   87): ***Received data notification[DR->SMD]***
E/SMD     (   87): Message:C
E/SMD     (   87): Sending data to SMD: Len = [1]
E/SMD     (   87):  buffer = [C]
E/SMD     (   87): Wrote 1 chars to SMD PORT fd=11 ch = 43
E/DataRouter(  107): Before the usb select 
E/DataRouter(  107): After the usb select 
E/DataRouter(  107): read usb data[len:1]
E/DataRouter(  107): read usb data message:N
E/SMD     (   87): ***Received data notification[DR->SMD]***
E/SMD     (   87): Message:N
E/SMD     (   87): Sending data to SMD: Len = [1]
E/SMD     (   87):  buffer = [N]
E/SMD     (   87): Wrote 1 chars to SMD PORT fd=11 ch = 4e
E/DataRouter(  107): Before the usb select 
D/DynamicPermissionService(  307): Add DynamicPermissionService to SystemServer
