--------- beginning of /dev/log/main
W/logwrapper(   64): Unable to background process (No such file or directory)
I//system/bin/e2fsck(    1): e2fsck 1.41.11 (14-Mar-2010)
I//system/bin/e2fsck(    1): /dev/block/mmcblk0p12: clean, 8875/102960 files, 139535/411387 blocks
W/logwrapper(   67): Unable to background process (No such file or directory)
I//system/bin/e2fsck(    1): e2fsck 1.41.11 (14-Mar-2010)
I//system/bin/e2fsck(    1): /dev/block/mmcblk0p8: recovering journal
I//system/bin/e2fsck(    1): /dev/block/mmcblk0p8: clean, 15/46080 files, 6313/184320 blocks
W/logwrapper(   70): Unable to background process (No such file or directory)
I//system/bin/e2fsck(    1): e2fsck 1.41.11 (14-Mar-2010)
I//system/bin/e2fsck(    1): /dev/block/mmcblk0p3: recovering journal
I//system/bin/e2fsck(    1): /dev/block/mmcblk0p3: clean, 32/640 files, 1128/2560 blocks
D/RAWDATAD(   78): Start RAWDATAD
D/RAWDATAD(   78): init_productinfo, BLOCK_NUM=3
D/RAWDATAD(   78): ==================init_productinfo Start==================
D/RAWDATAD(   78): init_productinfo: handle block[0]
D/RAWDATAD(   78): rawdata_check_block: partition=0, block=0
D/RAWDATAD(   78): read_mmc_partition: patrname=/dev/block/mmcblk0p8,offset=0
D/RAWDATAD(   78): read_mmc_partition: rsize=4096; size=4096
D/RAWDATAD(   78): dump_data: First 10 data
D/RAWDATAD(   78): data[0]=0x0
D/RAWDATAD(   78): data[1]=0x0
D/RAWDATAD(   78): data[2]=0x0
D/RAWDATAD(   78): data[3]=0x0
D/RAWDATAD(   78): data[4]=0x0
D/RAWDATAD(   78): data[5]=0x0
D/RAWDATAD(   78): data[6]=0x0
D/RAWDATAD(   78): data[7]=0x0
D/RAWDATAD(   78): data[8]=0x0
D/RAWDATAD(   78): data[9]=0x0
D/RAWDATAD(   78): dump_data: Last 10 data
D/RAWDATAD(   78): data[3066]=0x0
D/RAWDATAD(   78): data[3067]=0x0
D/RAWDATAD(   78): data[3068]=0x0
D/RAWDATAD(   78): data[3069]=0x0
D/RAWDATAD(   78): data[3070]=0x0
D/RAWDATAD(   78): data[3071]=0x0
D/RAWDATAD(   78): data[3072]=0x0
D/RAWDATAD(   78): data[3073]=0x0
D/RAWDATAD(   78): data[3074]=0x0
D/RAWDATAD(   78): data[3075]=0x0
D/RAWDATAD(   78): dump_data: Extra 10 data
D/RAWDATAD(   78): data[3076]=0x0
D/RAWDATAD(   78): data[3077]=0x0
D/RAWDATAD(   78): data[3078]=0x0
D/RAWDATAD(   78): data[3079]=0x0
D/RAWDATAD(   78): data[3080]=0x0
D/RAWDATAD(   78): data[3081]=0x0
D/RAWDATAD(   78): data[3082]=0x0
D/RAWDATAD(   78): data[3083]=0x0
D/RAWDATAD(   78): data[3084]=0x0
D/RAWDATAD(   78): data[3085]=0x0
D/RAWDATAD(   78): rawdata_check_block: ret=0x0, crc_old=0x0, crc_calc=0x71e2b4ac
D/RAWDATAD(   78): init_productinfo: Read /productinfo/productinfo.bin from /dev/block/mmcblk0p8 ERROR
D/RAWDATAD(   78): rawdata_check_block: partition=1, block=0
D/RAWDATAD(   78): read_mmc_partition: patrname=/dev/block/mmcblk0p9,offset=0
D/RAWDATAD(   78): read_mmc_partition: rsize=4096; size=4096
D/RAWDATAD(   78): dump_data: First 10 data
D/RAWDATAD(   78): data[0]=0x0
D/RAWDATAD(   78): data[1]=0x0
D/RAWDATAD(   78): data[2]=0x0
D/RAWDATAD(   78): data[3]=0x0
D/RAWDATAD(   78): data[4]=0x0
D/RAWDATAD(   78): data[5]=0x0
D/RAWDATAD(   78): data[6]=0x0
D/RAWDATAD(   78): data[7]=0x0
D/RAWDATAD(   78): data[8]=0x0
D/RAWDATAD(   78): data[9]=0x0
D/RAWDATAD(   78): dump_data: Last 10 data
D/RAWDATAD(   78): data[3066]=0x0
D/RAWDATAD(   78): data[3067]=0x0
D/RAWDATAD(   78): data[3068]=0x0
D/RAWDATAD(   78): data[3069]=0x0
D/RAWDATAD(   78): data[3070]=0x0
D/RAWDATAD(   78): data[3071]=0x0
D/RAWDATAD(   78): data[3072]=0x0
D/RAWDATAD(   78): data[3073]=0x0
D/RAWDATAD(   78): data[3074]=0x0
D/RAWDATAD(   78): data[3075]=0x0
D/RAWDATAD(   78): dump_data: Extra 10 data
D/RAWDATAD(   78): data[3076]=0x0
D/RAWDATAD(   78): data[3077]=0x0
D/RAWDATAD(   78): data[3078]=0x0
D/RAWDATAD(   78): data[3079]=0x0
D/RAWDATAD(   78): data[3080]=0x0
D/RAWDATAD(   78): data[3081]=0x0
D/RAWDATAD(   78): data[3082]=0x0
D/RAWDATAD(   78): data[3083]=0x0
D/RAWDATAD(   78): data[3084]=0x0
D/RAWDATAD(   78): data[3085]=0x0
D/RAWDATAD(   78): rawdata_check_block: ret=0x0, crc_old=0x0, crc_calc=0xc6515f9b
D/RAWDATAD(   78): init_productinfo: Read /productinfo/productinfo.bin from /dev/block/mmcblk0p9 ERROR
D/RAWDATAD(   78): init_productinfo: /productinfo/productinfo.bin valid1=-1; valid2=-1
D/RAWDATAD(   78): init_productinfo: Get /productinfo/productinfo.bin CRC error
D/RAWDATAD(   78): init_productinfo: Won't create file /productinfo/productinfo.bin
D/RAWDATAD(   78): ==================init_productinfo End==================
D/RAWDATAD(   78): ==================init_productinfo Start==================
D/RAWDATAD(   78): init_productinfo: handle block[1]
D/RAWDATAD(   78): rawdata_check_block: partition=0, block=1
D/RAWDATAD(   78): read_mmc_partition: patrname=/dev/block/mmcblk0p8,offset=4096
D/RAWDATAD(   78): read_mmc_partition: rsize=4096; size=4096
D/RAWDATAD(   78): dump_data: First 10 data
D/RAWDATAD(   78): data[0]=0x31
D/RAWDATAD(   78): data[1]=0x0
D/RAWDATAD(   78): data[2]=0x0
D/RAWDATAD(   78): data[3]=0x0
D/RAWDATAD(   78): data[4]=0x32
D/RAWDATAD(   78): data[5]=0x0
D/RAWDATAD(   78): data[6]=0x0
D/RAWDATAD(   78): data[7]=0x0
D/RAWDATAD(   78): data[8]=0x33
D/RAWDATAD(   78): data[9]=0x0
D/RAWDATAD(   78): dump_data: Last 10 data
D/RAWDATAD(   78): data[3066]=0x0
D/RAWDATAD(   78): data[3067]=0x0
D/RAWDATAD(   78): data[3068]=0x0
D/RAWDATAD(   78): data[3069]=0x0
D/RAWDATAD(   78): data[3070]=0x0
D/RAWDATAD(   78): data[3071]=0x0
D/RAWDATAD(   78): data[3072]=0x0
D/RAWDATAD(   78): data[3073]=0x0
D/RAWDATAD(   78): data[3074]=0x0
D/RAWDATAD(   78): data[3075]=0x0
D/RAWDATAD(   78): dump_data: Extra 10 data
D/RAWDATAD(   78): data[3076]=0x0
D/RAWDATAD(   78): data[3077]=0x0
D/RAWDATAD(   78): data[3078]=0x0
D/RAWDATAD(   78): data[3079]=0x0
D/RAWDATAD(   78): data[3080]=0x0
D/RAWDATAD(   78): data[3081]=0x0
D/RAWDATAD(   78): data[3082]=0x0
D/RAWDATAD(   78): data[3083]=0x0
D/RAWDATAD(   78): data[3084]=0x0
D/RAWDATAD(   78): data[3085]=0x0
D/RAWDATAD(   78): rawdata_check_block: ret=0x0, crc_old=0x0, crc_calc=0xef422add
D/RAWDATAD(   78): init_productinfo: Read /productinfo/factorymode.file from /dev/block/mmcblk0p8 ERROR
D/RAWDATAD(   78): rawdata_check_block: partition=1, block=1
D/RAWDATAD(   78): read_mmc_partition: patrname=/dev/block/mmcblk0p9,offset=4096
D/RAWDATAD(   78): read_mmc_partition: rsize=4096; size=4096
D/RAWDATAD(   78): dump_data: First 10 data
D/RAWDATAD(   78): data[0]=0x51
D/RAWDATAD(   78): data[1]=0x0
D/RAWDATAD(   78): data[2]=0x0
D/RAWDATAD(   78): data[3]=0x0
D/RAWDATAD(   78): data[4]=0x52
D/RAWDATAD(   78): data[5]=0x0
D/RAWDATAD(   78): data[6]=0x0
D/RAWDATAD(   78): data[7]=0x0
D/RAWDATAD(   78): data[8]=0x53
D/RAWDATAD(   78): data[9]=0x0
D/RAWDATAD(   78): dump_data: Last 10 data
D/RAWDATAD(   78): data[3066]=0x0
D/RAWDATAD(   78): data[3067]=0x0
D/RAWDATAD(   78): data[3068]=0x0
D/RAWDATAD(   78): data[3069]=0x0
D/RAWDATAD(   78): data[3070]=0x0
D/RAWDATAD(   78): data[3071]=0x0
D/RAWDATAD(   78): data[3072]=0x0
D/RAWDATAD(   78): data[3073]=0x0
D/RAWDATAD(   78): data[3074]=0x0
D/RAWDATAD(   78): data[3075]=0x0
D/RAWDATAD(   78): dump_data: Extra 10 data
D/RAWDATAD(   78): data[3076]=0x0
D/RAWDATAD(   78): data[3077]=0x0
D/RAWDATAD(   78): data[3078]=0x0
D/RAWDATAD(   78): data[3079]=0x0
D/RAWDATAD(   78): data[3080]=0x0
D/RAWDATAD(   78): data[3081]=0x0
D/RAWDATAD(   78): data[3082]=0x0
D/RAWDATAD(   78): data[3083]=0x0
D/RAWDATAD(   78): data[3084]=0x0
D/RAWDATAD(   78): data[3085]=0x0
D/RAWDATAD(   78): rawdata_check_block: ret=0x0, crc_old=0x0, crc_calc=0xe03ef267
D/RAWDATAD(   78): init_productinfo: Read /productinfo/factorymode.file from /dev/block/mmcblk0p9 ERROR
D/RAWDATAD(   78): init_productinfo: /productinfo/factorymode.file valid1=-1; valid2=-1
D/RAWDATAD(   78): init_productinfo: Get /productinfo/factorymode.file CRC error
D/RAWDATAD(   78): init_productinfo: Won't create file /productinfo/factorymode.file
D/RAWDATAD(   78): ==================init_productinfo End==================
D/RAWDATAD(   78): ==================init_productinfo Start==================
D/RAWDATAD(   78): init_productinfo: handle block[2]
D/RAWDATAD(   78): rawdata_check_block: partition=0, block=2
D/RAWDATAD(   78): read_mmc_partition: patrname=/dev/block/mmcblk0p8,offset=8192
D/RAWDATAD(   78): read_mmc_partition: rsize=4096; size=4096
D/RAWDATAD(   78): dump_data: First 10 data
D/RAWDATAD(   78): data[0]=0x2
D/RAWDATAD(   78): data[1]=0x80
D/RAWDATAD(   78): data[2]=0x0
D/RAWDATAD(   78): data[3]=0x0
D/RAWDATAD(   78): data[4]=0x2
D/RAWDATAD(   78): data[5]=0x80
D/RAWDATAD(   78): data[6]=0x1
D/RAWDATAD(   78): data[7]=0x0
D/RAWDATAD(   78): data[8]=0x2
D/RAWDATAD(   78): data[9]=0x80
D/RAWDATAD(   78): dump_data: Last 10 data
D/RAWDATAD(   78): data[3066]=0x0
D/RAWDATAD(   78): data[3067]=0x0
D/RAWDATAD(   78): data[3068]=0x0
D/RAWDATAD(   78): data[3069]=0x0
D/RAWDATAD(   78): data[3070]=0x0
D/RAWDATAD(   78): data[3071]=0x0
D/RAWDATAD(   78): data[3072]=0x0
D/RAWDATAD(   78): data[3073]=0x0
D/RAWDATAD(   78): data[3074]=0x0
D/RAWDATAD(   78): data[3075]=0x0
D/RAWDATAD(   78): dump_data: Extra 10 data
D/RAWDATAD(   78): data[3076]=0x0
D/RAWDATAD(   78): data[3077]=0x0
D/RAWDATAD(   78): data[3078]=0x0
D/RAWDATAD(   78): data[3079]=0x0
D/RAWDATAD(   78): data[3080]=0x0
D/RAWDATAD(   78): data[3081]=0x0
D/RAWDATAD(   78): data[3082]=0x0
D/RAWDATAD(   78): data[3083]=0x0
D/RAWDATAD(   78): data[3084]=0x0
D/RAWDATAD(   78): data[3085]=0x0
D/RAWDATAD(   78): rawdata_check_block: ret=0x0, crc_old=0x0, crc_calc=0xcbbf64ab
D/RAWDATAD(   78): init_productinfo: Read /productinfo/alarm_flag from /dev/block/mmcblk0p8 ERROR
D/RAWDATAD(   78): rawdata_check_block: partition=1, block=2
D/RAWDATAD(   78): read_mmc_partition: patrname=/dev/block/mmcblk0p9,offset=8192
D/RAWDATAD(   78): read_mmc_partition: rsize=4096; size=4096
D/RAWDATAD(   78): dump_data: First 10 data
D/RAWDATAD(   78): data[0]=0x2
D/RAWDATAD(   78): data[1]=0x80
D/RAWDATAD(   78): data[2]=0x0
D/RAWDATAD(   78): data[3]=0x0
D/RAWDATAD(   78): data[4]=0x2
D/RAWDATAD(   78): data[5]=0x80
D/RAWDATAD(   78): data[6]=0x1
D/RAWDATAD(   78): data[7]=0x0
D/RAWDATAD(   78): data[8]=0x2
D/RAWDATAD(   78): data[9]=0x80
D/RAWDATAD(   78): dump_data: Last 10 data
D/RAWDATAD(   78): data[3066]=0x0
D/RAWDATAD(   78): data[3067]=0x0
D/RAWDATAD(   78): data[3068]=0x0
D/RAWDATAD(   78): data[3069]=0x0
D/RAWDATAD(   78): data[3070]=0x0
D/RAWDATAD(   78): data[3071]=0x0
D/RAWDATAD(   78): data[3072]=0x0
D/RAWDATAD(   78): data[3073]=0x0
D/RAWDATAD(   78): data[3074]=0x0
D/RAWDATAD(   78): data[3075]=0x0
D/RAWDATAD(   78): dump_data: Extra 10 data
D/RAWDATAD(   78): data[3076]=0x0
D/RAWDATAD(   78): data[3077]=0x0
D/RAWDATAD(   78): data[3078]=0x0
D/RAWDATAD(   78): data[3079]=0x0
D/RAWDATAD(   78): data[3080]=0x0
D/RAWDATAD(   78): data[3081]=0x0
D/RAWDATAD(   78): data[3082]=0x0
D/RAWDATAD(   78): data[3083]=0x0
D/RAWDATAD(   78): data[3084]=0x0
D/RAWDATAD(   78): data[3085]=0x0
D/RAWDATAD(   78): rawdata_check_block: ret=0x0, crc_old=0x0, crc_calc=0x1008d284
D/RAWDATAD(   78): init_productinfo: Read /productinfo/alarm_flag from /dev/block/mmcblk0p9 ERROR
D/RAWDATAD(   78): init_productinfo: /productinfo/alarm_flag valid1=-1; valid2=-1
D/RAWDATAD(   78): init_productinfo: Get /productinfo/alarm_flag CRC error
D/RAWDATAD(   78): init_productinfo: Won't create file /productinfo/alarm_flag
D/RAWDATAD(   78): ==================init_productinfo End==================
D/RAWDATAD(   78): Can't add watch for /productinfo/.
D/ICD     (   84): icd detects normal mode
D/ICD     (   84): icd runs
D/sprd_monitor(   80): open ttyNK3!
D/ICD     (   84): icd (1)
E/MODEMD  (   81):  modemd start!!  
E/MODEMD  (   81): gv_debug_level : 0  
D/MFSERIAL(  103): mfserail started!
D/MFSERIAL(  103): at_mux1_devname: /dev/ts0710mux11, uart_devname: /dev/ttyS1, have_phoneserver: 1
E/DataRouter(  107): Main entered
E/DataRouter(  107): switchUser
E/DataRouter(  107): monitor_usb_thread
E/DataRouter(  107): server_init
E/DataRouter(  107): Initialise USB and start the thread 
E/DataRouter(  107): dr_usb_init
E/DataRouter(  107): USB Interface is open with 0xe
E/DataRouter(  107): USB interface is now configured for usb_fd = 0xe
E/DataRouter(  107): THREAD LAUNCH 
E/DataRouter(  107): monitor_data_of_usb
E/DataRouter(  107): USB monitor thread launched, usb_fd= 0xe
E/DataRouter(  107): init_cur_sock
E/DataRouter(  107): Before the usb select 
I/macloader(   97): WIFI MAC is valid
I//system/xbin/busybox(   74): run-parts: /system/etc/init.d: No such file or directory
E/nvitemd (   79): Malloc vbpipe buffer success : 262144
E/nvitemd (   79): modem length : 8388608
E/nvitemd (   79): modem emmc dev : /dev/block/mmcblk0p7
E/nvitemd (   79): dsp emmc dev : /dev/block/mmcblk0p7
E/nvitemd (   79): reopen vbpipe
D/connfw  (   90): Main entered
D/connfw  (   90): switchUser
D/connfw  (   90): connect_dr_socket
E/DataRouter(  107): conntected socket:13
E/DataRouter(  107): Add monitoring socket[index0 socket:13]
E/DTT     (   88): Main entered
E/DTT     (   88): connect_dr_socket
I/DEBUG   (   83): debuggerd: Aug 28 2013 13:51:32
I/NPS_MOBEX(   91): Feature_Init
I/NPS_MOBEX(   91): Get_feature_xml
D/Kies    (   86): Main entered
D/Kies    (   86): switchUser
D/Kies    (   86): dr_pcsync_init
D/Kies    (   86): dr_pcsync_launch_monitor_thread
D/Kies    (   86): connect_dr_socket
D/Kies    (   86): __pcsync_monitor_thread
D/Kies    (   86): Waiting for MOBEX connection
I/Netd    (   82): Netd 1.0 starting
E/SMD     (   87): SMD Main entered
E/SMD     (   87): smd_init start 
E/SMD     (   87): smd Interface open failed errno is 2 -1
I/NPS_MOBEX(   91): [Feature_Init]GetBasemodel=GT-I9100
I/NPS_MOBEX(   91): [Feature_Init]feature_NPS=Splanner,Normal,Normal,none_FmRadio,Normal,Normal,Normal,Normal,Normal,Normal,Normal,Boost,Normal,Normal,Normal,Normal
I/NPS_MOBEX(   91): [Feature_Init]feature_DR=SN_IMEI_FILE,Ril_Sales,Normal,MSISDN_File,Normal,GT-I9100,Normal,Normal,Normal
I/NPS_MOBEX(   91): [Feature_Init]feature_APP=Device,Calendar,Contents,Phonebook,Message,Phonebook_com.android.exchange,Phonebook_com.google,Phonebook_com.osp.app.signin
I/NPS_MOBEX(   91): task Start
I/NPS_MOBEX(   91): wscMessageGet msgid:4097
I/NPS_MOBEX(   91): wifi_wscDataServiceStart
I/NPS_MOBEX(   91): wifi Create server_sockid: 11
I/NPS_MOBEX(   91): wifi_wscDataServiceConnect
I/NPS_MOBEX(   91): wifi_wscDataServiceConnect START
E/DataRouter(  107): After the usb select 
E/DataRouter(  107): read usb data[len:1]
E/DataRouter(  107): read usb data message:A
E/DataRouter(  107): Before the usb select 
D/connfw  (   90): [DR->CONNFW]Received data notification
D/connfw  (   90): NOT DEFINE
D/connfw  (   90): Message:A
E/DataRouter(  107): [socket:13]******* Received data notification *******
E/DataRouter(  107): After the usb select 
E/DataRouter(  107): read usb data[len:1]
E/DataRouter(  107): read usb data message:T
E/DataRouter(  107): Before the usb select 
D/connfw  (   90): [DR->CONNFW]Received data notification
D/connfw  (   90): NOT DEFINE
D/connfw  (   90): Message:T
E/DataRouter(  107): [socket:13]******* Received data notification *******
E/DataRouter(  107): After the usb select 
E/DataRouter(  107): read usb data[len:1]
E/DataRouter(  107): read usb data message:
E/DataRouter(  107): Before the usb select 
D/connfw  (   90): [DR->CONNFW]Received data notification
D/connfw  (   90): NOT DEFINE
D/connfw  (   90): Message:
E/DataRouter(  107): [socket:13]******* Received data notification *******
I/        (   94): ServiceManager: 0xf0d048
D/sprd_monitor(   80): start phoneserver!
D/PHONESERVER(  143): chnmng start phone server!
D/PHONESERVER(  143): 
D/PHONESERVER(  143):  Phoneserver version: SP8802S_R1.0.0016+ Fri Sep 25 20:37:05 CST 2009 
D/PHONESERVER(  143): CHNMNG: open mux:/dev/ts0710mux0 !
D/PHONESERVER(  143):  
D/SPRDENG (  148): eng_mcinit: persist.msms.phone_count is , n=0
E/DataRouter(  107): conntected socket:15
E/DataRouter(  107): Add monitoring socket[index1 socket:15]
E/SMD     (   87): smd Interface open failed errno is 2 -1
D/AndroidRuntime(   93): 
D/AndroidRuntime(   93): >>>>>> AndroidRuntime START com.android.internal.os.ZygoteInit <<<<<<
D/AndroidRuntime(   93): CheckJNI is OFF
I/SurfaceFlinger(   92): SurfaceFlinger is starting
I/SurfaceFlinger(   92): SurfaceFlinger's main thread ready to run. Initializing graphics H/W...
D/AndroidRuntime(   93): setted country_code = china
D/AndroidRuntime(   93): setted countryiso_code = CN
D/AndroidRuntime(   93): setted sales_code = CHM
D/AndroidRuntime(   93): pLocation:chinese_simplified, pLang: zh, pRegn: CN
D/AndroidRuntime(   93): readGMSProperty: start
D/AndroidRuntime(   93): readGMSProperty: already setted!!
D/AndroidRuntime(   93): readGMSProperty: end
--------- beginning of /dev/log/system
I/Vold    (   77): Vold 2.1 (the revenge) firing up
E/Vold    (   77): created DirEncryptionManager
D/Vold    (   77): Volume sdcard state changing -1 (Initializing) -> 0 (No-Media)
D/Vold    (   77): Volume sda state changing -1 (Initializing) -> 0 (No-Media)
D/Vold    (   77): Volume sdb state changing -1 (Initializing) -> 0 (No-Media)
D/Vold    (   77): Volume sdc state changing -1 (Initializing) -> 0 (No-Media)
D/Vold    (   77): Volume sdd state changing -1 (Initializing) -> 0 (No-Media)
D/Vold    (   77): Volume sde state changing -1 (Initializing) -> 0 (No-Media)
D/Vold    (   77): Volume sdf state changing -1 (Initializing) -> 0 (No-Media)
I/gralloc.mali(   92): using (fd=15)
I/gralloc.mali(   92): id           = sc8810fb
I/gralloc.mali(   92): xres         = 480 px
I/gralloc.mali(   92): yres         = 800 px
I/gralloc.mali(   92): xres_virtual = 480 px
I/gralloc.mali(   92): yres_virtual = 1600 px
I/gralloc.mali(   92): bpp          = 32
I/gralloc.mali(   92): r            =  0:8
I/gralloc.mali(   92): g            =  8:8
I/gralloc.mali(   92): b            = 16:8
I/gralloc.mali(   92): width        = 45 mm (270.933319 dpi)
I/gralloc.mali(   92): height       = 75 mm (270.933319 dpi)
I/gralloc.mali(   92): refresh rate = 57.87 Hz
D/libEGL  (   92): loaded /system/lib/egl/libEGL_mali.so
E/DataRouter(  107): conntected socket:16
E/DataRouter(  107): Add monitoring socket[index2 socket:16]
D/SPRDENG_PCCLIENT(  146): eng_pcclient califlag=0, engtest=0
D/SPRDENG_PCCLIENT(  146): eng_modemreset_thread: persist.sys.sprd.modemreset is 1, n=1
E/MODEMD  (   81): vbpipe2 open : 11  
E/MODEMD  (   81): Start Modemd for Loop 
D/SPRDENG_PCCLIENT(  146): eng_modemreset_thread: Unable bind server modem, waiting...
E/MODEMD  (   81): modemd_listenaccept_thread: Waiting for new connect ...
D/SPRDENG_PCCLIENT(  146): eng_modemreset_thread, fd=17, pipe_fd=14
D/SPRDENG_PCCLIENT(  146): eng_modemreset_thread: waiting for server modem
E/MODEMD  (   81): modemd_listenaccept_thread: accept client n=15
E/MODEMD  (   81): modemd_listenaccept_thread: fill 15 to client[0]
E/MODEMD  (   81): modemd_listenaccept_thread: Waiting for new connect ...
D/libEGL  (   92): loaded /system/lib/egl/libGLESv1_CM_mali.so
D/libEGL  (   92): loaded /system/lib/egl/libGLESv2_mali.so
I/libEGL  (   92): eglCreateWindowSurface
E/SMD     (   87): smd Interface open failed errno is 2 -1
I/SurfaceFlinger(   92): EGL informations:
I/SurfaceFlinger(   92): # of configs : 21
I/SurfaceFlinger(   92): vendor    : Android
I/SurfaceFlinger(   92): version   : 1.4 Android META-EGL
I/SurfaceFlinger(   92): extensions: EGL_KHR_image EGL_KHR_image_base EGL_KHR_image_pixmap EGL_KHR_gl_texture_2D_image EGL_KHR_gl_texture_cubemap_image EGL_KHR_gl_renderbuffer_image EGL_KHR_fence_sync EGL_ANDROID_image_native_buffer 
I/SurfaceFlinger(   92): Client API: OpenGL ES
I/SurfaceFlinger(   92): EGLSurface: 8-8-8-8, config=0x10
I/SurfaceFlinger(   92): OpenGL informations:
I/SurfaceFlinger(   92): vendor    : ARM
I/SurfaceFlinger(   92): renderer  : Mali-300
I/SurfaceFlinger(   92): version   : OpenGL ES-CM 1.1
I/SurfaceFlinger(   92): extensions: GL_OES_byte_coordinates GL_OES_fixed_point GL_OES_single_precision GL_OES_matrix_get GL_OES_read_format GL_OES_compressed_paletted_texture GL_OES_point_size_array GL_OES_point_sprite GL_OES_texture_npot GL_OES_query_matrix GL_OES_matrix_palette GL_OES_extended_matrix_palette GL_OES_compressed_ETC1_RGB8_texture GL_OES_EGL_image GL_OES_draw_texture GL_OES_depth_texture GL_OES_packed_depth_stencil GL_EXT_texture_format_BGRA8888 GL_OES_framebuffer_object GL_OES_stencil8 GL_OES_depth24 GL_ARM_rgba8 GL_OES_EGL_image_external GL_OES_EGL_sync GL_OES_rgb8_rgba8 GL_EXT_multisampled_render_to_texture GL_OES_texture_cube_map GL_EXT_discard_framebuffer 
I/SurfaceFlinger(   92): GL_MAX_TEXTURE_SIZE = 4096
I/SurfaceFlinger(   92): GL_MAX_VIEWPORT_DIMS = 4096 x 4096
I/SurfaceFlinger(   92): flags = 00000000
I/SurfaceFlinger(   92): id=1(1) createSurface 0x99a47c (480x800),4 flag=0, <pid_187?
D/libEGL  (  187): loaded /system/lib/egl/libEGL_mali.so
D/libEGL  (  187): loaded /system/lib/egl/libGLESv1_CM_mali.so
D/libEGL  (  187): loaded /system/lib/egl/libGLESv2_mali.so
D/dalvikvm(   93): DexOpt: --- BEGIN 'core.jar' (bootstrap=1) ---
I/libEGL  (  187): eglCreateWindowSurface
D/PHONESERVER(  143): CHNMNG: open mux:/dev/ts0710mux1 !
D/PHONESERVER(  143):  
W/SPRDENG_PCCLIENT(  146): [13]/dev/umts_router --> /dev/pts/1
D/SPRDENG_PCCLIENT(  146): async_symlink /dev/pts/1 /dev/umts_router
D/SPRDENG_PCCLIENT(  146): async_symlink finished /dev/pts/1 /dev/umts_router
I/logwrapper(   74): /system/xbin/busybox terminated by exit(0)
D/PHONESERVER(  143): CHNMNG: open mux:/dev/ts0710mux2 !
D/PHONESERVER(  143):  
D/PHONESERVER(  143): CHNMNG: open mux:/dev/ts0710mux3 !
D/PHONESERVER(  143):  
D/PHONESERVER(  143): CHNMNG: open mux:/dev/ts0710mux4 !
D/PHONESERVER(  143):  
D/PHONESERVER(  143): CHNMNG: open mux:/dev/ts0710mux5 !
D/PHONESERVER(  143):  
D/PHONESERVER(  143): CHNMNG: open mux:/dev/ts0710mux6 !
D/PHONESERVER(  143):  
D/PHONESERVER(  143): CHNMNG: open mux:/dev/ts0710mux7 !
D/PHONESERVER(  143):  
D/PHONESERVER(  143): CHNMNG: open mux:/dev/ts0710mux8 !
D/PHONESERVER(  143):  
D/PHONESERVER(  143): CHNMNG: open mux:/dev/ts0710mux9 !
D/PHONESERVER(  143):  
D/PHONESERVER(  143): CHNMNG: open mux:/dev/ts0710mux10 !
D/PHONESERVER(  143):  
D/PHONESERVER(  143): CHNMNG: open mux:/dev/ts0710mux11 !
D/PHONESERVER(  143):  
D/PHONESERVER(  143): CHNMNG: open mux:/dev/ts0710mux12 !
D/PHONESERVER(  143):  
D/PHONESERVER(  143): CHNMNG: open mux:/dev/ts0710mux13 !
D/PHONESERVER(  143):  
D/PHONESERVER(  143): CHNMNG: open mux:/dev/ts0710mux14 !
D/PHONESERVER(  143):  
D/PHONESERVER(  143): chnmng_find_buffer!
D/PHONESERVER(  143): CHNMNG: open mux:/dev/ts0710mux1 fd=27  !
D/PHONESERVER(  143):  
D/PHONESERVER(  143): CHNMNG: after open mux:/dev/ts0710mux1 fd=27  !
D/PHONESERVER(  143):  
D/PHONESERVER(  143): chnmng_find_buffer!
D/PHONESERVER(  143): CHNMNG: open mux:/dev/ts0710mux2 fd=28  !
D/PHONESERVER(  143):  
D/PHONESERVER(  143): CHNMNG: after open mux:/dev/ts0710mux2 fd=28  !
D/PHONESERVER(  143):  
D/PHONESERVER(  143): chnmng_find_buffer!
D/PHONESERVER(  143): CHNMNG: open mux:/dev/ts0710mux3 fd=29  !
D/PHONESERVER(  143):  
D/PHONESERVER(  143): CHNMNG: after open mux:/dev/ts0710mux3 fd=29  !
D/PHONESERVER(  143):  
D/PHONESERVER(  143): chnmng_find_buffer!
D/PHONESERVER(  143): CHNMNG: open mux:/dev/ts0710mux4 fd=30  !
D/PHONESERVER(  143):  
D/PHONESERVER(  143): CHNMNG: after open mux:/dev/ts0710mux4 fd=30  !
D/PHONESERVER(  143):  
D/PHONESERVER(  143): chnmng_find_buffer!
D/PHONESERVER(  143): CHNMNG: open mux:/dev/ts0710mux5 fd=31  !
D/PHONESERVER(  143):  
D/PHONESERVER(  143): CHNMNG: after open mux:/dev/ts0710mux5 fd=31  !
D/PHONESERVER(  143):  
D/PHONESERVER(  143): chnmng_find_buffer!
D/PHONESERVER(  143): CHNMNG: open mux:/dev/ts0710mux6 fd=32  !
D/PHONESERVER(  143):  
D/PHONESERVER(  143): CHNMNG: after open mux:/dev/ts0710mux6 fd=32  !
D/PHONESERVER(  143):  
D/PHONESERVER(  143): chnmng_find_buffer!
D/PHONESERVER(  143): CHNMNG: open mux:/dev/ts0710mux7 fd=33  !
D/PHONESERVER(  143):  
D/PHONESERVER(  143): CHNMNG: after open mux:/dev/ts0710mux7 fd=33  !
D/PHONESERVER(  143):  
D/PHONESERVER(  143): chnmng_find_buffer!
D/PHONESERVER(  143): CHNMNG: open mux:/dev/ts0710mux8 fd=34  !
D/PHONESERVER(  143):  
D/PHONESERVER(  143): CHNMNG: after open mux:/dev/ts0710mux8 fd=34  !
D/PHONESERVER(  143):  
D/PHONESERVER(  143): chnmng_find_buffer!
D/PHONESERVER(  143): CHNMNG: open mux:/dev/ts0710mux9 fd=35  !
D/PHONESERVER(  143):  
D/PHONESERVER(  143): CHNMNG: after open mux:/dev/ts0710mux9 fd=35  !
D/PHONESERVER(  143):  
D/PHONESERVER(  143): chnmng_find_buffer!
D/PHONESERVER(  143): CHNMNG: open mux:/dev/ts0710mux10 fd=36  !
D/PHONESERVER(  143):  
D/PHONESERVER(  143): CHNMNG: after open mux:/dev/ts0710mux10 fd=36  !
D/PHONESERVER(  143):  
D/PHONESERVER(  143): PS_PTY also be cleared before pty_clear_wait_resp_flag pty:(null)
D/PHONESERVER(  143): PS_PTY also be cleared before pty_clear_wait_resp_flag pty:(null)
D/PHONESERVER(  143): PS_PTY also be cleared before pty_clear_wait_resp_flag pty:(null)
D/PHONESERVER(  143): PS_PTY also be cleared before pty_clear_wait_resp_flag pty:(null)
D/PHONESERVER(  143): PS_PTY also be cleared before pty_clear_wait_resp_flag pty:(null)
D/PHONESERVER(  143): PS_PTY also be cleared before pty_clear_wait_resp_flag pty:(null)
D/PHONESERVER(  143): CHNMNG:to open /dev/ptmx !
D/PHONESERVER(  143): CHNMNG:/dev/ptmx opened!
D/PHONESERVER(  143): CHNMNG:/dev/ptmx opened rett=0 ptn=0!
D/PHONESERVER(  143): CHNMNG get pty OK mpty=37!
D/PHONESERVER(  143): async_symlink /dev/pts/0 /dev/CHNPTY0
E/SMD     (   87): smd Interface open failed errno is 2 -1
I/        (   95): ServiceManager: 0xc43488
V/AudioHardwareALSA(   95): libsecril-client.so is loaded
E/SamsungPowerSound(  189): -------- SamsungPowerSoundPlayer Constuctor ---------
I/ServiceManager(  189): Waiting for service media.audio_policy...
W/ALSAModule(   95): alsa release [ incall ] partial wake lock
W/ALSAModule(   95): alsa release [ playback ] partial wake lock
W/ALSAModule(   95): alsa release [ capture ] partial wake lock
W/ALSAModule(   95): [ clear ] sync2ril pipe start ...
W/ALSAModule(   95): [ clear ] sync2ril pipe done ...
W/ALSAModule(   95): OOOOO ^-^ OOOOO: cp_type=0 :OOOOO ^-^ OOOOO
W/ALSAModule(   95): mmi_audio_loop_thread waiting for new command
D/LVVE_Engine(   95): LVVE_Engine::setDebugMode(): debugMode=[1]
D/LVVE_Engine(   95): LVVE_Engine::setMode(): mode=[0]
I/AudioFlinger(   95): Loaded primary audio interface from LEGACY Audio HW HAL (audio)
I/AudioFlinger(   95): Using 'LEGACY Audio HW HAL' (audio.primary) as the primary audio interface
E/DataRouter(  107): After the usb select 
E/DataRouter(  107): read usb data[len:1]
E/DataRouter(  107): read usb data message:A
E/DataRouter(  107): Before the usb select 
D/connfw  (   90): [DR->CONNFW]Received data notification
D/connfw  (   90): NOT DEFINE
D/connfw  (   90): Message:A
E/DTT     (   88): [DR->DTT]Received data notification
E/DTT     (   88): NOT DEFINE
E/DTT     (   88): Message:A
D/Kies    (   86): [DR->KIES]Received data notification
D/Kies    (   86): NOT DEFINE
D/Kies    (   86): Message:A
E/DataRouter(  107): [socket:13]******* Received data notification *******
E/DataRouter(  107): [socket:15]******* Received data notification *******
E/DataRouter(  107): [socket:16]******* Received data notification *******
I/AudioFlinger(   95): Loaded a2dp audio interface from A2DP Audio HW HAL (audio)
D/AudioHardwareALSA(   95): setMode called to enable voice path mode=0 mMode=0
V/AudioHardwareALSA(   95): AudioHardwareALSA::setRxMute state : 0 force : 1 
V/AudioHardwareALSA(   95): ### incall mode SetRxMute0, returnVal 0
W/AudioHardwareALSA(   95): 7777777777777777 setMasterVolume called for devices 00000000 in mode 0...
V/MediaPlayerService(   95): MediaPlayerService created
I/CameraService(   95): CameraService started (pid=95)
V/SprdCameraHardware(   95): int android::HAL_getNumberOfCameras()
V/SprdCameraHardware(   95): HAL_getNumberOfCameras,1.
V/AudioPolicyService(   95): AudioCommandThread() going to sleep
V/AudioPolicyService(   95): AudioCommandThread() going to sleep
V/AudioFlinger(   95): registerClient() client 0xcbea90, pid 95
V/AudioFlinger(   95): openOutput(), Device 2, SamplingRate 0, Format 0, Channels 0, flags 0
D/AudioHardwareALSA(   95): openOutputStream called for devices: 0x00000002
W/AudioHardwareALSA(   95): 3333333333333333 s_open openOutputStream called for devices 00000002 in mode 0...
W/ALSAModule(   95): s_open reentrant protecting try lock
W/ALSAModule(   95): s_open reentrant protecting got lock
W/ALSAModule(   95): luther don't need to wait for cp....
W/ALSAModule(   95): oooooooooooooooo s_open Enter incall=0
W/ALSAModule(   95): s_open got lock1
W/ALSAModule(   95): s_open try to get lock2 ... mLockMode=1
W/ALSAModule(   95): s_open try count is 0
W/ALSAModule(   95): s_open got lock2, yeah
W/ALSAModule(   95): alsa aquire [ playback ] partial wake lock
W/ALSAModule(   95): open called for devices 00000002 in mode 0...[incall=0]
W/ALSAModule(   95): =================================================================================
W/ALSAModule(   95): xxxxxxxxxxxxxxxxxxx Exit phone call & Force reset audio codec xxxxxxxxxxxxxxxxxxx
W/ALSAModule(   95): =================================================================================
E/DataRouter(  107): After the usb select 
E/DataRouter(  107): read usb data[len:1]
E/DataRouter(  107): read usb data message:T
E/DataRouter(  107): Before the usb select 
D/connfw  (   90): [DR->CONNFW]Received data notification
D/connfw  (   90): NOT DEFINE
D/connfw  (   90): Message:T
E/DTT     (   88): [DR->DTT]Received data notification
E/DTT     (   88): NOT DEFINE
E/DTT     (   88): Message:T
D/Kies    (   86): [DR->KIES]Received data notification
D/Kies    (   86): NOT DEFINE
D/Kies    (   86): Message:T
E/DataRouter(  107): [socket:13]******* Received data notification *******
E/DataRouter(  107): [socket:15]******* Received data notification *******
E/DataRouter(  107): [socket:16]******* Received data notification *******
E/DataRouter(  107): After the usb select 
E/DataRouter(  107): read usb data[len:1]
E/DataRouter(  107): read usb data message:
E/DataRouter(  107): Before the usb select 
D/connfw  (   90): [DR->CONNFW]Received data notification
D/connfw  (   90): NOT DEFINE
D/connfw  (   90): Message:
E/DTT     (   88): [DR->DTT]Received data notification
E/DTT     (   88): NOT DEFINE
E/DTT     (   88): Message:
D/Kies    (   86): [DR->KIES]Received data notification
D/Kies    (   86): NOT DEFINE
D/Kies    (   86): Message:
E/DataRouter(  107): [socket:13]******* Received data notification *******
E/DataRouter(  107): [socket:15]******* Received data notification *******
E/DataRouter(  107): [socket:16]******* Received data notification *******
E/SMD     (   87): smd Interface is open with 0xb
E/SMD     (   87): smd Interface is open with 0xb
E/SMD     (   87): m_setparms
E/SMD     (   87): [115200:8N1]
E/SMD     (   87): [S/W flow control : off]
E/SMD     (   87): [H/W flow control : off]
E/SMD     (   87): -
E/SMD     (   87): [*] dr_smd_ril_open_client sucess ff340
E/SMD     (   87): [dr_smd_ril_init] dr_smd_ril_open_client successful 
E/SMD     (   87): [*] RegisterUnsolicitedHandler() successfully done 
E/SMD     (   87): [dr_smd_ril_init] dr_smd_ril_register_UnSol_Hdlr successful 
E/SMD     (   87): [*] Connect_RILD()  done 
E/SMD     (   87): [dr_smd_ril_init] dr_smd_ril_Connect successful 
E/SMD     (   87): [dr_smd_ril_init] dr_smd_ril_Connect successful 
E/SMD     (   87): [dr_smd_ril_init] successful 
E/SMD     (   87): Data Routerdr_smd_ril_init Successfully done  
E/SMD     (   87): start pin ctrl to use secril
E/DataRouter(  107): conntected socket:17
E/DataRouter(  107): Add monitoring socket[index3 socket:17]
E/SMD     (   87): Before the Modem Read select 
D/dalvikvm(  196): Ignoring duplicate verify attempt on Ljava/lang/Object;
W/ALSAModule(   95): alsa release [ incall ] partial wake lock
W/ALSAModule(   95): [ clear ] sync2ril pipe start ...
W/ALSAModule(   95): [ clear ] sync2ril pipe done ...
I/ServiceManager(  189): Waiting for service media.audio_policy...
V/ALSAModule(   95): initially, setHardwareParams: buffer size: 882, latency: 200000
V/ALSAModule(   95): Set PLAYBACK PCM format to S16_LE (Signed 16 bit Little Endian)
V/ALSAModule(   95): Using 2 channels for PLAYBACK.
V/ALSAModule(   95): Set PLAYBACK sample rate to 44100 HZ
V/ALSAModule(   95): snd_pcm_hw_params_set_buffer_size_near: get buffer size: 960
V/ALSAModule(   95): snd_pcm_hw_params_set_buffer_time_near: get latency: 21768
V/ALSAModule(   95): finally, setHardwareParams: snd_pcm_get_params: buffer time: 21768, buffer size: 960, period time: 3628, period size: 160
I/ALSAModule(   95): Initialized ALSA PLAYBACK device AndroidPlayback_Speaker_normal
I/ALSAModule(   95): alsa-phone audio all PA off .....
W/ALSAModule(   95): audio_tune_hw4app_write2hardware No Application works on tune, we will use default nv item <12,music>
W/ALSAModule(   95): audio_tune_hw4app_write2hardware can't locate the right mFactoryRouteRCVMode [0]
W/ALSAModule(   95): audio_tune_hw4app_write2hardware will apply [12,music] vol_type0, vol_level1, eq_type0, device_mode3 to audio hardware
W/ALSAModule(   95): [ Open ] s_audio_path_route to mode=0 BeingMode=0 0x00000002
W/ALSAModule(   95): alsa-phone ringtone special process, speaker to 1 later
W/ALSAModule(   95): alsa release [ playback ] partial wake lock
W/ALSAModule(   95): s_open release lock mLockMode=0
W/ALSAModule(   95): qqqqqqqqqqqqqqqq s_open Exit
D/SoundBooster(   95): SoundBoosterInit(): sampleRate=44100
D/LVVE_Engine(   95): LVVEFS_Rx_Command LVVEFS_COMMAND_RESET returns success
W/AudioHardwareALSA(   95): alsa streamout constructor
V/AudioFlinger(   95): openOutput() openOutputStream returned output 0xcbeae8, SamplingRate 44100, Format 1, Channels 3, status 0
W/AudioHardwareALSA(   95): ALSAStreamOps::bufferSize(): bufferSize: 960, periodSize: 160, channels: 2
W/AudioHardwareALSA(   95): ALSAStreamOps::bufferSize(): return bytes = 3840
I/AudioMixer(   95): AudioMixer::AudioMixer  (960, 44100)
I/AudioFlinger(   95): AudioFlinger::openOutput() created mixer output: ID 1 thread 0xccb768
W/AudioHardwareALSA(   95): alsa CTS latency lowered to 9000 from 21768
V/AudioFlinger(   95): PlaybackThread::audioConfigChanged_l, thread 0xccb768, event 0, param 0
W/AudioHardwareALSA(   95): alsa CTS latency lowered to 9000 from 21768
V/AudioPolicyManagerBase(   95): AudioPolicyManagerBase::setOutputDevice() output 1 device 2 delayMs 0
V/AudioPolicyService(   95): inserting command: 3 at index 0, num commands 0
V/AudioPolicyService(   95): AudioCommandThread() adding set parameter string routing=2, io 1 ,delay 0
V/AudioPolicyService(   95): AudioCommandThread() waking up
V/AudioPolicyService(   95): AudioCommandThread() processing set parameters string routing=2, io 1
V/AudioFlinger(   95): setParameters(): io 1, keyvalue routing=2, tid 209, calling tid 95
V/AudioFlinger(   95): ThreadBase::setParameters() routing=2
I/AudioFlinger(   95): AudioFlinger's thread 0xccb768 ready to run
W/AudioHardwareALSA(   95): alsa CTS latency lowered to 9000 from 21768
W/AudioFlinger(   95): Thread AudioOut_1 cannot connect to the power manager service
D/AudioHardwareALSA(   95): ALSAStreamOps::setParameters() routing=2
W/AudioHardwareALSA(   95): 2222222222222222 s_route setParameters called for devices 00000002 in mode 0...
W/ALSAModule(   95): route called for devices 00000002 in mode 0...
W/ALSAModule(   95): the same, direct return
D/LVVE_Engine(   95): LVVE_Engine::setDevice(): device=[2]
D/LVVE_Engine(   95): LVVE_Engine::setDevice(): 22222  device=[2]
V/AudioPolicyService(   95): AudioCommandThread() going to sleep
V/AudioPolicyManagerBase(   95): applyStreamVolumes() for output 1 and device 2
V/AudioPolicyManagerBase(   95): setStreamVolume() for output 1 stream 0, volume 76.000000, delay 0
V/AudioPolicyService(   95): inserting command: 2 at index 0, num commands 0
V/AudioPolicyService(   95): AudioCommandThread() adding set volume stream 0, volume 75.250000, output 1
V/AudioPolicyService(   95): AudioCommandThread() waking up
V/AudioPolicyService(   95): AudioCommandThread() processing set volume stream 0,                             volume 75.250000, output 1
V/AudioPolicyService(   95): AudioCommandThread() going to sleep
V/AudioPolicyService(   95): inserting command: 4 at index 0, num commands 0
V/AudioPolicyService(   95): AudioCommandThread() adding set voice volume volume 1.000000
V/AudioPolicyService(   95): AudioCommandThread() waking up
V/AudioPolicyService(   95): AudioCommandThread() processing set voice volume volume 1.000000
D/AudioHardwareALSA(   95): setVoiceVolume=1.000000
V/AudioPolicyService(   95): AudioCommandThread() going to sleep
V/AudioPolicyManagerBase(   95): setStreamVolume() for output 1 stream 1, volume 76.000000, delay 0
V/AudioPolicyService(   95): inserting command: 2 at index 0, num commands 0
V/AudioPolicyService(   95): AudioCommandThread() adding set volume stream 1, volume 76.000000, output 1
V/AudioPolicyService(   95): AudioCommandThread() waking up
V/AudioPolicyService(   95): AudioCommandThread() processing set volume stream 1,                             volume 76.000000, output 1
V/AudioPolicyService(   95): AudioCommandThread() going to sleep
V/AudioPolicyManagerBase(   95): setStreamVolume() for output 1 stream 2, volume 76.000000, delay 0
V/AudioPolicyService(   95): inserting command: 2 at index 0, num commands 0
V/AudioPolicyService(   95): AudioCommandThread() adding set volume stream 2, volume 76.000000, output 1
V/AudioPolicyService(   95): AudioCommandThread() waking up
V/AudioPolicyService(   95): AudioCommandThread() processing set volume stream 2,                             volume 76.000000, output 1
V/AudioPolicyService(   95): AudioCommandThread() going to sleep
V/AudioPolicyManagerBase(   95): getNewDevice() selected device 0
V/AudioPolicyManagerBase(   95): getDeviceForStrategy() from cache strategy 0, device 0
D/AudioPolicyManagerBase(   95): return MUSIC_SPK index=1
V/AudioPolicyManagerBase(   95): setStreamVolume() for output 1 stream 3, volume 55.000000, delay 0
V/AudioPolicyService(   95): inserting command: 2 at index 0, num commands 0
V/AudioPolicyService(   95): AudioCommandThread() adding set volume stream 3, volume 55.000000, output 1
V/AudioPolicyService(   95): AudioCommandThread() waking up
V/AudioPolicyService(   95): AudioCommandThread() processing set volume stream 3,                             volume 55.000000, output 1
V/AudioPolicyService(   95): AudioCommandThread() going to sleep
V/AudioPolicyManagerBase(   95): getNewDevice() selected device 0
V/AudioPolicyManagerBase(   95): getDeviceForStrategy() from cache strategy 0, device 0
V/AudioPolicyManagerBase(   95): setStreamVolume() for output 1 stream 4, volume 76.000000, delay 0
V/AudioPolicyService(   95): inserting command: 2 at index 0, num commands 0
V/AudioPolicyService(   95): AudioCommandThread() adding set volume stream 4, volume 76.000000, output 1
V/AudioFlinger(   95): Audio hardware entering standby, mixer 0xccb768, mSuspended 0
D/LVVE_Engine(   95): LVVEFS_Rx_Command LVVEFS_COMMAND_RESET returns success
W/AudioHardwareALSA(   95): AudioStreamOutALSA::standby snd_pcm_drain start ...
W/AudioHardwareALSA(   95): AudioStreamOutALSA::standby snd_pcm_drain finish ...
V/AudioFlinger(   95): MixerThread 0xccb768 TID 214 going to sleep
V/AudioPolicyService(   95): AudioCommandThread() waking up
V/AudioPolicyService(   95): AudioCommandThread() processing set volume stream 4,                             volume 76.000000, output 1
V/AudioPolicyService(   95): AudioCommandThread() going to sleep
V/AudioPolicyManagerBase(   95): setStreamVolume() for output 1 stream 5, volume 75.000000, delay 0
V/AudioPolicyService(   95): inserting command: 2 at index 0, num commands 0
V/AudioPolicyService(   95): AudioCommandThread() adding set volume stream 5, volume 75.000000, output 1
V/AudioPolicyService(   95): AudioCommandThread() waking up
V/AudioPolicyService(   95): AudioCommandThread() processing set volume stream 5,                             volume 75.000000, output 1
V/AudioPolicyService(   95): AudioCommandThread() going to sleep
V/AudioPolicyManagerBase(   95): checkAndSetVolume() cannot set stream 6 volume with force use = 0 for comm
V/AudioPolicyManagerBase(   95): setStreamVolume() for output 1 stream 7, volume 72.000000, delay 0
V/AudioPolicyService(   95): inserting command: 2 at index 0, num commands 0
V/AudioPolicyService(   95): AudioCommandThread() adding set volume stream 7, volume 72.000000, output 1
V/AudioPolicyService(   95): AudioCommandThread() waking up
V/AudioPolicyService(   95): AudioCommandThread() processing set volume stream 7,                             volume 72.000000, output 1
V/AudioPolicyService(   95): AudioCommandThread() going to sleep
V/AudioPolicyManagerBase(   95): setStreamVolume() for output 1 stream 8, volume 1.000000, delay 0
V/AudioPolicyService(   95): inserting command: 2 at index 0, num commands 0
V/AudioPolicyService(   95): AudioCommandThread() adding set volume stream 8, volume 1.000000, output 1
V/AudioPolicyService(   95): AudioCommandThread() waking up
V/AudioPolicyService(   95): AudioCommandThread() processing set volume stream 8,                             volume 1.000000, output 1
V/AudioPolicyService(   95): AudioCommandThread() going to sleep
V/AudioPolicyManagerBase(   95): getNewDevice() selected device 0
V/AudioPolicyManagerBase(   95): getDeviceForStrategy() from cache strategy 0, device 0
D/AudioPolicyManagerBase(   95): return MUSIC_SPK index=1
V/AudioPolicyManagerBase(   95): setStreamVolume() for output 1 stream 9, volume 55.000000, delay 0
V/AudioPolicyService(   95): inserting command: 2 at index 0, num commands 0
V/AudioPolicyService(   95): AudioCommandThread() adding set volume stream 9, volume 55.000000, output 1
V/AudioPolicyService(   95): AudioCommandThread() waking up
V/AudioPolicyService(   95): AudioCommandThread() processing set volume stream 9,                             volume 55.000000, output 1
V/AudioPolicyService(   95): AudioCommandThread() going to sleep
V/AudioPolicyManagerBase(   95): getNewDevice() selected device 0
V/AudioPolicyManagerBase(   95): getDeviceForStrategy() from cache strategy 0, device 0
D/AudioPolicyManagerBase(   95): return MUSIC_SPK index=1
V/AudioPolicyManagerBase(   95): setStreamVolume() for output 1 stream 10, volume 1.000000, delay 0
V/AudioPolicyService(   95): inserting command: 2 at index 0, num commands 0
V/AudioPolicyService(   95): AudioCommandThread() adding set volume stream 10, volume 1.000000, output 1
V/AudioPolicyService(   95): AudioCommandThread() waking up
V/AudioPolicyService(   95): AudioCommandThread() processing set volume stream 10,                             volume 1.000000, output 1
V/AudioPolicyService(   95): AudioCommandThread() going to sleep
V/AudioPolicyManagerBase(   95): setStreamVolume() for output 1 stream 11, volume 76.000000, delay 0
V/AudioPolicyService(   95): inserting command: 2 at index 0, num commands 0
V/AudioPolicyService(   95): AudioCommandThread() adding set volume stream 11, volume 76.000000, output 1
V/AudioPolicyService(   95): AudioCommandThread() waking up
V/AudioPolicyService(   95): AudioCommandThread() processing set volume stream 11,                             volume 76.000000, output 1
V/AudioPolicyService(   95): AudioCommandThread() going to sleep
V/AudioPolicyManagerBase(   95): setStreamVolume() for output 1 stream 12, volume 76.000000, delay 0
V/AudioPolicyService(   95): inserting command: 2 at index 0, num commands 0
V/AudioPolicyService(   95): AudioCommandThread() adding set volume stream 12, volume 76.000000, output 1
V/AudioPolicyService(   95): AudioCommandThread() waking up
V/AudioPolicyService(   95): AudioCommandThread() processing set volume stream 12,                             volume 76.000000, output 1
V/AudioPolicyService(   95): AudioCommandThread() going to sleep
V/AudioPolicyManagerBase(   95): getNewDevice() selected device 0
V/AudioPolicyManagerBase(   95): getDeviceForStrategy() from cache strategy 0, device 0
D/AudioPolicyManagerBase(   95): return MUSIC_SPK index=1
V/AudioPolicyManagerBase(   95): getNewDevice() selected device 0
V/AudioPolicyManagerBase(   95): getDeviceForStrategy() from cache strategy 0, device 0
V/AudioPolicyManagerBase(   95): getNewDevice() selected device 0
V/AudioPolicyManagerBase(   95): getDeviceForStrategy() from cache strategy 0, device 0
D/AudioPolicyManagerBase(   95): return MUSIC_SPK index=1
V/AudioPolicyManagerBase(   95): getNewDevice() selected device 0
V/AudioPolicyManagerBase(   95): getDeviceForStrategy() from cache strategy 0, device 0
D/AudioPolicyManagerBase(   95): return MUSIC_SPK index=1
V/AudioPolicyManagerBase(   95): getDeviceForStrategy() strategy 0, device 2
V/AudioPolicyManagerBase(   95): getDeviceForStrategy() strategy 1, device 1
V/AudioPolicyManagerBase(   95): getDeviceForStrategy() strategy 2, device 2
V/AudioPolicyManagerBase(   95): getDeviceForStrategy() strategy 0, device 2
V/AudioPolicyManagerBase(   95): getDeviceForStrategy() strategy 3, device 2
V/AudioPolicyManagerBase(   95): getDeviceForStrategy() strategy 4, device 2
D/Audio_Control_CSC(   95): get_CS_ISO_Code country_code = CN
D/Audio_Control_CSC(   95): checkCSCAndSetSysProperty() mark property to audio.country when including SalesCodes
D/Audio_Control_CSC(   95): get_CS_ISO_Code country_code = CN
D/Audio_Control_CSC(   95): checkCSCAndSetSysProperty()_mCount = 3, mValue_salescode = CHM
D/Audio_Control_CSC(   95): checkCSCAndSetSysProperty()_gEPSalesCodes = SPR
D/Audio_Control_CSC(   95): checkCSCAndSetSysProperty()_gEPSalesCodes = VMU
D/Audio_Control_CSC(   95): checkCSCAndSetSysProperty()_gEPSalesCodes = BST
D/Audio_Control_CSC(   95): getCameraShutterOn()_mbIsShutterOn = 1
V/AudioPolicyManagerBase(   95): setSystemProperty() property ro.camera.sound.forced, value 1
V/AudioPolicyManagerBase(   95): ENFORCED_AUDIBLE cannot be muted
I/AudioPolicyService(   95): Loaded audio policy from Samsung SPRD audio policy HAL (audio_policy)
V/AudioPolicyService(   95): loadEffects() loading effect bassboost
V/AudioPolicyService(   95): loadEffects() loading effect virtualizer
V/AudioPolicyService(   95): loadEffects() loading effect equalizer
V/AudioPolicyService(   95): loadEffects() loading effect volume
V/AudioPolicyService(   95): loadEffects() loading effect reverb_env_aux
V/AudioPolicyService(   95): loadEffects() loading effect reverb_env_ins
V/AudioPolicyService(   95): loadEffects() loading effect reverb_pre_aux
V/AudioPolicyService(   95): loadEffects() loading effect reverb_pre_ins
V/AudioPolicyService(   95): loadEffects() loading effect visualizer
V/AudioPolicyService(   95): loadEffects() loading effect agc
V/AudioPolicyService(   95): loadEffects() loading effect aec
V/AudioPolicyService(   95): loadEffects() loading effect ns
D/MFSERIAL(  103): open mux0 device.
D/MFSERIAL(  103): open mux11 device.
D/dalvikvm(  196): Ignoring duplicate verify attempt on Ljava/lang/ref/Reference;
D/MFSERIAL(  103): Thread mux_reader_thread start: AT resp reader
D/MFSERIAL(  103): Thread mux_reader_thread start: Unsol resp reader
D/dalvikvm(  196): Ignoring duplicate verify attempt on Ljava/lang/ref/ReferenceQueue;
D/dalvikvm(  196): Ignoring duplicate verify attempt on Ljava/lang/Class;
D/dalvikvm(  196): Ignoring duplicate verify attempt on Ljava/lang/ref/FinalizerReference;
V/SamsungPowerSound(  189): powerSoundPlay [1]
E/SamsungPowerSound(  189): powersnd: sqlite3_open err=14
V/AudioPolicyManagerBase(   95): initStreamVolume() stream 1, min 0, max 7
V/AudioPolicyManagerBase(   95): setStreamVolumeIndex() stream 1, index 2
V/AudioPolicyManagerALSA(   95): setStreamVolume() for output 1 stream 1, volume 0.100000, delay 0
V/AudioPolicyService(   95): inserting command: 2 at index 0, num commands 0
V/AudioPolicyService(   95): AudioCommandThread() adding set volume stream 1, volume 0.100000, output 1
V/AudioPolicyService(   95): AudioCommandThread() waking up
V/AudioPolicyService(   95): AudioCommandThread() processing set volume stream 1,                             volume 0.100000, output 1
V/AudioPolicyService(   95): AudioCommandThread() going to sleep
V/SamsungPowerSound(  189): power sound system volume index [2]
V/MediaPlayer(  189): constructor
V/AudioFlinger(   95): registerClient() client 0xcdd470, pid 189
V/AudioFlinger(   95): sendConfigEvent() num events 1 event 0, param 0
V/AudioFlinger(   95): MixerThread 0xccb768 TID 214 waking up
W/AudioFlinger(   95): Thread AudioOut_1 cannot connect to the power manager service
V/AudioFlinger(   95): processConfigEvents() remaining events 1
V/AudioFlinger(   95): PlaybackThread::audioConfigChanged_l, thread 0xccb768, event 0, param 0
W/AudioHardwareALSA(   95): alsa CTS latency lowered to 9000 from 21768
V/AudioFlinger(   95): acquiring 2 from 189
V/AudioFlinger(   95):  added new entry for 2
E/SamsungPowerSound(  189): -------- SamsungPowerSoundObserver Constuctor ---------
E/SamsungPowerSound(  189): -------- SamsungPowerSoundPlayerListener Constuctor ---------
V/MediaPlayer(  189): setListener
V/SamsungPowerSound(  189): File path : system/media/audio/ui/PowerOn.ogg
V/MediaPlayerService(   95): Client(1) constructor
V/MediaPlayerService(   95): Create new client(1) from pid 189, uid 1013, 
V/MediaPlayerService(   95): player type = 3
V/MediaPlayerService(   95):  create StagefrightPlayer
E/SamsungPowerSound(  189): Enter SamsungPowerSoundObserver Thread
E/DataRouter(  107): After the usb select 
E/DataRouter(  107): read usb data[len:1]
E/DataRouter(  107): read usb data message:A
E/DataRouter(  107): Before the usb select 
D/connfw  (   90): [DR->CONNFW]Received data notification
D/connfw  (   90): NOT DEFINE
D/connfw  (   90): Message:A
E/DTT     (   88): [DR->DTT]Received data notification
E/DTT     (   88): NOT DEFINE
