E/DTT     (   88): Message:A
D/Kies    (   86): [DR->KIES]Received data notification
D/Kies    (   86): NOT DEFINE
D/Kies    (   86): Message:A
E/SMD     (   87): ***Received data notification[DR->SMD]***
E/SMD     (   87): Message:A
E/SMD     (   87): Sending data to SMD: Len = [1]
E/SMD     (   87):  buffer = [A]
E/DataRouter(  107): [socket:13]******* Received data notification *******
E/DataRouter(  107): [socket:15]******* Received data notification *******
E/DataRouter(  107): [socket:16]******* Received data notification *******
E/SMD     (   87): Wrote 1 chars to SMD PORT fd=11 ch = 41
E/DataRouter(  107): After the usb select 
E/DataRouter(  107): read usb data[len:1]
E/DataRouter(  107): read usb data message:T
E/DataRouter(  107): Before the usb select 
D/connfw  (   90): [DR->CONNFW]Received data notification
D/connfw  (   90): NOT DEFINE
D/connfw  (   90): Message:T
E/DTT     (   88): [DR->DTT]Received data notification
E/DTT     (   88): NOT DEFINE
E/DTT     (   88): Message:T
D/Kies    (   86): [DR->KIES]Received data notification
D/Kies    (   86): NOT DEFINE
D/Kies    (   86): Message:T
E/SMD     (   87): ***Received data notification[DR->SMD]***
E/SMD     (   87): Message:T
E/SMD     (   87): Sending data to SMD: Len = [1]
E/SMD     (   87):  buffer = [T]
E/DataRouter(  107): [socket:13]******* Received data notification *******
E/DataRouter(  107): [socket:15]******* Received data notification *******
E/DataRouter(  107): [socket:16]******* Received data notification *******
E/SMD     (   87): Wrote 1 chars to SMD PORT fd=11 ch = 54
E/DataRouter(  107): After the usb select 
E/DataRouter(  107): read usb data[len:1]
E/DataRouter(  107): read usb data message:
E/DataRouter(  107): Before the usb select 
D/connfw  (   90): [DR->CONNFW]Received data notification
D/connfw  (   90): NOT DEFINE
D/connfw  (   90): Message:
E/DTT     (   88): [DR->DTT]Received data notification
E/DTT     (   88): NOT DEFINE
E/DTT     (   88): Message:
D/Kies    (   86): [DR->KIES]Received data notification
D/Kies    (   86): NOT DEFINE
D/Kies    (   86): Message:
E/SMD     (   87): ***Received data notification[DR->SMD]***
E/SMD     (   87): Message:
E/SMD     (   87): Sending data to SMD: Len = [1]
E/SMD     (   87):  buffer = []
E/DataRouter(  107): [socket:13]******* Received data notification *******
E/DataRouter(  107): [socket:15]******* Received data notification *******
E/DataRouter(  107): [socket:16]******* Received data notification *******
E/SMD     (   87): After the Modem Read select 
E/SMD     (   87): Read 7 chars from SMD Modem file fd = 11
E/SMD     (   87):  Message: desterr
E/SMD     (   87): Before the Modem Read select 
E/DataRouter(  107): [socket:17]******* Received data notification *******
E/DataRouter(  107): [socket:17]read socket data[len:7]
E/DataRouter(  107): [socket:17]read socket data[message:desterr
E/SMD     (   87): Wrote 1 chars to SMD PORT fd=11 ch = d
V/AwesomePlayer(   95): setDefault
V/AwesomePlayer(   95): constructor
V/AwesomePlayer(   95): setDefault
I/AwesomePlayer(   95): reset
I/AwesomePlayer(   95): cancel player events
V/AwesomePlayer(   95): mAudioTrackVector clear
I/AwesomePlayer(   95): --mSystemTimeSourceForSync reset ok
V/AwesomePlayer(   95): setListener
V/AwesomePlayer(   95): AwesomePlayer running on behalf of uid 1013
V/AudioSink(   95): AudioOutput(2)
V/StagefrightPlayer(   95): setAudioSink
V/AwesomePlayer(   95): setAudioSink
V/MediaPlayerService(   95):  setDataSource
I/AwesomePlayer(   95): cancel player events
V/AwesomePlayer(   95): mAudioTrackVector clear
I/AwesomePlayer(   95): --mSystemTimeSourceForSync reset ok
V/AwesomePlayer(   95): setDataSource_l(URL suppressed)
V/MediaPlayer(  189): MediaPlayer::setAudioStreamType
V/MediaPlayer(  189): prepare
V/MediaPlayerService(   95): [1] setAudioStreamType(1)
V/MediaPlayerService(   95): [1] prepareAsync
V/StagefrightPlayer(   95): prepareAsync
V/AwesomePlayer(   95): prepareAsync
V/AwesomePlayer(   95): onPrepareAsyncEvent
I/MediaExtractor(   95): Autodetected media content as 'application/ogg' with confidence 0.20
V/AwesomePlayer(   95): track of type 'audio/vorbis' does not publish bitrate
V/AwesomePlayer(   95): mBitrate = -1 bits/sec
V/AwesomePlayer(   95): current audio track (0)
V/AwesomePlayer(   95): current audio track (0) is added to vector[0]
V/AwesomePlayer(   95): setDataSource_l: Audio(1), Video(0)
I/AwesomePlayer(   95): AwesomePlayer::setDataSource_l():: This is not a DRM content
I/AwesomePlayer(   95): initAudioDecoder start
V/AwesomePlayer(   95): notifyListner_l() msg (5-MEDIA_SET_VIDEO_SIZE), ext1 (0), ext2 (0)
V/MediaPlayerService(   95): [1] notify (0xce22f0, 5, 0, 0)
V/MediaPlayer(  189): message received msg=5, ext1=0, ext2=0
V/MediaPlayer(  189): New video size 0 x 0
V/MediaPlayer(  189): callback application
V/SamsungPowerSound(  189): msg=5, ext1=0, ext2=0
E/SamsungPowerSound(  189): Power sound play exception
V/MediaPlayer(  189): back from callback
V/AwesomePlayer(   95): notifyListner_l() msg (1-MEDIA_PREPARED), ext1 (0), ext2 (0)
V/MediaPlayerService(   95): [1] notify (0xce22f0, 1, 0, 0)
V/MediaPlayer(  189): message received msg=1, ext1=0, ext2=0
V/MediaPlayer(  189): prepared
V/MediaPlayer(  189): signal application thread
V/MediaPlayer(  189): callback application
V/SamsungPowerSound(  189): msg=1, ext1=0, ext2=0
V/SamsungPowerSound(  189): Power sound playback dummy event
V/MediaPlayer(  189): back from callback
V/MediaPlayer(  189): prepare complete - status=0
V/AudioPolicyManagerBase(   95): getParamFromPolicy  deviceInt = 1, situationInt = 8, situationVolume = 0.500000
E/SamsungPowerSound(  189): getSettingVolume [0.500000]
V/MediaPlayer(  189): MediaPlayer::setVolume(0.500000, 0.500000)
V/MediaPlayerService(   95): [1] setVolume(0.500000, 0.500000)
V/AudioSink(   95): setVolume(0.500000, 0.500000)
V/MediaPlayer(  189): getDuration
V/MediaPlayerService(   95): getDuration
V/StagefrightPlayer(   95): getDuration
V/AwesomePlayer(   95): getDuration (4825396)
V/MediaPlayerService(   95): [1] getDuration = 4825
V/SamsungPowerSound(  189): File duration : 4825
V/MediaPlayerService(   95): [1] setLooping(0)
V/StagefrightPlayer(   95): setLooping (0)
V/AwesomePlayer(   95): setLooping (0)
V/MediaPlayerService(   95): [1] setVolume(0.500000, 0.500000)
V/AudioSink(   95): setVolume(0.500000, 0.500000)
V/MediaPlayerService(   95): [1] setAuxEffectSendLevel(0.000000)
V/AudioSink(   95): setAuxEffectSendLevel(0.000000)
V/MediaPlayerService(   95): [1] start
V/StagefrightPlayer(   95): setLooping (0)
V/AwesomePlayer(   95): setLooping (0)
V/StagefrightPlayer(   95): start
V/AwesomePlayer(   95): play
I/AwesomePlayer(   95): AwesomePlayer::play_l():: this is not widevine!! 
I/AwesomePlayer(   95): AwesomePlayer::play_l():: This is not a DRM content
V/AudioSink(   95): open(44100, 2, 1, 4, 2)
V/AudioPolicyService(   95): getOutput() tid 222
V/audio_policy_sprd(   95): audio_io_handle_t android::ap_get_output(audio_policy*, audio_stream_type_t, uint32_t, uint32_t, uint32_t, audio_policy_output_flags_t): tid 222
V/AudioPolicyManagerBase(   95): getDeviceForStrategy() from cache strategy 0, device 2
V/AudioPolicyManagerBase(   95): getOutput() stream 1, samplingRate 0, format 0, channels 3, flags 0
D/AudioPolicyManagerBase(   95): AudioPolicyManager::getOutput tmsDevice 0 device 2
V/AudioPolicyManagerBase(   95): getOutput() using hw output 1 devices 2
V/AudioSink(   95): Creating AudioTrack for Reverb - 0
V/AudioFlinger(   95): createTrack() sessionId: 2
V/AudioFlinger(   95): createTrack() lSessionId: 2
V/AudioFlinger(   95): Track constructor name 4096, calling thread 189
V/AudioFlinger(   95): acquiring 2 from 189
V/AudioFlinger(   95):  incremented refcount to 2
V/AudioSink(   95): setVolume
V/AudioSink(   95): start
V/AudioFlinger(   95): start(4096), calling thread 189 session 2
V/AudioFlinger(   95): ? => ACTIVE (4096) on thread 0xcf69b0
V/AudioPolicyService(   95): startOutput() tid 222
V/AudioPolicyManagerBase(   95): startOutput() output 1, stream 1, session 2
V/AudioPolicyManagerBase(   95): getDeviceForStrategy() from cache strategy 0, device 2
V/AudioPolicyManagerBase(   95): changeRefCount() stream 1, count 1
V/AudioPolicyManagerBase(   95): getDeviceForStrategy() from cache strategy 0, device 2
V/AudioPolicyManagerBase(   95): getNewDevice() selected device 2
V/AudioPolicyManagerALSA(   95): AudioPolicyManagerBase::setOutputDevice() output 1 device 2 delayMs 0
V/AudioPolicyManagerALSA(   95): setOutputDevice() setting same device 2 or null device for output 1
D/AudioPolicyManagerALSA(   95): startOutput() output=1, stream=1, session=2, phoneState=0
E/AudioFlinger(   95): addTrack_l streamType (2)
E/AudioFlinger(   95): addTrack_l streamType (0, 1) for mStreamTypes[stream].volume[0.100000]
D/AudioHardwareALSA(   95): ALSAStreamOps::setParameters() start_output_streamtype=1;start_output_streamvol=2
E/AudioHardwareALSA(   95): organ_volIndex=2
E/AudioHardwareALSA(   95): organ_streamIndex=1
E/AudioHardwareALSA(   95): setOrgan() 1,OnOff[1],volume[2]
W/ALSAModule(   95): audio_tune_hw4app_register tat=[12] volume_type=[0] volume_level=[2]
W/ALSAModule(   95): audio_tune_hw4app_policy bitmap=0x00001000 is 12
W/ALSAModule(   95): audio_tune_hw4app_write2hardware can't locate the right mFactoryRouteRCVMode [0]
W/ALSAModule(   95): audio_tune_hw4app_write2hardware will apply [12,music] vol_type0, vol_level2, eq_type0, device_mode3 to audio hardware
E/AudioHardwareALSA(   95): setOrgan=1
V/AudioFlinger(   95): mWaitWorkCV.broadcast
I/AudioMixer(   95): setParameter(TRACK, FORMAT, 1)
W/AudioHardwareALSA(   95): alsa-phone ringtone special process, speaker to 1 now [data 3840 bytes]
D/dalvikvm(  196): DexOpt: load 170ms, verify+opt 3544ms
D/dalvikvm(   93): DexOpt: --- END 'core.jar' (success) ---
D/dalvikvm(   93): DEX prep '/system/framework/core.jar': unzip in 660ms, rewrite 5495ms
D/dalvikvm(   93): DexOpt: --- BEGIN 'core-junit.jar' (bootstrap=1) ---
D/dalvikvm(  230): DexOpt: load 7ms, verify+opt 12ms
D/dalvikvm(   93): DexOpt: --- END 'core-junit.jar' (success) ---
D/dalvikvm(   93): DEX prep '/system/framework/core-junit.jar': unzip in 1ms, rewrite 123ms
D/dalvikvm(   93): DexOpt: --- BEGIN 'bouncycastle.jar' (bootstrap=1) ---
E/DataRouter(  107): write [7] bytes of data to USB fd[14]
E/DataRouter(  107): [socket:17]dr_usb_write
D/dalvikvm(  231): DexOpt: load 39ms, verify+opt 930ms
D/dalvikvm(   93): DexOpt: --- END 'bouncycastle.jar' (success) ---
D/dalvikvm(   93): DEX prep '/system/framework/bouncycastle.jar': unzip in 96ms, rewrite 1321ms
D/dalvikvm(   93): DexOpt: --- BEGIN 'ext.jar' (bootstrap=1) ---
E/DataRouter(  107): After the usb select 
E/DataRouter(  107): read usb data[len:5]
E/DataRouter(  107): read usb data message:~
E/DataRouter(  107): Before the usb select 
E/SMD     (   87): ***Received data notification[DR->SMD]***
E/SMD     (   87): Path set is DATA_PATH_DR_SMD_MANAGER
E/SamsungPowerSound(  189): -------- SamsungPowerSoundPlayer Destructor ---------
D/dalvikvm(  232): DexOpt: load 108ms, verify+opt 1329ms
D/dalvikvm(   93): DexOpt: --- END 'ext.jar' (success) ---
D/dalvikvm(   93): DEX prep '/system/framework/ext.jar': unzip in 121ms, rewrite 1813ms
E/OMXCodec(   95): [OMX.google.vorbis.decoder] err = -1011
V/AwesomePlayer(   95): MEDIA_PLAYBACK_COMPLETE
V/AwesomePlayer(   95): notifyListner_l() msg (2-MEDIA_PLAYBACK_COMPLETE), ext1 (0), ext2 (0)
V/MediaPlayerService(   95): [1] notify (0xce22f0, 2, 0, 0)
V/MediaPlayer(  189): message received msg=2, ext1=0, ext2=0
V/MediaPlayer(  189): playback complete
V/MediaPlayer(  189): callback application
V/SamsungPowerSound(  189): msg=2, ext1=0, ext2=0
E/SamsungPowerSound(  189): Power sound playback complete
E/SamsungPowerSound(  189): -------- SamsungPowerSoundObserver : requestExit ---------
E/SamsungPowerSound(  189): -------- SamsungPowerSoundObserver Destructor ---------
V/MediaPlayer(  189): disconnect
V/MediaPlayerService(   95): disconnect(1) from pid 189
V/StagefrightPlayer(   95): reset
V/AudioSink(   95): stop
V/AudioFlinger(   95): stop(4096), calling thread 95
V/AudioFlinger(   95): (> STOPPED) => STOPPED (4096) on thread 0xccb768
V/AudioPolicyService(   95): stopOutput() tid 225
D/AudioPolicyManagerALSA(   95): stopOutput() output=1, stream=1, sesssion=2
V/AudioPolicyManagerBase(   95): stopOutput() output 1, stream 1, session 2
V/AudioPolicyManagerBase(   95): changeRefCount() stream 1, count 0
V/AudioPolicyManagerBase(   95): getNewDevice() selected device 0
V/AudioPolicyManagerALSA(   95): AudioPolicyManagerBase::setOutputDevice() output 1 device 0 delayMs 18
V/AudioPolicyManagerALSA(   95): setOutputDevice() setting same device 0 or null device for output 1
I/AwesomePlayer(   95): reset
I/AwesomePlayer(   95): cancel player events
V/AwesomePlayer(   95): mAudioTrackVector clear
V/AudioSink(   95): stop
I/AudioSink(   95): +++ close
V/AudioPolicyService(   95): releaseOutput() tid 95
V/AudioPolicyManagerBase(   95): releaseOutput() 1
V/AudioFlinger(   95): releasing 2 from 189
V/AudioFlinger(   95):  decremented refcount to 1
I/AudioSink(   95): --- close
I/OMXCodec(   95): [OMX.google.vorbis.decoder] stop() sendCommand(0x1, OMX_CommandStateSet, OMX_StateIdle)
I/OMXCodec(   95): [OMX.google.vorbis.decoder] stopped in state 1
I/AwesomePlayer(   95): --mSystemTimeSourceForSync reset ok
V/StagefrightPlayer(   95): ~StagefrightPlayer
V/StagefrightPlayer(   95): reset
I/AwesomePlayer(   95): reset
I/AwesomePlayer(   95): cancel player events
V/AwesomePlayer(   95): mAudioTrackVector clear
I/AwesomePlayer(   95): --mSystemTimeSourceForSync reset ok
V/AwesomePlayer(   95): destructor
I/AwesomePlayer(   95): reset
I/AwesomePlayer(   95): cancel player events
V/AwesomePlayer(   95): mAudioTrackVector clear
I/AwesomePlayer(   95): --mSystemTimeSourceForSync reset ok
V/AwesomePlayer(   95): ~AwesomePlayer()
E/SamsungPowerSound(  189): Power sound playback complete, set bootsnd property to 0
V/MediaPlayer(  189): back from callback
V/MediaPlayer(  189): destructor
V/AudioFlinger(   95): releasing 2 from 189
V/AudioFlinger(   95):  decremented refcount to 0
V/AudioFlinger(   95): purging stale effects
V/MediaPlayer(  189): disconnect
E/SamsungPowerSound(  189): -------- SamsungPowerSoundPlayerListener Destructor ---------
V/MediaPlayerService(   95): Client(1) destructor pid = 189
I/AudioSink(   95): +++ close
I/AudioSink(   95): --- close
V/MediaPlayerService(   95): disconnect(1) from pid 189
V/AudioFlinger(   95): remove track (4096) and delete from mixer
V/AudioFlinger(   95): PlaybackThread::Track destructor
V/AudioFlinger(   95): removeClient_l() pid 95, tid 214, calling tid 95
E/DataRouter(  107): After the usb select 
E/DataRouter(  107): read usb data[len:5]
E/DataRouter(  107): read usb data message:~
E/DataRouter(  107): Before the usb select 
E/SMD     (   87): ***Received data notification[DR->SMD]***
E/SMD     (   87): Path set is DATA_PATH_DR_SMD_MANAGER
D/PHONESERVER(  143): async_symlink finished /dev/pts/0 /dev/CHNPTY0
D/PHONESERVER(  143): chnmng_find_buffer!
D/PHONESERVER(  143): CHNMNG:to open /dev/ptmx !
D/PHONESERVER(  143): CHNMNG:/dev/ptmx opened!
D/PHONESERVER(  143): CHNMNG:/dev/ptmx opened rett=0 ptn=3!
D/PHONESERVER(  143): CHNMNG get pty OK mpty=39!
D/PHONESERVER(  143): async_symlink /dev/pts/3 /dev/CHNPTY1
D/dalvikvm(   93): DexOpt: --- BEGIN 'framework.jar' (bootstrap=1) ---
D/PHONESERVER(  143): async_symlink finished /dev/pts/3 /dev/CHNPTY1
D/PHONESERVER(  143): chnmng_find_buffer!
D/PHONESERVER(  143): CHNMNG:to open /dev/ptmx !
D/PHONESERVER(  143): CHNMNG:/dev/ptmx opened!
D/PHONESERVER(  143): CHNMNG:/dev/ptmx opened rett=0 ptn=4!
D/PHONESERVER(  143): CHNMNG get pty OK mpty=41!
D/PHONESERVER(  143): async_symlink /dev/pts/4 /dev/CHNPTY2
D/PHONESERVER(  143): async_symlink finished /dev/pts/4 /dev/CHNPTY2
D/PHONESERVER(  143): chnmng_find_buffer!
D/PHONESERVER(  143): CHNMNG:to open /dev/ptmx !
D/PHONESERVER(  143): CHNMNG:/dev/ptmx opened!
D/PHONESERVER(  143): CHNMNG:/dev/ptmx opened rett=0 ptn=5!
D/PHONESERVER(  143): CHNMNG get pty OK mpty=43!
D/PHONESERVER(  143): async_symlink /dev/pts/5 /dev/CHNPTY3
V/AudioFlinger(   95): Audio hardware entering standby, mixer 0xccb768, mSuspended 0
D/LVVE_Engine(   95): LVVEFS_Rx_Command LVVEFS_COMMAND_RESET returns success
W/AudioHardwareALSA(   95): AudioStreamOutALSA::standby snd_pcm_drain start ...
W/AudioHardwareALSA(   95): AudioStreamOutALSA::standby snd_pcm_drain finish ...
V/AudioFlinger(   95): MixerThread 0xccb768 TID 214 going to sleep
D/dalvikvm(  240): Note: class Landroid/opengl/GLWrapperBase; has 250 unimplemented (abstract) methods
D/PHONESERVER(  143): async_symlink finished /dev/pts/5 /dev/CHNPTY3
D/PHONESERVER(  143): chnmng_find_buffer!
D/PHONESERVER(  143): CHNMNG:to open /dev/ptmx !
D/PHONESERVER(  143): CHNMNG:/dev/ptmx opened!
D/PHONESERVER(  143): CHNMNG:/dev/ptmx opened rett=0 ptn=6!
D/PHONESERVER(  143): CHNMNG get pty OK mpty=45!
D/PHONESERVER(  143): async_symlink /dev/pts/6 /dev/CHNPTY12
I/SurfaceFlinger(   92): id=1 Removed <pid_187? idx=0 Map Size=0
I/SurfaceFlinger(   92): id=1 Removed <pid_187? idx=-2 Map Size=0
D/PHONESERVER(  143): async_symlink finished /dev/pts/6 /dev/CHNPTY12
D/PHONESERVER(  143): chnmng_find_buffer!
D/PHONESERVER(  143): CHNMNG:to open /dev/ptmx !
D/PHONESERVER(  143): CHNMNG:/dev/ptmx opened!
D/PHONESERVER(  143): CHNMNG:/dev/ptmx opened rett=0 ptn=7!
D/PHONESERVER(  143): CHNMNG get pty OK mpty=47!
D/PHONESERVER(  143): async_symlink /dev/pts/7 /dev/CHNPTY13
D/PHONESERVER(  143): async_symlink finished /dev/pts/7 /dev/CHNPTY13
D/PHONESERVER(  143): chnmng_find_buffer!
D/PHONESERVER(  143): chnmng_mux thread: policy=0!
D/PHONESERVER(  143): chnmng_mux thread: policy=0!
D/PHONESERVER(  143): chnmng_mux thread: policy=0!
D/PHONESERVER(  143): chnmng_mux thread: policy=0!
D/PHONESERVER(  143): chnmng_mux thread: policy=0!
D/PHONESERVER(  143): chnmng_mux thread: policy=0!
D/PHONESERVER(  143): chnmng_mux thread: policy=0!
D/PHONESERVER(  143): chnmng_mux thread: policy=0!
D/PHONESERVER(  143): chnmng_mux thread: policy=0!
D/PHONESERVER(  143): chnmng_mux thread: policy=0!
D/PHONESERVER(  143): chnmng_pty thread: policy=0!
D/PHONESERVER(  143): chnmng_pty thread: policy=0!
D/PHONESERVER(  143): chnmng_pty thread: policy=0!
D/PHONESERVER(  143): chnmng_pty thread: policy=0!
D/PHONESERVER(  143): chnmng_pty thread: policy=0!
D/PHONESERVER(  143): chnmng_pty thread: policy=0!
D/PHONESERVER(  143): Receive thread's TID [274] CHMNG: enter receive data thread :mux=/dev/ts0710mux10
D/PHONESERVER(  143): Receive thread's TID [274] MUX :/dev/ts0710mux10 Waiting for resp  
D/PHONESERVER(  143): Send thread's TID [279] enter send data thread :pty=/dev/CHNPTY12
D/PHONESERVER(  143): Send thread's TID [276] enter send data thread :pty=/dev/CHNPTY1
D/PHONESERVER(  143): Send thread's TID [275] enter send data thread :pty=/dev/CHNPTY0
D/PHONESERVER(  143): Send thread's TID [277] enter send data thread :pty=/dev/CHNPTY2
D/PHONESERVER(  143): Send thread's TID [278] enter send data thread :pty=/dev/CHNPTY3
D/PHONESERVER(  143): Receive thread's TID [273] CHMNG: enter receive data thread :mux=/dev/ts0710mux9
D/PHONESERVER(  143): Send thread's TID [280] enter send data thread :pty=/dev/CHNPTY13
D/PHONESERVER(  143): Receive thread's TID [273] MUX :/dev/ts0710mux9 Waiting for resp  
D/PHONESERVER(  143): Receive thread's TID [272] CHMNG: enter receive data thread :mux=/dev/ts0710mux8
D/PHONESERVER(  143): Receive thread's TID [272] MUX :/dev/ts0710mux8 Waiting for resp  
D/PHONESERVER(  143): Receive thread's TID [271] CHMNG: enter receive data thread :mux=/dev/ts0710mux7
D/PHONESERVER(  143): Receive thread's TID [271] MUX :/dev/ts0710mux7 Waiting for resp  
D/PHONESERVER(  143): Receive thread's TID [270] CHMNG: enter receive data thread :mux=/dev/ts0710mux6
D/PHONESERVER(  143): Receive thread's TID [270] MUX :/dev/ts0710mux6 Waiting for resp  
D/PHONESERVER(  143): Receive thread's TID [269] CHMNG: enter receive data thread :mux=/dev/ts0710mux5
D/PHONESERVER(  143): Receive thread's TID [269] MUX :/dev/ts0710mux5 Waiting for resp  
D/PHONESERVER(  143): Receive thread's TID [268] CHMNG: enter receive data thread :mux=/dev/ts0710mux4
D/PHONESERVER(  143): Receive thread's TID [268] MUX :/dev/ts0710mux4 Waiting for resp  
D/PHONESERVER(  143): Receive thread's TID [267] CHMNG: enter receive data thread :mux=/dev/ts0710mux3
D/PHONESERVER(  143): Receive thread's TID [267] MUX :/dev/ts0710mux3 Waiting for resp  
D/PHONESERVER(  143): Receive thread's TID [266] CHMNG: enter receive data thread :mux=/dev/ts0710mux2
D/PHONESERVER(  143): Receive thread's TID [266] MUX :/dev/ts0710mux2 Waiting for resp  
D/PHONESERVER(  143): Receive thread's TID [265] CHMNG: enter receive data thread :mux=/dev/ts0710mux1
D/PHONESERVER(  143): Receive thread's TID [265] MUX :/dev/ts0710mux1 Waiting for resp  
D/dalvikvm(  240): DexOpt: couldn't find static field Landroid/view/VolumePanel;.mIsLoadSoundPool
D/SPRDENG (  148): eng_mcinit: open /dev/CHNPTY13 OK
I/dalvikvm(  240): DexOpt: illegal method access (call Landroid/widget/TextView;.hideControllers ()V from Landroid/inputmethodservice/ExtractEditText;)
D/dalvikvm(  240): GC_FOR_ALLOC freed 2K, 1% free 2048K/2051K, paused 7ms
I/dalvikvm(  240): DexOpt: access denied from Lcom/baidu/internal/telephony/BaiduSipPhoneFactory; to field Lcom/android/internal/telephony/PhoneFactory;.sContext
D/dalvikvm(  240): DexOpt: load 830ms, verify+opt 5292ms
D/dalvikvm(   93): DexOpt: --- END 'framework.jar' (success) ---
D/dalvikvm(   93): DEX prep '/system/framework/framework.jar': unzip in 2113ms, rewrite 9036ms
D/dalvikvm(   93): DexOpt: --- BEGIN 'framework2.jar' (bootstrap=1) ---
D/dalvikvm(  288): DexOpt: 'Landroid/widget/Switch;' has an earlier definition; blocking out
D/dalvikvm(  288): DexOpt: 'Landroid/widget/StackView$StackSlider;' has an earlier definition; blocking out
D/dalvikvm(  288): DexOpt: 'Landroid/widget/StackView$StackFrame;' has an earlier definition; blocking out
D/dalvikvm(  288): DexOpt: 'Landroid/widget/StackView;' has an earlier definition; blocking out
D/dalvikvm(  288): DexOpt: 'Landroid/widget/TextSwitcher;' has an earlier definition; blocking out
I/dalvikvm(  288): DexOpt: not resolving ambiguous class 'Landroid/widget/Switch;'
D/dalvikvm(  288): DexOpt: not verifying/optimizing 'Landroid/widget/Switch;': multiple definitions
D/dalvikvm(  288): DexOpt: not verifying/optimizing 'Landroid/widget/StackView$StackSlider;': multiple definitions
D/dalvikvm(  288): DexOpt: not verifying/optimizing 'Landroid/widget/StackView$StackFrame;': multiple definitions
D/dalvikvm(  288): DexOpt: not verifying/optimizing 'Landroid/widget/StackView;': multiple definitions
D/dalvikvm(  288): DexOpt: not verifying/optimizing 'Landroid/widget/TextSwitcher;': multiple definitions
I/dalvikvm(  288): DexOpt: not resolving ambiguous class 'Landroid/widget/StackView;'
D/dalvikvm(  288): DexOpt: load 175ms, verify+opt 1063ms
D/dalvikvm(   93): DexOpt: --- END 'framework2.jar' (success) ---
D/dalvikvm(   93): DEX prep '/system/framework/framework2.jar': unzip in 95ms, rewrite 2249ms
D/dalvikvm(   93): DexOpt: --- BEGIN 'framework-yi.jar' (bootstrap=1) ---
D/dalvikvm(  291): DexOpt: load 86ms, verify+opt 240ms
D/dalvikvm(   93): DexOpt: --- END 'framework-yi.jar' (success) ---
D/dalvikvm(   93): DEX prep '/system/framework/framework-yi.jar': unzip in 26ms, rewrite 588ms
D/dalvikvm(   93): DexOpt: --- BEGIN 'android.policy.jar' (bootstrap=1) ---
D/dalvikvm(  292): DexOpt: 'Landroid/net/BaiduConnectivityManager;' has an earlier definition; blocking out
D/dalvikvm(  292): DexOpt: 'Landroid/telephony/BaiduTelephonyUtils$DSDSBaseColumns;' has an earlier definition; blocking out
D/dalvikvm(  292): DexOpt: 'Landroid/telephony/BaiduTelephonyUtils$Sms;' has an earlier definition; blocking out
D/dalvikvm(  292): DexOpt: 'Landroid/telephony/BaiduTelephonyUtils$SIMInfo;' has an earlier definition; blocking out
D/dalvikvm(  292): DexOpt: 'Landroid/telephony/BaiduTelephonyUtils$CallLog;' has an earlier definition; blocking out
D/dalvikvm(  292): DexOpt: 'Landroid/telephony/BaiduIccPhonebookManager$PhoneBookFeatures;' has an earlier definition; blocking out
D/dalvikvm(  292): DexOpt: 'Landroid/telephony/BaiduTelephonyManager;' has an earlier definition; blocking out
D/dalvikvm(  292): DexOpt: 'Landroid/telephony/BaiduTelephonyUtils$Mms;' has an earlier definition; blocking out
D/dalvikvm(  292): DexOpt: 'Landroid/telephony/BaiduSmsManager;' has an earlier definition; blocking out
D/dalvikvm(  292): DexOpt: 'Landroid/telephony/BaiduTelephonyUtils$SimInfo;' has an earlier definition; blocking out
D/dalvikvm(  292): DexOpt: 'Landroid/telephony/BaiduTelephonyUtils$SIMInfo$ErrorCode;' has an earlier definition; blocking out
D/dalvikvm(  292): DexOpt: 'Landroid/telephony/BaiduSubManager;' has an earlier definition; blocking out
D/dalvikvm(  292): DexOpt: 'Landroid/telephony/BaiduTelephonyUtils$Contacts;' has an earlier definition; blocking out
D/dalvikvm(  292): DexOpt: 'Landroid/telephony/BaiduTelephonyUtils;' has an earlier definition; blocking out
D/dalvikvm(  292): DexOpt: 'Landroid/telephony/BaiduTelephonyUtils$PendingMessages;' has an earlier definition; blocking out
D/dalvikvm(  292): DexOpt: 'Landroid/telephony/BaiduTelephonyExtend;' has an earlier definition; blocking out
D/dalvikvm(  292): DexOpt: 'Landroid/telephony/BaiduIccPhonebookManager;' has an earlier definition; blocking out
D/dalvikvm(  292): DexOpt: 'Lcom/yi/internal/widget/LockScreenVoicePrintCallback;' has an earlier definition; blocking out
D/dalvikvm(  292): DexOpt: 'Lcom/yi/internal/R$integer;' has an earlier definition; blocking out
D/dalvikvm(  292): DexOpt: 'Lcom/yi/internal/R;' has an earlier definition; blocking out
D/dalvikvm(  292): DexOpt: 'Lcom/yi/internal/R$layout;' has an earlier definition; blocking out
D/dalvikvm(  292): DexOpt: 'Lcom/yi/internal/R$anim;' has an earlier definition; blocking out
D/dalvikvm(  292): DexOpt: 'Lcom/yi/internal/R$style;' has an earlier definition; blocking out
D/dalvikvm(  292): DexOpt: 'Lcom/yi/internal/R$id;' has an earlier definition; blocking out
D/dalvikvm(  292): DexOpt: 'Lcom/yi/internal/R$drawable;' has an earlier definition; blocking out
D/dalvikvm(  292): DexOpt: 'Lcom/yi/internal/R$string;' has an earlier definition; blocking out
D/dalvikvm(  292): DexOpt: 'Lcom/yi/internal/R$array;' has an earlier definition; blocking out
D/dalvikvm(  292): DexOpt: 'Lcom/yi/internal/R$attr;' has an earlier definition; blocking out
D/dalvikvm(  292): DexOpt: 'Lcom/yi/internal/R$styleable;' has an earlier definition; blocking out
D/dalvikvm(  292): DexOpt: 'Lcom/yi/internal/R$color;' has an earlier definition; blocking out
D/dalvikvm(  292): DexOpt: 'Lcom/yi/internal/R$dimen;' has an earlier definition; blocking out
D/dalvikvm(  292): DexOpt: 'Lcom/yi/internal/media/AudioFadeController$OnFadeCompleteListener;' has an earlier definition; blocking out
D/dalvikvm(  292): DexOpt: 'Lcom/yi/internal/media/AudioFadeController$1;' has an earlier definition; blocking out
D/dalvikvm(  292): DexOpt: 'Lcom/yi/internal/media/AudioFadeController;' has an earlier definition; blocking out
D/dalvikvm(  292): DexOpt: 'Lcom/yi/internal/view/menu/ListMenuPresenter$MenuAdapter;' has an earlier definition; blocking out
D/dalvikvm(  292): DexOpt: 'Lcom/yi/internal/view/menu/ActionMenuPresenter$1;' has an earlier definition; blocking out
D/dalvikvm(  292): DexOpt: 'Lcom/yi/internal/view/menu/MenuBuilder$Callback;' has an earlier definition; blocking out
D/dalvikvm(  292): DexOpt: 'Lyi/support/v1/utils/Animatable$Current;' has an earlier definition; blocking out
D/dalvikvm(  292): DexOpt: 'Lyi/support/v1/utils/Animatable$Alpha;' has an earlier definition; blocking out
D/dalvikvm(  292): DexOpt: 'Lcom/yi/internal/view/menu/ActionMenuView$2;' has an earlier definition; blocking out
D/dalvikvm(  292): DexOpt: 'Lcom/yi/internal/view/menu/MenuPresenter;' has an earlier definition; blocking out
D/dalvikvm(  292): DexOpt: 'Lcom/yi/internal/view/menu/ActionMenuPresenter;' has an earlier definition; blocking out
D/dalvikvm(  292): DexOpt: 'Lcom/yi/internal/view/menu/MenuPresenter$Callback;' has an earlier definition; blocking out
D/dalvikvm(  292): DexOpt: 'Lcom/yi/internal/view/menu/HybridMenuInflater;' has an earlier definition; blocking out
D/dalvikvm(  292): DexOpt: 'Lcom/yi/internal/view/menu/MenuBuilder$ItemInvoker;' has an earlier definition; blocking out
D/dalvikvm(  292): DexOpt: 'Lcom/yi/internal/view/menu/MenuView;' has an earlier definition; blocking out
D/dalvikvm(  292): DexOpt: 'Lcom/yi/internal/view/menu/ExpandedMenuView;' has an earlier definition; blocking out
D/dalvikvm(  292): DexOpt: 'Lcom/yi/internal/view/menu/MenuView$ItemView;' has an earlier definition; blocking out
D/dalvikvm(  292): DexOpt: 'Lcom/yi/internal/view/menu/HybridMenuInflater$MenuState;' has an earlier definition; blocking out
D/dalvikvm(  292): DexOpt: 'Lcom/yi/internal/view/menu/ListMenuPresenter;' has an earlier definition; blocking out
D/dalvikvm(  292): DexOpt: 'Lcom/yi/internal/view/menu/ActionMenuView$Motion;' has an earlier definition; blocking out
D/dalvikvm(  292): DexOpt: 'Lcom/yi/internal/view/menu/ActionMenuView;' has an earlier definition; blocking out
D/dalvikvm(  292): DexOpt: 'Lcom/yi/internal/view/menu/HybridMenuInflater$InflatedOnMenuItemClickListener;' has an earlier definition; blocking out
D/dalvikvm(  292): DexOpt: 'Lcom/yi/internal/view/menu/MenuDialogHelper;' has an earlier definition; blocking out
D/dalvikvm(  292): DexOpt: 'Lcom/yi/internal/view/menu/ListMenuItemView;' has an earlier definition; blocking out
D/dalvikvm(  292): DexOpt: 'Lcom/yi/internal/view/menu/MenuBuilder;' has an earlier definition; blocking out
D/dalvikvm(  292): DexOpt: 'Lcom/yi/internal/view/menu/SubMenuBuilder;' has an earlier definition; blocking out
D/dalvikvm(  292): DexOpt: 'Lcom/yi/internal/view/menu/ActionMenuItemView;' has an earlier definition; blocking out
D/dalvikvm(  292): DexOpt: 'Lcom/yi/internal/view/menu/MenuItemImpl;' has an earlier definition; blocking out
D/dalvikvm(  292): DexOpt: 'Lcom/yi/internal/view/menu/ActionMenuView$1;' has an earlier definition; blocking out
D/dalvikvm(  292): DexOpt: 'Lcom/yi/internal/view/menu/ActionMenuView$3;' has an earlier definition; blocking out
D/dalvikvm(  292): DexOpt: 'Lcom/yi/internal/widget/GifFrame;' has an earlier definition; blocking out
D/dalvikvm(  292): DexOpt: 'Lcom/yi/internal/widget/VoiceprintUnlockView$VoiceHandler;' has an earlier definition; blocking out
D/dalvikvm(  292): DexOpt: 'Lcom/yi/internal/widget/VoiceprintUnlockView$4;' has an earlier definition; blocking out
D/dalvikvm(  292): DexOpt: 'Lcom/yi/internal/widget/VoiceprintUnlockView$VoiceState;' has an earlier definition; blocking out
D/dalvikvm(  292): DexOpt: 'Lcom/yi/internal/widget/VoiceprintUnlockView$Recognizing;' has an earlier definition; blocking out
D/dalvikvm(  292): DexOpt: 'Lcom/yi/internal/widget/GifImageView$2;' has an earlier definition; blocking out
D/dalvikvm(  292): DexOpt: 'Lcom/yi/internal/widget/GifImageView$GifImageType;' has an earlier definition; blocking out
D/dalvikvm(  292): DexOpt: 'Lcom/yi/internal/widget/VoiceprintUnlockView$Start;' has an earlier definition; blocking out
D/dalvikvm(  292): DexOpt: 'Lcom/yi/internal/widget/GifImageView$DrawThread;' has an earlier definition; blocking out
D/dalvikvm(  292): DexOpt: 'Lcom/yi/internal/widget/GifAction;' has an earlier definition; blocking out
D/dalvikvm(  292): DexOpt: 'Lcom/baidu/voiceprint/VoiceprintHandler$StateListener;' has an earlier definition; blocking out
D/dalvikvm(  292): DexOpt: 'Lcom/yi/internal/widget/VoiceprintUnlockView$RecorderListener;' has an earlier definition; blocking out
D/dalvikvm(  292): DexOpt: 'Lcom/yi/internal/widget/GifImageView;' has an earlier definition; blocking out
D/dalvikvm(  292): DexOpt: 'Lcom/yi/internal/widget/VoiceprintUnlockView$6;' has an earlier definition; blocking out
D/dalvikvm(  292): DexOpt: 'Lcom/yi/internal/widget/VoiceprintUnlockView$Recording;' has an earlier definition; blocking out
D/dalvikvm(  292): DexOpt: 'Lcom/yi/internal/widget/VoiceprintUnlockView$RecognizingSuccess;' has an earlier definition; blocking out
D/dalvikvm(  292): DexOpt: 'Lcom/yi/internal/widget/VoiceprintUnlockView$5;' has an earlier definition; blocking out
D/dalvikvm(  292): DexOpt: 'Lcom/yi/internal/widget/VoiceprintUnlockView$3;' has an earlier definition; blocking out
D/dalvikvm(  292): DexOpt: 'Lcom/yi/internal/widget/VoiceprintUnlockView$Exiting;' has an earlier definition; blocking out
D/dalvikvm(  292): DexOpt: 'Lcom/yi/internal/widget/GifImageView$1;' has an earlier definition; blocking out
D/dalvikvm(  292): DexOpt: 'Lcom/yi/internal/widget/VoiceprintUnlockView$2;' has an earlier definition; blocking out
D/dalvikvm(  292): DexOpt: 'Lcom/yi/internal/widget/LockScreenVoicePrintInterface;' has an earlier definition; blocking out
D/dalvikvm(  292): DexOpt: 'Lcom/yi/internal/widget/VoiceprintUnlockView;' has an earlier definition; blocking out
D/dalvikvm(  292): DexOpt: 'Lcom/yi/internal/widget/VoiceprintUnlockView$RecognizingError;' has an earlier definition; blocking out
D/dalvikvm(  292): DexOpt: 'Lcom/yi/internal/widget/VoiceprintUnlockView$Tone;' has an earlier definition; blocking out
D/dalvikvm(  292): DexOpt: 'Lcom/yi/internal/widget/VoiceprintUnlockView$1;' has an earlier definition; blocking out
D/dalvikvm(  292): DexOpt: 'Lcom/yi/internal/widget/GifDecoder;' has an earlier definition; blocking out
D/dalvikvm(  292): DexOpt: 'Lcom/yi/internal/app/RingtonePickerSystemActivity$3;' has an earlier definition; blocking out
D/dalvikvm(  292): DexOpt: 'Lcom/yi/internal/app/RingtonePickerSystemActivity$2;' has an earlier definition; blocking out
D/dalvikvm(  292): DexOpt: 'Lcom/yi/internal/app/RingtonePickerCustomActivity$1;' has an earlier definition; blocking out
D/dalvikvm(  292): DexOpt: 'Lcom/yi/internal/app/RingtonePickerCustomActivity;' has an earlier definition; blocking out
D/dalvikvm(  292): DexOpt: 'Lcom/yi/internal/app/RingtonePickerSystemActivity;' has an earlier definition; blocking out
D/dalvikvm(  292): DexOpt: 'Lcom/yi/internal/app/RingtonePickerCustomActivity$2;' has an earlier definition; blocking out
D/dalvikvm(  292): DexOpt: 'Lcom/yi/internal/app/RingtonePickerSystemActivity$1;' has an earlier definition; blocking out
D/dalvikvm(  292): DexOpt: 'Lcom/baidu/voiceprint/SpeakerRec;' has an earlier definition; blocking out
D/dalvikvm(  292): DexOpt: 'Lcom/baidu/voiceprint/VoiceprintHandler$RecordingTask;' has an earlier definition; blocking out
D/dalvikvm(  292): DexOpt: 'Lcom/baidu/voiceprint/VoiceprintHandler;' has an earlier definition; blocking out
D/dalvikvm(  292): DexOpt: 'Lcom/baidu/voiceprint/VoiceprintHandler$1;' has an earlier definition; blocking out
D/dalvikvm(  292): DexOpt: 'Lcom/baidu/android/vad/JNI;' has an earlier definition; blocking out
D/dalvikvm(  292): DexOpt: 'Lcom/baidu/customization/XmlOverlay;' has an earlier definition; blocking out
D/dalvikvm(  292): DexOpt: 'Lcom/baidu/customization/Logger;' has an earlier definition; blocking out
D/dalvikvm(  292): DexOpt: 'Lcom/baidu/customization/XmlOverlay$1;' has an earlier definition; blocking out
D/dalvikvm(  292): DexOpt: 'Lcom/baidu/customization/DBOverlayHelper;' has an earlier definition; blocking out
D/dalvikvm(  292): DexOpt: 'Lcom/baidu/customization/DatabaseTable;' has an earlier definition; blocking out
D/dalvikvm(  292): DexOpt: 'Lcom/baidu/customization/ExternalOverlayHelper;' has an earlier definition; blocking out
D/dalvikvm(  292): DexOpt: 'Lcom/baidu/customization/Constants;' has an earlier definition; blocking out
D/dalvikvm(  292): DexOpt: 'Lcom/baidu/customization/PreferenceOverlayHelper;' has an earlier definition; blocking out
D/dalvikvm(  292): DexOpt: 'Lcom/baidu/featureswitch/FeatureSwitch;' has an earlier definition; blocking out
D/dalvikvm(  292): DexOpt: 'Lyi/R$integer;' has an earlier definition; blocking out
D/dalvikvm(  292): DexOpt: 'Lyi/R;' has an earlier definition; blocking out
D/dalvikvm(  292): DexOpt: 'Lyi/R$layout;' has an earlier definition; blocking out
D/dalvikvm(  292): DexOpt: 'Lyi/R$anim;' has an earlier definition; blocking out
D/dalvikvm(  292): DexOpt: 'Lyi/R$style;' has an earlier definition; blocking out
D/dalvikvm(  292): DexOpt: 'Lyi/R$id;' has an earlier definition; blocking out
D/dalvikvm(  292): DexOpt: 'Lyi/R$drawable;' has an earlier definition; blocking out
D/dalvikvm(  292): DexOpt: 'Lyi/R$string;' has an earlier definition; blocking out
D/dalvikvm(  292): DexOpt: 'Lyi/R$array;' has an earlier definition; blocking out
D/dalvikvm(  292): DexOpt: 'Lyi/R$attr;' has an earlier definition; blocking out
D/dalvikvm(  292): DexOpt: 'Lyi/R$styleable;' has an earlier definition; blocking out
D/dalvikvm(  292): DexOpt: 'Lyi/R$color;' has an earlier definition; blocking out
D/dalvikvm(  292): DexOpt: 'Lyi/R$dimen;' has an earlier definition; blocking out
D/dalvikvm(  292): DexOpt: 'Lyi/phone/IPhoneUtil;' has an earlier definition; blocking out
D/dalvikvm(  292): DexOpt: 'Lyi/phone/QualcommZXPhoneUtil;' has an earlier definition; blocking out
D/dalvikvm(  292): DexOpt: 'Lyi/phone/DefaultPhoneUtil;' has an earlier definition; blocking out
D/dalvikvm(  292): DexOpt: 'Lyi/phone/MTKZXPhoneUtil;' has an earlier definition; blocking out
D/dalvikvm(  292): DexOpt: 'Lyi/phone/QualcommPhoneUtil;' has an earlier definition; blocking out
D/dalvikvm(  292): DexOpt: 'Lyi/phone/IPhoneUtil$Creator;' has an earlier definition; blocking out
D/dalvikvm(  292): DexOpt: 'Lyi/phone/MTKTCLPhoneUtil;' has an earlier definition; blocking out
D/dalvikvm(  292): DexOpt: 'Lyi/phone/MTKPhoneUtil;' has an earlier definition; blocking out
D/dalvikvm(  292): DexOpt: 'Lyi/view/animation/Rotate3dAnimation;' has an earlier definition; blocking out
D/dalvikvm(  292): DexOpt: 'Lyi/util/Telephony;' has an earlier definition; blocking out
D/dalvikvm(  292): DexOpt: 'Lyi/util/MyLogger;' has an earlier definition; blocking out
D/dalvikvm(  292): DexOpt: 'Lyi/util/IDHelper;' has an earlier definition; blocking out
D/dalvikvm(  292): DexOpt: 'Lyi/util/FeatureConfig;' has an earlier definition; blocking out
D/dalvikvm(  292): DexOpt: 'Lyi/util/PackageManagerUtil;' has an earlier definition; blocking out
D/dalvikvm(  292): DexOpt: 'Lyi/util/IntentExtension;' has an earlier definition; blocking out
D/dalvikvm(  292): DexOpt: 'Lyi/util/ViewHelper;' has an earlier definition; blocking out
D/dalvikvm(  292): DexOpt: 'Lyi/util/YiSettings;' has an earlier definition; blocking out
D/dalvikvm(  292): DexOpt: 'Lyi/util/LunarCalendarTranslator$OutOfLunarRangeException;' has an earlier definition; blocking out
D/dalvikvm(  292): DexOpt: 'Lyi/util/YiSettings$System;' has an earlier definition; blocking out
D/dalvikvm(  292): DexOpt: 'Lyi/util/PushHelper;' has an earlier definition; blocking out
D/dalvikvm(  292): DexOpt: 'Lyi/util/LunarCalendarTranslator;' has an earlier definition; blocking out
D/dalvikvm(  292): DexOpt: 'Lyi/util/YiSimpleDateFormat;' has an earlier definition; blocking out
D/dalvikvm(  292): DexOpt: 'Lyi/util/DeviceManager;' has an earlier definition; blocking out
D/dalvikvm(  292): DexOpt: 'Lyi/preference/PreferenceGroupActivity;' has an earlier definition; blocking out
D/dalvikvm(  292): DexOpt: 'Lyi/preference/SwitchPreference$Listener;' has an earlier definition; blocking out
D/dalvikvm(  292): DexOpt: 'Lyi/preference/SwitcherPreference;' has an earlier definition; blocking out
D/dalvikvm(  292): DexOpt: 'Lyi/preference/SwitcherPreference$SavedState;' has an earlier definition; blocking out
D/dalvikvm(  292): DexOpt: 'Lyi/preference/SwitchPreference;' has an earlier definition; blocking out
D/dalvikvm(  292): DexOpt: 'Lyi/preference/SwitchPreference$1;' has an earlier definition; blocking out
D/dalvikvm(  292): DexOpt: 'Lyi/preference/SwitcherPreference$SavedState$1;' has an earlier definition; blocking out
D/dalvikvm(  292): DexOpt: 'Lyi/widget/BaiduEditText$1;' has an earlier definition; blocking out
D/dalvikvm(  292): DexOpt: 'Lyi/widget/BadgeView;' has an earlier definition; blocking out
D/dalvikvm(  292): DexOpt: 'Lyi/widget/SearchView$9;' has an earlier definition; blocking out
D/dalvikvm(  292): DexOpt: 'Lyi/widget/Switcher$OnSwitcherChangeListener;' has an earlier definition; blocking out
D/dalvikvm(  292): DexOpt: 'Lyi/widget/ButtonGroup$LayoutParams;' has an earlier definition; blocking out
D/dalvikvm(  292): DexOpt: 'Lyi/widget/SearchView$12;' has an earlier definition; blocking out
D/dalvikvm(  292): DexOpt: 'Lyi/widget/SearchView$13;' has an earlier definition; blocking out
D/dalvikvm(  292): DexOpt: 'Lyi/widget/SearchView$3;' has an earlier definition; blocking out
D/dalvikvm(  292): DexOpt: 'Lyi/widget/ButtonGroup;' has an earlier definition; blocking out
D/dalvikvm(  292): DexOpt: 'Lyi/widget/AnimatedImageView;' has an earlier definition; blocking out
D/dalvikvm(  292): DexOpt: 'Lyi/widget/SearchView$OnQueryTextListener;' has an earlier definition; blocking out
D/dalvikvm(  292): DexOpt: 'Lyi/widget/SearchView$1;' has an earlier definition; blocking out
D/dalvikvm(  292): DexOpt: 'Lyi/widget/SearchView$OnCloseListener;' has an earlier definition; blocking out
D/dalvikvm(  292): DexOpt: 'Lyi/widget/SearchView$4;' has an earlier definition; blocking out
D/dalvikvm(  292): DexOpt: 'Lyi/widget/SearchView$11;' has an earlier definition; blocking out
D/dalvikvm(  292): DexOpt: 'Lyi/widget/ScrollTabBar;' has an earlier definition; blocking out
D/dalvikvm(  292): DexOpt: 'Lyi/widget/SuggestionsAdapter$1;' has an earlier definition; blocking out
D/dalvikvm(  292): DexOpt: 'Lyi/widget/SearchView$8;' has an earlier definition; blocking out
D/dalvikvm(  292): DexOpt: 'Lyi/widget/ButtonGroup$OnButtonCheckedListener;' has an earlier definition; blocking out
D/dalvikvm(  292): DexOpt: 'Lyi/widget/SearchView$OnViewFadeOutListener;' has an earlier definition; blocking out
D/dalvikvm(  292): DexOpt: 'Lyi/widget/ScrollTabBar$ScrollTabBarImp$1;' has an earlier definition; blocking out
D/dalvikvm(  292): DexOpt: 'Lyi/widget/SearchView$10;' has an earlier definition; blocking out
D/dalvikvm(  292): DexOpt: 'Lyi/widget/SearchView$OnSuggestionListener;' has an earlier definition; blocking out
D/dalvikvm(  292): DexOpt: 'Lyi/widget/Switcher;' has an earlier definition; blocking out
D/dalvikvm(  292): DexOpt: 'Lyi/widget/ImageViewInListItem;' has an earlier definition; blocking out
D/dalvikvm(  292): DexOpt: 'Lyi/widget/CheckableItemLayout;' has an earlier definition; blocking out
D/dalvikvm(  292): DexOpt: 'Lyi/widget/SearchView$15;' has an earlier definition; blocking out
D/dalvikvm(  292): DexOpt: 'Lyi/widget/ButtonGroup$2;' has an earlier definition; blocking out
D/dalvikvm(  292): DexOpt: 'Lyi/widget/ScrollTabBar$Interface;' has an earlier definition; blocking out
D/dalvikvm(  292): DexOpt: 'Lyi/widget/ScrollTabBar$ScrollTabBarImp;' has an earlier definition; blocking out
D/dalvikvm(  292): DexOpt: 'Lyi/widget/SuggestionsAdapter$ChildViewCache;' has an earlier definition; blocking out
D/dalvikvm(  292): DexOpt: 'Lyi/widget/SearchView$17;' has an earlier definition; blocking out
D/dalvikvm(  292): DexOpt: 'Lyi/widget/RoundCornerListView;' has an earlier definition; blocking out
D/dalvikvm(  292): DexOpt: 'Lyi/widget/ScrollTabBar$ScrollTabBarImp$TabClickListener;' has an earlier definition; blocking out
D/dalvikvm(  292): DexOpt: 'Lyi/widget/SearchView$14;' has an earlier definition; blocking out
D/dalvikvm(  292): DexOpt: 'Lyi/widget/ScrollTabBar$1;' has an earlier definition; blocking out
D/dalvikvm(  292): DexOpt: 'Lyi/widget/SearchView$SearchAutoComplete;' has an earlier definition; blocking out
D/dalvikvm(  292): DexOpt: 'Lyi/widget/ScrollTabBar$ScrollTabBarStub;' has an earlier definition; blocking out
D/dalvikvm(  292): DexOpt: 'Lyi/widget/SearchView;' has an earlier definition; blocking out
D/dalvikvm(  292): DexOpt: 'Lyi/widget/SearchView$2;' has an earlier definition; blocking out
D/dalvikvm(  292): DexOpt: 'Lyi/widget/ButtonGroup$1;' has an earlier definition; blocking out
D/dalvikvm(  292): DexOpt: 'Lyi/widget/SuggestionsAdapter;' has an earlier definition; blocking out
D/dalvikvm(  292): DexOpt: 'Lyi/widget/SearchView$5;' has an earlier definition; blocking out
D/dalvikvm(  292): DexOpt: 'Lyi/widget/WeightedLinearLayout;' has an earlier definition; blocking out
D/dalvikvm(  292): DexOpt: 'Lyi/widget/SearchView$7;' has an earlier definition; blocking out
D/dalvikvm(  292): DexOpt: 'Lyi/widget/BaiduEditText;' has an earlier definition; blocking out
D/dalvikvm(  292): DexOpt: 'Lyi/widget/SearchEditText;' has an earlier definition; blocking out
D/dalvikvm(  292): DexOpt: 'Lyi/widget/SearchView$6;' has an earlier definition; blocking out
D/dalvikvm(  292): DexOpt: 'Lyi/widget/SearchView$16;' has an earlier definition; blocking out
D/dalvikvm(  292): DexOpt: 'Lyi/ubc/IUBCService;' has an earlier definition; blocking out
D/dalvikvm(  292): DexOpt: 'Lyi/ubc/IUBCService$Stub$Proxy;' has an earlier definition; blocking out
D/dalvikvm(  292): DexOpt: 'Lyi/ubc/UBCConstData$ActionName;' has an earlier definition; blocking out
D/dalvikvm(  292): DexOpt: 'Lyi/ubc/UBCConfiguration$1;' has an earlier definition; blocking out
D/dalvikvm(  292): DexOpt: 'Lyi/ubc/UBCConstData$EventType;' has an earlier definition; blocking out
D/dalvikvm(  292): DexOpt: 'Lyi/ubc/UBCConstData$ExtraName;' has an earlier definition; blocking out
D/dalvikvm(  292): DexOpt: 'Lyi/ubc/UBCConstData$ConfigCommand;' has an earlier definition; blocking out
D/dalvikvm(  292): DexOpt: 'Lyi/ubc/MetricBuilder;' has an earlier definition; blocking out
D/dalvikvm(  292): DexOpt: 'Lyi/ubc/IUBCService$Stub;' has an earlier definition; blocking out
D/dalvikvm(  292): DexOpt: 'Lyi/ubc/UBCConfiguration;' has an earlier definition; blocking out
D/dalvikvm(  292): DexOpt: 'Lyi/ubc/UBCConstData;' has an earlier definition; blocking out
D/dalvikvm(  292): DexOpt: 'Lyi/ubc/UBCServiceManager;' has an earlier definition; blocking out
D/dalvikvm(  292): DexOpt: 'Lyi/app/BaiduAppTitle$OnYiRightClickedListener;' has an earlier definition; blocking out
D/dalvikvm(  292): DexOpt: 'Lyi/app/BaiduAppTitle$2;' has an earlier definition; blocking out
D/dalvikvm(  292): DexOpt: 'Lyi/app/BaiduAppTitle;' has an earlier definition; blocking out
D/dalvikvm(  292): DexOpt: 'Lyi/app/BaiduAppTitle$OnYiLeftClickedListener;' has an earlier definition; blocking out
D/dalvikvm(  292): DexOpt: 'Lyi/app/BaiduAppTitle$1;' has an earlier definition; blocking out
D/dalvikvm(  292): DexOpt: 'Lyi/app/BaiduAppTitle$OnRightClickedListener;' has an earlier definition; blocking out
D/dalvikvm(  292): DexOpt: 'Lyi/app/BaiduAppTitle$OnLeftClickedListener;' has an earlier definition; blocking out
D/dalvikvm(  292): DexOpt: 'Lyi/baidupay/NewTradeResult;' has an earlier definition; blocking out
D/dalvikvm(  292): DexOpt: 'Lyi/baidupay/NewTradeResult$1;' has an earlier definition; blocking out
D/dalvikvm(  292): DexOpt: 'Lyi/baidupay/TradeServerCache$MySerializer;' has an earlier definition; blocking out
D/dalvikvm(  292): DexOpt: 'Lyi/baidupay/AbstractTradeServer$1;' has an earlier definition; blocking out
D/dalvikvm(  292): DexOpt: 'Lyi/baidupay/TradeInfo;' has an earlier definition; blocking out
D/dalvikvm(  292): DexOpt: 'Lyi/baidupay/NewTrade;' has an earlier definition; blocking out
D/dalvikvm(  292): DexOpt: 'Lyi/baidupay/AbstractPayServer;' has an earlier definition; blocking out
D/dalvikvm(  292): DexOpt: 'Lyi/baidupay/Trade;' has an earlier definition; blocking out
D/dalvikvm(  292): DexOpt: 'Lyi/baidupay/TradeServerType;' has an earlier definition; blocking out
D/dalvikvm(  292): DexOpt: 'Lyi/baidupay/AbstractTradeServer;' has an earlier definition; blocking out
D/dalvikvm(  292): DexOpt: 'Lyi/baidupay/FakeTradeServer;' has an earlier definition; blocking out
D/dalvikvm(  292): DexOpt: 'Lyi/baidupay/ITradeServer;' has an earlier definition; blocking out
D/dalvikvm(  292): DexOpt: 'Lyi/baidupay/ITradeServer$Stub$Proxy;' has an earlier definition; blocking out
D/dalvikvm(  292): DexOpt: 'Lyi/baidupay/IPayServer;' has an earlier definition; blocking out
D/dalvikvm(  292): DexOpt: 'Lyi/baidupay/IPayServer$Stub;' has an earlier definition; blocking out
D/dalvikvm(  292): DexOpt: 'Lyi/baidupay/AbstractPayServer$Server;' has an earlier definition; blocking out
D/dalvikvm(  292): DexOpt: 'Lyi/baidupay/ITradeServer$Stub;' has an earlier definition; blocking out
D/dalvikvm(  292): DexOpt: 'Lyi/baidupay/Trade$1;' has an earlier definition; blocking out
D/dalvikvm(  292): DexOpt: 'Lyi/baidupay/NewTrade$1;' has an earlier definition; blocking out
D/dalvikvm(  292): DexOpt: 'Lyi/baidupay/PayInfo;' has an earlier definition; blocking out
D/dalvikvm(  292): DexOpt: 'Lyi/baidupay/PayManager;' has an earlier definition; blocking out
D/dalvikvm(  292): DexOpt: 'Lyi/baidupay/PayResult$1;' has an earlier definition; blocking out
D/dalvikvm(  292): DexOpt: 'Lyi/baidupay/TradeServerCache;' has an earlier definition; blocking out
D/dalvikvm(  292): DexOpt: 'Lyi/baidupay/PayResult;' has an earlier definition; blocking out
D/dalvikvm(  292): DexOpt: 'Lyi/baidupay/TradeServerType$1;' has an earlier definition; blocking out
D/dalvikvm(  292): DexOpt: 'Lyi/baidupay/NewTradeInfo$1;' has an earlier definition; blocking out
D/dalvikvm(  292): DexOpt: 'Lyi/baidupay/FakePayServer;' has an earlier definition; blocking out
D/dalvikvm(  292): DexOpt: 'Lyi/baidupay/PayManager$InitializerServiceConnection;' has an earlier definition; blocking out
D/dalvikvm(  292): DexOpt: 'Lyi/baidupay/TradeServerCache$1;' has an earlier definition; blocking out
D/dalvikvm(  292): DexOpt: 'Lyi/baidupay/NewTradeInfo;' has an earlier definition; blocking out
D/dalvikvm(  292): DexOpt: 'Lyi/baidupay/PayInfo$1;' has an earlier definition; blocking out
