D/LocalStorageHelper(  930): delete file in clearDirectory:/mnt/extSdCard/.yi_backup/.backup_app/unzip/com.UCMobile/dataSource/UCMobile/httpCache/b7c4b6ce
D/LocalStorageHelper(  930): delete file in clearDirectory:/mnt/extSdCard/.yi_backup/.backup_app/unzip/com.UCMobile/dataSource/UCMobile/httpCache/e5bbcd88
D/LocalStorageHelper(  930): delete file in clearDirectory:/mnt/extSdCard/.yi_backup/.backup_app/unzip/com.UCMobile/dataSource/UCMobile/httpCache/364ac9ef
D/LocalStorageHelper(  930): delete file in clearDirectory:/mnt/extSdCard/.yi_backup/.backup_app/unzip/com.UCMobile/dataSource/UCMobile/httpCache/794a200a
D/LocalStorageHelper(  930): delete file in clearDirectory:/mnt/extSdCard/.yi_backup/.backup_app/unzip/com.UCMobile/dataSource/UCMobile/httpCache/1c514287
I/Baidu Home2(  457): LauncherProvider: update count = 1 allapplist _id=1 null presetID=-1 isPreset=0 visible=1 clickCount=0 container=-1000 itemType=10 strategy_table_id=-1 intent=#Intent;action=android.intent.action.MAIN;category=android.intent.category.LAUNCHER;launchFlags=0x10200000;component=com.baiyi_mobile.security/.ui.MainSecurityActivity;end sort_index=0
I/Baidu Home2(  457): PagedViewCellLayout: mPaddingLeft = 6, mPaddingRight = 6, mCellCountX = 4, mCellWidth = 108
I/Baidu Home2(  457): PagedViewCellLayout: newWidth = 480
I/Baidu Home2(  457): LauncherProvider: update count = 1 allapplist _id=3 null presetID=-1 isPreset=0 visible=1 clickCount=0 container=-1000 itemType=10 strategy_table_id=-1 intent=#Intent;action=android.intent.action.MAIN;category=android.intent.category.LAUNCHER;launchFlags=0x10200000;component=com.baidu.yi.userfeedback/.ui.UserFeedbackActivity;end sort_index=1
I/Baidu Home2(  457): PagedViewCellLayout: mPaddingLeft = 6, mPaddingRight = 6, mCellCountX = 4, mCellWidth = 108
I/Baidu Home2(  457): PagedViewCellLayout: newWidth = 480
I/Baidu Home2(  457): PagedViewCellLayout: mPaddingLeft = 6, mPaddingRight = 6, mCellCountX = 4, mCellWidth = 108
I/Baidu Home2(  457): PagedViewCellLayout: newWidth = 480
I/Baidu Home2(  457): LauncherProvider: update count = 1 allapplist _id=4 null presetID=-1 isPreset=0 visible=1 clickCount=0 container=-1000 itemType=10 strategy_table_id=-1 intent=#Intent;action=android.intent.action.MAIN;category=android.intent.category.LAUNCHER;launchFlags=0x10200000;component=com.sec.android.app.camera/.Camera;end sort_index=2
I/Baidu Home2(  457): PagedViewCellLayout: mPaddingLeft = 6, mPaddingRight = 6, mCellCountX = 4, mCellWidth = 108
I/Baidu Home2(  457): PagedViewCellLayout: newWidth = 480
I/Baidu Home2(  457): LauncherProvider: update count = 1 allapplist _id=5 null presetID=-1 isPreset=0 visible=1 clickCount=0 container=-1000 itemType=10 strategy_table_id=-1 intent=#Intent;action=android.intent.action.MAIN;category=android.intent.category.LAUNCHER;launchFlags=0x10200000;component=com.baidu.appsearch/.LauncherActivity;end sort_index=3
I/Baidu Home2(  457): LauncherProvider: update count = 1 allapplist _id=6 null presetID=-1 isPreset=0 visible=1 clickCount=1 container=-1000 itemType=10 strategy_table_id=-1 intent=#Intent;action=android.intent.action.MAIN;category=android.intent.category.LAUNCHER;launchFlags=0x10200000;component=com.android.contacts/.activities.DialtactsActivity;end sort_index=4
I/Baidu Home2(  457): LauncherProvider: update count = 1 allapplist _id=7 null presetID=-1 isPreset=0 visible=1 clickCount=0 container=-1000 itemType=10 strategy_table_id=-1 intent=#Intent;action=android.intent.action.MAIN;category=android.intent.category.LAUNCHER;launchFlags=0x10200000;component=com.android.contacts/.activities.PeopleActivity;end sort_index=5
I/Baidu Home2(  457): LauncherProvider: update count = 1 allapplist _id=8 null presetID=-1 isPreset=0 visible=1 clickCount=0 container=-1000 itemType=10 strategy_table_id=-1 intent=#Intent;action=android.intent.action.MAIN;category=android.intent.category.LAUNCHER;launchFlags=0x10200000;component=com.android.contacts/com.android.mms.ui.ConversationList;end sort_index=6
I/Baidu Home2(  457): LauncherProvider: update count = 1 allapplist _id=9 null presetID=-1 isPreset=0 visible=1 clickCount=0 container=-1000 itemType=10 strategy_table_id=-1 intent=#Intent;action=android.intent.action.MAIN;category=android.intent.category.LAUNCHER;launchFlags=0x10200000;component=com.android.email/.activity.Welcome;end sort_index=7
I/Baidu Home2(  457): LauncherProvider: update count = 1 allapplist _id=10 null presetID=-1 isPreset=0 visible=1 clickCount=0 container=-1000 itemType=10 strategy_table_id=-1 intent=#Intent;action=android.intent.action.MAIN;category=android.intent.category.LAUNCHER;launchFlags=0x10200000;component=com.baidu.camera/.Camera;end sort_index=8
I/Baidu Home2(  457): LauncherProvider: update count = 1 allapplist _id=11 null presetID=-1 isPreset=0 visible=1 clickCount=0 container=-1000 itemType=10 strategy_table_id=-1 intent=#Intent;action=android.intent.action.MAIN;category=android.intent.category.LAUNCHER;launchFlags=0x10200000;component=com.baidu.gallery3d/.app.Gallery;end sort_index=9
I/Baidu Home2(  457): LauncherProvider: update count = 1 allapplist _id=12 null presetID=-1 isPreset=0 visible=1 clickCount=0 container=-1000 itemType=10 strategy_table_id=-1 intent=#Intent;action=android.intent.action.MAIN;category=android.intent.category.LAUNCHER;launchFlags=0x10200000;component=com.baidu.videoplayer/.activity.MediaPickerActivity;end sort_index=10
I/Baidu Home2(  457): LauncherProvider: update count = 1 allapplist _id=13 null presetID=-1 isPreset=0 visible=1 clickCount=0 container=-1000 itemType=10 strategy_table_id=-1 intent=#Intent;action=android.intent.action.MAIN;category=android.intent.category.LAUNCHER;launchFlags=0x10200000;component=com.baidu.musicplayer/.activity.MainFragmentActivity;end sort_index=11
I/InputReader(  233): Touch event's action is 0x0 (deviceType=0) [pCnt=1, pending(waiting finished signal)=0, s=0.125 ]
I/InputDispatcher(  233): Delivering touch to current input target: action: 0x0
I/InputDispatcher(  233): Delivering touch to current input target: action: 0x0
I/InputDispatcher(  233): Delivering touch to current input target: action: 0x0
I/Baidu Home2(  457): LauncherProvider: update count = 1 allapplist _id=14 null presetID=-1 isPreset=0 visible=1 clickCount=0 container=-1000 itemType=10 strategy_table_id=-1 intent=#Intent;action=android.intent.action.MAIN;category=android.intent.category.LAUNCHER;launchFlags=0x10200000;component=com.android.settings/.Settings;end sort_index=12
I/Baidu Home2(  457): LauncherProvider: update count = 1 allapplist _id=15 null presetID=-1 isPreset=0 visible=1 clickCount=0 container=-1000 itemType=10 strategy_table_id=-1 intent=#Intent;action=android.intent.action.MAIN;category=android.intent.category.LAUNCHER;launchFlags=0x10200000;component=com.baidu.notepad/.NotesList;end sort_index=13
I/Baidu Home2(  457): LauncherProvider: update count = 1 allapplist _id=16 null presetID=-1 isPreset=0 visible=1 clickCount=0 container=-1000 itemType=10 strategy_table_id=-1 intent=#Intent;action=android.intent.action.MAIN;category=android.intent.category.LAUNCHER;launchFlags=0x10200000;component=com.android.calendar/.AllInOneActivity;end sort_index=14
I/Baidu Home2(  457): LauncherProvider: update count = 1 allapplist _id=17 null presetID=-1 isPreset=0 visible=1 clickCount=0 container=-1000 itemType=10 strategy_table_id=-1 intent=#Intent;action=android.intent.action.MAIN;category=android.intent.category.LAUNCHER;launchFlags=0x10200000;component=com.baidu.baiduclock/.BaiduClock;end sort_index=15
I/Baidu Home2(  457): LauncherProvider: update count = 1 allapplist _id=18 null presetID=-1 isPreset=0 visible=1 clickCount=0 container=-1000 itemType=10 strategy_table_id=-1 intent=#Intent;action=android.intent.action.MAIN;category=android.intent.category.LAUNCHER;launchFlags=0x10200000;component=com.android.calculator2/.Calculator;end sort_index=16
I/Baidu Home2(  457): LauncherProvider: update count = 1 allapplist _id=19 null presetID=-1 isPreset=0 visible=1 clickCount=0 container=-1000 itemType=10 strategy_table_id=-1 intent=#Intent;action=android.intent.action.MAIN;category=android.intent.category.LAUNCHER;launchFlags=0x10200000;component=com.baidu.browser.apps/.BrowserActivity;end sort_index=17
I/Baidu Home2(  457): PagedViewCellLayout: mPaddingLeft = 6, mPaddingRight = 6, mCellCountX = 4, mCellWidth = 108
I/Baidu Home2(  457): PagedViewCellLayout: newWidth = 480
I/Baidu Home2(  457): LauncherProvider: update count = 1 allapplist _id=20 null presetID=-1 isPreset=0 visible=1 clickCount=0 container=-1000 itemType=10 strategy_table_id=-1 intent=#Intent;action=android.intent.action.MAIN;category=android.intent.category.LAUNCHER;launchFlags=0x10200000;component=com.baidu.soundrecorder/.SoundRecorder;end sort_index=18
I/Baidu Home2(  457): PagedViewCellLayout: mPaddingLeft = 6, mPaddingRight = 6, mCellCountX = 4, mCellWidth = 108
I/Baidu Home2(  457): PagedViewCellLayout: newWidth = 480
I/Baidu Home2(  457): LauncherProvider: update count = 1 allapplist _id=21 null presetID=-1 isPreset=0 visible=1 clickCount=0 container=-1000 itemType=10 strategy_table_id=-1 intent=#Intent;action=android.intent.action.MAIN;category=android.intent.category.LAUNCHER;launchFlags=0x10200000;component=com.baidu.resmanager.filemanager/.ui.MainActivity;end sort_index=19
I/Baidu Home2(  457): LauncherProvider: update count = 1 allapplist _id=22 null presetID=-1 isPreset=0 visible=1 clickCount=3 container=-1000 itemType=10 strategy_table_id=-1 intent=#Intent;action=android.intent.action.MAIN;category=android.intent.category.LAUNCHER;launchFlags=0x10200000;component=com.baidu.backuprestore/.UI.BackupRestoreActivity;end sort_index=20
I/Baidu Home2(  457): LauncherProvider: update count = 1 allapplist _id=23 null presetID=-1 isPreset=0 visible=1 clickCount=0 container=-1000 itemType=10 strategy_table_id=-1 intent=#Intent;action=android.intent.action.MAIN;category=android.intent.category.LAUNCHER;launchFlags=0x10200000;component=com.baidu.android.ota/.ui.OTAMainActivity;end sort_index=21
I/InputReader(  233): Touch event's action is 0x1 (deviceType=0) [pCnt=1, pending(waiting finished signal)=1, s=]
E/Watchdog(  233): !@Sync 22
I/InputDispatcher(  233): Delivering touch to current input target: action: 0x1
I/InputDispatcher(  233): Delivering touch to current input target: action: 0x1
I/InputDispatcher(  233): Delivering touch to current input target: action: 0x1
I/Baidu Home2(  457): LauncherProvider: update count = 1 allapplist _id=24 null presetID=-1 isPreset=0 visible=1 clickCount=0 container=-1000 itemType=10 strategy_table_id=-1 intent=#Intent;action=android.intent.action.MAIN;category=android.intent.category.LAUNCHER;launchFlags=0x10200000;component=com.android.providers.downloads.ui/.DownloadList;end sort_index=22
D/LocalStorageHelper(  930): delete file in clearDirectory:/mnt/extSdCard/.yi_backup/.backup_app/unzip/com.UCMobile/dataSource/UCMobile/httpCache/30838b1e
D/LocalStorageHelper(  930): delete file in clearDirectory:/mnt/extSdCard/.yi_backup/.backup_app/unzip/com.UCMobile/dataSource/UCMobile/httpCache/f37ef731
I/Baidu Home2(  457): LauncherProvider: update count = 1 allapplist _id=25 null presetID=-1 isPreset=0 visible=1 clickCount=0 container=-1000 itemType=10 strategy_table_id=-1 intent=#Intent;action=android.intent.action.MAIN;category=android.intent.category.LAUNCHER;launchFlags=0x10200000;component=com.baidu.thememanager.ui/.BaiduThemeActivity;end sort_index=23
I/Baidu Home2(  457): LauncherProvider: update count = 1 allapplist _id=26 null presetID=-1 isPreset=0 visible=1 clickCount=0 container=-1000 itemType=10 strategy_table_id=-1 intent=#Intent;action=android.intent.action.MAIN;category=android.intent.category.LAUNCHER;launchFlags=0x10200000;component=com.baidu.flashlight/.FlashLightActivity;end sort_index=24
D/LocalStorageHelper(  930): delete file in clearDirectory:/mnt/extSdCard/.yi_backup/.backup_app/unzip/com.UCMobile/dataSource/UCMobile/httpCache/b970f922
I/Baidu Home2(  457): LauncherProvider: update count = 1 allapplist _id=27 null presetID=-1 isPreset=0 visible=1 clickCount=0 container=-1000 itemType=10 strategy_table_id=-1 intent=#Intent;action=android.intent.action.MAIN;category=android.intent.category.LAUNCHER;launchFlags=0x10200000;component=com.baidu.clicksearch/.ui.MainActivity;end sort_index=25
I/Baidu Home2(  457): LauncherProvider: update count = 1 allapplist _id=28 null presetID=-1 isPreset=0 visible=1 clickCount=1 container=-1000 itemType=10 strategy_table_id=-1 intent=#Intent;action=android.intent.action.MAIN;category=android.intent.category.LAUNCHER;launchFlags=0x10200000;component=com.baidu.directshare/.MainActivity;end sort_index=26
D/LocalStorageHelper(  930): delete file in clearDirectory:/mnt/extSdCard/.yi_backup/.backup_app/unzip/com.UCMobile/dataSource/UCMobile/httpCache/a30b304d
I/Baidu Home2(  457): LauncherProvider: update count = 1 allapplist _id=29 null presetID=-1 isPreset=0 visible=1 clickCount=0 container=-1000 itemType=10 strategy_table_id=-1 intent=#Intent;action=android.intent.action.MAIN;category=android.intent.category.LAUNCHER;launchFlags=0x10200000;component=com.baidu.help/.MainActivity;end sort_index=27
D/LocalStorageHelper(  930): delete file in clearDirectory:/mnt/extSdCard/.yi_backup/.backup_app/unzip/com.UCMobile/dataSource/UCMobile/httpCache/2952a7c9
I/Baidu Home2(  457): LauncherProvider: update count = 1 allapplist _id=30 null presetID=-1 isPreset=0 visible=1 clickCount=0 container=-1000 itemType=10 strategy_table_id=-1 intent=#Intent;action=android.intent.action.MAIN;category=android.intent.category.LAUNCHER;launchFlags=0x10200000;component=com.baidu.videoeditor/.activity.LuncherActivity;end sort_index=28
D/LocalStorageHelper(  930): delete file in clearDirectory:/mnt/extSdCard/.yi_backup/.backup_app/unzip/com.UCMobile/dataSource/UCMobile/httpCache/7de6f0fc
I/Baidu Home2(  457): LauncherProvider: update count = 1 allapplist _id=31 null presetID=-1 isPreset=0 visible=1 clickCount=0 container=-1000 itemType=10 strategy_table_id=-1 intent=#Intent;action=android.intent.action.MAIN;category=android.intent.category.LAUNCHER;launchFlags=0x10200000;component=com.baidu.searchbox/.MainActivity;end sort_index=29
I/Baidu Home2(  457): LauncherProvider: update count = 1 allapplist _id=32 null presetID=-1 isPreset=0 visible=1 clickCount=0 container=-1000 itemType=10 strategy_table_id=-1 intent=#Intent;action=android.intent.action.MAIN;category=android.intent.category.LAUNCHER;launchFlags=0x10200000;component=com.baidu.BaiduMap/com.baidu.baidumaps.WelcomeScreen;end sort_index=30
D/LocalStorageHelper(  930): delete file in clearDirectory:/mnt/extSdCard/.yi_backup/.backup_app/unzip/com.UCMobile/dataSource/UCMobile/httpCache/c0d8c161
D/LocalStorageHelper(  930): delete file in clearDirectory:/mnt/extSdCard/.yi_backup/.backup_app/unzip/com.UCMobile/dataSource/UCMobile/httpCache/96b7906b
I/Surface (  373): Surface_lockCanvas
D/LocalStorageHelper(  930): delete file in clearDirectory:/mnt/extSdCard/.yi_backup/.backup_app/unzip/com.UCMobile/dataSource/UCMobile/httpCache/a69a4a32
D/LocalStorageHelper(  930): delete file in clearDirectory:/mnt/extSdCard/.yi_backup/.backup_app/unzip/com.UCMobile/dataSource/UCMobile/httpCache/ffed9c25
D/LocalStorageHelper(  930): delete file in clearDirectory:/mnt/extSdCard/.yi_backup/.backup_app/unzip/com.UCMobile/dataSource/UCMobile/httpCache/c673357e
D/LocalStorageHelper(  930): delete file in clearDirectory:/mnt/extSdCard/.yi_backup/.backup_app/unzip/com.UCMobile/dataSource/UCMobile/httpCache/fdc09172
D/LocalStorageHelper(  930): delete file in clearDirectory:/mnt/extSdCard/.yi_backup/.backup_app/unzip/com.UCMobile/dataSource/UCMobile/httpCache/7bafc35d
D/LocalStorageHelper(  930): delete file in clearDirectory:/mnt/extSdCard/.yi_backup/.backup_app/unzip/com.UCMobile/dataSource/UCMobile/httpCache/2faa005d
D/LocalStorageHelper(  930): delete file in clearDirectory:/mnt/extSdCard/.yi_backup/.backup_app/unzip/com.UCMobile/dataSource/UCMobile/httpCache/8ff6f8c0
D/LocalStorageHelper(  930): delete file in clearDirectory:/mnt/extSdCard/.yi_backup/.backup_app/unzip/com.UCMobile/dataSource/UCMobile/httpCache/982a6e81
D/TrafficMonitorMain( 1332): performPoll mCurrentDDS = 0
D/StatusBar-TrafficView(  373): has icc card = true
I/InputReader(  233): Touch event's action is 0x0 (deviceType=0) [pCnt=1, pending(waiting finished signal)=0, s=0.126 ]
I/InputDispatcher(  233): Delivering touch to current input target: action: 0x0
I/InputDispatcher(  233): Delivering touch to current input target: action: 0x0
I/InputDispatcher(  233): Delivering touch to current input target: action: 0x0
V/com.baidu.trafficmonitor.widget.provider.TrafficMonitorWidgetProvider( 1332): onReceive : com.baidu.trafficmonitor.widget.provider.TrafficMonitorWidgetProvider@40f2b688 mReceiveBroadcastNum : 68
V/com.baidu.trafficmonitor.widget.provider.TrafficMonitorWidgetProvider( 1332): ACTION_NETWORK_STATS_UPDATE_WIDGET msg arrivied
E/com.baidu.trafficmonitor.widget.provider.TrafficMonitorWidgetProvider( 1332):  simInfo is null
D/dalvikvm( 1332): GC_CONCURRENT freed 392K, 45% free 2539K/4551K, paused 1ms+2ms
I/InputReader(  233): Touch event's action is 0x1 (deviceType=0) [pCnt=1, pending(waiting finished signal)=0, s=]
I/InputDispatcher(  233): Delivering touch to current input target: action: 0x1
I/InputDispatcher(  233): Delivering touch to current input target: action: 0x1
I/InputDispatcher(  233): Delivering touch to current input target: action: 0x1
D/dalvikvm(  457): GC_CONCURRENT freed 3221K, 25% free 19619K/25863K, paused 4ms+10ms
I/Surface (  373): Surface_lockCanvas
D/LocalStorageHelper(  930): delete file in clearDirectory:/mnt/extSdCard/.yi_backup/.backup_app/unzip/com.UCMobile/dataSource/UCMobile/httpCache/7199caf6
D/LocalStorageHelper(  930): delete file in clearDirectory:/mnt/extSdCard/.yi_backup/.backup_app/unzip/com.UCMobile/dataSource/UCMobile/httpCache/0685e843
I/InputReader(  233): Touch event's action is 0x0 (deviceType=0) [pCnt=1, pending(waiting finished signal)=0, s=0.127 ]
I/InputDispatcher(  233): Delivering touch to current input target: action: 0x0
I/InputDispatcher(  233): Delivering touch to current input target: action: 0x0
I/InputDispatcher(  233): Delivering touch to current input target: action: 0x0
D/LocalStorageHelper(  930): delete file in clearDirectory:/mnt/extSdCard/.yi_backup/.backup_app/unzip/com.UCMobile/dataSource/UCMobile/httpCache/c78e7568
D/LocalStorageHelper(  930): delete file in clearDirectory:/mnt/extSdCard/.yi_backup/.backup_app/unzip/com.UCMobile/dataSource/UCMobile/httpCache/71c43607
D/LocalStorageHelper(  930): delete file in clearDirectory:/mnt/extSdCard/.yi_backup/.backup_app/unzip/com.UCMobile/dataSource/UCMobile/httpCache/9b73f030
D/LocalStorageHelper(  930): delete file in clearDirectory:/mnt/extSdCard/.yi_backup/.backup_app/unzip/com.UCMobile/dataSource/UCMobile/httpCache/0055fc42
D/LocalStorageHelper(  930): delete file in clearDirectory:/mnt/extSdCard/.yi_backup/.backup_app/unzip/com.UCMobile/dataSource/UCMobile/httpCache/88f41b82
I/InputReader(  233): Touch event's action is 0x1 (deviceType=0) [pCnt=1, pending(waiting finished signal)=0, s=]
I/InputDispatcher(  233): Delivering touch to current input target: action: 0x1
I/InputDispatcher(  233): Delivering touch to current input target: action: 0x1
I/InputDispatcher(  233): Delivering touch to current input target: action: 0x1
D/LocalStorageHelper(  930): delete file in clearDirectory:/mnt/extSdCard/.yi_backup/.backup_app/unzip/com.UCMobile/dataSource/UCMobile/httpCache/d243c92b
I/InputReader(  233): Touch event's action is 0x0 (deviceType=0) [pCnt=1, pending(waiting finished signal)=0, s=0.128 ]
I/InputDispatcher(  233): Delivering touch to current input target: action: 0x0
I/InputDispatcher(  233): Delivering touch to current input target: action: 0x0
I/InputDispatcher(  233): Delivering touch to current input target: action: 0x0
I/InputReader(  233): Touch event's action is 0x1 (deviceType=0) [pCnt=1, pending(waiting finished signal)=0, s=]
I/InputDispatcher(  233): Delivering touch to current input target: action: 0x1
I/InputDispatcher(  233): Delivering touch to current input target: action: 0x1
I/InputDispatcher(  233): Delivering touch to current input target: action: 0x1
D/LocalStorageHelper(  930): delete file in clearDirectory:/mnt/extSdCard/.yi_backup/.backup_app/unzip/com.UCMobile/dataSource/UCMobile/httpCache/b5e861f3
D/LocalStorageHelper(  930): delete file in clearDirectory:/mnt/extSdCard/.yi_backup/.backup_app/unzip/com.UCMobile/dataSource/UCMobile/httpCache/65d9144e
D/LocalStorageHelper(  930): delete file in clearDirectory:/mnt/extSdCard/.yi_backup/.backup_app/unzip/com.UCMobile/dataSource/UCMobile/httpCache/e0fed4e3
D/LocalStorageHelper(  930): delete file in clearDirectory:/mnt/extSdCard/.yi_backup/.backup_app/unzip/com.UCMobile/dataSource/UCMobile/httpCache/47e17e48
D/LocalStorageHelper(  930): delete file in clearDirectory:/mnt/extSdCard/.yi_backup/.backup_app/unzip/com.UCMobile/dataSource/UCMobile/httpCache/38d3907e
D/LocalStorageHelper(  930): delete file in clearDirectory:/mnt/extSdCard/.yi_backup/.backup_app/unzip/com.UCMobile/dataSource/UCMobile/httpCache/52e41200
D/LocalStorageHelper(  930): delete file in clearDirectory:/mnt/extSdCard/.yi_backup/.backup_app/unzip/com.UCMobile/dataSource/UCMobile/httpCache/2219ee03
D/LocalStorageHelper(  930): delete file in clearDirectory:/mnt/extSdCard/.yi_backup/.backup_app/unzip/com.UCMobile/dataSource/UCMobile/httpCache/f8a16c36
V/AudioFlinger(   96): Audio hardware entering standby, mixer 0x1676768, mSuspended 0
D/LVVE_Engine(   96): LVVEFS_Rx_Command LVVEFS_COMMAND_RESET returns success
W/AudioHardwareALSA(   96): AudioStreamOutALSA::standby snd_pcm_drain start ...
W/AudioHardwareALSA(   96): AudioStreamOutALSA::standby snd_pcm_drain finish ...
V/AudioFlinger(   96): releaseWakeLock_l() AudioOut_1
V/AudioFlinger(   96): MixerThread 0x1676768 TID 219 going to sleep
I/InputReader(  233): Touch event's action is 0x0 (deviceType=0) [pCnt=1, pending(waiting finished signal)=0, s=0.129 ]
I/InputDispatcher(  233): Delivering touch to current input target: action: 0x0
I/InputDispatcher(  233): Delivering touch to current input target: action: 0x0
D/VibratorService(  233): JNI vibratorOff()
W/Vibrator(  233): Vibrator.cancel()
D/STATUSBAR-NotificationService(  233): updateLightsLocked() : Turn off notification light
I/SurfaceFlinger(   93): id=35(7) createSurface 0x18b3304 (480x800),1 flag=0, TrackingViex
D/STATUSBAR-StatusBarManagerService(  233): setSystemUiVisibility(0x0)
D/STATUSBAR-StatusBarManagerService(  233): manageDisableList what=0x0 pkg=WindowManager.LayoutParams
D/GlRenderer(  373): initialize
D/GlRenderer(  373): initializeEgl
I/libEGL  (  373): eglCreateWindowSurface
V/AlarmManager(  233): waitForAlarm result :8
V/AlarmManager(  233): waitForAlarm result :2
V/AlarmManager(  233): ClockReceiver onReceive() ACTION_TIME_TICK
W/AlarmManager(  233): FACTORY_ON= 0
I/Surface (  373): Surface_lockCanvas
I/InputReader(  233): Touch event's action is 0x1 (deviceType=0) [pCnt=1, pending(waiting finished signal)=0, s=]
I/InputDispatcher(  233): Delivering touch to current input target: action: 0x1
I/InputDispatcher(  233): Delivering touch to current input target: action: 0x1
D/LocalStorageHelper(  930): delete file in clearDirectory:/mnt/extSdCard/.yi_backup/.backup_app/unzip/com.UCMobile/dataSource/UCMobile/httpCache/16ac3d53
D/LocalStorageHelper(  930): delete file in clearDirectory:/mnt/extSdCard/.yi_backup/.backup_app/unzip/com.UCMobile/dataSource/UCMobile/httpCache/3dec104b
D/LocalStorageHelper(  930): delete file in clearDirectory:/mnt/extSdCard/.yi_backup/.backup_app/unzip/com.UCMobile/dataSource/UCMobile/httpCache/b7ace577
D/LocalStorageHelper(  930): delete file in clearDirectory:/mnt/extSdCard/.yi_backup/.backup_app/unzip/com.UCMobile/dataSource/UCMobile/httpCache/3500c841
D/LocalStorageHelper(  930): delete file in clearDirectory:/mnt/extSdCard/.yi_backup/.backup_app/unzip/com.UCMobile/dataSource/UCMobile/httpCache/62425a48
D/LocalStorageHelper(  930): delete file in clearDirectory:/mnt/extSdCard/.yi_backup/.backup_app/unzip/com.UCMobile/dataSource/UCMobile/httpCache/a1be32d7
D/LocalStorageHelper(  930): delete file in clearDirectory:/mnt/extSdCard/.yi_backup/.backup_app/unzip/com.UCMobile/dataSource/UCMobile/httpCache/b5912fd4
D/LocalStorageHelper(  930): delete file in clearDirectory:/mnt/extSdCard/.yi_backup/.backup_app/unzip/com.UCMobile/dataSource/UCMobile/httpCache/2dd76116
D/LocalStorageHelper(  930): delete file in clearDirectory:/mnt/extSdCard/.yi_backup/.backup_app/unzip/com.UCMobile/dataSource/UCMobile/httpCache/6ae27fb4
D/LocalStorageHelper(  930): delete file in clearDirectory:/mnt/extSdCard/.yi_backup/.backup_app/unzip/com.UCMobile/dataSource/UCMobile/httpCache/d5e27475
D/LocalStorageHelper(  930): delete file in clearDirectory:/mnt/extSdCard/.yi_backup/.backup_app/unzip/com.UCMobile/dataSource/UCMobile/httpCache/d82d507c
D/LocalStorageHelper(  930): delete file in clearDirectory:/mnt/extSdCard/.yi_backup/.backup_app/unzip/com.UCMobile/dataSource/UCMobile/httpCache/ea00681f
D/LocalStorageHelper(  930): delete file in clearDirectory:/mnt/extSdCard/.yi_backup/.backup_app/unzip/com.UCMobile/dataSource/UCMobile/httpCache/cbf9952e
D/LocalStorageHelper(  930): delete file in clearDirectory:/mnt/extSdCard/.yi_backup/.backup_app/unzip/com.UCMobile/dataSource/UCMobile/httpCache/0ba4bd59
D/LocalStorageHelper(  930): delete file in clearDirectory:/mnt/extSdCard/.yi_backup/.backup_app/unzip/com.UCMobile/dataSource/UCMobile/httpCache/b4774038
D/LocalStorageHelper(  930): delete file in clearDirectory:/mnt/extSdCard/.yi_backup/.backup_app/unzip/com.UCMobile/dataSource/UCMobile/httpCache/a3327718
D/LocalStorageHelper(  930): delete file in clearDirectory:/mnt/extSdCard/.yi_backup/.backup_app/unzip/com.UCMobile/dataSource/UCMobile/httpCache/6cc6f0f4
D/LocalStorageHelper(  930): delete file in clearDirectory:/mnt/extSdCard/.yi_backup/.backup_app/unzip/com.UCMobile/dataSource/UCMobile/httpCache/eed86392
D/LocalStorageHelper(  930): delete file in clearDirectory:/mnt/extSdCard/.yi_backup/.backup_app/unzip/com.UCMobile/dataSource/UCMobile/httpCache/2fcf1ad5
D/LocalStorageHelper(  930): delete file in clearDirectory:/mnt/extSdCard/.yi_backup/.backup_app/unzip/com.UCMobile/dataSource/UCMobile/httpCache/2c4d1bef
D/LocalStorageHelper(  930): delete file in clearDirectory:/mnt/extSdCard/.yi_backup/.backup_app/unzip/com.UCMobile/dataSource/UCMobile/httpCache/16a16fc5
D/LocalStorageHelper(  930): delete file in clearDirectory:/mnt/extSdCard/.yi_backup/.backup_app/unzip/com.UCMobile/dataSource/UCMobile/httpCache/1ede0c65
D/LocalStorageHelper(  930): delete file in clearDirectory:/mnt/extSdCard/.yi_backup/.backup_app/unzip/com.UCMobile/dataSource/UCMobile/httpCache/512e9258
D/LocalStorageHelper(  930): delete file in clearDirectory:/mnt/extSdCard/.yi_backup/.backup_app/unzip/com.UCMobile/dataSource/UCMobile/httpCache/a68fefd0
I/InputReader(  233): Touch event's action is 0x0 (deviceType=0) [pCnt=1, pending(waiting finished signal)=0, s=0.130 ]
I/InputDispatcher(  233): Delivering touch to current input target: action: 0x0
I/InputDispatcher(  233): Delivering touch to current input target: action: 0x0
I/InputReader(  233): Touch event's action is 0x1 (deviceType=0) [pCnt=1, pending(waiting finished signal)=0, s=]
I/InputDispatcher(  233): Delivering touch to current input target: action: 0x1
I/InputDispatcher(  233): Delivering touch to current input target: action: 0x1
W/Vibrator(  233): Vibrator.cancel()
D/VibratorService(  233): JNI vibratorOff()
D/STATUSBAR-NotificationService(  233): updateLightsLocked() : Turn off notification light
D/OpenGLRenderer(  373): Flushing caches (mode 0)
I/SurfaceFlinger(   93): id=35 Removed TrackingViex idx=5 Map Size=4
I/SurfaceFlinger(   93): id=35 Removed TrackingViex idx=-2 Map Size=4
D/QuickSwitchPanel(  373): ImageView onMeasure
D/QuickSwitchPanel(  373): ImageView onMeasure
D/STATUSBAR-StatusBarManagerService(  233): setSystemUiVisibility(0x0)
D/STATUSBAR-StatusBarManagerService(  233): manageDisableList what=0x0 pkg=WindowManager.LayoutParams
W/InputManagerService(  233): Window already focused, ignoring focus gain of: com.android.internal.view.IInputMethodClient$Stub$Proxy@41589788
D/QuickSwitchPanel(  373): ImageView onLayout
V/PhoneStatusBar(  373): setLightsOn(true)
D/dalvikvm( 2728): GC_EXPLICIT freed 4K, 20% free 3441K/4295K, paused 2ms+2ms
D/LocalStorageHelper(  930): delete file in clearDirectory:/mnt/extSdCard/.yi_backup/.backup_app/unzip/com.UCMobile/dataSource/UCMobile/httpCache/559d359d
D/dalvikvm( 2728): GC_EXPLICIT freed <1K, 20% free 3441K/4295K, paused 3ms+3ms
D/LocalStorageHelper(  930): delete file in clearDirectory:/mnt/extSdCard/.yi_backup/.backup_app/unzip/com.UCMobile/dataSource/UCMobile/httpCache/d2789859
D/LocalStorageHelper(  930): delete file in clearDirectory:/mnt/extSdCard/.yi_backup/.backup_app/unzip/com.UCMobile/dataSource/UCMobile/httpCache/a40aea43
D/LocalStorageHelper(  930): delete file in clearDirectory:/mnt/extSdCard/.yi_backup/.backup_app/unzip/com.UCMobile/dataSource/UCMobile/httpCache/f1a5493b
D/LocalStorageHelper(  930): delete file in clearDirectory:/mnt/extSdCard/.yi_backup/.backup_app/unzip/com.UCMobile/dataSource/UCMobile/httpCache/b90b4205
D/LocalStorageHelper(  930): delete file in clearDirectory:/mnt/extSdCard/.yi_backup/.backup_app/unzip/com.UCMobile/dataSource/UCMobile/httpCache/f86e38cf
D/LocalStorageHelper(  930): delete file in clearDirectory:/mnt/extSdCard/.yi_backup/.backup_app/unzip/com.UCMobile/dataSource/UCMobile/httpCache/7e2e4f58
D/LocalStorageHelper(  930): delete file in clearDirectory:/mnt/extSdCard/.yi_backup/.backup_app/unzip/com.UCMobile/dataSource/UCMobile/httpCache/509014c4
D/LocalStorageHelper(  930): delete file in clearDirectory:/mnt/extSdCard/.yi_backup/.backup_app/unzip/com.UCMobile/dataSource/UCMobile/httpCache/81ae1c3d
D/LocalStorageHelper(  930): delete file in clearDirectory:/mnt/extSdCard/.yi_backup/.backup_app/unzip/com.UCMobile/dataSource/UCMobile/httpCache/d115d74c
D/LocalStorageHelper(  930): delete file in clearDirectory:/mnt/extSdCard/.yi_backup/.backup_app/unzip/com.UCMobile/dataSource/UCMobile/httpCache/7d253c75
D/LocalStorageHelper(  930): delete file in clearDirectory:/mnt/extSdCard/.yi_backup/.backup_app/unzip/com.UCMobile/dataSource/UCMobile/httpCache/9f77bd8e
D/LocalStorageHelper(  930): delete file in clearDirectory:/mnt/extSdCard/.yi_backup/.backup_app/unzip/com.UCMobile/dataSource/UCMobile/httpCache/dfe03220
D/LocalStorageHelper(  930): delete file in clearDirectory:/mnt/extSdCard/.yi_backup/.backup_app/unzip/com.UCMobile/dataSource/UCMobile/httpCache/8802f3e7
D/LocalStorageHelper(  930): delete file in clearDirectory:/mnt/extSdCard/.yi_backup/.backup_app/unzip/com.UCMobile/dataSource/UCMobile/httpCache/89d74882
D/LocalStorageHelper(  930): delete file in clearDirectory:/mnt/extSdCard/.yi_backup/.backup_app/unzip/com.UCMobile/dataSource/UCMobile/httpCache/97e7d7e5
D/LocalStorageHelper(  930): delete file in clearDirectory:/mnt/extSdCard/.yi_backup/.backup_app/unzip/com.UCMobile/dataSource/UCMobile/httpCache/f5b77555
D/LocalStorageHelper(  930): delete file in clearDirectory:/mnt/extSdCard/.yi_backup/.backup_app/unzip/com.UCMobile/dataSource/UCMobile/httpCache/7274edae
D/LocalStorageHelper(  930): delete file in clearDirectory:/mnt/extSdCard/.yi_backup/.backup_app/unzip/com.UCMobile/dataSource/UCMobile/httpCache/07a4686e
D/LocalStorageHelper(  930): delete file in clearDirectory:/mnt/extSdCard/.yi_backup/.backup_app/unzip/com.UCMobile/dataSource/UCMobile/httpCache/0702b6f3
D/LocalStorageHelper(  930): delete file in clearDirectory:/mnt/extSdCard/.yi_backup/.backup_app/unzip/com.UCMobile/dataSource/UCMobile/httpCache/f696b075
D/LocalStorageHelper(  930): delete file in clearDirectory:/mnt/extSdCard/.yi_backup/.backup_app/unzip/com.UCMobile/dataSource/UCMobile/httpCache/c531b7b4
D/LocalStorageHelper(  930): delete file in clearDirectory:/mnt/extSdCard/.yi_backup/.backup_app/unzip/com.UCMobile/dataSource/UCMobile/httpCache/ffb7c48c
D/LocalStorageHelper(  930): delete file in clearDirectory:/mnt/extSdCard/.yi_backup/.backup_app/unzip/com.UCMobile/dataSource/UCMobile/httpCache/06b17db6
D/LocalStorageHelper(  930): delete file in clearDirectory:/mnt/extSdCard/.yi_backup/.backup_app/unzip/com.UCMobile/dataSource/UCMobile/httpCache/74e3f1de
D/LocalStorageHelper(  930): delete file in clearDirectory:/mnt/extSdCard/.yi_backup/.backup_app/unzip/com.UCMobile/dataSource/UCMobile/httpCache/bf6d8053
D/LocalStorageHelper(  930): delete file in clearDirectory:/mnt/extSdCard/.yi_backup/.backup_app/unzip/com.UCMobile/dataSource/UCMobile/httpCache/89431264
D/LocalStorageHelper(  930): delete file in clearDirectory:/mnt/extSdCard/.yi_backup/.backup_app/unzip/com.UCMobile/dataSource/UCMobile/httpCache/bb45c498
D/LocalStorageHelper(  930): delete file in clearDirectory:/mnt/extSdCard/.yi_backup/.backup_app/unzip/com.UCMobile/dataSource/UCMobile/httpCache/74b29056
D/LocalStorageHelper(  930): delete file in clearDirectory:/mnt/extSdCard/.yi_backup/.backup_app/unzip/com.UCMobile/dataSource/UCMobile/httpCache/49482098
D/LocalStorageHelper(  930): delete file in clearDirectory:/mnt/extSdCard/.yi_backup/.backup_app/unzip/com.UCMobile/dataSource/UCMobile/httpCache/30eca59a
D/InputReader(  233): Input event: value=1
I/InputDispatcher(  233): Delivering key to current input target: action: 0x0
I/InputDispatcher(  233): Delivering key to current input target: action: 0x0
D/LocalStorageHelper(  930): delete file in clearDirectory:/mnt/extSdCard/.yi_backup/.backup_app/unzip/com.UCMobile/dataSource/UCMobile/httpCache/383971e6
D/LocalStorageHelper(  930): delete file in clearDirectory:/mnt/extSdCard/.yi_backup/.backup_app/unzip/com.UCMobile/dataSource/UCMobile/httpCache/dcb09ee0
D/LocalStorageHelper(  930): delete file in clearDirectory:/mnt/extSdCard/.yi_backup/.backup_app/unzip/com.UCMobile/dataSource/UCMobile/httpCache/b97a3118
D/LocalStorageHelper(  930): delete file in clearDirectory:/mnt/extSdCard/.yi_backup/.backup_app/unzip/com.UCMobile/dataSource/UCMobile/httpCache/23dff06d
D/LocalStorageHelper(  930): delete file in clearDirectory:/mnt/extSdCard/.yi_backup/.backup_app/unzip/com.UCMobile/dataSource/UCMobile/httpCache/c035d227
D/InputReader(  233): Input event: value=0
I/InputDispatcher(  233): Delivering key to current input target: action: 0x1
I/InputDispatcher(  233): Delivering key to current input target: action: 0x1
I/ClipboardServiceEx(  233): mCBPickerDialog enter case. MSG_DISMISS_DIALOG
D/LocalStorageHelper(  930): delete file in clearDirectory:/mnt/extSdCard/.yi_backup/.backup_app/unzip/com.UCMobile/dataSource/UCMobile/httpCache/f6ccb6af
D/LocalStorageHelper(  930): delete file in clearDirectory:/mnt/extSdCard/.yi_backup/.backup_app/unzip/com.UCMobile/dataSource/UCMobile/httpCache/b882a2da
D/LocalStorageHelper(  930): delete file in clearDirectory:/mnt/extSdCard/.yi_backup/.backup_app/unzip/com.UCMobile/dataSource/UCMobile/httpCache/10462066
D/LocalStorageHelper(  930): delete file in clearDirectory:/mnt/extSdCard/.yi_backup/.backup_app/unzip/com.UCMobile/dataSource/UCMobile/httpCache/ad7dd62c
D/LocalStorageHelper(  930): delete file in clearDirectory:/mnt/extSdCard/.yi_backup/.backup_app/unzip/com.UCMobile/dataSource/UCMobile/httpCache/badb61f6
D/LocalStorageHelper(  930): delete file in clearDirectory:/mnt/extSdCard/.yi_backup/.backup_app/unzip/com.UCMobile/dataSource/UCMobile/httpCache/13b1c0f1
D/LocalStorageHelper(  930): delete file in clearDirectory:/mnt/extSdCard/.yi_backup/.backup_app/unzip/com.UCMobile/dataSource/UCMobile/httpCache/edfbd8ec
D/dalvikvm(  457): GC_EXPLICIT freed 404K, 25% free 19506K/25863K, paused 4ms+9ms
D/LocalStorageHelper(  930): delete file in clearDirectory:/mnt/extSdCard/.yi_backup/.backup_app/unzip/com.UCMobile/dataSource/UCMobile/httpCache/e3396480
D/LocalStorageHelper(  930): delete file in clearDirectory:/mnt/extSdCard/.yi_backup/.backup_app/unzip/com.UCMobile/dataSource/UCMobile/httpCache/0a7b9cba
D/LocalStorageHelper(  930): delete file in clearDirectory:/mnt/extSdCard/.yi_backup/.backup_app/unzip/com.UCMobile/dataSource/UCMobile/httpCache/6856bd00
D/LocalStorageHelper(  930): delete file in clearDirectory:/mnt/extSdCard/.yi_backup/.backup_app/unzip/com.UCMobile/dataSource/UCMobile/httpCache/c47f5494
D/LocalStorageHelper(  930): delete file in clearDirectory:/mnt/extSdCard/.yi_backup/.backup_app/unzip/com.UCMobile/dataSource/UCMobile/httpCache/c999d0e4
D/LocalStorageHelper(  930): delete file in clearDirectory:/mnt/extSdCard/.yi_backup/.backup_app/unzip/com.UCMobile/dataSource/UCMobile/httpCache/413096db
D/LocalStorageHelper(  930): delete file in clearDirectory:/mnt/extSdCard/.yi_backup/.backup_app/unzip/com.UCMobile/dataSource/UCMobile/httpCache/bace6085
I/InputReader(  233): Touch event's action is 0x0 (deviceType=0) [pCnt=1, pending(waiting finished signal)=0, s=0.131 ]
I/InputDispatcher(  233): Delivering touch to current input target: action: 0x0
I/InputDispatcher(  233): Delivering touch to current input target: action: 0x0
I/InputDispatcher(  233): Delivering touch to current input target: action: 0x0
I/InputReader(  233): Touch event's action is 0x1 (deviceType=0) [pCnt=1, pending(waiting finished signal)=0, s=]
I/InputDispatcher(  233): Delivering touch to current input target: action: 0x1
I/InputDispatcher(  233): Delivering touch to current input target: action: 0x1
I/InputDispatcher(  233): Delivering touch to current input target: action: 0x1
I/AudioPolicyManagerBase(   96): getSituationVolume: isBTConnected:0 isHeadConnected:0
V/AudioPolicyManagerBase(   96): getParamFromPolicy  deviceInt = 0, situationInt = 1, situationVolume = 0.500000
D/AudioService(  233): playSoundEffect()
V/AudioFlinger(   96): createTrack() sessionId: 0
V/AudioFlinger(   96): createTrack() lSessionId: 26
V/AudioFlinger(   96): Track constructor name 4097, calling thread 233
V/AudioFlinger(   96): acquiring 26 from 233
V/AudioFlinger(   96):  added new entry for 26
V/AudioFlinger(   96): start(4097), calling thread 233 session 26
V/AudioFlinger(   96): ? => ACTIVE (4097) on thread 0x169bad0
V/AudioPolicyService(   96): startOutput() tid 225
V/AudioPolicyManagerBase(   96): startOutput() output 1, stream 1, session 26
V/AudioPolicyManagerBase(   96): getDeviceForStrategy() from cache strategy 0, device 2
V/AudioPolicyManagerBase(   96): changeRefCount() stream 1, count 1
V/AudioPolicyManagerBase(   96): getDeviceForStrategy() from cache strategy 0, device 2
V/AudioPolicyManagerBase(   96): getNewDevice() selected device 2
V/AudioPolicyManagerALSA(   96): AudioPolicyManagerBase::setOutputDevice() output 1 device 2 delayMs 0
V/AudioPolicyManagerALSA(   96): setOutputDevice() setting same device 2 or null device for output 1
D/AudioPolicyManagerALSA(   96): startOutput() output=1, stream=1, session=26, phoneState=0
E/AudioFlinger(   96): addTrack_l streamType (4)
E/AudioFlinger(   96): addTrack_l streamType (0, 1) for mStreamTypes[stream].volume[0.251189]
D/AudioHardwareALSA(   96): ALSAStreamOps::setParameters() start_output_streamtype=1;start_output_streamvol=4
E/AudioHardwareALSA(   96): organ_volIndex=4
E/AudioHardwareALSA(   96): organ_streamIndex=1
E/AudioHardwareALSA(   96): setOrgan() 1,OnOff[1],volume[4]
W/ALSAModule(   96): audio_tune_hw4app_register tat=[12] volume_type=[0] volume_level=[4]
W/ALSAModule(   96): audio_tune_hw4app_policy bitmap=0x00001000 is 12
W/ALSAModule(   96): audio_tune_hw4app_write2hardware can't locate the right mFactoryRouteRCVMode [0]
W/ALSAModule(   96): audio_tune_hw4app_write2hardware will apply [12,music] vol_type0, vol_level4, eq_type0, device_mode3 to audio hardware
E/AudioHardwareALSA(   96): setOrgan=1
V/AudioFlinger(   96): mWaitWorkCV.broadcast
V/AudioFlinger(   96): MixerThread 0x1676768 TID 219 waking up
V/AudioFlinger(   96): acquireWakeLock_l() AudioOut_1 status 0
V/AudioFlinger(   96): releasing 25 from 233
V/AudioFlinger(   96):  decremented refcount to 0
V/AudioFlinger(   96): purging stale effects
V/AudioPolicyService(   96): releaseOutput() tid 220
V/AudioPolicyManagerBase(   96): releaseOutput() 1
V/AudioFlinger(   96): remove track (4098) and delete from mixer
V/AudioFlinger(   96): PlaybackThread::Track destructor
I/AudioResampler(   96):  Create linear Resampler inChannelCount:2 sampleRate:44100
I/AudioResampler(   96): AudioResampler::AudioResampler() 1 bits, 2 channels
I/AudioResampler(   96): new MM resampler(48000 -> 44100, 2)
W/AudioHardwareALSA(   96): glx [AndroidPlayback_Speaker_normal] gggggggggggggggggggggggggg snd_pcm_writei
W/ALSAModule(   96): s_open not need reentrant protecting, green channel
W/ALSAModule(   96): luther don't need to wait for cp....
W/ALSAModule(   96): oooooooooooooooo s_open Enter incall=0
W/ALSAModule(   96): s_open got lock1
W/ALSAModule(   96): s_open got lock2, yeah
W/ALSAModule(   96): you do not want to mute audio path
W/ALSAModule(   96): close snd_pcm_drain
W/ALSAModule(   96): close snd_pcm_drain done & ret=0
W/ALSAModule(   96): close snd_pcm_close
W/ALSAModule(   96): close OK
V/ALSAModule(   96): initially, setHardwareParams: buffer size: 882, latency: 21768
V/ALSAModule(   96): Set PLAYBACK PCM format to S16_LE (Signed 16 bit Little Endian)
V/ALSAModule(   96): Using 2 channels for PLAYBACK.
V/ALSAModule(   96): Set PLAYBACK sample rate to 44100 HZ
V/ALSAModule(   96): snd_pcm_hw_params_set_buffer_size_near: get buffer size: 960
V/ALSAModule(   96): snd_pcm_hw_params_set_buffer_time_near: get latency: 21768
V/ALSAModule(   96): finally, setHardwareParams: snd_pcm_get_params: buffer time: 21768, buffer size: 960, period time: 3628, period size: 160
I/ALSAModule(   96): Initialized ALSA PLAYBACK device AndroidPlayback_Speaker_normal
W/ALSAModule(   96): [ Open ] s_audio_path_route to mode=0 BeingMode=0 0x00000002
W/ALSAModule(   96): alsa-phone ringtone special process, speaker to 1 later
W/ALSAModule(   96): qqqqqqqqqqqqqqqq s_open Exit
W/AudioHardwareALSA(   96): alsa-phone ringtone special process, speaker to 1 now [data 3840 bytes]
V/AudioFlinger(   96): stop(4097), calling thread 233
V/AudioFlinger(   96): (> STOPPED) => STOPPED (4097) on thread 0x1676768
V/AudioPolicyService(   96): stopOutput() tid 220
D/AudioPolicyManagerALSA(   96): stopOutput() output=1, stream=1, sesssion=26
V/AudioPolicyManagerBase(   96): stopOutput() output 1, stream 1, session 26
V/AudioPolicyManagerBase(   96): changeRefCount() stream 1, count 0
V/AudioPolicyManagerBase(   96): getNewDevice() selected device 0
V/AudioPolicyManagerALSA(   96): AudioPolicyManagerBase::setOutputDevice() output 1 device 0 delayMs 18
V/AudioPolicyManagerALSA(   96): setOutputDevice() setting same device 0 or null device for output 1
V/AudioFlinger(   96): TrackBase::reset
D/LocalStorageHelper(  930): delete file in clearDirectory:/mnt/extSdCard/.yi_backup/.backup_app/unzip/com.UCMobile/dataSource/UCMobile/httpCache/acc349d8
D/LocalStorageHelper(  930): delete file in clearDirectory:/mnt/extSdCard/.yi_backup/.backup_app/unzip/com.UCMobile/dataSource/UCMobile/httpCache/7d6ec471
D/LocalStorageHelper(  930): delete file in clearDirectory:/mnt/extSdCard/.yi_backup/.backup_app/unzip/com.UCMobile/dataSource/UCMobile/httpCache/3f24cd9f
D/LocalStorageHelper(  930): delete file in clearDirectory:/mnt/extSdCard/.yi_backup/.backup_app/unzip/com.UCMobile/dataSource/UCMobile/httpCache/65b0a55b
D/LocalStorageHelper(  930): delete file in clearDirectory:/mnt/extSdCard/.yi_backup/.backup_app/unzip/com.UCMobile/dataSource/UCMobile/httpCache/db588369
D/LocalStorageHelper(  930): delete file in clearDirectory:/mnt/extSdCard/.yi_backup/.backup_app/unzip/com.UCMobile/dataSource/UCMobile/httpCache/b29d4e31
D/LocalStorageHelper(  930): delete file in clearDirectory:/mnt/extSdCard/.yi_backup/.backup_app/unzip/com.UCMobile/dataSource/UCMobile/httpCache/520831ea
D/LocalStorageHelper(  930): delete file in clearDirectory:/mnt/extSdCard/.yi_backup/.backup_app/unzip/com.UCMobile/dataSource/UCMobile/httpCache/376f043b
I/Baidu Home2(  457): LauncherProvider: update count = 1 allapplist _id=1 null presetID=-1 isPreset=0 visible=1 clickCount=0 container=-1000 itemType=10 strategy_table_id=-1 intent=#Intent;action=android.intent.action.MAIN;category=android.intent.category.LAUNCHER;launchFlags=0x10200000;component=com.baiyi_mobile.security/.ui.MainSecurityActivity;end sort_index=0
I/Baidu Home2(  457): PagedViewCellLayout: mPaddingLeft = 6, mPaddingRight = 6, mCellCountX = 4, mCellWidth = 108
I/Baidu Home2(  457): PagedViewCellLayout: newWidth = 480
I/Baidu Home2(  457): LauncherProvider: update count = 1 allapplist _id=3 null presetID=-1 isPreset=0 visible=1 clickCount=0 container=-1000 itemType=10 strategy_table_id=-1 intent=#Intent;action=android.intent.action.MAIN;category=android.intent.category.LAUNCHER;launchFlags=0x10200000;component=com.baidu.yi.userfeedback/.ui.UserFeedbackActivity;end sort_index=1
I/Baidu Home2(  457): PagedViewCellLayout: mPaddingLeft = 6, mPaddingRight = 6, mCellCountX = 4, mCellWidth = 108
I/Baidu Home2(  457): PagedViewCellLayout: newWidth = 480
I/Baidu Home2(  457): PagedViewCellLayout: mPaddingLeft = 6, mPaddingRight = 6, mCellCountX = 4, mCellWidth = 108
I/Baidu Home2(  457): PagedViewCellLayout: newWidth = 480
I/Baidu Home2(  457): PagedViewCellLayout: mPaddingLeft = 6, mPaddingRight = 6, mCellCountX = 4, mCellWidth = 108
I/Baidu Home2(  457): PagedViewCellLayout: newWidth = 480
I/Baidu Home2(  457): LauncherProvider: update count = 1 allapplist _id=4 null presetID=-1 isPreset=0 visible=1 clickCount=0 container=-1000 itemType=10 strategy_table_id=-1 intent=#Intent;action=android.intent.action.MAIN;category=android.intent.category.LAUNCHER;launchFlags=0x10200000;component=com.sec.android.app.camera/.Camera;end sort_index=2
I/Baidu Home2(  457): LauncherProvider: update count = 1 allapplist _id=5 null presetID=-1 isPreset=0 visible=1 clickCount=0 container=-1000 itemType=10 strategy_table_id=-1 intent=#Intent;action=android.intent.action.MAIN;category=android.intent.category.LAUNCHER;launchFlags=0x10200000;component=com.baidu.appsearch/.LauncherActivity;end sort_index=3
I/Baidu Home2(  457): LauncherProvider: update count = 1 allapplist _id=6 null presetID=-1 isPreset=0 visible=1 clickCount=1 container=-1000 itemType=10 strategy_table_id=-1 intent=#Intent;action=android.intent.action.MAIN;category=android.intent.category.LAUNCHER;launchFlags=0x10200000;component=com.android.contacts/.activities.DialtactsActivity;end sort_index=4
I/Baidu Home2(  457): LauncherProvider: update count = 1 allapplist _id=7 null presetID=-1 isPreset=0 visible=1 clickCount=0 container=-1000 itemType=10 strategy_table_id=-1 intent=#Intent;action=android.intent.action.MAIN;category=android.intent.category.LAUNCHER;launchFlags=0x10200000;component=com.android.contacts/.activities.PeopleActivity;end sort_index=5
I/Baidu Home2(  457): LauncherProvider: update count = 1 allapplist _id=8 null presetID=-1 isPreset=0 visible=1 clickCount=0 container=-1000 itemType=10 strategy_table_id=-1 intent=#Intent;action=android.intent.action.MAIN;category=android.intent.category.LAUNCHER;launchFlags=0x10200000;component=com.android.contacts/com.android.mms.ui.ConversationList;end sort_index=6
I/Baidu Home2(  457): LauncherProvider: update count = 1 allapplist _id=9 null presetID=-1 isPreset=0 visible=1 clickCount=0 container=-1000 itemType=10 strategy_table_id=-1 intent=#Intent;action=android.intent.action.MAIN;category=android.intent.category.LAUNCHER;launchFlags=0x10200000;component=com.android.email/.activity.Welcome;end sort_index=7
I/Baidu Home2(  457): LauncherProvider: update count = 1 allapplist _id=10 null presetID=-1 isPreset=0 visible=1 clickCount=0 container=-1000 itemType=10 strategy_table_id=-1 intent=#Intent;action=android.intent.action.MAIN;category=android.intent.category.LAUNCHER;launchFlags=0x10200000;component=com.baidu.camera/.Camera;end sort_index=8
I/Baidu Home2(  457): LauncherProvider: update count = 1 allapplist _id=11 null presetID=-1 isPreset=0 visible=1 clickCount=0 container=-1000 itemType=10 strategy_table_id=-1 intent=#Intent;action=android.intent.action.MAIN;category=android.intent.category.LAUNCHER;launchFlags=0x10200000;component=com.baidu.gallery3d/.app.Gallery;end sort_index=9
I/Baidu Home2(  457): LauncherProvider: update count = 1 allapplist _id=12 null presetID=-1 isPreset=0 visible=1 clickCount=0 container=-1000 itemType=10 strategy_table_id=-1 intent=#Intent;action=android.intent.action.MAIN;category=android.intent.category.LAUNCHER;launchFlags=0x10200000;component=com.baidu.videoplayer/.activity.MediaPickerActivity;end sort_index=10
I/Baidu Home2(  457): LauncherProvider: update count = 1 allapplist _id=13 null presetID=-1 isPreset=0 visible=1 clickCount=0 container=-1000 itemType=10 strategy_table_id=-1 intent=#Intent;action=android.intent.action.MAIN;category=android.intent.category.LAUNCHER;launchFlags=0x10200000;component=com.baidu.musicplayer/.activity.MainFragmentActivity;end sort_index=11
I/Baidu Home2(  457): LauncherProvider: update count = 1 allapplist _id=14 null presetID=-1 isPreset=0 visible=1 clickCount=0 container=-1000 itemType=10 strategy_table_id=-1 intent=#Intent;action=android.intent.action.MAIN;category=android.intent.category.LAUNCHER;launchFlags=0x10200000;component=com.android.settings/.Settings;end sort_index=12
I/Baidu Home2(  457): LauncherProvider: update count = 1 allapplist _id=15 null presetID=-1 isPreset=0 visible=1 clickCount=0 container=-1000 itemType=10 strategy_table_id=-1 intent=#Intent;action=android.intent.action.MAIN;category=android.intent.category.LAUNCHER;launchFlags=0x10200000;component=com.baidu.notepad/.NotesList;end sort_index=13
I/InputReader(  233): Touch event's action is 0x0 (deviceType=0) [pCnt=1, pending(waiting finished signal)=0, s=0.132 ]
