D/STATUSBAR-StatusBarManagerService(  233): manageDisableList what=0x0 pkg=WindowManager.LayoutParams
D/DEFERED_APP_VISIBILITY(  233): tweaking closing app
D/DEFERED_APP_VISIBILITY(  233): tweaking closing app
V/BackupManagerService(  233): selectBackupTransport() set com.baidu.bsf.service/com.baidu.backup.service.LocalTransportService returning android/com.android.internal.backup.LocalTransport
D/STATUSBAR-NotificationService(  233): cancelNotification - pkg:XXX.XXXXX.XXXXXXXXXXXXX, id:1
D/STATUSBAR-NotificationService(  233): enqueueNotificationInternal - pkg:XXX.XXXXX.XXXXXXXXXXXXX, id:0
D/STATUSBAR-NotificationService(  233): Noti Alert - mSystemReady:true, AlertEnabled:true
D/BatteryService(  233): update start
D/BatteryService(  233): level:98 scale:100 status:3 health:2 present:true voltage: 4233 temperature: 365 technology: Li-ion AC powered:false USB powered:false icon:17303172 invalid charger:0
V/UiModeManager(  233): updateLocked, mLastBroadcastState =0 , oldAction = null
W/PowerManagerService(  233): Timer 0x7->0x3|0x0
I/PowerManagerService(  233): Ulight 0x7->0x3|0x0
D/PowerManagerService(  233): setLightBrightness : mButtonLight : 0
D/STATUSBAR-NotificationService(  233): enqueueNotificationInternal - pkg:XXX.XXXXX.XXXXXXXXXXXXX, id:0
D/STATUSBAR-NotificationService(  233): Noti Alert - mSystemReady:true, AlertEnabled:true
D/STATUSBAR-NotificationService(  233): enqueueNotificationInternal - pkg:XXX.XXXXX.XXXXXXXXXXXXX, id:0
D/STATUSBAR-NotificationService(  233): Noti Alert - mSystemReady:true, AlertEnabled:true
D/STATUSBAR-NotificationService(  233): enqueueNotificationInternal - pkg:XXX.XXXXX.XXXXXXXXXXXXX, id:0
D/STATUSBAR-NotificationService(  233): Noti Alert - mSystemReady:true, AlertEnabled:true
I/ActivityManager(  233): START {intent.toShortString} from pid 233
D/DEFERED_APP_VISIBILITY(  233): tweaking closing app
D/STATUSBAR-StatusBarManagerService(  233): setSystemUiVisibility(0x0)
D/STATUSBAR-StatusBarManagerService(  233): manageDisableList what=0x0 pkg=WindowManager.LayoutParams
W/PowerManagerService(  233): Timer 0x3->0x3|0x0
D/PowerManagerService(  233): mIsSipVisible : false
I/PowerManagerService(  233): Ulight 0x3->0x7|0x0
D/PowerManagerService(  233): setLightBrightness : mButtonLight : 102
W/AlarmManager(  233): FACTORY_ON= 0
D/STATUSBAR-NotificationService(  233): enqueueNotificationInternal - pkg:XXX.XXXXX.XXXXXXXXXXXXX, id:0
D/STATUSBAR-NotificationService(  233): Noti Alert - mSystemReady:true, AlertEnabled:true
W/PowerManagerService(  233): Timer 0x7->0x3|0x0
I/PowerManagerService(  233): Ulight 0x7->0x3|0x0
D/PowerManagerService(  233): setLightBrightness : mButtonLight : 0
I/PowerManagerService(  233): Ulight 0x3->0x7|0x0
D/PowerManagerService(  233): setLightBrightness : mButtonLight : 102
I/ActivityManager(  233): START {intent.toShortString} from pid 457
I/ActivityManager(  233): Start proc app.processName for activity hostingNameStr: pid=2938 uid=10008 gids={}
D/DEFERED_APP_VISIBILITY(  233): tweaking closing app
D/STATUSBAR-NotificationService(  233): enqueueNotificationInternal - pkg:XXX.XXXXX.XXXXXXXXXXXXX, id:0
D/STATUSBAR-NotificationService(  233): Noti Alert - mSystemReady:true, AlertEnabled:true
I/ActivityManager(  233): START {intent.toShortString} from pid 2938
D/ActivityManager(  233): Trying to launch applicationName
D/DEFERED_APP_VISIBILITY(  233): tweaking closing app
D/STATUSBAR-NotificationService(  233): enqueueNotificationInternal - pkg:XXX.XXXXX.XXXXXXXXXXXXX, id:0
D/STATUSBAR-NotificationService(  233): Noti Alert - mSystemReady:true, AlertEnabled:true
D/STATUSBAR-NotificationService(  233): enqueueNotificationInternal - pkg:XXX.XXXXX.XXXXXXXXXXXXX, id:0
D/STATUSBAR-NotificationService(  233): Noti Alert - mSystemReady:true, AlertEnabled:true
W/PowerManagerService(  233): Timer 0x7->0x3|0x0
I/PowerManagerService(  233): Ulight 0x7->0x3|0x0
D/PowerManagerService(  233): setLightBrightness : mButtonLight : 0
D/STATUSBAR-NotificationService(  233): enqueueNotificationInternal - pkg:XXX.XXXXX.XXXXXXXXXXXXX, id:0
D/STATUSBAR-NotificationService(  233): Noti Alert - mSystemReady:true, AlertEnabled:true
D/STATUSBAR-NotificationService(  233): cancelNotification - pkg:XXX.XXXXX.XXXXXXXXX, id:2131493962
D/STATUSBAR-NotificationService(  233): cancelNotification - pkg:XXX.XXXXX.XXXXXXXXX, id:2131230789
D/STATUSBAR-NotificationService(  233): cancelNotification - pkg:XXX.XXXXX.XXXXXXXXX, id:2131230792
D/STATUSBAR-NotificationService(  233): cancelNotification - pkg:XXX.XXXXX.XXXXXXXXX, id:2131230792
D/STATUSBAR-NotificationService(  233): cancelNotification - pkg:XXX.XXXXX.XXXXXXXXX, id:2131230794
D/STATUSBAR-NotificationService(  233): cancelNotification - pkg:XXX.XXXXX.XXXXXXXXX, id:2131230795
D/STATUSBAR-NotificationService(  233): cancelNotification - pkg:XXX.XXXXX.XXXXXXXXX, id:2131493634
D/STATUSBAR-NotificationService(  233): cancelNotification - pkg:XXX.XXXXX.XXXXXXXXX, id:2131493635
D/STATUSBAR-NotificationService(  233): enqueueNotificationInternal - pkg:XXX.XXXXX.XXXXXXXXXXXXX, id:0
D/STATUSBAR-NotificationService(  233): Noti Alert - mSystemReady:true, AlertEnabled:true
D/STATUSBAR-StatusBarManagerService(  233): setSystemUiVisibility(0x0)
D/STATUSBAR-StatusBarManagerService(  233): manageDisableList what=0x0 pkg=WindowManager.LayoutParams
W/AlarmManager(  233): FACTORY_ON= 0
D/PowerManagerService(  233): mIsSipVisible : false
D/STATUSBAR-NotificationService(  233): enqueueToast()
D/PowerManagerService(  233): acquireWakeLock flags=0xa tag=KEEP_SCREEN_ON_FLAG uid=1000 pid=233   myUID=1000 myPID=233 myTID=478
I/PowerManagerService(  233): Ulight 0x3->0x7|0x0
D/PowerManagerService(  233): setLightBrightness : mButtonLight : 102
D/STATUSBAR-StatusBarManagerService(  233): setSystemUiVisibility(0x0)
D/STATUSBAR-StatusBarManagerService(  233): manageDisableList what=0x0 pkg=WindowManager.LayoutParams
D/STATUSBAR-NotificationService(  233): enqueueNotificationInternal - pkg:XXX.XXXXX.XXXXXXXXXXXXX, id:0
D/STATUSBAR-NotificationService(  233): Noti Alert - mSystemReady:true, AlertEnabled:true
D/PowerManagerService(  233): releaseWakeLockLocked flags=0x0 tag=KEEP_SCREEN_ON_FLAG myUID=1000 myPID=233 myTID=318
D/STATUSBAR-NotificationService(  233): cancelNotification - pkg:XXX.XXXXXXX.XXXXXXXX, id:531
D/STATUSBAR-NotificationService(  233): cancelNotification - pkg:XXX.XXXXXXX.XXXXXXXX, id:123
D/PowerManagerService(  233): mIsSipVisible : false
D/DEFERED_APP_VISIBILITY(  233): tweaking closing app
D/STATUSBAR-NotificationService(  233): cancelNotification - pkg:XXX.XXXXXXX.XXXXXXXX, id:789
W/PowerManagerService(  233): Timer 0x7->0x3|0x0
I/PowerManagerService(  233): Ulight 0x7->0x3|0x0
D/PowerManagerService(  233): setLightBrightness : mButtonLight : 0
W/AlarmManager(  233): FACTORY_ON= 0
I/PowerManagerService(  233): Ulight 0x3->0x7|0x0
D/PowerManagerService(  233): setLightBrightness : mButtonLight : 102
D/VibratorService(  233): JNI vibratorOff()
D/STATUSBAR-NotificationService(  233): updateLightsLocked() : Turn off notification light
D/STATUSBAR-StatusBarManagerService(  233): setSystemUiVisibility(0x0)
D/STATUSBAR-StatusBarManagerService(  233): manageDisableList what=0x0 pkg=WindowManager.LayoutParams
I/ActivityManager(  233): Start proc app.processName for service hostingNameStr: pid=3177 uid=1000 gids={3003, 1015, 1023, 1007, 1006, 3002, 3001, 2001, 3006}
D/VibratorService(  233): JNI vibratorOff()
D/STATUSBAR-NotificationService(  233): updateLightsLocked() : Turn off notification light
D/STATUSBAR-NotificationService(  233): enqueueNotificationInternal - pkg:XXX.XXXXX.XXXXXXXXXXX, id:30923
E/NotificationService(  233): Ignoring notification with icon==0: Notification(contentView=null vibrate=null,sound=null,defaults=0x0,flags=0x62)
D/STATUSBAR-NotificationService(  233): Noti Alert - mSystemReady:true, AlertEnabled:true
D/STATUSBAR-StatusBarManagerService(  233): setSystemUiVisibility(0x0)
D/STATUSBAR-StatusBarManagerService(  233): manageDisableList what=0x0 pkg=WindowManager.LayoutParams
W/InputManagerService(  233): Window already focused, ignoring focus gain of: com.android.internal.view.IInputMethodClient$Stub$Proxy@40fd4f70
D/PowerManagerService(  233): setScreenOffTimeouts mKeylightDelay=1500 mDimDelay=51500 mScreenOffDelay=7000 mDimScreen=true
I/ActivityManager(  233): START {intent.toShortString} from pid 3177
D/ActivityManager(  233): Trying to launch applicationName
D/STATUSBAR-StatusBarManagerService(  233): setSystemUiVisibility(0x0)
D/STATUSBAR-StatusBarManagerService(  233): manageDisableList what=0x0 pkg=WindowManager.LayoutParams
D/PowerManagerService(  233): mIsSipVisible : false
W/PowerManagerService(  233): Timer 0x7->0x3|0x0
I/PowerManagerService(  233): Ulight 0x7->0x3|0x0
D/PowerManagerService(  233): setLightBrightness : mButtonLight : 0
I/PowerManagerService(  233): Ulight 0x3->0x7|0x0
D/PowerManagerService(  233): setLightBrightness : mButtonLight : 102
I/ActivityManager(  233): START {intent.toShortString} from pid 3177
D/ActivityManager(  233): Trying to launch applicationName
D/PowerManagerService(  233): setScreenOffTimeouts mKeylightDelay=1500 mDimDelay=51500 mScreenOffDelay=7000 mDimScreen=true
D/PowerManagerService(  233): setScreenOffTimeouts mKeylightDelay=1500 mDimDelay=51500 mScreenOffDelay=7000 mDimScreen=true
D/STATUSBAR-StatusBarManagerService(  233): setSystemUiVisibility(0x0)
D/STATUSBAR-StatusBarManagerService(  233): manageDisableList what=0x0 pkg=WindowManager.LayoutParams
D/DEFERED_APP_VISIBILITY(  233): tweaking closing app
W/AlarmManager(  233): FACTORY_ON= 0
W/BackupManagerService(  233): dataChanged but no participant pkg='com.android.providers.settings' uid=10003
D/PowerManagerService(  233): setScreenOffTimeouts mKeylightDelay=1500 mDimDelay=51500 mScreenOffDelay=7000 mDimScreen=true
W/AlarmManager(  233): FACTORY_ON= 0
W/BackupManagerService(  233): dataChanged but no participant pkg='com.android.providers.settings' uid=10003
D/PowerManagerService(  233): setScreenOffTimeouts mKeylightDelay=1500 mDimDelay=51500 mScreenOffDelay=7000 mDimScreen=true
D/PowerManagerService(  233): setScreenOffTimeouts mKeylightDelay=1500 mDimDelay=51500 mScreenOffDelay=7000 mDimScreen=true
W/BackupManagerService(  233): dataChanged but no participant pkg='com.android.providers.settings' uid=10003
D/PowerManagerService(  233): setScreenOffTimeouts mKeylightDelay=1500 mDimDelay=51500 mScreenOffDelay=7000 mDimScreen=true
V/AlarmManager(  233): waitForAlarm result :2
V/AlarmManager(  233): waitForAlarm result :8
V/AlarmManager(  233): ClockReceiver onReceive() ACTION_TIME_TICK
W/AlarmManager(  233): FACTORY_ON= 0
E/AndroidRuntime( 3177): FATAL EXCEPTION: AsyncTask #1
E/AndroidRuntime( 3177): java.lang.RuntimeException: An error occured while executing doInBackground()
E/AndroidRuntime( 3177): 	at android.os.AsyncTask$3.done(AsyncTask.java:278)
E/AndroidRuntime( 3177): 	at java.util.concurrent.FutureTask$Sync.innerSetException(FutureTask.java:273)
E/AndroidRuntime( 3177): 	at java.util.concurrent.FutureTask.setException(FutureTask.java:124)
E/AndroidRuntime( 3177): 	at java.util.concurrent.FutureTask$Sync.innerRun(FutureTask.java:307)
E/AndroidRuntime( 3177): 	at java.util.concurrent.FutureTask.run(FutureTask.java:137)
E/AndroidRuntime( 3177): 	at android.os.AsyncTask$SerialExecutor$1.run(AsyncTask.java:208)
E/AndroidRuntime( 3177): 	at java.util.concurrent.ThreadPoolExecutor.runWorker(ThreadPoolExecutor.java:1076)
E/AndroidRuntime( 3177): 	at java.util.concurrent.ThreadPoolExecutor$Worker.run(ThreadPoolExecutor.java:569)
E/AndroidRuntime( 3177): 	at java.lang.Thread.run(Thread.java:856)
E/AndroidRuntime( 3177): Caused by: java.lang.UnsatisfiedLinkError: getSourceImage
E/AndroidRuntime( 3177): 	at com.baidu.clicksearch.image.ocr.OCRInterface.getSourceImage(Native Method)
E/AndroidRuntime( 3177): 	at com.baidu.clicksearch.image.ocr.OCR.doOCR(OCR.java:23)
E/AndroidRuntime( 3177): 	at com.baidu.clicksearch.image.impl.PicToTextImpl$OCRTask.doInBackground(PicToTextImpl.java:131)
E/AndroidRuntime( 3177): 	at com.baidu.clicksearch.image.impl.PicToTextImpl$OCRTask.doInBackground(PicToTextImpl.java:120)
E/AndroidRuntime( 3177): 	at android.os.AsyncTask$2.call(AsyncTask.java:264)
E/AndroidRuntime( 3177): 	at java.util.concurrent.FutureTask$Sync.innerRun(FutureTask.java:305)
E/AndroidRuntime( 3177): 	... 5 more
W/ActivityManager(  233):   Force finishing activity com.baidu.clicksearch/.ui.WordActivity
D/DEFERED_APP_VISIBILITY(  233): tweaking closing app
D/STATUSBAR-StatusBarManagerService(  233): setSystemUiVisibility(0x0)
D/STATUSBAR-StatusBarManagerService(  233): manageDisableList what=0x0 pkg=WindowManager.LayoutParams
D/PowerManagerService(  233): setScreenOffTimeouts mKeylightDelay=1500 mDimDelay=51500 mScreenOffDelay=7000 mDimScreen=true
D/STATUSBAR-StatusBarManagerService(  233): setSystemUiVisibility(0x0)
D/STATUSBAR-StatusBarManagerService(  233): manageDisableList what=0x0 pkg=WindowManager.LayoutParams
V/AlarmManager(  233): waitForAlarm result :8
W/PowerManagerService(  233): Timer 0x7->0x3|0x0
I/PowerManagerService(  233): Ulight 0x7->0x3|0x0
D/PowerManagerService(  233): setLightBrightness : mButtonLight : 0
D/VoldCmdListener(   78): asec list
D/VoldCmdListener(   78): CommandListener::AsecCmd::runCommand -> -- 
W/InputManagerService(  233): Focus gain on non-focused client com.android.internal.view.IInputMethodClient$Stub$Proxy@41204cd0 (uid=10041 pid=457)
V/InputManagerService(  233): Focus gain on non-focused client mCurClient info is ClientState{41556380 uid 1000 pid 3177}
D/STATUSBAR-StatusBarManagerService(  233): setSystemUiVisibility(0x0)
D/STATUSBAR-StatusBarManagerService(  233): manageDisableList what=0x0 pkg=WindowManager.LayoutParams
D/STATUSBAR-StatusBarManagerService(  233): setSystemUiVisibility(0x0)
D/STATUSBAR-StatusBarManagerService(  233): manageDisableList what=0x0 pkg=WindowManager.LayoutParams
I/ActivityManager(  233): Start proc app.processName for broadcast hostingNameStr: pid=3270 uid=10011 gids={3003, 1015, 1023, 1007, 1006}
W/AlarmManager(  233): FACTORY_ON= 0
I/ActivityManager(  233): Process com.baidu.input:bdservice_v1 (pid 3270) has died.
I/PowerManagerService(  233): Ulight 0x3->0x7|0x0
D/PowerManagerService(  233): setLightBrightness : mButtonLight : 102
D/STATUSBAR-StatusBarManagerService(  233): setSystemUiVisibility(0x0)
D/STATUSBAR-StatusBarManagerService(  233): manageDisableList what=0x0 pkg=WindowManager.LayoutParams
I/ActivityManager(  233): Process com.baidu.clicksearch (pid 3177) has died.
I/WindowManager(  233): WIN DEATH: Window{41485f40  ***  paused=false}
D/STATUSBAR-NotificationService(  233): cancelNotification - pkg:XXX.XXXXX.XXXXXXXXXXX, id:30923
D/STATUSBAR-NotificationService(  233): updateLightsLocked() : Turn off notification light
D/STATUSBAR-StatusBarManagerService(  233): setSystemUiVisibility(0x0)
D/STATUSBAR-StatusBarManagerService(  233): manageDisableList what=0x0 pkg=WindowManager.LayoutParams
D/STATUSBAR-StatusBarManagerService(  233): setSystemUiVisibility(0x0)
D/STATUSBAR-StatusBarManagerService(  233): manageDisableList what=0x0 pkg=WindowManager.LayoutParams
I/WindowManager(  233): WIN DEATH: Window{414d2860  ***  paused=false}
W/InputManagerService(  233): Got RemoteException sending setActive(false) notification to pid 3177 uid 1000
D/PowerManagerService(  233): mIsSipVisible : false
W/PowerManagerService(  233): Timer 0x7->0x3|0x0
I/PowerManagerService(  233): Ulight 0x7->0x3|0x0
D/PowerManagerService(  233): setLightBrightness : mButtonLight : 0
D/VibratorService(  233): JNI vibratorOff()
I/PowerManagerService(  233): Ulight 0x3->0x7|0x0
D/PowerManagerService(  233): setLightBrightness : mButtonLight : 102
D/STATUSBAR-NotificationService(  233): updateLightsLocked() : Turn off notification light
D/STATUSBAR-StatusBarManagerService(  233): setSystemUiVisibility(0x0)
D/STATUSBAR-StatusBarManagerService(  233): manageDisableList what=0x0 pkg=WindowManager.LayoutParams
V/AlarmManager(  233): waitForAlarm result :8
W/AlarmManager(  233): FACTORY_ON= 0
I/ActivityManager(  233): Start proc app.processName for service hostingNameStr: pid=3294 uid=1000 gids={3003, 1015, 1023, 1007, 1006, 3002, 3001, 2001, 3006}
D/STATUSBAR-NotificationService(  233): enqueueNotificationInternal - pkg:XXX.XXXXX.XXXXXXXXXXX, id:30923
E/NotificationService(  233): Ignoring notification with icon==0: Notification(contentView=null vibrate=null,sound=null,defaults=0x0,flags=0x62)
D/STATUSBAR-NotificationService(  233): Noti Alert - mSystemReady:true, AlertEnabled:true
D/VibratorService(  233): JNI vibratorOff()
D/STATUSBAR-NotificationService(  233): updateLightsLocked() : Turn off notification light
D/STATUSBAR-NotificationService(  233): enqueueNotificationInternal - pkg:XXX.XXXXX.XXXXXXXXXXX, id:30923
E/NotificationService(  233): Ignoring notification with icon==0: Notification(contentView=null vibrate=null,sound=null,defaults=0x0,flags=0x62)
D/STATUSBAR-NotificationService(  233): Noti Alert - mSystemReady:true, AlertEnabled:true
D/STATUSBAR-StatusBarManagerService(  233): setSystemUiVisibility(0x0)
D/STATUSBAR-StatusBarManagerService(  233): manageDisableList what=0x0 pkg=WindowManager.LayoutParams
W/InputManagerService(  233): Window already focused, ignoring focus gain of: com.android.internal.view.IInputMethodClient$Stub$Proxy@4131e498
D/PowerManagerService(  233): setScreenOffTimeouts mKeylightDelay=1500 mDimDelay=51500 mScreenOffDelay=7000 mDimScreen=true
D/STATUSBAR-NotificationService(  233): cancelNotification - pkg:XXX.XXXXX.XXXXXXXXXXX, id:30923
D/STATUSBAR-NotificationService(  233): updateLightsLocked() : Turn off notification light
I/ActivityManager(  233): Process com.baidu.clicksearch (pid 3294) has died.
W/PowerManagerService(  233): Timer 0x7->0x3|0x0
I/PowerManagerService(  233): Ulight 0x7->0x3|0x0
D/PowerManagerService(  233): setLightBrightness : mButtonLight : 0
I/PowerManagerService(  233): Ulight 0x3->0x7|0x0
D/PowerManagerService(  233): setLightBrightness : mButtonLight : 102
D/VibratorService(  233): JNI vibratorOff()
D/STATUSBAR-NotificationService(  233): updateLightsLocked() : Turn off notification light
D/STATUSBAR-StatusBarManagerService(  233): setSystemUiVisibility(0x0)
D/STATUSBAR-StatusBarManagerService(  233): manageDisableList what=0x0 pkg=WindowManager.LayoutParams
D/VibratorService(  233): JNI vibratorOff()
D/STATUSBAR-NotificationService(  233): updateLightsLocked() : Turn off notification light
D/STATUSBAR-StatusBarManagerService(  233): setSystemUiVisibility(0x0)
D/STATUSBAR-StatusBarManagerService(  233): manageDisableList what=0x0 pkg=WindowManager.LayoutParams
W/InputManagerService(  233): Window already focused, ignoring focus gain of: com.android.internal.view.IInputMethodClient$Stub$Proxy@417324a0
W/PowerManagerService(  233): Timer 0x7->0x3|0x0
I/PowerManagerService(  233): Ulight 0x7->0x3|0x0
D/PowerManagerService(  233): setLightBrightness : mButtonLight : 0
I/PowerManagerService(  233): Ulight 0x3->0x7|0x0
D/PowerManagerService(  233): setLightBrightness : mButtonLight : 102
D/BatteryService(  233): update start
D/BatteryService(  233): level:98 scale:100 status:3 health:2 present:true voltage: 4220 temperature: 372 technology: Li-ion AC powered:false USB powered:false icon:17303172 invalid charger:0
V/UiModeManager(  233): updateLocked, mLastBroadcastState =0 , oldAction = null
W/PowerManagerService(  233): Timer 0x7->0x3|0x0
I/PowerManagerService(  233): Ulight 0x7->0x3|0x0
D/PowerManagerService(  233): setLightBrightness : mButtonLight : 0
D/STATUSBAR-NotificationService(  233): enqueueNotificationInternal - pkg:XXX.XXXXX.XXXXXXXXXXXXX, id:0
D/STATUSBAR-NotificationService(  233): Noti Alert - mSystemReady:true, AlertEnabled:true
D/STATUSBAR-NotificationService(  233): enqueueNotificationInternal - pkg:XXX.XXXXX.XXXXXXXXXXXXX, id:0
D/STATUSBAR-NotificationService(  233): Noti Alert - mSystemReady:true, AlertEnabled:true
D/STATUSBAR-NotificationService(  233): enqueueNotificationInternal - pkg:XXX.XXXXX.XXXXXXXXXXXXX, id:0
D/STATUSBAR-NotificationService(  233): Noti Alert - mSystemReady:true, AlertEnabled:true
D/STATUSBAR-NotificationService(  233): enqueueNotificationInternal - pkg:XXX.XXXXX.XXXXXXXXXXXXX, id:0
D/STATUSBAR-NotificationService(  233): Noti Alert - mSystemReady:true, AlertEnabled:true
I/PowerManagerService(  233): Ulight 0x3->0x7|0x0
D/PowerManagerService(  233): setLightBrightness : mButtonLight : 102
D/STATUSBAR-NotificationService(  233): enqueueNotificationInternal - pkg:XXX.XXXXX.XXXXXXXXXXXXX, id:0
D/STATUSBAR-NotificationService(  233): Noti Alert - mSystemReady:true, AlertEnabled:true
D/STATUSBAR-NotificationService(  233): enqueueNotificationInternal - pkg:XXX.XXXXX.XXXXXXXXXXXXX, id:0
D/STATUSBAR-NotificationService(  233): Noti Alert - mSystemReady:true, AlertEnabled:true
I/ActivityManager(  233): START {intent.toShortString} from pid 457
I/ActivityManager(  233): Start proc app.processName for activity hostingNameStr: pid=3352 uid=10031 gids={3003, 1015, 1023}
D/DEFERED_APP_VISIBILITY(  233): tweaking closing app
W/PowerManagerService(  233): Timer 0x7->0x3|0x0
I/PowerManagerService(  233): Ulight 0x7->0x3|0x0
D/PowerManagerService(  233): setLightBrightness : mButtonLight : 0
D/STATUSBAR-StatusBarManagerService(  233): setSystemUiVisibility(0x0)
D/STATUSBAR-StatusBarManagerService(  233): manageDisableList what=0x0 pkg=WindowManager.LayoutParams
D/PowerManagerService(  233): mIsSipVisible : false
D/STATUSBAR-NotificationService(  233): enqueueNotificationInternal - pkg:XXX.XXXXX.XXXXXXXXXXXXX, id:0
D/STATUSBAR-NotificationService(  233): Noti Alert - mSystemReady:true, AlertEnabled:true
V/AlarmManager(  233): waitForAlarm result :2
W/AlarmManager(  233): FACTORY_ON= 0
D/STATUSBAR-NotificationService(  233): enqueueNotificationInternal - pkg:XXX.XXXXX.XXXXXXXXXXXXX, id:0
D/STATUSBAR-NotificationService(  233): Noti Alert - mSystemReady:true, AlertEnabled:true
I/PowerManagerService(  233): Ulight 0x3->0x7|0x0
D/PowerManagerService(  233): setLightBrightness : mButtonLight : 102
D/STATUSBAR-NotificationService(  233): enqueueNotificationInternal - pkg:XXX.XXXXX.XXXXXXXXXXXXX, id:0
D/STATUSBAR-NotificationService(  233): Noti Alert - mSystemReady:true, AlertEnabled:true
D/STATUSBAR-NotificationService(  233): enqueueNotificationInternal - pkg:XXX.XXXXX.XXXXXXXXXXXXX, id:0
D/STATUSBAR-NotificationService(  233): Noti Alert - mSystemReady:true, AlertEnabled:true
W/PowerManagerService(  233): Timer 0x7->0x3|0x0
I/PowerManagerService(  233): Ulight 0x7->0x3|0x0
D/PowerManagerService(  233): setLightBrightness : mButtonLight : 0
I/PowerManagerService(  233): Ulight 0x3->0x7|0x0
D/PowerManagerService(  233): setLightBrightness : mButtonLight : 102
D/STATUSBAR-NotificationService(  233): enqueueNotificationInternal - pkg:XXX.XXXXX.XXXXXXXXXXXXX, id:0
D/STATUSBAR-NotificationService(  233): Noti Alert - mSystemReady:true, AlertEnabled:true
D/STATUSBAR-NotificationService(  233): enqueueNotificationInternal - pkg:XXX.XXXXX.XXXXXXXXXXXXX, id:0
D/STATUSBAR-NotificationService(  233): Noti Alert - mSystemReady:true, AlertEnabled:true
V/AlarmManager(  233): waitForAlarm result :8
V/AlarmManager(  233): waitForAlarm result :2
V/AlarmManager(  233): ClockReceiver onReceive() ACTION_TIME_TICK
W/AlarmManager(  233): FACTORY_ON= 0
D/STATUSBAR-NotificationService(  233): enqueueNotificationInternal - pkg:XXX.XXXXX.XXXXXXXXXXXXX, id:0
D/STATUSBAR-NotificationService(  233): Noti Alert - mSystemReady:true, AlertEnabled:true
W/PowerManagerService(  233): Timer 0x7->0x3|0x0
I/PowerManagerService(  233): Ulight 0x7->0x3|0x0
D/PowerManagerService(  233): setLightBrightness : mButtonLight : 0
I/PowerManagerService(  233): Ulight 0x3->0x7|0x0
D/PowerManagerService(  233): setLightBrightness : mButtonLight : 102
D/STATUSBAR-StatusBarManagerService(  233): setSystemUiVisibility(0x0)
D/STATUSBAR-StatusBarManagerService(  233): manageDisableList what=0x0 pkg=WindowManager.LayoutParams
D/PowerManagerService(  233): mIsSipVisible : false
D/DEFERED_APP_VISIBILITY(  233): tweaking closing app
E/WifiP2pStateTracker(  233): getNetworkInfo : NetworkInfo: type: wifi_p2p[], state: UNKNOWN/IDLE, reason: (unspecified), extra: (none), roaming: false, failover: false, isAvailable: false
D/STATUSBAR-NotificationService(  233): enqueueNotificationInternal - pkg:XXX.XXXXX.XXXXXXXXXXXXX, id:0
D/STATUSBAR-NotificationService(  233): Noti Alert - mSystemReady:true, AlertEnabled:true
I/ActivityManager(  233): START {intent.toShortString} from pid 457
D/ActivityManager(  233): Trying to launch applicationName
D/STATUSBAR-NotificationService(  233): enqueueNotificationInternal - pkg:XXX.XXXXX.XXXXXXXXXXXXX, id:0
D/STATUSBAR-NotificationService(  233): Noti Alert - mSystemReady:true, AlertEnabled:true
D/STATUSBAR-StatusBarManagerService(  233): setSystemUiVisibility(0x0)
D/STATUSBAR-StatusBarManagerService(  233): manageDisableList what=0x0 pkg=WindowManager.LayoutParams
D/PowerManagerService(  233): mIsSipVisible : false
D/DEFERED_APP_VISIBILITY(  233): tweaking closing app
W/PowerManagerService(  233): Timer 0x7->0x3|0x0
I/PowerManagerService(  233): Ulight 0x7->0x3|0x0
D/PowerManagerService(  233): setLightBrightness : mButtonLight : 0
V/AlarmManager(  233): waitForAlarm result :8
W/AlarmManager(  233): FACTORY_ON= 0
I/PowerManagerService(  233): Ulight 0x3->0x7|0x0
D/PowerManagerService(  233): setLightBrightness : mButtonLight : 102
D/STATUSBAR-NotificationService(  233): enqueueNotificationInternal - pkg:XXX.XXXXX.XXXXXXXXXXXXX, id:0
D/STATUSBAR-NotificationService(  233): Noti Alert - mSystemReady:true, AlertEnabled:true
D/STATUSBAR-NotificationService(  233): enqueueNotificationInternal - pkg:XXX.XXXXX.XXXXXXXXXXXXX, id:0
D/STATUSBAR-NotificationService(  233): Noti Alert - mSystemReady:true, AlertEnabled:true
D/STATUSBAR-NotificationService(  233): enqueueNotificationInternal - pkg:XXX.XXXXX.XXXXXXXXXXXXX, id:0
D/STATUSBAR-NotificationService(  233): Noti Alert - mSystemReady:true, AlertEnabled:true
W/PowerManagerService(  233): Timer 0x7->0x3|0x0
I/PowerManagerService(  233): Ulight 0x7->0x3|0x0
D/PowerManagerService(  233): setLightBrightness : mButtonLight : 0
I/PowerManagerService(  233): Ulight 0x3->0x7|0x0
D/PowerManagerService(  233): setLightBrightness : mButtonLight : 102
D/STATUSBAR-NotificationService(  233): enqueueNotificationInternal - pkg:XXX.XXXXX.XXXXXXXXXXXXX, id:0
D/STATUSBAR-NotificationService(  233): Noti Alert - mSystemReady:true, AlertEnabled:true
W/PowerManagerService(  233): Timer 0x7->0x3|0x0
I/PowerManagerService(  233): Ulight 0x7->0x3|0x0
D/PowerManagerService(  233): setLightBrightness : mButtonLight : 0
I/PowerManagerService(  233): Ulight 0x3->0x7|0x0
D/PowerManagerService(  233): setLightBrightness : mButtonLight : 102
D/STATUSBAR-NotificationService(  233): enqueueNotificationInternal - pkg:XXX.XXXXX.XXXXXXXXXXXXX, id:0
D/STATUSBAR-NotificationService(  233): Noti Alert - mSystemReady:true, AlertEnabled:true
D/STATUSBAR-NotificationService(  233): enqueueNotificationInternal - pkg:XXX.XXXXX.XXXXXXXXXXXXX, id:0
D/STATUSBAR-NotificationService(  233): Noti Alert - mSystemReady:true, AlertEnabled:true
W/PowerManagerService(  233): Timer 0x7->0x3|0x0
I/PowerManagerService(  233): Ulight 0x7->0x3|0x0
D/PowerManagerService(  233): setLightBrightness : mButtonLight : 0
I/PowerManagerService(  233): Ulight 0x3->0x7|0x0
D/PowerManagerService(  233): setLightBrightness : mButtonLight : 102
D/STATUSBAR-NotificationService(  233): enqueueNotificationInternal - pkg:XXX.XXXXX.XXXXXXXXXXXXX, id:0
D/STATUSBAR-NotificationService(  233): Noti Alert - mSystemReady:true, AlertEnabled:true
D/STATUSBAR-NotificationService(  233): enqueueNotificationInternal - pkg:XXX.XXXXX.XXXXXXXXXXXXX, id:0
D/STATUSBAR-NotificationService(  233): Noti Alert - mSystemReady:true, AlertEnabled:true
D/BatteryService(  233): update start
D/BatteryService(  233): level:98 scale:100 status:3 health:2 present:true voltage: 4211 temperature: 382 technology: Li-ion AC powered:false USB powered:false icon:17303172 invalid charger:0
V/UiModeManager(  233): updateLocked, mLastBroadcastState =0 , oldAction = null
D/STATUSBAR-StatusBarManagerService(  233): setSystemUiVisibility(0x0)
D/STATUSBAR-StatusBarManagerService(  233): manageDisableList what=0x0 pkg=WindowManager.LayoutParams
D/DEFERED_APP_VISIBILITY(  233): tweaking closing app
E/WifiP2pStateTracker(  233): getNetworkInfo : NetworkInfo: type: wifi_p2p[], state: UNKNOWN/IDLE, reason: (unspecified), extra: (none), roaming: false, failover: false, isAvailable: false
D/PowerManagerService(  233): mIsSipVisible : false
D/STATUSBAR-NotificationService(  233): enqueueNotificationInternal - pkg:XXX.XXXXX.XXXXXXXXXXXXX, id:0
D/STATUSBAR-NotificationService(  233): Noti Alert - mSystemReady:true, AlertEnabled:true
W/PowerManagerService(  233): Timer 0x7->0x3|0x0
I/PowerManagerService(  233): Ulight 0x7->0x3|0x0
D/PowerManagerService(  233): setLightBrightness : mButtonLight : 0
D/STATUSBAR-NotificationService(  233): enqueueNotificationInternal - pkg:XXX.XXXXX.XXXXXXXXXXXXX, id:0
D/STATUSBAR-NotificationService(  233): Noti Alert - mSystemReady:true, AlertEnabled:true
I/PowerManagerService(  233): Ulight 0x3->0x7|0x0
D/PowerManagerService(  233): setLightBrightness : mButtonLight : 102
D/STATUSBAR-NotificationService(  233): enqueueNotificationInternal - pkg:XXX.XXXXX.XXXXXXXXXXXXX, id:0
D/STATUSBAR-NotificationService(  233): Noti Alert - mSystemReady:true, AlertEnabled:true
D/STATUSBAR-NotificationService(  233): enqueueNotificationInternal - pkg:XXX.XXXXX.XXXXXXXXXXXXX, id:0
D/STATUSBAR-NotificationService(  233): Noti Alert - mSystemReady:true, AlertEnabled:true
W/PowerManagerService(  233): Timer 0x7->0x3|0x0
I/PowerManagerService(  233): Ulight 0x7->0x3|0x0
D/PowerManagerService(  233): setLightBrightness : mButtonLight : 0
D/STATUSBAR-NotificationService(  233): enqueueNotificationInternal - pkg:XXX.XXXXX.XXXXXXXXXXXXX, id:0
D/STATUSBAR-NotificationService(  233): Noti Alert - mSystemReady:true, AlertEnabled:true
D/STATUSBAR-NotificationService(  233): enqueueNotificationInternal - pkg:XXX.XXXXX.XXXXXXXXXXXXX, id:0
D/STATUSBAR-NotificationService(  233): Noti Alert - mSystemReady:true, AlertEnabled:true
D/STATUSBAR-NotificationService(  233): enqueueNotificationInternal - pkg:XXX.XXXXX.XXXXXXXXXXXXX, id:0
D/STATUSBAR-NotificationService(  233): Noti Alert - mSystemReady:true, AlertEnabled:true
D/STATUSBAR-NotificationService(  233): enqueueNotificationInternal - pkg:XXX.XXXXX.XXXXXXXXXXXXX, id:0
D/STATUSBAR-NotificationService(  233): Noti Alert - mSystemReady:true, AlertEnabled:true
D/STATUSBAR-NotificationService(  233): enqueueNotificationInternal - pkg:XXX.XXXXX.XXXXXXXXXXXXX, id:0
--------- beginning of /dev/log/main
D/updateTaskDoingList(  930): index=7
D/updateTaskDoingList(  930): ismBlankViewFilled=true
D/FixedListViewRefreshAdapter(  930): tasking list,distance=0
D/updateTaskDoingList(  930): name=UC浏览器appInfo.progress=29
D/STATUSBAR-NotificationService(  233): Noti Alert - mSystemReady:true, AlertEnabled:true
D/RestoreUtil(  930): decompressZip() file:/mnt/extSdCard/.yi_backup/.backup_app/unzip/com.tencent.mobileqq/dataSource/files/bubble_info/11/voice/0008.png mod:33277
D/RestoreUtil(  930): entry name = com.tencent.mobileqq/dataSource/files/bubble_info/11/voice/0009.png
D/LocalStorageHelper(  930): createFile, path = /mnt/extSdCard/.yi_backup/.backup_app/unzip/com.tencent.mobileqq/dataSource/files/bubble_info/11/voice/0009.png
D/TrafficMonitorMain( 1332): performPoll mCurrentDDS = 0
D/StatusBar-TrafficView(  373): has icc card = true
V/com.baidu.trafficmonitor.widget.provider.TrafficMonitorWidgetProvider( 1332): onReceive : com.baidu.trafficmonitor.widget.provider.TrafficMonitorWidgetProvider@40f727c0 mReceiveBroadcastNum : 62
V/com.baidu.trafficmonitor.widget.provider.TrafficMonitorWidgetProvider( 1332): ACTION_NETWORK_STATS_UPDATE_WIDGET msg arrivied
E/com.baidu.trafficmonitor.widget.provider.TrafficMonitorWidgetProvider( 1332):  simInfo is null
D/RestoreUtil(  930): decompressZip() file:/mnt/extSdCard/.yi_backup/.backup_app/unzip/com.tencent.mobileqq/dataSource/files/bubble_info/11/voice/0009.png mod:33277
D/RestoreUtil(  930): entry name = com.tencent.mobileqq/dataSource/files/bubble_info/11/voice/0010.png
D/LocalStorageHelper(  930): createFile, path = /mnt/extSdCard/.yi_backup/.backup_app/unzip/com.tencent.mobileqq/dataSource/files/bubble_info/11/voice/0010.png
D/RestoreUtil(  930): decompressZip() file:/mnt/extSdCard/.yi_backup/.backup_app/unzip/com.tencent.mobileqq/dataSource/files/bubble_info/11/voice/0010.png mod:33277
D/RestoreUtil(  930): entry name = com.tencent.mobileqq/dataSource/files/bubble_info/11/voice/0011.png
D/LocalStorageHelper(  930): createFile, path = /mnt/extSdCard/.yi_backup/.backup_app/unzip/com.tencent.mobileqq/dataSource/files/bubble_info/11/voice/0011.png
D/RestoreUtil(  930): decompressZip() file:/mnt/extSdCard/.yi_backup/.backup_app/unzip/com.tencent.mobileqq/dataSource/files/bubble_info/11/voice/0011.png mod:33277
D/RestoreUtil(  930): entry name = com.tencent.mobileqq/dataSource/files/bubble_info/11/voice/0012.png
D/LocalStorageHelper(  930): createFile, path = /mnt/extSdCard/.yi_backup/.backup_app/unzip/com.tencent.mobileqq/dataSource/files/bubble_info/11/voice/0012.png
D/RestoreUtil(  930): decompressZip() file:/mnt/extSdCard/.yi_backup/.backup_app/unzip/com.tencent.mobileqq/dataSource/files/bubble_info/11/voice/0012.png mod:33277
D/RestoreUtil(  930): entry name = com.tencent.mobileqq/dataSource/files/bubble_info/11/voice/0013.png
D/LocalStorageHelper(  930): createFile, path = /mnt/extSdCard/.yi_backup/.backup_app/unzip/com.tencent.mobileqq/dataSource/files/bubble_info/11/voice/0013.png
D/RestoreUtil(  930): decompressZip() file:/mnt/extSdCard/.yi_backup/.backup_app/unzip/com.tencent.mobileqq/dataSource/files/bubble_info/11/voice/0013.png mod:33277
D/RestoreUtil(  930): entry name = com.tencent.mobileqq/dataSource/files/bubble_info/11/voice/0014.png
D/LocalStorageHelper(  930): createFile, path = /mnt/extSdCard/.yi_backup/.backup_app/unzip/com.tencent.mobileqq/dataSource/files/bubble_info/11/voice/0014.png
D/RestoreUtil(  930): decompressZip() file:/mnt/extSdCard/.yi_backup/.backup_app/unzip/com.tencent.mobileqq/dataSource/files/bubble_info/11/voice/0014.png mod:33277
D/RestoreUtil(  930): entry name = com.tencent.mobileqq/dataSource/files/bubble_info/11/voice/0015.png
D/LocalStorageHelper(  930): createFile, path = /mnt/extSdCard/.yi_backup/.backup_app/unzip/com.tencent.mobileqq/dataSource/files/bubble_info/11/voice/0015.png
D/RestoreUtil(  930): decompressZip() file:/mnt/extSdCard/.yi_backup/.backup_app/unzip/com.tencent.mobileqq/dataSource/files/bubble_info/11/voice/0015.png mod:33277
D/RestoreUtil(  930): entry name = com.tencent.mobileqq/dataSource/files/bubble_info/11/voice/0016.png
D/LocalStorageHelper(  930): createFile, path = /mnt/extSdCard/.yi_backup/.backup_app/unzip/com.tencent.mobileqq/dataSource/files/bubble_info/11/voice/0016.png
D/RestoreUtil(  930): decompressZip() file:/mnt/extSdCard/.yi_backup/.backup_app/unzip/com.tencent.mobileqq/dataSource/files/bubble_info/11/voice/0016.png mod:33277
D/RestoreUtil(  930): entry name = com.tencent.mobileqq/dataSource/files/bubble_info/11/voice/0017.png
D/LocalStorageHelper(  930): createFile, path = /mnt/extSdCard/.yi_backup/.backup_app/unzip/com.tencent.mobileqq/dataSource/files/bubble_info/11/voice/0017.png
D/RestoreUtil(  930): decompressZip() file:/mnt/extSdCard/.yi_backup/.backup_app/unzip/com.tencent.mobileqq/dataSource/files/bubble_info/11/voice/0017.png mod:33277
D/RestoreUtil(  930): entry name = com.tencent.mobileqq/dataSource/files/bubble_info/11/voice/0018.png
D/LocalStorageHelper(  930): createFile, path = /mnt/extSdCard/.yi_backup/.backup_app/unzip/com.tencent.mobileqq/dataSource/files/bubble_info/11/voice/0018.png
D/RestoreUtil(  930): decompressZip() file:/mnt/extSdCard/.yi_backup/.backup_app/unzip/com.tencent.mobileqq/dataSource/files/bubble_info/11/voice/0018.png mod:33277
D/RestoreUtil(  930): entry name = com.tencent.mobileqq/dataSource/files/bubble_info/11/voice/0019.png
D/LocalStorageHelper(  930): createFile, path = /mnt/extSdCard/.yi_backup/.backup_app/unzip/com.tencent.mobileqq/dataSource/files/bubble_info/11/voice/0019.png
D/RestoreUtil(  930): decompressZip() file:/mnt/extSdCard/.yi_backup/.backup_app/unzip/com.tencent.mobileqq/dataSource/files/bubble_info/11/voice/0019.png mod:33277
D/RestoreUtil(  930): entry name = com.tencent.mobileqq/dataSource/files/bubble_info/11/voice/0020.png
D/LocalStorageHelper(  930): createFile, path = /mnt/extSdCard/.yi_backup/.backup_app/unzip/com.tencent.mobileqq/dataSource/files/bubble_info/11/voice/0020.png
D/RestoreUtil(  930): decompressZip() file:/mnt/extSdCard/.yi_backup/.backup_app/unzip/com.tencent.mobileqq/dataSource/files/bubble_info/11/voice/0020.png mod:33277
D/RestoreUtil(  930): entry name = com.tencent.mobileqq/dataSource/files/bubble_info/11/zhongqiu/0001.png
D/LocalStorageHelper(  930): createFile, path = /mnt/extSdCard/.yi_backup/.backup_app/unzip/com.tencent.mobileqq/dataSource/files/bubble_info/11/zhongqiu/0001.png
D/RestoreUtil(  930): decompressZip() file:/mnt/extSdCard/.yi_backup/.backup_app/unzip/com.tencent.mobileqq/dataSource/files/bubble_info/11/zhongqiu/0001.png mod:33277
D/RestoreUtil(  930): entry name = com.tencent.mobileqq/dataSource/files/bubble_info/11/zhongqiu/0002.png
D/LocalStorageHelper(  930): createFile, path = /mnt/extSdCard/.yi_backup/.backup_app/unzip/com.tencent.mobileqq/dataSource/files/bubble_info/11/zhongqiu/0002.png
D/RestoreUtil(  930): decompressZip() file:/mnt/extSdCard/.yi_backup/.backup_app/unzip/com.tencent.mobileqq/dataSource/files/bubble_info/11/zhongqiu/0002.png mod:33277
D/RestoreUtil(  930): entry name = com.tencent.mobileqq/dataSource/files/bubble_info/11/zhongqiu/0003.png
D/LocalStorageHelper(  930): createFile, path = /mnt/extSdCard/.yi_backup/.backup_app/unzip/com.tencent.mobileqq/dataSource/files/bubble_info/11/zhongqiu/0003.png
D/RestoreUtil(  930): decompressZip() file:/mnt/extSdCard/.yi_backup/.backup_app/unzip/com.tencent.mobileqq/dataSource/files/bubble_info/11/zhongqiu/0003.png mod:33277
D/RestoreUtil(  930): entry name = com.tencent.mobileqq/dataSource/files/bubble_info/11/zhongqiu/0004.png
D/LocalStorageHelper(  930): createFile, path = /mnt/extSdCard/.yi_backup/.backup_app/unzip/com.tencent.mobileqq/dataSource/files/bubble_info/11/zhongqiu/0004.png
D/RestoreUtil(  930): decompressZip() file:/mnt/extSdCard/.yi_backup/.backup_app/unzip/com.tencent.mobileqq/dataSource/files/bubble_info/11/zhongqiu/0004.png mod:33277
D/RestoreUtil(  930): entry name = com.tencent.mobileqq/dataSource/files/bubble_info/11/zhongqiu/0005.png
D/LocalStorageHelper(  930): createFile, path = /mnt/extSdCard/.yi_backup/.backup_app/unzip/com.tencent.mobileqq/dataSource/files/bubble_info/11/zhongqiu/0005.png
D/RestoreUtil(  930): decompressZip() file:/mnt/extSdCard/.yi_backup/.backup_app/unzip/com.tencent.mobileqq/dataSource/files/bubble_info/11/zhongqiu/0005.png mod:33277
D/RestoreUtil(  930): entry name = com.tencent.mobileqq/dataSource/files/bubble_info/11/zhongqiu/0006.png
D/LocalStorageHelper(  930): createFile, path = /mnt/extSdCard/.yi_backup/.backup_app/unzip/com.tencent.mobileqq/dataSource/files/bubble_info/11/zhongqiu/0006.png
D/RestoreUtil(  930): decompressZip() file:/mnt/extSdCard/.yi_backup/.backup_app/unzip/com.tencent.mobileqq/dataSource/files/bubble_info/11/zhongqiu/0006.png mod:33277
D/RestoreUtil(  930): entry name = com.tencent.mobileqq/dataSource/files/bubble_info/11/zhongqiu/0007.png
D/LocalStorageHelper(  930): createFile, path = /mnt/extSdCard/.yi_backup/.backup_app/unzip/com.tencent.mobileqq/dataSource/files/bubble_info/11/zhongqiu/0007.png
D/RestoreUtil(  930): decompressZip() file:/mnt/extSdCard/.yi_backup/.backup_app/unzip/com.tencent.mobileqq/dataSource/files/bubble_info/11/zhongqiu/0007.png mod:33277
D/RestoreUtil(  930): entry name = com.tencent.mobileqq/dataSource/files/bubble_info/11/zhongqiu/0008.png
D/LocalStorageHelper(  930): createFile, path = /mnt/extSdCard/.yi_backup/.backup_app/unzip/com.tencent.mobileqq/dataSource/files/bubble_info/11/zhongqiu/0008.png
D/RestoreUtil(  930): decompressZip() file:/mnt/extSdCard/.yi_backup/.backup_app/unzip/com.tencent.mobileqq/dataSource/files/bubble_info/11/zhongqiu/0008.png mod:33277
D/RestoreUtil(  930): entry name = com.tencent.mobileqq/dataSource/files/bubble_info/11/zhongqiu/0009.png
D/LocalStorageHelper(  930): createFile, path = /mnt/extSdCard/.yi_backup/.backup_app/unzip/com.tencent.mobileqq/dataSource/files/bubble_info/11/zhongqiu/0009.png
V/AlarmManager(  233): waitForAlarm result :2
V/AlarmManager(  233): waitForAlarm result :8
D/RestoreUtil(  930): decompressZip() file:/mnt/extSdCard/.yi_backup/.backup_app/unzip/com.tencent.mobileqq/dataSource/files/bubble_info/11/zhongqiu/0009.png mod:33277
D/RestoreUtil(  930): entry name = com.tencent.mobileqq/dataSource/files/bubble_info/11/bianpao/0001.png
D/LocalStorageHelper(  930): createFile, path = /mnt/extSdCard/.yi_backup/.backup_app/unzip/com.tencent.mobileqq/dataSource/files/bubble_info/11/bianpao/0001.png
D/RestoreUtil(  930): decompressZip() file:/mnt/extSdCard/.yi_backup/.backup_app/unzip/com.tencent.mobileqq/dataSource/files/bubble_info/11/bianpao/0001.png mod:33277
D/RestoreUtil(  930): entry name = com.tencent.mobileqq/dataSource/files/bubble_info/11/bianpao/0002.png
D/LocalStorageHelper(  930): createFile, path = /mnt/extSdCard/.yi_backup/.backup_app/unzip/com.tencent.mobileqq/dataSource/files/bubble_info/11/bianpao/0002.png
D/RestoreUtil(  930): decompressZip() file:/mnt/extSdCard/.yi_backup/.backup_app/unzip/com.tencent.mobileqq/dataSource/files/bubble_info/11/bianpao/0002.png mod:33277
D/RestoreUtil(  930): entry name = com.tencent.mobileqq/dataSource/files/bubble_info/11/bianpao/0003.png
V/AlarmManager(  233): ClockReceiver onReceive() ACTION_TIME_TICK
W/AlarmManager(  233): FACTORY_ON= 0
I/Surface (  373): Surface_lockCanvas
D/LocalStorageHelper(  930): createFile, path = /mnt/extSdCard/.yi_backup/.backup_app/unzip/com.tencent.mobileqq/dataSource/files/bubble_info/11/bianpao/0003.png
W/SignalStrength(  233): getGsmLevel=1
W/SignalStrength(  233): getLevel=1 (SignalStrength: 7 -1 -1 -1 -1 -1 -1 -1 -1 -1 -1 -1 gsm|lte 1)
W/SignalStrength(  233): getGsmDbm=-99
W/SignalStrength(  233): getDbm=-99
W/SignalStrength(  233): getGsmAsuLevel=7
W/SignalStrength(  233): getAsuLevel=7
W/SignalStrength(  373): getGsmLevel=1
W/SignalStrength(  373): getLevel=1 (SignalStrength: 7 -1 -1 -1 -1 -1 -1 -1 -1 -1 -1 -1 gsm|lte 1)
D/RestoreUtil(  930): decompressZip() file:/mnt/extSdCard/.yi_backup/.backup_app/unzip/com.tencent.mobileqq/dataSource/files/bubble_info/11/bianpao/0003.png mod:33277
D/RestoreUtil(  930): entry name = com.tencent.mobileqq/dataSource/files/bubble_info/11/bianpao/0004.png
D/LocalStorageHelper(  930): createFile, path = /mnt/extSdCard/.yi_backup/.backup_app/unzip/com.tencent.mobileqq/dataSource/files/bubble_info/11/bianpao/0004.png
D/RestoreUtil(  930): decompressZip() file:/mnt/extSdCard/.yi_backup/.backup_app/unzip/com.tencent.mobileqq/dataSource/files/bubble_info/11/bianpao/0004.png mod:33277
D/RestoreUtil(  930): entry name = com.tencent.mobileqq/dataSource/files/bubble_info/11/bianpao/0005.png
D/LocalStorageHelper(  930): createFile, path = /mnt/extSdCard/.yi_backup/.backup_app/unzip/com.tencent.mobileqq/dataSource/files/bubble_info/11/bianpao/0005.png
D/RestoreUtil(  930): decompressZip() file:/mnt/extSdCard/.yi_backup/.backup_app/unzip/com.tencent.mobileqq/dataSource/files/bubble_info/11/bianpao/0005.png mod:33277
D/RestoreUtil(  930): entry name = com.tencent.mobileqq/dataSource/files/bubble_info/11/bianpao/0006.png
D/LocalStorageHelper(  930): createFile, path = /mnt/extSdCard/.yi_backup/.backup_app/unzip/com.tencent.mobileqq/dataSource/files/bubble_info/11/bianpao/0006.png
D/RestoreUtil(  930): decompressZip() file:/mnt/extSdCard/.yi_backup/.backup_app/unzip/com.tencent.mobileqq/dataSource/files/bubble_info/11/bianpao/0006.png mod:33277
D/RestoreUtil(  930): entry name = com.tencent.mobileqq/dataSource/files/bubble_info/11/bianpao/0007.png
D/LocalStorageHelper(  930): createFile, path = /mnt/extSdCard/.yi_backup/.backup_app/unzip/com.tencent.mobileqq/dataSource/files/bubble_info/11/bianpao/0007.png
D/RestoreUtil(  930): decompressZip() file:/mnt/extSdCard/.yi_backup/.backup_app/unzip/com.tencent.mobileqq/dataSource/files/bubble_info/11/bianpao/0007.png mod:33277
D/RestoreUtil(  930): entry name = com.tencent.mobileqq/dataSource/files/bubble_info/11/yuanbao/0001.png
D/LocalStorageHelper(  930): createFile, path = /mnt/extSdCard/.yi_backup/.backup_app/unzip/com.tencent.mobileqq/dataSource/files/bubble_info/11/yuanbao/0001.png
D/RestoreUtil(  930): taskState, pkg = com.UCMobile, progress = 30, result = 0
D/BackupRestoreService(  930): rstTaskProgress, pkg = com.UCMobile progress = 30 result = 0
D/BackupRestoreService(  930): calculateBackupIndex com.UCMobile, mBusyState = 3
D/BackupRestoreService(  930): getRestoreAppLabel
D/NotifierUtil(  930): showProgressNotification
D/ApplicationPolicy(  233): isStatusBarNotificationAllowed: packageName = com.baidu.backuprestore
D/STATUSBAR-NotificationService(  233): enqueueNotificationInternal - pkg:XXX.XXXXX.XXXXXXXXXXXXX, id:0
D/BackupRestoreService(  930): sendBackupRestoreState, mTaskType = 15, mProgressInfo = com.UCMobile, UC浏览器, 30, 48.46153846153846
D/com.baidu.backuprestore.UI.BackupRestoreActivity(  930): mBackupRestoreStateRev, action = com.baidu.backuprestore.State_Query
D/com.baidu.backuprestore.UI.BackupRestoreActivity(  930): mBackupRestoreStateRev, taskType = 15
D/com.baidu.backuprestore.UI.BackupRestoreActivity(  930): mProgressHandler, handleMessage and msg.what = 15
D/com.baidu.backuprestore.UI.BackupRestoreActivity(  930): onRstProgress
D/updateTaskDoingList(  930): index=7
D/updateTaskDoingList(  930): ismBlankViewFilled=true
D/FixedListViewRefreshAdapter(  930): tasking list,distance=0
D/updateTaskDoingList(  930): name=UC浏览器appInfo.progress=30
D/STATUSBAR-NotificationService(  233): Noti Alert - mSystemReady:true, AlertEnabled:true
D/RestoreUtil(  930): decompressZip() file:/mnt/extSdCard/.yi_backup/.backup_app/unzip/com.tencent.mobileqq/dataSource/files/bubble_info/11/yuanbao/0001.png mod:33277
D/RestoreUtil(  930): entry name = com.tencent.mobileqq/dataSource/files/bubble_info/11/yuanbao/0002.png
D/LocalStorageHelper(  930): createFile, path = /mnt/extSdCard/.yi_backup/.backup_app/unzip/com.tencent.mobileqq/dataSource/files/bubble_info/11/yuanbao/0002.png
D/RestoreUtil(  930): decompressZip() file:/mnt/extSdCard/.yi_backup/.backup_app/unzip/com.tencent.mobileqq/dataSource/files/bubble_info/11/yuanbao/0002.png mod:33277
D/RestoreUtil(  930): entry name = com.tencent.mobileqq/dataSource/files/bubble_info/11/yuanbao/0003.png
D/LocalStorageHelper(  930): createFile, path = /mnt/extSdCard/.yi_backup/.backup_app/unzip/com.tencent.mobileqq/dataSource/files/bubble_info/11/yuanbao/0003.png
D/RestoreUtil(  930): decompressZip() file:/mnt/extSdCard/.yi_backup/.backup_app/unzip/com.tencent.mobileqq/dataSource/files/bubble_info/11/yuanbao/0003.png mod:33277
D/RestoreUtil(  930): entry name = com.tencent.mobileqq/dataSource/files/bubble_info/11/yuanbao/0004.png
D/LocalStorageHelper(  930): createFile, path = /mnt/extSdCard/.yi_backup/.backup_app/unzip/com.tencent.mobileqq/dataSource/files/bubble_info/11/yuanbao/0004.png
D/RestoreUtil(  930): decompressZip() file:/mnt/extSdCard/.yi_backup/.backup_app/unzip/com.tencent.mobileqq/dataSource/files/bubble_info/11/yuanbao/0004.png mod:33277
D/RestoreUtil(  930): entry name = com.tencent.mobileqq/dataSource/files/bubble_info/11/yuanbao/0005.png
D/LocalStorageHelper(  930): createFile, path = /mnt/extSdCard/.yi_backup/.backup_app/unzip/com.tencent.mobileqq/dataSource/files/bubble_info/11/yuanbao/0005.png
D/RestoreUtil(  930): decompressZip() file:/mnt/extSdCard/.yi_backup/.backup_app/unzip/com.tencent.mobileqq/dataSource/files/bubble_info/11/yuanbao/0005.png mod:33277
D/RestoreUtil(  930): entry name = com.tencent.mobileqq/dataSource/files/bubble_info/11/yuanbao/0006.png
D/LocalStorageHelper(  930): createFile, path = /mnt/extSdCard/.yi_backup/.backup_app/unzip/com.tencent.mobileqq/dataSource/files/bubble_info/11/yuanbao/0006.png
D/RestoreUtil(  930): decompressZip() file:/mnt/extSdCard/.yi_backup/.backup_app/unzip/com.tencent.mobileqq/dataSource/files/bubble_info/11/yuanbao/0006.png mod:33277
D/RestoreUtil(  930): entry name = com.tencent.mobileqq/dataSource/files/bubble_info/11/yuanbao/0007.png
D/LocalStorageHelper(  930): createFile, path = /mnt/extSdCard/.yi_backup/.backup_app/unzip/com.tencent.mobileqq/dataSource/files/bubble_info/11/yuanbao/0007.png
D/RestoreUtil(  930): decompressZip() file:/mnt/extSdCard/.yi_backup/.backup_app/unzip/com.tencent.mobileqq/dataSource/files/bubble_info/11/yuanbao/0007.png mod:33277
D/RestoreUtil(  930): entry name = com.tencent.mobileqq/dataSource/files/bubble_info/11/yuanbao/0008.png
D/LocalStorageHelper(  930): createFile, path = /mnt/extSdCard/.yi_backup/.backup_app/unzip/com.tencent.mobileqq/dataSource/files/bubble_info/11/yuanbao/0008.png
I/Surface (  373): Surface_lockCanvas
D/RestoreUtil(  930): decompressZip() file:/mnt/extSdCard/.yi_backup/.backup_app/unzip/com.tencent.mobileqq/dataSource/files/bubble_info/11/yuanbao/0008.png mod:33277
D/RestoreUtil(  930): entry name = com.tencent.mobileqq/dataSource/files/bubble_info/11/yuanbao/0009.png
D/LocalStorageHelper(  930): createFile, path = /mnt/extSdCard/.yi_backup/.backup_app/unzip/com.tencent.mobileqq/dataSource/files/bubble_info/11/yuanbao/0009.png
D/RestoreUtil(  930): decompressZip() file:/mnt/extSdCard/.yi_backup/.backup_app/unzip/com.tencent.mobileqq/dataSource/files/bubble_info/11/yuanbao/0009.png mod:33277
D/RestoreUtil(  930): entry name = com.tencent.mobileqq/dataSource/files/bubble_info/11/yuanbao/0010.png
