D/LocalStorageHelper(  930): delete file in clearDirectory:/mnt/extSdCard/.yi_backup/.backup_app/unzip/com.UCMobile/dataSource/UCMobile/userdata/homepagesearchdata.dat
D/LocalStorageHelper(  930): delete file in clearDirectory:/mnt/extSdCard/.yi_backup/.backup_app/unzip/com.UCMobile/dataSource/UCMobile/userdata/SafeHosts
D/LocalStorageHelper(  930): delete file in clearDirectory:/mnt/extSdCard/.yi_backup/.backup_app/unzip/com.UCMobile/dataSource/UCMobile/userdata/CallMasterAdUrl
D/LocalStorageHelper(  930): delete file in clearDirectory:/mnt/extSdCard/.yi_backup/.backup_app/unzip/com.UCMobile/dataSource/UCMobile/userdata/upgradedata.ini
D/LocalStorageHelper(  930): delete file in clearDirectory:/mnt/extSdCard/.yi_backup/.backup_app/unzip/com.UCMobile/dataSource/UCMobile/userdata/bookmarks.ini
I/System.out(  867): DefaultRequestDirector http execute enter loop 
I/Surface (  373): Surface_lockCanvas
D/Posix   (  867): ## MMS_TRACE: ##: getsockoptInt(): option = 4, result = 0.
D/Posix   (  867): ## MMS_TRACE: ##: setsockoptInt(): option = 1, value = 1.
I/System.out(  867): ## HttpRequestExecutor::execute() starts. ## 
D/Posix   (  867): ## MMS_TRACE: ##: getsockoptInt(): option = 7, result = 16384.
D/Posix   (  867): ## MMS_TRACE: ##: getsockoptInt(): option = 8, result = 87380.
I/System.out(  867): ################ Socket Options ###############
I/System.out(  867): #### sendBufferSize = 16384.
I/System.out(  867): #### recvBufferSize = 87380.
I/System.out(  867): #### sendTimeout = 0.
I/System.out(  867): #### recvTimeout = 12000.
I/System.out(  867): ###############################################
I/System.out(  867): ## HttpRequestExecutor::execute(): doSendRequest() return NULL reponse. ## 
I/System.out(  867): ## HttpRequestExecutor::doReceiveResponse(). ## 
I/System.out(  867): DefaultRequestDirect http execute loop END! 
I/System.out(  867): DefaultRequestDirect http execute loop END, status 200
I/System.out(  867): DefaultRequestDirect http execute return response! 
D/LocalStorageHelper(  930): delete file in clearDirectory:/mnt/extSdCard/.yi_backup/.backup_app/unzip/com.UCMobile/dataSource/UCMobile/userdata/bookmarkCloudSyncFlag
D/LocalStorageHelper(  930): delete file in clearDirectory:/mnt/extSdCard/.yi_backup/.backup_app/unzip/com.UCMobile/dataSource/UCMobile/userdata/history.ini
D/LocalStorageHelper(  930): delete file in clearDirectory:/mnt/extSdCard/.yi_backup/.backup_app/unzip/com.UCMobile/dataSource/UCMobile/userdata/recent_history.ini
D/LocalStorageHelper(  930): delete file in clearDirectory:/mnt/extSdCard/.yi_backup/.backup_app/unzip/com.UCMobile/dataSource/UCMobile/userdata/readmode_history.ini
D/LocalStorageHelper(  930): delete file in clearDirectory:/mnt/extSdCard/.yi_backup/.backup_app/unzip/com.UCMobile/dataSource/UCMobile/userdata/mostrecentvisted_history.ini
D/LocalStorageHelper(  930): delete file in clearDirectory:/mnt/extSdCard/.yi_backup/.backup_app/unzip/com.UCMobile/dataSource/UCMobile/userdata/CrashUploadUrl
I/Surface (  373): Surface_lockCanvas
D/LocalStorageHelper(  930): delete file in clearDirectory:/mnt/extSdCard/.yi_backup/.backup_app/unzip/com.UCMobile/dataSource/UCMobile/userdata/AppStorePresetInstalled
D/LocalStorageHelper(  930): delete file in clearDirectory:/mnt/extSdCard/.yi_backup/.backup_app/unzip/com.UCMobile/dataSource/UCMobile/userdata/ab.ini
D/LocalStorageHelper(  930): delete file in clearDirectory:/mnt/extSdCard/.yi_backup/.backup_app/unzip/com.UCMobile/dataSource/UCMobile/userdata/UCNetReferrList.dat
D/LocalStorageHelper(  930): delete file in clearDirectory:/mnt/extSdCard/.yi_backup/.backup_app/unzip/com.UCMobile/dataSource/UCMobile/userdata/commondata
D/LocalStorageHelper(  930): delete file in clearDirectory:/mnt/extSdCard/.yi_backup/.backup_app/unzip/com.UCMobile/dataSource/UCMobile/userdata/bgstatsdata
D/LocalStorageHelper(  930): delete file in clearDirectory:/mnt/extSdCard/.yi_backup/.backup_app/unzip/com.UCMobile/dataSource/UCMobile/userdata/zoomrate.ini
D/LocalStorageHelper(  930): delete file in clearDirectory:/mnt/extSdCard/.yi_backup/.backup_app/unzip/com.UCMobile/dataSource/UCMobile/usdata7/mobileinfo.ini
D/LocalStorageHelper(  930): delete file in clearDirectory:/mnt/extSdCard/.yi_backup/.backup_app/unzip/com.UCMobile/dataSource/UCMobile/usdata7/zh-cn/usreslist.ini
I/Surface (  373): Surface_lockCanvas
D/LocalStorageHelper(  930): delete file in clearDirectory:/mnt/extSdCard/.yi_backup/.backup_app/unzip/com.UCMobile/dataSource/UCMobile/usdata7/zh-cn/lp_navi
D/LocalStorageHelper(  930): delete file in clearDirectory:/mnt/extSdCard/.yi_backup/.backup_app/unzip/com.UCMobile/dataSource/UCMobile/usdata7/zh-cn/lp_ucl
D/LocalStorageHelper(  930): delete file in clearDirectory:/mnt/extSdCard/.yi_backup/.backup_app/unzip/com.UCMobile/dataSource/UCMobile/usdata7/zh-cn/nlp_ad_673
D/LocalStorageHelper(  930): delete file in clearDirectory:/mnt/extSdCard/.yi_backup/.backup_app/unzip/com.UCMobile/dataSource/UCMobile/usdata7/zh-cn/nlp_navi_ahlwkz
D/LocalStorageHelper(  930): delete file in clearDirectory:/mnt/extSdCard/.yi_backup/.backup_app/unzip/com.UCMobile/dataSource/UCMobile/usdata7/zh-cn/nlp_navi_asjkz_test
D/LocalStorageHelper(  930): delete file in clearDirectory:/mnt/extSdCard/.yi_backup/.backup_app/unzip/com.UCMobile/dataSource/UCMobile/usdata7/zh-cn/nlp_navi_rjyx
D/LocalStorageHelper(  930): delete file in clearDirectory:/mnt/extSdCard/.yi_backup/.backup_app/unzip/com.UCMobile/dataSource/UCMobile/usdata7/zh-cn/nlp_navi_shgwcp_test
D/LocalStorageHelper(  930): delete file in clearDirectory:/mnt/extSdCard/.yi_backup/.backup_app/unzip/com.UCMobile/dataSource/UCMobile/usdata7/zh-cn/nlp_navi_xzydyy
D/LocalStorageHelper(  930): delete file in clearDirectory:/mnt/extSdCard/.yi_backup/.backup_app/unzip/com.UCMobile/dataSource/UCMobile/usdata7/zh-cn/nlp_tbmingzhan
D/LocalStorageHelper(  930): delete file in clearDirectory:/mnt/extSdCard/.yi_backup/.backup_app/unzip/com.UCMobile/dataSource/UCMobile/usdata7/zh-cn/adblock_app_rule
D/LocalStorageHelper(  930): delete file in clearDirectory:/mnt/extSdCard/.yi_backup/.backup_app/unzip/com.UCMobile/dataSource/UCMobile/usdata7/zh-cn/adblock_rule
D/LocalStorageHelper(  930): delete file in clearDirectory:/mnt/extSdCard/.yi_backup/.backup_app/unzip/com.UCMobile/dataSource/UCMobile/usdata7/zh-cn/addon_signature_list
D/LocalStorageHelper(  930): delete file in clearDirectory:/mnt/extSdCard/.yi_backup/.backup_app/unzip/com.UCMobile/dataSource/UCMobile/usdata7/zh-cn/adv_dnlist
D/LocalStorageHelper(  930): delete file in clearDirectory:/mnt/extSdCard/.yi_backup/.backup_app/unzip/com.UCMobile/dataSource/UCMobile/usdata7/zh-cn/allow_popup_list
D/LocalStorageHelper(  930): delete file in clearDirectory:/mnt/extSdCard/.yi_backup/.backup_app/unzip/com.UCMobile/dataSource/UCMobile/usdata7/zh-cn/baidu_video_js
D/LocalStorageHelper(  930): delete file in clearDirectory:/mnt/extSdCard/.yi_backup/.backup_app/unzip/com.UCMobile/dataSource/UCMobile/usdata7/zh-cn/baidushipin_whitelist
D/LocalStorageHelper(  930): delete file in clearDirectory:/mnt/extSdCard/.yi_backup/.backup_app/unzip/com.UCMobile/dataSource/UCMobile/usdata7/zh-cn/bwlist_apps_call_forbid
D/LocalStorageHelper(  930): delete file in clearDirectory:/mnt/extSdCard/.yi_backup/.backup_app/unzip/com.UCMobile/dataSource/UCMobile/usdata7/zh-cn/bwlist_complete_video_sniff
D/TrafficMonitorMain( 1332): performPoll mCurrentDDS = 0
V/com.baidu.trafficmonitor.widget.provider.TrafficMonitorWidgetProvider( 1332): onReceive : com.baidu.trafficmonitor.widget.provider.TrafficMonitorWidgetProvider@40fa59f8 mReceiveBroadcastNum : 66
V/com.baidu.trafficmonitor.widget.provider.TrafficMonitorWidgetProvider( 1332): ACTION_NETWORK_STATS_UPDATE_WIDGET msg arrivied
D/StatusBar-TrafficView(  373): has icc card = true
E/com.baidu.trafficmonitor.widget.provider.TrafficMonitorWidgetProvider( 1332):  simInfo is null
D/LocalStorageHelper(  930): delete file in clearDirectory:/mnt/extSdCard/.yi_backup/.backup_app/unzip/com.UCMobile/dataSource/UCMobile/usdata7/zh-cn/bwlist_dial_sm
D/LocalStorageHelper(  930): delete file in clearDirectory:/mnt/extSdCard/.yi_backup/.backup_app/unzip/com.UCMobile/dataSource/UCMobile/usdata7/zh-cn/bwlist_remote_video_sniff
D/LocalStorageHelper(  930): delete file in clearDirectory:/mnt/extSdCard/.yi_backup/.backup_app/unzip/com.UCMobile/dataSource/UCMobile/usdata7/zh-cn/bwlist_remote_video_sniff1
D/LocalStorageHelper(  930): delete file in clearDirectory:/mnt/extSdCard/.yi_backup/.backup_app/unzip/com.UCMobile/dataSource/UCMobile/usdata7/zh-cn/bwlist_wap_deny
D/LocalStorageHelper(  930): delete file in clearDirectory:/mnt/extSdCard/.yi_backup/.backup_app/unzip/com.UCMobile/dataSource/UCMobile/usdata7/zh-cn/bwlist_wap_deny_ll
D/LocalStorageHelper(  930): delete file in clearDirectory:/mnt/extSdCard/.yi_backup/.backup_app/unzip/com.UCMobile/dataSource/UCMobile/usdata7/zh-cn/bwlist_wap_force
D/LocalStorageHelper(  930): delete file in clearDirectory:/mnt/extSdCard/.yi_backup/.backup_app/unzip/com.UCMobile/dataSource/UCMobile/usdata7/zh-cn/bwlist_wap_force_ll
D/LocalStorageHelper(  930): delete file in clearDirectory:/mnt/extSdCard/.yi_backup/.backup_app/unzip/com.UCMobile/dataSource/UCMobile/usdata7/zh-cn/comment_blaklist
D/LocalStorageHelper(  930): delete file in clearDirectory:/mnt/extSdCard/.yi_backup/.backup_app/unzip/com.UCMobile/dataSource/UCMobile/usdata7/zh-cn/comment_news_judge_script
D/LocalStorageHelper(  930): delete file in clearDirectory:/mnt/extSdCard/.yi_backup/.backup_app/unzip/com.UCMobile/dataSource/UCMobile/usdata7/zh-cn/comment_page_frame
D/LocalStorageHelper(  930): delete file in clearDirectory:/mnt/extSdCard/.yi_backup/.backup_app/unzip/com.UCMobile/dataSource/UCMobile/usdata7/zh-cn/comment_white_list
D/LocalStorageHelper(  930): delete file in clearDirectory:/mnt/extSdCard/.yi_backup/.backup_app/unzip/com.UCMobile/dataSource/UCMobile/usdata7/zh-cn/cross_origin_whitelist
D/LocalStorageHelper(  930): delete file in clearDirectory:/mnt/extSdCard/.yi_backup/.backup_app/unzip/com.UCMobile/dataSource/UCMobile/usdata7/zh-cn/cross_target_whitelist
D/LocalStorageHelper(  930): delete file in clearDirectory:/mnt/extSdCard/.yi_backup/.backup_app/unzip/com.UCMobile/dataSource/UCMobile/usdata7/zh-cn/h5_reader_tag
D/LocalStorageHelper(  930): delete file in clearDirectory:/mnt/extSdCard/.yi_backup/.backup_app/unzip/com.UCMobile/dataSource/UCMobile/usdata7/zh-cn/h5_reader_whitelist
D/LocalStorageHelper(  930): delete file in clearDirectory:/mnt/extSdCard/.yi_backup/.backup_app/unzip/com.UCMobile/dataSource/UCMobile/usdata7/zh-cn/hl_flashplayer_name
D/LocalStorageHelper(  930): delete file in clearDirectory:/mnt/extSdCard/.yi_backup/.backup_app/unzip/com.UCMobile/dataSource/UCMobile/usdata7/zh-cn/hl_h5v_url
D/LocalStorageHelper(  930): delete file in clearDirectory:/mnt/extSdCard/.yi_backup/.backup_app/unzip/com.UCMobile/dataSource/UCMobile/usdata7/zh-cn/imgmodelist
D/LocalStorageHelper(  930): delete file in clearDirectory:/mnt/extSdCard/.yi_backup/.backup_app/unzip/com.UCMobile/dataSource/UCMobile/usdata7/zh-cn/leftnav_banner
D/LocalStorageHelper(  930): delete file in clearDirectory:/mnt/extSdCard/.yi_backup/.backup_app/unzip/com.UCMobile/dataSource/UCMobile/usdata7/zh-cn/netdisk_deny_list
D/LocalStorageHelper(  930): delete file in clearDirectory:/mnt/extSdCard/.yi_backup/.backup_app/unzip/com.UCMobile/dataSource/UCMobile/usdata7/zh-cn/nl_abc_01
D/LocalStorageHelper(  930): delete file in clearDirectory:/mnt/extSdCard/.yi_backup/.backup_app/unzip/com.UCMobile/dataSource/UCMobile/usdata7/zh-cn/npapi_plugin_download_tips
D/LocalStorageHelper(  930): delete file in clearDirectory:/mnt/extSdCard/.yi_backup/.backup_app/unzip/com.UCMobile/dataSource/UCMobile/usdata7/zh-cn/op_cooperate_acnt
D/LocalStorageHelper(  930): delete file in clearDirectory:/mnt/extSdCard/.yi_backup/.backup_app/unzip/com.UCMobile/dataSource/UCMobile/usdata7/zh-cn/preload_key
D/LocalStorageHelper(  930): delete file in clearDirectory:/mnt/extSdCard/.yi_backup/.backup_app/unzip/com.UCMobile/dataSource/UCMobile/usdata7/zh-cn/screen_show
D/LocalStorageHelper(  930): delete file in clearDirectory:/mnt/extSdCard/.yi_backup/.backup_app/unzip/com.UCMobile/dataSource/UCMobile/usdata7/zh-cn/sl_command
D/LocalStorageHelper(  930): delete file in clearDirectory:/mnt/extSdCard/.yi_backup/.backup_app/unzip/com.UCMobile/dataSource/UCMobile/usdata7/zh-cn/sl_h5video_blacklist
D/LocalStorageHelper(  930): delete file in clearDirectory:/mnt/extSdCard/.yi_backup/.backup_app/unzip/com.UCMobile/dataSource/UCMobile/usdata7/zh-cn/sl_start_search2
D/LocalStorageHelper(  930): delete file in clearDirectory:/mnt/extSdCard/.yi_backup/.backup_app/unzip/com.UCMobile/dataSource/UCMobile/usdata7/zh-cn/sl_start_search3
D/LocalStorageHelper(  930): delete file in clearDirectory:/mnt/extSdCard/.yi_backup/.backup_app/unzip/com.UCMobile/dataSource/UCMobile/usdata7/zh-cn/sl_uc_param
D/LocalStorageHelper(  930): delete file in clearDirectory:/mnt/extSdCard/.yi_backup/.backup_app/unzip/com.UCMobile/dataSource/UCMobile/usdata7/zh-cn/cd_parameter_data
D/LocalStorageHelper(  930): delete file in clearDirectory:/mnt/extSdCard/.yi_backup/.backup_app/unzip/com.UCMobile/dataSource/UCMobile/usdata7/zh-cn/sp_safeplugin
D/LocalStorageHelper(  930): delete file in clearDirectory:/mnt/extSdCard/.yi_backup/.backup_app/unzip/com.UCMobile/dataSource/UCMobile/usdata7/zh-cn/tb2_ap_bkg
D/LocalStorageHelper(  930): delete file in clearDirectory:/mnt/extSdCard/.yi_backup/.backup_app/unzip/com.UCMobile/dataSource/UCMobile/usdata7/zh-cn/v_flvcd_whitelist
D/LocalStorageHelper(  930): delete file in clearDirectory:/mnt/extSdCard/.yi_backup/.backup_app/unzip/com.UCMobile/dataSource/UCMobile/usdata7/zh-cn/youku_com_v_js
D/LocalStorageHelper(  930): delete file in clearDirectory:/mnt/extSdCard/.yi_backup/.backup_app/unzip/com.UCMobile/dataSource/UCMobile/usdata7/zh-cn/cp_set_param
D/LocalStorageHelper(  930): delete file in clearDirectory:/mnt/extSdCard/.yi_backup/.backup_app/unzip/com.UCMobile/dataSource/UCMobile/usdata7/zh-cn/nlp_navi_asjkz
D/LocalStorageHelper(  930): delete file in clearDirectory:/mnt/extSdCard/.yi_backup/.backup_app/unzip/com.UCMobile/dataSource/UCMobile/usdata7/zh-cn/nlp_navi_ayyszq
D/LocalStorageHelper(  930): delete file in clearDirectory:/mnt/extSdCard/.yi_backup/.backup_app/unzip/com.UCMobile/dataSource/UCMobile/usdata7/zh-cn/nlp_navi_shgwcp
D/LocalStorageHelper(  930): delete file in clearDirectory:/mnt/extSdCard/.yi_backup/.backup_app/unzip/com.UCMobile/dataSource/UCMobile/usdata7/zh-cn/sl_ad_1292
D/LocalStorageHelper(  930): delete file in clearDirectory:/mnt/extSdCard/.yi_backup/.backup_app/unzip/com.UCMobile/dataSource/UCMobile/usdata7/zh-cn/lp_ad_683
D/LocalStorageHelper(  930): delete file in clearDirectory:/mnt/extSdCard/.yi_backup/.backup_app/unzip/com.UCMobile/dataSource/UCMobile/usdata7/zh-cn/reslist
D/LocalStorageHelper(  930): delete file in clearDirectory:/mnt/extSdCard/.yi_backup/.backup_app/unzip/com.UCMobile/dataSource/UCMobile/usdata7/zh-cn/iu_url_input
D/LocalStorageHelper(  930): delete file in clearDirectory:/mnt/extSdCard/.yi_backup/.backup_app/unzip/com.UCMobile/dataSource/UCMobile/usdata7/zh-cn/hide_domainlist
D/LocalStorageHelper(  930): delete file in clearDirectory:/mnt/extSdCard/.yi_backup/.backup_app/unzip/com.UCMobile/dataSource/UCMobile/usdata7/zh-cn/ua_domainlist
D/LocalStorageHelper(  930): delete file in clearDirectory:/mnt/extSdCard/.yi_backup/.backup_app/unzip/com.UCMobile/dataSource/UCMobile/app_external/cloudsync
D/LocalStorageHelper(  930): delete file in clearDirectory:/mnt/extSdCard/.yi_backup/.backup_app/unzip/com.UCMobile/dataSource/UCMobile/app_external/tab
D/LocalStorageHelper(  930): delete file in clearDirectory:/mnt/extSdCard/.yi_backup/.backup_app/unzip/com.UCMobile/dataSource/UCMobile/app_external/devicelist
D/LocalStorageHelper(  930): delete file in clearDirectory:/mnt/extSdCard/.yi_backup/.backup_app/unzip/com.UCMobile/dataSource/UCMobile/app_external/onlineDeviceList
D/LocalStorageHelper(  930): delete file in clearDirectory:/mnt/extSdCard/.yi_backup/.backup_app/unzip/com.UCMobile/dataSource/UCMobile/app_external/district
D/LocalStorageHelper(  930): delete file in clearDirectory:/mnt/extSdCard/.yi_backup/.backup_app/unzip/com.UCMobile/dataSource/UCMobile/app_external/msgcenter
D/LocalStorageHelper(  930): delete file in clearDirectory:/mnt/extSdCard/.yi_backup/.backup_app/unzip/com.UCMobile/dataSource/UCMobile/app_external/ucdynsysconf
D/LocalStorageHelper(  930): delete file in clearDirectory:/mnt/extSdCard/.yi_backup/.backup_app/unzip/com.UCMobile/dataSource/UCMobile/app_external/novel_setting
D/LocalStorageHelper(  930): delete file in clearDirectory:/mnt/extSdCard/.yi_backup/.backup_app/unzip/com.UCMobile/dataSource/UCMobile/app_external/weather
D/LocalStorageHelper(  930): delete file in clearDirectory:/mnt/extSdCard/.yi_backup/.backup_app/unzip/com.UCMobile/dataSource/UCMobile/app_external/inputhistory
D/LocalStorageHelper(  930): delete file in clearDirectory:/mnt/extSdCard/.yi_backup/.backup_app/unzip/com.UCMobile/dataSource/UCMobile/homepage/appcenter/10461.bmp
D/LocalStorageHelper(  930): delete file in clearDirectory:/mnt/extSdCard/.yi_backup/.backup_app/unzip/com.UCMobile/dataSource/UCMobile/homepage/appcenter/10547.bmp
D/LocalStorageHelper(  930): delete file in clearDirectory:/mnt/extSdCard/.yi_backup/.backup_app/unzip/com.UCMobile/dataSource/UCMobile/homepage/appcenter/10578.bmp
D/LocalStorageHelper(  930): delete file in clearDirectory:/mnt/extSdCard/.yi_backup/.backup_app/unzip/com.UCMobile/dataSource/UCMobile/homepage/appcenter/10598.bmp
D/LocalStorageHelper(  930): delete file in clearDirectory:/mnt/extSdCard/.yi_backup/.backup_app/unzip/com.UCMobile/dataSource/UCMobile/homepage/appcenter/10614.bmp
D/LocalStorageHelper(  930): delete file in clearDirectory:/mnt/extSdCard/.yi_backup/.backup_app/unzip/com.UCMobile/dataSource/UCMobile/homepage/appcenter/10622.bmp
D/LocalStorageHelper(  930): delete file in clearDirectory:/mnt/extSdCard/.yi_backup/.backup_app/unzip/com.UCMobile/dataSource/UCMobile/homepage/appcenter/10628.bmp
D/LocalStorageHelper(  930): delete file in clearDirectory:/mnt/extSdCard/.yi_backup/.backup_app/unzip/com.UCMobile/dataSource/UCMobile/homepage/appcenter/10681.bmp
D/LocalStorageHelper(  930): delete file in clearDirectory:/mnt/extSdCard/.yi_backup/.backup_app/unzip/com.UCMobile/dataSource/UCMobile/homepage/appcenter/17846.bmp
D/LocalStorageHelper(  930): delete file in clearDirectory:/mnt/extSdCard/.yi_backup/.backup_app/unzip/com.UCMobile/dataSource/UCMobile/homepage/appcenter/18409.bmp
D/LocalStorageHelper(  930): delete file in clearDirectory:/mnt/extSdCard/.yi_backup/.backup_app/unzip/com.UCMobile/dataSource/UCMobile/homepage/appcenter/19901.bmp
D/LocalStorageHelper(  930): delete file in clearDirectory:/mnt/extSdCard/.yi_backup/.backup_app/unzip/com.UCMobile/dataSource/UCMobile/homepage/appcenter/19925.bmp
D/LocalStorageHelper(  930): delete file in clearDirectory:/mnt/extSdCard/.yi_backup/.backup_app/unzip/com.UCMobile/dataSource/UCMobile/homepage/appcenter/19971.bmp
D/LocalStorageHelper(  930): delete file in clearDirectory:/mnt/extSdCard/.yi_backup/.backup_app/unzip/com.UCMobile/dataSource/UCMobile/homepage/appcenter/19972.bmp
D/LocalStorageHelper(  930): delete file in clearDirectory:/mnt/extSdCard/.yi_backup/.backup_app/unzip/com.UCMobile/dataSource/UCMobile/homepage/appcenter/19973.bmp
D/LocalStorageHelper(  930): delete file in clearDirectory:/mnt/extSdCard/.yi_backup/.backup_app/unzip/com.UCMobile/dataSource/UCMobile/homepage/appcenter/zh-cn/appcentermodel.bak
D/LocalStorageHelper(  930): delete file in clearDirectory:/mnt/extSdCard/.yi_backup/.backup_app/unzip/com.UCMobile/dataSource/UCMobile/homepage/appcenter/zh-cn/appcentermodel
D/LocalStorageHelper(  930): delete file in clearDirectory:/mnt/extSdCard/.yi_backup/.backup_app/unzip/com.UCMobile/dataSource/UCMobile/homepage/zh-cn/additional
V/AlarmManager(  233): waitForAlarm result :2
W/AlarmManager(  233): FACTORY_ON= 0
D/LocalStorageHelper(  930): delete file in clearDirectory:/mnt/extSdCard/.yi_backup/.backup_app/unzip/com.UCMobile/dataSource/UCMobile/homepage/zh-cn/delete
D/LocalStorageHelper(  930): delete file in clearDirectory:/mnt/extSdCard/.yi_backup/.backup_app/unzip/com.UCMobile/dataSource/UCMobile/homepage/zh-cn/12
D/LocalStorageHelper(  930): delete file in clearDirectory:/mnt/extSdCard/.yi_backup/.backup_app/unzip/com.UCMobile/dataSource/UCMobile/homepage/zh-cn/model
D/LocalStorageHelper(  930): delete file in clearDirectory:/mnt/extSdCard/.yi_backup/.backup_app/unzip/com.UCMobile/dataSource/UCMobile/homepage/zh-cn/model.bak
D/LocalStorageHelper(  930): delete file in clearDirectory:/mnt/extSdCard/.yi_backup/.backup_app/unzip/com.UCMobile/dataSource/UCMobile/homepage/zh-cn/version
D/LocalStorageHelper(  930): delete file in clearDirectory:/mnt/extSdCard/.yi_backup/.backup_app/unzip/com.UCMobile/dataSource/UCMobile/homepage/zh-cn/12.bak
D/LocalStorageHelper(  930): delete file in clearDirectory:/mnt/extSdCard/.yi_backup/.backup_app/unzip/com.UCMobile/dataSource/UCMobile/homepage/zh-cn/additional.bak
D/LocalStorageHelper(  930): delete file in clearDirectory:/mnt/extSdCard/.yi_backup/.backup_app/unzip/com.UCMobile/dataSource/UCMobile/homepage/zh-cn/delete.bak
D/LocalStorageHelper(  930): delete file in clearDirectory:/mnt/extSdCard/.yi_backup/.backup_app/unzip/com.UCMobile/dataSource/UCMobile/Cookie/@.m.sj.sm.cn.cok
D/LocalStorageHelper(  930): delete file in clearDirectory:/mnt/extSdCard/.yi_backup/.backup_app/unzip/com.UCMobile/dataSource/UCMobile/Cookie/@.ma.ucweb.com.cok
D/LocalStorageHelper(  930): delete file in clearDirectory:/mnt/extSdCard/.yi_backup/.backup_app/unzip/com.UCMobile/dataSource/UCMobile/Cookie/@.redirect.s.sm.cn.cok
D/LocalStorageHelper(  930): delete file in clearDirectory:/mnt/extSdCard/.yi_backup/.backup_app/unzip/com.UCMobile/dataSource/UCMobile/Cookie/@.bbs.lewaos.com.cok
D/LocalStorageHelper(  930): delete file in clearDirectory:/mnt/extSdCard/.yi_backup/.backup_app/unzip/com.UCMobile/dataSource/UCMobile/Cookie/@.www.in189.com.cok
D/LocalStorageHelper(  930): delete file in clearDirectory:/mnt/extSdCard/.yi_backup/.backup_app/unzip/com.UCMobile/dataSource/UCMobile/Cookie/@.hiapk.com.cok
D/LocalStorageHelper(  930): delete file in clearDirectory:/mnt/extSdCard/.yi_backup/.backup_app/unzip/com.UCMobile/dataSource/UCMobile/Cookie/@.bbs.hiapk.com.cok
D/LocalStorageHelper(  930): delete file in clearDirectory:/mnt/extSdCard/.yi_backup/.backup_app/unzip/com.UCMobile/dataSource/UCMobile/Cookie/@.baidu.com.cok
D/LocalStorageHelper(  930): delete file in clearDirectory:/mnt/extSdCard/.yi_backup/.backup_app/unzip/com.UCMobile/dataSource/UCMobile/Cookie/@.bbs.gfan.com.cok
D/LocalStorageHelper(  930): delete file in clearDirectory:/mnt/extSdCard/.yi_backup/.backup_app/unzip/com.UCMobile/dataSource/UCMobile/Cookie/@.bbs.anzhi.com.cok
D/LocalStorageHelper(  930): delete file in clearDirectory:/mnt/extSdCard/.yi_backup/.backup_app/unzip/com.UCMobile/dataSource/UCMobile/Cookie/@.www.miui.com.cok
D/LocalStorageHelper(  930): delete file in clearDirectory:/mnt/extSdCard/.yi_backup/.backup_app/unzip/com.UCMobile/dataSource/UCMobile/Cookie/@.dospy.com.cok
D/LocalStorageHelper(  930): delete file in clearDirectory:/mnt/extSdCard/.yi_backup/.backup_app/unzip/com.UCMobile/dataSource/UCMobile/Cookie/@.bbs.dospy.com.cok
D/LocalStorageHelper(  930): delete file in clearDirectory:/mnt/extSdCard/.yi_backup/.backup_app/unzip/com.UCMobile/dataSource/UCMobile/Cookie/@.xda.cn.cok
D/LocalStorageHelper(  930): delete file in clearDirectory:/mnt/extSdCard/.yi_backup/.backup_app/unzip/com.UCMobile/dataSource/UCMobile/Cookie/@.bbs.mumayi.com.cok
D/LocalStorageHelper(  930): delete file in clearDirectory:/mnt/extSdCard/.yi_backup/.backup_app/unzip/com.UCMobile/dataSource/UCMobile/Cookie/@.bbs.znzgw.com.cok
D/LocalStorageHelper(  930): delete file in clearDirectory:/mnt/extSdCard/.yi_backup/.backup_app/unzip/com.UCMobile/dataSource/UCMobile/Cookie/@.angeeks.com.cok
D/LocalStorageHelper(  930): delete file in clearDirectory:/mnt/extSdCard/.yi_backup/.backup_app/unzip/com.UCMobile/dataSource/UCMobile/Cookie/@.sogou.com.cok
D/LocalStorageHelper(  930): delete file in clearDirectory:/mnt/extSdCard/.yi_backup/.backup_app/unzip/com.UCMobile/dataSource/UCMobile/Cookie/@.m.douban.com.cok
D/LocalStorageHelper(  930): delete file in clearDirectory:/mnt/extSdCard/.yi_backup/.backup_app/unzip/com.UCMobile/dataSource/UCMobile/Cookie/@.www.win4000.com.cok
D/LocalStorageHelper(  930): delete file in clearDirectory:/mnt/extSdCard/.yi_backup/.backup_app/unzip/com.UCMobile/dataSource/UCMobile/Cookie/@.win4000.com.cok
D/LocalStorageHelper(  930): delete file in clearDirectory:/mnt/extSdCard/.yi_backup/.backup_app/unzip/com.UCMobile/dataSource/UCMobile/Cookie/@.m.wenda.so.com.cok
D/LocalStorageHelper(  930): delete file in clearDirectory:/mnt/extSdCard/.yi_backup/.backup_app/unzip/com.UCMobile/dataSource/UCMobile/Cookie/@.m.51cto.com.cok
D/LocalStorageHelper(  930): delete file in clearDirectory:/mnt/extSdCard/.yi_backup/.backup_app/unzip/com.UCMobile/dataSource/UCMobile/Cookie/@.jifen.2345.com.cok
D/LocalStorageHelper(  930): delete file in clearDirectory:/mnt/extSdCard/.yi_backup/.backup_app/unzip/com.UCMobile/dataSource/UCMobile/Cookie/@.2345.com.cok
D/LocalStorageHelper(  930): delete file in clearDirectory:/mnt/extSdCard/.yi_backup/.backup_app/unzip/com.UCMobile/dataSource/UCMobile/Cookie/@.help.wandoujia.com.cok
D/LocalStorageHelper(  930): delete file in clearDirectory:/mnt/extSdCard/.yi_backup/.backup_app/unzip/com.UCMobile/dataSource/UCMobile/Cookie/@.bbs.rom.baidu.com.cok
D/TrafficMonitorMain( 1332): performPoll mCurrentDDS = 0
D/StatusBar-TrafficView(  373): has icc card = true
V/com.baidu.trafficmonitor.widget.provider.TrafficMonitorWidgetProvider( 1332): onReceive : com.baidu.trafficmonitor.widget.provider.TrafficMonitorWidgetProvider@410b25c8 mReceiveBroadcastNum : 67
V/com.baidu.trafficmonitor.widget.provider.TrafficMonitorWidgetProvider( 1332): ACTION_NETWORK_STATS_UPDATE_WIDGET msg arrivied
E/com.baidu.trafficmonitor.widget.provider.TrafficMonitorWidgetProvider( 1332):  simInfo is null
D/LocalStorageHelper(  930): delete file in clearDirectory:/mnt/extSdCard/.yi_backup/.backup_app/unzip/com.UCMobile/dataSource/UCMobile/Cookie/@.passport.baidu.com.cok
D/LocalStorageHelper(  930): delete file in clearDirectory:/mnt/extSdCard/.yi_backup/.backup_app/unzip/com.UCMobile/dataSource/UCMobile/Cookie/@.hm.baidu.com.cok
D/LocalStorageHelper(  930): delete file in clearDirectory:/mnt/extSdCard/.yi_backup/.backup_app/unzip/com.UCMobile/dataSource/UCMobile/Cookie/@.rom.baidu.com.cok
D/LocalStorageHelper(  930): delete file in clearDirectory:/mnt/extSdCard/.yi_backup/.backup_app/unzip/com.UCMobile/dataSource/UCMobile/Cookie/@.hao123.com.cok
D/LocalStorageHelper(  930): delete file in clearDirectory:/mnt/extSdCard/.yi_backup/.backup_app/unzip/com.UCMobile/dataSource/UCMobile/Cookie/@.m.jb51.net.cok
D/LocalStorageHelper(  930): delete file in clearDirectory:/mnt/extSdCard/.yi_backup/.backup_app/unzip/com.UCMobile/dataSource/UCMobile/Cookie/@.pcbeta.com.cok
D/LocalStorageHelper(  930): delete file in clearDirectory:/mnt/extSdCard/.yi_backup/.backup_app/unzip/com.UCMobile/dataSource/UCMobile/Cookie/@.tieba.baidu.com.cok
D/LocalStorageHelper(  930): delete file in clearDirectory:/mnt/extSdCard/.yi_backup/.backup_app/unzip/com.UCMobile/dataSource/UCMobile/Cookie/@.duoshuo.com.cok
D/LocalStorageHelper(  930): delete file in clearDirectory:/mnt/extSdCard/.yi_backup/.backup_app/unzip/com.UCMobile/dataSource/UCMobile/Cookie/@.www.docin.com.cok
D/LocalStorageHelper(  930): delete file in clearDirectory:/mnt/extSdCard/.yi_backup/.backup_app/unzip/com.UCMobile/dataSource/UCMobile/Cookie/@.docin.com.cok
D/LocalStorageHelper(  930): delete file in clearDirectory:/mnt/extSdCard/.yi_backup/.backup_app/unzip/com.UCMobile/dataSource/UCMobile/Cookie/@.m.sa.sm.cn.cok
D/LocalStorageHelper(  930): delete file in clearDirectory:/mnt/extSdCard/.yi_backup/.backup_app/unzip/com.UCMobile/dataSource/UCMobile/favicon/2130249.ico
D/LocalStorageHelper(  930): delete file in clearDirectory:/mnt/extSdCard/.yi_backup/.backup_app/unzip/com.UCMobile/dataSource/UCMobile/favicon/favicon.dat
D/LocalStorageHelper(  930): delete file in clearDirectory:/mnt/extSdCard/.yi_backup/.backup_app/unzip/com.UCMobile/dataSource/UCMobile/favicon/8892833.ico
D/LocalStorageHelper(  930): delete file in clearDirectory:/mnt/extSdCard/.yi_backup/.backup_app/unzip/com.UCMobile/dataSource/UCMobile/favicon/7852944.ico
D/LocalStorageHelper(  930): delete file in clearDirectory:/mnt/extSdCard/.yi_backup/.backup_app/unzip/com.UCMobile/dataSource/UCMobile/favicon/4187126.ico
D/LocalStorageHelper(  930): delete file in clearDirectory:/mnt/extSdCard/.yi_backup/.backup_app/unzip/com.UCMobile/dataSource/UCMobile/favicon/10266929.ico
D/LocalStorageHelper(  930): delete file in clearDirectory:/mnt/extSdCard/.yi_backup/.backup_app/unzip/com.UCMobile/dataSource/UCMobile/favicon/15421755.ico
D/LocalStorageHelper(  930): delete file in clearDirectory:/mnt/extSdCard/.yi_backup/.backup_app/unzip/com.UCMobile/dataSource/UCMobile/favicon/1722975.ico
D/LocalStorageHelper(  930): delete file in clearDirectory:/mnt/extSdCard/.yi_backup/.backup_app/unzip/com.UCMobile/dataSource/UCMobile/favicon/14737234.ico
D/LocalStorageHelper(  930): delete file in clearDirectory:/mnt/extSdCard/.yi_backup/.backup_app/unzip/com.UCMobile/dataSource/UCMobile/favicon/9834383.ico
D/LocalStorageHelper(  930): delete file in clearDirectory:/mnt/extSdCard/.yi_backup/.backup_app/unzip/com.UCMobile/dataSource/UCMobile/favicon/5785264.ico
D/LocalStorageHelper(  930): delete file in clearDirectory:/mnt/extSdCard/.yi_backup/.backup_app/unzip/com.UCMobile/dataSource/UCMobile/favicon/13488436.ico
I/Surface (  373): Surface_lockCanvas
D/LocalStorageHelper(  930): delete file in clearDirectory:/mnt/extSdCard/.yi_backup/.backup_app/unzip/com.UCMobile/dataSource/UCMobile/favicon/2986168.ico
D/LocalStorageHelper(  930): delete file in clearDirectory:/mnt/extSdCard/.yi_backup/.backup_app/unzip/com.UCMobile/dataSource/UCMobile/favicon/20705.ico
D/LocalStorageHelper(  930): delete file in clearDirectory:/mnt/extSdCard/.yi_backup/.backup_app/unzip/com.UCMobile/dataSource/UCMobile/favicon/3498516.ico
D/LocalStorageHelper(  930): delete file in clearDirectory:/mnt/extSdCard/.yi_backup/.backup_app/unzip/com.UCMobile/dataSource/UCMobile/favicon/6161480.ico
D/LocalStorageHelper(  930): delete file in clearDirectory:/mnt/extSdCard/.yi_backup/.backup_app/unzip/com.UCMobile/dataSource/UCMobile/favicon/9550289.ico
D/LocalStorageHelper(  930): delete file in clearDirectory:/mnt/extSdCard/.yi_backup/.backup_app/unzip/com.UCMobile/dataSource/UCMobile/favicon/9643452.ico
D/LocalStorageHelper(  930): delete file in clearDirectory:/mnt/extSdCard/.yi_backup/.backup_app/unzip/com.UCMobile/dataSource/UCMobile/favicon/9979299.ico
D/LocalStorageHelper(  930): delete file in clearDirectory:/mnt/extSdCard/.yi_backup/.backup_app/unzip/com.UCMobile/dataSource/UCMobile/favicon/12438864.ico
D/LocalStorageHelper(  930): delete file in clearDirectory:/mnt/extSdCard/.yi_backup/.backup_app/unzip/com.UCMobile/dataSource/UCMobile/favicon/12723170.ico
D/LocalStorageHelper(  930): delete file in clearDirectory:/mnt/extSdCard/.yi_backup/.backup_app/unzip/com.UCMobile/dataSource/UCMobile/favicon/14297434.ico
D/LocalStorageHelper(  930): delete file in clearDirectory:/mnt/extSdCard/.yi_backup/.backup_app/unzip/com.UCMobile/dataSource/UCMobile/favicon/12955781.ico
D/LocalStorageHelper(  930): delete file in clearDirectory:/mnt/extSdCard/.yi_backup/.backup_app/unzip/com.UCMobile/dataSource/UCMobile/favicon/2965866.ico
D/LocalStorageHelper(  930): delete file in clearDirectory:/mnt/extSdCard/.yi_backup/.backup_app/unzip/com.UCMobile/dataSource/UCMobile/favicon/4042598.ico
D/LocalStorageHelper(  930): delete file in clearDirectory:/mnt/extSdCard/.yi_backup/.backup_app/unzip/com.UCMobile/dataSource/UCMobile/httpCache/2f53147c
D/dalvikvm(  930): GC_CONCURRENT freed 1469K, 39% free 7800K/12743K, paused 2ms+5ms
D/LocalStorageHelper(  930): delete file in clearDirectory:/mnt/extSdCard/.yi_backup/.backup_app/unzip/com.UCMobile/dataSource/UCMobile/httpCache/603d3fe8
D/LocalStorageHelper(  930): delete file in clearDirectory:/mnt/extSdCard/.yi_backup/.backup_app/unzip/com.UCMobile/dataSource/UCMobile/httpCache/5a6c6a3f
D/LocalStorageHelper(  930): delete file in clearDirectory:/mnt/extSdCard/.yi_backup/.backup_app/unzip/com.UCMobile/dataSource/UCMobile/httpCache/3df44bec
D/LocalStorageHelper(  930): delete file in clearDirectory:/mnt/extSdCard/.yi_backup/.backup_app/unzip/com.UCMobile/dataSource/UCMobile/httpCache/c564980b
D/LocalStorageHelper(  930): delete file in clearDirectory:/mnt/extSdCard/.yi_backup/.backup_app/unzip/com.UCMobile/dataSource/UCMobile/httpCache/e5d19b64
D/LocalStorageHelper(  930): delete file in clearDirectory:/mnt/extSdCard/.yi_backup/.backup_app/unzip/com.UCMobile/dataSource/UCMobile/httpCache/fbf8620a
D/LocalStorageHelper(  930): delete file in clearDirectory:/mnt/extSdCard/.yi_backup/.backup_app/unzip/com.UCMobile/dataSource/UCMobile/httpCache/e5c383e3
I/Surface (  373): Surface_lockCanvas
D/LocalStorageHelper(  930): delete file in clearDirectory:/mnt/extSdCard/.yi_backup/.backup_app/unzip/com.UCMobile/dataSource/UCMobile/httpCache/0ad70f8e
D/LocalStorageHelper(  930): delete file in clearDirectory:/mnt/extSdCard/.yi_backup/.backup_app/unzip/com.UCMobile/dataSource/UCMobile/httpCache/e2b00eae
D/LocalStorageHelper(  930): delete file in clearDirectory:/mnt/extSdCard/.yi_backup/.backup_app/unzip/com.UCMobile/dataSource/UCMobile/httpCache/df0a5fa0
D/LocalStorageHelper(  930): delete file in clearDirectory:/mnt/extSdCard/.yi_backup/.backup_app/unzip/com.UCMobile/dataSource/UCMobile/httpCache/5a5cc5ad
D/LocalStorageHelper(  930): delete file in clearDirectory:/mnt/extSdCard/.yi_backup/.backup_app/unzip/com.UCMobile/dataSource/UCMobile/httpCache/5786bd09
D/LocalStorageHelper(  930): delete file in clearDirectory:/mnt/extSdCard/.yi_backup/.backup_app/unzip/com.UCMobile/dataSource/UCMobile/httpCache/30fc9283
D/LocalStorageHelper(  930): delete file in clearDirectory:/mnt/extSdCard/.yi_backup/.backup_app/unzip/com.UCMobile/dataSource/UCMobile/httpCache/46e8cf9d
D/LocalStorageHelper(  930): delete file in clearDirectory:/mnt/extSdCard/.yi_backup/.backup_app/unzip/com.UCMobile/dataSource/UCMobile/httpCache/17f485ef
D/LocalStorageHelper(  930): delete file in clearDirectory:/mnt/extSdCard/.yi_backup/.backup_app/unzip/com.UCMobile/dataSource/UCMobile/httpCache/2aac98f3
D/LocalStorageHelper(  930): delete file in clearDirectory:/mnt/extSdCard/.yi_backup/.backup_app/unzip/com.UCMobile/dataSource/UCMobile/httpCache/a92cf379
D/LocalStorageHelper(  930): delete file in clearDirectory:/mnt/extSdCard/.yi_backup/.backup_app/unzip/com.UCMobile/dataSource/UCMobile/httpCache/9b63d5f3
D/LocalStorageHelper(  930): delete file in clearDirectory:/mnt/extSdCard/.yi_backup/.backup_app/unzip/com.UCMobile/dataSource/UCMobile/httpCache/8a3dad12
D/LocalStorageHelper(  930): delete file in clearDirectory:/mnt/extSdCard/.yi_backup/.backup_app/unzip/com.UCMobile/dataSource/UCMobile/httpCache/12a1b22a
D/LocalStorageHelper(  930): delete file in clearDirectory:/mnt/extSdCard/.yi_backup/.backup_app/unzip/com.UCMobile/dataSource/UCMobile/httpCache/1b8f79c4
D/LocalStorageHelper(  930): delete file in clearDirectory:/mnt/extSdCard/.yi_backup/.backup_app/unzip/com.UCMobile/dataSource/UCMobile/httpCache/32f604bc
D/LocalStorageHelper(  930): delete file in clearDirectory:/mnt/extSdCard/.yi_backup/.backup_app/unzip/com.UCMobile/dataSource/UCMobile/httpCache/ac27863f
I/Surface (  373): Surface_lockCanvas
D/LocalStorageHelper(  930): delete file in clearDirectory:/mnt/extSdCard/.yi_backup/.backup_app/unzip/com.UCMobile/dataSource/UCMobile/httpCache/ecd00100
D/LocalStorageHelper(  930): delete file in clearDirectory:/mnt/extSdCard/.yi_backup/.backup_app/unzip/com.UCMobile/dataSource/UCMobile/httpCache/30564184
D/LocalStorageHelper(  930): delete file in clearDirectory:/mnt/extSdCard/.yi_backup/.backup_app/unzip/com.UCMobile/dataSource/UCMobile/httpCache/1f6573d8
D/LocalStorageHelper(  930): delete file in clearDirectory:/mnt/extSdCard/.yi_backup/.backup_app/unzip/com.UCMobile/dataSource/UCMobile/httpCache/39d0469d
D/LocalStorageHelper(  930): delete file in clearDirectory:/mnt/extSdCard/.yi_backup/.backup_app/unzip/com.UCMobile/dataSource/UCMobile/httpCache/c192af00
D/LocalStorageHelper(  930): delete file in clearDirectory:/mnt/extSdCard/.yi_backup/.backup_app/unzip/com.UCMobile/dataSource/UCMobile/httpCache/0d3f1296
D/LocalStorageHelper(  930): delete file in clearDirectory:/mnt/extSdCard/.yi_backup/.backup_app/unzip/com.UCMobile/dataSource/UCMobile/httpCache/640d586a
D/LocalStorageHelper(  930): delete file in clearDirectory:/mnt/extSdCard/.yi_backup/.backup_app/unzip/com.UCMobile/dataSource/UCMobile/httpCache/6d858fe0
D/LocalStorageHelper(  930): delete file in clearDirectory:/mnt/extSdCard/.yi_backup/.backup_app/unzip/com.UCMobile/dataSource/UCMobile/httpCache/08bb8113
D/LocalStorageHelper(  930): delete file in clearDirectory:/mnt/extSdCard/.yi_backup/.backup_app/unzip/com.UCMobile/dataSource/UCMobile/httpCache/b35e695e
D/LocalStorageHelper(  930): delete file in clearDirectory:/mnt/extSdCard/.yi_backup/.backup_app/unzip/com.UCMobile/dataSource/UCMobile/httpCache/06cc5faf
D/LocalStorageHelper(  930): delete file in clearDirectory:/mnt/extSdCard/.yi_backup/.backup_app/unzip/com.UCMobile/dataSource/UCMobile/httpCache/07789820
D/LocalStorageHelper(  930): delete file in clearDirectory:/mnt/extSdCard/.yi_backup/.backup_app/unzip/com.UCMobile/dataSource/UCMobile/httpCache/65e83547
D/LocalStorageHelper(  930): delete file in clearDirectory:/mnt/extSdCard/.yi_backup/.backup_app/unzip/com.UCMobile/dataSource/UCMobile/httpCache/a40d8ea6
D/LocalStorageHelper(  930): delete file in clearDirectory:/mnt/extSdCard/.yi_backup/.backup_app/unzip/com.UCMobile/dataSource/UCMobile/httpCache/fc3b9065
D/LocalStorageHelper(  930): delete file in clearDirectory:/mnt/extSdCard/.yi_backup/.backup_app/unzip/com.UCMobile/dataSource/UCMobile/httpCache/e74017be
D/LocalStorageHelper(  930): delete file in clearDirectory:/mnt/extSdCard/.yi_backup/.backup_app/unzip/com.UCMobile/dataSource/UCMobile/httpCache/e77c6a4c
D/LocalStorageHelper(  930): delete file in clearDirectory:/mnt/extSdCard/.yi_backup/.backup_app/unzip/com.UCMobile/dataSource/UCMobile/httpCache/f6f2a6ee
D/LocalStorageHelper(  930): delete file in clearDirectory:/mnt/extSdCard/.yi_backup/.backup_app/unzip/com.UCMobile/dataSource/UCMobile/httpCache/552e8acf
D/LocalStorageHelper(  930): delete file in clearDirectory:/mnt/extSdCard/.yi_backup/.backup_app/unzip/com.UCMobile/dataSource/UCMobile/httpCache/1c2c74e2
D/LocalStorageHelper(  930): delete file in clearDirectory:/mnt/extSdCard/.yi_backup/.backup_app/unzip/com.UCMobile/dataSource/UCMobile/httpCache/683bda25
D/LocalStorageHelper(  930): delete file in clearDirectory:/mnt/extSdCard/.yi_backup/.backup_app/unzip/com.UCMobile/dataSource/UCMobile/httpCache/b5f17b1f
D/LocalStorageHelper(  930): delete file in clearDirectory:/mnt/extSdCard/.yi_backup/.backup_app/unzip/com.UCMobile/dataSource/UCMobile/httpCache/2a1e6f08
D/LocalStorageHelper(  930): delete file in clearDirectory:/mnt/extSdCard/.yi_backup/.backup_app/unzip/com.UCMobile/dataSource/UCMobile/httpCache/af2308cf
D/LocalStorageHelper(  930): delete file in clearDirectory:/mnt/extSdCard/.yi_backup/.backup_app/unzip/com.UCMobile/dataSource/UCMobile/httpCache/6379e910
D/LocalStorageHelper(  930): delete file in clearDirectory:/mnt/extSdCard/.yi_backup/.backup_app/unzip/com.UCMobile/dataSource/UCMobile/httpCache/7599bcd9
D/LocalStorageHelper(  930): delete file in clearDirectory:/mnt/extSdCard/.yi_backup/.backup_app/unzip/com.UCMobile/dataSource/UCMobile/httpCache/d22144f7
D/LocalStorageHelper(  930): delete file in clearDirectory:/mnt/extSdCard/.yi_backup/.backup_app/unzip/com.UCMobile/dataSource/UCMobile/httpCache/3b4c8cf1
D/LocalStorageHelper(  930): delete file in clearDirectory:/mnt/extSdCard/.yi_backup/.backup_app/unzip/com.UCMobile/dataSource/UCMobile/httpCache/4bedbc5f
D/LocalStorageHelper(  930): delete file in clearDirectory:/mnt/extSdCard/.yi_backup/.backup_app/unzip/com.UCMobile/dataSource/UCMobile/httpCache/272bd9e3
D/LocalStorageHelper(  930): delete file in clearDirectory:/mnt/extSdCard/.yi_backup/.backup_app/unzip/com.UCMobile/dataSource/UCMobile/httpCache/1e9f7a29
D/LocalStorageHelper(  930): delete file in clearDirectory:/mnt/extSdCard/.yi_backup/.backup_app/unzip/com.UCMobile/dataSource/UCMobile/httpCache/46e5d7cf
D/LocalStorageHelper(  930): delete file in clearDirectory:/mnt/extSdCard/.yi_backup/.backup_app/unzip/com.UCMobile/dataSource/UCMobile/httpCache/17664979
D/LocalStorageHelper(  930): delete file in clearDirectory:/mnt/extSdCard/.yi_backup/.backup_app/unzip/com.UCMobile/dataSource/UCMobile/httpCache/3a41f953
D/LocalStorageHelper(  930): delete file in clearDirectory:/mnt/extSdCard/.yi_backup/.backup_app/unzip/com.UCMobile/dataSource/UCMobile/httpCache/5a076dd7
D/LocalStorageHelper(  930): delete file in clearDirectory:/mnt/extSdCard/.yi_backup/.backup_app/unzip/com.UCMobile/dataSource/UCMobile/httpCache/6d0c50a7
D/LocalStorageHelper(  930): delete file in clearDirectory:/mnt/extSdCard/.yi_backup/.backup_app/unzip/com.UCMobile/dataSource/UCMobile/httpCache/70d4dd48
D/LocalStorageHelper(  930): delete file in clearDirectory:/mnt/extSdCard/.yi_backup/.backup_app/unzip/com.UCMobile/dataSource/UCMobile/httpCache/dd65c17d
D/LocalStorageHelper(  930): delete file in clearDirectory:/mnt/extSdCard/.yi_backup/.backup_app/unzip/com.UCMobile/dataSource/UCMobile/httpCache/051ad1ae
D/LocalStorageHelper(  930): delete file in clearDirectory:/mnt/extSdCard/.yi_backup/.backup_app/unzip/com.UCMobile/dataSource/UCMobile/httpCache/2f598fe0
D/LocalStorageHelper(  930): delete file in clearDirectory:/mnt/extSdCard/.yi_backup/.backup_app/unzip/com.UCMobile/dataSource/UCMobile/httpCache/f949f40c
D/LocalStorageHelper(  930): delete file in clearDirectory:/mnt/extSdCard/.yi_backup/.backup_app/unzip/com.UCMobile/dataSource/UCMobile/httpCache/75b58fdd
D/LocalStorageHelper(  930): delete file in clearDirectory:/mnt/extSdCard/.yi_backup/.backup_app/unzip/com.UCMobile/dataSource/UCMobile/httpCache/cde7f315
D/LocalStorageHelper(  930): delete file in clearDirectory:/mnt/extSdCard/.yi_backup/.backup_app/unzip/com.UCMobile/dataSource/UCMobile/httpCache/fb3262f4
D/LocalStorageHelper(  930): delete file in clearDirectory:/mnt/extSdCard/.yi_backup/.backup_app/unzip/com.UCMobile/dataSource/UCMobile/httpCache/fa8eeec3
D/LocalStorageHelper(  930): delete file in clearDirectory:/mnt/extSdCard/.yi_backup/.backup_app/unzip/com.UCMobile/dataSource/UCMobile/httpCache/732b018d
D/LocalStorageHelper(  930): delete file in clearDirectory:/mnt/extSdCard/.yi_backup/.backup_app/unzip/com.UCMobile/dataSource/UCMobile/httpCache/9a839a08
D/LocalStorageHelper(  930): delete file in clearDirectory:/mnt/extSdCard/.yi_backup/.backup_app/unzip/com.UCMobile/dataSource/UCMobile/httpCache/a5a98069
D/LocalStorageHelper(  930): delete file in clearDirectory:/mnt/extSdCard/.yi_backup/.backup_app/unzip/com.UCMobile/dataSource/UCMobile/httpCache/5f58de21
I/InputReader(  233): Touch event's action is 0x0 (deviceType=0) [pCnt=1, pending(waiting finished signal)=0, s=0.124 ]
I/InputDispatcher(  233): Delivering touch to current input target: action: 0x0
I/InputDispatcher(  233): Delivering touch to current input target: action: 0x0
I/InputDispatcher(  233): Delivering touch to current input target: action: 0x0
I/PowerManagerService(  233): Ulight 0x3->0x7|0x0
D/PowerManagerService(  233): setLightBrightness : mButtonLight : 102
I/InputReader(  233): Touch event's action is 0x1 (deviceType=0) [pCnt=1, pending(waiting finished signal)=0, s=]
I/InputDispatcher(  233): Delivering touch to current input target: action: 0x1
I/InputDispatcher(  233): Delivering touch to current input target: action: 0x1
I/InputDispatcher(  233): Delivering touch to current input target: action: 0x1
I/AudioPolicyManagerBase(   96): getSituationVolume: isBTConnected:0 isHeadConnected:0
V/AudioPolicyManagerBase(   96): getParamFromPolicy  deviceInt = 0, situationInt = 1, situationVolume = 0.500000
D/AudioService(  233): playSoundEffect()
V/AudioFlinger(   96): createTrack() sessionId: 0
V/AudioFlinger(   96): createTrack() lSessionId: 25
V/AudioFlinger(   96): Track constructor name 4098, calling thread 233
V/AudioFlinger(   96): acquiring 25 from 233
V/AudioFlinger(   96):  added new entry for 25
V/AudioFlinger(   96): start(4098), calling thread 233 session 25
V/AudioFlinger(   96): ? => ACTIVE (4098) on thread 0x1695c08
V/AudioPolicyService(   96): startOutput() tid 96
V/AudioPolicyManagerBase(   96): startOutput() output 1, stream 1, session 25
V/AudioPolicyManagerBase(   96): getDeviceForStrategy() from cache strategy 0, device 2
V/AudioPolicyManagerBase(   96): changeRefCount() stream 1, count 1
V/AudioPolicyManagerBase(   96): getDeviceForStrategy() from cache strategy 0, device 2
V/AudioPolicyManagerBase(   96): getNewDevice() selected device 2
V/AudioPolicyManagerALSA(   96): AudioPolicyManagerBase::setOutputDevice() output 1 device 2 delayMs 0
V/AudioPolicyManagerALSA(   96): setOutputDevice() setting same device 2 or null device for output 1
D/AudioPolicyManagerALSA(   96): startOutput() output=1, stream=1, session=25, phoneState=0
E/AudioFlinger(   96): addTrack_l streamType (4)
E/AudioFlinger(   96): addTrack_l streamType (0, 1) for mStreamTypes[stream].volume[0.251189]
D/AudioHardwareALSA(   96): ALSAStreamOps::setParameters() start_output_streamtype=1;start_output_streamvol=4
E/AudioHardwareALSA(   96): organ_volIndex=4
E/AudioHardwareALSA(   96): organ_streamIndex=1
E/AudioHardwareALSA(   96): setOrgan() 1,OnOff[1],volume[4]
W/ALSAModule(   96): audio_tune_hw4app_register tat=[12] volume_type=[0] volume_level=[4]
W/ALSAModule(   96): audio_tune_hw4app_policy bitmap=0x00001000 is 12
W/ALSAModule(   96): audio_tune_hw4app_write2hardware can't locate the right mFactoryRouteRCVMode [0]
W/ALSAModule(   96): audio_tune_hw4app_write2hardware will apply [12,music] vol_type0, vol_level4, eq_type0, device_mode3 to audio hardware
E/AudioHardwareALSA(   96): setOrgan=1
V/AudioFlinger(   96): mWaitWorkCV.broadcast
V/AudioFlinger(   96): MixerThread 0x1676768 TID 219 waking up
V/AudioFlinger(   96): acquireWakeLock_l() AudioOut_1 status 0
V/AudioFlinger(   96): releasing 24 from 233
V/AudioFlinger(   96):  decremented refcount to 0
V/AudioFlinger(   96): purging stale effects
V/AudioPolicyService(   96): releaseOutput() tid 220
V/AudioPolicyManagerBase(   96): releaseOutput() 1
V/AudioFlinger(   96): remove track (4097) and delete from mixer
V/AudioFlinger(   96): PlaybackThread::Track destructor
I/AudioResampler(   96):  Create linear Resampler inChannelCount:2 sampleRate:44100
I/AudioResampler(   96): AudioResampler::AudioResampler() 1 bits, 2 channels
I/AudioResampler(   96): new MM resampler(48000 -> 44100, 2)
W/AudioHardwareALSA(   96): glx [AndroidPlayback_Speaker_normal] gggggggggggggggggggggggggg snd_pcm_writei
W/ALSAModule(   96): s_open not need reentrant protecting, green channel
W/ALSAModule(   96): luther don't need to wait for cp....
W/ALSAModule(   96): oooooooooooooooo s_open Enter incall=0
W/ALSAModule(   96): s_open got lock1
W/ALSAModule(   96): s_open got lock2, yeah
W/ALSAModule(   96): you do not want to mute audio path
W/ALSAModule(   96): close snd_pcm_drain
W/ALSAModule(   96): close snd_pcm_drain done & ret=0
W/ALSAModule(   96): close snd_pcm_close
W/ALSAModule(   96): close OK
V/ALSAModule(   96): initially, setHardwareParams: buffer size: 882, latency: 21768
V/ALSAModule(   96): Set PLAYBACK PCM format to S16_LE (Signed 16 bit Little Endian)
V/ALSAModule(   96): Using 2 channels for PLAYBACK.
V/ALSAModule(   96): Set PLAYBACK sample rate to 44100 HZ
V/ALSAModule(   96): snd_pcm_hw_params_set_buffer_size_near: get buffer size: 960
V/ALSAModule(   96): snd_pcm_hw_params_set_buffer_time_near: get latency: 21768
V/ALSAModule(   96): finally, setHardwareParams: snd_pcm_get_params: buffer time: 21768, buffer size: 960, period time: 3628, period size: 160
I/ALSAModule(   96): Initialized ALSA PLAYBACK device AndroidPlayback_Speaker_normal
W/ALSAModule(   96): [ Open ] s_audio_path_route to mode=0 BeingMode=0 0x00000002
W/ALSAModule(   96): alsa-phone ringtone special process, speaker to 1 later
W/ALSAModule(   96): qqqqqqqqqqqqqqqq s_open Exit
W/AudioHardwareALSA(   96): alsa-phone ringtone special process, speaker to 1 now [data 3840 bytes]
V/AudioFlinger(   96): stop(4098), calling thread 233
V/AudioFlinger(   96): (> STOPPED) => STOPPED (4098) on thread 0x1676768
V/AudioPolicyService(   96): stopOutput() tid 220
D/AudioPolicyManagerALSA(   96): stopOutput() output=1, stream=1, sesssion=25
V/AudioPolicyManagerBase(   96): stopOutput() output 1, stream 1, session 25
V/AudioPolicyManagerBase(   96): changeRefCount() stream 1, count 0
V/AudioPolicyManagerBase(   96): getNewDevice() selected device 0
V/AudioPolicyManagerALSA(   96): AudioPolicyManagerBase::setOutputDevice() output 1 device 0 delayMs 18
V/AudioPolicyManagerALSA(   96): setOutputDevice() setting same device 0 or null device for output 1
V/AudioFlinger(   96): TrackBase::reset
D/LocalStorageHelper(  930): delete file in clearDirectory:/mnt/extSdCard/.yi_backup/.backup_app/unzip/com.UCMobile/dataSource/UCMobile/httpCache/9c9b6a95
D/LocalStorageHelper(  930): delete file in clearDirectory:/mnt/extSdCard/.yi_backup/.backup_app/unzip/com.UCMobile/dataSource/UCMobile/httpCache/e268faf9
D/LocalStorageHelper(  930): delete file in clearDirectory:/mnt/extSdCard/.yi_backup/.backup_app/unzip/com.UCMobile/dataSource/UCMobile/httpCache/f3562a64
