D/LocalStorageHelper(  930): createFile, path = /mnt/extSdCard/.yi_backup/.backup_app/unzip/com.tencent.mobileqq/dataSource/files/bubble_info/11/yuanbao/0010.png
D/RestoreUtil(  930): decompressZip() file:/mnt/extSdCard/.yi_backup/.backup_app/unzip/com.tencent.mobileqq/dataSource/files/bubble_info/11/yuanbao/0010.png mod:33277
D/RestoreUtil(  930): entry name = com.tencent.mobileqq/dataSource/files/bubble_info/11/yuanbao/0011.png
D/LocalStorageHelper(  930): createFile, path = /mnt/extSdCard/.yi_backup/.backup_app/unzip/com.tencent.mobileqq/dataSource/files/bubble_info/11/yuanbao/0011.png
D/RestoreUtil(  930): decompressZip() file:/mnt/extSdCard/.yi_backup/.backup_app/unzip/com.tencent.mobileqq/dataSource/files/bubble_info/11/yuanbao/0011.png mod:33277
D/RestoreUtil(  930): entry name = com.tencent.mobileqq/dataSource/files/bubble_info/12/config.json
D/LocalStorageHelper(  930): createFile, path = /mnt/extSdCard/.yi_backup/.backup_app/unzip/com.tencent.mobileqq/dataSource/files/bubble_info/12/config.json
D/RestoreUtil(  930): decompressZip() file:/mnt/extSdCard/.yi_backup/.backup_app/unzip/com.tencent.mobileqq/dataSource/files/bubble_info/12/config.json mod:33277
D/RestoreUtil(  930): entry name = com.tencent.mobileqq/dataSource/files/bubble_info/12/static/aio_user_bg_nor.9.png
D/LocalStorageHelper(  930): createFile, path = /mnt/extSdCard/.yi_backup/.backup_app/unzip/com.tencent.mobileqq/dataSource/files/bubble_info/12/static/aio_user_bg_nor.9.png
D/RestoreUtil(  930): decompressZip() file:/mnt/extSdCard/.yi_backup/.backup_app/unzip/com.tencent.mobileqq/dataSource/files/bubble_info/12/static/aio_user_bg_nor.9.png mod:33277
D/RestoreUtil(  930): entry name = com.tencent.mobileqq/dataSource/files/bubble_info/12/static/aio_user_pic_nor.9.png
D/LocalStorageHelper(  930): createFile, path = /mnt/extSdCard/.yi_backup/.backup_app/unzip/com.tencent.mobileqq/dataSource/files/bubble_info/12/static/aio_user_pic_nor.9.png
D/RestoreUtil(  930): decompressZip() file:/mnt/extSdCard/.yi_backup/.backup_app/unzip/com.tencent.mobileqq/dataSource/files/bubble_info/12/static/aio_user_pic_nor.9.png mod:33277
D/RestoreUtil(  930): entry name = com.tencent.mobileqq/dataSource/files/bubble_info/12/static/chat_bubble_thumbnail.png
D/LocalStorageHelper(  930): createFile, path = /mnt/extSdCard/.yi_backup/.backup_app/unzip/com.tencent.mobileqq/dataSource/files/bubble_info/12/static/chat_bubble_thumbnail.png
D/RestoreUtil(  930): decompressZip() file:/mnt/extSdCard/.yi_backup/.backup_app/unzip/com.tencent.mobileqq/dataSource/files/bubble_info/12/static/chat_bubble_thumbnail.png mod:33277
D/RestoreUtil(  930): entry name = com.tencent.mobileqq/dataSource/files/bubble_info/12/voice/0001.png
D/LocalStorageHelper(  930): createFile, path = /mnt/extSdCard/.yi_backup/.backup_app/unzip/com.tencent.mobileqq/dataSource/files/bubble_info/12/voice/0001.png
D/RestoreUtil(  930): decompressZip() file:/mnt/extSdCard/.yi_backup/.backup_app/unzip/com.tencent.mobileqq/dataSource/files/bubble_info/12/voice/0001.png mod:33277
D/RestoreUtil(  930): entry name = com.tencent.mobileqq/dataSource/files/bubble_info/12/voice/0002.png
D/LocalStorageHelper(  930): createFile, path = /mnt/extSdCard/.yi_backup/.backup_app/unzip/com.tencent.mobileqq/dataSource/files/bubble_info/12/voice/0002.png
D/RestoreUtil(  930): decompressZip() file:/mnt/extSdCard/.yi_backup/.backup_app/unzip/com.tencent.mobileqq/dataSource/files/bubble_info/12/voice/0002.png mod:33277
D/RestoreUtil(  930): entry name = com.tencent.mobileqq/dataSource/files/bubble_info/12/voice/0003.png
D/LocalStorageHelper(  930): createFile, path = /mnt/extSdCard/.yi_backup/.backup_app/unzip/com.tencent.mobileqq/dataSource/files/bubble_info/12/voice/0003.png
W/SignalStrength(  233): getGsmLevel=2
W/SignalStrength(  233): getLevel=2 (SignalStrength: 7 -1 -1 -1 -1 -1 -1 -1 -1 -1 -1 -1 gsm|lte 2)
W/SignalStrength(  373): getGsmLevel=2
W/SignalStrength(  373): getLevel=2 (SignalStrength: 7 -1 -1 -1 -1 -1 -1 -1 -1 -1 -1 -1 gsm|lte 2)
I/Surface (  373): Surface_lockCanvas
W/SignalStrength(  233): getGsmDbm=-99
W/SignalStrength(  233): getDbm=-99
W/SignalStrength(  233): getGsmAsuLevel=7
W/SignalStrength(  233): getAsuLevel=7
W/SignalStrength(  233): getGsmLevel=2
W/SignalStrength(  233): getLevel=2 (SignalStrength: 8 -1 -1 -1 -1 -1 -1 -1 -1 -1 -1 -1 gsm|lte 2)
W/SignalStrength(  233): getGsmDbm=-97
W/SignalStrength(  233): getDbm=-97
W/SignalStrength(  233): getGsmAsuLevel=8
W/SignalStrength(  233): getAsuLevel=8
W/SignalStrength(  373): getGsmLevel=2
W/SignalStrength(  373): getLevel=2 (SignalStrength: 8 -1 -1 -1 -1 -1 -1 -1 -1 -1 -1 -1 gsm|lte 2)
D/RestoreUtil(  930): decompressZip() file:/mnt/extSdCard/.yi_backup/.backup_app/unzip/com.tencent.mobileqq/dataSource/files/bubble_info/12/voice/0003.png mod:33277
D/RestoreUtil(  930): entry name = com.tencent.mobileqq/dataSource/files/bubble_info/12/voice/0004.png
D/LocalStorageHelper(  930): createFile, path = /mnt/extSdCard/.yi_backup/.backup_app/unzip/com.tencent.mobileqq/dataSource/files/bubble_info/12/voice/0004.png
D/RestoreUtil(  930): decompressZip() file:/mnt/extSdCard/.yi_backup/.backup_app/unzip/com.tencent.mobileqq/dataSource/files/bubble_info/12/voice/0004.png mod:33277
D/RestoreUtil(  930): entry name = com.tencent.mobileqq/dataSource/files/bubble_info/12/voice/0005.png
D/LocalStorageHelper(  930): createFile, path = /mnt/extSdCard/.yi_backup/.backup_app/unzip/com.tencent.mobileqq/dataSource/files/bubble_info/12/voice/0005.png
D/RestoreUtil(  930): decompressZip() file:/mnt/extSdCard/.yi_backup/.backup_app/unzip/com.tencent.mobileqq/dataSource/files/bubble_info/12/voice/0005.png mod:33277
D/RestoreUtil(  930): entry name = com.tencent.mobileqq/dataSource/files/bubble_info/12/zhongqiu/0001.png
D/LocalStorageHelper(  930): createFile, path = /mnt/extSdCard/.yi_backup/.backup_app/unzip/com.tencent.mobileqq/dataSource/files/bubble_info/12/zhongqiu/0001.png
D/RestoreUtil(  930): decompressZip() file:/mnt/extSdCard/.yi_backup/.backup_app/unzip/com.tencent.mobileqq/dataSource/files/bubble_info/12/zhongqiu/0001.png mod:33277
D/RestoreUtil(  930): entry name = com.tencent.mobileqq/dataSource/files/bubble_info/12/zhongqiu/0002.png
D/LocalStorageHelper(  930): createFile, path = /mnt/extSdCard/.yi_backup/.backup_app/unzip/com.tencent.mobileqq/dataSource/files/bubble_info/12/zhongqiu/0002.png
D/RestoreUtil(  930): decompressZip() file:/mnt/extSdCard/.yi_backup/.backup_app/unzip/com.tencent.mobileqq/dataSource/files/bubble_info/12/zhongqiu/0002.png mod:33277
D/RestoreUtil(  930): entry name = com.tencent.mobileqq/dataSource/files/bubble_info/12/zhongqiu/0003.png
D/LocalStorageHelper(  930): createFile, path = /mnt/extSdCard/.yi_backup/.backup_app/unzip/com.tencent.mobileqq/dataSource/files/bubble_info/12/zhongqiu/0003.png
D/RestoreUtil(  930): decompressZip() file:/mnt/extSdCard/.yi_backup/.backup_app/unzip/com.tencent.mobileqq/dataSource/files/bubble_info/12/zhongqiu/0003.png mod:33277
D/RestoreUtil(  930): entry name = com.tencent.mobileqq/dataSource/files/bubble_info/12/zhongqiu/0004.png
D/LocalStorageHelper(  930): createFile, path = /mnt/extSdCard/.yi_backup/.backup_app/unzip/com.tencent.mobileqq/dataSource/files/bubble_info/12/zhongqiu/0004.png
D/RestoreUtil(  930): decompressZip() file:/mnt/extSdCard/.yi_backup/.backup_app/unzip/com.tencent.mobileqq/dataSource/files/bubble_info/12/zhongqiu/0004.png mod:33277
D/RestoreUtil(  930): entry name = com.tencent.mobileqq/dataSource/files/bubble_info/12/zhongqiu/0005.png
D/LocalStorageHelper(  930): createFile, path = /mnt/extSdCard/.yi_backup/.backup_app/unzip/com.tencent.mobileqq/dataSource/files/bubble_info/12/zhongqiu/0005.png
D/RestoreUtil(  930): decompressZip() file:/mnt/extSdCard/.yi_backup/.backup_app/unzip/com.tencent.mobileqq/dataSource/files/bubble_info/12/zhongqiu/0005.png mod:33277
D/RestoreUtil(  930): entry name = com.tencent.mobileqq/dataSource/files/bubble_info/12/zhongqiu/0006.png
D/LocalStorageHelper(  930): createFile, path = /mnt/extSdCard/.yi_backup/.backup_app/unzip/com.tencent.mobileqq/dataSource/files/bubble_info/12/zhongqiu/0006.png
D/RestoreUtil(  930): decompressZip() file:/mnt/extSdCard/.yi_backup/.backup_app/unzip/com.tencent.mobileqq/dataSource/files/bubble_info/12/zhongqiu/0006.png mod:33277
D/RestoreUtil(  930): entry name = com.tencent.mobileqq/dataSource/files/bubble_info/12/zhongqiu/0007.png
D/LocalStorageHelper(  930): createFile, path = /mnt/extSdCard/.yi_backup/.backup_app/unzip/com.tencent.mobileqq/dataSource/files/bubble_info/12/zhongqiu/0007.png
D/RestoreUtil(  930): decompressZip() file:/mnt/extSdCard/.yi_backup/.backup_app/unzip/com.tencent.mobileqq/dataSource/files/bubble_info/12/zhongqiu/0007.png mod:33277
D/RestoreUtil(  930): entry name = com.tencent.mobileqq/dataSource/files/bubble_info/12/zhongqiu/0008.png
D/LocalStorageHelper(  930): createFile, path = /mnt/extSdCard/.yi_backup/.backup_app/unzip/com.tencent.mobileqq/dataSource/files/bubble_info/12/zhongqiu/0008.png
D/RestoreUtil(  930): decompressZip() file:/mnt/extSdCard/.yi_backup/.backup_app/unzip/com.tencent.mobileqq/dataSource/files/bubble_info/12/zhongqiu/0008.png mod:33277
D/RestoreUtil(  930): entry name = com.tencent.mobileqq/dataSource/files/bubble_info/12/zhongqiu/0009.png
D/LocalStorageHelper(  930): createFile, path = /mnt/extSdCard/.yi_backup/.backup_app/unzip/com.tencent.mobileqq/dataSource/files/bubble_info/12/zhongqiu/0009.png
D/RestoreUtil(  930): decompressZip() file:/mnt/extSdCard/.yi_backup/.backup_app/unzip/com.tencent.mobileqq/dataSource/files/bubble_info/12/zhongqiu/0009.png mod:33277
D/RestoreUtil(  930): entry name = com.tencent.mobileqq/dataSource/files/bubble_info/12/zhongqiu/0010.png
D/LocalStorageHelper(  930): createFile, path = /mnt/extSdCard/.yi_backup/.backup_app/unzip/com.tencent.mobileqq/dataSource/files/bubble_info/12/zhongqiu/0010.png
D/RestoreUtil(  930): decompressZip() file:/mnt/extSdCard/.yi_backup/.backup_app/unzip/com.tencent.mobileqq/dataSource/files/bubble_info/12/zhongqiu/0010.png mod:33277
D/RestoreUtil(  930): entry name = com.tencent.mobileqq/dataSource/files/bubble_info/12/bianpao/0001.png
D/LocalStorageHelper(  930): createFile, path = /mnt/extSdCard/.yi_backup/.backup_app/unzip/com.tencent.mobileqq/dataSource/files/bubble_info/12/bianpao/0001.png
D/RestoreUtil(  930): decompressZip() file:/mnt/extSdCard/.yi_backup/.backup_app/unzip/com.tencent.mobileqq/dataSource/files/bubble_info/12/bianpao/0001.png mod:33277
D/RestoreUtil(  930): entry name = com.tencent.mobileqq/dataSource/files/bubble_info/12/bianpao/0002.png
D/LocalStorageHelper(  930): createFile, path = /mnt/extSdCard/.yi_backup/.backup_app/unzip/com.tencent.mobileqq/dataSource/files/bubble_info/12/bianpao/0002.png
D/RestoreUtil(  930): decompressZip() file:/mnt/extSdCard/.yi_backup/.backup_app/unzip/com.tencent.mobileqq/dataSource/files/bubble_info/12/bianpao/0002.png mod:33277
D/RestoreUtil(  930): entry name = com.tencent.mobileqq/dataSource/files/bubble_info/12/bianpao/0003.png
D/LocalStorageHelper(  930): createFile, path = /mnt/extSdCard/.yi_backup/.backup_app/unzip/com.tencent.mobileqq/dataSource/files/bubble_info/12/bianpao/0003.png
D/RestoreUtil(  930): taskState, pkg = com.UCMobile, progress = 31, result = 0
D/BackupRestoreService(  930): rstTaskProgress, pkg = com.UCMobile progress = 31 result = 0
D/BackupRestoreService(  930): calculateBackupIndex com.UCMobile, mBusyState = 3
D/BackupRestoreService(  930): getRestoreAppLabel
D/NotifierUtil(  930): showProgressNotification
D/ApplicationPolicy(  233): isStatusBarNotificationAllowed: packageName = com.baidu.backuprestore
D/STATUSBAR-NotificationService(  233): enqueueNotificationInternal - pkg:XXX.XXXXX.XXXXXXXXXXXXX, id:0
D/BackupRestoreService(  930): sendBackupRestoreState, mTaskType = 15, mProgressInfo = com.UCMobile, UC浏览器, 31, 48.53846153846154
D/com.baidu.backuprestore.UI.BackupRestoreActivity(  930): mBackupRestoreStateRev, action = com.baidu.backuprestore.State_Query
D/com.baidu.backuprestore.UI.BackupRestoreActivity(  930): mBackupRestoreStateRev, taskType = 15
D/com.baidu.backuprestore.UI.BackupRestoreActivity(  930): mProgressHandler, handleMessage and msg.what = 15
D/com.baidu.backuprestore.UI.BackupRestoreActivity(  930): onRstProgress
D/updateTaskDoingList(  930): index=7
D/updateTaskDoingList(  930): ismBlankViewFilled=true
D/FixedListViewRefreshAdapter(  930): tasking list,distance=0
D/updateTaskDoingList(  930): name=UC浏览器appInfo.progress=31
D/STATUSBAR-NotificationService(  233): Noti Alert - mSystemReady:true, AlertEnabled:true
D/RestoreUtil(  930): decompressZip() file:/mnt/extSdCard/.yi_backup/.backup_app/unzip/com.tencent.mobileqq/dataSource/files/bubble_info/12/bianpao/0003.png mod:33277
D/RestoreUtil(  930): entry name = com.tencent.mobileqq/dataSource/files/bubble_info/12/bianpao/0004.png
D/LocalStorageHelper(  930): createFile, path = /mnt/extSdCard/.yi_backup/.backup_app/unzip/com.tencent.mobileqq/dataSource/files/bubble_info/12/bianpao/0004.png
I/Surface (  373): Surface_lockCanvas
D/RestoreUtil(  930): decompressZip() file:/mnt/extSdCard/.yi_backup/.backup_app/unzip/com.tencent.mobileqq/dataSource/files/bubble_info/12/bianpao/0004.png mod:33277
D/RestoreUtil(  930): entry name = com.tencent.mobileqq/dataSource/files/bubble_info/12/bianpao/0005.png
D/LocalStorageHelper(  930): createFile, path = /mnt/extSdCard/.yi_backup/.backup_app/unzip/com.tencent.mobileqq/dataSource/files/bubble_info/12/bianpao/0005.png
D/RestoreUtil(  930): decompressZip() file:/mnt/extSdCard/.yi_backup/.backup_app/unzip/com.tencent.mobileqq/dataSource/files/bubble_info/12/bianpao/0005.png mod:33277
D/RestoreUtil(  930): entry name = com.tencent.mobileqq/dataSource/files/bubble_info/12/bianpao/0006.png
D/LocalStorageHelper(  930): createFile, path = /mnt/extSdCard/.yi_backup/.backup_app/unzip/com.tencent.mobileqq/dataSource/files/bubble_info/12/bianpao/0006.png
D/RestoreUtil(  930): decompressZip() file:/mnt/extSdCard/.yi_backup/.backup_app/unzip/com.tencent.mobileqq/dataSource/files/bubble_info/12/bianpao/0006.png mod:33277
D/RestoreUtil(  930): entry name = com.tencent.mobileqq/dataSource/files/bubble_info/12/bianpao/0007.png
D/LocalStorageHelper(  930): createFile, path = /mnt/extSdCard/.yi_backup/.backup_app/unzip/com.tencent.mobileqq/dataSource/files/bubble_info/12/bianpao/0007.png
D/RestoreUtil(  930): decompressZip() file:/mnt/extSdCard/.yi_backup/.backup_app/unzip/com.tencent.mobileqq/dataSource/files/bubble_info/12/bianpao/0007.png mod:33277
D/RestoreUtil(  930): entry name = com.tencent.mobileqq/dataSource/files/bubble_info/12/yuanbao/0001.png
D/LocalStorageHelper(  930): createFile, path = /mnt/extSdCard/.yi_backup/.backup_app/unzip/com.tencent.mobileqq/dataSource/files/bubble_info/12/yuanbao/0001.png
D/RestoreUtil(  930): decompressZip() file:/mnt/extSdCard/.yi_backup/.backup_app/unzip/com.tencent.mobileqq/dataSource/files/bubble_info/12/yuanbao/0001.png mod:33277
D/RestoreUtil(  930): entry name = com.tencent.mobileqq/dataSource/files/bubble_info/12/yuanbao/0002.png
D/LocalStorageHelper(  930): createFile, path = /mnt/extSdCard/.yi_backup/.backup_app/unzip/com.tencent.mobileqq/dataSource/files/bubble_info/12/yuanbao/0002.png
D/RestoreUtil(  930): decompressZip() file:/mnt/extSdCard/.yi_backup/.backup_app/unzip/com.tencent.mobileqq/dataSource/files/bubble_info/12/yuanbao/0002.png mod:33277
D/RestoreUtil(  930): entry name = com.tencent.mobileqq/dataSource/files/bubble_info/12/yuanbao/0003.png
D/LocalStorageHelper(  930): createFile, path = /mnt/extSdCard/.yi_backup/.backup_app/unzip/com.tencent.mobileqq/dataSource/files/bubble_info/12/yuanbao/0003.png
D/RestoreUtil(  930): decompressZip() file:/mnt/extSdCard/.yi_backup/.backup_app/unzip/com.tencent.mobileqq/dataSource/files/bubble_info/12/yuanbao/0003.png mod:33277
D/RestoreUtil(  930): entry name = com.tencent.mobileqq/dataSource/files/bubble_info/12/yuanbao/0004.png
D/LocalStorageHelper(  930): createFile, path = /mnt/extSdCard/.yi_backup/.backup_app/unzip/com.tencent.mobileqq/dataSource/files/bubble_info/12/yuanbao/0004.png
D/RestoreUtil(  930): decompressZip() file:/mnt/extSdCard/.yi_backup/.backup_app/unzip/com.tencent.mobileqq/dataSource/files/bubble_info/12/yuanbao/0004.png mod:33277
D/RestoreUtil(  930): entry name = com.tencent.mobileqq/dataSource/files/bubble_info/12/yuanbao/0005.png
D/LocalStorageHelper(  930): createFile, path = /mnt/extSdCard/.yi_backup/.backup_app/unzip/com.tencent.mobileqq/dataSource/files/bubble_info/12/yuanbao/0005.png
D/RestoreUtil(  930): decompressZip() file:/mnt/extSdCard/.yi_backup/.backup_app/unzip/com.tencent.mobileqq/dataSource/files/bubble_info/12/yuanbao/0005.png mod:33277
D/RestoreUtil(  930): entry name = com.tencent.mobileqq/dataSource/files/bubble_info/12/yuanbao/0006.png
D/LocalStorageHelper(  930): createFile, path = /mnt/extSdCard/.yi_backup/.backup_app/unzip/com.tencent.mobileqq/dataSource/files/bubble_info/12/yuanbao/0006.png
D/RestoreUtil(  930): decompressZip() file:/mnt/extSdCard/.yi_backup/.backup_app/unzip/com.tencent.mobileqq/dataSource/files/bubble_info/12/yuanbao/0006.png mod:33277
D/RestoreUtil(  930): entry name = com.tencent.mobileqq/dataSource/files/bubble_info/12/yuanbao/0007.png
D/LocalStorageHelper(  930): createFile, path = /mnt/extSdCard/.yi_backup/.backup_app/unzip/com.tencent.mobileqq/dataSource/files/bubble_info/12/yuanbao/0007.png
D/RestoreUtil(  930): decompressZip() file:/mnt/extSdCard/.yi_backup/.backup_app/unzip/com.tencent.mobileqq/dataSource/files/bubble_info/12/yuanbao/0007.png mod:33277
D/RestoreUtil(  930): entry name = com.tencent.mobileqq/dataSource/files/bubble_info/12/yuanbao/0008.png
D/LocalStorageHelper(  930): createFile, path = /mnt/extSdCard/.yi_backup/.backup_app/unzip/com.tencent.mobileqq/dataSource/files/bubble_info/12/yuanbao/0008.png
D/RestoreUtil(  930): decompressZip() file:/mnt/extSdCard/.yi_backup/.backup_app/unzip/com.tencent.mobileqq/dataSource/files/bubble_info/12/yuanbao/0008.png mod:33277
D/RestoreUtil(  930): entry name = com.tencent.mobileqq/dataSource/files/bubble_info/12/yuanbao/0009.png
D/LocalStorageHelper(  930): createFile, path = /mnt/extSdCard/.yi_backup/.backup_app/unzip/com.tencent.mobileqq/dataSource/files/bubble_info/12/yuanbao/0009.png
D/RestoreUtil(  930): decompressZip() file:/mnt/extSdCard/.yi_backup/.backup_app/unzip/com.tencent.mobileqq/dataSource/files/bubble_info/12/yuanbao/0009.png mod:33277
D/RestoreUtil(  930): entry name = com.tencent.mobileqq/dataSource/files/bubble_info/12/yuanbao/0010.png
D/LocalStorageHelper(  930): createFile, path = /mnt/extSdCard/.yi_backup/.backup_app/unzip/com.tencent.mobileqq/dataSource/files/bubble_info/12/yuanbao/0010.png
D/RestoreUtil(  930): decompressZip() file:/mnt/extSdCard/.yi_backup/.backup_app/unzip/com.tencent.mobileqq/dataSource/files/bubble_info/12/yuanbao/0010.png mod:33277
D/RestoreUtil(  930): entry name = com.tencent.mobileqq/dataSource/files/bubble_info/12/yuanbao/0011.png
D/LocalStorageHelper(  930): createFile, path = /mnt/extSdCard/.yi_backup/.backup_app/unzip/com.tencent.mobileqq/dataSource/files/bubble_info/12/yuanbao/0011.png
D/RestoreUtil(  930): decompressZip() file:/mnt/extSdCard/.yi_backup/.backup_app/unzip/com.tencent.mobileqq/dataSource/files/bubble_info/12/yuanbao/0011.png mod:33277
D/RestoreUtil(  930): entry name = com.tencent.mobileqq/dataSource/files/bubble_info/24/config.json
D/LocalStorageHelper(  930): createFile, path = /mnt/extSdCard/.yi_backup/.backup_app/unzip/com.tencent.mobileqq/dataSource/files/bubble_info/24/config.json
D/RestoreUtil(  930): decompressZip() file:/mnt/extSdCard/.yi_backup/.backup_app/unzip/com.tencent.mobileqq/dataSource/files/bubble_info/24/config.json mod:33277
D/RestoreUtil(  930): entry name = com.tencent.mobileqq/dataSource/files/bubble_info/24/static/aio_user_bg_nor.9.png
D/LocalStorageHelper(  930): createFile, path = /mnt/extSdCard/.yi_backup/.backup_app/unzip/com.tencent.mobileqq/dataSource/files/bubble_info/24/static/aio_user_bg_nor.9.png
D/RestoreUtil(  930): decompressZip() file:/mnt/extSdCard/.yi_backup/.backup_app/unzip/com.tencent.mobileqq/dataSource/files/bubble_info/24/static/aio_user_bg_nor.9.png mod:33277
D/RestoreUtil(  930): entry name = com.tencent.mobileqq/dataSource/files/bubble_info/24/static/aio_user_pic_nor.9.png
D/LocalStorageHelper(  930): createFile, path = /mnt/extSdCard/.yi_backup/.backup_app/unzip/com.tencent.mobileqq/dataSource/files/bubble_info/24/static/aio_user_pic_nor.9.png
D/RestoreUtil(  930): decompressZip() file:/mnt/extSdCard/.yi_backup/.backup_app/unzip/com.tencent.mobileqq/dataSource/files/bubble_info/24/static/aio_user_pic_nor.9.png mod:33277
D/RestoreUtil(  930): entry name = com.tencent.mobileqq/dataSource/files/bubble_info/24/static/chat_bubble_thumbnail.png
D/LocalStorageHelper(  930): createFile, path = /mnt/extSdCard/.yi_backup/.backup_app/unzip/com.tencent.mobileqq/dataSource/files/bubble_info/24/static/chat_bubble_thumbnail.png
D/RestoreUtil(  930): decompressZip() file:/mnt/extSdCard/.yi_backup/.backup_app/unzip/com.tencent.mobileqq/dataSource/files/bubble_info/24/static/chat_bubble_thumbnail.png mod:33277
D/RestoreUtil(  930): entry name = com.tencent.mobileqq/dataSource/files/bubble_info/25/config.json
D/LocalStorageHelper(  930): createFile, path = /mnt/extSdCard/.yi_backup/.backup_app/unzip/com.tencent.mobileqq/dataSource/files/bubble_info/25/config.json
D/RestoreUtil(  930): decompressZip() file:/mnt/extSdCard/.yi_backup/.backup_app/unzip/com.tencent.mobileqq/dataSource/files/bubble_info/25/config.json mod:33277
D/RestoreUtil(  930): entry name = com.tencent.mobileqq/dataSource/files/bubble_info/25/static/aio_user_bg_nor.9.png
D/LocalStorageHelper(  930): createFile, path = /mnt/extSdCard/.yi_backup/.backup_app/unzip/com.tencent.mobileqq/dataSource/files/bubble_info/25/static/aio_user_bg_nor.9.png
D/RestoreUtil(  930): decompressZip() file:/mnt/extSdCard/.yi_backup/.backup_app/unzip/com.tencent.mobileqq/dataSource/files/bubble_info/25/static/aio_user_bg_nor.9.png mod:33277
D/RestoreUtil(  930): entry name = com.tencent.mobileqq/dataSource/files/bubble_info/25/static/aio_user_pic_nor.9.png
D/LocalStorageHelper(  930): createFile, path = /mnt/extSdCard/.yi_backup/.backup_app/unzip/com.tencent.mobileqq/dataSource/files/bubble_info/25/static/aio_user_pic_nor.9.png
D/RestoreUtil(  930): decompressZip() file:/mnt/extSdCard/.yi_backup/.backup_app/unzip/com.tencent.mobileqq/dataSource/files/bubble_info/25/static/aio_user_pic_nor.9.png mod:33277
D/RestoreUtil(  930): entry name = com.tencent.mobileqq/dataSource/files/bubble_info/25/static/chat_bubble_thumbnail.png
D/LocalStorageHelper(  930): createFile, path = /mnt/extSdCard/.yi_backup/.backup_app/unzip/com.tencent.mobileqq/dataSource/files/bubble_info/25/static/chat_bubble_thumbnail.png
D/RestoreUtil(  930): decompressZip() file:/mnt/extSdCard/.yi_backup/.backup_app/unzip/com.tencent.mobileqq/dataSource/files/bubble_info/25/static/chat_bubble_thumbnail.png mod:33277
D/RestoreUtil(  930): entry name = com.tencent.mobileqq/dataSource/files/bubble_info/26/config.json
D/LocalStorageHelper(  930): createFile, path = /mnt/extSdCard/.yi_backup/.backup_app/unzip/com.tencent.mobileqq/dataSource/files/bubble_info/26/config.json
D/RestoreUtil(  930): decompressZip() file:/mnt/extSdCard/.yi_backup/.backup_app/unzip/com.tencent.mobileqq/dataSource/files/bubble_info/26/config.json mod:33277
D/RestoreUtil(  930): entry name = com.tencent.mobileqq/dataSource/files/bubble_info/26/static/aio_user_bg_nor.9.png
D/LocalStorageHelper(  930): createFile, path = /mnt/extSdCard/.yi_backup/.backup_app/unzip/com.tencent.mobileqq/dataSource/files/bubble_info/26/static/aio_user_bg_nor.9.png
D/RestoreUtil(  930): decompressZip() file:/mnt/extSdCard/.yi_backup/.backup_app/unzip/com.tencent.mobileqq/dataSource/files/bubble_info/26/static/aio_user_bg_nor.9.png mod:33277
D/RestoreUtil(  930): entry name = com.tencent.mobileqq/dataSource/files/bubble_info/26/static/aio_user_pic_nor.9.png
D/LocalStorageHelper(  930): createFile, path = /mnt/extSdCard/.yi_backup/.backup_app/unzip/com.tencent.mobileqq/dataSource/files/bubble_info/26/static/aio_user_pic_nor.9.png
D/RestoreUtil(  930): decompressZip() file:/mnt/extSdCard/.yi_backup/.backup_app/unzip/com.tencent.mobileqq/dataSource/files/bubble_info/26/static/aio_user_pic_nor.9.png mod:33277
D/RestoreUtil(  930): entry name = com.tencent.mobileqq/dataSource/files/bubble_info/26/static/chat_bubble_thumbnail.png
D/LocalStorageHelper(  930): createFile, path = /mnt/extSdCard/.yi_backup/.backup_app/unzip/com.tencent.mobileqq/dataSource/files/bubble_info/26/static/chat_bubble_thumbnail.png
D/RestoreUtil(  930): decompressZip() file:/mnt/extSdCard/.yi_backup/.backup_app/unzip/com.tencent.mobileqq/dataSource/files/bubble_info/26/static/chat_bubble_thumbnail.png mod:33277
D/RestoreUtil(  930): entry name = com.tencent.mobileqq/dataSource/files/bubble_info/43/config.json
D/LocalStorageHelper(  930): createFile, path = /mnt/extSdCard/.yi_backup/.backup_app/unzip/com.tencent.mobileqq/dataSource/files/bubble_info/43/config.json
I/Surface (  373): Surface_lockCanvas
D/RestoreUtil(  930): decompressZip() file:/mnt/extSdCard/.yi_backup/.backup_app/unzip/com.tencent.mobileqq/dataSource/files/bubble_info/43/config.json mod:33277
D/RestoreUtil(  930): entry name = com.tencent.mobileqq/dataSource/files/bubble_info/43/static/aio_user_bg_nor.9.png
D/LocalStorageHelper(  930): createFile, path = /mnt/extSdCard/.yi_backup/.backup_app/unzip/com.tencent.mobileqq/dataSource/files/bubble_info/43/static/aio_user_bg_nor.9.png
D/RestoreUtil(  930): decompressZip() file:/mnt/extSdCard/.yi_backup/.backup_app/unzip/com.tencent.mobileqq/dataSource/files/bubble_info/43/static/aio_user_bg_nor.9.png mod:33277
D/RestoreUtil(  930): entry name = com.tencent.mobileqq/dataSource/files/bubble_info/43/static/aio_user_pic_nor.9.png
D/LocalStorageHelper(  930): createFile, path = /mnt/extSdCard/.yi_backup/.backup_app/unzip/com.tencent.mobileqq/dataSource/files/bubble_info/43/static/aio_user_pic_nor.9.png
D/RestoreUtil(  930): decompressZip() file:/mnt/extSdCard/.yi_backup/.backup_app/unzip/com.tencent.mobileqq/dataSource/files/bubble_info/43/static/aio_user_pic_nor.9.png mod:33277
D/RestoreUtil(  930): entry name = com.tencent.mobileqq/dataSource/files/bubble_info/43/static/chat_bubble_thumbnail.png
D/LocalStorageHelper(  930): createFile, path = /mnt/extSdCard/.yi_backup/.backup_app/unzip/com.tencent.mobileqq/dataSource/files/bubble_info/43/static/chat_bubble_thumbnail.png
D/RestoreUtil(  930): decompressZip() file:/mnt/extSdCard/.yi_backup/.backup_app/unzip/com.tencent.mobileqq/dataSource/files/bubble_info/43/static/chat_bubble_thumbnail.png mod:33277
D/RestoreUtil(  930): entry name = com.tencent.mobileqq/dataSource/files/bubble_info/58/config.json
D/LocalStorageHelper(  930): createFile, path = /mnt/extSdCard/.yi_backup/.backup_app/unzip/com.tencent.mobileqq/dataSource/files/bubble_info/58/config.json
D/RestoreUtil(  930): decompressZip() file:/mnt/extSdCard/.yi_backup/.backup_app/unzip/com.tencent.mobileqq/dataSource/files/bubble_info/58/config.json mod:33277
D/RestoreUtil(  930): entry name = com.tencent.mobileqq/dataSource/files/bubble_info/58/static/aio_user_bg_nor.9.png
D/LocalStorageHelper(  930): createFile, path = /mnt/extSdCard/.yi_backup/.backup_app/unzip/com.tencent.mobileqq/dataSource/files/bubble_info/58/static/aio_user_bg_nor.9.png
D/RestoreUtil(  930): decompressZip() file:/mnt/extSdCard/.yi_backup/.backup_app/unzip/com.tencent.mobileqq/dataSource/files/bubble_info/58/static/aio_user_bg_nor.9.png mod:33277
D/RestoreUtil(  930): entry name = com.tencent.mobileqq/dataSource/files/bubble_info/58/static/aio_user_pic_nor.9.png
D/LocalStorageHelper(  930): createFile, path = /mnt/extSdCard/.yi_backup/.backup_app/unzip/com.tencent.mobileqq/dataSource/files/bubble_info/58/static/aio_user_pic_nor.9.png
D/RestoreUtil(  930): decompressZip() file:/mnt/extSdCard/.yi_backup/.backup_app/unzip/com.tencent.mobileqq/dataSource/files/bubble_info/58/static/aio_user_pic_nor.9.png mod:33277
D/RestoreUtil(  930): entry name = com.tencent.mobileqq/dataSource/files/bubble_info/58/static/chat_bubble_thumbnail.png
D/LocalStorageHelper(  930): createFile, path = /mnt/extSdCard/.yi_backup/.backup_app/unzip/com.tencent.mobileqq/dataSource/files/bubble_info/58/static/chat_bubble_thumbnail.png
D/RestoreUtil(  930): decompressZip() file:/mnt/extSdCard/.yi_backup/.backup_app/unzip/com.tencent.mobileqq/dataSource/files/bubble_info/58/static/chat_bubble_thumbnail.png mod:33277
D/RestoreUtil(  930): entry name = com.tencent.mobileqq/dataSource/files/bubble_info/67/config.json
D/LocalStorageHelper(  930): createFile, path = /mnt/extSdCard/.yi_backup/.backup_app/unzip/com.tencent.mobileqq/dataSource/files/bubble_info/67/config.json
D/RestoreUtil(  930): decompressZip() file:/mnt/extSdCard/.yi_backup/.backup_app/unzip/com.tencent.mobileqq/dataSource/files/bubble_info/67/config.json mod:33277
D/RestoreUtil(  930): entry name = com.tencent.mobileqq/dataSource/files/bubble_info/67/static/aio_user_bg_nor.9.png
D/LocalStorageHelper(  930): createFile, path = /mnt/extSdCard/.yi_backup/.backup_app/unzip/com.tencent.mobileqq/dataSource/files/bubble_info/67/static/aio_user_bg_nor.9.png
D/RestoreUtil(  930): decompressZip() file:/mnt/extSdCard/.yi_backup/.backup_app/unzip/com.tencent.mobileqq/dataSource/files/bubble_info/67/static/aio_user_bg_nor.9.png mod:33277
D/RestoreUtil(  930): entry name = com.tencent.mobileqq/dataSource/files/bubble_info/67/static/aio_user_pic_nor.9.png
D/LocalStorageHelper(  930): createFile, path = /mnt/extSdCard/.yi_backup/.backup_app/unzip/com.tencent.mobileqq/dataSource/files/bubble_info/67/static/aio_user_pic_nor.9.png
D/RestoreUtil(  930): decompressZip() file:/mnt/extSdCard/.yi_backup/.backup_app/unzip/com.tencent.mobileqq/dataSource/files/bubble_info/67/static/aio_user_pic_nor.9.png mod:33277
D/RestoreUtil(  930): entry name = com.tencent.mobileqq/dataSource/files/bubble_info/67/static/chat_bubble_thumbnail.png
D/LocalStorageHelper(  930): createFile, path = /mnt/extSdCard/.yi_backup/.backup_app/unzip/com.tencent.mobileqq/dataSource/files/bubble_info/67/static/chat_bubble_thumbnail.png
D/RestoreUtil(  930): taskState, pkg = com.UCMobile, progress = 32, result = 0
D/BackupRestoreService(  930): rstTaskProgress, pkg = com.UCMobile progress = 32 result = 0
D/BackupRestoreService(  930): calculateBackupIndex com.UCMobile, mBusyState = 3
D/BackupRestoreService(  930): getRestoreAppLabel
D/NotifierUtil(  930): showProgressNotification
D/ApplicationPolicy(  233): isStatusBarNotificationAllowed: packageName = com.baidu.backuprestore
D/STATUSBAR-NotificationService(  233): enqueueNotificationInternal - pkg:XXX.XXXXX.XXXXXXXXXXXXX, id:0
D/BackupRestoreService(  930): sendBackupRestoreState, mTaskType = 15, mProgressInfo = com.UCMobile, UC浏览器, 32, 48.61538461538461
D/com.baidu.backuprestore.UI.BackupRestoreActivity(  930): mBackupRestoreStateRev, action = com.baidu.backuprestore.State_Query
D/com.baidu.backuprestore.UI.BackupRestoreActivity(  930): mBackupRestoreStateRev, taskType = 15
D/com.baidu.backuprestore.UI.BackupRestoreActivity(  930): mProgressHandler, handleMessage and msg.what = 15
D/com.baidu.backuprestore.UI.BackupRestoreActivity(  930): onRstProgress
D/updateTaskDoingList(  930): index=7
D/updateTaskDoingList(  930): ismBlankViewFilled=true
D/FixedListViewRefreshAdapter(  930): tasking list,distance=0
D/updateTaskDoingList(  930): name=UC浏览器appInfo.progress=32
D/STATUSBAR-NotificationService(  233): Noti Alert - mSystemReady:true, AlertEnabled:true
D/RestoreUtil(  930): decompressZip() file:/mnt/extSdCard/.yi_backup/.backup_app/unzip/com.tencent.mobileqq/dataSource/files/bubble_info/67/static/chat_bubble_thumbnail.png mod:33277
D/RestoreUtil(  930): entry name = com.tencent.mobileqq/dataSource/files/bubble_info/temp/57.zip
D/LocalStorageHelper(  930): createFile, path = /mnt/extSdCard/.yi_backup/.backup_app/unzip/com.tencent.mobileqq/dataSource/files/bubble_info/temp/57.zip
D/RestoreUtil(  930): decompressZip() file:/mnt/extSdCard/.yi_backup/.backup_app/unzip/com.tencent.mobileqq/dataSource/files/bubble_info/temp/57.zip mod:33277
D/RestoreUtil(  930): entry name = com.tencent.mobileqq/dataSource/files/bubble_info/temp/51.zip
D/LocalStorageHelper(  930): createFile, path = /mnt/extSdCard/.yi_backup/.backup_app/unzip/com.tencent.mobileqq/dataSource/files/bubble_info/temp/51.zip
V/AlarmManager(  233): waitForAlarm result :8
W/AlarmManager(  233): FACTORY_ON= 0
D/RestoreUtil(  930): decompressZip() file:/mnt/extSdCard/.yi_backup/.backup_app/unzip/com.tencent.mobileqq/dataSource/files/bubble_info/temp/51.zip mod:33277
D/RestoreUtil(  930): entry name = com.tencent.mobileqq/dataSource/files/bubble_info/temp/60.zip
D/LocalStorageHelper(  930): createFile, path = /mnt/extSdCard/.yi_backup/.backup_app/unzip/com.tencent.mobileqq/dataSource/files/bubble_info/temp/60.zip
D/RestoreUtil(  930): decompressZip() file:/mnt/extSdCard/.yi_backup/.backup_app/unzip/com.tencent.mobileqq/dataSource/files/bubble_info/temp/60.zip mod:33277
D/RestoreUtil(  930): entry name = com.tencent.mobileqq/dataSource/files/bubble_info/temp/81.zip
D/LocalStorageHelper(  930): createFile, path = /mnt/extSdCard/.yi_backup/.backup_app/unzip/com.tencent.mobileqq/dataSource/files/bubble_info/temp/81.zip
D/RestoreUtil(  930): decompressZip() file:/mnt/extSdCard/.yi_backup/.backup_app/unzip/com.tencent.mobileqq/dataSource/files/bubble_info/temp/81.zip mod:33277
D/RestoreUtil(  930): entry name = com.tencent.mobileqq/dataSource/files/bubble_info/temp/12.zip
D/LocalStorageHelper(  930): createFile, path = /mnt/extSdCard/.yi_backup/.backup_app/unzip/com.tencent.mobileqq/dataSource/files/bubble_info/temp/12.zip
D/RestoreUtil(  930): decompressZip() file:/mnt/extSdCard/.yi_backup/.backup_app/unzip/com.tencent.mobileqq/dataSource/files/bubble_info/temp/12.zip mod:33277
D/RestoreUtil(  930): entry name = com.tencent.mobileqq/dataSource/files/bubble_info/temp/63.zip
D/LocalStorageHelper(  930): createFile, path = /mnt/extSdCard/.yi_backup/.backup_app/unzip/com.tencent.mobileqq/dataSource/files/bubble_info/temp/63.zip
D/RestoreUtil(  930): decompressZip() file:/mnt/extSdCard/.yi_backup/.backup_app/unzip/com.tencent.mobileqq/dataSource/files/bubble_info/temp/63.zip mod:33277
D/RestoreUtil(  930): entry name = com.tencent.mobileqq/dataSource/files/bubble_info/temp/11.zip
D/LocalStorageHelper(  930): createFile, path = /mnt/extSdCard/.yi_backup/.backup_app/unzip/com.tencent.mobileqq/dataSource/files/bubble_info/temp/11.zip
D/RestoreUtil(  930): decompressZip() file:/mnt/extSdCard/.yi_backup/.backup_app/unzip/com.tencent.mobileqq/dataSource/files/bubble_info/temp/11.zip mod:33277
D/RestoreUtil(  930): entry name = com.tencent.mobileqq/dataSource/files/bubble_info/temp/25.zip
D/LocalStorageHelper(  930): createFile, path = /mnt/extSdCard/.yi_backup/.backup_app/unzip/com.tencent.mobileqq/dataSource/files/bubble_info/temp/25.zip
D/TrafficMonitorMain( 1332): performPoll mCurrentDDS = 0
D/StatusBar-TrafficView(  373): has icc card = true
V/com.baidu.trafficmonitor.widget.provider.TrafficMonitorWidgetProvider( 1332): onReceive : com.baidu.trafficmonitor.widget.provider.TrafficMonitorWidgetProvider@40f9da10 mReceiveBroadcastNum : 63
V/com.baidu.trafficmonitor.widget.provider.TrafficMonitorWidgetProvider( 1332): ACTION_NETWORK_STATS_UPDATE_WIDGET msg arrivied
E/com.baidu.trafficmonitor.widget.provider.TrafficMonitorWidgetProvider( 1332):  simInfo is null
D/RestoreUtil(  930): decompressZip() file:/mnt/extSdCard/.yi_backup/.backup_app/unzip/com.tencent.mobileqq/dataSource/files/bubble_info/temp/25.zip mod:33277
D/RestoreUtil(  930): entry name = com.tencent.mobileqq/dataSource/files/bubble_info/temp/56.zip
D/LocalStorageHelper(  930): createFile, path = /mnt/extSdCard/.yi_backup/.backup_app/unzip/com.tencent.mobileqq/dataSource/files/bubble_info/temp/56.zip
D/RestoreUtil(  930): decompressZip() file:/mnt/extSdCard/.yi_backup/.backup_app/unzip/com.tencent.mobileqq/dataSource/files/bubble_info/temp/56.zip mod:33277
D/RestoreUtil(  930): entry name = com.tencent.mobileqq/dataSource/files/bubble_info/temp/85.zip
D/LocalStorageHelper(  930): createFile, path = /mnt/extSdCard/.yi_backup/.backup_app/unzip/com.tencent.mobileqq/dataSource/files/bubble_info/temp/85.zip
D/RestoreUtil(  930): decompressZip() file:/mnt/extSdCard/.yi_backup/.backup_app/unzip/com.tencent.mobileqq/dataSource/files/bubble_info/temp/85.zip mod:33277
D/RestoreUtil(  930): entry name = com.tencent.mobileqq/dataSource/files/bubble_info/temp/66.zip
D/LocalStorageHelper(  930): createFile, path = /mnt/extSdCard/.yi_backup/.backup_app/unzip/com.tencent.mobileqq/dataSource/files/bubble_info/temp/66.zip
D/RestoreUtil(  930): decompressZip() file:/mnt/extSdCard/.yi_backup/.backup_app/unzip/com.tencent.mobileqq/dataSource/files/bubble_info/temp/66.zip mod:33277
D/RestoreUtil(  930): entry name = com.tencent.mobileqq/dataSource/files/bubble_info/temp/41.zip
D/LocalStorageHelper(  930): createFile, path = /mnt/extSdCard/.yi_backup/.backup_app/unzip/com.tencent.mobileqq/dataSource/files/bubble_info/temp/41.zip
D/RestoreUtil(  930): decompressZip() file:/mnt/extSdCard/.yi_backup/.backup_app/unzip/com.tencent.mobileqq/dataSource/files/bubble_info/temp/41.zip mod:33277
D/RestoreUtil(  930): entry name = com.tencent.mobileqq/dataSource/files/bubble_info/temp/30.zip
D/LocalStorageHelper(  930): createFile, path = /mnt/extSdCard/.yi_backup/.backup_app/unzip/com.tencent.mobileqq/dataSource/files/bubble_info/temp/30.zip
D/RestoreUtil(  930): decompressZip() file:/mnt/extSdCard/.yi_backup/.backup_app/unzip/com.tencent.mobileqq/dataSource/files/bubble_info/temp/30.zip mod:33277
D/RestoreUtil(  930): entry name = com.tencent.mobileqq/dataSource/files/bubble_info/temp/78.zip
D/LocalStorageHelper(  930): createFile, path = /mnt/extSdCard/.yi_backup/.backup_app/unzip/com.tencent.mobileqq/dataSource/files/bubble_info/temp/78.zip
D/RestoreUtil(  930): decompressZip() file:/mnt/extSdCard/.yi_backup/.backup_app/unzip/com.tencent.mobileqq/dataSource/files/bubble_info/temp/78.zip mod:33277
D/RestoreUtil(  930): entry name = com.tencent.mobileqq/dataSource/files/bubble_info/temp/87.zip
D/LocalStorageHelper(  930): createFile, path = /mnt/extSdCard/.yi_backup/.backup_app/unzip/com.tencent.mobileqq/dataSource/files/bubble_info/temp/87.zip
D/RestoreUtil(  930): decompressZip() file:/mnt/extSdCard/.yi_backup/.backup_app/unzip/com.tencent.mobileqq/dataSource/files/bubble_info/temp/87.zip mod:33277
D/RestoreUtil(  930): entry name = com.tencent.mobileqq/dataSource/files/bubble_info/temp/89.zip
D/LocalStorageHelper(  930): createFile, path = /mnt/extSdCard/.yi_backup/.backup_app/unzip/com.tencent.mobileqq/dataSource/files/bubble_info/temp/89.zip
D/RestoreUtil(  930): decompressZip() file:/mnt/extSdCard/.yi_backup/.backup_app/unzip/com.tencent.mobileqq/dataSource/files/bubble_info/temp/89.zip mod:33277
D/RestoreUtil(  930): entry name = com.tencent.mobileqq/dataSource/files/bubble_info/temp/79.zip
D/LocalStorageHelper(  930): createFile, path = /mnt/extSdCard/.yi_backup/.backup_app/unzip/com.tencent.mobileqq/dataSource/files/bubble_info/temp/79.zip
D/RestoreUtil(  930): decompressZip() file:/mnt/extSdCard/.yi_backup/.backup_app/unzip/com.tencent.mobileqq/dataSource/files/bubble_info/temp/79.zip mod:33277
D/RestoreUtil(  930): entry name = com.tencent.mobileqq/dataSource/files/bubble_info/temp/83.zip
D/LocalStorageHelper(  930): createFile, path = /mnt/extSdCard/.yi_backup/.backup_app/unzip/com.tencent.mobileqq/dataSource/files/bubble_info/temp/83.zip
D/RestoreUtil(  930): decompressZip() file:/mnt/extSdCard/.yi_backup/.backup_app/unzip/com.tencent.mobileqq/dataSource/files/bubble_info/temp/83.zip mod:33277
D/RestoreUtil(  930): entry name = com.tencent.mobileqq/dataSource/files/bubble_info/temp/62.zip
D/LocalStorageHelper(  930): createFile, path = /mnt/extSdCard/.yi_backup/.backup_app/unzip/com.tencent.mobileqq/dataSource/files/bubble_info/temp/62.zip
D/RestoreUtil(  930): decompressZip() file:/mnt/extSdCard/.yi_backup/.backup_app/unzip/com.tencent.mobileqq/dataSource/files/bubble_info/temp/62.zip mod:33277
D/RestoreUtil(  930): entry name = com.tencent.mobileqq/dataSource/files/bubble_info/temp/71.zip
D/LocalStorageHelper(  930): createFile, path = /mnt/extSdCard/.yi_backup/.backup_app/unzip/com.tencent.mobileqq/dataSource/files/bubble_info/temp/71.zip
D/RestoreUtil(  930): decompressZip() file:/mnt/extSdCard/.yi_backup/.backup_app/unzip/com.tencent.mobileqq/dataSource/files/bubble_info/temp/71.zip mod:33277
D/RestoreUtil(  930): entry name = com.tencent.mobileqq/dataSource/files/bubble_info/temp/20.zip
D/LocalStorageHelper(  930): createFile, path = /mnt/extSdCard/.yi_backup/.backup_app/unzip/com.tencent.mobileqq/dataSource/files/bubble_info/temp/20.zip
D/RestoreUtil(  930): decompressZip() file:/mnt/extSdCard/.yi_backup/.backup_app/unzip/com.tencent.mobileqq/dataSource/files/bubble_info/temp/20.zip mod:33277
D/RestoreUtil(  930): entry name = com.tencent.mobileqq/dataSource/files/bubble_info/temp/77.zip
D/LocalStorageHelper(  930): createFile, path = /mnt/extSdCard/.yi_backup/.backup_app/unzip/com.tencent.mobileqq/dataSource/files/bubble_info/temp/77.zip
D/RestoreUtil(  930): decompressZip() file:/mnt/extSdCard/.yi_backup/.backup_app/unzip/com.tencent.mobileqq/dataSource/files/bubble_info/temp/77.zip mod:33277
D/RestoreUtil(  930): entry name = com.tencent.mobileqq/dataSource/files/bubble_info/temp/8.zip
D/LocalStorageHelper(  930): createFile, path = /mnt/extSdCard/.yi_backup/.backup_app/unzip/com.tencent.mobileqq/dataSource/files/bubble_info/temp/8.zip
D/RestoreUtil(  930): decompressZip() file:/mnt/extSdCard/.yi_backup/.backup_app/unzip/com.tencent.mobileqq/dataSource/files/bubble_info/temp/8.zip mod:33277
D/RestoreUtil(  930): entry name = com.tencent.mobileqq/dataSource/files/bubble_info/temp/76.zip
D/LocalStorageHelper(  930): createFile, path = /mnt/extSdCard/.yi_backup/.backup_app/unzip/com.tencent.mobileqq/dataSource/files/bubble_info/temp/76.zip
D/RestoreUtil(  930): decompressZip() file:/mnt/extSdCard/.yi_backup/.backup_app/unzip/com.tencent.mobileqq/dataSource/files/bubble_info/temp/76.zip mod:33277
D/RestoreUtil(  930): entry name = com.tencent.mobileqq/dataSource/files/bubble_info/84/config.json
D/LocalStorageHelper(  930): createFile, path = /mnt/extSdCard/.yi_backup/.backup_app/unzip/com.tencent.mobileqq/dataSource/files/bubble_info/84/config.json
D/RestoreUtil(  930): decompressZip() file:/mnt/extSdCard/.yi_backup/.backup_app/unzip/com.tencent.mobileqq/dataSource/files/bubble_info/84/config.json mod:33277
D/RestoreUtil(  930): entry name = com.tencent.mobileqq/dataSource/files/bubble_info/84/static/aio_user_bg_nor.9.png
D/LocalStorageHelper(  930): createFile, path = /mnt/extSdCard/.yi_backup/.backup_app/unzip/com.tencent.mobileqq/dataSource/files/bubble_info/84/static/aio_user_bg_nor.9.png
D/RestoreUtil(  930): decompressZip() file:/mnt/extSdCard/.yi_backup/.backup_app/unzip/com.tencent.mobileqq/dataSource/files/bubble_info/84/static/aio_user_bg_nor.9.png mod:33277
D/RestoreUtil(  930): entry name = com.tencent.mobileqq/dataSource/files/bubble_info/84/static/aio_user_pic_nor.9.png
D/LocalStorageHelper(  930): createFile, path = /mnt/extSdCard/.yi_backup/.backup_app/unzip/com.tencent.mobileqq/dataSource/files/bubble_info/84/static/aio_user_pic_nor.9.png
D/RestoreUtil(  930): decompressZip() file:/mnt/extSdCard/.yi_backup/.backup_app/unzip/com.tencent.mobileqq/dataSource/files/bubble_info/84/static/aio_user_pic_nor.9.png mod:33277
D/RestoreUtil(  930): entry name = com.tencent.mobileqq/dataSource/files/bubble_info/84/static/chat_bubble_thumbnail.png
D/LocalStorageHelper(  930): createFile, path = /mnt/extSdCard/.yi_backup/.backup_app/unzip/com.tencent.mobileqq/dataSource/files/bubble_info/84/static/chat_bubble_thumbnail.png
D/RestoreUtil(  930): decompressZip() file:/mnt/extSdCard/.yi_backup/.backup_app/unzip/com.tencent.mobileqq/dataSource/files/bubble_info/84/static/chat_bubble_thumbnail.png mod:33277
D/RestoreUtil(  930): entry name = com.tencent.mobileqq/dataSource/files/bubble_info/84/xiaotuanyuan/0001.png
D/LocalStorageHelper(  930): createFile, path = /mnt/extSdCard/.yi_backup/.backup_app/unzip/com.tencent.mobileqq/dataSource/files/bubble_info/84/xiaotuanyuan/0001.png
D/RestoreUtil(  930): taskState, pkg = com.UCMobile, progress = 33, result = 0
D/BackupRestoreService(  930): rstTaskProgress, pkg = com.UCMobile progress = 33 result = 0
D/BackupRestoreService(  930): calculateBackupIndex com.UCMobile, mBusyState = 3
D/BackupRestoreService(  930): getRestoreAppLabel
D/NotifierUtil(  930): showProgressNotification
D/ApplicationPolicy(  233): isStatusBarNotificationAllowed: packageName = com.baidu.backuprestore
D/STATUSBAR-NotificationService(  233): enqueueNotificationInternal - pkg:XXX.XXXXX.XXXXXXXXXXXXX, id:0
D/BackupRestoreService(  930): sendBackupRestoreState, mTaskType = 15, mProgressInfo = com.UCMobile, UC浏览器, 33, 48.69230769230769
D/com.baidu.backuprestore.UI.BackupRestoreActivity(  930): mBackupRestoreStateRev, action = com.baidu.backuprestore.State_Query
D/STATUSBAR-NotificationService(  233): Noti Alert - mSystemReady:true, AlertEnabled:true
D/com.baidu.backuprestore.UI.BackupRestoreActivity(  930): mBackupRestoreStateRev, taskType = 15
D/com.baidu.backuprestore.UI.BackupRestoreActivity(  930): mProgressHandler, handleMessage and msg.what = 15
D/com.baidu.backuprestore.UI.BackupRestoreActivity(  930): onRstProgress
D/updateTaskDoingList(  930): index=7
D/updateTaskDoingList(  930): ismBlankViewFilled=true
D/FixedListViewRefreshAdapter(  930): tasking list,distance=0
D/updateTaskDoingList(  930): name=UC浏览器appInfo.progress=33
D/RestoreUtil(  930): decompressZip() file:/mnt/extSdCard/.yi_backup/.backup_app/unzip/com.tencent.mobileqq/dataSource/files/bubble_info/84/xiaotuanyuan/0001.png mod:33277
D/RestoreUtil(  930): entry name = com.tencent.mobileqq/dataSource/files/bubble_info/84/xiaotuanyuan/0002.png
D/LocalStorageHelper(  930): createFile, path = /mnt/extSdCard/.yi_backup/.backup_app/unzip/com.tencent.mobileqq/dataSource/files/bubble_info/84/xiaotuanyuan/0002.png
D/RestoreUtil(  930): decompressZip() file:/mnt/extSdCard/.yi_backup/.backup_app/unzip/com.tencent.mobileqq/dataSource/files/bubble_info/84/xiaotuanyuan/0002.png mod:33277
D/RestoreUtil(  930): entry name = com.tencent.mobileqq/dataSource/files/bubble_info/84/xiaotuanyuan/0003.png
D/LocalStorageHelper(  930): createFile, path = /mnt/extSdCard/.yi_backup/.backup_app/unzip/com.tencent.mobileqq/dataSource/files/bubble_info/84/xiaotuanyuan/0003.png
D/RestoreUtil(  930): decompressZip() file:/mnt/extSdCard/.yi_backup/.backup_app/unzip/com.tencent.mobileqq/dataSource/files/bubble_info/84/xiaotuanyuan/0003.png mod:33277
D/RestoreUtil(  930): entry name = com.tencent.mobileqq/dataSource/files/bubble_info/84/xiaotuanyuan/0004.png
D/LocalStorageHelper(  930): createFile, path = /mnt/extSdCard/.yi_backup/.backup_app/unzip/com.tencent.mobileqq/dataSource/files/bubble_info/84/xiaotuanyuan/0004.png
D/RestoreUtil(  930): decompressZip() file:/mnt/extSdCard/.yi_backup/.backup_app/unzip/com.tencent.mobileqq/dataSource/files/bubble_info/84/xiaotuanyuan/0004.png mod:33277
D/RestoreUtil(  930): entry name = com.tencent.mobileqq/dataSource/files/bubble_info/84/xiaotuanyuan/0005.png
D/LocalStorageHelper(  930): createFile, path = /mnt/extSdCard/.yi_backup/.backup_app/unzip/com.tencent.mobileqq/dataSource/files/bubble_info/84/xiaotuanyuan/0005.png
D/RestoreUtil(  930): decompressZip() file:/mnt/extSdCard/.yi_backup/.backup_app/unzip/com.tencent.mobileqq/dataSource/files/bubble_info/84/xiaotuanyuan/0005.png mod:33277
D/RestoreUtil(  930): entry name = com.tencent.mobileqq/dataSource/files/bubble_info/84/xiaotuanyuan/0006.png
D/LocalStorageHelper(  930): createFile, path = /mnt/extSdCard/.yi_backup/.backup_app/unzip/com.tencent.mobileqq/dataSource/files/bubble_info/84/xiaotuanyuan/0006.png
D/RestoreUtil(  930): decompressZip() file:/mnt/extSdCard/.yi_backup/.backup_app/unzip/com.tencent.mobileqq/dataSource/files/bubble_info/84/xiaotuanyuan/0006.png mod:33277
D/RestoreUtil(  930): entry name = com.tencent.mobileqq/dataSource/files/bubble_info/84/xiaotuanyuan/0007.png
D/LocalStorageHelper(  930): createFile, path = /mnt/extSdCard/.yi_backup/.backup_app/unzip/com.tencent.mobileqq/dataSource/files/bubble_info/84/xiaotuanyuan/0007.png
D/RestoreUtil(  930): decompressZip() file:/mnt/extSdCard/.yi_backup/.backup_app/unzip/com.tencent.mobileqq/dataSource/files/bubble_info/84/xiaotuanyuan/0007.png mod:33277
D/RestoreUtil(  930): entry name = com.tencent.mobileqq/dataSource/files/bubble_info/84/xiaotuanyuan/0008.png
D/LocalStorageHelper(  930): createFile, path = /mnt/extSdCard/.yi_backup/.backup_app/unzip/com.tencent.mobileqq/dataSource/files/bubble_info/84/xiaotuanyuan/0008.png
D/RestoreUtil(  930): decompressZip() file:/mnt/extSdCard/.yi_backup/.backup_app/unzip/com.tencent.mobileqq/dataSource/files/bubble_info/84/xiaotuanyuan/0008.png mod:33277
D/RestoreUtil(  930): entry name = com.tencent.mobileqq/dataSource/files/bubble_info/84/xiaotuanyuan/0009.png
D/LocalStorageHelper(  930): createFile, path = /mnt/extSdCard/.yi_backup/.backup_app/unzip/com.tencent.mobileqq/dataSource/files/bubble_info/84/xiaotuanyuan/0009.png
D/RestoreUtil(  930): decompressZip() file:/mnt/extSdCard/.yi_backup/.backup_app/unzip/com.tencent.mobileqq/dataSource/files/bubble_info/84/xiaotuanyuan/0009.png mod:33277
D/RestoreUtil(  930): entry name = com.tencent.mobileqq/dataSource/files/bubble_info/84/xiaotuanyuan/0010.png
D/LocalStorageHelper(  930): createFile, path = /mnt/extSdCard/.yi_backup/.backup_app/unzip/com.tencent.mobileqq/dataSource/files/bubble_info/84/xiaotuanyuan/0010.png
D/RestoreUtil(  930): decompressZip() file:/mnt/extSdCard/.yi_backup/.backup_app/unzip/com.tencent.mobileqq/dataSource/files/bubble_info/84/xiaotuanyuan/0010.png mod:33277
